/__w/canudax-tests/workspace/simulations/TestJob01_temp_2/output-0000/TEST/sim/CanudaX_BSSNMoL
Preparing:
+ set -e
+ cd output-0000-active
+ echo Checking:
Checking:
+ pwd
/__w/canudax-tests/workspace/simulations/TestJob01_temp_2/output-0000/TEST/sim/CanudaX_BSSNMoL/output-0000-active
+ hostname
e84ac1df48bf
+ date
Tue Feb 17 09:07:02 PM UTC 2026
+ echo Environment:
Environment:
+ export SIMULATION_ID=simulation-TestJob01_temp_2-actions-cpu-real64-actions-root-2026.02.17-21.07.02-14236
+ SIMULATION_ID=simulation-TestJob01_temp_2-actions-cpu-real64-actions-root-2026.02.17-21.07.02-14236
+ export CACTUS_NUM_PROCS=2
+ CACTUS_NUM_PROCS=2
+ export CACTUS_NUM_THREADS=1
+ CACTUS_NUM_THREADS=1
+ export CACTUS_SET_THREAD_BINDINGS=0
+ CACTUS_SET_THREAD_BINDINGS=0
+ export GLIBCXX_FORCE_NEW=1
+ GLIBCXX_FORCE_NEW=1
+ export GMON_OUT_PREFIX=gmon.out
+ GMON_OUT_PREFIX=gmon.out
+ export OMP_DISPLAY_ENV=TRUE
+ OMP_DISPLAY_ENV=TRUE
+ export OMP_MAX_TASKS=100
+ OMP_MAX_TASKS=100
+ export OMP_NUM_THREADS=1
+ OMP_NUM_THREADS=1
+ export OMP_PLACES=cores
+ OMP_PLACES=cores
+ export OMP_PROC_BIND=FALSE
+ OMP_PROC_BIND=FALSE
+ export OMP_STACKSIZE=8192
+ OMP_STACKSIZE=8192
+ env
+ sort
+ echo Starting:
Starting:
++ date +%s
+ export CACTUS_STARTTIME=1771362422
+ CACTUS_STARTTIME=1771362422
+ mpiexec -n 2 /__w/canudax-tests/workspace/simulations/TestJob01_temp_2/SIMFACTORY/exe/cactus_sim -L 3 /__w/canudax-tests/workspace/simulations/TestJob01_temp_2/output-0000/arrangements/CanudaX_Lean/CanudaX_BSSNMoL/test/gaugewave.par

OPENMP DISPLAY ENVIRONMENT BEGIN
  _OPENMP = '201511'
  [host] OMP_DYNAMIC = 'FALSE'
  [host] OMP_NESTED = 'FALSE'
  [host] OMP_NUM_THREADS = '1'
  [host] OMP_SCHEDULE = 'DYNAMIC'
  [host] OMP_PROC_BIND = 'FALSE'
  [host] OMP_PLACES = ''
  [host] OMP_STACKSIZE = '8388608'
  [host] OMP_WAIT_POLICY = 'PASSIVE'
  [host] OMP_THREAD_LIMIT = '4294967295'

OPENMP DISPLAY ENVIRONMENT BEGIN
  _OPENMP = '201511'
  [host] OMP_DYNAMIC = 'FALSE'
  [host] OMP_NESTED = 'FALSE'
  [host] OMP_NUM_THREADS = '1'
  [host] OMP_SCHEDULE = 'DYNAMIC'
  [host] OMP_PROC_BIND = 'FALSE'
  [host] OMP_PLACES = ''
  [host] OMP_STACKSIZE = '8388608'
  [host] OMP_WAIT_POLICY = 'PASSIVE'
  [host] OMP_THREAD_LIMIT = '4294967295'
  [host] OMP_MAX_ACTIVE_LEVELS = '1'
  [host] OMP_NUM_TEAMS = '0'
  [host] OMP_TEAMS_THREAD_LIMIT = '0'
  [all] OMP_CANCELLATION = 'FALSE'
  [all] OMP_DEFAULT_DEVICE = '0'
  [all] OMP_MAX_TASK_PRIORITY = '0'
  [all] OMP_DISPLAY_AFFINITY = 'FALSE'
  [host] OMP_AFFINITY_FORMAT = 'level %L thread %i affinity %A'
  [host] OMP_ALLOCATOR = 'omp_default_mem_alloc'
  [all] OMP_TARGET_OFFLOAD = 'DEFAULT'
OPENMP DISPLAY ENVIRONMENT END
  [host] OMP_MAX_ACTIVE_LEVELS = '1'
  [host] OMP_NUM_TEAMS = '0'
  [host] OMP_TEAMS_THREAD_LIMIT = '0'
  [all] OMP_CANCELLATION = 'FALSE'
  [all] OMP_DEFAULT_DEVICE = '0'
  [all] OMP_MAX_TASK_PRIORITY = '0'
  [all] OMP_DISPLAY_AFFINITY = 'FALSE'
  [host] OMP_AFFINITY_FORMAT = 'level %L thread %i affinity %A'
  [host] OMP_ALLOCATOR = 'omp_default_mem_alloc'
  [all] OMP_TARGET_OFFLOAD = 'DEFAULT'
OPENMP DISPLAY ENVIRONMENT END
INFO (Cactus): Increased logging level from 0 to 3
--------------------------------------------------------------------------------

       10                                  
  1   0101       ************************  
  01  1010 10      The Cactus Code V4.18.0    
 1010 1101 011      www.cactuscode.org     
  1001 100101    ************************  
    00010101                               
     100011     (c) Copyright The Authors  
      0100      GNU Licensed. No Warranty  
      0101                                 
--------------------------------------------------------------------------------

Cactus version:    4.18.0
Compile date:      Feb 17 2026 (21:04:01)
Run date:          Feb 17 2026 (21:07:03+0000)
Run host:          e84ac1df48bf (pid=14284)
Working directory: /__w/canudax-tests/workspace/simulations/TestJob01_temp_2/output-0000/TEST/sim/CanudaX_BSSNMoL
Executable:        /__w/canudax-tests/workspace/simulations/TestJob01_temp_2/SIMFACTORY/exe/cactus_sim
Parameter file:    /__w/canudax-tests/workspace/simulations/TestJob01_temp_2/output-0000/arrangements/CanudaX_Lean/CanudaX_BSSNMoL/test/gaugewave.par
--------------------------------------------------------------------------------

Activating thorn Cactus...Success -> active implementation Cactus
Activation requested for 
--->ADMBaseX CanudaX_BSSNMoL CanudaX_ExactID CarpetX ErrorEstimator IOUtil ODESolvers TmunuBaseX<---
Thorn ADMBaseX requests automatic activation of Loop
Thorn CanudaX_ExactID requests automatic activation of GSL
Thorn CarpetX requests automatic activation of AMReX
Thorn CarpetX requests automatic activation of MPI
Thorn CarpetX requests automatic activation of yaml_cpp
Thorn CarpetX requests automatic activation of zlib
Thorn CarpetX requests automatic activation of Arith
Thorn CarpetX requests automatic activation of CarpetXRegrid
Thorn CarpetX requests automatic activation of ADIOS2
Thorn CarpetX requests automatic activation of openPMD
Thorn CarpetX requests automatic activation of Silo
Thorn Arith requests automatic activation of NSIMD
Thorn MPI requests automatic activation of hwloc
Thorn openPMD requests automatic activation of HDF5
Activating thorn ADIOS2...Success -> active implementation ADIOS2
Activating thorn ADMBaseX...Success -> active implementation ADMBaseX
Activating thorn AMReX...Success -> active implementation AMReX
Activating thorn Arith...Success -> active implementation Arith
Activating thorn CanudaX_BSSNMoL...Success -> active implementation CanudaX_BSSNMoL
Activating thorn CanudaX_ExactID...Success -> active implementation CanudaX_ExactID
Activating thorn CarpetX...Success -> active implementation Driver
Activating thorn CarpetXRegrid...Success -> active implementation CarpetXRegrid
Activating thorn ErrorEstimator...Success -> active implementation ErrorEstimator
Activating thorn GSL...Success -> active implementation GSL
Activating thorn HDF5...Success -> active implementation HDF5
Activating thorn hwloc...Success -> active implementation hwloc
Activating thorn IOUtil...Success -> active implementation IO
Activating thorn Loop...Success -> active implementation Loop
Activating thorn MPI...Success -> active implementation MPI
Activating thorn NSIMD...Success -> active implementation NSIMD
Activating thorn ODESolvers...Success -> active implementation ODESolvers
Activating thorn openPMD...Success -> active implementation openPMD
Activating thorn Silo...Success -> active implementation Silo
Activating thorn TmunuBaseX...Success -> active implementation TmunuBaseX
Activating thorn yaml_cpp...Success -> active implementation yaml_cpp
Activating thorn zlib...Success -> active implementation zlib
--------------------------------------------------------------------------------
  if (recover initial data)
    Recover parameters
  endif

  Startup routines
    [CCTK_STARTUP]
      CarpetX::Driver_Startup: Start up the driver
      IOUtil::IOUtil_Startup: Startup routine
      GROUP hwloc_startup: hwloc startup group
        hwloc::hwloc_version: Output hwloc version

  Startup routines which need an existing grid hierarchy
    [CCTK_WRAGH]
      Arith::Test_smallvector: [meta] Test small vectors
      Arith::Test_spvect: [meta] Test sparse vectors
      ODESolvers::ODESolvers_InitConstants: [global] Set up dummy loop counters for schedule printout
  Parameter checking routines
    [CCTK_PARAMCHECK]
      CanudaX_BSSNMoL::CanudaX_BSSNMoL_paramcheck: Check CanudaX_BSSNMoL parameters for consistency

  Initialisation
    if (NOT (recover initial data AND recovery_mode is 'strict'))
      [CCTK_PREREGRIDINITIAL]
      Set up grid hierarchy
      [CCTK_POSTREGRIDINITIAL]
      [CCTK_BASEGRID]
        CarpetXRegrid::CarpetXRegrid_InitError: Initialize regridding error to zero
        GROUP ODESolvers_BaseGrid: Set up constants (e.g. coordinates) everywhere on the grid
      [CCTK_INITIAL]
        GROUP TmunuBaseX_SetTmunuVars: Schedule group for setting T_munu
          TmunuBaseX::TmunuBaseX_ZeroTmunu: Set T_munu to zero
          GROUP TmunuBaseX_AddToTmunu: Add to T_munu here
        GROUP ODESolvers_Initial: Set up initial conditions on interior of state vector
          GROUP ADMBaseX_InitialData: Schedule group for calculating ADM initial data
            GROUP ExactID_Group: ExactID initial data group
              CanudaX_ExactID::GaugeWave_ID: [local] Create gauge wave initial data
          GROUP ADMBaseX_InitialGauge: Schedule group for the ADM initial gauge condition
            ADMBaseX::ADMBaseX_initial_dtlapse: Set dtlapse to zero
            ADMBaseX::ADMBaseX_initial_dtshift: Set dtshift to zero
          GROUP ADMBaseX_PostInitial: Schedule group for modifying the ADM initial data, such as e.g. adding noise
        GROUP CanudaX_BSSNMoL_InitialGroup: CanudaX_BSSNMoL: initial bin
          CanudaX_BSSNMoL::CanudaX_BSSNMoL_adm2bssn: [local] Convert initial data into BSSN variables
          CanudaX_BSSNMoL::CanudaX_BSSNMoL_gammat: [local] Set Gammat initial data
      [CCTK_POSTINITIAL]
        ErrorEstimator::EstimateError: Estimate error
        GROUP ODESolvers_PostStep: Apply boundary conditions to state vector, and project if necessary
          GROUP CanudaX_BSSNMoL_PostStepGroup: CanudaX_BSSNMoL: post-step operations
            CanudaX_BSSNMoL::CanudaX_BSSNMoL_impose_conf_fac_floor: Make sure conformal factor does not drop below specified value
            CanudaX_BSSNMoL::CanudaX_BSSNMoL_reset_detmetric: reset dethh = 1
            CanudaX_BSSNMoL::CanudaX_BSSNMoL_remove_trA: Remove trace of A
            CanudaX_BSSNMoL::CanudaX_BSSNMoL_sync: [global] Sync state vector
            CanudaX_BSSNMoL::CanudaX_BSSNMoL_bssn2adm: [local] Convert variables back to the ADM ones
          GROUP ADMBaseX_SetADMRHS: Set ADM RHS variables in this group
          GROUP ADMBaseX_SetADMVars: Set ADM variables in this group
          GROUP TmunuBaseX_SetTmunuVars: Schedule group for setting T_munu
            TmunuBaseX::TmunuBaseX_ZeroTmunu: Set T_munu to zero
            GROUP TmunuBaseX_AddToTmunu: Add to T_munu here
        GROUP ODESolvers_EstimateError: Estimate discretization error (for regridding)
      Initialise finer grids recursively
      Restrict from finer grids
      [CCTK_POSTRESTRICTINITIAL]
      [CCTK_POSTPOSTINITIAL]
      [CCTK_POSTSTEP]
        ErrorEstimator::EstimateError: Estimate error
        GROUP ODESolvers_EstimateError: Estimate discretization error (for regridding)
    endif
    if (recover initial data)
      [CCTK_BASEGRID]
        CarpetXRegrid::CarpetXRegrid_InitError: Initialize regridding error to zero
        GROUP ODESolvers_BaseGrid: Set up constants (e.g. coordinates) everywhere on the grid
      [CCTK_RECOVER_VARIABLES]
      [CCTK_POST_RECOVER_VARIABLES]
        GROUP ODESolvers_PostStep: Apply boundary conditions to state vector, and project if necessary
          GROUP CanudaX_BSSNMoL_PostStepGroup: CanudaX_BSSNMoL: post-step operations
            CanudaX_BSSNMoL::CanudaX_BSSNMoL_impose_conf_fac_floor: Make sure conformal factor does not drop below specified value
            CanudaX_BSSNMoL::CanudaX_BSSNMoL_reset_detmetric: reset dethh = 1
            CanudaX_BSSNMoL::CanudaX_BSSNMoL_remove_trA: Remove trace of A
            CanudaX_BSSNMoL::CanudaX_BSSNMoL_sync: [global] Sync state vector
            CanudaX_BSSNMoL::CanudaX_BSSNMoL_bssn2adm: [local] Convert variables back to the ADM ones
          GROUP ADMBaseX_SetADMRHS: Set ADM RHS variables in this group
          GROUP ADMBaseX_SetADMVars: Set ADM variables in this group
          GROUP TmunuBaseX_SetTmunuVars: Schedule group for setting T_munu
            TmunuBaseX::TmunuBaseX_ZeroTmunu: Set T_munu to zero
            GROUP TmunuBaseX_AddToTmunu: Add to T_munu here
        GROUP ODESolvers_EstimateError: Estimate discretization error (for regridding)
    endif
    if (checkpoint initial data)
      [CCTK_CPINITIAL]
        CarpetX::CarpetX_CheckpointInitial: [meta] Checkpoint initial conditions
    endif
    if (analysis)
      [CCTK_ANALYSIS]
        CanudaX_BSSNMoL::CanudaX_BSSNMoL_bssn_constraints: Compute constraints
        GROUP ODESolvers_Analysis: Calculate analysis quantities everywhere
  endif
  Output grid variables

  do loop over timesteps
    [CCTK_PREREGRID]
    Change grid hierarchy
    [CCTK_POSTREGRID]
      GROUP ODESolvers_PostStep: Apply boundary conditions to state vector, and project if necessary
        GROUP CanudaX_BSSNMoL_PostStepGroup: CanudaX_BSSNMoL: post-step operations
          CanudaX_BSSNMoL::CanudaX_BSSNMoL_impose_conf_fac_floor: Make sure conformal factor does not drop below specified value
          CanudaX_BSSNMoL::CanudaX_BSSNMoL_reset_detmetric: reset dethh = 1
          CanudaX_BSSNMoL::CanudaX_BSSNMoL_remove_trA: Remove trace of A
          CanudaX_BSSNMoL::CanudaX_BSSNMoL_sync: [global] Sync state vector
          CanudaX_BSSNMoL::CanudaX_BSSNMoL_bssn2adm: [local] Convert variables back to the ADM ones
        GROUP ADMBaseX_SetADMRHS: Set ADM RHS variables in this group
        GROUP ADMBaseX_SetADMVars: Set ADM variables in this group
        GROUP TmunuBaseX_SetTmunuVars: Schedule group for setting T_munu
          TmunuBaseX::TmunuBaseX_ZeroTmunu: Set T_munu to zero
          GROUP TmunuBaseX_AddToTmunu: Add to T_munu here
    Rotate timelevels
    iteration = iteration+1
    t = t+dt
    [CCTK_PRESTEP]
    [CCTK_EVOL]
      ODESolvers::ODESolvers_Solve: [level] Solve ODEs
      while (ODESolvers::do_substeps)
        GROUP ODESolvers_CalledBySolve: Groups internally scheduled by ODESolvers_Solve
          GROUP ODESolvers_RHS: Evaluate the RHS for of state vector everywhere on the grid
            GROUP CanudaX_BSSNMoL_RHSGroup: CanudaX_BSSNMoL: calculate BSSN RHS
              CanudaX_BSSNMoL::CanudaX_BSSNMoL_calc_bssn_rhs: MoL RHS calculation
              CanudaX_BSSNMoL::CanudaX_BSSNMoL_apply_boundary_conditions: Apply radiative boundary conditions 
          GROUP ODESolvers_PostStep: Apply boundary conditions to state vector, and project if necessary
            GROUP CanudaX_BSSNMoL_PostStepGroup: CanudaX_BSSNMoL: post-step operations
              CanudaX_BSSNMoL::CanudaX_BSSNMoL_impose_conf_fac_floor: Make sure conformal factor does not drop below specified value
              CanudaX_BSSNMoL::CanudaX_BSSNMoL_reset_detmetric: reset dethh = 1
              CanudaX_BSSNMoL::CanudaX_BSSNMoL_remove_trA: Remove trace of A
              CanudaX_BSSNMoL::CanudaX_BSSNMoL_sync: [global] Sync state vector
              CanudaX_BSSNMoL::CanudaX_BSSNMoL_bssn2adm: [local] Convert variables back to the ADM ones
            GROUP ADMBaseX_SetADMRHS: Set ADM RHS variables in this group
            GROUP ADMBaseX_SetADMVars: Set ADM variables in this group
            GROUP TmunuBaseX_SetTmunuVars: Schedule group for setting T_munu
              TmunuBaseX::TmunuBaseX_ZeroTmunu: Set T_munu to zero
              GROUP TmunuBaseX_AddToTmunu: Add to T_munu here
      end while
    Evolve finer grids recursively
    Restrict from finer grids
    [CCTK_POSTRESTRICT]
      GROUP ODESolvers_PostStep: Apply boundary conditions to state vector, and project if necessary
        GROUP CanudaX_BSSNMoL_PostStepGroup: CanudaX_BSSNMoL: post-step operations
          CanudaX_BSSNMoL::CanudaX_BSSNMoL_impose_conf_fac_floor: Make sure conformal factor does not drop below specified value
          CanudaX_BSSNMoL::CanudaX_BSSNMoL_reset_detmetric: reset dethh = 1
          CanudaX_BSSNMoL::CanudaX_BSSNMoL_remove_trA: Remove trace of A
          CanudaX_BSSNMoL::CanudaX_BSSNMoL_sync: [global] Sync state vector
          CanudaX_BSSNMoL::CanudaX_BSSNMoL_bssn2adm: [local] Convert variables back to the ADM ones
        GROUP ADMBaseX_SetADMRHS: Set ADM RHS variables in this group
        GROUP ADMBaseX_SetADMVars: Set ADM variables in this group
        GROUP TmunuBaseX_SetTmunuVars: Schedule group for setting T_munu
          TmunuBaseX::TmunuBaseX_ZeroTmunu: Set T_munu to zero
          GROUP TmunuBaseX_AddToTmunu: Add to T_munu here
    [CCTK_POSTSTEP]
      ErrorEstimator::EstimateError: Estimate error
      GROUP ODESolvers_EstimateError: Estimate discretization error (for regridding)
    if (checkpoint)
      [CCTK_CHECKPOINT]
      CarpetX::CarpetX_Checkpoint: [meta] Checkpoint
    endif
    if (analysis)
      [CCTK_ANALYSIS]
      CanudaX_BSSNMoL::CanudaX_BSSNMoL_bssn_constraints: Compute constraints
      GROUP ODESolvers_Analysis: Calculate analysis quantities everywhere
    endif
    Output grid variables
    enddo

  Termination routines
    [CCTK_TERMINATE]
      CarpetX::CarpetX_CheckpointTerminate: [meta] Checkpoint before terminating

  Shutdown routines
    [CCTK_SHUTDOWN]
      CarpetX::Driver_Shutdown: [meta] Shut down the driver

  Routines run after changing the grid hierarchy:
    [CCTK_POSTREGRID]
      GROUP ODESolvers_PostStep: Apply boundary conditions to state vector, and project if necessary
        GROUP CanudaX_BSSNMoL_PostStepGroup: CanudaX_BSSNMoL: post-step operations
          CanudaX_BSSNMoL::CanudaX_BSSNMoL_impose_conf_fac_floor: Make sure conformal factor does not drop below specified value
          CanudaX_BSSNMoL::CanudaX_BSSNMoL_reset_detmetric: reset dethh = 1
          CanudaX_BSSNMoL::CanudaX_BSSNMoL_remove_trA: Remove trace of A
          CanudaX_BSSNMoL::CanudaX_BSSNMoL_sync: [global] Sync state vector
          CanudaX_BSSNMoL::CanudaX_BSSNMoL_bssn2adm: [local] Convert variables back to the ADM ones
        GROUP ADMBaseX_SetADMRHS: Set ADM RHS variables in this group
        GROUP ADMBaseX_SetADMVars: Set ADM variables in this group
        GROUP TmunuBaseX_SetTmunuVars: Schedule group for setting T_munu
          TmunuBaseX::TmunuBaseX_ZeroTmunu: Set T_munu to zero
          GROUP TmunuBaseX_AddToTmunu: Add to T_munu here
--------------------------------------------------------------------------------
INFO (hwloc): library version 2.10.0, API version 0x20800
--------------------------------------------------------------------------------

  [34m  ▕▏  [34m  ▕▏  [34m  ▕▏  [34m  ▕▏  [34m  ▕▏  [34m  ▕▏  [34m  ▕▏  [34m  ▕▏  [34m  ▕▏  [39m  
  [34m──██──[34m──██──[34m──██──[34m──██──[34m──██──[34m──██──[34m──██──[34m──██──[34m──██──[39m  
  [34m  ▕▏  [34m  ▕▏  [34m  ▕▏  [34m  ▕▏  [34m  ▕▏  [34m  ▕▏  [34m  ▕▏  [34m  ▕▏  [34m  ▕▏  [39m  
  [34m  ▕▏  [32m██████[34m  ▕▏  [34m  ▕▏  [32m██████[34m  ▕▏  [34m  ▕▏  [32m██████[34m  ▕▏  [39m  
  [34m──██──[32m██████[34m──██──[34m──██──[32m██████[34m──██──[34m──██──[32m██████[34m──██──[39m  
  [34m  ▕▏  [32m██████[34m  ▕▏  [34m  ▕▏  [32m██████[34m  ▕▏  [34m  ▕▏  [32m██████[34m  ▕▏  [39m  
  [34m  ▕▏  [34m  ▕▏  [34m  ▕▏  [34m  ▕▏  [34m  ▕▏  [34m  ▕▏  [34m  ▕▏  [34m  ▕▏  [34m  ▕▏  [39m  
  [34m──██──[34m──██──[34m──██──[34m──██──[34m──██──[34m──██──[34m──██──[34m──██──[34m──██──[39m  
  [34m  ▕▏  [34m  ▕▏  [34m  ▕▏  [34m  ▕▏  [34m  ▕▏  [34m  ▕▏  [34m  ▕▏  [34m  ▕▏  [34m  ▕▏  [39m  
  [34m  ▕▏  [34m  ▕▏  [34m  ▕▏  [31m██████[31m██████[31m██████[34m  ▕▏  [34m  ▕▏  [34m  ▕▏  [39m  
  [34m──██──[34m──██──[34m──██──[31m██████[31m██████[31m██████[34m──██──[34m──██──[34m──██──[39m  
  [34m  ▕▏  [34m  ▕▏  [34m  ▕▏  [31m██████[31m██████[31m██████[34m  ▕▏  [34m  ▕▏  [34m  ▕▏  [39m  
  [34m  ▕▏  [32m██████[34m  ▕▏  [31m██████[31m██████[31m██████[34m  ▕▏  [32m██████[34m  ▕▏  [39m  
  [34m──██──[32m██████[34m──██──[31m██████[31m██████[31m██████[34m──██──[32m██████[34m──██──[39m  
  [34m  ▕▏  [32m██████[34m  ▕▏  [31m██████[31m██████[31m██████[34m  ▕▏  [32m██████[34m  ▕▏  [39m  
  [34m  ▕▏  [34m  ▕▏  [34m  ▕▏  [31m██████[31m██████[31m██████[34m  ▕▏  [34m  ▕▏  [34m  ▕▏  [39m  
  [34m──██──[34m──██──[34m──██──[31m██████[31m██████[31m██████[34m──██──[34m──██──[34m──██──[39m  
  [34m  ▕▏  [34m  ▕▏  [34m  ▕▏  [31m██████[31m██████[31m██████[34m  ▕▏  [34m  ▕▏  [34m  ▕▏  [39m  
  [34m  ▕▏  [34m  ▕▏  [34m  ▕▏  [34m  ▕▏  [34m  ▕▏  [34m  ▕▏  [34m  ▕▏  [34m  ▕▏  [34m  ▕▏  [39m  
  [34m──██──[34m──██──[34m──██──[34m──██──[34m──██──[34m──██──[34m──██──[34m──██──[34m──██──[39m  
  [34m  ▕▏  [34m  ▕▏  [34m  ▕▏  [34m  ▕▏  [34m  ▕▏  [34m  ▕▏  [34m  ▕▏  [34m  ▕▏  [34m  ▕▏  [39m  
  [34m  ▕▏  [32m██████[34m  ▕▏  [34m  ▕▏  [32m██████[34m  ▕▏  [34m  ▕▏  [32m██████[34m  ▕▏  [39m  
  [34m──██──[32m██████[34m──██──[34m──██──[32m██████[34m──██──[34m──██──[32m██████[34m──██──[39m  
  [34m  ▕▏  [32m██████[34m  ▕▏  [34m  ▕▏  [32m██████[34m  ▕▏  [34m  ▕▏  [32m██████[34m  ▕▏  [39m  
  [34m  ▕▏  [34m  ▕▏  [34m  ▕▏  [34m  ▕▏  [34m  ▕▏  [34m  ▕▏  [34m  ▕▏  [34m  ▕▏  [34m  ▕▏  [39m  
  [34m──██──[34m──██──[34m──██──[34m──██──[34m──██──[34m──██──[34m──██──[34m──██──[34m──██──[39m  
  [34m  ▕▏  [34m  ▕▏  [34m  ▕▏  [34m  ▕▏  [34m  ▕▏  [34m  ▕▏  [34m  ▕▏  [34m  ▕▏  [34m  ▕▏  [39m  

AMR driver provided by CarpetX,
using AMReX 25.11 (MPI, OpenMP, no accelerators, optimized)
--------------------------------------------------------------------------------

Initializing AMReX (25.11)...
MPI initialized with 2 MPI processes
MPI initialized with thread support level 2
OMP initialized with 1 OMP threads
AMReX (25.11) initialized
INFO (CarpetX): 
Symmetries:
  lower x: periodic
  lower y: periodic
  lower z: periodic
  upper x: periodic
  upper y: periodic
  upper z: periodic
Default boundaries:
  lower x: symmetry_boundary
  lower y: symmetry_boundary
  lower z: symmetry_boundary
  upper x: symmetry_boundary
  upper y: symmetry_boundary
  upper z: symmetry_boundary
INFO (Arith): Test_smallvector
INFO (Arith): Test_spvect
INFO (CarpetX): Setting initial values for max_grid_size values for all levels
INFO (CarpetX): Setting up initial conditions...
INFO (CarpetX): Iteration: 0   time: 0   delta_time: 0.00390625
INFO (CarpetX): Patch 0:
INFO (CarpetX):   Grid extent:
INFO (CarpetX):     gsh=[71,15,15]
INFO (CarpetX):     blocking_factor=[8,8,8]
INFO (CarpetX):     max_grid_size=[10000000,10000000,10000000]
INFO (CarpetX):     max_tile_size=[1024000,16,32]
INFO (CarpetX):   Domain extent:
INFO (CarpetX):     xmin=[-0.5,-0.0625,-0.0625]
INFO (CarpetX):     xmax=[0.5,0.0625,0.0625]
INFO (CarpetX):     base dx=[0.015625,0.015625,0.015625]
INFO (CarpetX): Initializing level 0...
INFO (CanudaX_ExactID): Begin Gauge Wave initial data
INFO (CanudaX_ExactID): === End gauge wave initial data ===
INFO (CarpetX): Regridding...
INFO (CarpetX):   level 0: 2 boxes, 4096 cells (100%)
INFO (CarpetX): Initialized 1 levels
INFO (CarpetX): OutputGH: iteration 0, time 0.000000, run time 0 s
INFO (CarpetX): OutputGH done.
INFO (CarpetX): Starting evolution...
INFO (ODESolvers): ODE integrator is RK4
INFO (CarpetX): OutputGH: iteration 1, time 0.003906, run time 0 s
INFO (CarpetX): OutputGH done.
INFO (CarpetX): Simulation time: 0.00390625   Iterations per second: 38.1665   Simulation time per second: 0.149088
INFO (CarpetX): Grid cells: 4096   Grid cell updates per second: 156330
INFO (CarpetX): Performance:
INFO (CarpetX):   total evolution time:            0.026201 sec
INFO (CarpetX):   total evolution compute time:    0.02617 sec
INFO (CarpetX):   total evolution output time:     3.09944e-05 sec
INFO (CarpetX):   total iterations:                1
INFO (CarpetX):   total cells updated:             4096
INFO (CarpetX):   average iterations per second: 38.1665
INFO (CarpetX):   average cell updates per second: 156330
INFO (CarpetX): OutputGH: iteration 2, time 0.007812, run time 0 s
INFO (CarpetX): OutputGH done.
INFO (CarpetX): Simulation time: 0.0078125   Iterations per second: 39.6574   Simulation time per second: 0.154912
INFO (CarpetX): Grid cells: 4096   Grid cell updates per second: 162437
INFO (CarpetX): Performance:
INFO (CarpetX):   total evolution time:            0.050432 sec
INFO (CarpetX):   total evolution compute time:    0.0503709 sec
INFO (CarpetX):   total evolution output time:     6.10352e-05 sec
INFO (CarpetX):   total iterations:                2
INFO (CarpetX):   total cells updated:             8192
INFO (CarpetX):   average iterations per second: 39.6574
INFO (CarpetX):   average cell updates per second: 162437
INFO (CarpetX): OutputGH: iteration 3, time 0.011719, run time 0 s
INFO (CarpetX): OutputGH done.
INFO (CarpetX): Simulation time: 0.0117188   Iterations per second: 40.2231   Simulation time per second: 0.157121
INFO (CarpetX): Grid cells: 4096   Grid cell updates per second: 164754
INFO (CarpetX): Performance:
INFO (CarpetX):   total evolution time:            0.074584 sec
INFO (CarpetX):   total evolution compute time:    0.0744941 sec
INFO (CarpetX):   total evolution output time:     8.98838e-05 sec
INFO (CarpetX):   total iterations:                3
INFO (CarpetX):   total cells updated:             12288
INFO (CarpetX):   average iterations per second: 40.2231
INFO (CarpetX):   average cell updates per second: 164754
INFO (CarpetX): OutputGH: iteration 4, time 0.015625, run time 0 s
INFO (CarpetX): OutputGH done.
INFO (CarpetX): Simulation time: 0.015625   Iterations per second: 40.3694   Simulation time per second: 0.157693
INFO (CarpetX): Grid cells: 4096   Grid cell updates per second: 165353
INFO (CarpetX): Performance:
INFO (CarpetX):   total evolution time:            0.0990849 sec
INFO (CarpetX):   total evolution compute time:    0.0989699 sec
INFO (CarpetX):   total evolution output time:     0.000114918 sec
INFO (CarpetX):   total iterations:                4
INFO (CarpetX):   total cells updated:             16384
INFO (CarpetX):   average iterations per second: 40.3694
INFO (CarpetX):   average cell updates per second: 165353
INFO (CarpetX): OutputGH: iteration 5, time 0.019531, run time 0 s
INFO (CarpetX): OutputGH done.
INFO (CarpetX): Simulation time: 0.0195312   Iterations per second: 40.5574   Simulation time per second: 0.158427
INFO (CarpetX): Grid cells: 4096   Grid cell updates per second: 166123
INFO (CarpetX): Performance:
INFO (CarpetX):   total evolution time:            0.123282 sec
INFO (CarpetX):   total evolution compute time:    0.123136 sec
INFO (CarpetX):   total evolution output time:     0.000145912 sec
INFO (CarpetX):   total iterations:                5
INFO (CarpetX):   total cells updated:             20480
INFO (CarpetX):   average iterations per second: 40.5574
INFO (CarpetX):   average cell updates per second: 166123
INFO (CarpetX): OutputGH: iteration 6, time 0.023438, run time 0 s
INFO (CarpetX): OutputGH done.
INFO (CarpetX): Simulation time: 0.0234375   Iterations per second: 40.7329   Simulation time per second: 0.159113
INFO (CarpetX): Grid cells: 4096   Grid cell updates per second: 166842
INFO (CarpetX): Performance:
INFO (CarpetX):   total evolution time:            0.147301 sec
INFO (CarpetX):   total evolution compute time:    0.147125 sec
INFO (CarpetX):   total evolution output time:     0.000175953 sec
INFO (CarpetX):   total iterations:                6
INFO (CarpetX):   total cells updated:             24576
INFO (CarpetX):   average iterations per second: 40.7329
INFO (CarpetX):   average cell updates per second: 166842
INFO (CarpetX): OutputGH: iteration 7, time 0.027344, run time 0 s
INFO (CarpetX): OutputGH done.
INFO (CarpetX): Simulation time: 0.0273438   Iterations per second: 40.8664   Simulation time per second: 0.159634
INFO (CarpetX): Grid cells: 4096   Grid cell updates per second: 167389
INFO (CarpetX): Performance:
INFO (CarpetX):   total evolution time:            0.17129 sec
INFO (CarpetX):   total evolution compute time:    0.171084 sec
INFO (CarpetX):   total evolution output time:     0.000205994 sec
INFO (CarpetX):   total iterations:                7
INFO (CarpetX):   total cells updated:             28672
INFO (CarpetX):   average iterations per second: 40.8664
INFO (CarpetX):   average cell updates per second: 167389
INFO (CarpetX): OutputGH: iteration 8, time 0.031250, run time 0 s
INFO (CarpetX): OutputGH done.
INFO (CarpetX): Simulation time: 0.03125   Iterations per second: 40.9732   Simulation time per second: 0.160051
INFO (CarpetX): Grid cells: 4096   Grid cell updates per second: 167826
INFO (CarpetX): Performance:
INFO (CarpetX):   total evolution time:            0.19525 sec
INFO (CarpetX):   total evolution compute time:    0.195014 sec
INFO (CarpetX):   total evolution output time:     0.000235796 sec
INFO (CarpetX):   total iterations:                8
INFO (CarpetX):   total cells updated:             32768
INFO (CarpetX):   average iterations per second: 40.9732
INFO (CarpetX):   average cell updates per second: 167826
INFO (CarpetX): OutputGH: iteration 9, time 0.035156, run time 0 s
INFO (CarpetX): OutputGH done.
INFO (CarpetX): Simulation time: 0.0351562   Iterations per second: 41.0562   Simulation time per second: 0.160376
INFO (CarpetX): Grid cells: 4096   Grid cell updates per second: 168166
INFO (CarpetX): Performance:
INFO (CarpetX):   total evolution time:            0.219212 sec
INFO (CarpetX):   total evolution compute time:    0.21895 sec
INFO (CarpetX):   total evolution output time:     0.000261784 sec
INFO (CarpetX):   total iterations:                9
INFO (CarpetX):   total cells updated:             36864
INFO (CarpetX):   average iterations per second: 41.0562
INFO (CarpetX):   average cell updates per second: 168166
INFO (CarpetX): OutputGH: iteration 10, time 0.039062, run time 0 s
INFO (CarpetX): OutputGH done.
INFO (CarpetX): Simulation time: 0.0390625   Iterations per second: 41.1246   Simulation time per second: 0.160643
INFO (CarpetX): Grid cells: 4096   Grid cell updates per second: 168446
INFO (CarpetX): Performance:
INFO (CarpetX):   total evolution time:            0.243163 sec
INFO (CarpetX):   total evolution compute time:    0.242872 sec
INFO (CarpetX):   total evolution output time:     0.000291824 sec
INFO (CarpetX):   total iterations:                10
INFO (CarpetX):   total cells updated:             40960
INFO (CarpetX):   average iterations per second: 41.1246
INFO (CarpetX):   average cell updates per second: 168446
INFO (CarpetX): OutputGH: iteration 11, time 0.042969, run time 0 s
INFO (CarpetX): OutputGH done.
INFO (CarpetX): Simulation time: 0.0429688   Iterations per second: 41.203   Simulation time per second: 0.160949
INFO (CarpetX): Grid cells: 4096   Grid cell updates per second: 168767
INFO (CarpetX): Performance:
INFO (CarpetX):   total evolution time:            0.267017 sec
INFO (CarpetX):   total evolution compute time:    0.2667 sec
INFO (CarpetX):   total evolution output time:     0.000317812 sec
INFO (CarpetX):   total iterations:                11
INFO (CarpetX):   total cells updated:             45056
INFO (CarpetX):   average iterations per second: 41.1958
INFO (CarpetX):   average cell updates per second: 168738
INFO (CarpetX): OutputGH: iteration 12, time 0.046875, run time 0 s
INFO (CarpetX): OutputGH done.
INFO (CarpetX): Simulation time: 0.046875   Iterations per second: 41.2666   Simulation time per second: 0.161198
INFO (CarpetX): Grid cells: 4096   Grid cell updates per second: 169028
INFO (CarpetX): Performance:
INFO (CarpetX):   total evolution time:            0.290913 sec
INFO (CarpetX):   total evolution compute time:    0.290567 sec
INFO (CarpetX):   total evolution output time:     0.000346661 sec
INFO (CarpetX):   total iterations:                12
INFO (CarpetX):   total cells updated:             49152
INFO (CarpetX):   average iterations per second: 41.2494
INFO (CarpetX):   average cell updates per second: 168958
INFO (CarpetX): OutputGH: iteration 13, time 0.050781, run time 0 s
INFO (CarpetX): OutputGH done.
INFO (CarpetX): Simulation time: 0.0507812   Iterations per second: 41.3182   Simulation time per second: 0.161399
INFO (CarpetX): Grid cells: 4096   Grid cell updates per second: 169239
INFO (CarpetX): Performance:
INFO (CarpetX):   total evolution time:            0.314843 sec
INFO (CarpetX):   total evolution compute time:    0.314466 sec
INFO (CarpetX):   total evolution output time:     0.000377655 sec
INFO (CarpetX):   total iterations:                13
INFO (CarpetX):   total cells updated:             53248
INFO (CarpetX):   average iterations per second: 41.2904
INFO (CarpetX):   average cell updates per second: 169125
INFO (CarpetX): OutputGH: iteration 14, time 0.054688, run time 0 s
INFO (CarpetX): OutputGH done.
INFO (CarpetX): Simulation time: 0.0546875   Iterations per second: 41.3653   Simulation time per second: 0.161583
INFO (CarpetX): Grid cells: 4096   Grid cell updates per second: 169432
INFO (CarpetX): Performance:
INFO (CarpetX):   total evolution time:            0.33877 sec
INFO (CarpetX):   total evolution compute time:    0.338362 sec
INFO (CarpetX):   total evolution output time:     0.000408649 sec
INFO (CarpetX):   total iterations:                14
INFO (CarpetX):   total cells updated:             57344
INFO (CarpetX):   average iterations per second: 41.326
INFO (CarpetX):   average cell updates per second: 169271
INFO (CarpetX): OutputGH: iteration 15, time 0.058594, run time 0 s
INFO (CarpetX): OutputGH done.
INFO (CarpetX): Simulation time: 0.0585938   Iterations per second: 41.4086   Simulation time per second: 0.161752
INFO (CarpetX): Grid cells: 4096   Grid cell updates per second: 169610
INFO (CarpetX): Performance:
INFO (CarpetX):   total evolution time:            0.362692 sec
INFO (CarpetX):   total evolution compute time:    0.362259 sec
INFO (CarpetX):   total evolution output time:     0.00043273 sec
INFO (CarpetX):   total iterations:                15
INFO (CarpetX):   total cells updated:             61440
INFO (CarpetX):   average iterations per second: 41.3574
INFO (CarpetX):   average cell updates per second: 169400
INFO (CarpetX): OutputGH: iteration 16, time 0.062500, run time 0 s
INFO (CarpetX): OutputGH done.
INFO (CarpetX): Simulation time: 0.0625   Iterations per second: 41.4233   Simulation time per second: 0.16181
INFO (CarpetX): Grid cells: 4096   Grid cell updates per second: 169670
INFO (CarpetX): Performance:
INFO (CarpetX):   total evolution time:            0.386756 sec
INFO (CarpetX):   total evolution compute time:    0.386296 sec
INFO (CarpetX):   total evolution output time:     0.000460625 sec
INFO (CarpetX):   total iterations:                16
INFO (CarpetX):   total cells updated:             65536
INFO (CarpetX):   average iterations per second: 41.3697
INFO (CarpetX):   average cell updates per second: 169450
INFO (CarpetX): OutputGH: iteration 17, time 0.066406, run time 0 s
INFO (CarpetX): OutputGH done.
INFO (CarpetX): Simulation time: 0.0664062   Iterations per second: 41.3891   Simulation time per second: 0.161676
INFO (CarpetX): Grid cells: 4096   Grid cell updates per second: 169530
INFO (CarpetX): Performance:
INFO (CarpetX):   total evolution time:            0.411096 sec
INFO (CarpetX):   total evolution compute time:    0.410614 sec
INFO (CarpetX):   total evolution output time:     0.000482559 sec
INFO (CarpetX):   total iterations:                17
INFO (CarpetX):   total cells updated:             69632
INFO (CarpetX):   average iterations per second: 41.3528
INFO (CarpetX):   average cell updates per second: 169381
INFO (CarpetX): OutputGH: iteration 18, time 0.070312, run time 0 s
INFO (CarpetX): OutputGH done.
INFO (CarpetX): Simulation time: 0.0703125   Iterations per second: 41.4032   Simulation time per second: 0.161731
INFO (CarpetX): Grid cells: 4096   Grid cell updates per second: 169587
INFO (CarpetX): Performance:
INFO (CarpetX):   total evolution time:            0.435175 sec
INFO (CarpetX):   total evolution compute time:    0.434668 sec
INFO (CarpetX):   total evolution output time:     0.000507593 sec
INFO (CarpetX):   total iterations:                18
INFO (CarpetX):   total cells updated:             73728
INFO (CarpetX):   average iterations per second: 41.3626
INFO (CarpetX):   average cell updates per second: 169421
INFO (CarpetX): OutputGH: iteration 19, time 0.074219, run time 0 s
INFO (CarpetX): OutputGH done.
INFO (CarpetX): Simulation time: 0.0742188   Iterations per second: 41.4268   Simulation time per second: 0.161823
INFO (CarpetX): Grid cells: 4096   Grid cell updates per second: 169684
INFO (CarpetX): Performance:
INFO (CarpetX):   total evolution time:            0.45919 sec
INFO (CarpetX):   total evolution compute time:    0.458661 sec
INFO (CarpetX):   total evolution output time:     0.000529528 sec
INFO (CarpetX):   total iterations:                19
INFO (CarpetX):   total cells updated:             77824
INFO (CarpetX):   average iterations per second: 41.3772
INFO (CarpetX):   average cell updates per second: 169481
INFO (CarpetX): OutputGH: iteration 20, time 0.078125, run time 0 s
INFO (CarpetX): OutputGH done.
INFO (CarpetX): Simulation time: 0.078125   Iterations per second: 41.4616   Simulation time per second: 0.16196
INFO (CarpetX): Grid cells: 4096   Grid cell updates per second: 169827
INFO (CarpetX): Performance:
INFO (CarpetX):   total evolution time:            0.483126 sec
INFO (CarpetX):   total evolution compute time:    0.482574 sec
INFO (CarpetX):   total evolution output time:     0.000552416 sec
INFO (CarpetX):   total iterations:                20
INFO (CarpetX):   total cells updated:             81920
INFO (CarpetX):   average iterations per second: 41.397
INFO (CarpetX):   average cell updates per second: 169562
INFO (CarpetX): OutputGH: iteration 21, time 0.082031, run time 0 s
INFO (CarpetX): OutputGH done.
INFO (CarpetX): Simulation time: 0.0820312   Iterations per second: 41.4623   Simulation time per second: 0.161962
INFO (CarpetX): Grid cells: 4096   Grid cell updates per second: 169829
INFO (CarpetX): Performance:
INFO (CarpetX):   total evolution time:            0.507241 sec
INFO (CarpetX):   total evolution compute time:    0.506666 sec
INFO (CarpetX):   total evolution output time:     0.000575304 sec
INFO (CarpetX):   total iterations:                21
INFO (CarpetX):   total cells updated:             86016
INFO (CarpetX):   average iterations per second: 41.4004
INFO (CarpetX):   average cell updates per second: 169576
INFO (CarpetX): OutputGH: iteration 22, time 0.085938, run time 0 s
INFO (CarpetX): OutputGH done.
INFO (CarpetX): Simulation time: 0.0859375   Iterations per second: 41.491   Simulation time per second: 0.162074
INFO (CarpetX): Grid cells: 4096   Grid cell updates per second: 169947
INFO (CarpetX): Performance:
INFO (CarpetX):   total evolution time:            0.531193 sec
INFO (CarpetX):   total evolution compute time:    0.530593 sec
INFO (CarpetX):   total evolution output time:     0.000599384 sec
INFO (CarpetX):   total iterations:                22
INFO (CarpetX):   total cells updated:             90112
INFO (CarpetX):   average iterations per second: 41.4162
INFO (CarpetX):   average cell updates per second: 169641
INFO (CarpetX): OutputGH: iteration 23, time 0.089844, run time 0 s
INFO (CarpetX): OutputGH done.
INFO (CarpetX): Simulation time: 0.0898438   Iterations per second: 41.5299   Simulation time per second: 0.162226
INFO (CarpetX): Grid cells: 4096   Grid cell updates per second: 170107
INFO (CarpetX): Performance:
INFO (CarpetX):   total evolution time:            0.555068 sec
INFO (CarpetX):   total evolution compute time:    0.554444 sec
INFO (CarpetX):   total evolution output time:     0.000624418 sec
INFO (CarpetX):   total iterations:                23
INFO (CarpetX):   total cells updated:             94208
INFO (CarpetX):   average iterations per second: 41.4363
INFO (CarpetX):   average cell updates per second: 169723
INFO (CarpetX): OutputGH: iteration 24, time 0.093750, run time 0 s
INFO (CarpetX): OutputGH done.
INFO (CarpetX): Simulation time: 0.09375   Iterations per second: 41.542   Simulation time per second: 0.162273
INFO (CarpetX): Grid cells: 4096   Grid cell updates per second: 170156
INFO (CarpetX): Performance:
INFO (CarpetX):   total evolution time:            0.579077 sec
INFO (CarpetX):   total evolution compute time:    0.578429 sec
INFO (CarpetX):   total evolution output time:     0.00064826 sec
INFO (CarpetX):   total iterations:                24
INFO (CarpetX):   total cells updated:             98304
INFO (CarpetX):   average iterations per second: 41.4452
INFO (CarpetX):   average cell updates per second: 169760
INFO (CarpetX): OutputGH: iteration 25, time 0.097656, run time 0 s
INFO (CarpetX): OutputGH done.
INFO (CarpetX): Simulation time: 0.0976562   Iterations per second: 41.5766   Simulation time per second: 0.162408
INFO (CarpetX): Grid cells: 4096   Grid cell updates per second: 170298
INFO (CarpetX): Performance:
INFO (CarpetX):   total evolution time:            0.602949 sec
INFO (CarpetX):   total evolution compute time:    0.602277 sec
INFO (CarpetX):   total evolution output time:     0.00067234 sec
INFO (CarpetX):   total iterations:                25
INFO (CarpetX):   total cells updated:             102400
INFO (CarpetX):   average iterations per second: 41.4629
INFO (CarpetX):   average cell updates per second: 169832
INFO (CarpetX): OutputGH: iteration 26, time 0.101562, run time 0 s
INFO (CarpetX): OutputGH done.
INFO (CarpetX): Simulation time: 0.101562   Iterations per second: 41.5861   Simulation time per second: 0.162446
INFO (CarpetX): Grid cells: 4096   Grid cell updates per second: 170337
INFO (CarpetX): Performance:
INFO (CarpetX):   total evolution time:            0.626946 sec
INFO (CarpetX):   total evolution compute time:    0.626252 sec
INFO (CarpetX):   total evolution output time:     0.000694275 sec
INFO (CarpetX):   total iterations:                26
INFO (CarpetX):   total cells updated:             106496
INFO (CarpetX):   average iterations per second: 41.4709
INFO (CarpetX):   average cell updates per second: 169865
INFO (CarpetX): OutputGH: iteration 27, time 0.105469, run time 0 s
INFO (CarpetX): OutputGH done.
INFO (CarpetX): Simulation time: 0.105469   Iterations per second: 41.6276   Simulation time per second: 0.162608
INFO (CarpetX): Grid cells: 4096   Grid cell updates per second: 170506
INFO (CarpetX): Performance:
INFO (CarpetX):   total evolution time:            0.650753 sec
INFO (CarpetX):   total evolution compute time:    0.650035 sec
INFO (CarpetX):   total evolution output time:     0.000718355 sec
INFO (CarpetX):   total iterations:                27
INFO (CarpetX):   total cells updated:             110592
INFO (CarpetX):   average iterations per second: 41.4904
INFO (CarpetX):   average cell updates per second: 169945
INFO (CarpetX): OutputGH: iteration 28, time 0.109375, run time 0 s
INFO (CarpetX): OutputGH done.
INFO (CarpetX): Simulation time: 0.109375   Iterations per second: 41.6601   Simulation time per second: 0.162735
INFO (CarpetX): Grid cells: 4096   Grid cell updates per second: 170640
INFO (CarpetX): Performance:
INFO (CarpetX):   total evolution time:            0.674588 sec
INFO (CarpetX):   total evolution compute time:    0.673848 sec
INFO (CarpetX):   total evolution output time:     0.00074029 sec
INFO (CarpetX):   total iterations:                28
INFO (CarpetX):   total cells updated:             114688
INFO (CarpetX):   average iterations per second: 41.5068
INFO (CarpetX):   average cell updates per second: 170012
INFO (CarpetX): OutputGH: iteration 29, time 0.113281, run time 0 s
INFO (CarpetX): OutputGH done.
INFO (CarpetX): Simulation time: 0.113281   Iterations per second: 41.6729   Simulation time per second: 0.162785
INFO (CarpetX): Grid cells: 4096   Grid cell updates per second: 170692
INFO (CarpetX): Performance:
INFO (CarpetX):   total evolution time:            0.698518 sec
INFO (CarpetX):   total evolution compute time:    0.697756 sec
INFO (CarpetX):   total evolution output time:     0.000762224 sec
INFO (CarpetX):   total iterations:                29
INFO (CarpetX):   total cells updated:             118784
INFO (CarpetX):   average iterations per second: 41.5165
INFO (CarpetX):   average cell updates per second: 170051
INFO (CarpetX): OutputGH: iteration 30, time 0.117188, run time 1 s
INFO (CarpetX): OutputGH done.
INFO (CarpetX): Simulation time: 0.117188   Iterations per second: 41.6806   Simulation time per second: 0.162815
INFO (CarpetX): Grid cells: 4096   Grid cell updates per second: 170724
INFO (CarpetX): Performance:
INFO (CarpetX):   total evolution time:            0.72247 sec
INFO (CarpetX):   total evolution compute time:    0.721682 sec
INFO (CarpetX):   total evolution output time:     0.000788212 sec
INFO (CarpetX):   total iterations:                30
INFO (CarpetX):   total cells updated:             122880
INFO (CarpetX):   average iterations per second: 41.5242
INFO (CarpetX):   average cell updates per second: 170083
INFO (CarpetX): OutputGH: iteration 31, time 0.121094, run time 1 s
INFO (CarpetX): OutputGH done.
INFO (CarpetX): Simulation time: 0.121094   Iterations per second: 41.6985   Simulation time per second: 0.162885
INFO (CarpetX): Grid cells: 4096   Grid cell updates per second: 170797
INFO (CarpetX): Performance:
INFO (CarpetX):   total evolution time:            0.746359 sec
INFO (CarpetX):   total evolution compute time:    0.745546 sec
INFO (CarpetX):   total evolution output time:     0.000813007 sec
INFO (CarpetX):   total iterations:                31
INFO (CarpetX):   total cells updated:             126976
INFO (CarpetX):   average iterations per second: 41.535
INFO (CarpetX):   average cell updates per second: 170127
INFO (CarpetX): OutputGH: iteration 32, time 0.125000, run time 1 s
INFO (CarpetX): OutputGH done.
INFO (CarpetX): Simulation time: 0.125   Iterations per second: 41.7005   Simulation time per second: 0.162893
INFO (CarpetX): Grid cells: 4096   Grid cell updates per second: 170805
INFO (CarpetX): Performance:
INFO (CarpetX):   total evolution time:            0.770329 sec
INFO (CarpetX):   total evolution compute time:    0.769491 sec
INFO (CarpetX):   total evolution output time:     0.000838041 sec
INFO (CarpetX):   total iterations:                32
INFO (CarpetX):   total cells updated:             131072
INFO (CarpetX):   average iterations per second: 41.5407
INFO (CarpetX):   average cell updates per second: 170151
INFO (CarpetX): OutputGH: iteration 33, time 0.128906, run time 1 s
INFO (CarpetX): OutputGH done.
INFO (CarpetX): Simulation time: 0.128906   Iterations per second: 41.6791   Simulation time per second: 0.162809
INFO (CarpetX): Grid cells: 4096   Grid cell updates per second: 170717
INFO (CarpetX): Performance:
INFO (CarpetX):   total evolution time:            0.794433 sec
INFO (CarpetX):   total evolution compute time:    0.793566 sec
INFO (CarpetX):   total evolution output time:     0.000867128 sec
INFO (CarpetX):   total iterations:                33
INFO (CarpetX):   total cells updated:             135168
INFO (CarpetX):   average iterations per second: 41.539
INFO (CarpetX):   average cell updates per second: 170144
INFO (CarpetX): OutputGH: iteration 34, time 0.132812, run time 1 s
INFO (CarpetX): OutputGH done.
INFO (CarpetX): Simulation time: 0.132812   Iterations per second: 41.6553   Simulation time per second: 0.162716
INFO (CarpetX): Grid cells: 4096   Grid cell updates per second: 170620
INFO (CarpetX): Performance:
INFO (CarpetX):   total evolution time:            0.818563 sec
INFO (CarpetX):   total evolution compute time:    0.817673 sec
INFO (CarpetX):   total evolution output time:     0.000890255 sec
INFO (CarpetX):   total iterations:                34
INFO (CarpetX):   total cells updated:             139264
INFO (CarpetX):   average iterations per second: 41.5362
INFO (CarpetX):   average cell updates per second: 170132
INFO (CarpetX): OutputGH: iteration 35, time 0.136719, run time 1 s
INFO (CarpetX): OutputGH done.
INFO (CarpetX): Simulation time: 0.136719   Iterations per second: 41.5677   Simulation time per second: 0.162374
INFO (CarpetX): Grid cells: 4096   Grid cell updates per second: 170261
INFO (CarpetX): Performance:
INFO (CarpetX):   total evolution time:            0.843075 sec
INFO (CarpetX):   total evolution compute time:    0.84216 sec
INFO (CarpetX):   total evolution output time:     0.000915289 sec
INFO (CarpetX):   total iterations:                35
INFO (CarpetX):   total cells updated:             143360
INFO (CarpetX):   average iterations per second: 41.5147
INFO (CarpetX):   average cell updates per second: 170044
INFO (CarpetX): OutputGH: iteration 36, time 0.140625, run time 1 s
INFO (CarpetX): OutputGH done.
INFO (CarpetX): Simulation time: 0.140625   Iterations per second: 41.5724   Simulation time per second: 0.162392
INFO (CarpetX): Grid cells: 4096   Grid cell updates per second: 170281
INFO (CarpetX): Performance:
INFO (CarpetX):   total evolution time:            0.867105 sec
INFO (CarpetX):   total evolution compute time:    0.866159 sec
INFO (CarpetX):   total evolution output time:     0.000946283 sec
INFO (CarpetX):   total iterations:                36
INFO (CarpetX):   total cells updated:             147456
INFO (CarpetX):   average iterations per second: 41.5175
INFO (CarpetX):   average cell updates per second: 170055
INFO (CarpetX): OutputGH: iteration 37, time 0.144531, run time 1 s
INFO (CarpetX): OutputGH done.
INFO (CarpetX): Simulation time: 0.144531   Iterations per second: 41.5875   Simulation time per second: 0.162451
INFO (CarpetX): Grid cells: 4096   Grid cell updates per second: 170343
INFO (CarpetX): Performance:
INFO (CarpetX):   total evolution time:            0.891072 sec
INFO (CarpetX):   total evolution compute time:    0.8901 sec
INFO (CarpetX):   total evolution output time:     0.000972271 sec
INFO (CarpetX):   total iterations:                37
INFO (CarpetX):   total cells updated:             151552
INFO (CarpetX):   average iterations per second: 41.523
INFO (CarpetX):   average cell updates per second: 170078
INFO (CarpetX): OutputGH: iteration 38, time 0.148438, run time 1 s
INFO (CarpetX): OutputGH done.
INFO (CarpetX): Simulation time: 0.148438   Iterations per second: 41.5768   Simulation time per second: 0.162409
INFO (CarpetX): Grid cells: 4096   Grid cell updates per second: 170298
INFO (CarpetX): Performance:
INFO (CarpetX):   total evolution time:            0.91518 sec
INFO (CarpetX):   total evolution compute time:    0.914177 sec
INFO (CarpetX):   total evolution output time:     0.00100327 sec
INFO (CarpetX):   total iterations:                38
INFO (CarpetX):   total cells updated:             155648
INFO (CarpetX):   average iterations per second: 41.5219
INFO (CarpetX):   average cell updates per second: 170074
INFO (CarpetX): OutputGH: iteration 39, time 0.152344, run time 1 s
INFO (CarpetX): OutputGH done.
INFO (CarpetX): Simulation time: 0.152344   Iterations per second: 41.5872   Simulation time per second: 0.16245
INFO (CarpetX): Grid cells: 4096   Grid cell updates per second: 170341
INFO (CarpetX): Performance:
INFO (CarpetX):   total evolution time:            0.939172 sec
INFO (CarpetX):   total evolution compute time:    0.938143 sec
INFO (CarpetX):   total evolution output time:     0.00102925 sec
INFO (CarpetX):   total iterations:                39
INFO (CarpetX):   total cells updated:             159744
INFO (CarpetX):   average iterations per second: 41.5259
INFO (CarpetX):   average cell updates per second: 170090
INFO (CarpetX): OutputGH: iteration 40, time 0.156250, run time 1 s
INFO (CarpetX): OutputGH done.
INFO (CarpetX): Simulation time: 0.15625   Iterations per second: 41.5901   Simulation time per second: 0.162461
INFO (CarpetX): Grid cells: 4096   Grid cell updates per second: 170353
INFO (CarpetX): Performance:
INFO (CarpetX):   total evolution time:            0.963201 sec
INFO (CarpetX):   total evolution compute time:    0.962147 sec
INFO (CarpetX):   total evolution output time:     0.00105429 sec
INFO (CarpetX):   total iterations:                40
INFO (CarpetX):   total cells updated:             163840
INFO (CarpetX):   average iterations per second: 41.5282
INFO (CarpetX):   average cell updates per second: 170099
INFO (CarpetX): OutputGH: iteration 41, time 0.160156, run time 1 s
INFO (CarpetX): OutputGH done.
INFO (CarpetX): Simulation time: 0.160156   Iterations per second: 41.6225   Simulation time per second: 0.162588
INFO (CarpetX): Grid cells: 4096   Grid cell updates per second: 170486
INFO (CarpetX): Performance:
INFO (CarpetX):   total evolution time:            0.987058 sec
INFO (CarpetX):   total evolution compute time:    0.985979 sec
INFO (CarpetX):   total evolution output time:     0.00107932 sec
INFO (CarpetX):   total iterations:                41
INFO (CarpetX):   total cells updated:             167936
INFO (CarpetX):   average iterations per second: 41.5376
INFO (CarpetX):   average cell updates per second: 170138
INFO (CarpetX): OutputGH: iteration 42, time 0.164062, run time 1 s
INFO (CarpetX): OutputGH done.
INFO (CarpetX): Simulation time: 0.164062   Iterations per second: 41.6489   Simulation time per second: 0.162691
INFO (CarpetX): Grid cells: 4096   Grid cell updates per second: 170594
INFO (CarpetX): Performance:
INFO (CarpetX):   total evolution time:            1.01093 sec
INFO (CarpetX):   total evolution compute time:    1.00982 sec
INFO (CarpetX):   total evolution output time:     0.00110841 sec
INFO (CarpetX):   total iterations:                42
INFO (CarpetX):   total cells updated:             172032
INFO (CarpetX):   average iterations per second: 41.5459
INFO (CarpetX):   average cell updates per second: 170172
INFO (CarpetX): OutputGH: iteration 43, time 0.167969, run time 1 s
INFO (CarpetX): OutputGH done.
INFO (CarpetX): Simulation time: 0.167969   Iterations per second: 41.6753   Simulation time per second: 0.162794
INFO (CarpetX): Grid cells: 4096   Grid cell updates per second: 170702
INFO (CarpetX): Performance:
INFO (CarpetX):   total evolution time:            1.03479 sec
INFO (CarpetX):   total evolution compute time:    1.03366 sec
INFO (CarpetX):   total evolution output time:     0.00112939 sec
INFO (CarpetX):   total iterations:                43
INFO (CarpetX):   total cells updated:             176128
INFO (CarpetX):   average iterations per second: 41.5544
INFO (CarpetX):   average cell updates per second: 170207
INFO (CarpetX): OutputGH: iteration 44, time 0.171875, run time 1 s
INFO (CarpetX): OutputGH done.
INFO (CarpetX): Simulation time: 0.171875   Iterations per second: 41.6892   Simulation time per second: 0.162849
INFO (CarpetX): Grid cells: 4096   Grid cell updates per second: 170759
INFO (CarpetX): Performance:
INFO (CarpetX):   total evolution time:            1.0587 sec
INFO (CarpetX):   total evolution compute time:    1.05754 sec
INFO (CarpetX):   total evolution output time:     0.00116038 sec
INFO (CarpetX):   total iterations:                44
INFO (CarpetX):   total cells updated:             180224
INFO (CarpetX):   average iterations per second: 41.5602
INFO (CarpetX):   average cell updates per second: 170231
INFO (CarpetX): OutputGH: iteration 45, time 0.175781, run time 1 s
INFO (CarpetX): OutputGH done.
INFO (CarpetX): Simulation time: 0.175781   Iterations per second: 41.6953   Simulation time per second: 0.162872
INFO (CarpetX): Grid cells: 4096   Grid cell updates per second: 170784
INFO (CarpetX): Performance:
INFO (CarpetX):   total evolution time:            1.08266 sec
INFO (CarpetX):   total evolution compute time:    1.08147 sec
INFO (CarpetX):   total evolution output time:     0.00119042 sec
INFO (CarpetX):   total iterations:                45
INFO (CarpetX):   total cells updated:             184320
INFO (CarpetX):   average iterations per second: 41.5644
INFO (CarpetX):   average cell updates per second: 170248
INFO (CarpetX): OutputGH: iteration 46, time 0.179688, run time 1 s
INFO (CarpetX): OutputGH done.
INFO (CarpetX): Simulation time: 0.179688   Iterations per second: 41.6891   Simulation time per second: 0.162848
INFO (CarpetX): Grid cells: 4096   Grid cell updates per second: 170759
INFO (CarpetX): Performance:
INFO (CarpetX):   total evolution time:            1.10668 sec
INFO (CarpetX):   total evolution compute time:    1.10546 sec
INFO (CarpetX):   total evolution output time:     0.00121641 sec
INFO (CarpetX):   total iterations:                46
INFO (CarpetX):   total cells updated:             188416
INFO (CarpetX):   average iterations per second: 41.5659
INFO (CarpetX):   average cell updates per second: 170254
INFO (CarpetX): OutputGH: iteration 47, time 0.183594, run time 1 s
INFO (CarpetX): OutputGH done.
INFO (CarpetX): Simulation time: 0.183594   Iterations per second: 41.6721   Simulation time per second: 0.162782
INFO (CarpetX): Grid cells: 4096   Grid cell updates per second: 170689
INFO (CarpetX): Performance:
INFO (CarpetX):   total evolution time:            1.13076 sec
INFO (CarpetX):   total evolution compute time:    1.12951 sec
INFO (CarpetX):   total evolution output time:     0.00124836 sec
INFO (CarpetX):   total iterations:                47
INFO (CarpetX):   total cells updated:             192512
INFO (CarpetX):   average iterations per second: 41.565
INFO (CarpetX):   average cell updates per second: 170250
INFO (CarpetX): OutputGH: iteration 48, time 0.187500, run time 1 s
INFO (CarpetX): OutputGH done.
INFO (CarpetX): Simulation time: 0.1875   Iterations per second: 41.6908   Simulation time per second: 0.162855
INFO (CarpetX): Grid cells: 4096   Grid cell updates per second: 170766
INFO (CarpetX): Performance:
INFO (CarpetX):   total evolution time:            1.15465 sec
INFO (CarpetX):   total evolution compute time:    1.15337 sec
INFO (CarpetX):   total evolution output time:     0.00127435 sec
INFO (CarpetX):   total iterations:                48
INFO (CarpetX):   total cells updated:             196608
INFO (CarpetX):   average iterations per second: 41.5711
INFO (CarpetX):   average cell updates per second: 170275
INFO (CarpetX): OutputGH: iteration 49, time 0.191406, run time 1 s
INFO (CarpetX): OutputGH done.
INFO (CarpetX): Simulation time: 0.191406   Iterations per second: 41.7206   Simulation time per second: 0.162971
INFO (CarpetX): Grid cells: 4096   Grid cell updates per second: 170888
INFO (CarpetX): Performance:
INFO (CarpetX):   total evolution time:            1.17846 sec
INFO (CarpetX):   total evolution compute time:    1.17716 sec
INFO (CarpetX):   total evolution output time:     0.00130224 sec
INFO (CarpetX):   total iterations:                49
INFO (CarpetX):   total cells updated:             200704
INFO (CarpetX):   average iterations per second: 41.5795
INFO (CarpetX):   average cell updates per second: 170310
INFO (CarpetX): OutputGH: iteration 50, time 0.195312, run time 1 s
INFO (CarpetX): OutputGH done.
INFO (CarpetX): Simulation time: 0.195312   Iterations per second: 41.7389   Simulation time per second: 0.163043
INFO (CarpetX): Grid cells: 4096   Grid cell updates per second: 170963
INFO (CarpetX): Performance:
INFO (CarpetX):   total evolution time:            1.20233 sec
INFO (CarpetX):   total evolution compute time:    1.20099 sec
INFO (CarpetX):   total evolution output time:     0.00133538 sec
INFO (CarpetX):   total iterations:                50
INFO (CarpetX):   total cells updated:             204800
INFO (CarpetX):   average iterations per second: 41.586
INFO (CarpetX):   average cell updates per second: 170336
INFO (CarpetX): OutputGH: iteration 51, time 0.199219, run time 1 s
INFO (CarpetX): OutputGH done.
INFO (CarpetX): Simulation time: 0.199219   Iterations per second: 41.7254   Simulation time per second: 0.16299
INFO (CarpetX): Grid cells: 4096   Grid cell updates per second: 170907
INFO (CarpetX): Performance:
INFO (CarpetX):   total evolution time:            1.22636 sec
INFO (CarpetX):   total evolution compute time:    1.225 sec
INFO (CarpetX):   total evolution output time:     0.00136137 sec
INFO (CarpetX):   total iterations:                51
INFO (CarpetX):   total cells updated:             208896
INFO (CarpetX):   average iterations per second: 41.5864
INFO (CarpetX):   average cell updates per second: 170338
INFO (CarpetX): OutputGH: iteration 52, time 0.203125, run time 1 s
INFO (CarpetX): OutputGH done.
INFO (CarpetX): Simulation time: 0.203125   Iterations per second: 41.6994   Simulation time per second: 0.162888
INFO (CarpetX): Grid cells: 4096   Grid cell updates per second: 170801
INFO (CarpetX): Performance:
INFO (CarpetX):   total evolution time:            1.25048 sec
INFO (CarpetX):   total evolution compute time:    1.24909 sec
INFO (CarpetX):   total evolution output time:     0.00139332 sec
INFO (CarpetX):   total iterations:                52
INFO (CarpetX):   total cells updated:             212992
INFO (CarpetX):   average iterations per second: 41.584
INFO (CarpetX):   average cell updates per second: 170328
INFO (CarpetX): OutputGH: iteration 53, time 0.207031, run time 1 s
INFO (CarpetX): OutputGH done.
INFO (CarpetX): Simulation time: 0.207031   Iterations per second: 41.7003   Simulation time per second: 0.162892
INFO (CarpetX): Grid cells: 4096   Grid cell updates per second: 170804
INFO (CarpetX): Performance:
INFO (CarpetX):   total evolution time:            1.27446 sec
INFO (CarpetX):   total evolution compute time:    1.27304 sec
INFO (CarpetX):   total evolution output time:     0.00141835 sec
INFO (CarpetX):   total iterations:                53
INFO (CarpetX):   total cells updated:             217088
INFO (CarpetX):   average iterations per second: 41.5864
INFO (CarpetX):   average cell updates per second: 170338
INFO (CarpetX): OutputGH: iteration 54, time 0.210938, run time 1 s
INFO (CarpetX): OutputGH done.
INFO (CarpetX): Simulation time: 0.210938   Iterations per second: 41.7194   Simulation time per second: 0.162966
INFO (CarpetX): Grid cells: 4096   Grid cell updates per second: 170883
INFO (CarpetX): Performance:
INFO (CarpetX):   total evolution time:            1.29833 sec
INFO (CarpetX):   total evolution compute time:    1.29689 sec
INFO (CarpetX):   total evolution output time:     0.00144124 sec
INFO (CarpetX):   total iterations:                54
INFO (CarpetX):   total cells updated:             221184
INFO (CarpetX):   average iterations per second: 41.592
INFO (CarpetX):   average cell updates per second: 170361
INFO (CarpetX): OutputGH: iteration 55, time 0.214844, run time 1 s
INFO (CarpetX): OutputGH done.
INFO (CarpetX): Simulation time: 0.214844   Iterations per second: 41.707   Simulation time per second: 0.162918
INFO (CarpetX): Grid cells: 4096   Grid cell updates per second: 170832
INFO (CarpetX): Performance:
INFO (CarpetX):   total evolution time:            1.32237 sec
INFO (CarpetX):   total evolution compute time:    1.32091 sec
INFO (CarpetX):   total evolution output time:     0.00146222 sec
INFO (CarpetX):   total iterations:                55
INFO (CarpetX):   total cells updated:             225280
INFO (CarpetX):   average iterations per second: 41.5921
INFO (CarpetX):   average cell updates per second: 170361
INFO (CarpetX): OutputGH: iteration 56, time 0.218750, run time 1 s
INFO (CarpetX): OutputGH done.
INFO (CarpetX): Simulation time: 0.21875   Iterations per second: 41.7304   Simulation time per second: 0.163009
INFO (CarpetX): Grid cells: 4096   Grid cell updates per second: 170928
INFO (CarpetX): Performance:
INFO (CarpetX):   total evolution time:            1.34621 sec
INFO (CarpetX):   total evolution compute time:    1.34473 sec
INFO (CarpetX):   total evolution output time:     0.00148416 sec
INFO (CarpetX):   total iterations:                56
INFO (CarpetX):   total cells updated:             229376
INFO (CarpetX):   average iterations per second: 41.5983
INFO (CarpetX):   average cell updates per second: 170387
INFO (CarpetX): OutputGH: iteration 57, time 0.222656, run time 1 s
INFO (CarpetX): OutputGH done.
INFO (CarpetX): Simulation time: 0.222656   Iterations per second: 41.7582   Simulation time per second: 0.163118
INFO (CarpetX): Grid cells: 4096   Grid cell updates per second: 171042
INFO (CarpetX): Performance:
INFO (CarpetX):   total evolution time:            1.37001 sec
INFO (CarpetX):   total evolution compute time:    1.36851 sec
INFO (CarpetX):   total evolution output time:     0.00150609 sec
INFO (CarpetX):   total iterations:                57
INFO (CarpetX):   total cells updated:             233472
INFO (CarpetX):   average iterations per second: 41.6054
INFO (CarpetX):   average cell updates per second: 170416
INFO (CarpetX): OutputGH: iteration 58, time 0.226562, run time 1 s
INFO (CarpetX): OutputGH done.
INFO (CarpetX): Simulation time: 0.226562   Iterations per second: 41.7862   Simulation time per second: 0.163227
INFO (CarpetX): Grid cells: 4096   Grid cell updates per second: 171156
INFO (CarpetX): Performance:
INFO (CarpetX):   total evolution time:            1.3938 sec
INFO (CarpetX):   total evolution compute time:    1.39226 sec
INFO (CarpetX):   total evolution output time:     0.00153589 sec
INFO (CarpetX):   total iterations:                58
INFO (CarpetX):   total cells updated:             237568
INFO (CarpetX):   average iterations per second: 41.6128
INFO (CarpetX):   average cell updates per second: 170446
INFO (CarpetX): OutputGH: iteration 59, time 0.230469, run time 1 s
INFO (CarpetX): OutputGH done.
INFO (CarpetX): Simulation time: 0.230469   Iterations per second: 41.7967   Simulation time per second: 0.163268
INFO (CarpetX): Grid cells: 4096   Grid cell updates per second: 171199
INFO (CarpetX): Performance:
INFO (CarpetX):   total evolution time:            1.41767 sec
INFO (CarpetX):   total evolution compute time:    1.41611 sec
INFO (CarpetX):   total evolution output time:     0.00155997 sec
INFO (CarpetX):   total iterations:                59
INFO (CarpetX):   total cells updated:             241664
INFO (CarpetX):   average iterations per second: 41.6175
INFO (CarpetX):   average cell updates per second: 170465
INFO (CarpetX): OutputGH: iteration 60, time 0.234375, run time 1 s
INFO (CarpetX): OutputGH done.
INFO (CarpetX): Simulation time: 0.234375   Iterations per second: 41.8254   Simulation time per second: 0.163381
INFO (CarpetX): Grid cells: 4096   Grid cell updates per second: 171317
INFO (CarpetX): Performance:
INFO (CarpetX):   total evolution time:            1.44143 sec
INFO (CarpetX):   total evolution compute time:    1.43984 sec
INFO (CarpetX):   total evolution output time:     0.00159097 sec
INFO (CarpetX):   total iterations:                60
INFO (CarpetX):   total cells updated:             245760
INFO (CarpetX):   average iterations per second: 41.6252
INFO (CarpetX):   average cell updates per second: 170497
INFO (CarpetX): OutputGH: iteration 61, time 0.238281, run time 1 s
INFO (CarpetX): OutputGH done.
INFO (CarpetX): Simulation time: 0.238281   Iterations per second: 41.8215   Simulation time per second: 0.163365
INFO (CarpetX): Grid cells: 4096   Grid cell updates per second: 171301
INFO (CarpetX): Performance:
INFO (CarpetX):   total evolution time:            1.46536 sec
INFO (CarpetX):   total evolution compute time:    1.46375 sec
INFO (CarpetX):   total evolution output time:     0.001616 sec
INFO (CarpetX):   total iterations:                61
INFO (CarpetX):   total cells updated:             249856
INFO (CarpetX):   average iterations per second: 41.6279
INFO (CarpetX):   average cell updates per second: 170508
INFO (CarpetX): OutputGH: iteration 62, time 0.242188, run time 1 s
INFO (CarpetX): OutputGH done.
INFO (CarpetX): Simulation time: 0.242188   Iterations per second: 41.8281   Simulation time per second: 0.163391
INFO (CarpetX): Grid cells: 4096   Grid cell updates per second: 171328
INFO (CarpetX): Performance:
INFO (CarpetX):   total evolution time:            1.48924 sec
INFO (CarpetX):   total evolution compute time:    1.4876 sec
INFO (CarpetX):   total evolution output time:     0.00164008 sec
INFO (CarpetX):   total iterations:                62
INFO (CarpetX):   total cells updated:             253952
INFO (CarpetX):   average iterations per second: 41.632
INFO (CarpetX):   average cell updates per second: 170525
INFO (CarpetX): OutputGH: iteration 63, time 0.246094, run time 1 s
INFO (CarpetX): OutputGH done.
INFO (CarpetX): Simulation time: 0.246094   Iterations per second: 41.8003   Simulation time per second: 0.163283
INFO (CarpetX): Grid cells: 4096   Grid cell updates per second: 171214
INFO (CarpetX): Performance:
INFO (CarpetX):   total evolution time:            1.5133 sec
INFO (CarpetX):   total evolution compute time:    1.51163 sec
INFO (CarpetX):   total evolution output time:     0.00166988 sec
INFO (CarpetX):   total iterations:                63
INFO (CarpetX):   total cells updated:             258048
INFO (CarpetX):   average iterations per second: 41.6308
INFO (CarpetX):   average cell updates per second: 170520
INFO (CarpetX): OutputGH: iteration 64, time 0.250000, run time 1 s
INFO (CarpetX): OutputGH done.
INFO (CarpetX): Simulation time: 0.25   Iterations per second: 39.5795   Simulation time per second: 0.154607
INFO (CarpetX): Grid cells: 4096   Grid cell updates per second: 162117
INFO (CarpetX): Performance:
INFO (CarpetX):   total evolution time:            1.55065 sec
INFO (CarpetX):   total evolution compute time:    1.53803 sec
INFO (CarpetX):   total evolution output time:     0.0126188 sec
INFO (CarpetX):   total iterations:                64
INFO (CarpetX):   total cells updated:             262144
INFO (CarpetX):   average iterations per second: 41.273
INFO (CarpetX):   average cell updates per second: 169054
INFO (CarpetX): Shutting down...
AMReX (25.11) finalized
--------------------------------------------------------------------------------
Done.

real	0m1.931s
user	0m3.135s
sys	0m0.232s
+ echo Stopping:
Stopping:
+ date
Tue Feb 17 09:07:04 PM UTC 2026
+ echo Done.
Done.
  Elapsed time: 1.9 s
