/__w/canudax-tests/workspace/simulations/TestJob01_temp_1/output-0000/TEST/sim/CanudaX_BSSNMoL
Preparing:
+ set -e
+ cd output-0000-active
+ echo Checking:
Checking:
+ pwd
/__w/canudax-tests/workspace/simulations/TestJob01_temp_1/output-0000/TEST/sim/CanudaX_BSSNMoL/output-0000-active
+ hostname
abd7d22daa9f
+ date
Tue Mar 10 07:06:51 PM UTC 2026
+ echo Environment:
Environment:
+ export SIMULATION_ID=simulation-TestJob01_temp_1-actions-cpu-real64-actions-root-2026.03.10-19.06.50-13041
+ SIMULATION_ID=simulation-TestJob01_temp_1-actions-cpu-real64-actions-root-2026.03.10-19.06.50-13041
+ export CACTUS_NUM_PROCS=1
+ CACTUS_NUM_PROCS=1
+ export CACTUS_NUM_THREADS=2
+ CACTUS_NUM_THREADS=2
+ export CACTUS_SET_THREAD_BINDINGS=0
+ CACTUS_SET_THREAD_BINDINGS=0
+ export GLIBCXX_FORCE_NEW=1
+ GLIBCXX_FORCE_NEW=1
+ export GMON_OUT_PREFIX=gmon.out
+ GMON_OUT_PREFIX=gmon.out
+ export OMP_DISPLAY_ENV=TRUE
+ OMP_DISPLAY_ENV=TRUE
+ export OMP_MAX_TASKS=100
+ OMP_MAX_TASKS=100
+ export OMP_NUM_THREADS=2
+ OMP_NUM_THREADS=2
+ export OMP_PLACES=cores
+ OMP_PLACES=cores
+ export OMP_PROC_BIND=FALSE
+ OMP_PROC_BIND=FALSE
+ export OMP_STACKSIZE=8192
+ OMP_STACKSIZE=8192
+ env
+ sort
+ echo Starting:
Starting:
++ date +%s
+ export CACTUS_STARTTIME=1773169611
+ CACTUS_STARTTIME=1773169611
+ mpiexec -n 1 /__w/canudax-tests/workspace/simulations/TestJob01_temp_1/SIMFACTORY/exe/cactus_sim -L 3 /__w/canudax-tests/workspace/simulations/TestJob01_temp_1/output-0000/arrangements/CanudaX/CanudaX_BSSNMoL/test/gaugewave.par

OPENMP DISPLAY ENVIRONMENT BEGIN
  _OPENMP = '201511'
  [host] OMP_DYNAMIC = 'FALSE'
  [host] OMP_NESTED = 'FALSE'
  [host] OMP_NUM_THREADS = '2'
  [host] OMP_SCHEDULE = 'DYNAMIC'
  [host] OMP_PROC_BIND = 'FALSE'
  [host] OMP_PLACES = ''
  [host] OMP_STACKSIZE = '8388608'
  [host] OMP_WAIT_POLICY = 'PASSIVE'
  [host] OMP_THREAD_LIMIT = '4294967295'
  [host] OMP_MAX_ACTIVE_LEVELS = '1'
  [host] OMP_NUM_TEAMS = '0'
  [host] OMP_TEAMS_THREAD_LIMIT = '0'
  [all] OMP_CANCELLATION = 'FALSE'
  [all] OMP_DEFAULT_DEVICE = '0'
  [all] OMP_MAX_TASK_PRIORITY = '0'
  [all] OMP_DISPLAY_AFFINITY = 'FALSE'
  [host] OMP_AFFINITY_FORMAT = 'level %L thread %i affinity %A'
  [host] OMP_ALLOCATOR = 'omp_default_mem_alloc'
  [all] OMP_TARGET_OFFLOAD = 'DEFAULT'
OPENMP DISPLAY ENVIRONMENT END
INFO (Cactus): Increased logging level from 0 to 3
--------------------------------------------------------------------------------

       10                                  
  1   0101       ************************  
  01  1010 10      The Cactus Code V4.18.0    
 1010 1101 011      www.cactuscode.org     
  1001 100101    ************************  
    00010101                               
     100011     (c) Copyright The Authors  
      0100      GNU Licensed. No Warranty  
      0101                                 
--------------------------------------------------------------------------------

Cactus version:    4.18.0
Compile date:      Mar 10 2026 (19:06:38)
Run date:          Mar 10 2026 (19:06:51+0000)
Run host:          abd7d22daa9f (pid=13089)
Working directory: /__w/canudax-tests/workspace/simulations/TestJob01_temp_1/output-0000/TEST/sim/CanudaX_BSSNMoL
Executable:        /__w/canudax-tests/workspace/simulations/TestJob01_temp_1/SIMFACTORY/exe/cactus_sim
Parameter file:    /__w/canudax-tests/workspace/simulations/TestJob01_temp_1/output-0000/arrangements/CanudaX/CanudaX_BSSNMoL/test/gaugewave.par
--------------------------------------------------------------------------------

Activating thorn Cactus...Success -> active implementation Cactus
Activation requested for 
--->ADMBaseX CanudaX_BSSNMoL CanudaX_ExactID CarpetX IOUtil ODESolvers TmunuBaseX<---
Thorn ADMBaseX requests automatic activation of Loop
Thorn CarpetX requests automatic activation of AMReX
Thorn CarpetX requests automatic activation of MPI
Thorn CarpetX requests automatic activation of yaml_cpp
Thorn CarpetX requests automatic activation of zlib
Thorn CarpetX requests automatic activation of Arith
Thorn CarpetX requests automatic activation of CarpetXRegrid
Thorn CarpetX requests automatic activation of ADIOS2
Thorn CarpetX requests automatic activation of openPMD
Thorn CarpetX requests automatic activation of Silo
Thorn Arith requests automatic activation of NSIMD
Thorn MPI requests automatic activation of hwloc
Thorn openPMD requests automatic activation of HDF5
Activating thorn ADIOS2...Success -> active implementation ADIOS2
Activating thorn ADMBaseX...Success -> active implementation ADMBaseX
Activating thorn AMReX...Success -> active implementation AMReX
Activating thorn Arith...Success -> active implementation Arith
Activating thorn CanudaX_BSSNMoL...Success -> active implementation CanudaX_BSSNMoL
Activating thorn CanudaX_ExactID...Success -> active implementation CanudaX_ExactID
Activating thorn CarpetX...Success -> active implementation Driver
Activating thorn CarpetXRegrid...Success -> active implementation CarpetXRegrid
Activating thorn HDF5...Success -> active implementation HDF5
Activating thorn hwloc...Success -> active implementation hwloc
Activating thorn IOUtil...Success -> active implementation IO
Activating thorn Loop...Success -> active implementation Loop
Activating thorn MPI...Success -> active implementation MPI
Activating thorn NSIMD...Success -> active implementation NSIMD
Activating thorn ODESolvers...Success -> active implementation ODESolvers
Activating thorn openPMD...Success -> active implementation openPMD
Activating thorn Silo...Success -> active implementation Silo
Activating thorn TmunuBaseX...Success -> active implementation TmunuBaseX
Activating thorn yaml_cpp...Success -> active implementation yaml_cpp
Activating thorn zlib...Success -> active implementation zlib
--------------------------------------------------------------------------------
  if (recover initial data)
    Recover parameters
  endif

  Startup routines
    [CCTK_STARTUP]
      CarpetX::Driver_Startup: Start up the driver
      IOUtil::IOUtil_Startup: Startup routine
      GROUP hwloc_startup: hwloc startup group
        hwloc::hwloc_version: Output hwloc version

  Startup routines which need an existing grid hierarchy
    [CCTK_WRAGH]
      Arith::Test_smallvector: [meta] Test small vectors
      Arith::Test_spvect: [meta] Test sparse vectors
      ODESolvers::ODESolvers_InitConstants: [global] Set up dummy loop counters for schedule printout
  Parameter checking routines
    [CCTK_PARAMCHECK]
      CanudaX_BSSNMoL::CanudaX_BSSNMoL_paramcheck: Check CanudaX_BSSNMoL parameters for consistency

  Initialisation
    if (NOT (recover initial data AND recovery_mode is 'strict'))
      [CCTK_PREREGRIDINITIAL]
      Set up grid hierarchy
      [CCTK_POSTREGRIDINITIAL]
      [CCTK_BASEGRID]
        CarpetXRegrid::CarpetXRegrid_InitError: Initialize regridding error to zero
        GROUP ODESolvers_BaseGrid: Set up constants (e.g. coordinates) everywhere on the grid
      [CCTK_INITIAL]
        GROUP TmunuBaseX_SetTmunuVars: Schedule group for setting T_munu
          TmunuBaseX::TmunuBaseX_ZeroTmunu: Set T_munu to zero
          GROUP TmunuBaseX_AddToTmunu: Add to T_munu here
        GROUP ODESolvers_Initial: Set up initial conditions on interior of state vector
          GROUP ADMBaseX_InitialData: Schedule group for calculating ADM initial data
            GROUP CanudaX_ExactIDGroup: CanudaX_ExactID group for setting up initial data
              CanudaX_ExactID::CanudaX_ExactID_GaugeWave: [local] Create gauge wave initial data
          GROUP ADMBaseX_InitialGauge: Schedule group for the ADM initial gauge condition
            ADMBaseX::ADMBaseX_initial_dtlapse: Set dtlapse to zero
            ADMBaseX::ADMBaseX_initial_dtshift: Set dtshift to zero
          GROUP ADMBaseX_PostInitial: Schedule group for modifying the ADM initial data, such as e.g. adding noise
        GROUP CanudaX_BSSNMoL_InitialGroup: CanudaX_BSSNMoL: initial bin
          CanudaX_BSSNMoL::CanudaX_BSSNMoL_adm2bssn: [local] Convert initial data into BSSN variables
          CanudaX_BSSNMoL::CanudaX_BSSNMoL_gammat: [local] Set Gammat initial data
      [CCTK_POSTINITIAL]
        GROUP ODESolvers_PostStep: Apply boundary conditions to state vector, and project if necessary
          GROUP CanudaX_BSSNMoL_PostStepGroup: CanudaX_BSSNMoL: post-step operations
            CanudaX_BSSNMoL::CanudaX_BSSNMoL_impose_conf_fac_floor: Make sure conformal factor does not drop below specified value
            CanudaX_BSSNMoL::CanudaX_BSSNMoL_reset_detmetric: reset dethh = 1
            CanudaX_BSSNMoL::CanudaX_BSSNMoL_remove_trA: Remove trace of A
            CanudaX_BSSNMoL::CanudaX_BSSNMoL_sync: [global] Sync state vector
            CanudaX_BSSNMoL::CanudaX_BSSNMoL_bssn2adm: [local] Convert variables back to the ADM ones
          GROUP ADMBaseX_SetADMRHS: Set ADM RHS variables in this group
          GROUP ADMBaseX_SetADMVars: Set ADM variables in this group
          GROUP TmunuBaseX_SetTmunuVars: Schedule group for setting T_munu
            TmunuBaseX::TmunuBaseX_ZeroTmunu: Set T_munu to zero
            GROUP TmunuBaseX_AddToTmunu: Add to T_munu here
        GROUP ODESolvers_EstimateError: Estimate discretization error (for regridding)
      Initialise finer grids recursively
      Restrict from finer grids
      [CCTK_POSTRESTRICTINITIAL]
      [CCTK_POSTPOSTINITIAL]
      [CCTK_POSTSTEP]
        GROUP ODESolvers_EstimateError: Estimate discretization error (for regridding)
    endif
    if (recover initial data)
      [CCTK_BASEGRID]
        CarpetXRegrid::CarpetXRegrid_InitError: Initialize regridding error to zero
        GROUP ODESolvers_BaseGrid: Set up constants (e.g. coordinates) everywhere on the grid
      [CCTK_RECOVER_VARIABLES]
      [CCTK_POST_RECOVER_VARIABLES]
        GROUP ODESolvers_PostStep: Apply boundary conditions to state vector, and project if necessary
          GROUP CanudaX_BSSNMoL_PostStepGroup: CanudaX_BSSNMoL: post-step operations
            CanudaX_BSSNMoL::CanudaX_BSSNMoL_impose_conf_fac_floor: Make sure conformal factor does not drop below specified value
            CanudaX_BSSNMoL::CanudaX_BSSNMoL_reset_detmetric: reset dethh = 1
            CanudaX_BSSNMoL::CanudaX_BSSNMoL_remove_trA: Remove trace of A
            CanudaX_BSSNMoL::CanudaX_BSSNMoL_sync: [global] Sync state vector
            CanudaX_BSSNMoL::CanudaX_BSSNMoL_bssn2adm: [local] Convert variables back to the ADM ones
          GROUP ADMBaseX_SetADMRHS: Set ADM RHS variables in this group
          GROUP ADMBaseX_SetADMVars: Set ADM variables in this group
          GROUP TmunuBaseX_SetTmunuVars: Schedule group for setting T_munu
            TmunuBaseX::TmunuBaseX_ZeroTmunu: Set T_munu to zero
            GROUP TmunuBaseX_AddToTmunu: Add to T_munu here
        GROUP ODESolvers_EstimateError: Estimate discretization error (for regridding)
    endif
    if (checkpoint initial data)
      [CCTK_CPINITIAL]
        CarpetX::CarpetX_CheckpointInitial: [meta] Checkpoint initial conditions
    endif
    if (analysis)
      [CCTK_ANALYSIS]
        CanudaX_BSSNMoL::CanudaX_BSSNMoL_bssn_constraints: Compute constraints
        GROUP ODESolvers_Analysis: Calculate analysis quantities everywhere
  endif
  Output grid variables

  do loop over timesteps
    [CCTK_PREREGRID]
    Change grid hierarchy
    [CCTK_POSTREGRID]
      GROUP ODESolvers_PostStep: Apply boundary conditions to state vector, and project if necessary
        GROUP CanudaX_BSSNMoL_PostStepGroup: CanudaX_BSSNMoL: post-step operations
          CanudaX_BSSNMoL::CanudaX_BSSNMoL_impose_conf_fac_floor: Make sure conformal factor does not drop below specified value
          CanudaX_BSSNMoL::CanudaX_BSSNMoL_reset_detmetric: reset dethh = 1
          CanudaX_BSSNMoL::CanudaX_BSSNMoL_remove_trA: Remove trace of A
          CanudaX_BSSNMoL::CanudaX_BSSNMoL_sync: [global] Sync state vector
          CanudaX_BSSNMoL::CanudaX_BSSNMoL_bssn2adm: [local] Convert variables back to the ADM ones
        GROUP ADMBaseX_SetADMRHS: Set ADM RHS variables in this group
        GROUP ADMBaseX_SetADMVars: Set ADM variables in this group
        GROUP TmunuBaseX_SetTmunuVars: Schedule group for setting T_munu
          TmunuBaseX::TmunuBaseX_ZeroTmunu: Set T_munu to zero
          GROUP TmunuBaseX_AddToTmunu: Add to T_munu here
    Rotate timelevels
    iteration = iteration+1
    t = t+dt
    [CCTK_PRESTEP]
    [CCTK_EVOL]
      ODESolvers::ODESolvers_Solve: [level] Solve ODEs
      while (ODESolvers::do_substeps)
        GROUP ODESolvers_CalledBySolve: Groups internally scheduled by ODESolvers_Solve
          GROUP ODESolvers_RHS: Evaluate the RHS for of state vector everywhere on the grid
            GROUP CanudaX_BSSNMoL_RHSGroup: CanudaX_BSSNMoL: calculate BSSN RHS
              CanudaX_BSSNMoL::CanudaX_BSSNMoL_calc_bssn_rhs: MoL RHS calculation
              CanudaX_BSSNMoL::CanudaX_BSSNMoL_apply_boundary_conditions: Apply radiative boundary conditions 
          GROUP ODESolvers_PostStep: Apply boundary conditions to state vector, and project if necessary
            GROUP CanudaX_BSSNMoL_PostStepGroup: CanudaX_BSSNMoL: post-step operations
              CanudaX_BSSNMoL::CanudaX_BSSNMoL_impose_conf_fac_floor: Make sure conformal factor does not drop below specified value
              CanudaX_BSSNMoL::CanudaX_BSSNMoL_reset_detmetric: reset dethh = 1
              CanudaX_BSSNMoL::CanudaX_BSSNMoL_remove_trA: Remove trace of A
              CanudaX_BSSNMoL::CanudaX_BSSNMoL_sync: [global] Sync state vector
              CanudaX_BSSNMoL::CanudaX_BSSNMoL_bssn2adm: [local] Convert variables back to the ADM ones
            GROUP ADMBaseX_SetADMRHS: Set ADM RHS variables in this group
            GROUP ADMBaseX_SetADMVars: Set ADM variables in this group
            GROUP TmunuBaseX_SetTmunuVars: Schedule group for setting T_munu
              TmunuBaseX::TmunuBaseX_ZeroTmunu: Set T_munu to zero
              GROUP TmunuBaseX_AddToTmunu: Add to T_munu here
      end while
    Evolve finer grids recursively
    Restrict from finer grids
    [CCTK_POSTRESTRICT]
      GROUP ODESolvers_PostStep: Apply boundary conditions to state vector, and project if necessary
        GROUP CanudaX_BSSNMoL_PostStepGroup: CanudaX_BSSNMoL: post-step operations
          CanudaX_BSSNMoL::CanudaX_BSSNMoL_impose_conf_fac_floor: Make sure conformal factor does not drop below specified value
          CanudaX_BSSNMoL::CanudaX_BSSNMoL_reset_detmetric: reset dethh = 1
          CanudaX_BSSNMoL::CanudaX_BSSNMoL_remove_trA: Remove trace of A
          CanudaX_BSSNMoL::CanudaX_BSSNMoL_sync: [global] Sync state vector
          CanudaX_BSSNMoL::CanudaX_BSSNMoL_bssn2adm: [local] Convert variables back to the ADM ones
        GROUP ADMBaseX_SetADMRHS: Set ADM RHS variables in this group
        GROUP ADMBaseX_SetADMVars: Set ADM variables in this group
        GROUP TmunuBaseX_SetTmunuVars: Schedule group for setting T_munu
          TmunuBaseX::TmunuBaseX_ZeroTmunu: Set T_munu to zero
          GROUP TmunuBaseX_AddToTmunu: Add to T_munu here
    [CCTK_POSTSTEP]
      GROUP ODESolvers_EstimateError: Estimate discretization error (for regridding)
    if (checkpoint)
      [CCTK_CHECKPOINT]
      CarpetX::CarpetX_Checkpoint: [meta] Checkpoint
    endif
    if (analysis)
      [CCTK_ANALYSIS]
      CanudaX_BSSNMoL::CanudaX_BSSNMoL_bssn_constraints: Compute constraints
      GROUP ODESolvers_Analysis: Calculate analysis quantities everywhere
    endif
    Output grid variables
    enddo

  Termination routines
    [CCTK_TERMINATE]
      CarpetX::CarpetX_CheckpointTerminate: [meta] Checkpoint before terminating

  Shutdown routines
    [CCTK_SHUTDOWN]
      CarpetX::Driver_Shutdown: [meta] Shut down the driver

  Routines run after changing the grid hierarchy:
    [CCTK_POSTREGRID]
      GROUP ODESolvers_PostStep: Apply boundary conditions to state vector, and project if necessary
        GROUP CanudaX_BSSNMoL_PostStepGroup: CanudaX_BSSNMoL: post-step operations
          CanudaX_BSSNMoL::CanudaX_BSSNMoL_impose_conf_fac_floor: Make sure conformal factor does not drop below specified value
          CanudaX_BSSNMoL::CanudaX_BSSNMoL_reset_detmetric: reset dethh = 1
          CanudaX_BSSNMoL::CanudaX_BSSNMoL_remove_trA: Remove trace of A
          CanudaX_BSSNMoL::CanudaX_BSSNMoL_sync: [global] Sync state vector
          CanudaX_BSSNMoL::CanudaX_BSSNMoL_bssn2adm: [local] Convert variables back to the ADM ones
        GROUP ADMBaseX_SetADMRHS: Set ADM RHS variables in this group
        GROUP ADMBaseX_SetADMVars: Set ADM variables in this group
        GROUP TmunuBaseX_SetTmunuVars: Schedule group for setting T_munu
          TmunuBaseX::TmunuBaseX_ZeroTmunu: Set T_munu to zero
          GROUP TmunuBaseX_AddToTmunu: Add to T_munu here
--------------------------------------------------------------------------------
INFO (hwloc): library version 2.10.0, API version 0x20800
--------------------------------------------------------------------------------

  [34m  ▕▏  [34m  ▕▏  [34m  ▕▏  [34m  ▕▏  [34m  ▕▏  [34m  ▕▏  [34m  ▕▏  [34m  ▕▏  [34m  ▕▏  [39m  
  [34m──██──[34m──██──[34m──██──[34m──██──[34m──██──[34m──██──[34m──██──[34m──██──[34m──██──[39m  
  [34m  ▕▏  [34m  ▕▏  [34m  ▕▏  [34m  ▕▏  [34m  ▕▏  [34m  ▕▏  [34m  ▕▏  [34m  ▕▏  [34m  ▕▏  [39m  
  [34m  ▕▏  [32m██████[34m  ▕▏  [34m  ▕▏  [32m██████[34m  ▕▏  [34m  ▕▏  [32m██████[34m  ▕▏  [39m  
  [34m──██──[32m██████[34m──██──[34m──██──[32m██████[34m──██──[34m──██──[32m██████[34m──██──[39m  
  [34m  ▕▏  [32m██████[34m  ▕▏  [34m  ▕▏  [32m██████[34m  ▕▏  [34m  ▕▏  [32m██████[34m  ▕▏  [39m  
  [34m  ▕▏  [34m  ▕▏  [34m  ▕▏  [34m  ▕▏  [34m  ▕▏  [34m  ▕▏  [34m  ▕▏  [34m  ▕▏  [34m  ▕▏  [39m  
  [34m──██──[34m──██──[34m──██──[34m──██──[34m──██──[34m──██──[34m──██──[34m──██──[34m──██──[39m  
  [34m  ▕▏  [34m  ▕▏  [34m  ▕▏  [34m  ▕▏  [34m  ▕▏  [34m  ▕▏  [34m  ▕▏  [34m  ▕▏  [34m  ▕▏  [39m  
  [34m  ▕▏  [34m  ▕▏  [34m  ▕▏  [31m██████[31m██████[31m██████[34m  ▕▏  [34m  ▕▏  [34m  ▕▏  [39m  
  [34m──██──[34m──██──[34m──██──[31m██████[31m██████[31m██████[34m──██──[34m──██──[34m──██──[39m  
  [34m  ▕▏  [34m  ▕▏  [34m  ▕▏  [31m██████[31m██████[31m██████[34m  ▕▏  [34m  ▕▏  [34m  ▕▏  [39m  
  [34m  ▕▏  [32m██████[34m  ▕▏  [31m██████[31m██████[31m██████[34m  ▕▏  [32m██████[34m  ▕▏  [39m  
  [34m──██──[32m██████[34m──██──[31m██████[31m██████[31m██████[34m──██──[32m██████[34m──██──[39m  
  [34m  ▕▏  [32m██████[34m  ▕▏  [31m██████[31m██████[31m██████[34m  ▕▏  [32m██████[34m  ▕▏  [39m  
  [34m  ▕▏  [34m  ▕▏  [34m  ▕▏  [31m██████[31m██████[31m██████[34m  ▕▏  [34m  ▕▏  [34m  ▕▏  [39m  
  [34m──██──[34m──██──[34m──██──[31m██████[31m██████[31m██████[34m──██──[34m──██──[34m──██──[39m  
  [34m  ▕▏  [34m  ▕▏  [34m  ▕▏  [31m██████[31m██████[31m██████[34m  ▕▏  [34m  ▕▏  [34m  ▕▏  [39m  
  [34m  ▕▏  [34m  ▕▏  [34m  ▕▏  [34m  ▕▏  [34m  ▕▏  [34m  ▕▏  [34m  ▕▏  [34m  ▕▏  [34m  ▕▏  [39m  
  [34m──██──[34m──██──[34m──██──[34m──██──[34m──██──[34m──██──[34m──██──[34m──██──[34m──██──[39m  
  [34m  ▕▏  [34m  ▕▏  [34m  ▕▏  [34m  ▕▏  [34m  ▕▏  [34m  ▕▏  [34m  ▕▏  [34m  ▕▏  [34m  ▕▏  [39m  
  [34m  ▕▏  [32m██████[34m  ▕▏  [34m  ▕▏  [32m██████[34m  ▕▏  [34m  ▕▏  [32m██████[34m  ▕▏  [39m  
  [34m──██──[32m██████[34m──██──[34m──██──[32m██████[34m──██──[34m──██──[32m██████[34m──██──[39m  
  [34m  ▕▏  [32m██████[34m  ▕▏  [34m  ▕▏  [32m██████[34m  ▕▏  [34m  ▕▏  [32m██████[34m  ▕▏  [39m  
  [34m  ▕▏  [34m  ▕▏  [34m  ▕▏  [34m  ▕▏  [34m  ▕▏  [34m  ▕▏  [34m  ▕▏  [34m  ▕▏  [34m  ▕▏  [39m  
  [34m──██──[34m──██──[34m──██──[34m──██──[34m──██──[34m──██──[34m──██──[34m──██──[34m──██──[39m  
  [34m  ▕▏  [34m  ▕▏  [34m  ▕▏  [34m  ▕▏  [34m  ▕▏  [34m  ▕▏  [34m  ▕▏  [34m  ▕▏  [34m  ▕▏  [39m  

AMR driver provided by CarpetX,
using AMReX 25.11 (MPI, OpenMP, no accelerators, optimized)
--------------------------------------------------------------------------------

Initializing AMReX (25.11)...
MPI initialized with 1 MPI processes
MPI initialized with thread support level 2
OMP initialized with 2 OMP threads
AMReX (25.11) initialized
INFO (CarpetX): 
Symmetries:
  lower x: periodic
  lower y: periodic
  lower z: periodic
  upper x: periodic
  upper y: periodic
  upper z: periodic
Default boundaries:
  lower x: symmetry_boundary
  lower y: symmetry_boundary
  lower z: symmetry_boundary
  upper x: symmetry_boundary
  upper y: symmetry_boundary
  upper z: symmetry_boundary
INFO (Arith): Test_smallvector
INFO (Arith): Test_spvect
INFO (CarpetX): Setting initial values for max_grid_size values for all levels
INFO (CarpetX): Setting up initial conditions...
INFO (CarpetX): Iteration: 0   time: 0   delta_time: 0.00390625
INFO (CarpetX): Patch 0:
INFO (CarpetX):   Grid extent:
INFO (CarpetX):     gsh=[71,15,15]
INFO (CarpetX):     blocking_factor=[8,8,8]
INFO (CarpetX):     max_grid_size=[10000000,10000000,10000000]
INFO (CarpetX):     max_tile_size=[1024000,16,32]
INFO (CarpetX):   Domain extent:
INFO (CarpetX):     xmin=[-0.5,-0.0625,-0.0625]
INFO (CarpetX):     xmax=[0.5,0.0625,0.0625]
INFO (CarpetX):     base dx=[0.015625,0.015625,0.015625]
INFO (CarpetX): Initializing level 0...
INFO (CanudaX_ExactID): Begin Gauge Wave initial data
INFO (CanudaX_ExactID): === End gauge wave initial data ===
INFO (CarpetX): Regridding...
INFO (CarpetX):   level 0: 1 boxes, 4096 cells (100%)
INFO (CarpetX): Initialized 1 levels
INFO (CarpetX): OutputGH: iteration 0, time 0.000000, run time 0 s
INFO (CarpetX): OutputGH done.
INFO (CarpetX): Starting evolution...
INFO (ODESolvers): ODE integrator is RK4
INFO (CarpetX): OutputGH: iteration 1, time 0.003906, run time 0 s
INFO (CarpetX): OutputGH done.
INFO (CarpetX): Simulation time: 0.00390625   Iterations per second: 17.3505   Simulation time per second: 0.0677756
INFO (CarpetX): Grid cells: 4096   Grid cell updates per second: 71067.8
INFO (CarpetX): Performance:
INFO (CarpetX):   total evolution time:            0.0576351 sec
INFO (CarpetX):   total evolution compute time:    0.0576131 sec
INFO (CarpetX):   total evolution output time:     2.19345e-05 sec
INFO (CarpetX):   total iterations:                1
INFO (CarpetX):   total cells updated:             4096
INFO (CarpetX):   average iterations per second: 17.3505
INFO (CarpetX):   average cell updates per second: 71067.8
INFO (CarpetX): OutputGH: iteration 2, time 0.007812, run time 0 s
INFO (CarpetX): OutputGH done.
INFO (CarpetX): Simulation time: 0.0078125   Iterations per second: 17.7733   Simulation time per second: 0.0694271
INFO (CarpetX): Grid cells: 4096   Grid cell updates per second: 72799.6
INFO (CarpetX): Performance:
INFO (CarpetX):   total evolution time:            0.112528 sec
INFO (CarpetX):   total evolution compute time:    0.112486 sec
INFO (CarpetX):   total evolution output time:     4.19617e-05 sec
INFO (CarpetX):   total iterations:                2
INFO (CarpetX):   total cells updated:             8192
INFO (CarpetX):   average iterations per second: 17.7733
INFO (CarpetX):   average cell updates per second: 72799.6
INFO (CarpetX): OutputGH: iteration 3, time 0.011719, run time 0 s
INFO (CarpetX): OutputGH done.
INFO (CarpetX): Simulation time: 0.0117188   Iterations per second: 17.9154   Simulation time per second: 0.0699819
INFO (CarpetX): Grid cells: 4096   Grid cell updates per second: 73381.3
INFO (CarpetX): Performance:
INFO (CarpetX):   total evolution time:            0.167454 sec
INFO (CarpetX):   total evolution compute time:    0.167395 sec
INFO (CarpetX):   total evolution output time:     5.88894e-05 sec
INFO (CarpetX):   total iterations:                3
INFO (CarpetX):   total cells updated:             12288
INFO (CarpetX):   average iterations per second: 17.9154
INFO (CarpetX):   average cell updates per second: 73381.3
INFO (CarpetX): OutputGH: iteration 4, time 0.015625, run time 0 s
INFO (CarpetX): OutputGH done.
INFO (CarpetX): Simulation time: 0.015625   Iterations per second: 17.9753   Simulation time per second: 0.0702162
INFO (CarpetX): Grid cells: 4096   Grid cell updates per second: 73627
INFO (CarpetX): Performance:
INFO (CarpetX):   total evolution time:            0.222527 sec
INFO (CarpetX):   total evolution compute time:    0.222439 sec
INFO (CarpetX):   total evolution output time:     8.79765e-05 sec
INFO (CarpetX):   total iterations:                4
INFO (CarpetX):   total cells updated:             16384
INFO (CarpetX):   average iterations per second: 17.9753
INFO (CarpetX):   average cell updates per second: 73627
INFO (CarpetX): OutputGH: iteration 5, time 0.019531, run time 0 s
INFO (CarpetX): OutputGH done.
INFO (CarpetX): Simulation time: 0.0195312   Iterations per second: 18.0174   Simulation time per second: 0.0703806
INFO (CarpetX): Grid cells: 4096   Grid cell updates per second: 73799.4
INFO (CarpetX): Performance:
INFO (CarpetX):   total evolution time:            0.277509 sec
INFO (CarpetX):   total evolution compute time:    0.277401 sec
INFO (CarpetX):   total evolution output time:     0.000107765 sec
INFO (CarpetX):   total iterations:                5
INFO (CarpetX):   total cells updated:             20480
INFO (CarpetX):   average iterations per second: 18.0174
INFO (CarpetX):   average cell updates per second: 73799.4
INFO (CarpetX): OutputGH: iteration 6, time 0.023438, run time 1 s
INFO (CarpetX): OutputGH done.
INFO (CarpetX): Simulation time: 0.0234375   Iterations per second: 18.0446   Simulation time per second: 0.0704869
INFO (CarpetX): Grid cells: 4096   Grid cell updates per second: 73910.8
INFO (CarpetX): Performance:
INFO (CarpetX):   total evolution time:            0.332509 sec
INFO (CarpetX):   total evolution compute time:    0.332381 sec
INFO (CarpetX):   total evolution output time:     0.000127792 sec
INFO (CarpetX):   total iterations:                6
INFO (CarpetX):   total cells updated:             24576
INFO (CarpetX):   average iterations per second: 18.0446
INFO (CarpetX):   average cell updates per second: 73910.8
INFO (CarpetX): OutputGH: iteration 7, time 0.027344, run time 1 s
INFO (CarpetX): OutputGH done.
INFO (CarpetX): Simulation time: 0.0273438   Iterations per second: 18.0602   Simulation time per second: 0.0705478
INFO (CarpetX): Grid cells: 4096   Grid cell updates per second: 73974.7
INFO (CarpetX): Performance:
INFO (CarpetX):   total evolution time:            0.387592 sec
INFO (CarpetX):   total evolution compute time:    0.387438 sec
INFO (CarpetX):   total evolution output time:     0.00015378 sec
INFO (CarpetX):   total iterations:                7
INFO (CarpetX):   total cells updated:             28672
INFO (CarpetX):   average iterations per second: 18.0602
INFO (CarpetX):   average cell updates per second: 73974.7
INFO (CarpetX): OutputGH: iteration 8, time 0.031250, run time 1 s
INFO (CarpetX): OutputGH done.
INFO (CarpetX): Simulation time: 0.03125   Iterations per second: 18.0801   Simulation time per second: 0.0706253
INFO (CarpetX): Grid cells: 4096   Grid cell updates per second: 74056
INFO (CarpetX): Performance:
INFO (CarpetX):   total evolution time:            0.442476 sec
INFO (CarpetX):   total evolution compute time:    0.442301 sec
INFO (CarpetX):   total evolution output time:     0.000174761 sec
INFO (CarpetX):   total iterations:                8
INFO (CarpetX):   total cells updated:             32768
INFO (CarpetX):   average iterations per second: 18.0801
INFO (CarpetX):   average cell updates per second: 74056
INFO (CarpetX): OutputGH: iteration 9, time 0.035156, run time 1 s
INFO (CarpetX): OutputGH done.
INFO (CarpetX): Simulation time: 0.0351562   Iterations per second: 18.0953   Simulation time per second: 0.0706846
INFO (CarpetX): Grid cells: 4096   Grid cell updates per second: 74118.2
INFO (CarpetX): Performance:
INFO (CarpetX):   total evolution time:            0.497368 sec
INFO (CarpetX):   total evolution compute time:    0.497167 sec
INFO (CarpetX):   total evolution output time:     0.000200748 sec
INFO (CarpetX):   total iterations:                9
INFO (CarpetX):   total cells updated:             36864
INFO (CarpetX):   average iterations per second: 18.0953
INFO (CarpetX):   average cell updates per second: 74118.2
INFO (CarpetX): OutputGH: iteration 10, time 0.039062, run time 1 s
INFO (CarpetX): OutputGH done.
INFO (CarpetX): Simulation time: 0.0390625   Iterations per second: 18.1048   Simulation time per second: 0.070722
INFO (CarpetX): Grid cells: 4096   Grid cell updates per second: 74157.4
INFO (CarpetX): Performance:
INFO (CarpetX):   total evolution time:            0.552339 sec
INFO (CarpetX):   total evolution compute time:    0.552108 sec
INFO (CarpetX):   total evolution output time:     0.000230551 sec
INFO (CarpetX):   total iterations:                10
INFO (CarpetX):   total cells updated:             40960
INFO (CarpetX):   average iterations per second: 18.1048
INFO (CarpetX):   average cell updates per second: 74157.4
INFO (CarpetX): OutputGH: iteration 11, time 0.042969, run time 1 s
INFO (CarpetX): OutputGH done.
INFO (CarpetX): Simulation time: 0.0429688   Iterations per second: 18.1153   Simulation time per second: 0.0707628
INFO (CarpetX): Grid cells: 4096   Grid cell updates per second: 74200.2
INFO (CarpetX): Performance:
INFO (CarpetX):   total evolution time:            0.607254 sec
INFO (CarpetX):   total evolution compute time:    0.607 sec
INFO (CarpetX):   total evolution output time:     0.000253677 sec
INFO (CarpetX):   total iterations:                11
INFO (CarpetX):   total cells updated:             45056
INFO (CarpetX):   average iterations per second: 18.1143
INFO (CarpetX):   average cell updates per second: 74196.3
INFO (CarpetX): OutputGH: iteration 12, time 0.046875, run time 1 s
INFO (CarpetX): OutputGH done.
INFO (CarpetX): Simulation time: 0.046875   Iterations per second: 18.1251   Simulation time per second: 0.0708012
INFO (CarpetX): Grid cells: 4096   Grid cell updates per second: 74240.4
INFO (CarpetX): Performance:
INFO (CarpetX):   total evolution time:            0.662157 sec
INFO (CarpetX):   total evolution compute time:    0.661882 sec
INFO (CarpetX):   total evolution output time:     0.000274658 sec
INFO (CarpetX):   total iterations:                12
INFO (CarpetX):   total cells updated:             49152
INFO (CarpetX):   average iterations per second: 18.1226
INFO (CarpetX):   average cell updates per second: 74230.1
INFO (CarpetX): OutputGH: iteration 13, time 0.050781, run time 1 s
INFO (CarpetX): OutputGH done.
INFO (CarpetX): Simulation time: 0.0507812   Iterations per second: 18.1335   Simulation time per second: 0.0708341
INFO (CarpetX): Grid cells: 4096   Grid cell updates per second: 74274.9
INFO (CarpetX): Performance:
INFO (CarpetX):   total evolution time:            0.717073 sec
INFO (CarpetX):   total evolution compute time:    0.716777 sec
INFO (CarpetX):   total evolution output time:     0.000295639 sec
INFO (CarpetX):   total iterations:                13
INFO (CarpetX):   total cells updated:             53248
INFO (CarpetX):   average iterations per second: 18.1293
INFO (CarpetX):   average cell updates per second: 74257.5
INFO (CarpetX): OutputGH: iteration 14, time 0.054688, run time 1 s
INFO (CarpetX): OutputGH done.
INFO (CarpetX): Simulation time: 0.0546875   Iterations per second: 18.1382   Simulation time per second: 0.0708523
INFO (CarpetX): Grid cells: 4096   Grid cell updates per second: 74294
INFO (CarpetX): Performance:
INFO (CarpetX):   total evolution time:            0.772078 sec
INFO (CarpetX):   total evolution compute time:    0.771753 sec
INFO (CarpetX):   total evolution output time:     0.000324726 sec
INFO (CarpetX):   total iterations:                14
INFO (CarpetX):   total cells updated:             57344
INFO (CarpetX):   average iterations per second: 18.1329
INFO (CarpetX):   average cell updates per second: 74272.3
INFO (CarpetX): OutputGH: iteration 15, time 0.058594, run time 1 s
INFO (CarpetX): OutputGH done.
INFO (CarpetX): Simulation time: 0.0585938   Iterations per second: 18.1422   Simulation time per second: 0.0708681
INFO (CarpetX): Grid cells: 4096   Grid cell updates per second: 74310.6
INFO (CarpetX): Performance:
INFO (CarpetX):   total evolution time:            0.827087 sec
INFO (CarpetX):   total evolution compute time:    0.826733 sec
INFO (CarpetX):   total evolution output time:     0.000353575 sec
INFO (CarpetX):   total iterations:                15
INFO (CarpetX):   total cells updated:             61440
INFO (CarpetX):   average iterations per second: 18.1359
INFO (CarpetX):   average cell updates per second: 74284.8
INFO (CarpetX): OutputGH: iteration 16, time 0.062500, run time 1 s
INFO (CarpetX): OutputGH done.
INFO (CarpetX): Simulation time: 0.0625   Iterations per second: 18.1476   Simulation time per second: 0.0708891
INFO (CarpetX): Grid cells: 4096   Grid cell updates per second: 74332.6
INFO (CarpetX): Performance:
INFO (CarpetX):   total evolution time:            0.882044 sec
INFO (CarpetX):   total evolution compute time:    0.88167 sec
INFO (CarpetX):   total evolution output time:     0.000373602 sec
INFO (CarpetX):   total iterations:                16
INFO (CarpetX):   total cells updated:             65536
INFO (CarpetX):   average iterations per second: 18.1397
INFO (CarpetX):   average cell updates per second: 74300.2
INFO (CarpetX): OutputGH: iteration 17, time 0.066406, run time 1 s
INFO (CarpetX): OutputGH done.
INFO (CarpetX): Simulation time: 0.0664062   Iterations per second: 18.1515   Simulation time per second: 0.0709045
INFO (CarpetX): Grid cells: 4096   Grid cell updates per second: 74348.7
INFO (CarpetX): Performance:
INFO (CarpetX):   total evolution time:            0.937028 sec
INFO (CarpetX):   total evolution compute time:    0.936633 sec
INFO (CarpetX):   total evolution output time:     0.000394583 sec
INFO (CarpetX):   total iterations:                17
INFO (CarpetX):   total cells updated:             69632
INFO (CarpetX):   average iterations per second: 18.1425
INFO (CarpetX):   average cell updates per second: 74311.6
INFO (CarpetX): OutputGH: iteration 18, time 0.070312, run time 1 s
INFO (CarpetX): OutputGH done.
INFO (CarpetX): Simulation time: 0.0703125   Iterations per second: 18.1576   Simulation time per second: 0.070928
INFO (CarpetX): Grid cells: 4096   Grid cell updates per second: 74373.4
INFO (CarpetX): Performance:
INFO (CarpetX):   total evolution time:            0.991937 sec
INFO (CarpetX):   total evolution compute time:    0.991522 sec
INFO (CarpetX):   total evolution output time:     0.00041461 sec
INFO (CarpetX):   total iterations:                18
INFO (CarpetX):   total cells updated:             73728
INFO (CarpetX):   average iterations per second: 18.1463
INFO (CarpetX):   average cell updates per second: 74327.3
INFO (CarpetX): OutputGH: iteration 19, time 0.074219, run time 1 s
INFO (CarpetX): OutputGH done.
INFO (CarpetX): Simulation time: 0.0742188   Iterations per second: 18.1621   Simulation time per second: 0.0709458
INFO (CarpetX): Grid cells: 4096   Grid cell updates per second: 74392.1
INFO (CarpetX): Performance:
INFO (CarpetX):   total evolution time:            1.04687 sec
INFO (CarpetX):   total evolution compute time:    1.04644 sec
INFO (CarpetX):   total evolution output time:     0.000433683 sec
INFO (CarpetX):   total iterations:                19
INFO (CarpetX):   total cells updated:             77824
INFO (CarpetX):   average iterations per second: 18.1493
INFO (CarpetX):   average cell updates per second: 74339.6
INFO (CarpetX): OutputGH: iteration 20, time 0.078125, run time 1 s
INFO (CarpetX): OutputGH done.
INFO (CarpetX): Simulation time: 0.078125   Iterations per second: 18.1669   Simulation time per second: 0.0709643
INFO (CarpetX): Grid cells: 4096   Grid cell updates per second: 74411.5
INFO (CarpetX): Performance:
INFO (CarpetX):   total evolution time:            1.10179 sec
INFO (CarpetX):   total evolution compute time:    1.10134 sec
INFO (CarpetX):   total evolution output time:     0.000452757 sec
INFO (CarpetX):   total iterations:                20
INFO (CarpetX):   total cells updated:             81920
INFO (CarpetX):   average iterations per second: 18.1523
INFO (CarpetX):   average cell updates per second: 74351.9
INFO (CarpetX): OutputGH: iteration 21, time 0.082031, run time 1 s
INFO (CarpetX): OutputGH done.
INFO (CarpetX): Simulation time: 0.0820312   Iterations per second: 18.1719   Simulation time per second: 0.0709841
INFO (CarpetX): Grid cells: 4096   Grid cell updates per second: 74432.2
INFO (CarpetX): Performance:
INFO (CarpetX):   total evolution time:            1.15668 sec
INFO (CarpetX):   total evolution compute time:    1.15621 sec
INFO (CarpetX):   total evolution output time:     0.00047183 sec
INFO (CarpetX):   total iterations:                21
INFO (CarpetX):   total cells updated:             86016
INFO (CarpetX):   average iterations per second: 18.1554
INFO (CarpetX):   average cell updates per second: 74364.6
INFO (CarpetX): OutputGH: iteration 22, time 0.085938, run time 1 s
INFO (CarpetX): OutputGH done.
INFO (CarpetX): Simulation time: 0.0859375   Iterations per second: 18.1722   Simulation time per second: 0.0709851
INFO (CarpetX): Grid cells: 4096   Grid cell updates per second: 74433.3
INFO (CarpetX): Performance:
INFO (CarpetX):   total evolution time:            1.2117 sec
INFO (CarpetX):   total evolution compute time:    1.2112 sec
INFO (CarpetX):   total evolution output time:     0.000499725 sec
INFO (CarpetX):   total iterations:                22
INFO (CarpetX):   total cells updated:             90112
INFO (CarpetX):   average iterations per second: 18.1563
INFO (CarpetX):   average cell updates per second: 74368.1
INFO (CarpetX): OutputGH: iteration 23, time 0.089844, run time 1 s
INFO (CarpetX): OutputGH done.
INFO (CarpetX): Simulation time: 0.0898438   Iterations per second: 18.1753   Simulation time per second: 0.0709973
INFO (CarpetX): Grid cells: 4096   Grid cell updates per second: 74446.1
INFO (CarpetX): Performance:
INFO (CarpetX):   total evolution time:            1.26664 sec
INFO (CarpetX):   total evolution compute time:    1.26612 sec
INFO (CarpetX):   total evolution output time:     0.00051856 sec
INFO (CarpetX):   total iterations:                23
INFO (CarpetX):   total cells updated:             94208
INFO (CarpetX):   average iterations per second: 18.1583
INFO (CarpetX):   average cell updates per second: 74376.5
INFO (CarpetX): OutputGH: iteration 24, time 0.093750, run time 2 s
INFO (CarpetX): OutputGH done.
INFO (CarpetX): Simulation time: 0.09375   Iterations per second: 18.1789   Simulation time per second: 0.0710112
INFO (CarpetX): Grid cells: 4096   Grid cell updates per second: 74460.6
INFO (CarpetX): Performance:
INFO (CarpetX):   total evolution time:            1.32155 sec
INFO (CarpetX):   total evolution compute time:    1.32101 sec
INFO (CarpetX):   total evolution output time:     0.000537634 sec
INFO (CarpetX):   total iterations:                24
INFO (CarpetX):   total cells updated:             98304
INFO (CarpetX):   average iterations per second: 18.1605
INFO (CarpetX):   average cell updates per second: 74385.5
INFO (CarpetX): OutputGH: iteration 25, time 0.097656, run time 2 s
INFO (CarpetX): OutputGH done.
INFO (CarpetX): Simulation time: 0.0976562   Iterations per second: 18.1786   Simulation time per second: 0.0710101
INFO (CarpetX): Grid cells: 4096   Grid cell updates per second: 74459.5
INFO (CarpetX): Performance:
INFO (CarpetX):   total evolution time:            1.37657 sec
INFO (CarpetX):   total evolution compute time:    1.376 sec
INFO (CarpetX):   total evolution output time:     0.000561476 sec
INFO (CarpetX):   total iterations:                25
INFO (CarpetX):   total cells updated:             102400
INFO (CarpetX):   average iterations per second: 18.1611
INFO (CarpetX):   average cell updates per second: 74388
INFO (CarpetX): OutputGH: iteration 26, time 0.101562, run time 2 s
INFO (CarpetX): OutputGH done.
INFO (CarpetX): Simulation time: 0.101562   Iterations per second: 18.1798   Simulation time per second: 0.0710147
INFO (CarpetX): Grid cells: 4096   Grid cell updates per second: 74464.4
INFO (CarpetX): Performance:
INFO (CarpetX):   total evolution time:            1.43154 sec
INFO (CarpetX):   total evolution compute time:    1.43096 sec
INFO (CarpetX):   total evolution output time:     0.000581503 sec
INFO (CarpetX):   total iterations:                26
INFO (CarpetX):   total cells updated:             106496
INFO (CarpetX):   average iterations per second: 18.1623
INFO (CarpetX):   average cell updates per second: 74392.6
INFO (CarpetX): OutputGH: iteration 27, time 0.105469, run time 2 s
INFO (CarpetX): OutputGH done.
INFO (CarpetX): Simulation time: 0.105469   Iterations per second: 18.1828   Simulation time per second: 0.0710266
INFO (CarpetX): Grid cells: 4096   Grid cell updates per second: 74476.8
INFO (CarpetX): Performance:
INFO (CarpetX):   total evolution time:            1.48645 sec
INFO (CarpetX):   total evolution compute time:    1.48585 sec
INFO (CarpetX):   total evolution output time:     0.000600576 sec
INFO (CarpetX):   total iterations:                27
INFO (CarpetX):   total cells updated:             110592
INFO (CarpetX):   average iterations per second: 18.164
INFO (CarpetX):   average cell updates per second: 74399.9
INFO (CarpetX): OutputGH: iteration 28, time 0.109375, run time 2 s
INFO (CarpetX): OutputGH done.
INFO (CarpetX): Simulation time: 0.109375   Iterations per second: 18.1854   Simulation time per second: 0.0710366
INFO (CarpetX): Grid cells: 4096   Grid cell updates per second: 74487.3
INFO (CarpetX): Performance:
INFO (CarpetX):   total evolution time:            1.54137 sec
INFO (CarpetX):   total evolution compute time:    1.54076 sec
INFO (CarpetX):   total evolution output time:     0.000618458 sec
INFO (CarpetX):   total iterations:                28
INFO (CarpetX):   total cells updated:             114688
INFO (CarpetX):   average iterations per second: 18.1656
INFO (CarpetX):   average cell updates per second: 74406.4
INFO (CarpetX): OutputGH: iteration 29, time 0.113281, run time 2 s
INFO (CarpetX): OutputGH done.
INFO (CarpetX): Simulation time: 0.113281   Iterations per second: 18.1891   Simulation time per second: 0.0710512
INFO (CarpetX): Grid cells: 4096   Grid cell updates per second: 74502.6
INFO (CarpetX): Performance:
INFO (CarpetX):   total evolution time:            1.59625 sec
INFO (CarpetX):   total evolution compute time:    1.59561 sec
INFO (CarpetX):   total evolution output time:     0.000637531 sec
INFO (CarpetX):   total iterations:                29
INFO (CarpetX):   total cells updated:             118784
INFO (CarpetX):   average iterations per second: 18.1676
INFO (CarpetX):   average cell updates per second: 74414.4
INFO (CarpetX): OutputGH: iteration 30, time 0.117188, run time 2 s
INFO (CarpetX): OutputGH done.
INFO (CarpetX): Simulation time: 0.117188   Iterations per second: 18.1901   Simulation time per second: 0.0710552
INFO (CarpetX): Grid cells: 4096   Grid cell updates per second: 74506.8
INFO (CarpetX): Performance:
INFO (CarpetX):   total evolution time:            1.6512 sec
INFO (CarpetX):   total evolution compute time:    1.65054 sec
INFO (CarpetX):   total evolution output time:     0.000659466 sec
INFO (CarpetX):   total iterations:                30
INFO (CarpetX):   total cells updated:             122880
INFO (CarpetX):   average iterations per second: 18.1686
INFO (CarpetX):   average cell updates per second: 74418.8
INFO (CarpetX): OutputGH: iteration 31, time 0.121094, run time 2 s
INFO (CarpetX): OutputGH done.
INFO (CarpetX): Simulation time: 0.121094   Iterations per second: 18.1908   Simulation time per second: 0.0710577
INFO (CarpetX): Grid cells: 4096   Grid cell updates per second: 74509.4
INFO (CarpetX): Performance:
INFO (CarpetX):   total evolution time:            1.70615 sec
INFO (CarpetX):   total evolution compute time:    1.70547 sec
INFO (CarpetX):   total evolution output time:     0.000680447 sec
INFO (CarpetX):   total iterations:                31
INFO (CarpetX):   total cells updated:             126976
INFO (CarpetX):   average iterations per second: 18.1695
INFO (CarpetX):   average cell updates per second: 74422.4
INFO (CarpetX): OutputGH: iteration 32, time 0.125000, run time 2 s
INFO (CarpetX): OutputGH done.
INFO (CarpetX): Simulation time: 0.125   Iterations per second: 18.1915   Simulation time per second: 0.0710606
INFO (CarpetX): Grid cells: 4096   Grid cell updates per second: 74512.5
INFO (CarpetX): Performance:
INFO (CarpetX):   total evolution time:            1.7611 sec
INFO (CarpetX):   total evolution compute time:    1.7604 sec
INFO (CarpetX):   total evolution output time:     0.00070262 sec
INFO (CarpetX):   total iterations:                32
INFO (CarpetX):   total cells updated:             131072
INFO (CarpetX):   average iterations per second: 18.1704
INFO (CarpetX):   average cell updates per second: 74426.1
INFO (CarpetX): OutputGH: iteration 33, time 0.128906, run time 2 s
INFO (CarpetX): OutputGH done.
INFO (CarpetX): Simulation time: 0.128906   Iterations per second: 18.1918   Simulation time per second: 0.0710616
INFO (CarpetX): Grid cells: 4096   Grid cell updates per second: 74513.5
INFO (CarpetX): Performance:
INFO (CarpetX):   total evolution time:            1.81607 sec
INFO (CarpetX):   total evolution compute time:    1.81534 sec
INFO (CarpetX):   total evolution output time:     0.000722647 sec
INFO (CarpetX):   total iterations:                33
INFO (CarpetX):   total cells updated:             135168
INFO (CarpetX):   average iterations per second: 18.1712
INFO (CarpetX):   average cell updates per second: 74429
INFO (CarpetX): OutputGH: iteration 34, time 0.132812, run time 2 s
INFO (CarpetX): OutputGH done.
INFO (CarpetX): Simulation time: 0.132812   Iterations per second: 18.1915   Simulation time per second: 0.0710605
INFO (CarpetX): Grid cells: 4096   Grid cell updates per second: 74512.3
INFO (CarpetX): Performance:
INFO (CarpetX):   total evolution time:            1.87104 sec
INFO (CarpetX):   total evolution compute time:    1.8703 sec
INFO (CarpetX):   total evolution output time:     0.000741482 sec
INFO (CarpetX):   total iterations:                34
INFO (CarpetX):   total cells updated:             139264
INFO (CarpetX):   average iterations per second: 18.1717
INFO (CarpetX):   average cell updates per second: 74431.2
INFO (CarpetX): OutputGH: iteration 35, time 0.136719, run time 2 s
INFO (CarpetX): OutputGH done.
INFO (CarpetX): Simulation time: 0.136719   Iterations per second: 18.193   Simulation time per second: 0.0710664
INFO (CarpetX): Grid cells: 4096   Grid cell updates per second: 74518.5
INFO (CarpetX): Performance:
INFO (CarpetX):   total evolution time:            1.92597 sec
INFO (CarpetX):   total evolution compute time:    1.92521 sec
INFO (CarpetX):   total evolution output time:     0.000761509 sec
INFO (CarpetX):   total iterations:                35
INFO (CarpetX):   total cells updated:             143360
INFO (CarpetX):   average iterations per second: 18.1727
INFO (CarpetX):   average cell updates per second: 74435.2
INFO (CarpetX): OutputGH: iteration 36, time 0.140625, run time 2 s
INFO (CarpetX): OutputGH done.
INFO (CarpetX): Simulation time: 0.140625   Iterations per second: 18.1959   Simulation time per second: 0.0710777
INFO (CarpetX): Grid cells: 4096   Grid cell updates per second: 74530.4
INFO (CarpetX): Performance:
INFO (CarpetX):   total evolution time:            1.98085 sec
INFO (CarpetX):   total evolution compute time:    1.98007 sec
INFO (CarpetX):   total evolution output time:     0.000781536 sec
INFO (CarpetX):   total iterations:                36
INFO (CarpetX):   total cells updated:             147456
INFO (CarpetX):   average iterations per second: 18.174
INFO (CarpetX):   average cell updates per second: 74440.8
INFO (CarpetX): OutputGH: iteration 37, time 0.144531, run time 2 s
INFO (CarpetX): OutputGH done.
INFO (CarpetX): Simulation time: 0.144531   Iterations per second: 18.1984   Simulation time per second: 0.0710876
INFO (CarpetX): Grid cells: 4096   Grid cell updates per second: 74540.7
INFO (CarpetX): Performance:
INFO (CarpetX):   total evolution time:            2.03573 sec
INFO (CarpetX):   total evolution compute time:    2.03493 sec
INFO (CarpetX):   total evolution output time:     0.00080061 sec
INFO (CarpetX):   total iterations:                37
INFO (CarpetX):   total cells updated:             151552
INFO (CarpetX):   average iterations per second: 18.1753
INFO (CarpetX):   average cell updates per second: 74446
INFO (CarpetX): OutputGH: iteration 38, time 0.148438, run time 2 s
INFO (CarpetX): OutputGH done.
INFO (CarpetX): Simulation time: 0.148438   Iterations per second: 18.199   Simulation time per second: 0.0710899
INFO (CarpetX): Grid cells: 4096   Grid cell updates per second: 74543.2
INFO (CarpetX): Performance:
INFO (CarpetX):   total evolution time:            2.09066 sec
INFO (CarpetX):   total evolution compute time:    2.08984 sec
INFO (CarpetX):   total evolution output time:     0.000825644 sec
INFO (CarpetX):   total iterations:                38
INFO (CarpetX):   total cells updated:             155648
INFO (CarpetX):   average iterations per second: 18.1761
INFO (CarpetX):   average cell updates per second: 74449.2
INFO (CarpetX): OutputGH: iteration 39, time 0.152344, run time 2 s
INFO (CarpetX): OutputGH done.
INFO (CarpetX): Simulation time: 0.152344   Iterations per second: 18.199   Simulation time per second: 0.0710898
INFO (CarpetX): Grid cells: 4096   Grid cell updates per second: 74543
INFO (CarpetX): Performance:
INFO (CarpetX):   total evolution time:            2.14561 sec
INFO (CarpetX):   total evolution compute time:    2.14476 sec
INFO (CarpetX):   total evolution output time:     0.000853777 sec
INFO (CarpetX):   total iterations:                39
INFO (CarpetX):   total cells updated:             159744
INFO (CarpetX):   average iterations per second: 18.1766
INFO (CarpetX):   average cell updates per second: 74451.5
INFO (CarpetX): OutputGH: iteration 40, time 0.156250, run time 2 s
INFO (CarpetX): OutputGH done.
INFO (CarpetX): Simulation time: 0.15625   Iterations per second: 18.197   Simulation time per second: 0.0710819
INFO (CarpetX): Grid cells: 4096   Grid cell updates per second: 74534.7
INFO (CarpetX): Performance:
INFO (CarpetX):   total evolution time:            2.20062 sec
INFO (CarpetX):   total evolution compute time:    2.19974 sec
INFO (CarpetX):   total evolution output time:     0.00087595 sec
INFO (CarpetX):   total iterations:                40
INFO (CarpetX):   total cells updated:             163840
INFO (CarpetX):   average iterations per second: 18.1767
INFO (CarpetX):   average cell updates per second: 74451.8
INFO (CarpetX): OutputGH: iteration 41, time 0.160156, run time 2 s
INFO (CarpetX): OutputGH done.
INFO (CarpetX): Simulation time: 0.160156   Iterations per second: 18.1909   Simulation time per second: 0.0710582
INFO (CarpetX): Grid cells: 4096   Grid cell updates per second: 74510
INFO (CarpetX): Performance:
INFO (CarpetX):   total evolution time:            2.25576 sec
INFO (CarpetX):   total evolution compute time:    2.25485 sec
INFO (CarpetX):   total evolution output time:     0.000905037 sec
INFO (CarpetX):   total iterations:                41
INFO (CarpetX):   total cells updated:             167936
INFO (CarpetX):   average iterations per second: 18.1757
INFO (CarpetX):   average cell updates per second: 74447.8
INFO (CarpetX): OutputGH: iteration 42, time 0.164062, run time 3 s
INFO (CarpetX): OutputGH done.
INFO (CarpetX): Simulation time: 0.164062   Iterations per second: 18.1912   Simulation time per second: 0.0710593
INFO (CarpetX): Grid cells: 4096   Grid cell updates per second: 74511.1
INFO (CarpetX): Performance:
INFO (CarpetX):   total evolution time:            2.31072 sec
INFO (CarpetX):   total evolution compute time:    2.30979 sec
INFO (CarpetX):   total evolution output time:     0.000926018 sec
INFO (CarpetX):   total iterations:                42
INFO (CarpetX):   total cells updated:             172032
INFO (CarpetX):   average iterations per second: 18.1761
INFO (CarpetX):   average cell updates per second: 74449.5
INFO (CarpetX): OutputGH: iteration 43, time 0.167969, run time 3 s
INFO (CarpetX): OutputGH done.
INFO (CarpetX): Simulation time: 0.167969   Iterations per second: 18.1918   Simulation time per second: 0.0710619
INFO (CarpetX): Grid cells: 4096   Grid cell updates per second: 74513.8
INFO (CarpetX): Performance:
INFO (CarpetX):   total evolution time:            2.36567 sec
INFO (CarpetX):   total evolution compute time:    2.36472 sec
INFO (CarpetX):   total evolution output time:     0.000952005 sec
INFO (CarpetX):   total iterations:                43
INFO (CarpetX):   total cells updated:             176128
INFO (CarpetX):   average iterations per second: 18.1766
INFO (CarpetX):   average cell updates per second: 74451.6
INFO (CarpetX): OutputGH: iteration 44, time 0.171875, run time 3 s
INFO (CarpetX): OutputGH done.
INFO (CarpetX): Simulation time: 0.171875   Iterations per second: 18.1884   Simulation time per second: 0.0710485
INFO (CarpetX): Grid cells: 4096   Grid cell updates per second: 74499.8
INFO (CarpetX): Performance:
INFO (CarpetX):   total evolution time:            2.42075 sec
INFO (CarpetX):   total evolution compute time:    2.41976 sec
INFO (CarpetX):   total evolution output time:     0.000981092 sec
INFO (CarpetX):   total iterations:                44
INFO (CarpetX):   total cells updated:             180224
INFO (CarpetX):   average iterations per second: 18.1762
INFO (CarpetX):   average cell updates per second: 74449.8
INFO (CarpetX): OutputGH: iteration 45, time 0.175781, run time 3 s
INFO (CarpetX): OutputGH done.
INFO (CarpetX): Simulation time: 0.175781   Iterations per second: 18.1894   Simulation time per second: 0.0710524
INFO (CarpetX): Grid cells: 4096   Grid cell updates per second: 74503.8
INFO (CarpetX): Performance:
INFO (CarpetX):   total evolution time:            2.4757 sec
INFO (CarpetX):   total evolution compute time:    2.47468 sec
INFO (CarpetX):   total evolution output time:     0.00101113 sec
INFO (CarpetX):   total iterations:                45
INFO (CarpetX):   total cells updated:             184320
INFO (CarpetX):   average iterations per second: 18.1767
INFO (CarpetX):   average cell updates per second: 74451.8
INFO (CarpetX): OutputGH: iteration 46, time 0.179688, run time 3 s
INFO (CarpetX): OutputGH done.
INFO (CarpetX): Simulation time: 0.179688   Iterations per second: 18.1891   Simulation time per second: 0.0710514
INFO (CarpetX): Grid cells: 4096   Grid cell updates per second: 74502.7
INFO (CarpetX): Performance:
INFO (CarpetX):   total evolution time:            2.53068 sec
INFO (CarpetX):   total evolution compute time:    2.52964 sec
INFO (CarpetX):   total evolution output time:     0.00104094 sec
INFO (CarpetX):   total iterations:                46
INFO (CarpetX):   total cells updated:             188416
INFO (CarpetX):   average iterations per second: 18.1769
INFO (CarpetX):   average cell updates per second: 74452.7
INFO (CarpetX): OutputGH: iteration 47, time 0.183594, run time 3 s
INFO (CarpetX): OutputGH done.
INFO (CarpetX): Simulation time: 0.183594   Iterations per second: 18.1881   Simulation time per second: 0.0710472
INFO (CarpetX): Grid cells: 4096   Grid cell updates per second: 74498.4
INFO (CarpetX): Performance:
INFO (CarpetX):   total evolution time:            2.58569 sec
INFO (CarpetX):   total evolution compute time:    2.58462 sec
INFO (CarpetX):   total evolution output time:     0.00106692 sec
INFO (CarpetX):   total iterations:                47
INFO (CarpetX):   total cells updated:             192512
INFO (CarpetX):   average iterations per second: 18.177
INFO (CarpetX):   average cell updates per second: 74452.8
INFO (CarpetX): OutputGH: iteration 48, time 0.187500, run time 3 s
INFO (CarpetX): OutputGH done.
INFO (CarpetX): Simulation time: 0.1875   Iterations per second: 18.188   Simulation time per second: 0.071047
INFO (CarpetX): Grid cells: 4096   Grid cell updates per second: 74498.1
INFO (CarpetX): Performance:
INFO (CarpetX):   total evolution time:            2.64067 sec
INFO (CarpetX):   total evolution compute time:    2.63958 sec
INFO (CarpetX):   total evolution output time:     0.00109506 sec
INFO (CarpetX):   total iterations:                48
INFO (CarpetX):   total cells updated:             196608
INFO (CarpetX):   average iterations per second: 18.1772
INFO (CarpetX):   average cell updates per second: 74453.7
INFO (CarpetX): OutputGH: iteration 49, time 0.191406, run time 3 s
INFO (CarpetX): OutputGH done.
INFO (CarpetX): Simulation time: 0.191406   Iterations per second: 18.1885   Simulation time per second: 0.0710488
INFO (CarpetX): Grid cells: 4096   Grid cell updates per second: 74500.1
INFO (CarpetX): Performance:
INFO (CarpetX):   total evolution time:            2.69564 sec
INFO (CarpetX):   total evolution compute time:    2.69452 sec
INFO (CarpetX):   total evolution output time:     0.00112104 sec
INFO (CarpetX):   total iterations:                49
INFO (CarpetX):   total cells updated:             200704
INFO (CarpetX):   average iterations per second: 18.1775
INFO (CarpetX):   average cell updates per second: 74455
INFO (CarpetX): OutputGH: iteration 50, time 0.195312, run time 3 s
INFO (CarpetX): OutputGH done.
INFO (CarpetX): Simulation time: 0.195312   Iterations per second: 18.1867   Simulation time per second: 0.0710418
INFO (CarpetX): Grid cells: 4096   Grid cell updates per second: 74492.7
INFO (CarpetX): Performance:
INFO (CarpetX):   total evolution time:            2.75067 sec
INFO (CarpetX):   total evolution compute time:    2.74953 sec
INFO (CarpetX):   total evolution output time:     0.00114918 sec
INFO (CarpetX):   total iterations:                50
INFO (CarpetX):   total cells updated:             204800
INFO (CarpetX):   average iterations per second: 18.1774
INFO (CarpetX):   average cell updates per second: 74454.5
INFO (CarpetX): OutputGH: iteration 51, time 0.199219, run time 3 s
INFO (CarpetX): OutputGH done.
INFO (CarpetX): Simulation time: 0.199219   Iterations per second: 18.1852   Simulation time per second: 0.0710361
INFO (CarpetX): Grid cells: 4096   Grid cell updates per second: 74486.8
INFO (CarpetX): Performance:
INFO (CarpetX):   total evolution time:            2.8057 sec
INFO (CarpetX):   total evolution compute time:    2.80453 sec
INFO (CarpetX):   total evolution output time:     0.00117731 sec
INFO (CarpetX):   total iterations:                51
INFO (CarpetX):   total cells updated:             208896
INFO (CarpetX):   average iterations per second: 18.1773
INFO (CarpetX):   average cell updates per second: 74454
INFO (CarpetX): OutputGH: iteration 52, time 0.203125, run time 3 s
INFO (CarpetX): OutputGH done.
INFO (CarpetX): Simulation time: 0.203125   Iterations per second: 18.1759   Simulation time per second: 0.0709998
INFO (CarpetX): Grid cells: 4096   Grid cell updates per second: 74448.6
INFO (CarpetX): Performance:
INFO (CarpetX):   total evolution time:            2.86098 sec
INFO (CarpetX):   total evolution compute time:    2.85977 sec
INFO (CarpetX):   total evolution output time:     0.00120735 sec
INFO (CarpetX):   total iterations:                52
INFO (CarpetX):   total cells updated:             212992
INFO (CarpetX):   average iterations per second: 18.1756
INFO (CarpetX):   average cell updates per second: 74447.3
INFO (CarpetX): OutputGH: iteration 53, time 0.207031, run time 3 s
INFO (CarpetX): OutputGH done.
INFO (CarpetX): Simulation time: 0.207031   Iterations per second: 18.1772   Simulation time per second: 0.0710046
INFO (CarpetX): Grid cells: 4096   Grid cell updates per second: 74453.8
INFO (CarpetX): Performance:
INFO (CarpetX):   total evolution time:            2.91596 sec
INFO (CarpetX):   total evolution compute time:    2.91472 sec
INFO (CarpetX):   total evolution output time:     0.00123334 sec
INFO (CarpetX):   total iterations:                53
INFO (CarpetX):   total cells updated:             217088
INFO (CarpetX):   average iterations per second: 18.1759
INFO (CarpetX):   average cell updates per second: 74448.3
INFO (CarpetX): OutputGH: iteration 54, time 0.210938, run time 3 s
INFO (CarpetX): OutputGH done.
INFO (CarpetX): Simulation time: 0.210938   Iterations per second: 18.1763   Simulation time per second: 0.0710011
INFO (CarpetX): Grid cells: 4096   Grid cell updates per second: 74450.1
INFO (CarpetX): Performance:
INFO (CarpetX):   total evolution time:            2.971 sec
INFO (CarpetX):   total evolution compute time:    2.96974 sec
INFO (CarpetX):   total evolution output time:     0.00125742 sec
INFO (CarpetX):   total iterations:                54
INFO (CarpetX):   total cells updated:             221184
INFO (CarpetX):   average iterations per second: 18.1757
INFO (CarpetX):   average cell updates per second: 74447.8
INFO (CarpetX): OutputGH: iteration 55, time 0.214844, run time 3 s
INFO (CarpetX): OutputGH done.
INFO (CarpetX): Simulation time: 0.214844   Iterations per second: 18.1723   Simulation time per second: 0.0709855
INFO (CarpetX): Grid cells: 4096   Grid cell updates per second: 74433.7
INFO (CarpetX): Performance:
INFO (CarpetX):   total evolution time:            3.02613 sec
INFO (CarpetX):   total evolution compute time:    3.02485 sec
INFO (CarpetX):   total evolution output time:     0.00128841 sec
INFO (CarpetX):   total iterations:                55
INFO (CarpetX):   total cells updated:             225280
INFO (CarpetX):   average iterations per second: 18.175
INFO (CarpetX):   average cell updates per second: 74444.8
INFO (CarpetX): OutputGH: iteration 56, time 0.218750, run time 3 s
INFO (CarpetX): OutputGH done.
INFO (CarpetX): Simulation time: 0.21875   Iterations per second: 18.1649   Simulation time per second: 0.0709567
INFO (CarpetX): Grid cells: 4096   Grid cell updates per second: 74403.5
INFO (CarpetX): Performance:
INFO (CarpetX):   total evolution time:            3.08139 sec
INFO (CarpetX):   total evolution compute time:    3.08007 sec
INFO (CarpetX):   total evolution output time:     0.00131631 sec
INFO (CarpetX):   total iterations:                56
INFO (CarpetX):   total cells updated:             229376
INFO (CarpetX):   average iterations per second: 18.1736
INFO (CarpetX):   average cell updates per second: 74439.2
INFO (CarpetX): OutputGH: iteration 57, time 0.222656, run time 3 s
INFO (CarpetX): OutputGH done.
INFO (CarpetX): Simulation time: 0.222656   Iterations per second: 18.1591   Simulation time per second: 0.0709342
INFO (CarpetX): Grid cells: 4096   Grid cell updates per second: 74379.9
INFO (CarpetX): Performance:
INFO (CarpetX):   total evolution time:            3.13661 sec
INFO (CarpetX):   total evolution compute time:    3.13525 sec
INFO (CarpetX):   total evolution output time:     0.00135851 sec
INFO (CarpetX):   total iterations:                57
INFO (CarpetX):   total cells updated:             233472
INFO (CarpetX):   average iterations per second: 18.1725
INFO (CarpetX):   average cell updates per second: 74434.4
INFO (CarpetX): OutputGH: iteration 58, time 0.226562, run time 3 s
INFO (CarpetX): OutputGH done.
INFO (CarpetX): Simulation time: 0.226562   Iterations per second: 18.1574   Simulation time per second: 0.0709273
INFO (CarpetX): Grid cells: 4096   Grid cell updates per second: 74372.6
INFO (CarpetX): Performance:
INFO (CarpetX):   total evolution time:            3.19173 sec
INFO (CarpetX):   total evolution compute time:    3.19035 sec
INFO (CarpetX):   total evolution output time:     0.00138831 sec
INFO (CarpetX):   total iterations:                58
INFO (CarpetX):   total cells updated:             237568
INFO (CarpetX):   average iterations per second: 18.1719
INFO (CarpetX):   average cell updates per second: 74432.3
INFO (CarpetX): OutputGH: iteration 59, time 0.230469, run time 3 s
INFO (CarpetX): OutputGH done.
INFO (CarpetX): Simulation time: 0.230469   Iterations per second: 18.1489   Simulation time per second: 0.0708943
INFO (CarpetX): Grid cells: 4096   Grid cell updates per second: 74338.1
INFO (CarpetX): Performance:
INFO (CarpetX):   total evolution time:            3.24706 sec
INFO (CarpetX):   total evolution compute time:    3.24564 sec
INFO (CarpetX):   total evolution output time:     0.00142121 sec
INFO (CarpetX):   total iterations:                59
INFO (CarpetX):   total cells updated:             241664
INFO (CarpetX):   average iterations per second: 18.1703
INFO (CarpetX):   average cell updates per second: 74425.4
INFO (CarpetX): OutputGH: iteration 60, time 0.234375, run time 4 s
INFO (CarpetX): OutputGH done.
INFO (CarpetX): Simulation time: 0.234375   Iterations per second: 18.1499   Simulation time per second: 0.0708979
INFO (CarpetX): Grid cells: 4096   Grid cell updates per second: 74341.8
INFO (CarpetX): Performance:
INFO (CarpetX):   total evolution time:            3.30214 sec
INFO (CarpetX):   total evolution compute time:    3.30069 sec
INFO (CarpetX):   total evolution output time:     0.00144911 sec
INFO (CarpetX):   total iterations:                60
INFO (CarpetX):   total cells updated:             245760
INFO (CarpetX):   average iterations per second: 18.1701
INFO (CarpetX):   average cell updates per second: 74424.5
INFO (CarpetX): OutputGH: iteration 61, time 0.238281, run time 4 s
INFO (CarpetX): OutputGH done.
INFO (CarpetX): Simulation time: 0.238281   Iterations per second: 18.1526   Simulation time per second: 0.0709087
INFO (CarpetX): Grid cells: 4096   Grid cell updates per second: 74353.1
INFO (CarpetX): Performance:
INFO (CarpetX):   total evolution time:            3.35715 sec
INFO (CarpetX):   total evolution compute time:    3.35567 sec
INFO (CarpetX):   total evolution output time:     0.001477 sec
INFO (CarpetX):   total iterations:                61
INFO (CarpetX):   total cells updated:             249856
INFO (CarpetX):   average iterations per second: 18.1702
INFO (CarpetX):   average cell updates per second: 74425
INFO (CarpetX): OutputGH: iteration 62, time 0.242188, run time 4 s
INFO (CarpetX): OutputGH done.
INFO (CarpetX): Simulation time: 0.242188   Iterations per second: 18.1544   Simulation time per second: 0.0709155
INFO (CarpetX): Grid cells: 4096   Grid cell updates per second: 74360.3
INFO (CarpetX): Performance:
INFO (CarpetX):   total evolution time:            3.41218 sec
INFO (CarpetX):   total evolution compute time:    3.41068 sec
INFO (CarpetX):   total evolution output time:     0.00150204 sec
INFO (CarpetX):   total iterations:                62
INFO (CarpetX):   total cells updated:             253952
INFO (CarpetX):   average iterations per second: 18.1702
INFO (CarpetX):   average cell updates per second: 74425
INFO (CarpetX): OutputGH: iteration 63, time 0.246094, run time 4 s
INFO (CarpetX): OutputGH done.
INFO (CarpetX): Simulation time: 0.246094   Iterations per second: 18.1603   Simulation time per second: 0.0709387
INFO (CarpetX): Grid cells: 4096   Grid cell updates per second: 74384.6
INFO (CarpetX): Performance:
INFO (CarpetX):   total evolution time:            3.46709 sec
INFO (CarpetX):   total evolution compute time:    3.46556 sec
INFO (CarpetX):   total evolution output time:     0.00152588 sec
INFO (CarpetX):   total iterations:                63
INFO (CarpetX):   total cells updated:             258048
INFO (CarpetX):   average iterations per second: 18.1709
INFO (CarpetX):   average cell updates per second: 74427.9
INFO (CarpetX): OutputGH: iteration 64, time 0.250000, run time 4 s
INFO (CarpetX): OutputGH done.
INFO (CarpetX): Simulation time: 0.25   Iterations per second: 17.5121   Simulation time per second: 0.0684067
INFO (CarpetX): Grid cells: 4096   Grid cell updates per second: 71729.6
INFO (CarpetX): Performance:
INFO (CarpetX):   total evolution time:            3.54253 sec
INFO (CarpetX):   total evolution compute time:    3.52767 sec
INFO (CarpetX):   total evolution output time:     0.0148668 sec
INFO (CarpetX):   total iterations:                64
INFO (CarpetX):   total cells updated:             262144
INFO (CarpetX):   average iterations per second: 18.0662
INFO (CarpetX):   average cell updates per second: 73999
INFO (CarpetX): Shutting down...
AMReX (25.11) finalized
--------------------------------------------------------------------------------
Done.

real	0m3.969s
user	0m6.657s
sys	0m0.176s
+ echo Stopping:
Stopping:
+ date
Tue Mar 10 07:06:55 PM UTC 2026
+ echo Done.
Done.
  Elapsed time: 4.0 s
