/__w/canudax-tests/workspace/simulations/TestJob01_temp_1/output-0000/TEST/sim/CanudaX_BSSNMoL
Preparing:
+ set -e
+ cd output-0000-active
+ echo Checking:
Checking:
+ pwd
/__w/canudax-tests/workspace/simulations/TestJob01_temp_1/output-0000/TEST/sim/CanudaX_BSSNMoL/output-0000-active
+ hostname
ab0541cfe1e0
+ date
Sun Mar  8 04:40:57 PM UTC 2026
+ echo Environment:
Environment:
+ export SIMULATION_ID=simulation-TestJob01_temp_1-actions-cpu-real64-actions-root-2026.03.08-16.40.57-13041
+ SIMULATION_ID=simulation-TestJob01_temp_1-actions-cpu-real64-actions-root-2026.03.08-16.40.57-13041
+ export CACTUS_NUM_PROCS=1
+ CACTUS_NUM_PROCS=1
+ export CACTUS_NUM_THREADS=2
+ CACTUS_NUM_THREADS=2
+ export CACTUS_SET_THREAD_BINDINGS=0
+ CACTUS_SET_THREAD_BINDINGS=0
+ export GLIBCXX_FORCE_NEW=1
+ GLIBCXX_FORCE_NEW=1
+ export GMON_OUT_PREFIX=gmon.out
+ GMON_OUT_PREFIX=gmon.out
+ export OMP_DISPLAY_ENV=TRUE
+ OMP_DISPLAY_ENV=TRUE
+ export OMP_MAX_TASKS=100
+ OMP_MAX_TASKS=100
+ export OMP_NUM_THREADS=2
+ OMP_NUM_THREADS=2
+ export OMP_PLACES=cores
+ OMP_PLACES=cores
+ export OMP_PROC_BIND=FALSE
+ OMP_PROC_BIND=FALSE
+ export OMP_STACKSIZE=8192
+ OMP_STACKSIZE=8192
+ env
+ sort
+ echo Starting:
Starting:
++ date +%s
+ export CACTUS_STARTTIME=1772988057
+ CACTUS_STARTTIME=1772988057
+ mpiexec -n 1 /__w/canudax-tests/workspace/simulations/TestJob01_temp_1/SIMFACTORY/exe/cactus_sim -L 3 /__w/canudax-tests/workspace/simulations/TestJob01_temp_1/output-0000/arrangements/CanudaX_Lean/CanudaX_BSSNMoL/test/gaugewave.par

OPENMP DISPLAY ENVIRONMENT BEGIN
  _OPENMP = '201511'
  [host] OMP_DYNAMIC = 'FALSE'
  [host] OMP_NESTED = 'FALSE'
  [host] OMP_NUM_THREADS = '2'
  [host] OMP_SCHEDULE = 'DYNAMIC'
  [host] OMP_PROC_BIND = 'FALSE'
  [host] OMP_PLACES = ''
  [host] OMP_STACKSIZE = '8388608'
  [host] OMP_WAIT_POLICY = 'PASSIVE'
  [host] OMP_THREAD_LIMIT = '4294967295'
  [host] OMP_MAX_ACTIVE_LEVELS = '1'
  [host] OMP_NUM_TEAMS = '0'
  [host] OMP_TEAMS_THREAD_LIMIT = '0'
  [all] OMP_CANCELLATION = 'FALSE'
  [all] OMP_DEFAULT_DEVICE = '0'
  [all] OMP_MAX_TASK_PRIORITY = '0'
  [all] OMP_DISPLAY_AFFINITY = 'FALSE'
  [host] OMP_AFFINITY_FORMAT = 'level %L thread %i affinity %A'
  [host] OMP_ALLOCATOR = 'omp_default_mem_alloc'
  [all] OMP_TARGET_OFFLOAD = 'DEFAULT'
OPENMP DISPLAY ENVIRONMENT END
INFO (Cactus): Increased logging level from 0 to 3
--------------------------------------------------------------------------------

       10                                  
  1   0101       ************************  
  01  1010 10      The Cactus Code V4.18.0    
 1010 1101 011      www.cactuscode.org     
  1001 100101    ************************  
    00010101                               
     100011     (c) Copyright The Authors  
      0100      GNU Licensed. No Warranty  
      0101                                 
--------------------------------------------------------------------------------

Cactus version:    4.18.0
Compile date:      Mar 08 2026 (16:40:46)
Run date:          Mar 08 2026 (16:40:58+0000)
Run host:          ab0541cfe1e0 (pid=13089)
Working directory: /__w/canudax-tests/workspace/simulations/TestJob01_temp_1/output-0000/TEST/sim/CanudaX_BSSNMoL
Executable:        /__w/canudax-tests/workspace/simulations/TestJob01_temp_1/SIMFACTORY/exe/cactus_sim
Parameter file:    /__w/canudax-tests/workspace/simulations/TestJob01_temp_1/output-0000/arrangements/CanudaX_Lean/CanudaX_BSSNMoL/test/gaugewave.par
--------------------------------------------------------------------------------

Activating thorn Cactus...Success -> active implementation Cactus
Activation requested for 
--->ADMBaseX CanudaX_BSSNMoL CanudaX_ExactID CarpetX ErrorEstimator IOUtil ODESolvers TmunuBaseX<---
Thorn ADMBaseX requests automatic activation of Loop
Thorn CarpetX requests automatic activation of AMReX
Thorn CarpetX requests automatic activation of MPI
Thorn CarpetX requests automatic activation of yaml_cpp
Thorn CarpetX requests automatic activation of zlib
Thorn CarpetX requests automatic activation of Arith
Thorn CarpetX requests automatic activation of CarpetXRegrid
Thorn CarpetX requests automatic activation of ADIOS2
Thorn CarpetX requests automatic activation of openPMD
Thorn CarpetX requests automatic activation of Silo
Thorn Arith requests automatic activation of NSIMD
Thorn MPI requests automatic activation of hwloc
Thorn openPMD requests automatic activation of HDF5
Activating thorn ADIOS2...Success -> active implementation ADIOS2
Activating thorn ADMBaseX...Success -> active implementation ADMBaseX
Activating thorn AMReX...Success -> active implementation AMReX
Activating thorn Arith...Success -> active implementation Arith
Activating thorn CanudaX_BSSNMoL...Success -> active implementation CanudaX_BSSNMoL
Activating thorn CanudaX_ExactID...Success -> active implementation CanudaX_ExactID
Activating thorn CarpetX...Success -> active implementation Driver
Activating thorn CarpetXRegrid...Success -> active implementation CarpetXRegrid
Activating thorn ErrorEstimator...Success -> active implementation ErrorEstimator
Activating thorn HDF5...Success -> active implementation HDF5
Activating thorn hwloc...Success -> active implementation hwloc
Activating thorn IOUtil...Success -> active implementation IO
Activating thorn Loop...Success -> active implementation Loop
Activating thorn MPI...Success -> active implementation MPI
Activating thorn NSIMD...Success -> active implementation NSIMD
Activating thorn ODESolvers...Success -> active implementation ODESolvers
Activating thorn openPMD...Success -> active implementation openPMD
Activating thorn Silo...Success -> active implementation Silo
Activating thorn TmunuBaseX...Success -> active implementation TmunuBaseX
Activating thorn yaml_cpp...Success -> active implementation yaml_cpp
Activating thorn zlib...Success -> active implementation zlib
--------------------------------------------------------------------------------
  if (recover initial data)
    Recover parameters
  endif

  Startup routines
    [CCTK_STARTUP]
      CarpetX::Driver_Startup: Start up the driver
      IOUtil::IOUtil_Startup: Startup routine
      GROUP hwloc_startup: hwloc startup group
        hwloc::hwloc_version: Output hwloc version

  Startup routines which need an existing grid hierarchy
    [CCTK_WRAGH]
      Arith::Test_smallvector: [meta] Test small vectors
      Arith::Test_spvect: [meta] Test sparse vectors
      ODESolvers::ODESolvers_InitConstants: [global] Set up dummy loop counters for schedule printout
  Parameter checking routines
    [CCTK_PARAMCHECK]
      CanudaX_BSSNMoL::CanudaX_BSSNMoL_paramcheck: Check CanudaX_BSSNMoL parameters for consistency

  Initialisation
    if (NOT (recover initial data AND recovery_mode is 'strict'))
      [CCTK_PREREGRIDINITIAL]
      Set up grid hierarchy
      [CCTK_POSTREGRIDINITIAL]
      [CCTK_BASEGRID]
        CarpetXRegrid::CarpetXRegrid_InitError: Initialize regridding error to zero
        GROUP ODESolvers_BaseGrid: Set up constants (e.g. coordinates) everywhere on the grid
      [CCTK_INITIAL]
        GROUP TmunuBaseX_SetTmunuVars: Schedule group for setting T_munu
          TmunuBaseX::TmunuBaseX_ZeroTmunu: Set T_munu to zero
          GROUP TmunuBaseX_AddToTmunu: Add to T_munu here
        GROUP ODESolvers_Initial: Set up initial conditions on interior of state vector
          GROUP ADMBaseX_InitialData: Schedule group for calculating ADM initial data
            GROUP CanudaX_ExactIDGroup: CanudaX_ExactID group for setting up initial data
              CanudaX_ExactID::CanudaX_ExactID_GaugeWave: [local] Create gauge wave initial data
          GROUP ADMBaseX_InitialGauge: Schedule group for the ADM initial gauge condition
            ADMBaseX::ADMBaseX_initial_dtlapse: Set dtlapse to zero
            ADMBaseX::ADMBaseX_initial_dtshift: Set dtshift to zero
          GROUP ADMBaseX_PostInitial: Schedule group for modifying the ADM initial data, such as e.g. adding noise
        GROUP CanudaX_BSSNMoL_InitialGroup: CanudaX_BSSNMoL: initial bin
          CanudaX_BSSNMoL::CanudaX_BSSNMoL_adm2bssn: [local] Convert initial data into BSSN variables
          CanudaX_BSSNMoL::CanudaX_BSSNMoL_gammat: [local] Set Gammat initial data
      [CCTK_POSTINITIAL]
        ErrorEstimator::EstimateError: Estimate error
        GROUP ODESolvers_PostStep: Apply boundary conditions to state vector, and project if necessary
          GROUP CanudaX_BSSNMoL_PostStepGroup: CanudaX_BSSNMoL: post-step operations
            CanudaX_BSSNMoL::CanudaX_BSSNMoL_impose_conf_fac_floor: Make sure conformal factor does not drop below specified value
            CanudaX_BSSNMoL::CanudaX_BSSNMoL_reset_detmetric: reset dethh = 1
            CanudaX_BSSNMoL::CanudaX_BSSNMoL_remove_trA: Remove trace of A
            CanudaX_BSSNMoL::CanudaX_BSSNMoL_sync: [global] Sync state vector
            CanudaX_BSSNMoL::CanudaX_BSSNMoL_bssn2adm: [local] Convert variables back to the ADM ones
          GROUP ADMBaseX_SetADMRHS: Set ADM RHS variables in this group
          GROUP ADMBaseX_SetADMVars: Set ADM variables in this group
          GROUP TmunuBaseX_SetTmunuVars: Schedule group for setting T_munu
            TmunuBaseX::TmunuBaseX_ZeroTmunu: Set T_munu to zero
            GROUP TmunuBaseX_AddToTmunu: Add to T_munu here
        GROUP ODESolvers_EstimateError: Estimate discretization error (for regridding)
      Initialise finer grids recursively
      Restrict from finer grids
      [CCTK_POSTRESTRICTINITIAL]
      [CCTK_POSTPOSTINITIAL]
      [CCTK_POSTSTEP]
        ErrorEstimator::EstimateError: Estimate error
        GROUP ODESolvers_EstimateError: Estimate discretization error (for regridding)
    endif
    if (recover initial data)
      [CCTK_BASEGRID]
        CarpetXRegrid::CarpetXRegrid_InitError: Initialize regridding error to zero
        GROUP ODESolvers_BaseGrid: Set up constants (e.g. coordinates) everywhere on the grid
      [CCTK_RECOVER_VARIABLES]
      [CCTK_POST_RECOVER_VARIABLES]
        GROUP ODESolvers_PostStep: Apply boundary conditions to state vector, and project if necessary
          GROUP CanudaX_BSSNMoL_PostStepGroup: CanudaX_BSSNMoL: post-step operations
            CanudaX_BSSNMoL::CanudaX_BSSNMoL_impose_conf_fac_floor: Make sure conformal factor does not drop below specified value
            CanudaX_BSSNMoL::CanudaX_BSSNMoL_reset_detmetric: reset dethh = 1
            CanudaX_BSSNMoL::CanudaX_BSSNMoL_remove_trA: Remove trace of A
            CanudaX_BSSNMoL::CanudaX_BSSNMoL_sync: [global] Sync state vector
            CanudaX_BSSNMoL::CanudaX_BSSNMoL_bssn2adm: [local] Convert variables back to the ADM ones
          GROUP ADMBaseX_SetADMRHS: Set ADM RHS variables in this group
          GROUP ADMBaseX_SetADMVars: Set ADM variables in this group
          GROUP TmunuBaseX_SetTmunuVars: Schedule group for setting T_munu
            TmunuBaseX::TmunuBaseX_ZeroTmunu: Set T_munu to zero
            GROUP TmunuBaseX_AddToTmunu: Add to T_munu here
        GROUP ODESolvers_EstimateError: Estimate discretization error (for regridding)
    endif
    if (checkpoint initial data)
      [CCTK_CPINITIAL]
        CarpetX::CarpetX_CheckpointInitial: [meta] Checkpoint initial conditions
    endif
    if (analysis)
      [CCTK_ANALYSIS]
        CanudaX_BSSNMoL::CanudaX_BSSNMoL_bssn_constraints: Compute constraints
        GROUP ODESolvers_Analysis: Calculate analysis quantities everywhere
  endif
  Output grid variables

  do loop over timesteps
    [CCTK_PREREGRID]
    Change grid hierarchy
    [CCTK_POSTREGRID]
      GROUP ODESolvers_PostStep: Apply boundary conditions to state vector, and project if necessary
        GROUP CanudaX_BSSNMoL_PostStepGroup: CanudaX_BSSNMoL: post-step operations
          CanudaX_BSSNMoL::CanudaX_BSSNMoL_impose_conf_fac_floor: Make sure conformal factor does not drop below specified value
          CanudaX_BSSNMoL::CanudaX_BSSNMoL_reset_detmetric: reset dethh = 1
          CanudaX_BSSNMoL::CanudaX_BSSNMoL_remove_trA: Remove trace of A
          CanudaX_BSSNMoL::CanudaX_BSSNMoL_sync: [global] Sync state vector
          CanudaX_BSSNMoL::CanudaX_BSSNMoL_bssn2adm: [local] Convert variables back to the ADM ones
        GROUP ADMBaseX_SetADMRHS: Set ADM RHS variables in this group
        GROUP ADMBaseX_SetADMVars: Set ADM variables in this group
        GROUP TmunuBaseX_SetTmunuVars: Schedule group for setting T_munu
          TmunuBaseX::TmunuBaseX_ZeroTmunu: Set T_munu to zero
          GROUP TmunuBaseX_AddToTmunu: Add to T_munu here
    Rotate timelevels
    iteration = iteration+1
    t = t+dt
    [CCTK_PRESTEP]
    [CCTK_EVOL]
      ODESolvers::ODESolvers_Solve: [level] Solve ODEs
      while (ODESolvers::do_substeps)
        GROUP ODESolvers_CalledBySolve: Groups internally scheduled by ODESolvers_Solve
          GROUP ODESolvers_RHS: Evaluate the RHS for of state vector everywhere on the grid
            GROUP CanudaX_BSSNMoL_RHSGroup: CanudaX_BSSNMoL: calculate BSSN RHS
              CanudaX_BSSNMoL::CanudaX_BSSNMoL_calc_bssn_rhs: MoL RHS calculation
              CanudaX_BSSNMoL::CanudaX_BSSNMoL_apply_boundary_conditions: Apply radiative boundary conditions 
          GROUP ODESolvers_PostStep: Apply boundary conditions to state vector, and project if necessary
            GROUP CanudaX_BSSNMoL_PostStepGroup: CanudaX_BSSNMoL: post-step operations
              CanudaX_BSSNMoL::CanudaX_BSSNMoL_impose_conf_fac_floor: Make sure conformal factor does not drop below specified value
              CanudaX_BSSNMoL::CanudaX_BSSNMoL_reset_detmetric: reset dethh = 1
              CanudaX_BSSNMoL::CanudaX_BSSNMoL_remove_trA: Remove trace of A
              CanudaX_BSSNMoL::CanudaX_BSSNMoL_sync: [global] Sync state vector
              CanudaX_BSSNMoL::CanudaX_BSSNMoL_bssn2adm: [local] Convert variables back to the ADM ones
            GROUP ADMBaseX_SetADMRHS: Set ADM RHS variables in this group
            GROUP ADMBaseX_SetADMVars: Set ADM variables in this group
            GROUP TmunuBaseX_SetTmunuVars: Schedule group for setting T_munu
              TmunuBaseX::TmunuBaseX_ZeroTmunu: Set T_munu to zero
              GROUP TmunuBaseX_AddToTmunu: Add to T_munu here
      end while
    Evolve finer grids recursively
    Restrict from finer grids
    [CCTK_POSTRESTRICT]
      GROUP ODESolvers_PostStep: Apply boundary conditions to state vector, and project if necessary
        GROUP CanudaX_BSSNMoL_PostStepGroup: CanudaX_BSSNMoL: post-step operations
          CanudaX_BSSNMoL::CanudaX_BSSNMoL_impose_conf_fac_floor: Make sure conformal factor does not drop below specified value
          CanudaX_BSSNMoL::CanudaX_BSSNMoL_reset_detmetric: reset dethh = 1
          CanudaX_BSSNMoL::CanudaX_BSSNMoL_remove_trA: Remove trace of A
          CanudaX_BSSNMoL::CanudaX_BSSNMoL_sync: [global] Sync state vector
          CanudaX_BSSNMoL::CanudaX_BSSNMoL_bssn2adm: [local] Convert variables back to the ADM ones
        GROUP ADMBaseX_SetADMRHS: Set ADM RHS variables in this group
        GROUP ADMBaseX_SetADMVars: Set ADM variables in this group
        GROUP TmunuBaseX_SetTmunuVars: Schedule group for setting T_munu
          TmunuBaseX::TmunuBaseX_ZeroTmunu: Set T_munu to zero
          GROUP TmunuBaseX_AddToTmunu: Add to T_munu here
    [CCTK_POSTSTEP]
      ErrorEstimator::EstimateError: Estimate error
      GROUP ODESolvers_EstimateError: Estimate discretization error (for regridding)
    if (checkpoint)
      [CCTK_CHECKPOINT]
      CarpetX::CarpetX_Checkpoint: [meta] Checkpoint
    endif
    if (analysis)
      [CCTK_ANALYSIS]
      CanudaX_BSSNMoL::CanudaX_BSSNMoL_bssn_constraints: Compute constraints
      GROUP ODESolvers_Analysis: Calculate analysis quantities everywhere
    endif
    Output grid variables
    enddo

  Termination routines
    [CCTK_TERMINATE]
      CarpetX::CarpetX_CheckpointTerminate: [meta] Checkpoint before terminating

  Shutdown routines
    [CCTK_SHUTDOWN]
      CarpetX::Driver_Shutdown: [meta] Shut down the driver

  Routines run after changing the grid hierarchy:
    [CCTK_POSTREGRID]
      GROUP ODESolvers_PostStep: Apply boundary conditions to state vector, and project if necessary
        GROUP CanudaX_BSSNMoL_PostStepGroup: CanudaX_BSSNMoL: post-step operations
          CanudaX_BSSNMoL::CanudaX_BSSNMoL_impose_conf_fac_floor: Make sure conformal factor does not drop below specified value
          CanudaX_BSSNMoL::CanudaX_BSSNMoL_reset_detmetric: reset dethh = 1
          CanudaX_BSSNMoL::CanudaX_BSSNMoL_remove_trA: Remove trace of A
          CanudaX_BSSNMoL::CanudaX_BSSNMoL_sync: [global] Sync state vector
          CanudaX_BSSNMoL::CanudaX_BSSNMoL_bssn2adm: [local] Convert variables back to the ADM ones
        GROUP ADMBaseX_SetADMRHS: Set ADM RHS variables in this group
        GROUP ADMBaseX_SetADMVars: Set ADM variables in this group
        GROUP TmunuBaseX_SetTmunuVars: Schedule group for setting T_munu
          TmunuBaseX::TmunuBaseX_ZeroTmunu: Set T_munu to zero
          GROUP TmunuBaseX_AddToTmunu: Add to T_munu here
--------------------------------------------------------------------------------
INFO (hwloc): library version 2.10.0, API version 0x20800
--------------------------------------------------------------------------------

  [34m  ▕▏  [34m  ▕▏  [34m  ▕▏  [34m  ▕▏  [34m  ▕▏  [34m  ▕▏  [34m  ▕▏  [34m  ▕▏  [34m  ▕▏  [39m  
  [34m──██──[34m──██──[34m──██──[34m──██──[34m──██──[34m──██──[34m──██──[34m──██──[34m──██──[39m  
  [34m  ▕▏  [34m  ▕▏  [34m  ▕▏  [34m  ▕▏  [34m  ▕▏  [34m  ▕▏  [34m  ▕▏  [34m  ▕▏  [34m  ▕▏  [39m  
  [34m  ▕▏  [32m██████[34m  ▕▏  [34m  ▕▏  [32m██████[34m  ▕▏  [34m  ▕▏  [32m██████[34m  ▕▏  [39m  
  [34m──██──[32m██████[34m──██──[34m──██──[32m██████[34m──██──[34m──██──[32m██████[34m──██──[39m  
  [34m  ▕▏  [32m██████[34m  ▕▏  [34m  ▕▏  [32m██████[34m  ▕▏  [34m  ▕▏  [32m██████[34m  ▕▏  [39m  
  [34m  ▕▏  [34m  ▕▏  [34m  ▕▏  [34m  ▕▏  [34m  ▕▏  [34m  ▕▏  [34m  ▕▏  [34m  ▕▏  [34m  ▕▏  [39m  
  [34m──██──[34m──██──[34m──██──[34m──██──[34m──██──[34m──██──[34m──██──[34m──██──[34m──██──[39m  
  [34m  ▕▏  [34m  ▕▏  [34m  ▕▏  [34m  ▕▏  [34m  ▕▏  [34m  ▕▏  [34m  ▕▏  [34m  ▕▏  [34m  ▕▏  [39m  
  [34m  ▕▏  [34m  ▕▏  [34m  ▕▏  [31m██████[31m██████[31m██████[34m  ▕▏  [34m  ▕▏  [34m  ▕▏  [39m  
  [34m──██──[34m──██──[34m──██──[31m██████[31m██████[31m██████[34m──██──[34m──██──[34m──██──[39m  
  [34m  ▕▏  [34m  ▕▏  [34m  ▕▏  [31m██████[31m██████[31m██████[34m  ▕▏  [34m  ▕▏  [34m  ▕▏  [39m  
  [34m  ▕▏  [32m██████[34m  ▕▏  [31m██████[31m██████[31m██████[34m  ▕▏  [32m██████[34m  ▕▏  [39m  
  [34m──██──[32m██████[34m──██──[31m██████[31m██████[31m██████[34m──██──[32m██████[34m──██──[39m  
  [34m  ▕▏  [32m██████[34m  ▕▏  [31m██████[31m██████[31m██████[34m  ▕▏  [32m██████[34m  ▕▏  [39m  
  [34m  ▕▏  [34m  ▕▏  [34m  ▕▏  [31m██████[31m██████[31m██████[34m  ▕▏  [34m  ▕▏  [34m  ▕▏  [39m  
  [34m──██──[34m──██──[34m──██──[31m██████[31m██████[31m██████[34m──██──[34m──██──[34m──██──[39m  
  [34m  ▕▏  [34m  ▕▏  [34m  ▕▏  [31m██████[31m██████[31m██████[34m  ▕▏  [34m  ▕▏  [34m  ▕▏  [39m  
  [34m  ▕▏  [34m  ▕▏  [34m  ▕▏  [34m  ▕▏  [34m  ▕▏  [34m  ▕▏  [34m  ▕▏  [34m  ▕▏  [34m  ▕▏  [39m  
  [34m──██──[34m──██──[34m──██──[34m──██──[34m──██──[34m──██──[34m──██──[34m──██──[34m──██──[39m  
  [34m  ▕▏  [34m  ▕▏  [34m  ▕▏  [34m  ▕▏  [34m  ▕▏  [34m  ▕▏  [34m  ▕▏  [34m  ▕▏  [34m  ▕▏  [39m  
  [34m  ▕▏  [32m██████[34m  ▕▏  [34m  ▕▏  [32m██████[34m  ▕▏  [34m  ▕▏  [32m██████[34m  ▕▏  [39m  
  [34m──██──[32m██████[34m──██──[34m──██──[32m██████[34m──██──[34m──██──[32m██████[34m──██──[39m  
  [34m  ▕▏  [32m██████[34m  ▕▏  [34m  ▕▏  [32m██████[34m  ▕▏  [34m  ▕▏  [32m██████[34m  ▕▏  [39m  
  [34m  ▕▏  [34m  ▕▏  [34m  ▕▏  [34m  ▕▏  [34m  ▕▏  [34m  ▕▏  [34m  ▕▏  [34m  ▕▏  [34m  ▕▏  [39m  
  [34m──██──[34m──██──[34m──██──[34m──██──[34m──██──[34m──██──[34m──██──[34m──██──[34m──██──[39m  
  [34m  ▕▏  [34m  ▕▏  [34m  ▕▏  [34m  ▕▏  [34m  ▕▏  [34m  ▕▏  [34m  ▕▏  [34m  ▕▏  [34m  ▕▏  [39m  

AMR driver provided by CarpetX,
using AMReX 25.11 (MPI, OpenMP, no accelerators, optimized)
--------------------------------------------------------------------------------

Initializing AMReX (25.11)...
MPI initialized with 1 MPI processes
MPI initialized with thread support level 2
OMP initialized with 2 OMP threads
AMReX (25.11) initialized
INFO (CarpetX): 
Symmetries:
  lower x: periodic
  lower y: periodic
  lower z: periodic
  upper x: periodic
  upper y: periodic
  upper z: periodic
Default boundaries:
  lower x: symmetry_boundary
  lower y: symmetry_boundary
  lower z: symmetry_boundary
  upper x: symmetry_boundary
  upper y: symmetry_boundary
  upper z: symmetry_boundary
INFO (Arith): Test_smallvector
INFO (Arith): Test_spvect
INFO (CarpetX): Setting initial values for max_grid_size values for all levels
INFO (CarpetX): Setting up initial conditions...
INFO (CarpetX): Iteration: 0   time: 0   delta_time: 0.00390625
INFO (CarpetX): Patch 0:
INFO (CarpetX):   Grid extent:
INFO (CarpetX):     gsh=[71,15,15]
INFO (CarpetX):     blocking_factor=[8,8,8]
INFO (CarpetX):     max_grid_size=[10000000,10000000,10000000]
INFO (CarpetX):     max_tile_size=[1024000,16,32]
INFO (CarpetX):   Domain extent:
INFO (CarpetX):     xmin=[-0.5,-0.0625,-0.0625]
INFO (CarpetX):     xmax=[0.5,0.0625,0.0625]
INFO (CarpetX):     base dx=[0.015625,0.015625,0.015625]
INFO (CarpetX): Initializing level 0...
INFO (CanudaX_ExactID): Begin Gauge Wave initial data
INFO (CanudaX_ExactID): === End gauge wave initial data ===
INFO (CarpetX): Regridding...
INFO (CarpetX):   level 0: 1 boxes, 4096 cells (100%)
INFO (CarpetX): Initialized 1 levels
INFO (CarpetX): OutputGH: iteration 0, time 0.000000, run time 1 s
INFO (CarpetX): OutputGH done.
INFO (CarpetX): Starting evolution...
INFO (ODESolvers): ODE integrator is RK4
INFO (CarpetX): OutputGH: iteration 1, time 0.003906, run time 1 s
INFO (CarpetX): OutputGH done.
INFO (CarpetX): Simulation time: 0.00390625   Iterations per second: 19.7495   Simulation time per second: 0.0771466
INFO (CarpetX): Grid cells: 4096   Grid cell updates per second: 80894
INFO (CarpetX): Performance:
INFO (CarpetX):   total evolution time:            0.0506341 sec
INFO (CarpetX):   total evolution compute time:    0.0506182 sec
INFO (CarpetX):   total evolution output time:     1.5974e-05 sec
INFO (CarpetX):   total iterations:                1
INFO (CarpetX):   total cells updated:             4096
INFO (CarpetX):   average iterations per second: 19.7495
INFO (CarpetX):   average cell updates per second: 80894
INFO (CarpetX): OutputGH: iteration 2, time 0.007812, run time 1 s
INFO (CarpetX): OutputGH done.
INFO (CarpetX): Simulation time: 0.0078125   Iterations per second: 20.1591   Simulation time per second: 0.0787463
INFO (CarpetX): Grid cells: 4096   Grid cell updates per second: 82571.5
INFO (CarpetX): Performance:
INFO (CarpetX):   total evolution time:            0.099211 sec
INFO (CarpetX):   total evolution compute time:    0.099179 sec
INFO (CarpetX):   total evolution output time:     3.19481e-05 sec
INFO (CarpetX):   total iterations:                2
INFO (CarpetX):   total cells updated:             8192
INFO (CarpetX):   average iterations per second: 20.1591
INFO (CarpetX):   average cell updates per second: 82571.5
INFO (CarpetX): OutputGH: iteration 3, time 0.011719, run time 1 s
INFO (CarpetX): OutputGH done.
INFO (CarpetX): Simulation time: 0.0117188   Iterations per second: 20.3238   Simulation time per second: 0.07939
INFO (CarpetX): Grid cells: 4096   Grid cell updates per second: 83246.4
INFO (CarpetX): Performance:
INFO (CarpetX):   total evolution time:            0.14761 sec
INFO (CarpetX):   total evolution compute time:    0.147562 sec
INFO (CarpetX):   total evolution output time:     4.79221e-05 sec
INFO (CarpetX):   total iterations:                3
INFO (CarpetX):   total cells updated:             12288
INFO (CarpetX):   average iterations per second: 20.3238
INFO (CarpetX):   average cell updates per second: 83246.4
INFO (CarpetX): OutputGH: iteration 4, time 0.015625, run time 1 s
INFO (CarpetX): OutputGH done.
INFO (CarpetX): Simulation time: 0.015625   Iterations per second: 20.3991   Simulation time per second: 0.079684
INFO (CarpetX): Grid cells: 4096   Grid cell updates per second: 83554.7
INFO (CarpetX): Performance:
INFO (CarpetX):   total evolution time:            0.196087 sec
INFO (CarpetX):   total evolution compute time:    0.196024 sec
INFO (CarpetX):   total evolution output time:     6.29425e-05 sec
INFO (CarpetX):   total iterations:                4
INFO (CarpetX):   total cells updated:             16384
INFO (CarpetX):   average iterations per second: 20.3991
INFO (CarpetX):   average cell updates per second: 83554.7
INFO (CarpetX): OutputGH: iteration 5, time 0.019531, run time 1 s
INFO (CarpetX): OutputGH done.
INFO (CarpetX): Simulation time: 0.0195312   Iterations per second: 20.4548   Simulation time per second: 0.0799016
INFO (CarpetX): Grid cells: 4096   Grid cell updates per second: 83782.9
INFO (CarpetX): Performance:
INFO (CarpetX):   total evolution time:            0.244441 sec
INFO (CarpetX):   total evolution compute time:    0.244363 sec
INFO (CarpetX):   total evolution output time:     7.79629e-05 sec
INFO (CarpetX):   total iterations:                5
INFO (CarpetX):   total cells updated:             20480
INFO (CarpetX):   average iterations per second: 20.4548
INFO (CarpetX):   average cell updates per second: 83782.9
INFO (CarpetX): OutputGH: iteration 6, time 0.023438, run time 1 s
INFO (CarpetX): OutputGH done.
INFO (CarpetX): Simulation time: 0.0234375   Iterations per second: 20.4698   Simulation time per second: 0.07996
INFO (CarpetX): Grid cells: 4096   Grid cell updates per second: 83844.1
INFO (CarpetX): Performance:
INFO (CarpetX):   total evolution time:            0.293115 sec
INFO (CarpetX):   total evolution compute time:    0.293017 sec
INFO (CarpetX):   total evolution output time:     9.799e-05 sec
INFO (CarpetX):   total iterations:                6
INFO (CarpetX):   total cells updated:             24576
INFO (CarpetX):   average iterations per second: 20.4698
INFO (CarpetX):   average cell updates per second: 83844.1
INFO (CarpetX): OutputGH: iteration 7, time 0.027344, run time 1 s
INFO (CarpetX): OutputGH done.
INFO (CarpetX): Simulation time: 0.0273438   Iterations per second: 20.4956   Simulation time per second: 0.080061
INFO (CarpetX): Grid cells: 4096   Grid cell updates per second: 83950.1
INFO (CarpetX): Performance:
INFO (CarpetX):   total evolution time:            0.341536 sec
INFO (CarpetX):   total evolution compute time:    0.341419 sec
INFO (CarpetX):   total evolution output time:     0.000117064 sec
INFO (CarpetX):   total iterations:                7
INFO (CarpetX):   total cells updated:             28672
INFO (CarpetX):   average iterations per second: 20.4956
INFO (CarpetX):   average cell updates per second: 83950.1
INFO (CarpetX): OutputGH: iteration 8, time 0.031250, run time 1 s
INFO (CarpetX): OutputGH done.
INFO (CarpetX): Simulation time: 0.03125   Iterations per second: 20.5166   Simulation time per second: 0.0801429
INFO (CarpetX): Grid cells: 4096   Grid cell updates per second: 84036
INFO (CarpetX): Performance:
INFO (CarpetX):   total evolution time:            0.389928 sec
INFO (CarpetX):   total evolution compute time:    0.389796 sec
INFO (CarpetX):   total evolution output time:     0.000132084 sec
INFO (CarpetX):   total iterations:                8
INFO (CarpetX):   total cells updated:             32768
INFO (CarpetX):   average iterations per second: 20.5166
INFO (CarpetX):   average cell updates per second: 84036
INFO (CarpetX): OutputGH: iteration 9, time 0.035156, run time 1 s
INFO (CarpetX): OutputGH done.
INFO (CarpetX): Simulation time: 0.0351562   Iterations per second: 20.5334   Simulation time per second: 0.0802086
INFO (CarpetX): Grid cells: 4096   Grid cell updates per second: 84104.8
INFO (CarpetX): Performance:
INFO (CarpetX):   total evolution time:            0.43831 sec
INFO (CarpetX):   total evolution compute time:    0.438163 sec
INFO (CarpetX):   total evolution output time:     0.000147104 sec
INFO (CarpetX):   total iterations:                9
INFO (CarpetX):   total cells updated:             36864
INFO (CarpetX):   average iterations per second: 20.5334
INFO (CarpetX):   average cell updates per second: 84104.8
INFO (CarpetX): OutputGH: iteration 10, time 0.039062, run time 1 s
INFO (CarpetX): OutputGH done.
INFO (CarpetX): Simulation time: 0.0390625   Iterations per second: 20.55   Simulation time per second: 0.0802734
INFO (CarpetX): Grid cells: 4096   Grid cell updates per second: 84172.8
INFO (CarpetX): Performance:
INFO (CarpetX):   total evolution time:            0.486618 sec
INFO (CarpetX):   total evolution compute time:    0.486458 sec
INFO (CarpetX):   total evolution output time:     0.000160217 sec
INFO (CarpetX):   total iterations:                10
INFO (CarpetX):   total cells updated:             40960
INFO (CarpetX):   average iterations per second: 20.55
INFO (CarpetX):   average cell updates per second: 84172.8
INFO (CarpetX): OutputGH: iteration 11, time 0.042969, run time 1 s
INFO (CarpetX): OutputGH done.
INFO (CarpetX): Simulation time: 0.0429688   Iterations per second: 20.5616   Simulation time per second: 0.0803186
INFO (CarpetX): Grid cells: 4096   Grid cell updates per second: 84220.1
INFO (CarpetX): Performance:
INFO (CarpetX):   total evolution time:            0.535006 sec
INFO (CarpetX):   total evolution compute time:    0.534833 sec
INFO (CarpetX):   total evolution output time:     0.000173092 sec
INFO (CarpetX):   total iterations:                11
INFO (CarpetX):   total cells updated:             45056
INFO (CarpetX):   average iterations per second: 20.5605
INFO (CarpetX):   average cell updates per second: 84215.8
INFO (CarpetX): OutputGH: iteration 12, time 0.046875, run time 1 s
INFO (CarpetX): OutputGH done.
INFO (CarpetX): Simulation time: 0.046875   Iterations per second: 20.5767   Simulation time per second: 0.0803776
INFO (CarpetX): Grid cells: 4096   Grid cell updates per second: 84282.1
INFO (CarpetX): Performance:
INFO (CarpetX):   total evolution time:            0.583283 sec
INFO (CarpetX):   total evolution compute time:    0.583096 sec
INFO (CarpetX):   total evolution output time:     0.000187159 sec
INFO (CarpetX):   total iterations:                12
INFO (CarpetX):   total cells updated:             49152
INFO (CarpetX):   average iterations per second: 20.5732
INFO (CarpetX):   average cell updates per second: 84267.8
INFO (CarpetX): OutputGH: iteration 13, time 0.050781, run time 1 s
INFO (CarpetX): OutputGH done.
INFO (CarpetX): Simulation time: 0.0507812   Iterations per second: 20.5879   Simulation time per second: 0.0804216
INFO (CarpetX): Grid cells: 4096   Grid cell updates per second: 84328.2
INFO (CarpetX): Performance:
INFO (CarpetX):   total evolution time:            0.631616 sec
INFO (CarpetX):   total evolution compute time:    0.631416 sec
INFO (CarpetX):   total evolution output time:     0.000200033 sec
INFO (CarpetX):   total iterations:                13
INFO (CarpetX):   total cells updated:             53248
INFO (CarpetX):   average iterations per second: 20.5821
INFO (CarpetX):   average cell updates per second: 84304.3
INFO (CarpetX): OutputGH: iteration 14, time 0.054688, run time 1 s
INFO (CarpetX): OutputGH done.
INFO (CarpetX): Simulation time: 0.0546875   Iterations per second: 20.5977   Simulation time per second: 0.0804597
INFO (CarpetX): Grid cells: 4096   Grid cell updates per second: 84368.2
INFO (CarpetX): Performance:
INFO (CarpetX):   total evolution time:            0.679958 sec
INFO (CarpetX):   total evolution compute time:    0.679743 sec
INFO (CarpetX):   total evolution output time:     0.000215054 sec
INFO (CarpetX):   total iterations:                14
INFO (CarpetX):   total cells updated:             57344
INFO (CarpetX):   average iterations per second: 20.5895
INFO (CarpetX):   average cell updates per second: 84334.6
INFO (CarpetX): OutputGH: iteration 15, time 0.058594, run time 1 s
INFO (CarpetX): OutputGH done.
INFO (CarpetX): Simulation time: 0.0585938   Iterations per second: 20.6075   Simulation time per second: 0.0804979
INFO (CarpetX): Grid cells: 4096   Grid cell updates per second: 84408.2
INFO (CarpetX): Performance:
INFO (CarpetX):   total evolution time:            0.728277 sec
INFO (CarpetX):   total evolution compute time:    0.728049 sec
INFO (CarpetX):   total evolution output time:     0.000228882 sec
INFO (CarpetX):   total iterations:                15
INFO (CarpetX):   total cells updated:             61440
INFO (CarpetX):   average iterations per second: 20.5965
INFO (CarpetX):   average cell updates per second: 84363.5
INFO (CarpetX): OutputGH: iteration 16, time 0.062500, run time 2 s
INFO (CarpetX): OutputGH done.
INFO (CarpetX): Simulation time: 0.0625   Iterations per second: 20.6121   Simulation time per second: 0.0805162
INFO (CarpetX): Grid cells: 4096   Grid cell updates per second: 84427.3
INFO (CarpetX): Performance:
INFO (CarpetX):   total evolution time:            0.776693 sec
INFO (CarpetX):   total evolution compute time:    0.776451 sec
INFO (CarpetX):   total evolution output time:     0.00024271 sec
INFO (CarpetX):   total iterations:                16
INFO (CarpetX):   total cells updated:             65536
INFO (CarpetX):   average iterations per second: 20.6002
INFO (CarpetX):   average cell updates per second: 84378.2
INFO (CarpetX): OutputGH: iteration 17, time 0.066406, run time 2 s
INFO (CarpetX): OutputGH done.
INFO (CarpetX): Simulation time: 0.0664062   Iterations per second: 20.6178   Simulation time per second: 0.0805383
INFO (CarpetX): Grid cells: 4096   Grid cell updates per second: 84450.5
INFO (CarpetX): Performance:
INFO (CarpetX):   total evolution time:            0.825075 sec
INFO (CarpetX):   total evolution compute time:    0.824817 sec
INFO (CarpetX):   total evolution output time:     0.000258684 sec
INFO (CarpetX):   total iterations:                17
INFO (CarpetX):   total cells updated:             69632
INFO (CarpetX):   average iterations per second: 20.6042
INFO (CarpetX):   average cell updates per second: 84394.7
INFO (CarpetX): OutputGH: iteration 18, time 0.070312, run time 2 s
INFO (CarpetX): OutputGH done.
INFO (CarpetX): Simulation time: 0.0703125   Iterations per second: 20.6259   Simulation time per second: 0.08057
INFO (CarpetX): Grid cells: 4096   Grid cell updates per second: 84483.7
INFO (CarpetX): Performance:
INFO (CarpetX):   total evolution time:            0.873386 sec
INFO (CarpetX):   total evolution compute time:    0.873114 sec
INFO (CarpetX):   total evolution output time:     0.000272751 sec
INFO (CarpetX):   total iterations:                18
INFO (CarpetX):   total cells updated:             73728
INFO (CarpetX):   average iterations per second: 20.6094
INFO (CarpetX):   average cell updates per second: 84416.2
INFO (CarpetX): OutputGH: iteration 19, time 0.074219, run time 2 s
INFO (CarpetX): OutputGH done.
INFO (CarpetX): Simulation time: 0.0742188   Iterations per second: 20.6298   Simulation time per second: 0.080585
INFO (CarpetX): Grid cells: 4096   Grid cell updates per second: 84499.5
INFO (CarpetX): Performance:
INFO (CarpetX):   total evolution time:            0.921778 sec
INFO (CarpetX):   total evolution compute time:    0.921491 sec
INFO (CarpetX):   total evolution output time:     0.000287771 sec
INFO (CarpetX):   total iterations:                19
INFO (CarpetX):   total cells updated:             77824
INFO (CarpetX):   average iterations per second: 20.6123
INFO (CarpetX):   average cell updates per second: 84428.1
INFO (CarpetX): OutputGH: iteration 20, time 0.078125, run time 2 s
INFO (CarpetX): OutputGH done.
INFO (CarpetX): Simulation time: 0.078125   Iterations per second: 20.6337   Simulation time per second: 0.0806004
INFO (CarpetX): Grid cells: 4096   Grid cell updates per second: 84515.7
INFO (CarpetX): Performance:
INFO (CarpetX):   total evolution time:            0.97016 sec
INFO (CarpetX):   total evolution compute time:    0.969858 sec
INFO (CarpetX):   total evolution output time:     0.000301838 sec
INFO (CarpetX):   total iterations:                20
INFO (CarpetX):   total cells updated:             81920
INFO (CarpetX):   average iterations per second: 20.6152
INFO (CarpetX):   average cell updates per second: 84439.7
INFO (CarpetX): OutputGH: iteration 21, time 0.082031, run time 2 s
INFO (CarpetX): OutputGH done.
INFO (CarpetX): Simulation time: 0.0820312   Iterations per second: 20.6375   Simulation time per second: 0.0806153
INFO (CarpetX): Grid cells: 4096   Grid cell updates per second: 84531.2
INFO (CarpetX): Performance:
INFO (CarpetX):   total evolution time:            1.01853 sec
INFO (CarpetX):   total evolution compute time:    1.01821 sec
INFO (CarpetX):   total evolution output time:     0.000319719 sec
INFO (CarpetX):   total iterations:                21
INFO (CarpetX):   total cells updated:             86016
INFO (CarpetX):   average iterations per second: 20.6179
INFO (CarpetX):   average cell updates per second: 84450.7
INFO (CarpetX): OutputGH: iteration 22, time 0.085938, run time 2 s
INFO (CarpetX): OutputGH done.
INFO (CarpetX): Simulation time: 0.0859375   Iterations per second: 20.6433   Simulation time per second: 0.080638
INFO (CarpetX): Grid cells: 4096   Grid cell updates per second: 84555
INFO (CarpetX): Performance:
INFO (CarpetX):   total evolution time:            1.06685 sec
INFO (CarpetX):   total evolution compute time:    1.06652 sec
INFO (CarpetX):   total evolution output time:     0.000333786 sec
INFO (CarpetX):   total iterations:                22
INFO (CarpetX):   total cells updated:             90112
INFO (CarpetX):   average iterations per second: 20.6214
INFO (CarpetX):   average cell updates per second: 84465.2
INFO (CarpetX): OutputGH: iteration 23, time 0.089844, run time 2 s
INFO (CarpetX): OutputGH done.
INFO (CarpetX): Simulation time: 0.0898438   Iterations per second: 20.6496   Simulation time per second: 0.0806626
INFO (CarpetX): Grid cells: 4096   Grid cell updates per second: 84580.8
INFO (CarpetX): Performance:
INFO (CarpetX):   total evolution time:            1.11515 sec
INFO (CarpetX):   total evolution compute time:    1.11479 sec
INFO (CarpetX):   total evolution output time:     0.000355959 sec
INFO (CarpetX):   total iterations:                23
INFO (CarpetX):   total cells updated:             94208
INFO (CarpetX):   average iterations per second: 20.6251
INFO (CarpetX):   average cell updates per second: 84480.3
INFO (CarpetX): OutputGH: iteration 24, time 0.093750, run time 2 s
INFO (CarpetX): OutputGH done.
INFO (CarpetX): Simulation time: 0.09375   Iterations per second: 20.6539   Simulation time per second: 0.0806794
INFO (CarpetX): Grid cells: 4096   Grid cell updates per second: 84598.5
INFO (CarpetX): Performance:
INFO (CarpetX):   total evolution time:            1.16347 sec
INFO (CarpetX):   total evolution compute time:    1.1631 sec
INFO (CarpetX):   total evolution output time:     0.000369787 sec
INFO (CarpetX):   total iterations:                24
INFO (CarpetX):   total cells updated:             98304
INFO (CarpetX):   average iterations per second: 20.6279
INFO (CarpetX):   average cell updates per second: 84491.8
INFO (CarpetX): OutputGH: iteration 25, time 0.097656, run time 2 s
INFO (CarpetX): OutputGH done.
INFO (CarpetX): Simulation time: 0.0976562   Iterations per second: 20.6576   Simulation time per second: 0.0806938
INFO (CarpetX): Grid cells: 4096   Grid cell updates per second: 84613.5
INFO (CarpetX): Performance:
INFO (CarpetX):   total evolution time:            1.2118 sec
INFO (CarpetX):   total evolution compute time:    1.21142 sec
INFO (CarpetX):   total evolution output time:     0.000383615 sec
INFO (CarpetX):   total iterations:                25
INFO (CarpetX):   total cells updated:             102400
INFO (CarpetX):   average iterations per second: 20.6304
INFO (CarpetX):   average cell updates per second: 84502.1
INFO (CarpetX): OutputGH: iteration 26, time 0.101562, run time 2 s
INFO (CarpetX): OutputGH done.
INFO (CarpetX): Simulation time: 0.101562   Iterations per second: 20.6571   Simulation time per second: 0.080692
INFO (CarpetX): Grid cells: 4096   Grid cell updates per second: 84611.7
INFO (CarpetX): Performance:
INFO (CarpetX):   total evolution time:            1.26022 sec
INFO (CarpetX):   total evolution compute time:    1.25982 sec
INFO (CarpetX):   total evolution output time:     0.00039959 sec
INFO (CarpetX):   total iterations:                26
INFO (CarpetX):   total cells updated:             106496
INFO (CarpetX):   average iterations per second: 20.6313
INFO (CarpetX):   average cell updates per second: 84505.6
INFO (CarpetX): OutputGH: iteration 27, time 0.105469, run time 2 s
INFO (CarpetX): OutputGH done.
INFO (CarpetX): Simulation time: 0.105469   Iterations per second: 20.6572   Simulation time per second: 0.0806922
INFO (CarpetX): Grid cells: 4096   Grid cell updates per second: 84611.9
INFO (CarpetX): Performance:
INFO (CarpetX):   total evolution time:            1.30863 sec
INFO (CarpetX):   total evolution compute time:    1.30821 sec
INFO (CarpetX):   total evolution output time:     0.000418425 sec
INFO (CarpetX):   total iterations:                27
INFO (CarpetX):   total cells updated:             110592
INFO (CarpetX):   average iterations per second: 20.6322
INFO (CarpetX):   average cell updates per second: 84509.6
INFO (CarpetX): OutputGH: iteration 28, time 0.109375, run time 2 s
INFO (CarpetX): OutputGH done.
INFO (CarpetX): Simulation time: 0.109375   Iterations per second: 20.6499   Simulation time per second: 0.0806638
INFO (CarpetX): Grid cells: 4096   Grid cell updates per second: 84582.1
INFO (CarpetX): Performance:
INFO (CarpetX):   total evolution time:            1.35721 sec
INFO (CarpetX):   total evolution compute time:    1.35677 sec
INFO (CarpetX):   total evolution output time:     0.000439405 sec
INFO (CarpetX):   total iterations:                28
INFO (CarpetX):   total cells updated:             114688
INFO (CarpetX):   average iterations per second: 20.6305
INFO (CarpetX):   average cell updates per second: 84502.7
INFO (CarpetX): OutputGH: iteration 29, time 0.113281, run time 2 s
INFO (CarpetX): OutputGH done.
INFO (CarpetX): Simulation time: 0.113281   Iterations per second: 20.6497   Simulation time per second: 0.0806628
INFO (CarpetX): Grid cells: 4096   Grid cell updates per second: 84581.1
INFO (CarpetX): Performance:
INFO (CarpetX):   total evolution time:            1.40564 sec
INFO (CarpetX):   total evolution compute time:    1.40518 sec
INFO (CarpetX):   total evolution output time:     0.000460625 sec
INFO (CarpetX):   total iterations:                29
INFO (CarpetX):   total cells updated:             118784
INFO (CarpetX):   average iterations per second: 20.6311
INFO (CarpetX):   average cell updates per second: 84505.1
INFO (CarpetX): OutputGH: iteration 30, time 0.117188, run time 2 s
INFO (CarpetX): OutputGH done.
INFO (CarpetX): Simulation time: 0.117188   Iterations per second: 20.6524   Simulation time per second: 0.0806736
INFO (CarpetX): Grid cells: 4096   Grid cell updates per second: 84592.4
INFO (CarpetX): Performance:
INFO (CarpetX):   total evolution time:            1.45401 sec
INFO (CarpetX):   total evolution compute time:    1.45353 sec
INFO (CarpetX):   total evolution output time:     0.000477552 sec
INFO (CarpetX):   total iterations:                30
INFO (CarpetX):   total cells updated:             122880
INFO (CarpetX):   average iterations per second: 20.6327
INFO (CarpetX):   average cell updates per second: 84511.4
INFO (CarpetX): OutputGH: iteration 31, time 0.121094, run time 2 s
INFO (CarpetX): OutputGH done.
INFO (CarpetX): Simulation time: 0.121094   Iterations per second: 20.6563   Simulation time per second: 0.0806888
INFO (CarpetX): Grid cells: 4096   Grid cell updates per second: 84608.4
INFO (CarpetX): Performance:
INFO (CarpetX):   total evolution time:            1.50233 sec
INFO (CarpetX):   total evolution compute time:    1.50184 sec
INFO (CarpetX):   total evolution output time:     0.000492573 sec
INFO (CarpetX):   total iterations:                31
INFO (CarpetX):   total cells updated:             126976
INFO (CarpetX):   average iterations per second: 20.6345
INFO (CarpetX):   average cell updates per second: 84519.1
INFO (CarpetX): OutputGH: iteration 32, time 0.125000, run time 2 s
INFO (CarpetX): OutputGH done.
INFO (CarpetX): Simulation time: 0.125   Iterations per second: 20.66   Simulation time per second: 0.0807032
INFO (CarpetX): Grid cells: 4096   Grid cell updates per second: 84623.4
INFO (CarpetX): Performance:
INFO (CarpetX):   total evolution time:            1.55066 sec
INFO (CarpetX):   total evolution compute time:    1.55015 sec
INFO (CarpetX):   total evolution output time:     0.000507593 sec
INFO (CarpetX):   total iterations:                32
INFO (CarpetX):   total cells updated:             131072
INFO (CarpetX):   average iterations per second: 20.6364
INFO (CarpetX):   average cell updates per second: 84526.6
INFO (CarpetX): OutputGH: iteration 33, time 0.128906, run time 2 s
INFO (CarpetX): OutputGH done.
INFO (CarpetX): Simulation time: 0.128906   Iterations per second: 20.663   Simulation time per second: 0.0807148
INFO (CarpetX): Grid cells: 4096   Grid cell updates per second: 84635.6
INFO (CarpetX): Performance:
INFO (CarpetX):   total evolution time:            1.59899 sec
INFO (CarpetX):   total evolution compute time:    1.59847 sec
INFO (CarpetX):   total evolution output time:     0.000522614 sec
INFO (CarpetX):   total iterations:                33
INFO (CarpetX):   total cells updated:             135168
INFO (CarpetX):   average iterations per second: 20.638
INFO (CarpetX):   average cell updates per second: 84533.2
INFO (CarpetX): OutputGH: iteration 34, time 0.132812, run time 2 s
INFO (CarpetX): OutputGH done.
INFO (CarpetX): Simulation time: 0.132812   Iterations per second: 20.6658   Simulation time per second: 0.0807256
INFO (CarpetX): Grid cells: 4096   Grid cell updates per second: 84646.9
INFO (CarpetX): Performance:
INFO (CarpetX):   total evolution time:            1.64732 sec
INFO (CarpetX):   total evolution compute time:    1.64679 sec
INFO (CarpetX):   total evolution output time:     0.00053668 sec
INFO (CarpetX):   total iterations:                34
INFO (CarpetX):   total cells updated:             139264
INFO (CarpetX):   average iterations per second: 20.6395
INFO (CarpetX):   average cell updates per second: 84539.5
INFO (CarpetX): OutputGH: iteration 35, time 0.136719, run time 2 s
INFO (CarpetX): OutputGH done.
INFO (CarpetX): Simulation time: 0.136719   Iterations per second: 20.6688   Simulation time per second: 0.0807373
INFO (CarpetX): Grid cells: 4096   Grid cell updates per second: 84659.2
INFO (CarpetX): Performance:
INFO (CarpetX):   total evolution time:            1.69564 sec
INFO (CarpetX):   total evolution compute time:    1.69509 sec
INFO (CarpetX):   total evolution output time:     0.000551701 sec
INFO (CarpetX):   total iterations:                35
INFO (CarpetX):   total cells updated:             143360
INFO (CarpetX):   average iterations per second: 20.6411
INFO (CarpetX):   average cell updates per second: 84546.1
INFO (CarpetX): OutputGH: iteration 36, time 0.140625, run time 2 s
INFO (CarpetX): OutputGH done.
INFO (CarpetX): Simulation time: 0.140625   Iterations per second: 20.6507   Simulation time per second: 0.080667
INFO (CarpetX): Grid cells: 4096   Grid cell updates per second: 84585.5
INFO (CarpetX): Performance:
INFO (CarpetX):   total evolution time:            1.74445 sec
INFO (CarpetX):   total evolution compute time:    1.74388 sec
INFO (CarpetX):   total evolution output time:     0.00056982 sec
INFO (CarpetX):   total iterations:                36
INFO (CarpetX):   total cells updated:             147456
INFO (CarpetX):   average iterations per second: 20.6369
INFO (CarpetX):   average cell updates per second: 84528.8
INFO (CarpetX): OutputGH: iteration 37, time 0.144531, run time 3 s
INFO (CarpetX): OutputGH done.
INFO (CarpetX): Simulation time: 0.144531   Iterations per second: 20.6191   Simulation time per second: 0.0805435
INFO (CarpetX): Grid cells: 4096   Grid cell updates per second: 84456
INFO (CarpetX): Performance:
INFO (CarpetX):   total evolution time:            1.79361 sec
INFO (CarpetX):   total evolution compute time:    1.79303 sec
INFO (CarpetX):   total evolution output time:     0.00058794 sec
INFO (CarpetX):   total iterations:                37
INFO (CarpetX):   total cells updated:             151552
INFO (CarpetX):   average iterations per second: 20.6287
INFO (CarpetX):   average cell updates per second: 84495.3
INFO (CarpetX): OutputGH: iteration 38, time 0.148438, run time 3 s
INFO (CarpetX): OutputGH done.
INFO (CarpetX): Simulation time: 0.148438   Iterations per second: 20.6189   Simulation time per second: 0.0805428
INFO (CarpetX): Grid cells: 4096   Grid cell updates per second: 84455.2
INFO (CarpetX): Performance:
INFO (CarpetX):   total evolution time:            1.84212 sec
INFO (CarpetX):   total evolution compute time:    1.8415 sec
INFO (CarpetX):   total evolution output time:     0.000616074 sec
INFO (CarpetX):   total iterations:                38
INFO (CarpetX):   total cells updated:             155648
INFO (CarpetX):   average iterations per second: 20.6284
INFO (CarpetX):   average cell updates per second: 84494.1
INFO (CarpetX): OutputGH: iteration 39, time 0.152344, run time 3 s
INFO (CarpetX): OutputGH done.
INFO (CarpetX): Simulation time: 0.152344   Iterations per second: 20.6195   Simulation time per second: 0.0805451
INFO (CarpetX): Grid cells: 4096   Grid cell updates per second: 84457.7
INFO (CarpetX): Performance:
INFO (CarpetX):   total evolution time:            1.8906 sec
INFO (CarpetX):   total evolution compute time:    1.88996 sec
INFO (CarpetX):   total evolution output time:     0.000642061 sec
INFO (CarpetX):   total iterations:                39
INFO (CarpetX):   total cells updated:             159744
INFO (CarpetX):   average iterations per second: 20.6284
INFO (CarpetX):   average cell updates per second: 84493.7
INFO (CarpetX): OutputGH: iteration 40, time 0.156250, run time 3 s
INFO (CarpetX): OutputGH done.
INFO (CarpetX): Simulation time: 0.15625   Iterations per second: 20.6238   Simulation time per second: 0.0805619
INFO (CarpetX): Grid cells: 4096   Grid cell updates per second: 84475.2
INFO (CarpetX): Performance:
INFO (CarpetX):   total evolution time:            1.939 sec
INFO (CarpetX):   total evolution compute time:    1.93833 sec
INFO (CarpetX):   total evolution output time:     0.000668049 sec
INFO (CarpetX):   total iterations:                40
INFO (CarpetX):   total cells updated:             163840
INFO (CarpetX):   average iterations per second: 20.6292
INFO (CarpetX):   average cell updates per second: 84497.2
INFO (CarpetX): OutputGH: iteration 41, time 0.160156, run time 3 s
INFO (CarpetX): OutputGH done.
INFO (CarpetX): Simulation time: 0.160156   Iterations per second: 20.6253   Simulation time per second: 0.0805674
INFO (CarpetX): Grid cells: 4096   Grid cell updates per second: 84481.1
INFO (CarpetX): Performance:
INFO (CarpetX):   total evolution time:            1.98745 sec
INFO (CarpetX):   total evolution compute time:    1.98676 sec
INFO (CarpetX):   total evolution output time:     0.000691891 sec
INFO (CarpetX):   total iterations:                41
INFO (CarpetX):   total cells updated:             167936
INFO (CarpetX):   average iterations per second: 20.6294
INFO (CarpetX):   average cell updates per second: 84498.1
INFO (CarpetX): OutputGH: iteration 42, time 0.164062, run time 3 s
INFO (CarpetX): OutputGH done.
INFO (CarpetX): Simulation time: 0.164062   Iterations per second: 20.6248   Simulation time per second: 0.0805658
INFO (CarpetX): Grid cells: 4096   Grid cell updates per second: 84479.4
INFO (CarpetX): Performance:
INFO (CarpetX):   total evolution time:            2.03595 sec
INFO (CarpetX):   total evolution compute time:    2.03523 sec
INFO (CarpetX):   total evolution output time:     0.000716925 sec
INFO (CarpetX):   total iterations:                42
INFO (CarpetX):   total cells updated:             172032
INFO (CarpetX):   average iterations per second: 20.6292
INFO (CarpetX):   average cell updates per second: 84497.3
INFO (CarpetX): OutputGH: iteration 43, time 0.167969, run time 3 s
INFO (CarpetX): OutputGH done.
INFO (CarpetX): Simulation time: 0.167969   Iterations per second: 20.6309   Simulation time per second: 0.0805896
INFO (CarpetX): Grid cells: 4096   Grid cell updates per second: 84504.3
INFO (CarpetX): Performance:
INFO (CarpetX):   total evolution time:            2.08429 sec
INFO (CarpetX):   total evolution compute time:    2.08355 sec
INFO (CarpetX):   total evolution output time:     0.000741005 sec
INFO (CarpetX):   total iterations:                43
INFO (CarpetX):   total cells updated:             176128
INFO (CarpetX):   average iterations per second: 20.6305
INFO (CarpetX):   average cell updates per second: 84502.7
INFO (CarpetX): OutputGH: iteration 44, time 0.171875, run time 3 s
INFO (CarpetX): OutputGH done.
INFO (CarpetX): Simulation time: 0.171875   Iterations per second: 20.6359   Simulation time per second: 0.080609
INFO (CarpetX): Grid cells: 4096   Grid cell updates per second: 84524.7
INFO (CarpetX): Performance:
INFO (CarpetX):   total evolution time:            2.13264 sec
INFO (CarpetX):   total evolution compute time:    2.13188 sec
INFO (CarpetX):   total evolution output time:     0.000765085 sec
INFO (CarpetX):   total iterations:                44
INFO (CarpetX):   total cells updated:             180224
INFO (CarpetX):   average iterations per second: 20.6317
INFO (CarpetX):   average cell updates per second: 84507.3
INFO (CarpetX): OutputGH: iteration 45, time 0.175781, run time 3 s
INFO (CarpetX): OutputGH done.
INFO (CarpetX): Simulation time: 0.175781   Iterations per second: 20.6383   Simulation time per second: 0.0806182
INFO (CarpetX): Grid cells: 4096   Grid cell updates per second: 84534.3
INFO (CarpetX): Performance:
INFO (CarpetX):   total evolution time:            2.18105 sec
INFO (CarpetX):   total evolution compute time:    2.18026 sec
INFO (CarpetX):   total evolution output time:     0.000785112 sec
INFO (CarpetX):   total iterations:                45
INFO (CarpetX):   total cells updated:             184320
INFO (CarpetX):   average iterations per second: 20.6323
INFO (CarpetX):   average cell updates per second: 84509.9
INFO (CarpetX): OutputGH: iteration 46, time 0.179688, run time 3 s
INFO (CarpetX): OutputGH done.
INFO (CarpetX): Simulation time: 0.179688   Iterations per second: 20.6398   Simulation time per second: 0.0806241
INFO (CarpetX): Grid cells: 4096   Grid cell updates per second: 84540.5
INFO (CarpetX): Performance:
INFO (CarpetX):   total evolution time:            2.22947 sec
INFO (CarpetX):   total evolution compute time:    2.22865 sec
INFO (CarpetX):   total evolution output time:     0.000810146 sec
INFO (CarpetX):   total iterations:                46
INFO (CarpetX):   total cells updated:             188416
INFO (CarpetX):   average iterations per second: 20.6328
INFO (CarpetX):   average cell updates per second: 84511.8
INFO (CarpetX): OutputGH: iteration 47, time 0.183594, run time 3 s
INFO (CarpetX): OutputGH done.
INFO (CarpetX): Simulation time: 0.183594   Iterations per second: 20.6422   Simulation time per second: 0.0806335
INFO (CarpetX): Grid cells: 4096   Grid cell updates per second: 84550.3
INFO (CarpetX): Performance:
INFO (CarpetX):   total evolution time:            2.27786 sec
INFO (CarpetX):   total evolution compute time:    2.27703 sec
INFO (CarpetX):   total evolution output time:     0.000825167 sec
INFO (CarpetX):   total iterations:                47
INFO (CarpetX):   total cells updated:             192512
INFO (CarpetX):   average iterations per second: 20.6334
INFO (CarpetX):   average cell updates per second: 84514.5
INFO (CarpetX): OutputGH: iteration 48, time 0.187500, run time 3 s
INFO (CarpetX): OutputGH done.
INFO (CarpetX): Simulation time: 0.1875   Iterations per second: 20.6449   Simulation time per second: 0.080644
INFO (CarpetX): Grid cells: 4096   Grid cell updates per second: 84561.4
INFO (CarpetX): Performance:
INFO (CarpetX):   total evolution time:            2.32624 sec
INFO (CarpetX):   total evolution compute time:    2.3254 sec
INFO (CarpetX):   total evolution output time:     0.000840187 sec
INFO (CarpetX):   total iterations:                48
INFO (CarpetX):   total cells updated:             196608
INFO (CarpetX):   average iterations per second: 20.6342
INFO (CarpetX):   average cell updates per second: 84517.5
INFO (CarpetX): OutputGH: iteration 49, time 0.191406, run time 3 s
INFO (CarpetX): OutputGH done.
INFO (CarpetX): Simulation time: 0.191406   Iterations per second: 20.6484   Simulation time per second: 0.0806577
INFO (CarpetX): Grid cells: 4096   Grid cell updates per second: 84575.7
INFO (CarpetX): Performance:
INFO (CarpetX):   total evolution time:            2.3746 sec
INFO (CarpetX):   total evolution compute time:    2.37374 sec
INFO (CarpetX):   total evolution output time:     0.000855207 sec
INFO (CarpetX):   total iterations:                49
INFO (CarpetX):   total cells updated:             200704
INFO (CarpetX):   average iterations per second: 20.6351
INFO (CarpetX):   average cell updates per second: 84521.3
INFO (CarpetX): OutputGH: iteration 50, time 0.195312, run time 3 s
INFO (CarpetX): OutputGH done.
INFO (CarpetX): Simulation time: 0.195312   Iterations per second: 20.6511   Simulation time per second: 0.0806685
INFO (CarpetX): Grid cells: 4096   Grid cell updates per second: 84587.1
INFO (CarpetX): Performance:
INFO (CarpetX):   total evolution time:            2.42296 sec
INFO (CarpetX):   total evolution compute time:    2.42209 sec
INFO (CarpetX):   total evolution output time:     0.000871181 sec
INFO (CarpetX):   total iterations:                50
INFO (CarpetX):   total cells updated:             204800
INFO (CarpetX):   average iterations per second: 20.6359
INFO (CarpetX):   average cell updates per second: 84524.7
INFO (CarpetX): OutputGH: iteration 51, time 0.199219, run time 3 s
INFO (CarpetX): OutputGH done.
INFO (CarpetX): Simulation time: 0.199219   Iterations per second: 20.6542   Simulation time per second: 0.0806806
INFO (CarpetX): Grid cells: 4096   Grid cell updates per second: 84599.7
INFO (CarpetX): Performance:
INFO (CarpetX):   total evolution time:            2.47131 sec
INFO (CarpetX):   total evolution compute time:    2.47042 sec
INFO (CarpetX):   total evolution output time:     0.000896215 sec
INFO (CarpetX):   total iterations:                51
INFO (CarpetX):   total cells updated:             208896
INFO (CarpetX):   average iterations per second: 20.6368
INFO (CarpetX):   average cell updates per second: 84528.4
INFO (CarpetX): OutputGH: iteration 52, time 0.203125, run time 3 s
INFO (CarpetX): OutputGH done.
INFO (CarpetX): Simulation time: 0.203125   Iterations per second: 20.6545   Simulation time per second: 0.0806816
INFO (CarpetX): Grid cells: 4096   Grid cell updates per second: 84600.8
INFO (CarpetX): Performance:
INFO (CarpetX):   total evolution time:            2.51972 sec
INFO (CarpetX):   total evolution compute time:    2.5188 sec
INFO (CarpetX):   total evolution output time:     0.000923157 sec
INFO (CarpetX):   total iterations:                52
INFO (CarpetX):   total cells updated:             212992
INFO (CarpetX):   average iterations per second: 20.6372
INFO (CarpetX):   average cell updates per second: 84530
INFO (CarpetX): OutputGH: iteration 53, time 0.207031, run time 3 s
INFO (CarpetX): OutputGH done.
INFO (CarpetX): Simulation time: 0.207031   Iterations per second: 20.6533   Simulation time per second: 0.0806771
INFO (CarpetX): Grid cells: 4096   Grid cell updates per second: 84596
INFO (CarpetX): Performance:
INFO (CarpetX):   total evolution time:            2.56817 sec
INFO (CarpetX):   total evolution compute time:    2.56722 sec
INFO (CarpetX):   total evolution output time:     0.000947237 sec
INFO (CarpetX):   total iterations:                53
INFO (CarpetX):   total cells updated:             217088
INFO (CarpetX):   average iterations per second: 20.6373
INFO (CarpetX):   average cell updates per second: 84530.4
INFO (CarpetX): OutputGH: iteration 54, time 0.210938, run time 3 s
INFO (CarpetX): OutputGH done.
INFO (CarpetX): Simulation time: 0.210938   Iterations per second: 20.6539   Simulation time per second: 0.0806791
INFO (CarpetX): Grid cells: 4096   Grid cell updates per second: 84598.2
INFO (CarpetX): Performance:
INFO (CarpetX):   total evolution time:            2.61657 sec
INFO (CarpetX):   total evolution compute time:    2.6156 sec
INFO (CarpetX):   total evolution output time:     0.000971317 sec
INFO (CarpetX):   total iterations:                54
INFO (CarpetX):   total cells updated:             221184
INFO (CarpetX):   average iterations per second: 20.6377
INFO (CarpetX):   average cell updates per second: 84532
INFO (CarpetX): OutputGH: iteration 55, time 0.214844, run time 3 s
INFO (CarpetX): OutputGH done.
INFO (CarpetX): Simulation time: 0.214844   Iterations per second: 20.6539   Simulation time per second: 0.0806795
INFO (CarpetX): Grid cells: 4096   Grid cell updates per second: 84598.6
INFO (CarpetX): Performance:
INFO (CarpetX):   total evolution time:            2.66499 sec
INFO (CarpetX):   total evolution compute time:    2.66399 sec
INFO (CarpetX):   total evolution output time:     0.000995398 sec
INFO (CarpetX):   total iterations:                55
INFO (CarpetX):   total cells updated:             225280
INFO (CarpetX):   average iterations per second: 20.638
INFO (CarpetX):   average cell updates per second: 84533.3
INFO (CarpetX): OutputGH: iteration 56, time 0.218750, run time 3 s
INFO (CarpetX): OutputGH done.
INFO (CarpetX): Simulation time: 0.21875   Iterations per second: 20.6555   Simulation time per second: 0.0806855
INFO (CarpetX): Grid cells: 4096   Grid cell updates per second: 84604.8
INFO (CarpetX): Performance:
INFO (CarpetX):   total evolution time:            2.71337 sec
INFO (CarpetX):   total evolution compute time:    2.71235 sec
INFO (CarpetX):   total evolution output time:     0.00102019 sec
INFO (CarpetX):   total iterations:                56
INFO (CarpetX):   total cells updated:             229376
INFO (CarpetX):   average iterations per second: 20.6386
INFO (CarpetX):   average cell updates per second: 84535.6
INFO (CarpetX): OutputGH: iteration 57, time 0.222656, run time 4 s
INFO (CarpetX): OutputGH done.
INFO (CarpetX): Simulation time: 0.222656   Iterations per second: 20.6549   Simulation time per second: 0.0806832
INFO (CarpetX): Grid cells: 4096   Grid cell updates per second: 84602.5
INFO (CarpetX): Performance:
INFO (CarpetX):   total evolution time:            2.76179 sec
INFO (CarpetX):   total evolution compute time:    2.76075 sec
INFO (CarpetX):   total evolution output time:     0.00104427 sec
INFO (CarpetX):   total iterations:                57
INFO (CarpetX):   total cells updated:             233472
INFO (CarpetX):   average iterations per second: 20.6388
INFO (CarpetX):   average cell updates per second: 84536.4
INFO (CarpetX): OutputGH: iteration 58, time 0.226562, run time 4 s
INFO (CarpetX): OutputGH done.
INFO (CarpetX): Simulation time: 0.226562   Iterations per second: 20.6569   Simulation time per second: 0.0806911
INFO (CarpetX): Grid cells: 4096   Grid cell updates per second: 84610.8
INFO (CarpetX): Performance:
INFO (CarpetX):   total evolution time:            2.81016 sec
INFO (CarpetX):   total evolution compute time:    2.8091 sec
INFO (CarpetX):   total evolution output time:     0.00105715 sec
INFO (CarpetX):   total iterations:                58
INFO (CarpetX):   total cells updated:             237568
INFO (CarpetX):   average iterations per second: 20.6394
INFO (CarpetX):   average cell updates per second: 84538.9
INFO (CarpetX): OutputGH: iteration 59, time 0.230469, run time 4 s
INFO (CarpetX): OutputGH done.
INFO (CarpetX): Simulation time: 0.230469   Iterations per second: 20.6579   Simulation time per second: 0.0806951
INFO (CarpetX): Grid cells: 4096   Grid cell updates per second: 84615
INFO (CarpetX): Performance:
INFO (CarpetX):   total evolution time:            2.85855 sec
INFO (CarpetX):   total evolution compute time:    2.85746 sec
INFO (CarpetX):   total evolution output time:     0.0010891 sec
INFO (CarpetX):   total iterations:                59
INFO (CarpetX):   total cells updated:             241664
INFO (CarpetX):   average iterations per second: 20.6399
INFO (CarpetX):   average cell updates per second: 84540.8
INFO (CarpetX): OutputGH: iteration 60, time 0.234375, run time 4 s
INFO (CarpetX): OutputGH done.
INFO (CarpetX): Simulation time: 0.234375   Iterations per second: 20.6585   Simulation time per second: 0.0806972
INFO (CarpetX): Grid cells: 4096   Grid cell updates per second: 84617.2
INFO (CarpetX): Performance:
INFO (CarpetX):   total evolution time:            2.90694 sec
INFO (CarpetX):   total evolution compute time:    2.90584 sec
INFO (CarpetX):   total evolution output time:     0.00110316 sec
INFO (CarpetX):   total iterations:                60
INFO (CarpetX):   total cells updated:             245760
INFO (CarpetX):   average iterations per second: 20.6402
INFO (CarpetX):   average cell updates per second: 84542.4
INFO (CarpetX): OutputGH: iteration 61, time 0.238281, run time 4 s
INFO (CarpetX): OutputGH done.
INFO (CarpetX): Simulation time: 0.238281   Iterations per second: 20.6635   Simulation time per second: 0.0807167
INFO (CarpetX): Grid cells: 4096   Grid cell updates per second: 84637.6
INFO (CarpetX): Performance:
INFO (CarpetX):   total evolution time:            2.95523 sec
INFO (CarpetX):   total evolution compute time:    2.95411 sec
INFO (CarpetX):   total evolution output time:     0.00111818 sec
INFO (CarpetX):   total iterations:                61
INFO (CarpetX):   total cells updated:             249856
INFO (CarpetX):   average iterations per second: 20.6414
INFO (CarpetX):   average cell updates per second: 84547
INFO (CarpetX): OutputGH: iteration 62, time 0.242188, run time 4 s
INFO (CarpetX): OutputGH done.
INFO (CarpetX): Simulation time: 0.242188   Iterations per second: 20.6672   Simulation time per second: 0.0807314
INFO (CarpetX): Grid cells: 4096   Grid cell updates per second: 84653
INFO (CarpetX): Performance:
INFO (CarpetX):   total evolution time:            3.00354 sec
INFO (CarpetX):   total evolution compute time:    3.00241 sec
INFO (CarpetX):   total evolution output time:     0.0011313 sec
INFO (CarpetX):   total iterations:                62
INFO (CarpetX):   total cells updated:             253952
INFO (CarpetX):   average iterations per second: 20.6423
INFO (CarpetX):   average cell updates per second: 84550.9
INFO (CarpetX): OutputGH: iteration 63, time 0.246094, run time 4 s
INFO (CarpetX): OutputGH done.
INFO (CarpetX): Simulation time: 0.246094   Iterations per second: 20.6682   Simulation time per second: 0.0807352
INFO (CarpetX): Grid cells: 4096   Grid cell updates per second: 84657
INFO (CarpetX): Performance:
INFO (CarpetX):   total evolution time:            3.0519 sec
INFO (CarpetX):   total evolution compute time:    3.05075 sec
INFO (CarpetX):   total evolution output time:     0.00114632 sec
INFO (CarpetX):   total iterations:                63
INFO (CarpetX):   total cells updated:             258048
INFO (CarpetX):   average iterations per second: 20.6429
INFO (CarpetX):   average cell updates per second: 84553.2
INFO (CarpetX): OutputGH: iteration 64, time 0.250000, run time 4 s
INFO (CarpetX): OutputGH done.
INFO (CarpetX): Simulation time: 0.25   Iterations per second: 19.9536   Simulation time per second: 0.0779439
INFO (CarpetX): Grid cells: 4096   Grid cell updates per second: 81730.1
INFO (CarpetX): Performance:
INFO (CarpetX):   total evolution time:            3.11761 sec
INFO (CarpetX):   total evolution compute time:    3.10528 sec
INFO (CarpetX):   total evolution output time:     0.0123274 sec
INFO (CarpetX):   total iterations:                64
INFO (CarpetX):   total cells updated:             262144
INFO (CarpetX):   average iterations per second: 20.5285
INFO (CarpetX):   average cell updates per second: 84084.9
INFO (CarpetX): Shutting down...
AMReX (25.11) finalized
--------------------------------------------------------------------------------
Done.

real	0m3.511s
user	0m5.409s
sys	0m0.154s
+ echo Stopping:
Stopping:
+ date
Sun Mar  8 04:41:01 PM UTC 2026
+ echo Done.
Done.
  Elapsed time: 3.5 s
