/__w/canudax-tests/workspace/simulations/TestJob01_temp_1/output-0000/TEST/sim/CanudaX_BSSNMoL
Preparing:
+ set -e
+ cd output-0000-active
+ echo Checking:
Checking:
+ pwd
/__w/canudax-tests/workspace/simulations/TestJob01_temp_1/output-0000/TEST/sim/CanudaX_BSSNMoL/output-0000-active
+ hostname
2c953b9c0263
+ date
Tue Mar 10 05:23:11 PM UTC 2026
+ echo Environment:
Environment:
+ export SIMULATION_ID=simulation-TestJob01_temp_1-actions-cpu-real64-actions-root-2026.03.10-17.23.10-13041
+ SIMULATION_ID=simulation-TestJob01_temp_1-actions-cpu-real64-actions-root-2026.03.10-17.23.10-13041
+ export CACTUS_NUM_PROCS=1
+ CACTUS_NUM_PROCS=1
+ export CACTUS_NUM_THREADS=2
+ CACTUS_NUM_THREADS=2
+ export CACTUS_SET_THREAD_BINDINGS=0
+ CACTUS_SET_THREAD_BINDINGS=0
+ export GLIBCXX_FORCE_NEW=1
+ GLIBCXX_FORCE_NEW=1
+ export GMON_OUT_PREFIX=gmon.out
+ GMON_OUT_PREFIX=gmon.out
+ export OMP_DISPLAY_ENV=TRUE
+ OMP_DISPLAY_ENV=TRUE
+ export OMP_MAX_TASKS=100
+ OMP_MAX_TASKS=100
+ export OMP_NUM_THREADS=2
+ OMP_NUM_THREADS=2
+ export OMP_PLACES=cores
+ OMP_PLACES=cores
+ export OMP_PROC_BIND=FALSE
+ OMP_PROC_BIND=FALSE
+ export OMP_STACKSIZE=8192
+ OMP_STACKSIZE=8192
+ env
+ sort
+ echo Starting:
Starting:
++ date +%s
+ export CACTUS_STARTTIME=1773163391
+ CACTUS_STARTTIME=1773163391
+ mpiexec -n 1 /__w/canudax-tests/workspace/simulations/TestJob01_temp_1/SIMFACTORY/exe/cactus_sim -L 3 /__w/canudax-tests/workspace/simulations/TestJob01_temp_1/output-0000/arrangements/CanudaX/CanudaX_BSSNMoL/test/gaugewave.par

OPENMP DISPLAY ENVIRONMENT BEGIN
  _OPENMP = '201511'
  [host] OMP_DYNAMIC = 'FALSE'
  [host] OMP_NESTED = 'FALSE'
  [host] OMP_NUM_THREADS = '2'
  [host] OMP_SCHEDULE = 'DYNAMIC'
  [host] OMP_PROC_BIND = 'FALSE'
  [host] OMP_PLACES = ''
  [host] OMP_STACKSIZE = '8388608'
  [host] OMP_WAIT_POLICY = 'PASSIVE'
  [host] OMP_THREAD_LIMIT = '4294967295'
  [host] OMP_MAX_ACTIVE_LEVELS = '1'
  [host] OMP_NUM_TEAMS = '0'
  [host] OMP_TEAMS_THREAD_LIMIT = '0'
  [all] OMP_CANCELLATION = 'FALSE'
  [all] OMP_DEFAULT_DEVICE = '0'
  [all] OMP_MAX_TASK_PRIORITY = '0'
  [all] OMP_DISPLAY_AFFINITY = 'FALSE'
  [host] OMP_AFFINITY_FORMAT = 'level %L thread %i affinity %A'
  [host] OMP_ALLOCATOR = 'omp_default_mem_alloc'
  [all] OMP_TARGET_OFFLOAD = 'DEFAULT'
OPENMP DISPLAY ENVIRONMENT END
INFO (Cactus): Increased logging level from 0 to 3
--------------------------------------------------------------------------------

       10                                  
  1   0101       ************************  
  01  1010 10      The Cactus Code V4.18.0    
 1010 1101 011      www.cactuscode.org     
  1001 100101    ************************  
    00010101                               
     100011     (c) Copyright The Authors  
      0100      GNU Licensed. No Warranty  
      0101                                 
--------------------------------------------------------------------------------

Cactus version:    4.18.0
Compile date:      Mar 10 2026 (17:22:58)
Run date:          Mar 10 2026 (17:23:11+0000)
Run host:          2c953b9c0263 (pid=13089)
Working directory: /__w/canudax-tests/workspace/simulations/TestJob01_temp_1/output-0000/TEST/sim/CanudaX_BSSNMoL
Executable:        /__w/canudax-tests/workspace/simulations/TestJob01_temp_1/SIMFACTORY/exe/cactus_sim
Parameter file:    /__w/canudax-tests/workspace/simulations/TestJob01_temp_1/output-0000/arrangements/CanudaX/CanudaX_BSSNMoL/test/gaugewave.par
--------------------------------------------------------------------------------

Activating thorn Cactus...Success -> active implementation Cactus
Activation requested for 
--->ADMBaseX CanudaX_BSSNMoL CanudaX_ExactID CarpetX IOUtil ODESolvers TmunuBaseX<---
Thorn ADMBaseX requests automatic activation of Loop
Thorn CarpetX requests automatic activation of AMReX
Thorn CarpetX requests automatic activation of MPI
Thorn CarpetX requests automatic activation of yaml_cpp
Thorn CarpetX requests automatic activation of zlib
Thorn CarpetX requests automatic activation of Arith
Thorn CarpetX requests automatic activation of CarpetXRegrid
Thorn CarpetX requests automatic activation of ADIOS2
Thorn CarpetX requests automatic activation of openPMD
Thorn CarpetX requests automatic activation of Silo
Thorn Arith requests automatic activation of NSIMD
Thorn MPI requests automatic activation of hwloc
Thorn openPMD requests automatic activation of HDF5
Activating thorn ADIOS2...Success -> active implementation ADIOS2
Activating thorn ADMBaseX...Success -> active implementation ADMBaseX
Activating thorn AMReX...Success -> active implementation AMReX
Activating thorn Arith...Success -> active implementation Arith
Activating thorn CanudaX_BSSNMoL...Success -> active implementation CanudaX_BSSNMoL
Activating thorn CanudaX_ExactID...Success -> active implementation CanudaX_ExactID
Activating thorn CarpetX...Success -> active implementation Driver
Activating thorn CarpetXRegrid...Success -> active implementation CarpetXRegrid
Activating thorn HDF5...Success -> active implementation HDF5
Activating thorn hwloc...Success -> active implementation hwloc
Activating thorn IOUtil...Success -> active implementation IO
Activating thorn Loop...Success -> active implementation Loop
Activating thorn MPI...Success -> active implementation MPI
Activating thorn NSIMD...Success -> active implementation NSIMD
Activating thorn ODESolvers...Success -> active implementation ODESolvers
Activating thorn openPMD...Success -> active implementation openPMD
Activating thorn Silo...Success -> active implementation Silo
Activating thorn TmunuBaseX...Success -> active implementation TmunuBaseX
Activating thorn yaml_cpp...Success -> active implementation yaml_cpp
Activating thorn zlib...Success -> active implementation zlib
--------------------------------------------------------------------------------
  if (recover initial data)
    Recover parameters
  endif

  Startup routines
    [CCTK_STARTUP]
      CarpetX::Driver_Startup: Start up the driver
      IOUtil::IOUtil_Startup: Startup routine
      GROUP hwloc_startup: hwloc startup group
        hwloc::hwloc_version: Output hwloc version

  Startup routines which need an existing grid hierarchy
    [CCTK_WRAGH]
      Arith::Test_smallvector: [meta] Test small vectors
      Arith::Test_spvect: [meta] Test sparse vectors
      ODESolvers::ODESolvers_InitConstants: [global] Set up dummy loop counters for schedule printout
  Parameter checking routines
    [CCTK_PARAMCHECK]
      CanudaX_BSSNMoL::CanudaX_BSSNMoL_paramcheck: Check CanudaX_BSSNMoL parameters for consistency

  Initialisation
    if (NOT (recover initial data AND recovery_mode is 'strict'))
      [CCTK_PREREGRIDINITIAL]
      Set up grid hierarchy
      [CCTK_POSTREGRIDINITIAL]
      [CCTK_BASEGRID]
        CarpetXRegrid::CarpetXRegrid_InitError: Initialize regridding error to zero
        GROUP ODESolvers_BaseGrid: Set up constants (e.g. coordinates) everywhere on the grid
      [CCTK_INITIAL]
        GROUP TmunuBaseX_SetTmunuVars: Schedule group for setting T_munu
          TmunuBaseX::TmunuBaseX_ZeroTmunu: Set T_munu to zero
          GROUP TmunuBaseX_AddToTmunu: Add to T_munu here
        GROUP ODESolvers_Initial: Set up initial conditions on interior of state vector
          GROUP ADMBaseX_InitialData: Schedule group for calculating ADM initial data
            GROUP CanudaX_ExactIDGroup: CanudaX_ExactID group for setting up initial data
              CanudaX_ExactID::CanudaX_ExactID_GaugeWave: [local] Create gauge wave initial data
          GROUP ADMBaseX_InitialGauge: Schedule group for the ADM initial gauge condition
            ADMBaseX::ADMBaseX_initial_dtlapse: Set dtlapse to zero
            ADMBaseX::ADMBaseX_initial_dtshift: Set dtshift to zero
          GROUP ADMBaseX_PostInitial: Schedule group for modifying the ADM initial data, such as e.g. adding noise
        GROUP CanudaX_BSSNMoL_InitialGroup: CanudaX_BSSNMoL: initial bin
          CanudaX_BSSNMoL::CanudaX_BSSNMoL_adm2bssn: [local] Convert initial data into BSSN variables
          CanudaX_BSSNMoL::CanudaX_BSSNMoL_gammat: [local] Set Gammat initial data
      [CCTK_POSTINITIAL]
        GROUP ODESolvers_PostStep: Apply boundary conditions to state vector, and project if necessary
          GROUP CanudaX_BSSNMoL_PostStepGroup: CanudaX_BSSNMoL: post-step operations
            CanudaX_BSSNMoL::CanudaX_BSSNMoL_impose_conf_fac_floor: Make sure conformal factor does not drop below specified value
            CanudaX_BSSNMoL::CanudaX_BSSNMoL_reset_detmetric: reset dethh = 1
            CanudaX_BSSNMoL::CanudaX_BSSNMoL_remove_trA: Remove trace of A
            CanudaX_BSSNMoL::CanudaX_BSSNMoL_sync: [global] Sync state vector
            CanudaX_BSSNMoL::CanudaX_BSSNMoL_bssn2adm: [local] Convert variables back to the ADM ones
          GROUP ADMBaseX_SetADMRHS: Set ADM RHS variables in this group
          GROUP ADMBaseX_SetADMVars: Set ADM variables in this group
          GROUP TmunuBaseX_SetTmunuVars: Schedule group for setting T_munu
            TmunuBaseX::TmunuBaseX_ZeroTmunu: Set T_munu to zero
            GROUP TmunuBaseX_AddToTmunu: Add to T_munu here
        GROUP ODESolvers_EstimateError: Estimate discretization error (for regridding)
      Initialise finer grids recursively
      Restrict from finer grids
      [CCTK_POSTRESTRICTINITIAL]
      [CCTK_POSTPOSTINITIAL]
      [CCTK_POSTSTEP]
        GROUP ODESolvers_EstimateError: Estimate discretization error (for regridding)
    endif
    if (recover initial data)
      [CCTK_BASEGRID]
        CarpetXRegrid::CarpetXRegrid_InitError: Initialize regridding error to zero
        GROUP ODESolvers_BaseGrid: Set up constants (e.g. coordinates) everywhere on the grid
      [CCTK_RECOVER_VARIABLES]
      [CCTK_POST_RECOVER_VARIABLES]
        GROUP ODESolvers_PostStep: Apply boundary conditions to state vector, and project if necessary
          GROUP CanudaX_BSSNMoL_PostStepGroup: CanudaX_BSSNMoL: post-step operations
            CanudaX_BSSNMoL::CanudaX_BSSNMoL_impose_conf_fac_floor: Make sure conformal factor does not drop below specified value
            CanudaX_BSSNMoL::CanudaX_BSSNMoL_reset_detmetric: reset dethh = 1
            CanudaX_BSSNMoL::CanudaX_BSSNMoL_remove_trA: Remove trace of A
            CanudaX_BSSNMoL::CanudaX_BSSNMoL_sync: [global] Sync state vector
            CanudaX_BSSNMoL::CanudaX_BSSNMoL_bssn2adm: [local] Convert variables back to the ADM ones
          GROUP ADMBaseX_SetADMRHS: Set ADM RHS variables in this group
          GROUP ADMBaseX_SetADMVars: Set ADM variables in this group
          GROUP TmunuBaseX_SetTmunuVars: Schedule group for setting T_munu
            TmunuBaseX::TmunuBaseX_ZeroTmunu: Set T_munu to zero
            GROUP TmunuBaseX_AddToTmunu: Add to T_munu here
        GROUP ODESolvers_EstimateError: Estimate discretization error (for regridding)
    endif
    if (checkpoint initial data)
      [CCTK_CPINITIAL]
        CarpetX::CarpetX_CheckpointInitial: [meta] Checkpoint initial conditions
    endif
    if (analysis)
      [CCTK_ANALYSIS]
        CanudaX_BSSNMoL::CanudaX_BSSNMoL_bssn_constraints: Compute constraints
        GROUP ODESolvers_Analysis: Calculate analysis quantities everywhere
  endif
  Output grid variables

  do loop over timesteps
    [CCTK_PREREGRID]
    Change grid hierarchy
    [CCTK_POSTREGRID]
      GROUP ODESolvers_PostStep: Apply boundary conditions to state vector, and project if necessary
        GROUP CanudaX_BSSNMoL_PostStepGroup: CanudaX_BSSNMoL: post-step operations
          CanudaX_BSSNMoL::CanudaX_BSSNMoL_impose_conf_fac_floor: Make sure conformal factor does not drop below specified value
          CanudaX_BSSNMoL::CanudaX_BSSNMoL_reset_detmetric: reset dethh = 1
          CanudaX_BSSNMoL::CanudaX_BSSNMoL_remove_trA: Remove trace of A
          CanudaX_BSSNMoL::CanudaX_BSSNMoL_sync: [global] Sync state vector
          CanudaX_BSSNMoL::CanudaX_BSSNMoL_bssn2adm: [local] Convert variables back to the ADM ones
        GROUP ADMBaseX_SetADMRHS: Set ADM RHS variables in this group
        GROUP ADMBaseX_SetADMVars: Set ADM variables in this group
        GROUP TmunuBaseX_SetTmunuVars: Schedule group for setting T_munu
          TmunuBaseX::TmunuBaseX_ZeroTmunu: Set T_munu to zero
          GROUP TmunuBaseX_AddToTmunu: Add to T_munu here
    Rotate timelevels
    iteration = iteration+1
    t = t+dt
    [CCTK_PRESTEP]
    [CCTK_EVOL]
      ODESolvers::ODESolvers_Solve: [level] Solve ODEs
      while (ODESolvers::do_substeps)
        GROUP ODESolvers_CalledBySolve: Groups internally scheduled by ODESolvers_Solve
          GROUP ODESolvers_RHS: Evaluate the RHS for of state vector everywhere on the grid
            GROUP CanudaX_BSSNMoL_RHSGroup: CanudaX_BSSNMoL: calculate BSSN RHS
              CanudaX_BSSNMoL::CanudaX_BSSNMoL_calc_bssn_rhs: MoL RHS calculation
              CanudaX_BSSNMoL::CanudaX_BSSNMoL_apply_boundary_conditions: Apply radiative boundary conditions 
          GROUP ODESolvers_PostStep: Apply boundary conditions to state vector, and project if necessary
            GROUP CanudaX_BSSNMoL_PostStepGroup: CanudaX_BSSNMoL: post-step operations
              CanudaX_BSSNMoL::CanudaX_BSSNMoL_impose_conf_fac_floor: Make sure conformal factor does not drop below specified value
              CanudaX_BSSNMoL::CanudaX_BSSNMoL_reset_detmetric: reset dethh = 1
              CanudaX_BSSNMoL::CanudaX_BSSNMoL_remove_trA: Remove trace of A
              CanudaX_BSSNMoL::CanudaX_BSSNMoL_sync: [global] Sync state vector
              CanudaX_BSSNMoL::CanudaX_BSSNMoL_bssn2adm: [local] Convert variables back to the ADM ones
            GROUP ADMBaseX_SetADMRHS: Set ADM RHS variables in this group
            GROUP ADMBaseX_SetADMVars: Set ADM variables in this group
            GROUP TmunuBaseX_SetTmunuVars: Schedule group for setting T_munu
              TmunuBaseX::TmunuBaseX_ZeroTmunu: Set T_munu to zero
              GROUP TmunuBaseX_AddToTmunu: Add to T_munu here
      end while
    Evolve finer grids recursively
    Restrict from finer grids
    [CCTK_POSTRESTRICT]
      GROUP ODESolvers_PostStep: Apply boundary conditions to state vector, and project if necessary
        GROUP CanudaX_BSSNMoL_PostStepGroup: CanudaX_BSSNMoL: post-step operations
          CanudaX_BSSNMoL::CanudaX_BSSNMoL_impose_conf_fac_floor: Make sure conformal factor does not drop below specified value
          CanudaX_BSSNMoL::CanudaX_BSSNMoL_reset_detmetric: reset dethh = 1
          CanudaX_BSSNMoL::CanudaX_BSSNMoL_remove_trA: Remove trace of A
          CanudaX_BSSNMoL::CanudaX_BSSNMoL_sync: [global] Sync state vector
          CanudaX_BSSNMoL::CanudaX_BSSNMoL_bssn2adm: [local] Convert variables back to the ADM ones
        GROUP ADMBaseX_SetADMRHS: Set ADM RHS variables in this group
        GROUP ADMBaseX_SetADMVars: Set ADM variables in this group
        GROUP TmunuBaseX_SetTmunuVars: Schedule group for setting T_munu
          TmunuBaseX::TmunuBaseX_ZeroTmunu: Set T_munu to zero
          GROUP TmunuBaseX_AddToTmunu: Add to T_munu here
    [CCTK_POSTSTEP]
      GROUP ODESolvers_EstimateError: Estimate discretization error (for regridding)
    if (checkpoint)
      [CCTK_CHECKPOINT]
      CarpetX::CarpetX_Checkpoint: [meta] Checkpoint
    endif
    if (analysis)
      [CCTK_ANALYSIS]
      CanudaX_BSSNMoL::CanudaX_BSSNMoL_bssn_constraints: Compute constraints
      GROUP ODESolvers_Analysis: Calculate analysis quantities everywhere
    endif
    Output grid variables
    enddo

  Termination routines
    [CCTK_TERMINATE]
      CarpetX::CarpetX_CheckpointTerminate: [meta] Checkpoint before terminating

  Shutdown routines
    [CCTK_SHUTDOWN]
      CarpetX::Driver_Shutdown: [meta] Shut down the driver

  Routines run after changing the grid hierarchy:
    [CCTK_POSTREGRID]
      GROUP ODESolvers_PostStep: Apply boundary conditions to state vector, and project if necessary
        GROUP CanudaX_BSSNMoL_PostStepGroup: CanudaX_BSSNMoL: post-step operations
          CanudaX_BSSNMoL::CanudaX_BSSNMoL_impose_conf_fac_floor: Make sure conformal factor does not drop below specified value
          CanudaX_BSSNMoL::CanudaX_BSSNMoL_reset_detmetric: reset dethh = 1
          CanudaX_BSSNMoL::CanudaX_BSSNMoL_remove_trA: Remove trace of A
          CanudaX_BSSNMoL::CanudaX_BSSNMoL_sync: [global] Sync state vector
          CanudaX_BSSNMoL::CanudaX_BSSNMoL_bssn2adm: [local] Convert variables back to the ADM ones
        GROUP ADMBaseX_SetADMRHS: Set ADM RHS variables in this group
        GROUP ADMBaseX_SetADMVars: Set ADM variables in this group
        GROUP TmunuBaseX_SetTmunuVars: Schedule group for setting T_munu
          TmunuBaseX::TmunuBaseX_ZeroTmunu: Set T_munu to zero
          GROUP TmunuBaseX_AddToTmunu: Add to T_munu here
--------------------------------------------------------------------------------
INFO (hwloc): library version 2.10.0, API version 0x20800
--------------------------------------------------------------------------------

  [34m  ▕▏  [34m  ▕▏  [34m  ▕▏  [34m  ▕▏  [34m  ▕▏  [34m  ▕▏  [34m  ▕▏  [34m  ▕▏  [34m  ▕▏  [39m  
  [34m──██──[34m──██──[34m──██──[34m──██──[34m──██──[34m──██──[34m──██──[34m──██──[34m──██──[39m  
  [34m  ▕▏  [34m  ▕▏  [34m  ▕▏  [34m  ▕▏  [34m  ▕▏  [34m  ▕▏  [34m  ▕▏  [34m  ▕▏  [34m  ▕▏  [39m  
  [34m  ▕▏  [32m██████[34m  ▕▏  [34m  ▕▏  [32m██████[34m  ▕▏  [34m  ▕▏  [32m██████[34m  ▕▏  [39m  
  [34m──██──[32m██████[34m──██──[34m──██──[32m██████[34m──██──[34m──██──[32m██████[34m──██──[39m  
  [34m  ▕▏  [32m██████[34m  ▕▏  [34m  ▕▏  [32m██████[34m  ▕▏  [34m  ▕▏  [32m██████[34m  ▕▏  [39m  
  [34m  ▕▏  [34m  ▕▏  [34m  ▕▏  [34m  ▕▏  [34m  ▕▏  [34m  ▕▏  [34m  ▕▏  [34m  ▕▏  [34m  ▕▏  [39m  
  [34m──██──[34m──██──[34m──██──[34m──██──[34m──██──[34m──██──[34m──██──[34m──██──[34m──██──[39m  
  [34m  ▕▏  [34m  ▕▏  [34m  ▕▏  [34m  ▕▏  [34m  ▕▏  [34m  ▕▏  [34m  ▕▏  [34m  ▕▏  [34m  ▕▏  [39m  
  [34m  ▕▏  [34m  ▕▏  [34m  ▕▏  [31m██████[31m██████[31m██████[34m  ▕▏  [34m  ▕▏  [34m  ▕▏  [39m  
  [34m──██──[34m──██──[34m──██──[31m██████[31m██████[31m██████[34m──██──[34m──██──[34m──██──[39m  
  [34m  ▕▏  [34m  ▕▏  [34m  ▕▏  [31m██████[31m██████[31m██████[34m  ▕▏  [34m  ▕▏  [34m  ▕▏  [39m  
  [34m  ▕▏  [32m██████[34m  ▕▏  [31m██████[31m██████[31m██████[34m  ▕▏  [32m██████[34m  ▕▏  [39m  
  [34m──██──[32m██████[34m──██──[31m██████[31m██████[31m██████[34m──██──[32m██████[34m──██──[39m  
  [34m  ▕▏  [32m██████[34m  ▕▏  [31m██████[31m██████[31m██████[34m  ▕▏  [32m██████[34m  ▕▏  [39m  
  [34m  ▕▏  [34m  ▕▏  [34m  ▕▏  [31m██████[31m██████[31m██████[34m  ▕▏  [34m  ▕▏  [34m  ▕▏  [39m  
  [34m──██──[34m──██──[34m──██──[31m██████[31m██████[31m██████[34m──██──[34m──██──[34m──██──[39m  
  [34m  ▕▏  [34m  ▕▏  [34m  ▕▏  [31m██████[31m██████[31m██████[34m  ▕▏  [34m  ▕▏  [34m  ▕▏  [39m  
  [34m  ▕▏  [34m  ▕▏  [34m  ▕▏  [34m  ▕▏  [34m  ▕▏  [34m  ▕▏  [34m  ▕▏  [34m  ▕▏  [34m  ▕▏  [39m  
  [34m──██──[34m──██──[34m──██──[34m──██──[34m──██──[34m──██──[34m──██──[34m──██──[34m──██──[39m  
  [34m  ▕▏  [34m  ▕▏  [34m  ▕▏  [34m  ▕▏  [34m  ▕▏  [34m  ▕▏  [34m  ▕▏  [34m  ▕▏  [34m  ▕▏  [39m  
  [34m  ▕▏  [32m██████[34m  ▕▏  [34m  ▕▏  [32m██████[34m  ▕▏  [34m  ▕▏  [32m██████[34m  ▕▏  [39m  
  [34m──██──[32m██████[34m──██──[34m──██──[32m██████[34m──██──[34m──██──[32m██████[34m──██──[39m  
  [34m  ▕▏  [32m██████[34m  ▕▏  [34m  ▕▏  [32m██████[34m  ▕▏  [34m  ▕▏  [32m██████[34m  ▕▏  [39m  
  [34m  ▕▏  [34m  ▕▏  [34m  ▕▏  [34m  ▕▏  [34m  ▕▏  [34m  ▕▏  [34m  ▕▏  [34m  ▕▏  [34m  ▕▏  [39m  
  [34m──██──[34m──██──[34m──██──[34m──██──[34m──██──[34m──██──[34m──██──[34m──██──[34m──██──[39m  
  [34m  ▕▏  [34m  ▕▏  [34m  ▕▏  [34m  ▕▏  [34m  ▕▏  [34m  ▕▏  [34m  ▕▏  [34m  ▕▏  [34m  ▕▏  [39m  

AMR driver provided by CarpetX,
using AMReX 25.11 (MPI, OpenMP, no accelerators, optimized)
--------------------------------------------------------------------------------

Initializing AMReX (25.11)...
MPI initialized with 1 MPI processes
MPI initialized with thread support level 2
OMP initialized with 2 OMP threads
AMReX (25.11) initialized
INFO (CarpetX): 
Symmetries:
  lower x: periodic
  lower y: periodic
  lower z: periodic
  upper x: periodic
  upper y: periodic
  upper z: periodic
Default boundaries:
  lower x: symmetry_boundary
  lower y: symmetry_boundary
  lower z: symmetry_boundary
  upper x: symmetry_boundary
  upper y: symmetry_boundary
  upper z: symmetry_boundary
INFO (Arith): Test_smallvector
INFO (Arith): Test_spvect
INFO (CarpetX): Setting initial values for max_grid_size values for all levels
INFO (CarpetX): Setting up initial conditions...
INFO (CarpetX): Iteration: 0   time: 0   delta_time: 0.00390625
INFO (CarpetX): Patch 0:
INFO (CarpetX):   Grid extent:
INFO (CarpetX):     gsh=[71,15,15]
INFO (CarpetX):     blocking_factor=[8,8,8]
INFO (CarpetX):     max_grid_size=[10000000,10000000,10000000]
INFO (CarpetX):     max_tile_size=[1024000,16,32]
INFO (CarpetX):   Domain extent:
INFO (CarpetX):     xmin=[-0.5,-0.0625,-0.0625]
INFO (CarpetX):     xmax=[0.5,0.0625,0.0625]
INFO (CarpetX):     base dx=[0.015625,0.015625,0.015625]
INFO (CarpetX): Initializing level 0...
INFO (CanudaX_ExactID): Begin Gauge Wave initial data
INFO (CanudaX_ExactID): === End gauge wave initial data ===
INFO (CarpetX): Regridding...
INFO (CarpetX):   level 0: 1 boxes, 4096 cells (100%)
INFO (CarpetX): Initialized 1 levels
INFO (CarpetX): OutputGH: iteration 0, time 0.000000, run time 0 s
INFO (CarpetX): OutputGH done.
INFO (CarpetX): Starting evolution...
INFO (ODESolvers): ODE integrator is RK4
INFO (CarpetX): OutputGH: iteration 1, time 0.003906, run time 0 s
INFO (CarpetX): OutputGH done.
INFO (CarpetX): Simulation time: 0.00390625   Iterations per second: 17.0893   Simulation time per second: 0.0667552
INFO (CarpetX): Grid cells: 4096   Grid cell updates per second: 69997.9
INFO (CarpetX): Performance:
INFO (CarpetX):   total evolution time:            0.058516 sec
INFO (CarpetX):   total evolution compute time:    0.0584831 sec
INFO (CarpetX):   total evolution output time:     3.29018e-05 sec
INFO (CarpetX):   total iterations:                1
INFO (CarpetX):   total cells updated:             4096
INFO (CarpetX):   average iterations per second: 17.0893
INFO (CarpetX):   average cell updates per second: 69997.9
INFO (CarpetX): OutputGH: iteration 2, time 0.007812, run time 0 s
INFO (CarpetX): OutputGH done.
INFO (CarpetX): Simulation time: 0.0078125   Iterations per second: 17.5079   Simulation time per second: 0.0683903
INFO (CarpetX): Grid cells: 4096   Grid cell updates per second: 71712.5
INFO (CarpetX): Performance:
INFO (CarpetX):   total evolution time:            0.114234 sec
INFO (CarpetX):   total evolution compute time:    0.114167 sec
INFO (CarpetX):   total evolution output time:     6.69956e-05 sec
INFO (CarpetX):   total iterations:                2
INFO (CarpetX):   total cells updated:             8192
INFO (CarpetX):   average iterations per second: 17.5079
INFO (CarpetX):   average cell updates per second: 71712.5
INFO (CarpetX): OutputGH: iteration 3, time 0.011719, run time 0 s
INFO (CarpetX): OutputGH done.
INFO (CarpetX): Simulation time: 0.0117188   Iterations per second: 17.6714   Simulation time per second: 0.0690289
INFO (CarpetX): Grid cells: 4096   Grid cell updates per second: 72382
INFO (CarpetX): Performance:
INFO (CarpetX):   total evolution time:            0.169766 sec
INFO (CarpetX):   total evolution compute time:    0.169667 sec
INFO (CarpetX):   total evolution output time:     9.91821e-05 sec
INFO (CarpetX):   total iterations:                3
INFO (CarpetX):   total cells updated:             12288
INFO (CarpetX):   average iterations per second: 17.6714
INFO (CarpetX):   average cell updates per second: 72382
INFO (CarpetX): OutputGH: iteration 4, time 0.015625, run time 0 s
INFO (CarpetX): OutputGH done.
INFO (CarpetX): Simulation time: 0.015625   Iterations per second: 17.7473   Simulation time per second: 0.0693252
INFO (CarpetX): Grid cells: 4096   Grid cell updates per second: 72692.8
INFO (CarpetX): Performance:
INFO (CarpetX):   total evolution time:            0.225387 sec
INFO (CarpetX):   total evolution compute time:    0.225254 sec
INFO (CarpetX):   total evolution output time:     0.000133276 sec
INFO (CarpetX):   total iterations:                4
INFO (CarpetX):   total cells updated:             16384
INFO (CarpetX):   average iterations per second: 17.7473
INFO (CarpetX):   average cell updates per second: 72692.8
INFO (CarpetX): OutputGH: iteration 5, time 0.019531, run time 1 s
INFO (CarpetX): OutputGH done.
INFO (CarpetX): Simulation time: 0.0195312   Iterations per second: 17.7873   Simulation time per second: 0.0694815
INFO (CarpetX): Grid cells: 4096   Grid cell updates per second: 72856.6
INFO (CarpetX): Performance:
INFO (CarpetX):   total evolution time:            0.2811 sec
INFO (CarpetX):   total evolution compute time:    0.280936 sec
INFO (CarpetX):   total evolution output time:     0.00016427 sec
INFO (CarpetX):   total iterations:                5
INFO (CarpetX):   total cells updated:             20480
INFO (CarpetX):   average iterations per second: 17.7873
INFO (CarpetX):   average cell updates per second: 72856.6
INFO (CarpetX): OutputGH: iteration 6, time 0.023438, run time 1 s
INFO (CarpetX): OutputGH done.
INFO (CarpetX): Simulation time: 0.0234375   Iterations per second: 17.7765   Simulation time per second: 0.0694393
INFO (CarpetX): Grid cells: 4096   Grid cell updates per second: 72812.4
INFO (CarpetX): Performance:
INFO (CarpetX):   total evolution time:            0.337525 sec
INFO (CarpetX):   total evolution compute time:    0.337327 sec
INFO (CarpetX):   total evolution output time:     0.000198364 sec
INFO (CarpetX):   total iterations:                6
INFO (CarpetX):   total cells updated:             24576
INFO (CarpetX):   average iterations per second: 17.7765
INFO (CarpetX):   average cell updates per second: 72812.4
INFO (CarpetX): OutputGH: iteration 7, time 0.027344, run time 1 s
INFO (CarpetX): OutputGH done.
INFO (CarpetX): Simulation time: 0.0273438   Iterations per second: 17.7994   Simulation time per second: 0.069529
INFO (CarpetX): Grid cells: 4096   Grid cell updates per second: 72906.5
INFO (CarpetX): Performance:
INFO (CarpetX):   total evolution time:            0.393271 sec
INFO (CarpetX):   total evolution compute time:    0.39304 sec
INFO (CarpetX):   total evolution output time:     0.000231266 sec
INFO (CarpetX):   total iterations:                7
INFO (CarpetX):   total cells updated:             28672
INFO (CarpetX):   average iterations per second: 17.7994
INFO (CarpetX):   average cell updates per second: 72906.5
INFO (CarpetX): OutputGH: iteration 8, time 0.031250, run time 1 s
INFO (CarpetX): OutputGH done.
INFO (CarpetX): Simulation time: 0.03125   Iterations per second: 17.8096   Simulation time per second: 0.0695687
INFO (CarpetX): Grid cells: 4096   Grid cell updates per second: 72948.1
INFO (CarpetX): Performance:
INFO (CarpetX):   total evolution time:            0.449196 sec
INFO (CarpetX):   total evolution compute time:    0.448932 sec
INFO (CarpetX):   total evolution output time:     0.000264406 sec
INFO (CarpetX):   total iterations:                8
INFO (CarpetX):   total cells updated:             32768
INFO (CarpetX):   average iterations per second: 17.8096
INFO (CarpetX):   average cell updates per second: 72948.1
INFO (CarpetX): OutputGH: iteration 9, time 0.035156, run time 1 s
INFO (CarpetX): OutputGH done.
INFO (CarpetX): Simulation time: 0.0351562   Iterations per second: 17.825   Simulation time per second: 0.0696288
INFO (CarpetX): Grid cells: 4096   Grid cell updates per second: 73011.1
INFO (CarpetX): Performance:
INFO (CarpetX):   total evolution time:            0.504909 sec
INFO (CarpetX):   total evolution compute time:    0.504611 sec
INFO (CarpetX):   total evolution output time:     0.000298262 sec
INFO (CarpetX):   total iterations:                9
INFO (CarpetX):   total cells updated:             36864
INFO (CarpetX):   average iterations per second: 17.825
INFO (CarpetX):   average cell updates per second: 73011.1
INFO (CarpetX): OutputGH: iteration 10, time 0.039062, run time 1 s
INFO (CarpetX): OutputGH done.
INFO (CarpetX): Simulation time: 0.0390625   Iterations per second: 17.8422   Simulation time per second: 0.0696959
INFO (CarpetX): Grid cells: 4096   Grid cell updates per second: 73081.5
INFO (CarpetX): Performance:
INFO (CarpetX):   total evolution time:            0.56047 sec
INFO (CarpetX):   total evolution compute time:    0.56014 sec
INFO (CarpetX):   total evolution output time:     0.00033021 sec
INFO (CarpetX):   total iterations:                10
INFO (CarpetX):   total cells updated:             40960
INFO (CarpetX):   average iterations per second: 17.8422
INFO (CarpetX):   average cell updates per second: 73081.5
INFO (CarpetX): OutputGH: iteration 11, time 0.042969, run time 1 s
INFO (CarpetX): OutputGH done.
INFO (CarpetX): Simulation time: 0.0429688   Iterations per second: 17.865   Simulation time per second: 0.0697853
INFO (CarpetX): Grid cells: 4096   Grid cell updates per second: 73175.2
INFO (CarpetX): Performance:
INFO (CarpetX):   total evolution time:            0.615799 sec
INFO (CarpetX):   total evolution compute time:    0.615437 sec
INFO (CarpetX):   total evolution output time:     0.000362158 sec
INFO (CarpetX):   total iterations:                11
INFO (CarpetX):   total cells updated:             45056
INFO (CarpetX):   average iterations per second: 17.863
INFO (CarpetX):   average cell updates per second: 73166.7
INFO (CarpetX): OutputGH: iteration 12, time 0.046875, run time 1 s
INFO (CarpetX): OutputGH done.
INFO (CarpetX): Simulation time: 0.046875   Iterations per second: 17.8601   Simulation time per second: 0.0697659
INFO (CarpetX): Grid cells: 4096   Grid cell updates per second: 73154.9
INFO (CarpetX): Performance:
INFO (CarpetX):   total evolution time:            0.67193 sec
INFO (CarpetX):   total evolution compute time:    0.671534 sec
INFO (CarpetX):   total evolution output time:     0.000396252 sec
INFO (CarpetX):   total iterations:                12
INFO (CarpetX):   total cells updated:             49152
INFO (CarpetX):   average iterations per second: 17.859
INFO (CarpetX):   average cell updates per second: 73150.4
INFO (CarpetX): OutputGH: iteration 13, time 0.050781, run time 1 s
INFO (CarpetX): OutputGH done.
INFO (CarpetX): Simulation time: 0.0507812   Iterations per second: 17.8717   Simulation time per second: 0.0698111
INFO (CarpetX): Grid cells: 4096   Grid cell updates per second: 73202.3
INFO (CarpetX): Performance:
INFO (CarpetX):   total evolution time:            0.727558 sec
INFO (CarpetX):   total evolution compute time:    0.727129 sec
INFO (CarpetX):   total evolution output time:     0.000429392 sec
INFO (CarpetX):   total iterations:                13
INFO (CarpetX):   total cells updated:             53248
INFO (CarpetX):   average iterations per second: 17.868
INFO (CarpetX):   average cell updates per second: 73187.3
INFO (CarpetX): OutputGH: iteration 14, time 0.054688, run time 1 s
INFO (CarpetX): OutputGH done.
INFO (CarpetX): Simulation time: 0.0546875   Iterations per second: 17.8794   Simulation time per second: 0.0698416
INFO (CarpetX): Grid cells: 4096   Grid cell updates per second: 73234.2
INFO (CarpetX): Performance:
INFO (CarpetX):   total evolution time:            0.783269 sec
INFO (CarpetX):   total evolution compute time:    0.782802 sec
INFO (CarpetX):   total evolution output time:     0.0004673 sec
INFO (CarpetX):   total iterations:                14
INFO (CarpetX):   total cells updated:             57344
INFO (CarpetX):   average iterations per second: 17.8738
INFO (CarpetX):   average cell updates per second: 73211.1
INFO (CarpetX): OutputGH: iteration 15, time 0.058594, run time 1 s
INFO (CarpetX): OutputGH done.
INFO (CarpetX): Simulation time: 0.0585938   Iterations per second: 17.8943   Simulation time per second: 0.0698996
INFO (CarpetX): Grid cells: 4096   Grid cell updates per second: 73295
INFO (CarpetX): Performance:
INFO (CarpetX):   total evolution time:            0.838735 sec
INFO (CarpetX):   total evolution compute time:    0.838235 sec
INFO (CarpetX):   total evolution output time:     0.000500202 sec
INFO (CarpetX):   total iterations:                15
INFO (CarpetX):   total cells updated:             61440
INFO (CarpetX):   average iterations per second: 17.8841
INFO (CarpetX):   average cell updates per second: 73253.2
INFO (CarpetX): OutputGH: iteration 16, time 0.062500, run time 1 s
INFO (CarpetX): OutputGH done.
INFO (CarpetX): Simulation time: 0.0625   Iterations per second: 17.8998   Simulation time per second: 0.069921
INFO (CarpetX): Grid cells: 4096   Grid cell updates per second: 73317.4
INFO (CarpetX): Performance:
INFO (CarpetX):   total evolution time:            0.894448 sec
INFO (CarpetX):   total evolution compute time:    0.893915 sec
INFO (CarpetX):   total evolution output time:     0.000533342 sec
INFO (CarpetX):   total iterations:                16
INFO (CarpetX):   total cells updated:             65536
INFO (CarpetX):   average iterations per second: 17.8881
INFO (CarpetX):   average cell updates per second: 73269.8
INFO (CarpetX): OutputGH: iteration 17, time 0.066406, run time 1 s
INFO (CarpetX): OutputGH done.
INFO (CarpetX): Simulation time: 0.0664062   Iterations per second: 17.905   Simulation time per second: 0.0699412
INFO (CarpetX): Grid cells: 4096   Grid cell updates per second: 73338.7
INFO (CarpetX): Performance:
INFO (CarpetX):   total evolution time:            0.950153 sec
INFO (CarpetX):   total evolution compute time:    0.949587 sec
INFO (CarpetX):   total evolution output time:     0.000566244 sec
INFO (CarpetX):   total iterations:                17
INFO (CarpetX):   total cells updated:             69632
INFO (CarpetX):   average iterations per second: 17.8919
INFO (CarpetX):   average cell updates per second: 73285
INFO (CarpetX): OutputGH: iteration 18, time 0.070312, run time 1 s
INFO (CarpetX): OutputGH done.
INFO (CarpetX): Simulation time: 0.0703125   Iterations per second: 17.9063   Simulation time per second: 0.0699465
INFO (CarpetX): Grid cells: 4096   Grid cell updates per second: 73344.3
INFO (CarpetX): Performance:
INFO (CarpetX):   total evolution time:            1.00596 sec
INFO (CarpetX):   total evolution compute time:    1.00535 sec
INFO (CarpetX):   total evolution output time:     0.000612259 sec
INFO (CarpetX):   total iterations:                18
INFO (CarpetX):   total cells updated:             73728
INFO (CarpetX):   average iterations per second: 17.8933
INFO (CarpetX):   average cell updates per second: 73291.1
INFO (CarpetX): OutputGH: iteration 19, time 0.074219, run time 1 s
INFO (CarpetX): OutputGH done.
INFO (CarpetX): Simulation time: 0.0742188   Iterations per second: 17.9124   Simulation time per second: 0.0699702
INFO (CarpetX): Grid cells: 4096   Grid cell updates per second: 73369.1
INFO (CarpetX): Performance:
INFO (CarpetX):   total evolution time:            1.06162 sec
INFO (CarpetX):   total evolution compute time:    1.06097 sec
INFO (CarpetX):   total evolution output time:     0.000644207 sec
INFO (CarpetX):   total iterations:                19
INFO (CarpetX):   total cells updated:             77824
INFO (CarpetX):   average iterations per second: 17.8972
INFO (CarpetX):   average cell updates per second: 73307
INFO (CarpetX): OutputGH: iteration 20, time 0.078125, run time 1 s
INFO (CarpetX): OutputGH done.
INFO (CarpetX): Simulation time: 0.078125   Iterations per second: 17.918   Simulation time per second: 0.0699922
INFO (CarpetX): Grid cells: 4096   Grid cell updates per second: 73392.2
INFO (CarpetX): Performance:
INFO (CarpetX):   total evolution time:            1.11727 sec
INFO (CarpetX):   total evolution compute time:    1.11659 sec
INFO (CarpetX):   total evolution output time:     0.000676155 sec
INFO (CarpetX):   total iterations:                20
INFO (CarpetX):   total cells updated:             81920
INFO (CarpetX):   average iterations per second: 17.9008
INFO (CarpetX):   average cell updates per second: 73321.6
INFO (CarpetX): OutputGH: iteration 21, time 0.082031, run time 1 s
INFO (CarpetX): OutputGH done.
INFO (CarpetX): Simulation time: 0.0820312   Iterations per second: 17.9301   Simulation time per second: 0.0700395
INFO (CarpetX): Grid cells: 4096   Grid cell updates per second: 73441.8
INFO (CarpetX): Performance:
INFO (CarpetX):   total evolution time:            1.1727 sec
INFO (CarpetX):   total evolution compute time:    1.172 sec
INFO (CarpetX):   total evolution output time:     0.00070715 sec
INFO (CarpetX):   total iterations:                21
INFO (CarpetX):   total cells updated:             86016
INFO (CarpetX):   average iterations per second: 17.9074
INFO (CarpetX):   average cell updates per second: 73348.5
INFO (CarpetX): OutputGH: iteration 22, time 0.085938, run time 1 s
INFO (CarpetX): OutputGH done.
INFO (CarpetX): Simulation time: 0.0859375   Iterations per second: 17.9366   Simulation time per second: 0.0700649
INFO (CarpetX): Grid cells: 4096   Grid cell updates per second: 73468.4
INFO (CarpetX): Performance:
INFO (CarpetX):   total evolution time:            1.22827 sec
INFO (CarpetX):   total evolution compute time:    1.22753 sec
INFO (CarpetX):   total evolution output time:     0.000739336 sec
INFO (CarpetX):   total iterations:                22
INFO (CarpetX):   total cells updated:             90112
INFO (CarpetX):   average iterations per second: 17.9113
INFO (CarpetX):   average cell updates per second: 73364.8
INFO (CarpetX): OutputGH: iteration 23, time 0.089844, run time 2 s
INFO (CarpetX): OutputGH done.
INFO (CarpetX): Simulation time: 0.0898438   Iterations per second: 17.9474   Simulation time per second: 0.0701071
INFO (CarpetX): Grid cells: 4096   Grid cell updates per second: 73512.7
INFO (CarpetX): Performance:
INFO (CarpetX):   total evolution time:            1.28369 sec
INFO (CarpetX):   total evolution compute time:    1.28291 sec
INFO (CarpetX):   total evolution output time:     0.000783443 sec
INFO (CarpetX):   total iterations:                23
INFO (CarpetX):   total cells updated:             94208
INFO (CarpetX):   average iterations per second: 17.9171
INFO (CarpetX):   average cell updates per second: 73388.5
INFO (CarpetX): OutputGH: iteration 24, time 0.093750, run time 2 s
INFO (CarpetX): OutputGH done.
INFO (CarpetX): Simulation time: 0.09375   Iterations per second: 17.9544   Simulation time per second: 0.0701345
INFO (CarpetX): Grid cells: 4096   Grid cell updates per second: 73541.3
INFO (CarpetX): Performance:
INFO (CarpetX):   total evolution time:            1.33919 sec
INFO (CarpetX):   total evolution compute time:    1.33837 sec
INFO (CarpetX):   total evolution output time:     0.000815392 sec
INFO (CarpetX):   total iterations:                24
INFO (CarpetX):   total cells updated:             98304
INFO (CarpetX):   average iterations per second: 17.9213
INFO (CarpetX):   average cell updates per second: 73405.6
INFO (CarpetX): OutputGH: iteration 25, time 0.097656, run time 2 s
INFO (CarpetX): OutputGH done.
INFO (CarpetX): Simulation time: 0.0976562   Iterations per second: 17.952   Simulation time per second: 0.070125
INFO (CarpetX): Grid cells: 4096   Grid cell updates per second: 73531.4
INFO (CarpetX): Performance:
INFO (CarpetX):   total evolution time:            1.39496 sec
INFO (CarpetX):   total evolution compute time:    1.39411 sec
INFO (CarpetX):   total evolution output time:     0.000848293 sec
INFO (CarpetX):   total iterations:                25
INFO (CarpetX):   total cells updated:             102400
INFO (CarpetX):   average iterations per second: 17.9216
INFO (CarpetX):   average cell updates per second: 73407
INFO (CarpetX): OutputGH: iteration 26, time 0.101562, run time 2 s
INFO (CarpetX): OutputGH done.
INFO (CarpetX): Simulation time: 0.101562   Iterations per second: 17.954   Simulation time per second: 0.070133
INFO (CarpetX): Grid cells: 4096   Grid cell updates per second: 73539.7
INFO (CarpetX): Performance:
INFO (CarpetX):   total evolution time:            1.4506 sec
INFO (CarpetX):   total evolution compute time:    1.44972 sec
INFO (CarpetX):   total evolution output time:     0.000883341 sec
INFO (CarpetX):   total iterations:                26
INFO (CarpetX):   total cells updated:             106496
INFO (CarpetX):   average iterations per second: 17.9236
INFO (CarpetX):   average cell updates per second: 73415
INFO (CarpetX): OutputGH: iteration 27, time 0.105469, run time 2 s
INFO (CarpetX): OutputGH done.
INFO (CarpetX): Simulation time: 0.105469   Iterations per second: 17.9526   Simulation time per second: 0.0701275
INFO (CarpetX): Grid cells: 4096   Grid cell updates per second: 73534
INFO (CarpetX): Performance:
INFO (CarpetX):   total evolution time:            1.50634 sec
INFO (CarpetX):   total evolution compute time:    1.50543 sec
INFO (CarpetX):   total evolution output time:     0.000913382 sec
INFO (CarpetX):   total iterations:                27
INFO (CarpetX):   total cells updated:             110592
INFO (CarpetX):   average iterations per second: 17.9242
INFO (CarpetX):   average cell updates per second: 73417.5
INFO (CarpetX): OutputGH: iteration 28, time 0.109375, run time 2 s
INFO (CarpetX): OutputGH done.
INFO (CarpetX): Simulation time: 0.109375   Iterations per second: 17.9508   Simulation time per second: 0.0701201
INFO (CarpetX): Grid cells: 4096   Grid cell updates per second: 73526.3
INFO (CarpetX): Performance:
INFO (CarpetX):   total evolution time:            1.5621 sec
INFO (CarpetX):   total evolution compute time:    1.56116 sec
INFO (CarpetX):   total evolution output time:     0.000947475 sec
INFO (CarpetX):   total iterations:                28
INFO (CarpetX):   total cells updated:             114688
INFO (CarpetX):   average iterations per second: 17.9245
INFO (CarpetX):   average cell updates per second: 73418.9
INFO (CarpetX): OutputGH: iteration 29, time 0.113281, run time 2 s
INFO (CarpetX): OutputGH done.
INFO (CarpetX): Simulation time: 0.113281   Iterations per second: 17.9444   Simulation time per second: 0.0700953
INFO (CarpetX): Grid cells: 4096   Grid cell updates per second: 73500.3
INFO (CarpetX): Performance:
INFO (CarpetX):   total evolution time:            1.61801 sec
INFO (CarpetX):   total evolution compute time:    1.61703 sec
INFO (CarpetX):   total evolution output time:     0.000981569 sec
INFO (CarpetX):   total iterations:                29
INFO (CarpetX):   total cells updated:             118784
INFO (CarpetX):   average iterations per second: 17.9233
INFO (CarpetX):   average cell updates per second: 73413.7
INFO (CarpetX): OutputGH: iteration 30, time 0.117188, run time 2 s
INFO (CarpetX): OutputGH done.
INFO (CarpetX): Simulation time: 0.117188   Iterations per second: 17.9384   Simulation time per second: 0.0700719
INFO (CarpetX): Grid cells: 4096   Grid cell updates per second: 73475.7
INFO (CarpetX): Performance:
INFO (CarpetX):   total evolution time:            1.67392 sec
INFO (CarpetX):   total evolution compute time:    1.67291 sec
INFO (CarpetX):   total evolution output time:     0.00101447 sec
INFO (CarpetX):   total iterations:                30
INFO (CarpetX):   total cells updated:             122880
INFO (CarpetX):   average iterations per second: 17.922
INFO (CarpetX):   average cell updates per second: 73408.4
INFO (CarpetX): OutputGH: iteration 31, time 0.121094, run time 2 s
INFO (CarpetX): OutputGH done.
INFO (CarpetX): Simulation time: 0.121094   Iterations per second: 17.9385   Simulation time per second: 0.0700722
INFO (CarpetX): Grid cells: 4096   Grid cell updates per second: 73476
INFO (CarpetX): Performance:
INFO (CarpetX):   total evolution time:            1.72967 sec
INFO (CarpetX):   total evolution compute time:    1.72862 sec
INFO (CarpetX):   total evolution output time:     0.00104547 sec
INFO (CarpetX):   total iterations:                31
INFO (CarpetX):   total cells updated:             126976
INFO (CarpetX):   average iterations per second: 17.9225
INFO (CarpetX):   average cell updates per second: 73410.6
INFO (CarpetX): OutputGH: iteration 32, time 0.125000, run time 2 s
INFO (CarpetX): OutputGH done.
INFO (CarpetX): Simulation time: 0.125   Iterations per second: 17.9348   Simulation time per second: 0.0700579
INFO (CarpetX): Grid cells: 4096   Grid cell updates per second: 73461
INFO (CarpetX): Performance:
INFO (CarpetX):   total evolution time:            1.78553 sec
INFO (CarpetX):   total evolution compute time:    1.78445 sec
INFO (CarpetX):   total evolution output time:     0.00108027 sec
INFO (CarpetX):   total iterations:                32
INFO (CarpetX):   total cells updated:             131072
INFO (CarpetX):   average iterations per second: 17.9219
INFO (CarpetX):   average cell updates per second: 73408
INFO (CarpetX): OutputGH: iteration 33, time 0.128906, run time 2 s
INFO (CarpetX): OutputGH done.
INFO (CarpetX): Simulation time: 0.128906   Iterations per second: 17.9362   Simulation time per second: 0.0700632
INFO (CarpetX): Grid cells: 4096   Grid cell updates per second: 73466.6
INFO (CarpetX): Performance:
INFO (CarpetX):   total evolution time:            1.84124 sec
INFO (CarpetX):   total evolution compute time:    1.84013 sec
INFO (CarpetX):   total evolution output time:     0.00111222 sec
INFO (CarpetX):   total iterations:                33
INFO (CarpetX):   total cells updated:             135168
INFO (CarpetX):   average iterations per second: 17.9227
INFO (CarpetX):   average cell updates per second: 73411.3
INFO (CarpetX): OutputGH: iteration 34, time 0.132812, run time 2 s
INFO (CarpetX): OutputGH done.
INFO (CarpetX): Simulation time: 0.132812   Iterations per second: 17.9434   Simulation time per second: 0.0700913
INFO (CarpetX): Grid cells: 4096   Grid cell updates per second: 73496
INFO (CarpetX): Performance:
INFO (CarpetX):   total evolution time:            1.89677 sec
INFO (CarpetX):   total evolution compute time:    1.89563 sec
INFO (CarpetX):   total evolution output time:     0.00114322 sec
INFO (CarpetX):   total iterations:                34
INFO (CarpetX):   total cells updated:             139264
INFO (CarpetX):   average iterations per second: 17.9252
INFO (CarpetX):   average cell updates per second: 73421.6
INFO (CarpetX): OutputGH: iteration 35, time 0.136719, run time 2 s
INFO (CarpetX): OutputGH done.
INFO (CarpetX): Simulation time: 0.136719   Iterations per second: 17.947   Simulation time per second: 0.0701056
INFO (CarpetX): Grid cells: 4096   Grid cell updates per second: 73511
INFO (CarpetX): Performance:
INFO (CarpetX):   total evolution time:            1.95239 sec
INFO (CarpetX):   total evolution compute time:    1.95121 sec
INFO (CarpetX):   total evolution output time:     0.00117612 sec
INFO (CarpetX):   total iterations:                35
INFO (CarpetX):   total cells updated:             143360
INFO (CarpetX):   average iterations per second: 17.9268
INFO (CarpetX):   average cell updates per second: 73428
INFO (CarpetX): OutputGH: iteration 36, time 0.140625, run time 2 s
INFO (CarpetX): OutputGH done.
INFO (CarpetX): Simulation time: 0.140625   Iterations per second: 17.9313   Simulation time per second: 0.0700441
INFO (CarpetX): Grid cells: 4096   Grid cell updates per second: 73446.5
INFO (CarpetX): Performance:
INFO (CarpetX):   total evolution time:            2.0086 sec
INFO (CarpetX):   total evolution compute time:    2.00739 sec
INFO (CarpetX):   total evolution output time:     0.00120807 sec
INFO (CarpetX):   total iterations:                36
INFO (CarpetX):   total cells updated:             147456
INFO (CarpetX):   average iterations per second: 17.9229
INFO (CarpetX):   average cell updates per second: 73412.4
INFO (CarpetX): OutputGH: iteration 37, time 0.144531, run time 2 s
INFO (CarpetX): OutputGH done.
INFO (CarpetX): Simulation time: 0.144531   Iterations per second: 17.9376   Simulation time per second: 0.0700686
INFO (CarpetX): Grid cells: 4096   Grid cell updates per second: 73472.3
INFO (CarpetX): Performance:
INFO (CarpetX):   total evolution time:            2.06417 sec
INFO (CarpetX):   total evolution compute time:    2.06293 sec
INFO (CarpetX):   total evolution output time:     0.00124097 sec
INFO (CarpetX):   total iterations:                37
INFO (CarpetX):   total cells updated:             151552
INFO (CarpetX):   average iterations per second: 17.9249
INFO (CarpetX):   average cell updates per second: 73420.3
INFO (CarpetX): OutputGH: iteration 38, time 0.148438, run time 2 s
INFO (CarpetX): OutputGH done.
INFO (CarpetX): Simulation time: 0.148438   Iterations per second: 17.9428   Simulation time per second: 0.070089
INFO (CarpetX): Grid cells: 4096   Grid cell updates per second: 73493.6
INFO (CarpetX): Performance:
INFO (CarpetX):   total evolution time:            2.11976 sec
INFO (CarpetX):   total evolution compute time:    2.11849 sec
INFO (CarpetX):   total evolution output time:     0.00127316 sec
INFO (CarpetX):   total iterations:                38
INFO (CarpetX):   total cells updated:             155648
INFO (CarpetX):   average iterations per second: 17.9266
INFO (CarpetX):   average cell updates per second: 73427.2
INFO (CarpetX): OutputGH: iteration 39, time 0.152344, run time 2 s
INFO (CarpetX): OutputGH done.
INFO (CarpetX): Simulation time: 0.152344   Iterations per second: 17.9412   Simulation time per second: 0.0700828
INFO (CarpetX): Grid cells: 4096   Grid cell updates per second: 73487.1
INFO (CarpetX): Performance:
INFO (CarpetX):   total evolution time:            2.17554 sec
INFO (CarpetX):   total evolution compute time:    2.17423 sec
INFO (CarpetX):   total evolution output time:     0.00130725 sec
INFO (CarpetX):   total iterations:                39
INFO (CarpetX):   total cells updated:             159744
INFO (CarpetX):   average iterations per second: 17.9266
INFO (CarpetX):   average cell updates per second: 73427.3
INFO (CarpetX): OutputGH: iteration 40, time 0.156250, run time 2 s
INFO (CarpetX): OutputGH done.
INFO (CarpetX): Simulation time: 0.15625   Iterations per second: 17.9391   Simulation time per second: 0.0700744
INFO (CarpetX): Grid cells: 4096   Grid cell updates per second: 73478.4
INFO (CarpetX): Performance:
INFO (CarpetX):   total evolution time:            2.23134 sec
INFO (CarpetX):   total evolution compute time:    2.23 sec
INFO (CarpetX):   total evolution output time:     0.00134039 sec
INFO (CarpetX):   total iterations:                40
INFO (CarpetX):   total cells updated:             163840
INFO (CarpetX):   average iterations per second: 17.9264
INFO (CarpetX):   average cell updates per second: 73426.6
INFO (CarpetX): OutputGH: iteration 41, time 0.160156, run time 3 s
INFO (CarpetX): OutputGH done.
INFO (CarpetX): Simulation time: 0.160156   Iterations per second: 17.9359   Simulation time per second: 0.0700621
INFO (CarpetX): Grid cells: 4096   Grid cell updates per second: 73465.5
INFO (CarpetX): Performance:
INFO (CarpetX):   total evolution time:            2.28719 sec
INFO (CarpetX):   total evolution compute time:    2.28581 sec
INFO (CarpetX):   total evolution output time:     0.00137353 sec
INFO (CarpetX):   total iterations:                41
INFO (CarpetX):   total cells updated:             167936
INFO (CarpetX):   average iterations per second: 17.926
INFO (CarpetX):   average cell updates per second: 73424.7
INFO (CarpetX): OutputGH: iteration 42, time 0.164062, run time 3 s
INFO (CarpetX): OutputGH done.
INFO (CarpetX): Simulation time: 0.164062   Iterations per second: 17.9407   Simulation time per second: 0.0700808
INFO (CarpetX): Grid cells: 4096   Grid cell updates per second: 73485
INFO (CarpetX): Performance:
INFO (CarpetX):   total evolution time:            2.34279 sec
INFO (CarpetX):   total evolution compute time:    2.34139 sec
INFO (CarpetX):   total evolution output time:     0.00140166 sec
INFO (CarpetX):   total iterations:                42
INFO (CarpetX):   total cells updated:             172032
INFO (CarpetX):   average iterations per second: 17.9273
INFO (CarpetX):   average cell updates per second: 73430.3
INFO (CarpetX): OutputGH: iteration 43, time 0.167969, run time 3 s
INFO (CarpetX): OutputGH done.
INFO (CarpetX): Simulation time: 0.167969   Iterations per second: 17.9438   Simulation time per second: 0.0700931
INFO (CarpetX): Grid cells: 4096   Grid cell updates per second: 73498
INFO (CarpetX): Performance:
INFO (CarpetX):   total evolution time:            2.39843 sec
INFO (CarpetX):   total evolution compute time:    2.397 sec
INFO (CarpetX):   total evolution output time:     0.00143552 sec
INFO (CarpetX):   total iterations:                43
INFO (CarpetX):   total cells updated:             176128
INFO (CarpetX):   average iterations per second: 17.9284
INFO (CarpetX):   average cell updates per second: 73434.6
INFO (CarpetX): OutputGH: iteration 44, time 0.171875, run time 3 s
INFO (CarpetX): OutputGH done.
INFO (CarpetX): Simulation time: 0.171875   Iterations per second: 17.951   Simulation time per second: 0.0701211
INFO (CarpetX): Grid cells: 4096   Grid cell updates per second: 73527.3
INFO (CarpetX): Performance:
INFO (CarpetX):   total evolution time:            2.45394 sec
INFO (CarpetX):   total evolution compute time:    2.45247 sec
INFO (CarpetX):   total evolution output time:     0.00146842 sec
INFO (CarpetX):   total iterations:                44
INFO (CarpetX):   total cells updated:             180224
INFO (CarpetX):   average iterations per second: 17.9303
INFO (CarpetX):   average cell updates per second: 73442.7
INFO (CarpetX): OutputGH: iteration 45, time 0.175781, run time 3 s
INFO (CarpetX): OutputGH done.
INFO (CarpetX): Simulation time: 0.175781   Iterations per second: 17.9552   Simulation time per second: 0.0701377
INFO (CarpetX): Grid cells: 4096   Grid cell updates per second: 73544.7
INFO (CarpetX): Performance:
INFO (CarpetX):   total evolution time:            2.50952 sec
INFO (CarpetX):   total evolution compute time:    2.50801 sec
INFO (CarpetX):   total evolution output time:     0.00150132 sec
INFO (CarpetX):   total iterations:                45
INFO (CarpetX):   total cells updated:             184320
INFO (CarpetX):   average iterations per second: 17.9317
INFO (CarpetX):   average cell updates per second: 73448.4
INFO (CarpetX): OutputGH: iteration 46, time 0.179688, run time 3 s
INFO (CarpetX): OutputGH done.
INFO (CarpetX): Simulation time: 0.179688   Iterations per second: 17.9541   Simulation time per second: 0.0701333
INFO (CarpetX): Grid cells: 4096   Grid cell updates per second: 73540.1
INFO (CarpetX): Performance:
INFO (CarpetX):   total evolution time:            2.56525 sec
INFO (CarpetX):   total evolution compute time:    2.56371 sec
INFO (CarpetX):   total evolution output time:     0.00153232 sec
INFO (CarpetX):   total iterations:                46
INFO (CarpetX):   total cells updated:             188416
INFO (CarpetX):   average iterations per second: 17.932
INFO (CarpetX):   average cell updates per second: 73449.5
INFO (CarpetX): OutputGH: iteration 47, time 0.183594, run time 3 s
INFO (CarpetX): OutputGH done.
INFO (CarpetX): Simulation time: 0.183594   Iterations per second: 17.9553   Simulation time per second: 0.0701378
INFO (CarpetX): Grid cells: 4096   Grid cell updates per second: 73544.8
INFO (CarpetX): Performance:
INFO (CarpetX):   total evolution time:            2.62091 sec
INFO (CarpetX):   total evolution compute time:    2.61934 sec
INFO (CarpetX):   total evolution output time:     0.00156617 sec
INFO (CarpetX):   total iterations:                47
INFO (CarpetX):   total cells updated:             192512
INFO (CarpetX):   average iterations per second: 17.9327
INFO (CarpetX):   average cell updates per second: 73452.4
INFO (CarpetX): OutputGH: iteration 48, time 0.187500, run time 3 s
INFO (CarpetX): OutputGH done.
INFO (CarpetX): Simulation time: 0.1875   Iterations per second: 17.9627   Simulation time per second: 0.0701667
INFO (CarpetX): Grid cells: 4096   Grid cell updates per second: 73575.1
INFO (CarpetX): Performance:
INFO (CarpetX):   total evolution time:            2.67637 sec
INFO (CarpetX):   total evolution compute time:    2.67477 sec
INFO (CarpetX):   total evolution output time:     0.00159931 sec
INFO (CarpetX):   total iterations:                48
INFO (CarpetX):   total cells updated:             196608
INFO (CarpetX):   average iterations per second: 17.9347
INFO (CarpetX):   average cell updates per second: 73460.7
INFO (CarpetX): OutputGH: iteration 49, time 0.191406, run time 3 s
INFO (CarpetX): OutputGH done.
INFO (CarpetX): Simulation time: 0.191406   Iterations per second: 17.9679   Simulation time per second: 0.0701873
INFO (CarpetX): Grid cells: 4096   Grid cell updates per second: 73596.7
INFO (CarpetX): Performance:
INFO (CarpetX):   total evolution time:            2.73188 sec
INFO (CarpetX):   total evolution compute time:    2.73025 sec
INFO (CarpetX):   total evolution output time:     0.00163317 sec
INFO (CarpetX):   total iterations:                49
INFO (CarpetX):   total cells updated:             200704
INFO (CarpetX):   average iterations per second: 17.9364
INFO (CarpetX):   average cell updates per second: 73467.4
INFO (CarpetX): OutputGH: iteration 50, time 0.195312, run time 3 s
INFO (CarpetX): OutputGH done.
INFO (CarpetX): Simulation time: 0.195312   Iterations per second: 17.9624   Simulation time per second: 0.0701657
INFO (CarpetX): Grid cells: 4096   Grid cell updates per second: 73574
INFO (CarpetX): Performance:
INFO (CarpetX):   total evolution time:            2.78771 sec
INFO (CarpetX):   total evolution compute time:    2.78604 sec
INFO (CarpetX):   total evolution output time:     0.00166416 sec
INFO (CarpetX):   total iterations:                50
INFO (CarpetX):   total cells updated:             204800
INFO (CarpetX):   average iterations per second: 17.9359
INFO (CarpetX):   average cell updates per second: 73465.4
INFO (CarpetX): OutputGH: iteration 51, time 0.199219, run time 3 s
INFO (CarpetX): OutputGH done.
INFO (CarpetX): Simulation time: 0.199219   Iterations per second: 17.9696   Simulation time per second: 0.0701936
INFO (CarpetX): Grid cells: 4096   Grid cell updates per second: 73603.4
INFO (CarpetX): Performance:
INFO (CarpetX):   total evolution time:            2.84316 sec
INFO (CarpetX):   total evolution compute time:    2.84146 sec
INFO (CarpetX):   total evolution output time:     0.0016942 sec
INFO (CarpetX):   total iterations:                51
INFO (CarpetX):   total cells updated:             208896
INFO (CarpetX):   average iterations per second: 17.9378
INFO (CarpetX):   average cell updates per second: 73473.3
INFO (CarpetX): OutputGH: iteration 52, time 0.203125, run time 3 s
INFO (CarpetX): OutputGH done.
INFO (CarpetX): Simulation time: 0.203125   Iterations per second: 17.9857   Simulation time per second: 0.0702565
INFO (CarpetX): Grid cells: 4096   Grid cell updates per second: 73669.2
INFO (CarpetX): Performance:
INFO (CarpetX):   total evolution time:            2.89831 sec
INFO (CarpetX):   total evolution compute time:    2.89656 sec
INFO (CarpetX):   total evolution output time:     0.00174212 sec
INFO (CarpetX):   total iterations:                52
INFO (CarpetX):   total cells updated:             212992
INFO (CarpetX):   average iterations per second: 17.9415
INFO (CarpetX):   average cell updates per second: 73488.4
INFO (CarpetX): OutputGH: iteration 53, time 0.207031, run time 3 s
INFO (CarpetX): OutputGH done.
INFO (CarpetX): Simulation time: 0.207031   Iterations per second: 17.9962   Simulation time per second: 0.0702978
INFO (CarpetX): Grid cells: 4096   Grid cell updates per second: 73712.6
INFO (CarpetX): Performance:
INFO (CarpetX):   total evolution time:            2.95358 sec
INFO (CarpetX):   total evolution compute time:    2.95181 sec
INFO (CarpetX):   total evolution output time:     0.00177407 sec
INFO (CarpetX):   total iterations:                53
INFO (CarpetX):   total cells updated:             217088
INFO (CarpetX):   average iterations per second: 17.9443
INFO (CarpetX):   average cell updates per second: 73500
INFO (CarpetX): OutputGH: iteration 54, time 0.210938, run time 3 s
INFO (CarpetX): OutputGH done.
INFO (CarpetX): Simulation time: 0.210938   Iterations per second: 18.0068   Simulation time per second: 0.0703391
INFO (CarpetX): Grid cells: 4096   Grid cell updates per second: 73755.9
INFO (CarpetX): Performance:
INFO (CarpetX):   total evolution time:            3.00882 sec
INFO (CarpetX):   total evolution compute time:    3.00702 sec
INFO (CarpetX):   total evolution output time:     0.00180507 sec
INFO (CarpetX):   total iterations:                54
INFO (CarpetX):   total cells updated:             221184
INFO (CarpetX):   average iterations per second: 17.9472
INFO (CarpetX):   average cell updates per second: 73511.9
INFO (CarpetX): OutputGH: iteration 55, time 0.214844, run time 3 s
INFO (CarpetX): OutputGH done.
INFO (CarpetX): Simulation time: 0.214844   Iterations per second: 18.0129   Simulation time per second: 0.0703629
INFO (CarpetX): Grid cells: 4096   Grid cell updates per second: 73780.8
INFO (CarpetX): Performance:
INFO (CarpetX):   total evolution time:            3.06417 sec
INFO (CarpetX):   total evolution compute time:    3.06232 sec
INFO (CarpetX):   total evolution output time:     0.00184488 sec
INFO (CarpetX):   total iterations:                55
INFO (CarpetX):   total cells updated:             225280
INFO (CarpetX):   average iterations per second: 17.9494
INFO (CarpetX):   average cell updates per second: 73520.8
INFO (CarpetX): OutputGH: iteration 56, time 0.218750, run time 3 s
INFO (CarpetX): OutputGH done.
INFO (CarpetX): Simulation time: 0.21875   Iterations per second: 18.0253   Simulation time per second: 0.0704113
INFO (CarpetX): Grid cells: 4096   Grid cell updates per second: 73831.6
INFO (CarpetX): Performance:
INFO (CarpetX):   total evolution time:            3.1193 sec
INFO (CarpetX):   total evolution compute time:    3.11743 sec
INFO (CarpetX):   total evolution output time:     0.00187588 sec
INFO (CarpetX):   total iterations:                56
INFO (CarpetX):   total cells updated:             229376
INFO (CarpetX):   average iterations per second: 17.9527
INFO (CarpetX):   average cell updates per second: 73534.4
INFO (CarpetX): OutputGH: iteration 57, time 0.222656, run time 3 s
INFO (CarpetX): OutputGH done.
INFO (CarpetX): Simulation time: 0.222656   Iterations per second: 18.0364   Simulation time per second: 0.0704548
INFO (CarpetX): Grid cells: 4096   Grid cell updates per second: 73877.2
INFO (CarpetX): Performance:
INFO (CarpetX):   total evolution time:            3.17444 sec
INFO (CarpetX):   total evolution compute time:    3.17253 sec
INFO (CarpetX):   total evolution output time:     0.00190496 sec
INFO (CarpetX):   total iterations:                57
INFO (CarpetX):   total cells updated:             233472
INFO (CarpetX):   average iterations per second: 17.9559
INFO (CarpetX):   average cell updates per second: 73547.5
INFO (CarpetX): OutputGH: iteration 58, time 0.226562, run time 3 s
INFO (CarpetX): OutputGH done.
INFO (CarpetX): Simulation time: 0.226562   Iterations per second: 18.0454   Simulation time per second: 0.0704899
INFO (CarpetX): Grid cells: 4096   Grid cell updates per second: 73914
INFO (CarpetX): Performance:
INFO (CarpetX):   total evolution time:            3.2296 sec
INFO (CarpetX):   total evolution compute time:    3.22767 sec
INFO (CarpetX):   total evolution output time:     0.00193596 sec
INFO (CarpetX):   total iterations:                58
INFO (CarpetX):   total cells updated:             237568
INFO (CarpetX):   average iterations per second: 17.9589
INFO (CarpetX):   average cell updates per second: 73559.5
INFO (CarpetX): OutputGH: iteration 59, time 0.230469, run time 4 s
INFO (CarpetX): OutputGH done.
INFO (CarpetX): Simulation time: 0.230469   Iterations per second: 18.0523   Simulation time per second: 0.0705166
INFO (CarpetX): Grid cells: 4096   Grid cell updates per second: 73942
INFO (CarpetX): Performance:
INFO (CarpetX):   total evolution time:            3.28481 sec
INFO (CarpetX):   total evolution compute time:    3.28285 sec
INFO (CarpetX):   total evolution output time:     0.00196505 sec
INFO (CarpetX):   total iterations:                59
INFO (CarpetX):   total cells updated:             241664
INFO (CarpetX):   average iterations per second: 17.9615
INFO (CarpetX):   average cell updates per second: 73570.2
INFO (CarpetX): OutputGH: iteration 60, time 0.234375, run time 4 s
INFO (CarpetX): OutputGH done.
INFO (CarpetX): Simulation time: 0.234375   Iterations per second: 18.0616   Simulation time per second: 0.070553
INFO (CarpetX): Grid cells: 4096   Grid cell updates per second: 73980.2
INFO (CarpetX): Performance:
INFO (CarpetX):   total evolution time:            3.33992 sec
INFO (CarpetX):   total evolution compute time:    3.33791 sec
INFO (CarpetX):   total evolution output time:     0.00200915 sec
INFO (CarpetX):   total iterations:                60
INFO (CarpetX):   total cells updated:             245760
INFO (CarpetX):   average iterations per second: 17.9645
INFO (CarpetX):   average cell updates per second: 73582.6
INFO (CarpetX): OutputGH: iteration 61, time 0.238281, run time 4 s
INFO (CarpetX): OutputGH done.
INFO (CarpetX): Simulation time: 0.238281   Iterations per second: 18.0706   Simulation time per second: 0.0705883
INFO (CarpetX): Grid cells: 4096   Grid cell updates per second: 74017.2
INFO (CarpetX): Performance:
INFO (CarpetX):   total evolution time:            3.39501 sec
INFO (CarpetX):   total evolution compute time:    3.39297 sec
INFO (CarpetX):   total evolution output time:     0.002038 sec
INFO (CarpetX):   total iterations:                61
INFO (CarpetX):   total cells updated:             249856
INFO (CarpetX):   average iterations per second: 17.9676
INFO (CarpetX):   average cell updates per second: 73595.1
INFO (CarpetX): OutputGH: iteration 62, time 0.242188, run time 4 s
INFO (CarpetX): OutputGH done.
INFO (CarpetX): Simulation time: 0.242188   Iterations per second: 18.0784   Simulation time per second: 0.0706187
INFO (CarpetX): Grid cells: 4096   Grid cell updates per second: 74049.1
INFO (CarpetX): Performance:
INFO (CarpetX):   total evolution time:            3.45011 sec
INFO (CarpetX):   total evolution compute time:    3.44804 sec
INFO (CarpetX):   total evolution output time:     0.00206685 sec
INFO (CarpetX):   total iterations:                62
INFO (CarpetX):   total cells updated:             253952
INFO (CarpetX):   average iterations per second: 17.9705
INFO (CarpetX):   average cell updates per second: 73607
INFO (CarpetX): OutputGH: iteration 63, time 0.246094, run time 4 s
INFO (CarpetX): OutputGH done.
INFO (CarpetX): Simulation time: 0.246094   Iterations per second: 18.0806   Simulation time per second: 0.0706272
INFO (CarpetX): Grid cells: 4096   Grid cell updates per second: 74058
INFO (CarpetX): Performance:
INFO (CarpetX):   total evolution time:            3.50536 sec
INFO (CarpetX):   total evolution compute time:    3.50326 sec
INFO (CarpetX):   total evolution output time:     0.00209689 sec
INFO (CarpetX):   total iterations:                63
INFO (CarpetX):   total cells updated:             258048
INFO (CarpetX):   average iterations per second: 17.9725
INFO (CarpetX):   average cell updates per second: 73615.3
INFO (CarpetX): OutputGH: iteration 64, time 0.250000, run time 4 s
INFO (CarpetX): OutputGH done.
INFO (CarpetX): Simulation time: 0.25   Iterations per second: 17.4454   Simulation time per second: 0.0681461
INFO (CarpetX): Grid cells: 4096   Grid cell updates per second: 71456.4
INFO (CarpetX): Performance:
INFO (CarpetX):   total evolution time:            3.5808 sec
INFO (CarpetX):   total evolution compute time:    3.5655 sec
INFO (CarpetX):   total evolution output time:     0.0152967 sec
INFO (CarpetX):   total iterations:                64
INFO (CarpetX):   total cells updated:             262144
INFO (CarpetX):   average iterations per second: 17.8731
INFO (CarpetX):   average cell updates per second: 73208.2
INFO (CarpetX): Shutting down...
AMReX (25.11) finalized
--------------------------------------------------------------------------------
Done.

real	0m4.012s
user	0m6.725s
sys	0m0.186s
+ echo Stopping:
Stopping:
+ date
Tue Mar 10 05:23:15 PM UTC 2026
+ echo Done.
Done.
  Elapsed time: 4.0 s
