/__w/canudax-tests/workspace/simulations/TestJob01_temp_2/output-0000/TEST/sim/CanudaX_BSSNMoL
Preparing:
+ set -e
+ cd output-0000-active
+ echo Checking:
Checking:
+ pwd
/__w/canudax-tests/workspace/simulations/TestJob01_temp_2/output-0000/TEST/sim/CanudaX_BSSNMoL/output-0000-active
+ hostname
82e6dcd18078
+ date
Fri Feb 20 07:24:00 PM UTC 2026
+ echo Environment:
Environment:
+ export SIMULATION_ID=simulation-TestJob01_temp_2-actions-cpu-real64-actions-root-2026.02.20-19.24.00-14236
+ SIMULATION_ID=simulation-TestJob01_temp_2-actions-cpu-real64-actions-root-2026.02.20-19.24.00-14236
+ export CACTUS_NUM_PROCS=2
+ CACTUS_NUM_PROCS=2
+ export CACTUS_NUM_THREADS=1
+ CACTUS_NUM_THREADS=1
+ export CACTUS_SET_THREAD_BINDINGS=0
+ CACTUS_SET_THREAD_BINDINGS=0
+ export GLIBCXX_FORCE_NEW=1
+ GLIBCXX_FORCE_NEW=1
+ export GMON_OUT_PREFIX=gmon.out
+ GMON_OUT_PREFIX=gmon.out
+ export OMP_DISPLAY_ENV=TRUE
+ OMP_DISPLAY_ENV=TRUE
+ export OMP_MAX_TASKS=100
+ OMP_MAX_TASKS=100
+ export OMP_NUM_THREADS=1
+ OMP_NUM_THREADS=1
+ export OMP_PLACES=cores
+ OMP_PLACES=cores
+ export OMP_PROC_BIND=FALSE
+ OMP_PROC_BIND=FALSE
+ export OMP_STACKSIZE=8192
+ OMP_STACKSIZE=8192
+ env
+ sort
+ echo Starting:
Starting:
++ date +%s
+ export CACTUS_STARTTIME=1771615440
+ CACTUS_STARTTIME=1771615440
+ mpiexec -n 2 /__w/canudax-tests/workspace/simulations/TestJob01_temp_2/SIMFACTORY/exe/cactus_sim -L 3 /__w/canudax-tests/workspace/simulations/TestJob01_temp_2/output-0000/arrangements/CanudaX_Lean/CanudaX_BSSNMoL/test/gaugewave.par

OPENMP DISPLAY ENVIRONMENT BEGIN
  _OPENMP = '201511'
  [host] OMP_DYNAMIC = 'FALSE'
  [host] OMP_NESTED = 'FALSE'
  [host] OMP_NUM_THREADS = '1'
  [host] OMP_SCHEDULE = 'DYNAMIC'
  [host] OMP_PROC_BIND = 'FALSE'
  [host] OMP_PLACES = ''
  [host] OMP_STACKSIZE = '8388608'
  [host] OMP_WAIT_POLICY = 'PASSIVE'
  [host] OMP_THREAD_LIMIT = '4294967295'
  [host] OMP_MAX_ACTIVE_LEVELS = '1'
  [host] OMP_NUM_TEAMS = '0'
  [host] OMP_TEAMS_THREAD_LIMIT = '0'

OPENMP DISPLAY ENVIRONMENT BEGIN
  _OPENMP = '201511'
  [host] OMP_DYNAMIC = 'FALSE'
  [host] OMP_NESTED = 'FALSE'
  [host] OMP_NUM_THREADS = '1'
  [host] OMP_SCHEDULE = 'DYNAMIC'
  [host] OMP_PROC_BIND = 'FALSE'
  [host] OMP_PLACES = ''
  [host] OMP_STACKSIZE = '8388608'
  [host] OMP_WAIT_POLICY = 'PASSIVE'
  [host] OMP_THREAD_LIMIT = '4294967295'
  [host] OMP_MAX_ACTIVE_LEVELS = '1'
  [host] OMP_NUM_TEAMS = '0'
  [host] OMP_TEAMS_THREAD_LIMIT = '0'
  [all] OMP_CANCELLATION = 'FALSE'
  [all] OMP_DEFAULT_DEVICE = '0'
  [all] OMP_MAX_TASK_PRIORITY = '0'
  [all] OMP_DISPLAY_AFFINITY = 'FALSE'
  [host] OMP_AFFINITY_FORMAT = 'level %L thread %i affinity %A'
  [host] OMP_ALLOCATOR = 'omp_default_mem_alloc'
  [all] OMP_TARGET_OFFLOAD = 'DEFAULT'
OPENMP DISPLAY ENVIRONMENT END
  [all] OMP_CANCELLATION = 'FALSE'
  [all] OMP_DEFAULT_DEVICE = '0'
  [all] OMP_MAX_TASK_PRIORITY = '0'
  [all] OMP_DISPLAY_AFFINITY = 'FALSE'
  [host] OMP_AFFINITY_FORMAT = 'level %L thread %i affinity %A'
  [host] OMP_ALLOCATOR = 'omp_default_mem_alloc'
  [all] OMP_TARGET_OFFLOAD = 'DEFAULT'
OPENMP DISPLAY ENVIRONMENT END
INFO (Cactus): Increased logging level from 0 to 3
--------------------------------------------------------------------------------

       10                                  
  1   0101       ************************  
  01  1010 10      The Cactus Code V4.18.0    
 1010 1101 011      www.cactuscode.org     
  1001 100101    ************************  
    00010101                               
     100011     (c) Copyright The Authors  
      0100      GNU Licensed. No Warranty  
      0101                                 
--------------------------------------------------------------------------------

Cactus version:    4.18.0
Compile date:      Feb 20 2026 (19:21:03)
Run date:          Feb 20 2026 (19:24:00+0000)
Run host:          82e6dcd18078 (pid=14284)
Working directory: /__w/canudax-tests/workspace/simulations/TestJob01_temp_2/output-0000/TEST/sim/CanudaX_BSSNMoL
Executable:        /__w/canudax-tests/workspace/simulations/TestJob01_temp_2/SIMFACTORY/exe/cactus_sim
Parameter file:    /__w/canudax-tests/workspace/simulations/TestJob01_temp_2/output-0000/arrangements/CanudaX_Lean/CanudaX_BSSNMoL/test/gaugewave.par
--------------------------------------------------------------------------------

Activating thorn Cactus...Success -> active implementation Cactus
Activation requested for 
--->ADMBaseX CanudaX_BSSNMoL CanudaX_ExactID CarpetX ErrorEstimator IOUtil ODESolvers TmunuBaseX<---
Thorn ADMBaseX requests automatic activation of Loop
Thorn CanudaX_ExactID requests automatic activation of GSL
Thorn CarpetX requests automatic activation of AMReX
Thorn CarpetX requests automatic activation of MPI
Thorn CarpetX requests automatic activation of yaml_cpp
Thorn CarpetX requests automatic activation of zlib
Thorn CarpetX requests automatic activation of Arith
Thorn CarpetX requests automatic activation of CarpetXRegrid
Thorn CarpetX requests automatic activation of ADIOS2
Thorn CarpetX requests automatic activation of openPMD
Thorn CarpetX requests automatic activation of Silo
Thorn Arith requests automatic activation of NSIMD
Thorn MPI requests automatic activation of hwloc
Thorn openPMD requests automatic activation of HDF5
Activating thorn ADIOS2...Success -> active implementation ADIOS2
Activating thorn ADMBaseX...Success -> active implementation ADMBaseX
Activating thorn AMReX...Success -> active implementation AMReX
Activating thorn Arith...Success -> active implementation Arith
Activating thorn CanudaX_BSSNMoL...Success -> active implementation CanudaX_BSSNMoL
Activating thorn CanudaX_ExactID...Success -> active implementation CanudaX_ExactID
Activating thorn CarpetX...Success -> active implementation Driver
Activating thorn CarpetXRegrid...Success -> active implementation CarpetXRegrid
Activating thorn ErrorEstimator...Success -> active implementation ErrorEstimator
Activating thorn GSL...Success -> active implementation GSL
Activating thorn HDF5...Success -> active implementation HDF5
Activating thorn hwloc...Success -> active implementation hwloc
Activating thorn IOUtil...Success -> active implementation IO
Activating thorn Loop...Success -> active implementation Loop
Activating thorn MPI...Success -> active implementation MPI
Activating thorn NSIMD...Success -> active implementation NSIMD
Activating thorn ODESolvers...Success -> active implementation ODESolvers
Activating thorn openPMD...Success -> active implementation openPMD
Activating thorn Silo...Success -> active implementation Silo
Activating thorn TmunuBaseX...Success -> active implementation TmunuBaseX
Activating thorn yaml_cpp...Success -> active implementation yaml_cpp
Activating thorn zlib...Success -> active implementation zlib
--------------------------------------------------------------------------------
  if (recover initial data)
    Recover parameters
  endif

  Startup routines
    [CCTK_STARTUP]
      CarpetX::Driver_Startup: Start up the driver
      IOUtil::IOUtil_Startup: Startup routine
      GROUP hwloc_startup: hwloc startup group
        hwloc::hwloc_version: Output hwloc version

  Startup routines which need an existing grid hierarchy
    [CCTK_WRAGH]
      Arith::Test_smallvector: [meta] Test small vectors
      Arith::Test_spvect: [meta] Test sparse vectors
      ODESolvers::ODESolvers_InitConstants: [global] Set up dummy loop counters for schedule printout
  Parameter checking routines
    [CCTK_PARAMCHECK]
      CanudaX_BSSNMoL::CanudaX_BSSNMoL_paramcheck: Check CanudaX_BSSNMoL parameters for consistency

  Initialisation
    if (NOT (recover initial data AND recovery_mode is 'strict'))
      [CCTK_PREREGRIDINITIAL]
      Set up grid hierarchy
      [CCTK_POSTREGRIDINITIAL]
      [CCTK_BASEGRID]
        CarpetXRegrid::CarpetXRegrid_InitError: Initialize regridding error to zero
        GROUP ODESolvers_BaseGrid: Set up constants (e.g. coordinates) everywhere on the grid
      [CCTK_INITIAL]
        GROUP TmunuBaseX_SetTmunuVars: Schedule group for setting T_munu
          TmunuBaseX::TmunuBaseX_ZeroTmunu: Set T_munu to zero
          GROUP TmunuBaseX_AddToTmunu: Add to T_munu here
        GROUP ODESolvers_Initial: Set up initial conditions on interior of state vector
          GROUP ADMBaseX_InitialData: Schedule group for calculating ADM initial data
            GROUP ExactID_Group: ExactID initial data group
              CanudaX_ExactID::GaugeWave_ID: [local] Create gauge wave initial data
          GROUP ADMBaseX_InitialGauge: Schedule group for the ADM initial gauge condition
            ADMBaseX::ADMBaseX_initial_dtlapse: Set dtlapse to zero
            ADMBaseX::ADMBaseX_initial_dtshift: Set dtshift to zero
          GROUP ADMBaseX_PostInitial: Schedule group for modifying the ADM initial data, such as e.g. adding noise
        GROUP CanudaX_BSSNMoL_InitialGroup: CanudaX_BSSNMoL: initial bin
          CanudaX_BSSNMoL::CanudaX_BSSNMoL_adm2bssn: [local] Convert initial data into BSSN variables
          CanudaX_BSSNMoL::CanudaX_BSSNMoL_gammat: [local] Set Gammat initial data
      [CCTK_POSTINITIAL]
        ErrorEstimator::EstimateError: Estimate error
        GROUP ODESolvers_PostStep: Apply boundary conditions to state vector, and project if necessary
          GROUP CanudaX_BSSNMoL_PostStepGroup: CanudaX_BSSNMoL: post-step operations
            CanudaX_BSSNMoL::CanudaX_BSSNMoL_impose_conf_fac_floor: Make sure conformal factor does not drop below specified value
            CanudaX_BSSNMoL::CanudaX_BSSNMoL_reset_detmetric: reset dethh = 1
            CanudaX_BSSNMoL::CanudaX_BSSNMoL_remove_trA: Remove trace of A
            CanudaX_BSSNMoL::CanudaX_BSSNMoL_sync: [global] Sync state vector
            CanudaX_BSSNMoL::CanudaX_BSSNMoL_bssn2adm: [local] Convert variables back to the ADM ones
          GROUP ADMBaseX_SetADMRHS: Set ADM RHS variables in this group
          GROUP ADMBaseX_SetADMVars: Set ADM variables in this group
          GROUP TmunuBaseX_SetTmunuVars: Schedule group for setting T_munu
            TmunuBaseX::TmunuBaseX_ZeroTmunu: Set T_munu to zero
            GROUP TmunuBaseX_AddToTmunu: Add to T_munu here
        GROUP ODESolvers_EstimateError: Estimate discretization error (for regridding)
      Initialise finer grids recursively
      Restrict from finer grids
      [CCTK_POSTRESTRICTINITIAL]
      [CCTK_POSTPOSTINITIAL]
      [CCTK_POSTSTEP]
        ErrorEstimator::EstimateError: Estimate error
        GROUP ODESolvers_EstimateError: Estimate discretization error (for regridding)
    endif
    if (recover initial data)
      [CCTK_BASEGRID]
        CarpetXRegrid::CarpetXRegrid_InitError: Initialize regridding error to zero
        GROUP ODESolvers_BaseGrid: Set up constants (e.g. coordinates) everywhere on the grid
      [CCTK_RECOVER_VARIABLES]
      [CCTK_POST_RECOVER_VARIABLES]
        GROUP ODESolvers_PostStep: Apply boundary conditions to state vector, and project if necessary
          GROUP CanudaX_BSSNMoL_PostStepGroup: CanudaX_BSSNMoL: post-step operations
            CanudaX_BSSNMoL::CanudaX_BSSNMoL_impose_conf_fac_floor: Make sure conformal factor does not drop below specified value
            CanudaX_BSSNMoL::CanudaX_BSSNMoL_reset_detmetric: reset dethh = 1
            CanudaX_BSSNMoL::CanudaX_BSSNMoL_remove_trA: Remove trace of A
            CanudaX_BSSNMoL::CanudaX_BSSNMoL_sync: [global] Sync state vector
            CanudaX_BSSNMoL::CanudaX_BSSNMoL_bssn2adm: [local] Convert variables back to the ADM ones
          GROUP ADMBaseX_SetADMRHS: Set ADM RHS variables in this group
          GROUP ADMBaseX_SetADMVars: Set ADM variables in this group
          GROUP TmunuBaseX_SetTmunuVars: Schedule group for setting T_munu
            TmunuBaseX::TmunuBaseX_ZeroTmunu: Set T_munu to zero
            GROUP TmunuBaseX_AddToTmunu: Add to T_munu here
        GROUP ODESolvers_EstimateError: Estimate discretization error (for regridding)
    endif
    if (checkpoint initial data)
      [CCTK_CPINITIAL]
        CarpetX::CarpetX_CheckpointInitial: [meta] Checkpoint initial conditions
    endif
    if (analysis)
      [CCTK_ANALYSIS]
        CanudaX_BSSNMoL::CanudaX_BSSNMoL_bssn_constraints: Compute constraints
        GROUP ODESolvers_Analysis: Calculate analysis quantities everywhere
  endif
  Output grid variables

  do loop over timesteps
    [CCTK_PREREGRID]
    Change grid hierarchy
    [CCTK_POSTREGRID]
      GROUP ODESolvers_PostStep: Apply boundary conditions to state vector, and project if necessary
        GROUP CanudaX_BSSNMoL_PostStepGroup: CanudaX_BSSNMoL: post-step operations
          CanudaX_BSSNMoL::CanudaX_BSSNMoL_impose_conf_fac_floor: Make sure conformal factor does not drop below specified value
          CanudaX_BSSNMoL::CanudaX_BSSNMoL_reset_detmetric: reset dethh = 1
          CanudaX_BSSNMoL::CanudaX_BSSNMoL_remove_trA: Remove trace of A
          CanudaX_BSSNMoL::CanudaX_BSSNMoL_sync: [global] Sync state vector
          CanudaX_BSSNMoL::CanudaX_BSSNMoL_bssn2adm: [local] Convert variables back to the ADM ones
        GROUP ADMBaseX_SetADMRHS: Set ADM RHS variables in this group
        GROUP ADMBaseX_SetADMVars: Set ADM variables in this group
        GROUP TmunuBaseX_SetTmunuVars: Schedule group for setting T_munu
          TmunuBaseX::TmunuBaseX_ZeroTmunu: Set T_munu to zero
          GROUP TmunuBaseX_AddToTmunu: Add to T_munu here
    Rotate timelevels
    iteration = iteration+1
    t = t+dt
    [CCTK_PRESTEP]
    [CCTK_EVOL]
      ODESolvers::ODESolvers_Solve: [level] Solve ODEs
      while (ODESolvers::do_substeps)
        GROUP ODESolvers_CalledBySolve: Groups internally scheduled by ODESolvers_Solve
          GROUP ODESolvers_RHS: Evaluate the RHS for of state vector everywhere on the grid
            GROUP CanudaX_BSSNMoL_RHSGroup: CanudaX_BSSNMoL: calculate BSSN RHS
              CanudaX_BSSNMoL::CanudaX_BSSNMoL_calc_bssn_rhs: MoL RHS calculation
              CanudaX_BSSNMoL::CanudaX_BSSNMoL_apply_boundary_conditions: Apply radiative boundary conditions 
          GROUP ODESolvers_PostStep: Apply boundary conditions to state vector, and project if necessary
            GROUP CanudaX_BSSNMoL_PostStepGroup: CanudaX_BSSNMoL: post-step operations
              CanudaX_BSSNMoL::CanudaX_BSSNMoL_impose_conf_fac_floor: Make sure conformal factor does not drop below specified value
              CanudaX_BSSNMoL::CanudaX_BSSNMoL_reset_detmetric: reset dethh = 1
              CanudaX_BSSNMoL::CanudaX_BSSNMoL_remove_trA: Remove trace of A
              CanudaX_BSSNMoL::CanudaX_BSSNMoL_sync: [global] Sync state vector
              CanudaX_BSSNMoL::CanudaX_BSSNMoL_bssn2adm: [local] Convert variables back to the ADM ones
            GROUP ADMBaseX_SetADMRHS: Set ADM RHS variables in this group
            GROUP ADMBaseX_SetADMVars: Set ADM variables in this group
            GROUP TmunuBaseX_SetTmunuVars: Schedule group for setting T_munu
              TmunuBaseX::TmunuBaseX_ZeroTmunu: Set T_munu to zero
              GROUP TmunuBaseX_AddToTmunu: Add to T_munu here
      end while
    Evolve finer grids recursively
    Restrict from finer grids
    [CCTK_POSTRESTRICT]
      GROUP ODESolvers_PostStep: Apply boundary conditions to state vector, and project if necessary
        GROUP CanudaX_BSSNMoL_PostStepGroup: CanudaX_BSSNMoL: post-step operations
          CanudaX_BSSNMoL::CanudaX_BSSNMoL_impose_conf_fac_floor: Make sure conformal factor does not drop below specified value
          CanudaX_BSSNMoL::CanudaX_BSSNMoL_reset_detmetric: reset dethh = 1
          CanudaX_BSSNMoL::CanudaX_BSSNMoL_remove_trA: Remove trace of A
          CanudaX_BSSNMoL::CanudaX_BSSNMoL_sync: [global] Sync state vector
          CanudaX_BSSNMoL::CanudaX_BSSNMoL_bssn2adm: [local] Convert variables back to the ADM ones
        GROUP ADMBaseX_SetADMRHS: Set ADM RHS variables in this group
        GROUP ADMBaseX_SetADMVars: Set ADM variables in this group
        GROUP TmunuBaseX_SetTmunuVars: Schedule group for setting T_munu
          TmunuBaseX::TmunuBaseX_ZeroTmunu: Set T_munu to zero
          GROUP TmunuBaseX_AddToTmunu: Add to T_munu here
    [CCTK_POSTSTEP]
      ErrorEstimator::EstimateError: Estimate error
      GROUP ODESolvers_EstimateError: Estimate discretization error (for regridding)
    if (checkpoint)
      [CCTK_CHECKPOINT]
      CarpetX::CarpetX_Checkpoint: [meta] Checkpoint
    endif
    if (analysis)
      [CCTK_ANALYSIS]
      CanudaX_BSSNMoL::CanudaX_BSSNMoL_bssn_constraints: Compute constraints
      GROUP ODESolvers_Analysis: Calculate analysis quantities everywhere
    endif
    Output grid variables
    enddo

  Termination routines
    [CCTK_TERMINATE]
      CarpetX::CarpetX_CheckpointTerminate: [meta] Checkpoint before terminating

  Shutdown routines
    [CCTK_SHUTDOWN]
      CarpetX::Driver_Shutdown: [meta] Shut down the driver

  Routines run after changing the grid hierarchy:
    [CCTK_POSTREGRID]
      GROUP ODESolvers_PostStep: Apply boundary conditions to state vector, and project if necessary
        GROUP CanudaX_BSSNMoL_PostStepGroup: CanudaX_BSSNMoL: post-step operations
          CanudaX_BSSNMoL::CanudaX_BSSNMoL_impose_conf_fac_floor: Make sure conformal factor does not drop below specified value
          CanudaX_BSSNMoL::CanudaX_BSSNMoL_reset_detmetric: reset dethh = 1
          CanudaX_BSSNMoL::CanudaX_BSSNMoL_remove_trA: Remove trace of A
          CanudaX_BSSNMoL::CanudaX_BSSNMoL_sync: [global] Sync state vector
          CanudaX_BSSNMoL::CanudaX_BSSNMoL_bssn2adm: [local] Convert variables back to the ADM ones
        GROUP ADMBaseX_SetADMRHS: Set ADM RHS variables in this group
        GROUP ADMBaseX_SetADMVars: Set ADM variables in this group
        GROUP TmunuBaseX_SetTmunuVars: Schedule group for setting T_munu
          TmunuBaseX::TmunuBaseX_ZeroTmunu: Set T_munu to zero
          GROUP TmunuBaseX_AddToTmunu: Add to T_munu here
--------------------------------------------------------------------------------
INFO (hwloc): library version 2.10.0, API version 0x20800
--------------------------------------------------------------------------------

  [34m  ▕▏  [34m  ▕▏  [34m  ▕▏  [34m  ▕▏  [34m  ▕▏  [34m  ▕▏  [34m  ▕▏  [34m  ▕▏  [34m  ▕▏  [39m  
  [34m──██──[34m──██──[34m──██──[34m──██──[34m──██──[34m──██──[34m──██──[34m──██──[34m──██──[39m  
  [34m  ▕▏  [34m  ▕▏  [34m  ▕▏  [34m  ▕▏  [34m  ▕▏  [34m  ▕▏  [34m  ▕▏  [34m  ▕▏  [34m  ▕▏  [39m  
  [34m  ▕▏  [32m██████[34m  ▕▏  [34m  ▕▏  [32m██████[34m  ▕▏  [34m  ▕▏  [32m██████[34m  ▕▏  [39m  
  [34m──██──[32m██████[34m──██──[34m──██──[32m██████[34m──██──[34m──██──[32m██████[34m──██──[39m  
  [34m  ▕▏  [32m██████[34m  ▕▏  [34m  ▕▏  [32m██████[34m  ▕▏  [34m  ▕▏  [32m██████[34m  ▕▏  [39m  
  [34m  ▕▏  [34m  ▕▏  [34m  ▕▏  [34m  ▕▏  [34m  ▕▏  [34m  ▕▏  [34m  ▕▏  [34m  ▕▏  [34m  ▕▏  [39m  
  [34m──██──[34m──██──[34m──██──[34m──██──[34m──██──[34m──██──[34m──██──[34m──██──[34m──██──[39m  
  [34m  ▕▏  [34m  ▕▏  [34m  ▕▏  [34m  ▕▏  [34m  ▕▏  [34m  ▕▏  [34m  ▕▏  [34m  ▕▏  [34m  ▕▏  [39m  
  [34m  ▕▏  [34m  ▕▏  [34m  ▕▏  [31m██████[31m██████[31m██████[34m  ▕▏  [34m  ▕▏  [34m  ▕▏  [39m  
  [34m──██──[34m──██──[34m──██──[31m██████[31m██████[31m██████[34m──██──[34m──██──[34m──██──[39m  
  [34m  ▕▏  [34m  ▕▏  [34m  ▕▏  [31m██████[31m██████[31m██████[34m  ▕▏  [34m  ▕▏  [34m  ▕▏  [39m  
  [34m  ▕▏  [32m██████[34m  ▕▏  [31m██████[31m██████[31m██████[34m  ▕▏  [32m██████[34m  ▕▏  [39m  
  [34m──██──[32m██████[34m──██──[31m██████[31m██████[31m██████[34m──██──[32m██████[34m──██──[39m  
  [34m  ▕▏  [32m██████[34m  ▕▏  [31m██████[31m██████[31m██████[34m  ▕▏  [32m██████[34m  ▕▏  [39m  
  [34m  ▕▏  [34m  ▕▏  [34m  ▕▏  [31m██████[31m██████[31m██████[34m  ▕▏  [34m  ▕▏  [34m  ▕▏  [39m  
  [34m──██──[34m──██──[34m──██──[31m██████[31m██████[31m██████[34m──██──[34m──██──[34m──██──[39m  
  [34m  ▕▏  [34m  ▕▏  [34m  ▕▏  [31m██████[31m██████[31m██████[34m  ▕▏  [34m  ▕▏  [34m  ▕▏  [39m  
  [34m  ▕▏  [34m  ▕▏  [34m  ▕▏  [34m  ▕▏  [34m  ▕▏  [34m  ▕▏  [34m  ▕▏  [34m  ▕▏  [34m  ▕▏  [39m  
  [34m──██──[34m──██──[34m──██──[34m──██──[34m──██──[34m──██──[34m──██──[34m──██──[34m──██──[39m  
  [34m  ▕▏  [34m  ▕▏  [34m  ▕▏  [34m  ▕▏  [34m  ▕▏  [34m  ▕▏  [34m  ▕▏  [34m  ▕▏  [34m  ▕▏  [39m  
  [34m  ▕▏  [32m██████[34m  ▕▏  [34m  ▕▏  [32m██████[34m  ▕▏  [34m  ▕▏  [32m██████[34m  ▕▏  [39m  
  [34m──██──[32m██████[34m──██──[34m──██──[32m██████[34m──██──[34m──██──[32m██████[34m──██──[39m  
  [34m  ▕▏  [32m██████[34m  ▕▏  [34m  ▕▏  [32m██████[34m  ▕▏  [34m  ▕▏  [32m██████[34m  ▕▏  [39m  
  [34m  ▕▏  [34m  ▕▏  [34m  ▕▏  [34m  ▕▏  [34m  ▕▏  [34m  ▕▏  [34m  ▕▏  [34m  ▕▏  [34m  ▕▏  [39m  
  [34m──██──[34m──██──[34m──██──[34m──██──[34m──██──[34m──██──[34m──██──[34m──██──[34m──██──[39m  
  [34m  ▕▏  [34m  ▕▏  [34m  ▕▏  [34m  ▕▏  [34m  ▕▏  [34m  ▕▏  [34m  ▕▏  [34m  ▕▏  [34m  ▕▏  [39m  

AMR driver provided by CarpetX,
using AMReX 25.11 (MPI, OpenMP, no accelerators, optimized)
--------------------------------------------------------------------------------

Initializing AMReX (25.11)...
MPI initialized with 2 MPI processes
MPI initialized with thread support level 2
OMP initialized with 1 OMP threads
AMReX (25.11) initialized
INFO (CarpetX): 
Symmetries:
  lower x: periodic
  lower y: periodic
  lower z: periodic
  upper x: periodic
  upper y: periodic
  upper z: periodic
Default boundaries:
  lower x: symmetry_boundary
  lower y: symmetry_boundary
  lower z: symmetry_boundary
  upper x: symmetry_boundary
  upper y: symmetry_boundary
  upper z: symmetry_boundary
INFO (Arith): Test_smallvector
INFO (Arith): Test_spvect
INFO (CarpetX): Setting initial values for max_grid_size values for all levels
INFO (CarpetX): Setting up initial conditions...
INFO (CarpetX): Iteration: 0   time: 0   delta_time: 0.00390625
INFO (CarpetX): Patch 0:
INFO (CarpetX):   Grid extent:
INFO (CarpetX):     gsh=[71,15,15]
INFO (CarpetX):     blocking_factor=[8,8,8]
INFO (CarpetX):     max_grid_size=[10000000,10000000,10000000]
INFO (CarpetX):     max_tile_size=[1024000,16,32]
INFO (CarpetX):   Domain extent:
INFO (CarpetX):     xmin=[-0.5,-0.0625,-0.0625]
INFO (CarpetX):     xmax=[0.5,0.0625,0.0625]
INFO (CarpetX):     base dx=[0.015625,0.015625,0.015625]
INFO (CarpetX): Initializing level 0...
INFO (CanudaX_ExactID): Begin Gauge Wave initial data
INFO (CanudaX_ExactID): === End gauge wave initial data ===
INFO (CarpetX): Regridding...
INFO (CarpetX):   level 0: 2 boxes, 4096 cells (100%)
INFO (CarpetX): Initialized 1 levels
INFO (CarpetX): OutputGH: iteration 0, time 0.000000, run time 1 s
INFO (CarpetX): OutputGH done.
INFO (CarpetX): Starting evolution...
INFO (ODESolvers): ODE integrator is RK4
INFO (CarpetX): OutputGH: iteration 1, time 0.003906, run time 1 s
INFO (CarpetX): OutputGH done.
INFO (CarpetX): Simulation time: 0.00390625   Iterations per second: 38.7884   Simulation time per second: 0.151517
INFO (CarpetX): Grid cells: 4096   Grid cell updates per second: 158877
INFO (CarpetX): Performance:
INFO (CarpetX):   total evolution time:            0.0257809 sec
INFO (CarpetX):   total evolution compute time:    0.0257599 sec
INFO (CarpetX):   total evolution output time:     2.09808e-05 sec
INFO (CarpetX):   total iterations:                1
INFO (CarpetX):   total cells updated:             4096
INFO (CarpetX):   average iterations per second: 38.7884
INFO (CarpetX):   average cell updates per second: 158877
INFO (CarpetX): OutputGH: iteration 2, time 0.007812, run time 1 s
INFO (CarpetX): OutputGH done.
INFO (CarpetX): Simulation time: 0.0078125   Iterations per second: 40.7275   Simulation time per second: 0.159092
INFO (CarpetX): Grid cells: 4096   Grid cell updates per second: 166820
INFO (CarpetX): Performance:
INFO (CarpetX):   total evolution time:            0.0491068 sec
INFO (CarpetX):   total evolution compute time:    0.0490689 sec
INFO (CarpetX):   total evolution output time:     3.79086e-05 sec
INFO (CarpetX):   total iterations:                2
INFO (CarpetX):   total cells updated:             8192
INFO (CarpetX):   average iterations per second: 40.7275
INFO (CarpetX):   average cell updates per second: 166820
INFO (CarpetX): OutputGH: iteration 3, time 0.011719, run time 1 s
INFO (CarpetX): OutputGH done.
INFO (CarpetX): Simulation time: 0.0117188   Iterations per second: 41.4274   Simulation time per second: 0.161826
INFO (CarpetX): Grid cells: 4096   Grid cell updates per second: 169687
INFO (CarpetX): Performance:
INFO (CarpetX):   total evolution time:            0.0724158 sec
INFO (CarpetX):   total evolution compute time:    0.072361 sec
INFO (CarpetX):   total evolution output time:     5.48363e-05 sec
INFO (CarpetX):   total iterations:                3
INFO (CarpetX):   total cells updated:             12288
INFO (CarpetX):   average iterations per second: 41.4274
INFO (CarpetX):   average cell updates per second: 169687
INFO (CarpetX): OutputGH: iteration 4, time 0.015625, run time 1 s
INFO (CarpetX): OutputGH done.
INFO (CarpetX): Simulation time: 0.015625   Iterations per second: 41.789   Simulation time per second: 0.163238
INFO (CarpetX): Grid cells: 4096   Grid cell updates per second: 171168
INFO (CarpetX): Performance:
INFO (CarpetX):   total evolution time:            0.0957189 sec
INFO (CarpetX):   total evolution compute time:    0.0956469 sec
INFO (CarpetX):   total evolution output time:     7.20024e-05 sec
INFO (CarpetX):   total iterations:                4
INFO (CarpetX):   total cells updated:             16384
INFO (CarpetX):   average iterations per second: 41.789
INFO (CarpetX):   average cell updates per second: 171168
INFO (CarpetX): OutputGH: iteration 5, time 0.019531, run time 1 s
INFO (CarpetX): OutputGH done.
INFO (CarpetX): Simulation time: 0.0195312   Iterations per second: 40.3428   Simulation time per second: 0.157589
INFO (CarpetX): Grid cells: 4096   Grid cell updates per second: 165244
INFO (CarpetX): Performance:
INFO (CarpetX):   total evolution time:            0.123938 sec
INFO (CarpetX):   total evolution compute time:    0.123847 sec
INFO (CarpetX):   total evolution output time:     9.10759e-05 sec
INFO (CarpetX):   total iterations:                5
INFO (CarpetX):   total cells updated:             20480
INFO (CarpetX):   average iterations per second: 40.3428
INFO (CarpetX):   average cell updates per second: 165244
INFO (CarpetX): OutputGH: iteration 6, time 0.023438, run time 1 s
INFO (CarpetX): OutputGH done.
INFO (CarpetX): Simulation time: 0.0234375   Iterations per second: 40.6056   Simulation time per second: 0.158616
INFO (CarpetX): Grid cells: 4096   Grid cell updates per second: 166321
INFO (CarpetX): Performance:
INFO (CarpetX):   total evolution time:            0.147763 sec
INFO (CarpetX):   total evolution compute time:    0.147655 sec
INFO (CarpetX):   total evolution output time:     0.000108242 sec
INFO (CarpetX):   total iterations:                6
INFO (CarpetX):   total cells updated:             24576
INFO (CarpetX):   average iterations per second: 40.6056
INFO (CarpetX):   average cell updates per second: 166321
INFO (CarpetX): OutputGH: iteration 7, time 0.027344, run time 1 s
INFO (CarpetX): OutputGH done.
INFO (CarpetX): Simulation time: 0.0273438   Iterations per second: 40.8404   Simulation time per second: 0.159533
INFO (CarpetX): Grid cells: 4096   Grid cell updates per second: 167282
INFO (CarpetX): Performance:
INFO (CarpetX):   total evolution time:            0.171399 sec
INFO (CarpetX):   total evolution compute time:    0.171273 sec
INFO (CarpetX):   total evolution output time:     0.000126123 sec
INFO (CarpetX):   total iterations:                7
INFO (CarpetX):   total cells updated:             28672
INFO (CarpetX):   average iterations per second: 40.8404
INFO (CarpetX):   average cell updates per second: 167282
INFO (CarpetX): OutputGH: iteration 8, time 0.031250, run time 1 s
INFO (CarpetX): OutputGH done.
INFO (CarpetX): Simulation time: 0.03125   Iterations per second: 41.0697   Simulation time per second: 0.160428
INFO (CarpetX): Grid cells: 4096   Grid cell updates per second: 168221
INFO (CarpetX): Performance:
INFO (CarpetX):   total evolution time:            0.194791 sec
INFO (CarpetX):   total evolution compute time:    0.194649 sec
INFO (CarpetX):   total evolution output time:     0.000142097 sec
INFO (CarpetX):   total iterations:                8
INFO (CarpetX):   total cells updated:             32768
INFO (CarpetX):   average iterations per second: 41.0697
INFO (CarpetX):   average cell updates per second: 168221
INFO (CarpetX): OutputGH: iteration 9, time 0.035156, run time 1 s
INFO (CarpetX): OutputGH done.
INFO (CarpetX): Simulation time: 0.0351562   Iterations per second: 41.256   Simulation time per second: 0.161156
INFO (CarpetX): Grid cells: 4096   Grid cell updates per second: 168985
INFO (CarpetX): Performance:
INFO (CarpetX):   total evolution time:            0.21815 sec
INFO (CarpetX):   total evolution compute time:    0.21799 sec
INFO (CarpetX):   total evolution output time:     0.000159979 sec
INFO (CarpetX):   total iterations:                9
INFO (CarpetX):   total cells updated:             36864
INFO (CarpetX):   average iterations per second: 41.256
INFO (CarpetX):   average cell updates per second: 168985
INFO (CarpetX): OutputGH: iteration 10, time 0.039062, run time 1 s
INFO (CarpetX): OutputGH done.
INFO (CarpetX): Simulation time: 0.0390625   Iterations per second: 41.4112   Simulation time per second: 0.161762
INFO (CarpetX): Grid cells: 4096   Grid cell updates per second: 169620
INFO (CarpetX): Performance:
INFO (CarpetX):   total evolution time:            0.241481 sec
INFO (CarpetX):   total evolution compute time:    0.241304 sec
INFO (CarpetX):   total evolution output time:     0.000176907 sec
INFO (CarpetX):   total iterations:                10
INFO (CarpetX):   total cells updated:             40960
INFO (CarpetX):   average iterations per second: 41.4112
INFO (CarpetX):   average cell updates per second: 169620
INFO (CarpetX): OutputGH: iteration 11, time 0.042969, run time 1 s
INFO (CarpetX): OutputGH done.
INFO (CarpetX): Simulation time: 0.0429688   Iterations per second: 41.5441   Simulation time per second: 0.162282
INFO (CarpetX): Grid cells: 4096   Grid cell updates per second: 170165
INFO (CarpetX): Performance:
INFO (CarpetX):   total evolution time:            0.264856 sec
INFO (CarpetX):   total evolution compute time:    0.264662 sec
INFO (CarpetX):   total evolution output time:     0.000193834 sec
INFO (CarpetX):   total iterations:                11
INFO (CarpetX):   total cells updated:             45056
INFO (CarpetX):   average iterations per second: 41.532
INFO (CarpetX):   average cell updates per second: 170115
INFO (CarpetX): OutputGH: iteration 12, time 0.046875, run time 1 s
INFO (CarpetX): OutputGH done.
INFO (CarpetX): Simulation time: 0.046875   Iterations per second: 41.6495   Simulation time per second: 0.162693
INFO (CarpetX): Grid cells: 4096   Grid cell updates per second: 170596
INFO (CarpetX): Performance:
INFO (CarpetX):   total evolution time:            0.288318 sec
INFO (CarpetX):   total evolution compute time:    0.288107 sec
INFO (CarpetX):   total evolution output time:     0.000210762 sec
INFO (CarpetX):   total iterations:                12
INFO (CarpetX):   total cells updated:             49152
INFO (CarpetX):   average iterations per second: 41.6207
INFO (CarpetX):   average cell updates per second: 170478
INFO (CarpetX): OutputGH: iteration 13, time 0.050781, run time 1 s
INFO (CarpetX): OutputGH done.
INFO (CarpetX): Simulation time: 0.0507812   Iterations per second: 41.7414   Simulation time per second: 0.163053
INFO (CarpetX): Grid cells: 4096   Grid cell updates per second: 170973
INFO (CarpetX): Performance:
INFO (CarpetX):   total evolution time:            0.311799 sec
INFO (CarpetX):   total evolution compute time:    0.311571 sec
INFO (CarpetX):   total evolution output time:     0.00022769 sec
INFO (CarpetX):   total iterations:                13
INFO (CarpetX):   total cells updated:             53248
INFO (CarpetX):   average iterations per second: 41.6936
INFO (CarpetX):   average cell updates per second: 170777
INFO (CarpetX): OutputGH: iteration 14, time 0.054688, run time 1 s
INFO (CarpetX): OutputGH done.
INFO (CarpetX): Simulation time: 0.0546875   Iterations per second: 41.8246   Simulation time per second: 0.163377
INFO (CarpetX): Grid cells: 4096   Grid cell updates per second: 171313
INFO (CarpetX): Performance:
INFO (CarpetX):   total evolution time:            0.33528 sec
INFO (CarpetX):   total evolution compute time:    0.335036 sec
INFO (CarpetX):   total evolution output time:     0.000243664 sec
INFO (CarpetX):   total iterations:                14
INFO (CarpetX):   total cells updated:             57344
INFO (CarpetX):   average iterations per second: 41.7562
INFO (CarpetX):   average cell updates per second: 171033
INFO (CarpetX): OutputGH: iteration 15, time 0.058594, run time 1 s
INFO (CarpetX): OutputGH done.
INFO (CarpetX): Simulation time: 0.0585938   Iterations per second: 41.8169   Simulation time per second: 0.163347
INFO (CarpetX): Grid cells: 4096   Grid cell updates per second: 171282
INFO (CarpetX): Performance:
INFO (CarpetX):   total evolution time:            0.359233 sec
INFO (CarpetX):   total evolution compute time:    0.358972 sec
INFO (CarpetX):   total evolution output time:     0.000260592 sec
INFO (CarpetX):   total iterations:                15
INFO (CarpetX):   total cells updated:             61440
INFO (CarpetX):   average iterations per second: 41.7557
INFO (CarpetX):   average cell updates per second: 171031
INFO (CarpetX): OutputGH: iteration 16, time 0.062500, run time 1 s
INFO (CarpetX): OutputGH done.
INFO (CarpetX): Simulation time: 0.0625   Iterations per second: 41.805   Simulation time per second: 0.163301
INFO (CarpetX): Grid cells: 4096   Grid cell updates per second: 171233
INFO (CarpetX): Performance:
INFO (CarpetX):   total evolution time:            0.383214 sec
INFO (CarpetX):   total evolution compute time:    0.382937 sec
INFO (CarpetX):   total evolution output time:     0.000277519 sec
INFO (CarpetX):   total iterations:                16
INFO (CarpetX):   total cells updated:             65536
INFO (CarpetX):   average iterations per second: 41.7521
INFO (CarpetX):   average cell updates per second: 171017
INFO (CarpetX): OutputGH: iteration 17, time 0.066406, run time 1 s
INFO (CarpetX): OutputGH done.
INFO (CarpetX): Simulation time: 0.0664062   Iterations per second: 41.8333   Simulation time per second: 0.163411
INFO (CarpetX): Grid cells: 4096   Grid cell updates per second: 171349
INFO (CarpetX): Performance:
INFO (CarpetX):   total evolution time:            0.406974 sec
INFO (CarpetX):   total evolution compute time:    0.406679 sec
INFO (CarpetX):   total evolution output time:     0.000294447 sec
INFO (CarpetX):   total iterations:                17
INFO (CarpetX):   total cells updated:             69632
INFO (CarpetX):   average iterations per second: 41.7718
INFO (CarpetX):   average cell updates per second: 171097
INFO (CarpetX): OutputGH: iteration 18, time 0.070312, run time 1 s
INFO (CarpetX): OutputGH done.
INFO (CarpetX): Simulation time: 0.0703125   Iterations per second: 41.8908   Simulation time per second: 0.163636
INFO (CarpetX): Grid cells: 4096   Grid cell updates per second: 171585
INFO (CarpetX): Performance:
INFO (CarpetX):   total evolution time:            0.43055 sec
INFO (CarpetX):   total evolution compute time:    0.430231 sec
INFO (CarpetX):   total evolution output time:     0.000318289 sec
INFO (CarpetX):   total iterations:                18
INFO (CarpetX):   total cells updated:             73728
INFO (CarpetX):   average iterations per second: 41.807
INFO (CarpetX):   average cell updates per second: 171242
INFO (CarpetX): OutputGH: iteration 19, time 0.074219, run time 1 s
INFO (CarpetX): OutputGH done.
INFO (CarpetX): Simulation time: 0.0742188   Iterations per second: 41.945   Simulation time per second: 0.163848
INFO (CarpetX): Grid cells: 4096   Grid cell updates per second: 171807
INFO (CarpetX): Performance:
INFO (CarpetX):   total evolution time:            0.454113 sec
INFO (CarpetX):   total evolution compute time:    0.453774 sec
INFO (CarpetX):   total evolution output time:     0.000338316 sec
INFO (CarpetX):   total iterations:                19
INFO (CarpetX):   total cells updated:             77824
INFO (CarpetX):   average iterations per second: 41.8398
INFO (CarpetX):   average cell updates per second: 171376
INFO (CarpetX): OutputGH: iteration 20, time 0.078125, run time 1 s
INFO (CarpetX): OutputGH done.
INFO (CarpetX): Simulation time: 0.078125   Iterations per second: 42.0216   Simulation time per second: 0.164147
INFO (CarpetX): Grid cells: 4096   Grid cell updates per second: 172121
INFO (CarpetX): Performance:
INFO (CarpetX):   total evolution time:            0.477519 sec
INFO (CarpetX):   total evolution compute time:    0.477165 sec
INFO (CarpetX):   total evolution output time:     0.000353336 sec
INFO (CarpetX):   total iterations:                20
INFO (CarpetX):   total cells updated:             81920
INFO (CarpetX):   average iterations per second: 41.8832
INFO (CarpetX):   average cell updates per second: 171553
INFO (CarpetX): OutputGH: iteration 21, time 0.082031, run time 1 s
INFO (CarpetX): OutputGH done.
INFO (CarpetX): Simulation time: 0.0820312   Iterations per second: 42.087   Simulation time per second: 0.164402
INFO (CarpetX): Grid cells: 4096   Grid cell updates per second: 172388
INFO (CarpetX): Performance:
INFO (CarpetX):   total evolution time:            0.500947 sec
INFO (CarpetX):   total evolution compute time:    0.500566 sec
INFO (CarpetX):   total evolution output time:     0.000381231 sec
INFO (CarpetX):   total iterations:                21
INFO (CarpetX):   total cells updated:             86016
INFO (CarpetX):   average iterations per second: 41.9206
INFO (CarpetX):   average cell updates per second: 171707
INFO (CarpetX): OutputGH: iteration 22, time 0.085938, run time 1 s
INFO (CarpetX): OutputGH done.
INFO (CarpetX): Simulation time: 0.0859375   Iterations per second: 42.1576   Simulation time per second: 0.164678
INFO (CarpetX): Grid cells: 4096   Grid cell updates per second: 172678
INFO (CarpetX): Performance:
INFO (CarpetX):   total evolution time:            0.524309 sec
INFO (CarpetX):   total evolution compute time:    0.523911 sec
INFO (CarpetX):   total evolution output time:     0.000397205 sec
INFO (CarpetX):   total iterations:                22
INFO (CarpetX):   total cells updated:             90112
INFO (CarpetX):   average iterations per second: 41.96
INFO (CarpetX):   average cell updates per second: 171868
INFO (CarpetX): OutputGH: iteration 23, time 0.089844, run time 1 s
INFO (CarpetX): OutputGH done.
INFO (CarpetX): Simulation time: 0.0898438   Iterations per second: 42.2202   Simulation time per second: 0.164923
INFO (CarpetX): Grid cells: 4096   Grid cell updates per second: 172934
INFO (CarpetX): Performance:
INFO (CarpetX):   total evolution time:            0.547678 sec
INFO (CarpetX):   total evolution compute time:    0.547264 sec
INFO (CarpetX):   total evolution output time:     0.000413179 sec
INFO (CarpetX):   total iterations:                23
INFO (CarpetX):   total cells updated:             94208
INFO (CarpetX):   average iterations per second: 41.9955
INFO (CarpetX):   average cell updates per second: 172014
INFO (CarpetX): OutputGH: iteration 24, time 0.093750, run time 1 s
INFO (CarpetX): OutputGH done.
INFO (CarpetX): Simulation time: 0.09375   Iterations per second: 42.2788   Simulation time per second: 0.165152
INFO (CarpetX): Grid cells: 4096   Grid cell updates per second: 173174
INFO (CarpetX): Performance:
INFO (CarpetX):   total evolution time:            0.571035 sec
INFO (CarpetX):   total evolution compute time:    0.570607 sec
INFO (CarpetX):   total evolution output time:     0.000427246 sec
INFO (CarpetX):   total iterations:                24
INFO (CarpetX):   total cells updated:             98304
INFO (CarpetX):   average iterations per second: 42.029
INFO (CarpetX):   average cell updates per second: 172151
INFO (CarpetX): OutputGH: iteration 25, time 0.097656, run time 1 s
INFO (CarpetX): OutputGH done.
INFO (CarpetX): Simulation time: 0.0976562   Iterations per second: 42.3363   Simulation time per second: 0.165376
INFO (CarpetX): Grid cells: 4096   Grid cell updates per second: 173410
INFO (CarpetX): Performance:
INFO (CarpetX):   total evolution time:            0.594366 sec
INFO (CarpetX):   total evolution compute time:    0.593925 sec
INFO (CarpetX):   total evolution output time:     0.000441313 sec
INFO (CarpetX):   total iterations:                25
INFO (CarpetX):   total cells updated:             102400
INFO (CarpetX):   average iterations per second: 42.0616
INFO (CarpetX):   average cell updates per second: 172284
INFO (CarpetX): OutputGH: iteration 26, time 0.101562, run time 1 s
INFO (CarpetX): OutputGH done.
INFO (CarpetX): Simulation time: 0.101562   Iterations per second: 42.3728   Simulation time per second: 0.165519
INFO (CarpetX): Grid cells: 4096   Grid cell updates per second: 173559
INFO (CarpetX): Performance:
INFO (CarpetX):   total evolution time:            0.617783 sec
INFO (CarpetX):   total evolution compute time:    0.617326 sec
INFO (CarpetX):   total evolution output time:     0.000456333 sec
INFO (CarpetX):   total iterations:                26
INFO (CarpetX):   total cells updated:             106496
INFO (CarpetX):   average iterations per second: 42.086
INFO (CarpetX):   average cell updates per second: 172384
INFO (CarpetX): OutputGH: iteration 27, time 0.105469, run time 1 s
INFO (CarpetX): OutputGH done.
INFO (CarpetX): Simulation time: 0.105469   Iterations per second: 42.3933   Simulation time per second: 0.165599
INFO (CarpetX): Grid cells: 4096   Grid cell updates per second: 173643
INFO (CarpetX): Performance:
INFO (CarpetX):   total evolution time:            0.641269 sec
INFO (CarpetX):   total evolution compute time:    0.640787 sec
INFO (CarpetX):   total evolution output time:     0.000481367 sec
INFO (CarpetX):   total iterations:                27
INFO (CarpetX):   total cells updated:             110592
INFO (CarpetX):   average iterations per second: 42.104
INFO (CarpetX):   average cell updates per second: 172458
INFO (CarpetX): OutputGH: iteration 28, time 0.109375, run time 1 s
INFO (CarpetX): OutputGH done.
INFO (CarpetX): Simulation time: 0.109375   Iterations per second: 42.345   Simulation time per second: 0.16541
INFO (CarpetX): Grid cells: 4096   Grid cell updates per second: 173445
INFO (CarpetX): Performance:
INFO (CarpetX):   total evolution time:            0.665127 sec
INFO (CarpetX):   total evolution compute time:    0.664619 sec
INFO (CarpetX):   total evolution output time:     0.000507355 sec
INFO (CarpetX):   total iterations:                28
INFO (CarpetX):   total cells updated:             114688
INFO (CarpetX):   average iterations per second: 42.0972
INFO (CarpetX):   average cell updates per second: 172430
INFO (CarpetX): OutputGH: iteration 29, time 0.113281, run time 1 s
INFO (CarpetX): OutputGH done.
INFO (CarpetX): Simulation time: 0.113281   Iterations per second: 42.3779   Simulation time per second: 0.165539
INFO (CarpetX): Grid cells: 4096   Grid cell updates per second: 173580
INFO (CarpetX): Performance:
INFO (CarpetX):   total evolution time:            0.688559 sec
INFO (CarpetX):   total evolution compute time:    0.688032 sec
INFO (CarpetX):   total evolution output time:     0.000526428 sec
INFO (CarpetX):   total iterations:                29
INFO (CarpetX):   total cells updated:             118784
INFO (CarpetX):   average iterations per second: 42.117
INFO (CarpetX):   average cell updates per second: 172511
INFO (CarpetX): OutputGH: iteration 30, time 0.117188, run time 1 s
INFO (CarpetX): OutputGH done.
INFO (CarpetX): Simulation time: 0.117188   Iterations per second: 42.4117   Simulation time per second: 0.165671
INFO (CarpetX): Grid cells: 4096   Grid cell updates per second: 173718
INFO (CarpetX): Performance:
INFO (CarpetX):   total evolution time:            0.711968 sec
INFO (CarpetX):   total evolution compute time:    0.71142 sec
INFO (CarpetX):   total evolution output time:     0.000547409 sec
INFO (CarpetX):   total iterations:                30
INFO (CarpetX):   total cells updated:             122880
INFO (CarpetX):   average iterations per second: 42.1367
INFO (CarpetX):   average cell updates per second: 172592
INFO (CarpetX): OutputGH: iteration 31, time 0.121094, run time 1 s
INFO (CarpetX): OutputGH done.
INFO (CarpetX): Simulation time: 0.121094   Iterations per second: 42.4122   Simulation time per second: 0.165672
INFO (CarpetX): Grid cells: 4096   Grid cell updates per second: 173720
INFO (CarpetX): Performance:
INFO (CarpetX):   total evolution time:            0.735544 sec
INFO (CarpetX):   total evolution compute time:    0.73498 sec
INFO (CarpetX):   total evolution output time:     0.000563383 sec
INFO (CarpetX):   total iterations:                31
INFO (CarpetX):   total cells updated:             126976
INFO (CarpetX):   average iterations per second: 42.1457
INFO (CarpetX):   average cell updates per second: 172629
INFO (CarpetX): OutputGH: iteration 32, time 0.125000, run time 1 s
INFO (CarpetX): OutputGH done.
INFO (CarpetX): Simulation time: 0.125   Iterations per second: 42.4516   Simulation time per second: 0.165827
INFO (CarpetX): Grid cells: 4096   Grid cell updates per second: 173882
INFO (CarpetX): Performance:
INFO (CarpetX):   total evolution time:            0.758903 sec
INFO (CarpetX):   total evolution compute time:    0.758321 sec
INFO (CarpetX):   total evolution output time:     0.000582218 sec
INFO (CarpetX):   total iterations:                32
INFO (CarpetX):   total cells updated:             131072
INFO (CarpetX):   average iterations per second: 42.1661
INFO (CarpetX):   average cell updates per second: 172713
INFO (CarpetX): OutputGH: iteration 33, time 0.128906, run time 1 s
INFO (CarpetX): OutputGH done.
INFO (CarpetX): Simulation time: 0.128906   Iterations per second: 42.4834   Simulation time per second: 0.165951
INFO (CarpetX): Grid cells: 4096   Grid cell updates per second: 174012
INFO (CarpetX): Performance:
INFO (CarpetX):   total evolution time:            0.782283 sec
INFO (CarpetX):   total evolution compute time:    0.781682 sec
INFO (CarpetX):   total evolution output time:     0.000601292 sec
INFO (CarpetX):   total iterations:                33
INFO (CarpetX):   total cells updated:             135168
INFO (CarpetX):   average iterations per second: 42.1842
INFO (CarpetX):   average cell updates per second: 172787
INFO (CarpetX): OutputGH: iteration 34, time 0.132812, run time 1 s
INFO (CarpetX): OutputGH done.
INFO (CarpetX): Simulation time: 0.132812   Iterations per second: 42.5115   Simulation time per second: 0.16606
INFO (CarpetX): Grid cells: 4096   Grid cell updates per second: 174127
INFO (CarpetX): Performance:
INFO (CarpetX):   total evolution time:            0.805666 sec
INFO (CarpetX):   total evolution compute time:    0.805046 sec
INFO (CarpetX):   total evolution output time:     0.000620365 sec
INFO (CarpetX):   total iterations:                34
INFO (CarpetX):   total cells updated:             139264
INFO (CarpetX):   average iterations per second: 42.2011
INFO (CarpetX):   average cell updates per second: 172856
INFO (CarpetX): OutputGH: iteration 35, time 0.136719, run time 1 s
INFO (CarpetX): OutputGH done.
INFO (CarpetX): Simulation time: 0.136719   Iterations per second: 42.5203   Simulation time per second: 0.166095
INFO (CarpetX): Grid cells: 4096   Grid cell updates per second: 174163
INFO (CarpetX): Performance:
INFO (CarpetX):   total evolution time:            0.82914 sec
INFO (CarpetX):   total evolution compute time:    0.828501 sec
INFO (CarpetX):   total evolution output time:     0.000638485 sec
INFO (CarpetX):   total iterations:                35
INFO (CarpetX):   total cells updated:             143360
INFO (CarpetX):   average iterations per second: 42.2124
INFO (CarpetX):   average cell updates per second: 172902
INFO (CarpetX): OutputGH: iteration 36, time 0.140625, run time 1 s
INFO (CarpetX): OutputGH done.
INFO (CarpetX): Simulation time: 0.140625   Iterations per second: 42.5439   Simulation time per second: 0.166187
INFO (CarpetX): Grid cells: 4096   Grid cell updates per second: 174260
INFO (CarpetX): Performance:
INFO (CarpetX):   total evolution time:            0.852528 sec
INFO (CarpetX):   total evolution compute time:    0.851872 sec
INFO (CarpetX):   total evolution output time:     0.000655413 sec
INFO (CarpetX):   total iterations:                36
INFO (CarpetX):   total cells updated:             147456
INFO (CarpetX):   average iterations per second: 42.2274
INFO (CarpetX):   average cell updates per second: 172963
INFO (CarpetX): OutputGH: iteration 37, time 0.144531, run time 1 s
INFO (CarpetX): OutputGH done.
INFO (CarpetX): Simulation time: 0.144531   Iterations per second: 42.5852   Simulation time per second: 0.166349
INFO (CarpetX): Grid cells: 4096   Grid cell updates per second: 174429
INFO (CarpetX): Performance:
INFO (CarpetX):   total evolution time:            0.875805 sec
INFO (CarpetX):   total evolution compute time:    0.875133 sec
INFO (CarpetX):   total evolution output time:     0.00067234 sec
INFO (CarpetX):   total iterations:                37
INFO (CarpetX):   total cells updated:             151552
INFO (CarpetX):   average iterations per second: 42.2469
INFO (CarpetX):   average cell updates per second: 173043
INFO (CarpetX): OutputGH: iteration 38, time 0.148438, run time 1 s
INFO (CarpetX): OutputGH done.
INFO (CarpetX): Simulation time: 0.148438   Iterations per second: 42.542   Simulation time per second: 0.16618
INFO (CarpetX): Grid cells: 4096   Grid cell updates per second: 174252
INFO (CarpetX): Performance:
INFO (CarpetX):   total evolution time:            0.899526 sec
INFO (CarpetX):   total evolution compute time:    0.898829 sec
INFO (CarpetX):   total evolution output time:     0.000697136 sec
INFO (CarpetX):   total iterations:                38
INFO (CarpetX):   total cells updated:             155648
INFO (CarpetX):   average iterations per second: 42.2445
INFO (CarpetX):   average cell updates per second: 173033
INFO (CarpetX): OutputGH: iteration 39, time 0.152344, run time 1 s
INFO (CarpetX): OutputGH done.
INFO (CarpetX): Simulation time: 0.152344   Iterations per second: 42.5552   Simulation time per second: 0.166231
INFO (CarpetX): Grid cells: 4096   Grid cell updates per second: 174306
INFO (CarpetX): Performance:
INFO (CarpetX):   total evolution time:            0.922959 sec
INFO (CarpetX):   total evolution compute time:    0.922243 sec
INFO (CarpetX):   total evolution output time:     0.000716209 sec
INFO (CarpetX):   total iterations:                39
INFO (CarpetX):   total cells updated:             159744
INFO (CarpetX):   average iterations per second: 42.2554
INFO (CarpetX):   average cell updates per second: 173078
INFO (CarpetX): OutputGH: iteration 40, time 0.156250, run time 1 s
INFO (CarpetX): OutputGH done.
INFO (CarpetX): Simulation time: 0.15625   Iterations per second: 42.5814   Simulation time per second: 0.166333
INFO (CarpetX): Grid cells: 4096   Grid cell updates per second: 174413
INFO (CarpetX): Performance:
INFO (CarpetX):   total evolution time:            0.946314 sec
INFO (CarpetX):   total evolution compute time:    0.94558 sec
INFO (CarpetX):   total evolution output time:     0.000733376 sec
INFO (CarpetX):   total iterations:                40
INFO (CarpetX):   total cells updated:             163840
INFO (CarpetX):   average iterations per second: 42.2693
INFO (CarpetX):   average cell updates per second: 173135
INFO (CarpetX): OutputGH: iteration 41, time 0.160156, run time 1 s
INFO (CarpetX): OutputGH done.
INFO (CarpetX): Simulation time: 0.160156   Iterations per second: 42.6014   Simulation time per second: 0.166412
INFO (CarpetX): Grid cells: 4096   Grid cell updates per second: 174495
INFO (CarpetX): Performance:
INFO (CarpetX):   total evolution time:            0.969688 sec
INFO (CarpetX):   total evolution compute time:    0.968936 sec
INFO (CarpetX):   total evolution output time:     0.000751495 sec
INFO (CarpetX):   total iterations:                41
INFO (CarpetX):   total cells updated:             167936
INFO (CarpetX):   average iterations per second: 42.2817
INFO (CarpetX):   average cell updates per second: 173186
INFO (CarpetX): OutputGH: iteration 42, time 0.164062, run time 2 s
INFO (CarpetX): OutputGH done.
INFO (CarpetX): Simulation time: 0.164062   Iterations per second: 42.5991   Simulation time per second: 0.166403
INFO (CarpetX): Grid cells: 4096   Grid cell updates per second: 174486
INFO (CarpetX): Performance:
INFO (CarpetX):   total evolution time:            0.993174 sec
INFO (CarpetX):   total evolution compute time:    0.992405 sec
INFO (CarpetX):   total evolution output time:     0.000768661 sec
INFO (CarpetX):   total iterations:                42
INFO (CarpetX):   total cells updated:             172032
INFO (CarpetX):   average iterations per second: 42.2887
INFO (CarpetX):   average cell updates per second: 173214
INFO (CarpetX): OutputGH: iteration 43, time 0.167969, run time 2 s
INFO (CarpetX): OutputGH done.
INFO (CarpetX): Simulation time: 0.167969   Iterations per second: 42.5774   Simulation time per second: 0.166318
INFO (CarpetX): Grid cells: 4096   Grid cell updates per second: 174397
INFO (CarpetX): Performance:
INFO (CarpetX):   total evolution time:            1.01677 sec
INFO (CarpetX):   total evolution compute time:    1.01598 sec
INFO (CarpetX):   total evolution output time:     0.000784636 sec
INFO (CarpetX):   total iterations:                43
INFO (CarpetX):   total cells updated:             176128
INFO (CarpetX):   average iterations per second: 42.2909
INFO (CarpetX):   average cell updates per second: 173223
INFO (CarpetX): OutputGH: iteration 44, time 0.171875, run time 2 s
INFO (CarpetX): OutputGH done.
INFO (CarpetX): Simulation time: 0.171875   Iterations per second: 42.594   Simulation time per second: 0.166383
INFO (CarpetX): Grid cells: 4096   Grid cell updates per second: 174465
INFO (CarpetX): Performance:
INFO (CarpetX):   total evolution time:            1.04016 sec
INFO (CarpetX):   total evolution compute time:    1.03936 sec
INFO (CarpetX):   total evolution output time:     0.000802755 sec
INFO (CarpetX):   total iterations:                44
INFO (CarpetX):   total cells updated:             180224
INFO (CarpetX):   average iterations per second: 42.3011
INFO (CarpetX):   average cell updates per second: 173265
INFO (CarpetX): OutputGH: iteration 45, time 0.175781, run time 2 s
INFO (CarpetX): OutputGH done.
INFO (CarpetX): Simulation time: 0.175781   Iterations per second: 42.611   Simulation time per second: 0.166449
INFO (CarpetX): Grid cells: 4096   Grid cell updates per second: 174535
INFO (CarpetX): Performance:
INFO (CarpetX):   total evolution time:            1.06355 sec
INFO (CarpetX):   total evolution compute time:    1.06273 sec
INFO (CarpetX):   total evolution output time:     0.000819683 sec
INFO (CarpetX):   total iterations:                45
INFO (CarpetX):   total cells updated:             184320
INFO (CarpetX):   average iterations per second: 42.3113
INFO (CarpetX):   average cell updates per second: 173307
INFO (CarpetX): OutputGH: iteration 46, time 0.179688, run time 2 s
INFO (CarpetX): OutputGH done.
INFO (CarpetX): Simulation time: 0.179688   Iterations per second: 42.6221   Simulation time per second: 0.166493
INFO (CarpetX): Grid cells: 4096   Grid cell updates per second: 174580
INFO (CarpetX): Performance:
INFO (CarpetX):   total evolution time:            1.08695 sec
INFO (CarpetX):   total evolution compute time:    1.08612 sec
INFO (CarpetX):   total evolution output time:     0.000836611 sec
INFO (CarpetX):   total iterations:                46
INFO (CarpetX):   total cells updated:             188416
INFO (CarpetX):   average iterations per second: 42.3201
INFO (CarpetX):   average cell updates per second: 173343
INFO (CarpetX): OutputGH: iteration 47, time 0.183594, run time 2 s
INFO (CarpetX): OutputGH done.
INFO (CarpetX): Simulation time: 0.183594   Iterations per second: 42.6308   Simulation time per second: 0.166527
INFO (CarpetX): Grid cells: 4096   Grid cell updates per second: 174616
INFO (CarpetX): Performance:
INFO (CarpetX):   total evolution time:            1.11037 sec
INFO (CarpetX):   total evolution compute time:    1.10951 sec
INFO (CarpetX):   total evolution output time:     0.000854731 sec
INFO (CarpetX):   total iterations:                47
INFO (CarpetX):   total cells updated:             192512
INFO (CarpetX):   average iterations per second: 42.3283
INFO (CarpetX):   average cell updates per second: 173377
INFO (CarpetX): OutputGH: iteration 48, time 0.187500, run time 2 s
INFO (CarpetX): OutputGH done.
INFO (CarpetX): Simulation time: 0.1875   Iterations per second: 42.6473   Simulation time per second: 0.166591
INFO (CarpetX): Grid cells: 4096   Grid cell updates per second: 174683
INFO (CarpetX): Performance:
INFO (CarpetX):   total evolution time:            1.13373 sec
INFO (CarpetX):   total evolution compute time:    1.13286 sec
INFO (CarpetX):   total evolution output time:     0.000874758 sec
INFO (CarpetX):   total iterations:                48
INFO (CarpetX):   total cells updated:             196608
INFO (CarpetX):   average iterations per second: 42.3379
INFO (CarpetX):   average cell updates per second: 173416
INFO (CarpetX): OutputGH: iteration 49, time 0.191406, run time 2 s
INFO (CarpetX): OutputGH done.
INFO (CarpetX): Simulation time: 0.191406   Iterations per second: 42.6702   Simulation time per second: 0.166681
INFO (CarpetX): Grid cells: 4096   Grid cell updates per second: 174777
INFO (CarpetX): Performance:
INFO (CarpetX):   total evolution time:            1.15706 sec
INFO (CarpetX):   total evolution compute time:    1.15616 sec
INFO (CarpetX):   total evolution output time:     0.000892639 sec
INFO (CarpetX):   total iterations:                49
INFO (CarpetX):   total cells updated:             200704
INFO (CarpetX):   average iterations per second: 42.3488
INFO (CarpetX):   average cell updates per second: 173461
INFO (CarpetX): OutputGH: iteration 50, time 0.195312, run time 2 s
INFO (CarpetX): OutputGH done.
INFO (CarpetX): Simulation time: 0.195312   Iterations per second: 42.6785   Simulation time per second: 0.166713
INFO (CarpetX): Grid cells: 4096   Grid cell updates per second: 174811
INFO (CarpetX): Performance:
INFO (CarpetX):   total evolution time:            1.18045 sec
INFO (CarpetX):   total evolution compute time:    1.17954 sec
INFO (CarpetX):   total evolution output time:     0.000909567 sec
INFO (CarpetX):   total iterations:                50
INFO (CarpetX):   total cells updated:             204800
INFO (CarpetX):   average iterations per second: 42.3568
INFO (CarpetX):   average cell updates per second: 173494
INFO (CarpetX): OutputGH: iteration 51, time 0.199219, run time 2 s
INFO (CarpetX): OutputGH done.
INFO (CarpetX): Simulation time: 0.199219   Iterations per second: 42.6547   Simulation time per second: 0.16662
INFO (CarpetX): Grid cells: 4096   Grid cell updates per second: 174714
INFO (CarpetX): Performance:
INFO (CarpetX):   total evolution time:            1.20401 sec
INFO (CarpetX):   total evolution compute time:    1.20307 sec
INFO (CarpetX):   total evolution output time:     0.000937462 sec
INFO (CarpetX):   total iterations:                51
INFO (CarpetX):   total cells updated:             208896
INFO (CarpetX):   average iterations per second: 42.3585
INFO (CarpetX):   average cell updates per second: 173500
INFO (CarpetX): OutputGH: iteration 52, time 0.203125, run time 2 s
INFO (CarpetX): OutputGH done.
INFO (CarpetX): Simulation time: 0.203125   Iterations per second: 42.651   Simulation time per second: 0.166606
INFO (CarpetX): Grid cells: 4096   Grid cell updates per second: 174699
INFO (CarpetX): Performance:
INFO (CarpetX):   total evolution time:            1.22747 sec
INFO (CarpetX):   total evolution compute time:    1.22652 sec
INFO (CarpetX):   total evolution output time:     0.000956535 sec
INFO (CarpetX):   total iterations:                52
INFO (CarpetX):   total cells updated:             212992
INFO (CarpetX):   average iterations per second: 42.3635
INFO (CarpetX):   average cell updates per second: 173521
INFO (CarpetX): OutputGH: iteration 53, time 0.207031, run time 2 s
INFO (CarpetX): OutputGH done.
INFO (CarpetX): Simulation time: 0.207031   Iterations per second: 42.6683   Simulation time per second: 0.166673
INFO (CarpetX): Grid cells: 4096   Grid cell updates per second: 174770
INFO (CarpetX): Performance:
INFO (CarpetX):   total evolution time:            1.25082 sec
INFO (CarpetX):   total evolution compute time:    1.24985 sec
INFO (CarpetX):   total evolution output time:     0.000974655 sec
INFO (CarpetX):   total iterations:                53
INFO (CarpetX):   total cells updated:             217088
INFO (CarpetX):   average iterations per second: 42.3721
INFO (CarpetX):   average cell updates per second: 173556
INFO (CarpetX): OutputGH: iteration 54, time 0.210938, run time 2 s
INFO (CarpetX): OutputGH done.
INFO (CarpetX): Simulation time: 0.210938   Iterations per second: 42.6841   Simulation time per second: 0.166735
INFO (CarpetX): Grid cells: 4096   Grid cell updates per second: 174834
INFO (CarpetX): Performance:
INFO (CarpetX):   total evolution time:            1.27417 sec
INFO (CarpetX):   total evolution compute time:    1.27318 sec
INFO (CarpetX):   total evolution output time:     0.000992775 sec
INFO (CarpetX):   total iterations:                54
INFO (CarpetX):   total cells updated:             221184
INFO (CarpetX):   average iterations per second: 42.3804
INFO (CarpetX):   average cell updates per second: 173590
INFO (CarpetX): OutputGH: iteration 55, time 0.214844, run time 2 s
INFO (CarpetX): OutputGH done.
INFO (CarpetX): Simulation time: 0.214844   Iterations per second: 42.6874   Simulation time per second: 0.166748
INFO (CarpetX): Grid cells: 4096   Grid cell updates per second: 174848
INFO (CarpetX): Performance:
INFO (CarpetX):   total evolution time:            1.29758 sec
INFO (CarpetX):   total evolution compute time:    1.29657 sec
INFO (CarpetX):   total evolution output time:     0.0010097 sec
INFO (CarpetX):   total iterations:                55
INFO (CarpetX):   total cells updated:             225280
INFO (CarpetX):   average iterations per second: 42.3865
INFO (CarpetX):   average cell updates per second: 173615
INFO (CarpetX): OutputGH: iteration 56, time 0.218750, run time 2 s
INFO (CarpetX): OutputGH done.
INFO (CarpetX): Simulation time: 0.21875   Iterations per second: 42.6929   Simulation time per second: 0.166769
INFO (CarpetX): Grid cells: 4096   Grid cell updates per second: 174870
INFO (CarpetX): Performance:
INFO (CarpetX):   total evolution time:            1.32098 sec
INFO (CarpetX):   total evolution compute time:    1.31995 sec
INFO (CarpetX):   total evolution output time:     0.00102758 sec
INFO (CarpetX):   total iterations:                56
INFO (CarpetX):   total cells updated:             229376
INFO (CarpetX):   average iterations per second: 42.3928
INFO (CarpetX):   average cell updates per second: 173641
INFO (CarpetX): OutputGH: iteration 57, time 0.222656, run time 2 s
INFO (CarpetX): OutputGH done.
INFO (CarpetX): Simulation time: 0.222656   Iterations per second: 42.7009   Simulation time per second: 0.1668
INFO (CarpetX): Grid cells: 4096   Grid cell updates per second: 174903
INFO (CarpetX): Performance:
INFO (CarpetX):   total evolution time:            1.34436 sec
INFO (CarpetX):   total evolution compute time:    1.34331 sec
INFO (CarpetX):   total evolution output time:     0.00104547 sec
INFO (CarpetX):   total iterations:                57
INFO (CarpetX):   total cells updated:             233472
INFO (CarpetX):   average iterations per second: 42.3994
INFO (CarpetX):   average cell updates per second: 173668
INFO (CarpetX): OutputGH: iteration 58, time 0.226562, run time 2 s
INFO (CarpetX): OutputGH done.
INFO (CarpetX): Simulation time: 0.226562   Iterations per second: 42.7053   Simulation time per second: 0.166817
INFO (CarpetX): Grid cells: 4096   Grid cell updates per second: 174921
INFO (CarpetX): Performance:
INFO (CarpetX):   total evolution time:            1.36775 sec
INFO (CarpetX):   total evolution compute time:    1.36669 sec
INFO (CarpetX):   total evolution output time:     0.00106239 sec
INFO (CarpetX):   total iterations:                58
INFO (CarpetX):   total cells updated:             237568
INFO (CarpetX):   average iterations per second: 42.4053
INFO (CarpetX):   average cell updates per second: 173692
INFO (CarpetX): OutputGH: iteration 59, time 0.230469, run time 2 s
INFO (CarpetX): OutputGH done.
INFO (CarpetX): Simulation time: 0.230469   Iterations per second: 42.6938   Simulation time per second: 0.166773
INFO (CarpetX): Grid cells: 4096   Grid cell updates per second: 174874
INFO (CarpetX): Performance:
INFO (CarpetX):   total evolution time:            1.39123 sec
INFO (CarpetX):   total evolution compute time:    1.39015 sec
INFO (CarpetX):   total evolution output time:     0.00107956 sec
INFO (CarpetX):   total iterations:                59
INFO (CarpetX):   total cells updated:             241664
INFO (CarpetX):   average iterations per second: 42.4084
INFO (CarpetX):   average cell updates per second: 173705
INFO (CarpetX): OutputGH: iteration 60, time 0.234375, run time 2 s
INFO (CarpetX): OutputGH done.
INFO (CarpetX): Simulation time: 0.234375   Iterations per second: 42.712   Simulation time per second: 0.166844
INFO (CarpetX): Grid cells: 4096   Grid cell updates per second: 174948
INFO (CarpetX): Performance:
INFO (CarpetX):   total evolution time:            1.41456 sec
INFO (CarpetX):   total evolution compute time:    1.41346 sec
INFO (CarpetX):   total evolution output time:     0.00109744 sec
INFO (CarpetX):   total iterations:                60
INFO (CarpetX):   total cells updated:             245760
INFO (CarpetX):   average iterations per second: 42.4161
INFO (CarpetX):   average cell updates per second: 173737
INFO (CarpetX): OutputGH: iteration 61, time 0.238281, run time 2 s
INFO (CarpetX): OutputGH done.
INFO (CarpetX): Simulation time: 0.238281   Iterations per second: 42.7119   Simulation time per second: 0.166843
INFO (CarpetX): Grid cells: 4096   Grid cell updates per second: 174948
INFO (CarpetX): Performance:
INFO (CarpetX):   total evolution time:            1.43797 sec
INFO (CarpetX):   total evolution compute time:    1.43685 sec
INFO (CarpetX):   total evolution output time:     0.00111461 sec
INFO (CarpetX):   total iterations:                61
INFO (CarpetX):   total cells updated:             249856
INFO (CarpetX):   average iterations per second: 42.421
INFO (CarpetX):   average cell updates per second: 173756
INFO (CarpetX): OutputGH: iteration 62, time 0.242188, run time 2 s
INFO (CarpetX): OutputGH done.
INFO (CarpetX): Simulation time: 0.242188   Iterations per second: 42.7301   Simulation time per second: 0.166914
INFO (CarpetX): Grid cells: 4096   Grid cell updates per second: 175022
INFO (CarpetX): Performance:
INFO (CarpetX):   total evolution time:            1.46128 sec
INFO (CarpetX):   total evolution compute time:    1.46015 sec
INFO (CarpetX):   total evolution output time:     0.00113273 sec
INFO (CarpetX):   total iterations:                62
INFO (CarpetX):   total cells updated:             253952
INFO (CarpetX):   average iterations per second: 42.4285
INFO (CarpetX):   average cell updates per second: 173787
INFO (CarpetX): OutputGH: iteration 63, time 0.246094, run time 2 s
INFO (CarpetX): OutputGH done.
INFO (CarpetX): Simulation time: 0.246094   Iterations per second: 42.7225   Simulation time per second: 0.166885
INFO (CarpetX): Grid cells: 4096   Grid cell updates per second: 174992
INFO (CarpetX): Performance:
INFO (CarpetX):   total evolution time:            1.48473 sec
INFO (CarpetX):   total evolution compute time:    1.48358 sec
INFO (CarpetX):   total evolution output time:     0.00114989 sec
INFO (CarpetX):   total iterations:                63
INFO (CarpetX):   total cells updated:             258048
INFO (CarpetX):   average iterations per second: 42.4321
INFO (CarpetX):   average cell updates per second: 173802
INFO (CarpetX): OutputGH: iteration 64, time 0.250000, run time 2 s
INFO (CarpetX): OutputGH done.
INFO (CarpetX): Simulation time: 0.25   Iterations per second: 40.4427   Simulation time per second: 0.157979
INFO (CarpetX): Grid cells: 4096   Grid cell updates per second: 165653
INFO (CarpetX): Performance:
INFO (CarpetX):   total evolution time:            1.52133 sec
INFO (CarpetX):   total evolution compute time:    1.50941 sec
INFO (CarpetX):   total evolution output time:     0.0119219 sec
INFO (CarpetX):   total iterations:                64
INFO (CarpetX):   total cells updated:             262144
INFO (CarpetX):   average iterations per second: 42.0685
INFO (CarpetX):   average cell updates per second: 172313
INFO (CarpetX): Shutting down...
AMReX (25.11) finalized
--------------------------------------------------------------------------------
Done.

real	0m1.903s
user	0m3.075s
sys	0m0.230s
+ echo Stopping:
Stopping:
+ date
Fri Feb 20 07:24:02 PM UTC 2026
+ echo Done.
Done.
  Elapsed time: 1.9 s
