/__w/canudax-tests/workspace/simulations/TestJob01_temp_1/output-0000/TEST/sim/CanudaX_BSSNMoL
Preparing:
+ set -e
+ cd output-0000-active
+ echo Checking:
Checking:
+ pwd
/__w/canudax-tests/workspace/simulations/TestJob01_temp_1/output-0000/TEST/sim/CanudaX_BSSNMoL/output-0000-active
+ hostname
30a6f14e585c
+ date
Sat Feb 28 10:23:29 PM UTC 2026
+ echo Environment:
Environment:
+ export SIMULATION_ID=simulation-TestJob01_temp_1-actions-cpu-real64-actions-root-2026.02.28-22.23.28-13041
+ SIMULATION_ID=simulation-TestJob01_temp_1-actions-cpu-real64-actions-root-2026.02.28-22.23.28-13041
+ export CACTUS_NUM_PROCS=1
+ CACTUS_NUM_PROCS=1
+ export CACTUS_NUM_THREADS=2
+ CACTUS_NUM_THREADS=2
+ export CACTUS_SET_THREAD_BINDINGS=0
+ CACTUS_SET_THREAD_BINDINGS=0
+ export GLIBCXX_FORCE_NEW=1
+ GLIBCXX_FORCE_NEW=1
+ export GMON_OUT_PREFIX=gmon.out
+ GMON_OUT_PREFIX=gmon.out
+ export OMP_DISPLAY_ENV=TRUE
+ OMP_DISPLAY_ENV=TRUE
+ export OMP_MAX_TASKS=100
+ OMP_MAX_TASKS=100
+ export OMP_NUM_THREADS=2
+ OMP_NUM_THREADS=2
+ export OMP_PLACES=cores
+ OMP_PLACES=cores
+ export OMP_PROC_BIND=FALSE
+ OMP_PROC_BIND=FALSE
+ export OMP_STACKSIZE=8192
+ OMP_STACKSIZE=8192
+ env
+ sort
+ echo Starting:
Starting:
++ date +%s
+ export CACTUS_STARTTIME=1772317409
+ CACTUS_STARTTIME=1772317409
+ mpiexec -n 1 /__w/canudax-tests/workspace/simulations/TestJob01_temp_1/SIMFACTORY/exe/cactus_sim -L 3 /__w/canudax-tests/workspace/simulations/TestJob01_temp_1/output-0000/arrangements/CanudaX_Lean/CanudaX_BSSNMoL/test/gaugewave.par

OPENMP DISPLAY ENVIRONMENT BEGIN
  _OPENMP = '201511'
  [host] OMP_DYNAMIC = 'FALSE'
  [host] OMP_NESTED = 'FALSE'
  [host] OMP_NUM_THREADS = '2'
  [host] OMP_SCHEDULE = 'DYNAMIC'
  [host] OMP_PROC_BIND = 'FALSE'
  [host] OMP_PLACES = ''
  [host] OMP_STACKSIZE = '8388608'
  [host] OMP_WAIT_POLICY = 'PASSIVE'
  [host] OMP_THREAD_LIMIT = '4294967295'
  [host] OMP_MAX_ACTIVE_LEVELS = '1'
  [host] OMP_NUM_TEAMS = '0'
  [host] OMP_TEAMS_THREAD_LIMIT = '0'
  [all] OMP_CANCELLATION = 'FALSE'
  [all] OMP_DEFAULT_DEVICE = '0'
  [all] OMP_MAX_TASK_PRIORITY = '0'
  [all] OMP_DISPLAY_AFFINITY = 'FALSE'
  [host] OMP_AFFINITY_FORMAT = 'level %L thread %i affinity %A'
  [host] OMP_ALLOCATOR = 'omp_default_mem_alloc'
  [all] OMP_TARGET_OFFLOAD = 'DEFAULT'
OPENMP DISPLAY ENVIRONMENT END
INFO (Cactus): Increased logging level from 0 to 3
--------------------------------------------------------------------------------

       10                                  
  1   0101       ************************  
  01  1010 10      The Cactus Code V4.18.0    
 1010 1101 011      www.cactuscode.org     
  1001 100101    ************************  
    00010101                               
     100011     (c) Copyright The Authors  
      0100      GNU Licensed. No Warranty  
      0101                                 
--------------------------------------------------------------------------------

Cactus version:    4.18.0
Compile date:      Feb 28 2026 (22:23:16)
Run date:          Feb 28 2026 (22:23:29+0000)
Run host:          30a6f14e585c (pid=13089)
Working directory: /__w/canudax-tests/workspace/simulations/TestJob01_temp_1/output-0000/TEST/sim/CanudaX_BSSNMoL
Executable:        /__w/canudax-tests/workspace/simulations/TestJob01_temp_1/SIMFACTORY/exe/cactus_sim
Parameter file:    /__w/canudax-tests/workspace/simulations/TestJob01_temp_1/output-0000/arrangements/CanudaX_Lean/CanudaX_BSSNMoL/test/gaugewave.par
--------------------------------------------------------------------------------

Activating thorn Cactus...Success -> active implementation Cactus
Activation requested for 
--->ADMBaseX CanudaX_BSSNMoL CanudaX_ExactID CarpetX ErrorEstimator IOUtil ODESolvers TmunuBaseX<---
Thorn ADMBaseX requests automatic activation of Loop
Thorn CanudaX_ExactID requests automatic activation of GSL
Thorn CarpetX requests automatic activation of AMReX
Thorn CarpetX requests automatic activation of MPI
Thorn CarpetX requests automatic activation of yaml_cpp
Thorn CarpetX requests automatic activation of zlib
Thorn CarpetX requests automatic activation of Arith
Thorn CarpetX requests automatic activation of CarpetXRegrid
Thorn CarpetX requests automatic activation of ADIOS2
Thorn CarpetX requests automatic activation of openPMD
Thorn CarpetX requests automatic activation of Silo
Thorn Arith requests automatic activation of NSIMD
Thorn MPI requests automatic activation of hwloc
Thorn openPMD requests automatic activation of HDF5
Activating thorn ADIOS2...Success -> active implementation ADIOS2
Activating thorn ADMBaseX...Success -> active implementation ADMBaseX
Activating thorn AMReX...Success -> active implementation AMReX
Activating thorn Arith...Success -> active implementation Arith
Activating thorn CanudaX_BSSNMoL...Success -> active implementation CanudaX_BSSNMoL
Activating thorn CanudaX_ExactID...Success -> active implementation CanudaX_ExactID
Activating thorn CarpetX...Success -> active implementation Driver
Activating thorn CarpetXRegrid...Success -> active implementation CarpetXRegrid
Activating thorn ErrorEstimator...Success -> active implementation ErrorEstimator
Activating thorn GSL...Success -> active implementation GSL
Activating thorn HDF5...Success -> active implementation HDF5
Activating thorn hwloc...Success -> active implementation hwloc
Activating thorn IOUtil...Success -> active implementation IO
Activating thorn Loop...Success -> active implementation Loop
Activating thorn MPI...Success -> active implementation MPI
Activating thorn NSIMD...Success -> active implementation NSIMD
Activating thorn ODESolvers...Success -> active implementation ODESolvers
Activating thorn openPMD...Success -> active implementation openPMD
Activating thorn Silo...Success -> active implementation Silo
Activating thorn TmunuBaseX...Success -> active implementation TmunuBaseX
Activating thorn yaml_cpp...Success -> active implementation yaml_cpp
Activating thorn zlib...Success -> active implementation zlib
--------------------------------------------------------------------------------
  if (recover initial data)
    Recover parameters
  endif

  Startup routines
    [CCTK_STARTUP]
      CarpetX::Driver_Startup: Start up the driver
      IOUtil::IOUtil_Startup: Startup routine
      GROUP hwloc_startup: hwloc startup group
        hwloc::hwloc_version: Output hwloc version

  Startup routines which need an existing grid hierarchy
    [CCTK_WRAGH]
      Arith::Test_smallvector: [meta] Test small vectors
      Arith::Test_spvect: [meta] Test sparse vectors
      ODESolvers::ODESolvers_InitConstants: [global] Set up dummy loop counters for schedule printout
  Parameter checking routines
    [CCTK_PARAMCHECK]
      CanudaX_BSSNMoL::CanudaX_BSSNMoL_paramcheck: Check CanudaX_BSSNMoL parameters for consistency

  Initialisation
    if (NOT (recover initial data AND recovery_mode is 'strict'))
      [CCTK_PREREGRIDINITIAL]
      Set up grid hierarchy
      [CCTK_POSTREGRIDINITIAL]
      [CCTK_BASEGRID]
        CarpetXRegrid::CarpetXRegrid_InitError: Initialize regridding error to zero
        GROUP ODESolvers_BaseGrid: Set up constants (e.g. coordinates) everywhere on the grid
      [CCTK_INITIAL]
        GROUP TmunuBaseX_SetTmunuVars: Schedule group for setting T_munu
          TmunuBaseX::TmunuBaseX_ZeroTmunu: Set T_munu to zero
          GROUP TmunuBaseX_AddToTmunu: Add to T_munu here
        GROUP ODESolvers_Initial: Set up initial conditions on interior of state vector
          GROUP ADMBaseX_InitialData: Schedule group for calculating ADM initial data
            GROUP ExactID_Group: ExactID initial data group
              CanudaX_ExactID::GaugeWave_ID: [local] Create gauge wave initial data
          GROUP ADMBaseX_InitialGauge: Schedule group for the ADM initial gauge condition
            ADMBaseX::ADMBaseX_initial_dtlapse: Set dtlapse to zero
            ADMBaseX::ADMBaseX_initial_dtshift: Set dtshift to zero
          GROUP ADMBaseX_PostInitial: Schedule group for modifying the ADM initial data, such as e.g. adding noise
        GROUP CanudaX_BSSNMoL_InitialGroup: CanudaX_BSSNMoL: initial bin
          CanudaX_BSSNMoL::CanudaX_BSSNMoL_adm2bssn: [local] Convert initial data into BSSN variables
          CanudaX_BSSNMoL::CanudaX_BSSNMoL_gammat: [local] Set Gammat initial data
      [CCTK_POSTINITIAL]
        ErrorEstimator::EstimateError: Estimate error
        GROUP ODESolvers_PostStep: Apply boundary conditions to state vector, and project if necessary
          GROUP CanudaX_BSSNMoL_PostStepGroup: CanudaX_BSSNMoL: post-step operations
            CanudaX_BSSNMoL::CanudaX_BSSNMoL_impose_conf_fac_floor: Make sure conformal factor does not drop below specified value
            CanudaX_BSSNMoL::CanudaX_BSSNMoL_reset_detmetric: reset dethh = 1
            CanudaX_BSSNMoL::CanudaX_BSSNMoL_remove_trA: Remove trace of A
            CanudaX_BSSNMoL::CanudaX_BSSNMoL_sync: [global] Sync state vector
            CanudaX_BSSNMoL::CanudaX_BSSNMoL_bssn2adm: [local] Convert variables back to the ADM ones
          GROUP ADMBaseX_SetADMRHS: Set ADM RHS variables in this group
          GROUP ADMBaseX_SetADMVars: Set ADM variables in this group
          GROUP TmunuBaseX_SetTmunuVars: Schedule group for setting T_munu
            TmunuBaseX::TmunuBaseX_ZeroTmunu: Set T_munu to zero
            GROUP TmunuBaseX_AddToTmunu: Add to T_munu here
        GROUP ODESolvers_EstimateError: Estimate discretization error (for regridding)
      Initialise finer grids recursively
      Restrict from finer grids
      [CCTK_POSTRESTRICTINITIAL]
      [CCTK_POSTPOSTINITIAL]
      [CCTK_POSTSTEP]
        ErrorEstimator::EstimateError: Estimate error
        GROUP ODESolvers_EstimateError: Estimate discretization error (for regridding)
    endif
    if (recover initial data)
      [CCTK_BASEGRID]
        CarpetXRegrid::CarpetXRegrid_InitError: Initialize regridding error to zero
        GROUP ODESolvers_BaseGrid: Set up constants (e.g. coordinates) everywhere on the grid
      [CCTK_RECOVER_VARIABLES]
      [CCTK_POST_RECOVER_VARIABLES]
        GROUP ODESolvers_PostStep: Apply boundary conditions to state vector, and project if necessary
          GROUP CanudaX_BSSNMoL_PostStepGroup: CanudaX_BSSNMoL: post-step operations
            CanudaX_BSSNMoL::CanudaX_BSSNMoL_impose_conf_fac_floor: Make sure conformal factor does not drop below specified value
            CanudaX_BSSNMoL::CanudaX_BSSNMoL_reset_detmetric: reset dethh = 1
            CanudaX_BSSNMoL::CanudaX_BSSNMoL_remove_trA: Remove trace of A
            CanudaX_BSSNMoL::CanudaX_BSSNMoL_sync: [global] Sync state vector
            CanudaX_BSSNMoL::CanudaX_BSSNMoL_bssn2adm: [local] Convert variables back to the ADM ones
          GROUP ADMBaseX_SetADMRHS: Set ADM RHS variables in this group
          GROUP ADMBaseX_SetADMVars: Set ADM variables in this group
          GROUP TmunuBaseX_SetTmunuVars: Schedule group for setting T_munu
            TmunuBaseX::TmunuBaseX_ZeroTmunu: Set T_munu to zero
            GROUP TmunuBaseX_AddToTmunu: Add to T_munu here
        GROUP ODESolvers_EstimateError: Estimate discretization error (for regridding)
    endif
    if (checkpoint initial data)
      [CCTK_CPINITIAL]
        CarpetX::CarpetX_CheckpointInitial: [meta] Checkpoint initial conditions
    endif
    if (analysis)
      [CCTK_ANALYSIS]
        CanudaX_BSSNMoL::CanudaX_BSSNMoL_bssn_constraints: Compute constraints
        GROUP ODESolvers_Analysis: Calculate analysis quantities everywhere
  endif
  Output grid variables

  do loop over timesteps
    [CCTK_PREREGRID]
    Change grid hierarchy
    [CCTK_POSTREGRID]
      GROUP ODESolvers_PostStep: Apply boundary conditions to state vector, and project if necessary
        GROUP CanudaX_BSSNMoL_PostStepGroup: CanudaX_BSSNMoL: post-step operations
          CanudaX_BSSNMoL::CanudaX_BSSNMoL_impose_conf_fac_floor: Make sure conformal factor does not drop below specified value
          CanudaX_BSSNMoL::CanudaX_BSSNMoL_reset_detmetric: reset dethh = 1
          CanudaX_BSSNMoL::CanudaX_BSSNMoL_remove_trA: Remove trace of A
          CanudaX_BSSNMoL::CanudaX_BSSNMoL_sync: [global] Sync state vector
          CanudaX_BSSNMoL::CanudaX_BSSNMoL_bssn2adm: [local] Convert variables back to the ADM ones
        GROUP ADMBaseX_SetADMRHS: Set ADM RHS variables in this group
        GROUP ADMBaseX_SetADMVars: Set ADM variables in this group
        GROUP TmunuBaseX_SetTmunuVars: Schedule group for setting T_munu
          TmunuBaseX::TmunuBaseX_ZeroTmunu: Set T_munu to zero
          GROUP TmunuBaseX_AddToTmunu: Add to T_munu here
    Rotate timelevels
    iteration = iteration+1
    t = t+dt
    [CCTK_PRESTEP]
    [CCTK_EVOL]
      ODESolvers::ODESolvers_Solve: [level] Solve ODEs
      while (ODESolvers::do_substeps)
        GROUP ODESolvers_CalledBySolve: Groups internally scheduled by ODESolvers_Solve
          GROUP ODESolvers_RHS: Evaluate the RHS for of state vector everywhere on the grid
            GROUP CanudaX_BSSNMoL_RHSGroup: CanudaX_BSSNMoL: calculate BSSN RHS
              CanudaX_BSSNMoL::CanudaX_BSSNMoL_calc_bssn_rhs: MoL RHS calculation
              CanudaX_BSSNMoL::CanudaX_BSSNMoL_apply_boundary_conditions: Apply radiative boundary conditions 
          GROUP ODESolvers_PostStep: Apply boundary conditions to state vector, and project if necessary
            GROUP CanudaX_BSSNMoL_PostStepGroup: CanudaX_BSSNMoL: post-step operations
              CanudaX_BSSNMoL::CanudaX_BSSNMoL_impose_conf_fac_floor: Make sure conformal factor does not drop below specified value
              CanudaX_BSSNMoL::CanudaX_BSSNMoL_reset_detmetric: reset dethh = 1
              CanudaX_BSSNMoL::CanudaX_BSSNMoL_remove_trA: Remove trace of A
              CanudaX_BSSNMoL::CanudaX_BSSNMoL_sync: [global] Sync state vector
              CanudaX_BSSNMoL::CanudaX_BSSNMoL_bssn2adm: [local] Convert variables back to the ADM ones
            GROUP ADMBaseX_SetADMRHS: Set ADM RHS variables in this group
            GROUP ADMBaseX_SetADMVars: Set ADM variables in this group
            GROUP TmunuBaseX_SetTmunuVars: Schedule group for setting T_munu
              TmunuBaseX::TmunuBaseX_ZeroTmunu: Set T_munu to zero
              GROUP TmunuBaseX_AddToTmunu: Add to T_munu here
      end while
    Evolve finer grids recursively
    Restrict from finer grids
    [CCTK_POSTRESTRICT]
      GROUP ODESolvers_PostStep: Apply boundary conditions to state vector, and project if necessary
        GROUP CanudaX_BSSNMoL_PostStepGroup: CanudaX_BSSNMoL: post-step operations
          CanudaX_BSSNMoL::CanudaX_BSSNMoL_impose_conf_fac_floor: Make sure conformal factor does not drop below specified value
          CanudaX_BSSNMoL::CanudaX_BSSNMoL_reset_detmetric: reset dethh = 1
          CanudaX_BSSNMoL::CanudaX_BSSNMoL_remove_trA: Remove trace of A
          CanudaX_BSSNMoL::CanudaX_BSSNMoL_sync: [global] Sync state vector
          CanudaX_BSSNMoL::CanudaX_BSSNMoL_bssn2adm: [local] Convert variables back to the ADM ones
        GROUP ADMBaseX_SetADMRHS: Set ADM RHS variables in this group
        GROUP ADMBaseX_SetADMVars: Set ADM variables in this group
        GROUP TmunuBaseX_SetTmunuVars: Schedule group for setting T_munu
          TmunuBaseX::TmunuBaseX_ZeroTmunu: Set T_munu to zero
          GROUP TmunuBaseX_AddToTmunu: Add to T_munu here
    [CCTK_POSTSTEP]
      ErrorEstimator::EstimateError: Estimate error
      GROUP ODESolvers_EstimateError: Estimate discretization error (for regridding)
    if (checkpoint)
      [CCTK_CHECKPOINT]
      CarpetX::CarpetX_Checkpoint: [meta] Checkpoint
    endif
    if (analysis)
      [CCTK_ANALYSIS]
      CanudaX_BSSNMoL::CanudaX_BSSNMoL_bssn_constraints: Compute constraints
      GROUP ODESolvers_Analysis: Calculate analysis quantities everywhere
    endif
    Output grid variables
    enddo

  Termination routines
    [CCTK_TERMINATE]
      CarpetX::CarpetX_CheckpointTerminate: [meta] Checkpoint before terminating

  Shutdown routines
    [CCTK_SHUTDOWN]
      CarpetX::Driver_Shutdown: [meta] Shut down the driver

  Routines run after changing the grid hierarchy:
    [CCTK_POSTREGRID]
      GROUP ODESolvers_PostStep: Apply boundary conditions to state vector, and project if necessary
        GROUP CanudaX_BSSNMoL_PostStepGroup: CanudaX_BSSNMoL: post-step operations
          CanudaX_BSSNMoL::CanudaX_BSSNMoL_impose_conf_fac_floor: Make sure conformal factor does not drop below specified value
          CanudaX_BSSNMoL::CanudaX_BSSNMoL_reset_detmetric: reset dethh = 1
          CanudaX_BSSNMoL::CanudaX_BSSNMoL_remove_trA: Remove trace of A
          CanudaX_BSSNMoL::CanudaX_BSSNMoL_sync: [global] Sync state vector
          CanudaX_BSSNMoL::CanudaX_BSSNMoL_bssn2adm: [local] Convert variables back to the ADM ones
        GROUP ADMBaseX_SetADMRHS: Set ADM RHS variables in this group
        GROUP ADMBaseX_SetADMVars: Set ADM variables in this group
        GROUP TmunuBaseX_SetTmunuVars: Schedule group for setting T_munu
          TmunuBaseX::TmunuBaseX_ZeroTmunu: Set T_munu to zero
          GROUP TmunuBaseX_AddToTmunu: Add to T_munu here
--------------------------------------------------------------------------------
INFO (hwloc): library version 2.10.0, API version 0x20800
--------------------------------------------------------------------------------

  [34m  ▕▏  [34m  ▕▏  [34m  ▕▏  [34m  ▕▏  [34m  ▕▏  [34m  ▕▏  [34m  ▕▏  [34m  ▕▏  [34m  ▕▏  [39m  
  [34m──██──[34m──██──[34m──██──[34m──██──[34m──██──[34m──██──[34m──██──[34m──██──[34m──██──[39m  
  [34m  ▕▏  [34m  ▕▏  [34m  ▕▏  [34m  ▕▏  [34m  ▕▏  [34m  ▕▏  [34m  ▕▏  [34m  ▕▏  [34m  ▕▏  [39m  
  [34m  ▕▏  [32m██████[34m  ▕▏  [34m  ▕▏  [32m██████[34m  ▕▏  [34m  ▕▏  [32m██████[34m  ▕▏  [39m  
  [34m──██──[32m██████[34m──██──[34m──██──[32m██████[34m──██──[34m──██──[32m██████[34m──██──[39m  
  [34m  ▕▏  [32m██████[34m  ▕▏  [34m  ▕▏  [32m██████[34m  ▕▏  [34m  ▕▏  [32m██████[34m  ▕▏  [39m  
  [34m  ▕▏  [34m  ▕▏  [34m  ▕▏  [34m  ▕▏  [34m  ▕▏  [34m  ▕▏  [34m  ▕▏  [34m  ▕▏  [34m  ▕▏  [39m  
  [34m──██──[34m──██──[34m──██──[34m──██──[34m──██──[34m──██──[34m──██──[34m──██──[34m──██──[39m  
  [34m  ▕▏  [34m  ▕▏  [34m  ▕▏  [34m  ▕▏  [34m  ▕▏  [34m  ▕▏  [34m  ▕▏  [34m  ▕▏  [34m  ▕▏  [39m  
  [34m  ▕▏  [34m  ▕▏  [34m  ▕▏  [31m██████[31m██████[31m██████[34m  ▕▏  [34m  ▕▏  [34m  ▕▏  [39m  
  [34m──██──[34m──██──[34m──██──[31m██████[31m██████[31m██████[34m──██──[34m──██──[34m──██──[39m  
  [34m  ▕▏  [34m  ▕▏  [34m  ▕▏  [31m██████[31m██████[31m██████[34m  ▕▏  [34m  ▕▏  [34m  ▕▏  [39m  
  [34m  ▕▏  [32m██████[34m  ▕▏  [31m██████[31m██████[31m██████[34m  ▕▏  [32m██████[34m  ▕▏  [39m  
  [34m──██──[32m██████[34m──██──[31m██████[31m██████[31m██████[34m──██──[32m██████[34m──██──[39m  
  [34m  ▕▏  [32m██████[34m  ▕▏  [31m██████[31m██████[31m██████[34m  ▕▏  [32m██████[34m  ▕▏  [39m  
  [34m  ▕▏  [34m  ▕▏  [34m  ▕▏  [31m██████[31m██████[31m██████[34m  ▕▏  [34m  ▕▏  [34m  ▕▏  [39m  
  [34m──██──[34m──██──[34m──██──[31m██████[31m██████[31m██████[34m──██──[34m──██──[34m──██──[39m  
  [34m  ▕▏  [34m  ▕▏  [34m  ▕▏  [31m██████[31m██████[31m██████[34m  ▕▏  [34m  ▕▏  [34m  ▕▏  [39m  
  [34m  ▕▏  [34m  ▕▏  [34m  ▕▏  [34m  ▕▏  [34m  ▕▏  [34m  ▕▏  [34m  ▕▏  [34m  ▕▏  [34m  ▕▏  [39m  
  [34m──██──[34m──██──[34m──██──[34m──██──[34m──██──[34m──██──[34m──██──[34m──██──[34m──██──[39m  
  [34m  ▕▏  [34m  ▕▏  [34m  ▕▏  [34m  ▕▏  [34m  ▕▏  [34m  ▕▏  [34m  ▕▏  [34m  ▕▏  [34m  ▕▏  [39m  
  [34m  ▕▏  [32m██████[34m  ▕▏  [34m  ▕▏  [32m██████[34m  ▕▏  [34m  ▕▏  [32m██████[34m  ▕▏  [39m  
  [34m──██──[32m██████[34m──██──[34m──██──[32m██████[34m──██──[34m──██──[32m██████[34m──██──[39m  
  [34m  ▕▏  [32m██████[34m  ▕▏  [34m  ▕▏  [32m██████[34m  ▕▏  [34m  ▕▏  [32m██████[34m  ▕▏  [39m  
  [34m  ▕▏  [34m  ▕▏  [34m  ▕▏  [34m  ▕▏  [34m  ▕▏  [34m  ▕▏  [34m  ▕▏  [34m  ▕▏  [34m  ▕▏  [39m  
  [34m──██──[34m──██──[34m──██──[34m──██──[34m──██──[34m──██──[34m──██──[34m──██──[34m──██──[39m  
  [34m  ▕▏  [34m  ▕▏  [34m  ▕▏  [34m  ▕▏  [34m  ▕▏  [34m  ▕▏  [34m  ▕▏  [34m  ▕▏  [34m  ▕▏  [39m  

AMR driver provided by CarpetX,
using AMReX 25.11 (MPI, OpenMP, no accelerators, optimized)
--------------------------------------------------------------------------------

Initializing AMReX (25.11)...
MPI initialized with 1 MPI processes
MPI initialized with thread support level 2
OMP initialized with 2 OMP threads
AMReX (25.11) initialized
INFO (CarpetX): 
Symmetries:
  lower x: periodic
  lower y: periodic
  lower z: periodic
  upper x: periodic
  upper y: periodic
  upper z: periodic
Default boundaries:
  lower x: symmetry_boundary
  lower y: symmetry_boundary
  lower z: symmetry_boundary
  upper x: symmetry_boundary
  upper y: symmetry_boundary
  upper z: symmetry_boundary
INFO (Arith): Test_smallvector
INFO (Arith): Test_spvect
INFO (CarpetX): Setting initial values for max_grid_size values for all levels
INFO (CarpetX): Setting up initial conditions...
INFO (CarpetX): Iteration: 0   time: 0   delta_time: 0.00390625
INFO (CarpetX): Patch 0:
INFO (CarpetX):   Grid extent:
INFO (CarpetX):     gsh=[71,15,15]
INFO (CarpetX):     blocking_factor=[8,8,8]
INFO (CarpetX):     max_grid_size=[10000000,10000000,10000000]
INFO (CarpetX):     max_tile_size=[1024000,16,32]
INFO (CarpetX):   Domain extent:
INFO (CarpetX):     xmin=[-0.5,-0.0625,-0.0625]
INFO (CarpetX):     xmax=[0.5,0.0625,0.0625]
INFO (CarpetX):     base dx=[0.015625,0.015625,0.015625]
INFO (CarpetX): Initializing level 0...
INFO (CanudaX_ExactID): Begin Gauge Wave initial data
INFO (CanudaX_ExactID): === End gauge wave initial data ===
INFO (CarpetX): Regridding...
INFO (CarpetX):   level 0: 1 boxes, 4096 cells (100%)
INFO (CarpetX): Initialized 1 levels
INFO (CarpetX): OutputGH: iteration 0, time 0.000000, run time 0 s
INFO (CarpetX): OutputGH done.
INFO (CarpetX): Starting evolution...
INFO (ODESolvers): ODE integrator is RK4
INFO (CarpetX): OutputGH: iteration 1, time 0.003906, run time 0 s
INFO (CarpetX): OutputGH done.
INFO (CarpetX): Simulation time: 0.00390625   Iterations per second: 17.2085   Simulation time per second: 0.0672205
INFO (CarpetX): Grid cells: 4096   Grid cell updates per second: 70485.9
INFO (CarpetX): Performance:
INFO (CarpetX):   total evolution time:            0.058111 sec
INFO (CarpetX):   total evolution compute time:    0.0580809 sec
INFO (CarpetX):   total evolution output time:     3.00407e-05 sec
INFO (CarpetX):   total iterations:                1
INFO (CarpetX):   total cells updated:             4096
INFO (CarpetX):   average iterations per second: 17.2085
INFO (CarpetX):   average cell updates per second: 70485.9
INFO (CarpetX): OutputGH: iteration 2, time 0.007812, run time 0 s
INFO (CarpetX): OutputGH done.
INFO (CarpetX): Simulation time: 0.0078125   Iterations per second: 17.5903   Simulation time per second: 0.0687122
INFO (CarpetX): Grid cells: 4096   Grid cell updates per second: 72049.9
INFO (CarpetX): Performance:
INFO (CarpetX):   total evolution time:            0.113699 sec
INFO (CarpetX):   total evolution compute time:    0.113635 sec
INFO (CarpetX):   total evolution output time:     6.41346e-05 sec
INFO (CarpetX):   total iterations:                2
INFO (CarpetX):   total cells updated:             8192
INFO (CarpetX):   average iterations per second: 17.5903
INFO (CarpetX):   average cell updates per second: 72049.9
INFO (CarpetX): OutputGH: iteration 3, time 0.011719, run time 0 s
INFO (CarpetX): OutputGH done.
INFO (CarpetX): Simulation time: 0.0117188   Iterations per second: 17.7683   Simulation time per second: 0.0694075
INFO (CarpetX): Grid cells: 4096   Grid cell updates per second: 72779
INFO (CarpetX): Performance:
INFO (CarpetX):   total evolution time:            0.16884 sec
INFO (CarpetX):   total evolution compute time:    0.168749 sec
INFO (CarpetX):   total evolution output time:     9.10759e-05 sec
INFO (CarpetX):   total iterations:                3
INFO (CarpetX):   total cells updated:             12288
INFO (CarpetX):   average iterations per second: 17.7683
INFO (CarpetX):   average cell updates per second: 72779
INFO (CarpetX): OutputGH: iteration 4, time 0.015625, run time 0 s
INFO (CarpetX): OutputGH done.
INFO (CarpetX): Simulation time: 0.015625   Iterations per second: 17.8663   Simulation time per second: 0.0697903
INFO (CarpetX): Grid cells: 4096   Grid cell updates per second: 73180.4
INFO (CarpetX): Performance:
INFO (CarpetX):   total evolution time:            0.223885 sec
INFO (CarpetX):   total evolution compute time:    0.22377 sec
INFO (CarpetX):   total evolution output time:     0.000115156 sec
INFO (CarpetX):   total iterations:                4
INFO (CarpetX):   total cells updated:             16384
INFO (CarpetX):   average iterations per second: 17.8663
INFO (CarpetX):   average cell updates per second: 73180.4
INFO (CarpetX): OutputGH: iteration 5, time 0.019531, run time 0 s
INFO (CarpetX): OutputGH done.
INFO (CarpetX): Simulation time: 0.0195312   Iterations per second: 17.9181   Simulation time per second: 0.0699924
INFO (CarpetX): Grid cells: 4096   Grid cell updates per second: 73392.4
INFO (CarpetX): Performance:
INFO (CarpetX):   total evolution time:            0.279048 sec
INFO (CarpetX):   total evolution compute time:    0.278904 sec
INFO (CarpetX):   total evolution output time:     0.000144005 sec
INFO (CarpetX):   total iterations:                5
INFO (CarpetX):   total cells updated:             20480
INFO (CarpetX):   average iterations per second: 17.9181
INFO (CarpetX):   average cell updates per second: 73392.4
INFO (CarpetX): OutputGH: iteration 6, time 0.023438, run time 0 s
INFO (CarpetX): OutputGH done.
INFO (CarpetX): Simulation time: 0.0234375   Iterations per second: 17.9557   Simulation time per second: 0.0701396
INFO (CarpetX): Grid cells: 4096   Grid cell updates per second: 73546.7
INFO (CarpetX): Performance:
INFO (CarpetX):   total evolution time:            0.334155 sec
INFO (CarpetX):   total evolution compute time:    0.333981 sec
INFO (CarpetX):   total evolution output time:     0.000174046 sec
INFO (CarpetX):   total iterations:                6
INFO (CarpetX):   total cells updated:             24576
INFO (CarpetX):   average iterations per second: 17.9557
INFO (CarpetX):   average cell updates per second: 73546.7
INFO (CarpetX): OutputGH: iteration 7, time 0.027344, run time 1 s
INFO (CarpetX): OutputGH done.
INFO (CarpetX): Simulation time: 0.0273438   Iterations per second: 17.9719   Simulation time per second: 0.0702025
INFO (CarpetX): Grid cells: 4096   Grid cell updates per second: 73612.7
INFO (CarpetX): Performance:
INFO (CarpetX):   total evolution time:            0.389498 sec
INFO (CarpetX):   total evolution compute time:    0.38928 sec
INFO (CarpetX):   total evolution output time:     0.000217915 sec
INFO (CarpetX):   total iterations:                7
INFO (CarpetX):   total cells updated:             28672
INFO (CarpetX):   average iterations per second: 17.9719
INFO (CarpetX):   average cell updates per second: 73612.7
INFO (CarpetX): OutputGH: iteration 8, time 0.031250, run time 1 s
INFO (CarpetX): OutputGH done.
INFO (CarpetX): Simulation time: 0.03125   Iterations per second: 17.9935   Simulation time per second: 0.070287
INFO (CarpetX): Grid cells: 4096   Grid cell updates per second: 73701.2
INFO (CarpetX): Performance:
INFO (CarpetX):   total evolution time:            0.444606 sec
INFO (CarpetX):   total evolution compute time:    0.444364 sec
INFO (CarpetX):   total evolution output time:     0.000241756 sec
INFO (CarpetX):   total iterations:                8
INFO (CarpetX):   total cells updated:             32768
INFO (CarpetX):   average iterations per second: 17.9935
INFO (CarpetX):   average cell updates per second: 73701.2
INFO (CarpetX): OutputGH: iteration 9, time 0.035156, run time 1 s
INFO (CarpetX): OutputGH done.
INFO (CarpetX): Simulation time: 0.0351562   Iterations per second: 18.0083   Simulation time per second: 0.0703449
INFO (CarpetX): Grid cells: 4096   Grid cell updates per second: 73761.9
INFO (CarpetX): Performance:
INFO (CarpetX):   total evolution time:            0.49977 sec
INFO (CarpetX):   total evolution compute time:    0.499497 sec
INFO (CarpetX):   total evolution output time:     0.000272751 sec
INFO (CarpetX):   total iterations:                9
INFO (CarpetX):   total cells updated:             36864
INFO (CarpetX):   average iterations per second: 18.0083
INFO (CarpetX):   average cell updates per second: 73761.9
INFO (CarpetX): OutputGH: iteration 10, time 0.039062, run time 1 s
INFO (CarpetX): OutputGH done.
INFO (CarpetX): Simulation time: 0.0390625   Iterations per second: 18.0213   Simulation time per second: 0.0703958
INFO (CarpetX): Grid cells: 4096   Grid cell updates per second: 73815.4
INFO (CarpetX): Performance:
INFO (CarpetX):   total evolution time:            0.554898 sec
INFO (CarpetX):   total evolution compute time:    0.554601 sec
INFO (CarpetX):   total evolution output time:     0.000296831 sec
INFO (CarpetX):   total iterations:                10
INFO (CarpetX):   total cells updated:             40960
INFO (CarpetX):   average iterations per second: 18.0213
INFO (CarpetX):   average cell updates per second: 73815.4
INFO (CarpetX): OutputGH: iteration 11, time 0.042969, run time 1 s
INFO (CarpetX): OutputGH done.
INFO (CarpetX): Simulation time: 0.0429688   Iterations per second: 18.0233   Simulation time per second: 0.0704034
INFO (CarpetX): Grid cells: 4096   Grid cell updates per second: 73823.3
INFO (CarpetX): Performance:
INFO (CarpetX):   total evolution time:            0.610328 sec
INFO (CarpetX):   total evolution compute time:    0.609999 sec
INFO (CarpetX):   total evolution output time:     0.000329018 sec
INFO (CarpetX):   total iterations:                11
INFO (CarpetX):   total cells updated:             45056
INFO (CarpetX):   average iterations per second: 18.0231
INFO (CarpetX):   average cell updates per second: 73822.6
INFO (CarpetX): OutputGH: iteration 12, time 0.046875, run time 1 s
INFO (CarpetX): OutputGH done.
INFO (CarpetX): Simulation time: 0.046875   Iterations per second: 18.0357   Simulation time per second: 0.0704518
INFO (CarpetX): Grid cells: 4096   Grid cell updates per second: 73874.1
INFO (CarpetX): Performance:
INFO (CarpetX):   total evolution time:            0.665431 sec
INFO (CarpetX):   total evolution compute time:    0.665077 sec
INFO (CarpetX):   total evolution output time:     0.000354052 sec
INFO (CarpetX):   total iterations:                12
INFO (CarpetX):   total cells updated:             49152
INFO (CarpetX):   average iterations per second: 18.0334
INFO (CarpetX):   average cell updates per second: 73864.9
INFO (CarpetX): OutputGH: iteration 13, time 0.050781, run time 1 s
INFO (CarpetX): OutputGH done.
INFO (CarpetX): Simulation time: 0.0507812   Iterations per second: 18.0284   Simulation time per second: 0.0704233
INFO (CarpetX): Grid cells: 4096   Grid cell updates per second: 73844.2
INFO (CarpetX): Performance:
INFO (CarpetX):   total evolution time:            0.721101 sec
INFO (CarpetX):   total evolution compute time:    0.720715 sec
INFO (CarpetX):   total evolution output time:     0.000386 sec
INFO (CarpetX):   total iterations:                13
INFO (CarpetX):   total cells updated:             53248
INFO (CarpetX):   average iterations per second: 18.028
INFO (CarpetX):   average cell updates per second: 73842.7
INFO (CarpetX): OutputGH: iteration 14, time 0.054688, run time 1 s
INFO (CarpetX): OutputGH done.
INFO (CarpetX): Simulation time: 0.0546875   Iterations per second: 18.0277   Simulation time per second: 0.0704206
INFO (CarpetX): Grid cells: 4096   Grid cell updates per second: 73841.4
INFO (CarpetX): Performance:
INFO (CarpetX):   total evolution time:            0.77659 sec
INFO (CarpetX):   total evolution compute time:    0.776172 sec
INFO (CarpetX):   total evolution output time:     0.000417948 sec
INFO (CarpetX):   total iterations:                14
INFO (CarpetX):   total cells updated:             57344
INFO (CarpetX):   average iterations per second: 18.0275
INFO (CarpetX):   average cell updates per second: 73840.8
INFO (CarpetX): OutputGH: iteration 15, time 0.058594, run time 1 s
INFO (CarpetX): OutputGH done.
INFO (CarpetX): Simulation time: 0.0585938   Iterations per second: 18.0343   Simulation time per second: 0.0704463
INFO (CarpetX): Grid cells: 4096   Grid cell updates per second: 73868.3
INFO (CarpetX): Performance:
INFO (CarpetX):   total evolution time:            0.831858 sec
INFO (CarpetX):   total evolution compute time:    0.831409 sec
INFO (CarpetX):   total evolution output time:     0.000448942 sec
INFO (CarpetX):   total iterations:                15
INFO (CarpetX):   total cells updated:             61440
INFO (CarpetX):   average iterations per second: 18.0319
INFO (CarpetX):   average cell updates per second: 73858.8
INFO (CarpetX): OutputGH: iteration 16, time 0.062500, run time 1 s
INFO (CarpetX): OutputGH done.
INFO (CarpetX): Simulation time: 0.0625   Iterations per second: 18.0398   Simulation time per second: 0.0704681
INFO (CarpetX): Grid cells: 4096   Grid cell updates per second: 73891.1
INFO (CarpetX): Performance:
INFO (CarpetX):   total evolution time:            0.887137 sec
INFO (CarpetX):   total evolution compute time:    0.886656 sec
INFO (CarpetX):   total evolution output time:     0.00048089 sec
INFO (CarpetX):   total iterations:                16
INFO (CarpetX):   total cells updated:             65536
INFO (CarpetX):   average iterations per second: 18.0355
INFO (CarpetX):   average cell updates per second: 73873.6
INFO (CarpetX): OutputGH: iteration 17, time 0.066406, run time 1 s
INFO (CarpetX): OutputGH done.
INFO (CarpetX): Simulation time: 0.0664062   Iterations per second: 18.0447   Simulation time per second: 0.0704873
INFO (CarpetX): Grid cells: 4096   Grid cell updates per second: 73911.2
INFO (CarpetX): Performance:
INFO (CarpetX):   total evolution time:            0.942419 sec
INFO (CarpetX):   total evolution compute time:    0.941904 sec
INFO (CarpetX):   total evolution output time:     0.000514746 sec
INFO (CarpetX):   total iterations:                17
INFO (CarpetX):   total cells updated:             69632
INFO (CarpetX):   average iterations per second: 18.0387
INFO (CarpetX):   average cell updates per second: 73886.5
INFO (CarpetX): OutputGH: iteration 18, time 0.070312, run time 1 s
INFO (CarpetX): OutputGH done.
INFO (CarpetX): Simulation time: 0.0703125   Iterations per second: 18.0355   Simulation time per second: 0.0704513
INFO (CarpetX): Grid cells: 4096   Grid cell updates per second: 73873.5
INFO (CarpetX): Performance:
INFO (CarpetX):   total evolution time:            0.99812 sec
INFO (CarpetX):   total evolution compute time:    0.997573 sec
INFO (CarpetX):   total evolution output time:     0.000546932 sec
INFO (CarpetX):   total iterations:                18
INFO (CarpetX):   total cells updated:             73728
INFO (CarpetX):   average iterations per second: 18.0339
INFO (CarpetX):   average cell updates per second: 73866.9
INFO (CarpetX): OutputGH: iteration 19, time 0.074219, run time 1 s
INFO (CarpetX): OutputGH done.
INFO (CarpetX): Simulation time: 0.0742188   Iterations per second: 18.0351   Simulation time per second: 0.0704496
INFO (CarpetX): Grid cells: 4096   Grid cell updates per second: 73871.8
INFO (CarpetX): Performance:
INFO (CarpetX):   total evolution time:            1.05358 sec
INFO (CarpetX):   total evolution compute time:    1.053 sec
INFO (CarpetX):   total evolution output time:     0.000576973 sec
INFO (CarpetX):   total iterations:                19
INFO (CarpetX):   total cells updated:             77824
INFO (CarpetX):   average iterations per second: 18.0338
INFO (CarpetX):   average cell updates per second: 73866.3
INFO (CarpetX): OutputGH: iteration 20, time 0.078125, run time 1 s
INFO (CarpetX): OutputGH done.
INFO (CarpetX): Simulation time: 0.078125   Iterations per second: 18.0441   Simulation time per second: 0.0704849
INFO (CarpetX): Grid cells: 4096   Grid cell updates per second: 73908.8
INFO (CarpetX): Performance:
INFO (CarpetX):   total evolution time:            1.10875 sec
INFO (CarpetX):   total evolution compute time:    1.10815 sec
INFO (CarpetX):   total evolution output time:     0.000602007 sec
INFO (CarpetX):   total iterations:                20
INFO (CarpetX):   total cells updated:             81920
INFO (CarpetX):   average iterations per second: 18.0384
INFO (CarpetX):   average cell updates per second: 73885.1
INFO (CarpetX): OutputGH: iteration 21, time 0.082031, run time 1 s
INFO (CarpetX): OutputGH done.
INFO (CarpetX): Simulation time: 0.0820312   Iterations per second: 18.0556   Simulation time per second: 0.0705298
INFO (CarpetX): Grid cells: 4096   Grid cell updates per second: 73955.8
INFO (CarpetX): Performance:
INFO (CarpetX):   total evolution time:            1.16382 sec
INFO (CarpetX):   total evolution compute time:    1.16319 sec
INFO (CarpetX):   total evolution output time:     0.000628948 sec
INFO (CarpetX):   total iterations:                21
INFO (CarpetX):   total cells updated:             86016
INFO (CarpetX):   average iterations per second: 18.0441
INFO (CarpetX):   average cell updates per second: 73908.6
INFO (CarpetX): OutputGH: iteration 22, time 0.085938, run time 1 s
INFO (CarpetX): OutputGH done.
INFO (CarpetX): Simulation time: 0.0859375   Iterations per second: 18.0619   Simulation time per second: 0.0705542
INFO (CarpetX): Grid cells: 4096   Grid cell updates per second: 73981.4
INFO (CarpetX): Performance:
INFO (CarpetX):   total evolution time:            1.21901 sec
INFO (CarpetX):   total evolution compute time:    1.21835 sec
INFO (CarpetX):   total evolution output time:     0.000657082 sec
INFO (CarpetX):   total iterations:                22
INFO (CarpetX):   total cells updated:             90112
INFO (CarpetX):   average iterations per second: 18.0475
INFO (CarpetX):   average cell updates per second: 73922.4
INFO (CarpetX): OutputGH: iteration 23, time 0.089844, run time 1 s
INFO (CarpetX): OutputGH done.
INFO (CarpetX): Simulation time: 0.0898438   Iterations per second: 18.0568   Simulation time per second: 0.0705342
INFO (CarpetX): Grid cells: 4096   Grid cell updates per second: 73960.5
INFO (CarpetX): Performance:
INFO (CarpetX):   total evolution time:            1.27453 sec
INFO (CarpetX):   total evolution compute time:    1.27384 sec
INFO (CarpetX):   total evolution output time:     0.00068903 sec
INFO (CarpetX):   total iterations:                23
INFO (CarpetX):   total cells updated:             94208
INFO (CarpetX):   average iterations per second: 18.0459
INFO (CarpetX):   average cell updates per second: 73915.8
INFO (CarpetX): OutputGH: iteration 24, time 0.093750, run time 1 s
INFO (CarpetX): OutputGH done.
INFO (CarpetX): Simulation time: 0.09375   Iterations per second: 18.0543   Simulation time per second: 0.0705248
INFO (CarpetX): Grid cells: 4096   Grid cell updates per second: 73950.6
INFO (CarpetX): Performance:
INFO (CarpetX):   total evolution time:            1.32999 sec
INFO (CarpetX):   total evolution compute time:    1.32926 sec
INFO (CarpetX):   total evolution output time:     0.000721931 sec
INFO (CarpetX):   total iterations:                24
INFO (CarpetX):   total cells updated:             98304
INFO (CarpetX):   average iterations per second: 18.0453
INFO (CarpetX):   average cell updates per second: 73913.6
INFO (CarpetX): OutputGH: iteration 25, time 0.097656, run time 2 s
INFO (CarpetX): OutputGH done.
INFO (CarpetX): Simulation time: 0.0976562   Iterations per second: 18.0569   Simulation time per second: 0.0705346
INFO (CarpetX): Grid cells: 4096   Grid cell updates per second: 73960.9
INFO (CarpetX): Performance:
INFO (CarpetX):   total evolution time:            1.3853 sec
INFO (CarpetX):   total evolution compute time:    1.38454 sec
INFO (CarpetX):   total evolution output time:     0.000752926 sec
INFO (CarpetX):   total iterations:                25
INFO (CarpetX):   total cells updated:             102400
INFO (CarpetX):   average iterations per second: 18.0467
INFO (CarpetX):   average cell updates per second: 73919.2
INFO (CarpetX): OutputGH: iteration 26, time 0.101562, run time 2 s
INFO (CarpetX): OutputGH done.
INFO (CarpetX): Simulation time: 0.101562   Iterations per second: 18.0557   Simulation time per second: 0.0705301
INFO (CarpetX): Grid cells: 4096   Grid cell updates per second: 73956.2
INFO (CarpetX): Performance:
INFO (CarpetX):   total evolution time:            1.44071 sec
INFO (CarpetX):   total evolution compute time:    1.43993 sec
INFO (CarpetX):   total evolution output time:     0.00078702 sec
INFO (CarpetX):   total iterations:                26
INFO (CarpetX):   total cells updated:             106496
INFO (CarpetX):   average iterations per second: 18.0466
INFO (CarpetX):   average cell updates per second: 73919
INFO (CarpetX): OutputGH: iteration 27, time 0.105469, run time 2 s
INFO (CarpetX): OutputGH done.
INFO (CarpetX): Simulation time: 0.105469   Iterations per second: 18.0592   Simulation time per second: 0.0705439
INFO (CarpetX): Grid cells: 4096   Grid cell updates per second: 73970.6
INFO (CarpetX): Performance:
INFO (CarpetX):   total evolution time:            1.49599 sec
INFO (CarpetX):   total evolution compute time:    1.49517 sec
INFO (CarpetX):   total evolution output time:     0.000815868 sec
INFO (CarpetX):   total iterations:                27
INFO (CarpetX):   total cells updated:             110592
INFO (CarpetX):   average iterations per second: 18.0483
INFO (CarpetX):   average cell updates per second: 73925.7
INFO (CarpetX): OutputGH: iteration 28, time 0.109375, run time 2 s
INFO (CarpetX): OutputGH done.
INFO (CarpetX): Simulation time: 0.109375   Iterations per second: 18.0622   Simulation time per second: 0.0705554
INFO (CarpetX): Grid cells: 4096   Grid cell updates per second: 73982.7
INFO (CarpetX): Performance:
INFO (CarpetX):   total evolution time:            1.55127 sec
INFO (CarpetX):   total evolution compute time:    1.55042 sec
INFO (CarpetX):   total evolution output time:     0.000847816 sec
INFO (CarpetX):   total iterations:                28
INFO (CarpetX):   total cells updated:             114688
INFO (CarpetX):   average iterations per second: 18.0497
INFO (CarpetX):   average cell updates per second: 73931.6
INFO (CarpetX): OutputGH: iteration 29, time 0.113281, run time 2 s
INFO (CarpetX): OutputGH done.
INFO (CarpetX): Simulation time: 0.113281   Iterations per second: 18.0552   Simulation time per second: 0.0705281
INFO (CarpetX): Grid cells: 4096   Grid cell updates per second: 73954
INFO (CarpetX): Performance:
INFO (CarpetX):   total evolution time:            1.60685 sec
INFO (CarpetX):   total evolution compute time:    1.60597 sec
INFO (CarpetX):   total evolution output time:     0.00087595 sec
INFO (CarpetX):   total iterations:                29
INFO (CarpetX):   total cells updated:             118784
INFO (CarpetX):   average iterations per second: 18.0477
INFO (CarpetX):   average cell updates per second: 73923.5
INFO (CarpetX): OutputGH: iteration 30, time 0.117188, run time 2 s
INFO (CarpetX): OutputGH done.
INFO (CarpetX): Simulation time: 0.117188   Iterations per second: 18.0504   Simulation time per second: 0.0705096
INFO (CarpetX): Grid cells: 4096   Grid cell updates per second: 73934.6
INFO (CarpetX): Performance:
INFO (CarpetX):   total evolution time:            1.66238 sec
INFO (CarpetX):   total evolution compute time:    1.66147 sec
INFO (CarpetX):   total evolution output time:     0.00090909 sec
INFO (CarpetX):   total iterations:                30
INFO (CarpetX):   total cells updated:             122880
INFO (CarpetX):   average iterations per second: 18.0464
INFO (CarpetX):   average cell updates per second: 73918
INFO (CarpetX): OutputGH: iteration 31, time 0.121094, run time 2 s
INFO (CarpetX): OutputGH done.
INFO (CarpetX): Simulation time: 0.121094   Iterations per second: 18.0453   Simulation time per second: 0.0704895
INFO (CarpetX): Grid cells: 4096   Grid cell updates per second: 73913.6
INFO (CarpetX): Performance:
INFO (CarpetX):   total evolution time:            1.71794 sec
INFO (CarpetX):   total evolution compute time:    1.717 sec
INFO (CarpetX):   total evolution output time:     0.000941038 sec
INFO (CarpetX):   total iterations:                31
INFO (CarpetX):   total cells updated:             126976
INFO (CarpetX):   average iterations per second: 18.0449
INFO (CarpetX):   average cell updates per second: 73911.8
INFO (CarpetX): OutputGH: iteration 32, time 0.125000, run time 2 s
INFO (CarpetX): OutputGH done.
INFO (CarpetX): Simulation time: 0.125   Iterations per second: 18.0339   Simulation time per second: 0.070445
INFO (CarpetX): Grid cells: 4096   Grid cell updates per second: 73866.9
INFO (CarpetX): Performance:
INFO (CarpetX):   total evolution time:            1.77371 sec
INFO (CarpetX):   total evolution compute time:    1.77273 sec
INFO (CarpetX):   total evolution output time:     0.000971079 sec
INFO (CarpetX):   total iterations:                32
INFO (CarpetX):   total cells updated:             131072
INFO (CarpetX):   average iterations per second: 18.0413
INFO (CarpetX):   average cell updates per second: 73897.3
INFO (CarpetX): OutputGH: iteration 33, time 0.128906, run time 2 s
INFO (CarpetX): OutputGH done.
INFO (CarpetX): Simulation time: 0.128906   Iterations per second: 18.0312   Simulation time per second: 0.0704345
INFO (CarpetX): Grid cells: 4096   Grid cell updates per second: 73855.9
INFO (CarpetX): Performance:
INFO (CarpetX):   total evolution time:            1.82924 sec
INFO (CarpetX):   total evolution compute time:    1.82824 sec
INFO (CarpetX):   total evolution output time:     0.00100017 sec
INFO (CarpetX):   total iterations:                33
INFO (CarpetX):   total cells updated:             135168
INFO (CarpetX):   average iterations per second: 18.0403
INFO (CarpetX):   average cell updates per second: 73893
INFO (CarpetX): OutputGH: iteration 34, time 0.132812, run time 2 s
INFO (CarpetX): OutputGH done.
INFO (CarpetX): Simulation time: 0.132812   Iterations per second: 18.022   Simulation time per second: 0.0703984
INFO (CarpetX): Grid cells: 4096   Grid cell updates per second: 73818
INFO (CarpetX): Performance:
INFO (CarpetX):   total evolution time:            1.88498 sec
INFO (CarpetX):   total evolution compute time:    1.88395 sec
INFO (CarpetX):   total evolution output time:     0.00103331 sec
INFO (CarpetX):   total iterations:                34
INFO (CarpetX):   total cells updated:             139264
INFO (CarpetX):   average iterations per second: 18.0373
INFO (CarpetX):   average cell updates per second: 73880.8
INFO (CarpetX): OutputGH: iteration 35, time 0.136719, run time 2 s
INFO (CarpetX): OutputGH done.
INFO (CarpetX): Simulation time: 0.136719   Iterations per second: 18.0186   Simulation time per second: 0.070385
INFO (CarpetX): Grid cells: 4096   Grid cell updates per second: 73804
INFO (CarpetX): Performance:
INFO (CarpetX):   total evolution time:            1.94058 sec
INFO (CarpetX):   total evolution compute time:    1.93951 sec
INFO (CarpetX):   total evolution output time:     0.00106311 sec
INFO (CarpetX):   total iterations:                35
INFO (CarpetX):   total cells updated:             143360
INFO (CarpetX):   average iterations per second: 18.0359
INFO (CarpetX):   average cell updates per second: 73875
INFO (CarpetX): OutputGH: iteration 36, time 0.140625, run time 2 s
INFO (CarpetX): OutputGH done.
INFO (CarpetX): Simulation time: 0.140625   Iterations per second: 18.0177   Simulation time per second: 0.0703816
INFO (CarpetX): Grid cells: 4096   Grid cell updates per second: 73800.5
INFO (CarpetX): Performance:
INFO (CarpetX):   total evolution time:            1.9961 sec
INFO (CarpetX):   total evolution compute time:    1.99501 sec
INFO (CarpetX):   total evolution output time:     0.0010941 sec
INFO (CarpetX):   total iterations:                36
INFO (CarpetX):   total cells updated:             147456
INFO (CarpetX):   average iterations per second: 18.0352
INFO (CarpetX):   average cell updates per second: 73872
INFO (CarpetX): OutputGH: iteration 37, time 0.144531, run time 2 s
INFO (CarpetX): OutputGH done.
INFO (CarpetX): Simulation time: 0.144531   Iterations per second: 18.0153   Simulation time per second: 0.0703722
INFO (CarpetX): Grid cells: 4096   Grid cell updates per second: 73790.6
INFO (CarpetX): Performance:
INFO (CarpetX):   total evolution time:            2.05168 sec
INFO (CarpetX):   total evolution compute time:    2.05055 sec
INFO (CarpetX):   total evolution output time:     0.00112724 sec
INFO (CarpetX):   total iterations:                37
INFO (CarpetX):   total cells updated:             151552
INFO (CarpetX):   average iterations per second: 18.034
INFO (CarpetX):   average cell updates per second: 73867.4
INFO (CarpetX): OutputGH: iteration 38, time 0.148438, run time 2 s
INFO (CarpetX): OutputGH done.
INFO (CarpetX): Simulation time: 0.148438   Iterations per second: 18.0017   Simulation time per second: 0.0703193
INFO (CarpetX): Grid cells: 4096   Grid cell updates per second: 73735.2
INFO (CarpetX): Performance:
INFO (CarpetX):   total evolution time:            2.1076 sec
INFO (CarpetX):   total evolution compute time:    2.10645 sec
INFO (CarpetX):   total evolution output time:     0.00115728 sec
INFO (CarpetX):   total iterations:                38
INFO (CarpetX):   total cells updated:             155648
INFO (CarpetX):   average iterations per second: 18.03
INFO (CarpetX):   average cell updates per second: 73850.7
INFO (CarpetX): OutputGH: iteration 39, time 0.152344, run time 2 s
INFO (CarpetX): OutputGH done.
INFO (CarpetX): Simulation time: 0.152344   Iterations per second: 17.9929   Simulation time per second: 0.0702849
INFO (CarpetX): Grid cells: 4096   Grid cell updates per second: 73699.1
INFO (CarpetX): Performance:
INFO (CarpetX):   total evolution time:            2.16342 sec
INFO (CarpetX):   total evolution compute time:    2.16224 sec
INFO (CarpetX):   total evolution output time:     0.00118923 sec
INFO (CarpetX):   total iterations:                39
INFO (CarpetX):   total cells updated:             159744
INFO (CarpetX):   average iterations per second: 18.027
INFO (CarpetX):   average cell updates per second: 73838.5
INFO (CarpetX): OutputGH: iteration 40, time 0.156250, run time 2 s
INFO (CarpetX): OutputGH done.
INFO (CarpetX): Simulation time: 0.15625   Iterations per second: 17.9686   Simulation time per second: 0.0701898
INFO (CarpetX): Grid cells: 4096   Grid cell updates per second: 73599.3
INFO (CarpetX): Performance:
INFO (CarpetX):   total evolution time:            2.21976 sec
INFO (CarpetX):   total evolution compute time:    2.21853 sec
INFO (CarpetX):   total evolution output time:     0.00122428 sec
INFO (CarpetX):   total iterations:                40
INFO (CarpetX):   total cells updated:             163840
INFO (CarpetX):   average iterations per second: 18.02
INFO (CarpetX):   average cell updates per second: 73809.9
INFO (CarpetX): OutputGH: iteration 41, time 0.160156, run time 2 s
INFO (CarpetX): OutputGH done.
INFO (CarpetX): Simulation time: 0.160156   Iterations per second: 17.9538   Simulation time per second: 0.0701319
INFO (CarpetX): Grid cells: 4096   Grid cell updates per second: 73538.6
INFO (CarpetX): Performance:
INFO (CarpetX):   total evolution time:            2.27587 sec
INFO (CarpetX):   total evolution compute time:    2.27461 sec
INFO (CarpetX):   total evolution output time:     0.00125718 sec
INFO (CarpetX):   total iterations:                41
INFO (CarpetX):   total cells updated:             167936
INFO (CarpetX):   average iterations per second: 18.0151
INFO (CarpetX):   average cell updates per second: 73789.9
INFO (CarpetX): OutputGH: iteration 42, time 0.164062, run time 2 s
INFO (CarpetX): OutputGH done.
INFO (CarpetX): Simulation time: 0.164062   Iterations per second: 17.9603   Simulation time per second: 0.0701574
INFO (CarpetX): Grid cells: 4096   Grid cell updates per second: 73565.4
INFO (CarpetX): Performance:
INFO (CarpetX):   total evolution time:            2.33136 sec
INFO (CarpetX):   total evolution compute time:    2.33008 sec
INFO (CarpetX):   total evolution output time:     0.00128508 sec
INFO (CarpetX):   total iterations:                42
INFO (CarpetX):   total cells updated:             172032
INFO (CarpetX):   average iterations per second: 18.0152
INFO (CarpetX):   average cell updates per second: 73790.3
INFO (CarpetX): OutputGH: iteration 43, time 0.167969, run time 3 s
INFO (CarpetX): OutputGH done.
INFO (CarpetX): Simulation time: 0.167969   Iterations per second: 17.967   Simulation time per second: 0.0701835
INFO (CarpetX): Grid cells: 4096   Grid cell updates per second: 73592.8
INFO (CarpetX): Performance:
INFO (CarpetX):   total evolution time:            2.38683 sec
INFO (CarpetX):   total evolution compute time:    2.38552 sec
INFO (CarpetX):   total evolution output time:     0.00131893 sec
INFO (CarpetX):   total iterations:                43
INFO (CarpetX):   total cells updated:             176128
INFO (CarpetX):   average iterations per second: 18.0155
INFO (CarpetX):   average cell updates per second: 73791.5
INFO (CarpetX): OutputGH: iteration 44, time 0.171875, run time 3 s
INFO (CarpetX): OutputGH done.
INFO (CarpetX): Simulation time: 0.171875   Iterations per second: 17.9624   Simulation time per second: 0.0701656
INFO (CarpetX): Grid cells: 4096   Grid cell updates per second: 73574
INFO (CarpetX): Performance:
INFO (CarpetX):   total evolution time:            2.44263 sec
INFO (CarpetX):   total evolution compute time:    2.44127 sec
INFO (CarpetX):   total evolution output time:     0.0013659 sec
INFO (CarpetX):   total iterations:                44
INFO (CarpetX):   total cells updated:             180224
INFO (CarpetX):   average iterations per second: 18.0133
INFO (CarpetX):   average cell updates per second: 73782.6
INFO (CarpetX): OutputGH: iteration 45, time 0.175781, run time 3 s
INFO (CarpetX): OutputGH done.
INFO (CarpetX): Simulation time: 0.175781   Iterations per second: 17.9703   Simulation time per second: 0.0701965
INFO (CarpetX): Grid cells: 4096   Grid cell updates per second: 73606.3
INFO (CarpetX): Performance:
INFO (CarpetX):   total evolution time:            2.49806 sec
INFO (CarpetX):   total evolution compute time:    2.49667 sec
INFO (CarpetX):   total evolution output time:     0.0013938 sec
INFO (CarpetX):   total iterations:                45
INFO (CarpetX):   total cells updated:             184320
INFO (CarpetX):   average iterations per second: 18.014
INFO (CarpetX):   average cell updates per second: 73785.2
INFO (CarpetX): OutputGH: iteration 46, time 0.179688, run time 3 s
INFO (CarpetX): OutputGH done.
INFO (CarpetX): Simulation time: 0.179688   Iterations per second: 17.9651   Simulation time per second: 0.0701764
INFO (CarpetX): Grid cells: 4096   Grid cell updates per second: 73585.2
INFO (CarpetX): Performance:
INFO (CarpetX):   total evolution time:            2.55387 sec
INFO (CarpetX):   total evolution compute time:    2.55245 sec
INFO (CarpetX):   total evolution output time:     0.00142264 sec
INFO (CarpetX):   total iterations:                46
INFO (CarpetX):   total cells updated:             188416
INFO (CarpetX):   average iterations per second: 18.0119
INFO (CarpetX):   average cell updates per second: 73776.7
INFO (CarpetX): OutputGH: iteration 47, time 0.183594, run time 3 s
INFO (CarpetX): OutputGH done.
INFO (CarpetX): Simulation time: 0.183594   Iterations per second: 17.9666   Simulation time per second: 0.0701822
INFO (CarpetX): Grid cells: 4096   Grid cell updates per second: 73591.4
INFO (CarpetX): Performance:
INFO (CarpetX):   total evolution time:            2.60949 sec
INFO (CarpetX):   total evolution compute time:    2.60802 sec
INFO (CarpetX):   total evolution output time:     0.0014677 sec
INFO (CarpetX):   total iterations:                47
INFO (CarpetX):   total cells updated:             192512
INFO (CarpetX):   average iterations per second: 18.0112
INFO (CarpetX):   average cell updates per second: 73773.9
INFO (CarpetX): OutputGH: iteration 48, time 0.187500, run time 3 s
INFO (CarpetX): OutputGH done.
INFO (CarpetX): Simulation time: 0.1875   Iterations per second: 17.9667   Simulation time per second: 0.0701824
INFO (CarpetX): Grid cells: 4096   Grid cell updates per second: 73591.6
INFO (CarpetX): Performance:
INFO (CarpetX):   total evolution time:            2.66514 sec
INFO (CarpetX):   total evolution compute time:    2.66365 sec
INFO (CarpetX):   total evolution output time:     0.00149679 sec
INFO (CarpetX):   total iterations:                48
INFO (CarpetX):   total cells updated:             196608
INFO (CarpetX):   average iterations per second: 18.0103
INFO (CarpetX):   average cell updates per second: 73770.2
INFO (CarpetX): OutputGH: iteration 49, time 0.191406, run time 3 s
INFO (CarpetX): OutputGH done.
INFO (CarpetX): Simulation time: 0.191406   Iterations per second: 17.9645   Simulation time per second: 0.070174
INFO (CarpetX): Grid cells: 4096   Grid cell updates per second: 73582.8
INFO (CarpetX): Performance:
INFO (CarpetX):   total evolution time:            2.72087 sec
INFO (CarpetX):   total evolution compute time:    2.71934 sec
INFO (CarpetX):   total evolution output time:     0.00152779 sec
INFO (CarpetX):   total iterations:                49
INFO (CarpetX):   total cells updated:             200704
INFO (CarpetX):   average iterations per second: 18.009
INFO (CarpetX):   average cell updates per second: 73764.7
INFO (CarpetX): OutputGH: iteration 50, time 0.195312, run time 3 s
INFO (CarpetX): OutputGH done.
INFO (CarpetX): Simulation time: 0.195312   Iterations per second: 17.9717   Simulation time per second: 0.0702019
INFO (CarpetX): Grid cells: 4096   Grid cell updates per second: 73612
INFO (CarpetX): Performance:
INFO (CarpetX):   total evolution time:            2.77631 sec
INFO (CarpetX):   total evolution compute time:    2.77474 sec
INFO (CarpetX):   total evolution output time:     0.00157189 sec
INFO (CarpetX):   total iterations:                50
INFO (CarpetX):   total cells updated:             204800
INFO (CarpetX):   average iterations per second: 18.0095
INFO (CarpetX):   average cell updates per second: 73766.9
INFO (CarpetX): OutputGH: iteration 51, time 0.199219, run time 3 s
INFO (CarpetX): OutputGH done.
INFO (CarpetX): Simulation time: 0.199219   Iterations per second: 17.9817   Simulation time per second: 0.0702411
INFO (CarpetX): Grid cells: 4096   Grid cell updates per second: 73653.1
INFO (CarpetX): Performance:
INFO (CarpetX):   total evolution time:            2.83164 sec
INFO (CarpetX):   total evolution compute time:    2.83005 sec
INFO (CarpetX):   total evolution output time:     0.00159883 sec
INFO (CarpetX):   total iterations:                51
INFO (CarpetX):   total cells updated:             208896
INFO (CarpetX):   average iterations per second: 18.0107
INFO (CarpetX):   average cell updates per second: 73772
INFO (CarpetX): OutputGH: iteration 52, time 0.203125, run time 3 s
INFO (CarpetX): OutputGH done.
INFO (CarpetX): Simulation time: 0.203125   Iterations per second: 17.9765   Simulation time per second: 0.0702206
INFO (CarpetX): Grid cells: 4096   Grid cell updates per second: 73631.7
INFO (CarpetX): Performance:
INFO (CarpetX):   total evolution time:            2.88742 sec
INFO (CarpetX):   total evolution compute time:    2.88579 sec
INFO (CarpetX):   total evolution output time:     0.00163078 sec
INFO (CarpetX):   total iterations:                52
INFO (CarpetX):   total cells updated:             212992
INFO (CarpetX):   average iterations per second: 18.0092
INFO (CarpetX):   average cell updates per second: 73765.5
INFO (CarpetX): OutputGH: iteration 53, time 0.207031, run time 3 s
INFO (CarpetX): OutputGH done.
INFO (CarpetX): Simulation time: 0.207031   Iterations per second: 17.963   Simulation time per second: 0.0701678
INFO (CarpetX): Grid cells: 4096   Grid cell updates per second: 73576.3
INFO (CarpetX): Performance:
INFO (CarpetX):   total evolution time:            2.94347 sec
INFO (CarpetX):   total evolution compute time:    2.9418 sec
INFO (CarpetX):   total evolution output time:     0.00166678 sec
INFO (CarpetX):   total iterations:                53
INFO (CarpetX):   total cells updated:             217088
INFO (CarpetX):   average iterations per second: 18.006
INFO (CarpetX):   average cell updates per second: 73752.5
INFO (CarpetX): OutputGH: iteration 54, time 0.210938, run time 3 s
INFO (CarpetX): OutputGH done.
INFO (CarpetX): Simulation time: 0.210938   Iterations per second: 17.9301   Simulation time per second: 0.0700396
INFO (CarpetX): Grid cells: 4096   Grid cell updates per second: 73441.9
INFO (CarpetX): Performance:
INFO (CarpetX):   total evolution time:            3.00015 sec
INFO (CarpetX):   total evolution compute time:    2.99845 sec
INFO (CarpetX):   total evolution output time:     0.00170684 sec
INFO (CarpetX):   total iterations:                54
INFO (CarpetX):   total cells updated:             221184
INFO (CarpetX):   average iterations per second: 17.9991
INFO (CarpetX):   average cell updates per second: 73724.2
INFO (CarpetX): OutputGH: iteration 55, time 0.214844, run time 3 s
INFO (CarpetX): OutputGH done.
INFO (CarpetX): Simulation time: 0.214844   Iterations per second: 17.9194   Simulation time per second: 0.0699977
INFO (CarpetX): Grid cells: 4096   Grid cell updates per second: 73397.9
INFO (CarpetX): Performance:
INFO (CarpetX):   total evolution time:            3.05626 sec
INFO (CarpetX):   total evolution compute time:    3.05452 sec
INFO (CarpetX):   total evolution output time:     0.00173783 sec
INFO (CarpetX):   total iterations:                55
INFO (CarpetX):   total cells updated:             225280
INFO (CarpetX):   average iterations per second: 17.9958
INFO (CarpetX):   average cell updates per second: 73711
INFO (CarpetX): OutputGH: iteration 56, time 0.218750, run time 3 s
INFO (CarpetX): OutputGH done.
INFO (CarpetX): Simulation time: 0.21875   Iterations per second: 17.9283   Simulation time per second: 0.0700325
INFO (CarpetX): Grid cells: 4096   Grid cell updates per second: 73434.4
INFO (CarpetX): Performance:
INFO (CarpetX):   total evolution time:            3.11179 sec
INFO (CarpetX):   total evolution compute time:    3.11002 sec
INFO (CarpetX):   total evolution output time:     0.00177073 sec
INFO (CarpetX):   total iterations:                56
INFO (CarpetX):   total cells updated:             229376
INFO (CarpetX):   average iterations per second: 17.9961
INFO (CarpetX):   average cell updates per second: 73712
INFO (CarpetX): OutputGH: iteration 57, time 0.222656, run time 3 s
INFO (CarpetX): OutputGH done.
INFO (CarpetX): Simulation time: 0.222656   Iterations per second: 17.9359   Simulation time per second: 0.0700622
INFO (CarpetX): Grid cells: 4096   Grid cell updates per second: 73465.6
INFO (CarpetX): Performance:
INFO (CarpetX):   total evolution time:            3.16733 sec
INFO (CarpetX):   total evolution compute time:    3.16553 sec
INFO (CarpetX):   total evolution output time:     0.00180268 sec
INFO (CarpetX):   total iterations:                57
INFO (CarpetX):   total cells updated:             233472
INFO (CarpetX):   average iterations per second: 17.9962
INFO (CarpetX):   average cell updates per second: 73712.6
INFO (CarpetX): OutputGH: iteration 58, time 0.226562, run time 3 s
INFO (CarpetX): OutputGH done.
INFO (CarpetX): Simulation time: 0.226562   Iterations per second: 17.9391   Simulation time per second: 0.0700747
INFO (CarpetX): Grid cells: 4096   Grid cell updates per second: 73478.6
INFO (CarpetX): Performance:
INFO (CarpetX):   total evolution time:            3.22298 sec
INFO (CarpetX):   total evolution compute time:    3.22115 sec
INFO (CarpetX):   total evolution output time:     0.00183463 sec
INFO (CarpetX):   total iterations:                58
INFO (CarpetX):   total cells updated:             237568
INFO (CarpetX):   average iterations per second: 17.9957
INFO (CarpetX):   average cell updates per second: 73710.6
INFO (CarpetX): OutputGH: iteration 59, time 0.230469, run time 3 s
INFO (CarpetX): OutputGH done.
INFO (CarpetX): Simulation time: 0.230469   Iterations per second: 17.9453   Simulation time per second: 0.0700987
INFO (CarpetX): Grid cells: 4096   Grid cell updates per second: 73503.8
INFO (CarpetX): Performance:
INFO (CarpetX):   total evolution time:            3.27854 sec
INFO (CarpetX):   total evolution compute time:    3.27667 sec
INFO (CarpetX):   total evolution output time:     0.00186658 sec
INFO (CarpetX):   total iterations:                59
INFO (CarpetX):   total cells updated:             241664
INFO (CarpetX):   average iterations per second: 17.9958
INFO (CarpetX):   average cell updates per second: 73710.9
INFO (CarpetX): OutputGH: iteration 60, time 0.234375, run time 3 s
INFO (CarpetX): OutputGH done.
INFO (CarpetX): Simulation time: 0.234375   Iterations per second: 17.9511   Simulation time per second: 0.0701216
INFO (CarpetX): Grid cells: 4096   Grid cell updates per second: 73527.8
INFO (CarpetX): Performance:
INFO (CarpetX):   total evolution time:            3.33408 sec
INFO (CarpetX):   total evolution compute time:    3.33218 sec
INFO (CarpetX):   total evolution output time:     0.00189853 sec
INFO (CarpetX):   total iterations:                60
INFO (CarpetX):   total cells updated:             245760
INFO (CarpetX):   average iterations per second: 17.996
INFO (CarpetX):   average cell updates per second: 73711.5
INFO (CarpetX): OutputGH: iteration 61, time 0.238281, run time 4 s
INFO (CarpetX): OutputGH done.
INFO (CarpetX): Simulation time: 0.238281   Iterations per second: 17.9642   Simulation time per second: 0.0701727
INFO (CarpetX): Grid cells: 4096   Grid cell updates per second: 73581.5
INFO (CarpetX): Performance:
INFO (CarpetX):   total evolution time:            3.38938 sec
INFO (CarpetX):   total evolution compute time:    3.38745 sec
INFO (CarpetX):   total evolution output time:     0.00193048 sec
INFO (CarpetX):   total iterations:                61
INFO (CarpetX):   total cells updated:             249856
INFO (CarpetX):   average iterations per second: 17.9974
INFO (CarpetX):   average cell updates per second: 73717.3
INFO (CarpetX): OutputGH: iteration 62, time 0.242188, run time 4 s
INFO (CarpetX): OutputGH done.
INFO (CarpetX): Simulation time: 0.242188   Iterations per second: 17.9781   Simulation time per second: 0.0702269
INFO (CarpetX): Grid cells: 4096   Grid cell updates per second: 73638.2
INFO (CarpetX): Performance:
INFO (CarpetX):   total evolution time:            3.44462 sec
INFO (CarpetX):   total evolution compute time:    3.44266 sec
INFO (CarpetX):   total evolution output time:     0.00196242 sec
INFO (CarpetX):   total iterations:                62
INFO (CarpetX):   total cells updated:             253952
INFO (CarpetX):   average iterations per second: 17.9991
INFO (CarpetX):   average cell updates per second: 73724.3
INFO (CarpetX): OutputGH: iteration 63, time 0.246094, run time 4 s
INFO (CarpetX): OutputGH done.
INFO (CarpetX): Simulation time: 0.246094   Iterations per second: 17.9893   Simulation time per second: 0.0702707
INFO (CarpetX): Grid cells: 4096   Grid cell updates per second: 73684.2
INFO (CarpetX): Performance:
INFO (CarpetX):   total evolution time:            3.49989 sec
INFO (CarpetX):   total evolution compute time:    3.4979 sec
INFO (CarpetX):   total evolution output time:     0.00199342 sec
INFO (CarpetX):   total iterations:                63
INFO (CarpetX):   total cells updated:             258048
INFO (CarpetX):   average iterations per second: 18.0005
INFO (CarpetX):   average cell updates per second: 73730.2
INFO (CarpetX): OutputGH: iteration 64, time 0.250000, run time 4 s
INFO (CarpetX): OutputGH done.
INFO (CarpetX): Simulation time: 0.25   Iterations per second: 17.3569   Simulation time per second: 0.0678002
INFO (CarpetX): Grid cells: 4096   Grid cell updates per second: 71093.7
INFO (CarpetX): Performance:
INFO (CarpetX):   total evolution time:            3.57574 sec
INFO (CarpetX):   total evolution compute time:    3.56031 sec
INFO (CarpetX):   total evolution output time:     0.0154274 sec
INFO (CarpetX):   total iterations:                64
INFO (CarpetX):   total cells updated:             262144
INFO (CarpetX):   average iterations per second: 17.8984
INFO (CarpetX):   average cell updates per second: 73311.8
INFO (CarpetX): Shutting down...
AMReX (25.11) finalized
--------------------------------------------------------------------------------
Done.

real	0m3.991s
user	0m6.668s
sys	0m0.104s
+ echo Stopping:
Stopping:
+ date
Sat Feb 28 10:23:33 PM UTC 2026
+ echo Done.
Done.
  Elapsed time: 4.0 s
