/__w/canudax-tests/workspace/simulations/TestJob01_temp_1/output-0000/TEST/sim/CanudaX_BSSNMoL
Preparing:
+ set -e
+ cd output-0000-active
+ echo Checking:
Checking:
+ pwd
/__w/canudax-tests/workspace/simulations/TestJob01_temp_1/output-0000/TEST/sim/CanudaX_BSSNMoL/output-0000-active
+ hostname
971e5d223a20
+ date
Mon Feb 16 10:50:26 PM UTC 2026
+ echo Environment:
Environment:
+ export SIMULATION_ID=simulation-TestJob01_temp_1-actions-cpu-real64-actions-root-2026.02.16-22.50.26-13041
+ SIMULATION_ID=simulation-TestJob01_temp_1-actions-cpu-real64-actions-root-2026.02.16-22.50.26-13041
+ export CACTUS_NUM_PROCS=1
+ CACTUS_NUM_PROCS=1
+ export CACTUS_NUM_THREADS=2
+ CACTUS_NUM_THREADS=2
+ export CACTUS_SET_THREAD_BINDINGS=0
+ CACTUS_SET_THREAD_BINDINGS=0
+ export GLIBCXX_FORCE_NEW=1
+ GLIBCXX_FORCE_NEW=1
+ export GMON_OUT_PREFIX=gmon.out
+ GMON_OUT_PREFIX=gmon.out
+ export OMP_DISPLAY_ENV=TRUE
+ OMP_DISPLAY_ENV=TRUE
+ export OMP_MAX_TASKS=100
+ OMP_MAX_TASKS=100
+ export OMP_NUM_THREADS=2
+ OMP_NUM_THREADS=2
+ export OMP_PLACES=cores
+ OMP_PLACES=cores
+ export OMP_PROC_BIND=FALSE
+ OMP_PROC_BIND=FALSE
+ export OMP_STACKSIZE=8192
+ OMP_STACKSIZE=8192
+ env
+ sort
+ echo Starting:
Starting:
++ date +%s
+ export CACTUS_STARTTIME=1771282226
+ CACTUS_STARTTIME=1771282226
+ mpiexec -n 1 /__w/canudax-tests/workspace/simulations/TestJob01_temp_1/SIMFACTORY/exe/cactus_sim -L 3 /__w/canudax-tests/workspace/simulations/TestJob01_temp_1/output-0000/arrangements/CanudaX_Lean/CanudaX_BSSNMoL/test/gaugewave.par

OPENMP DISPLAY ENVIRONMENT BEGIN
  _OPENMP = '201511'
  [host] OMP_DYNAMIC = 'FALSE'
  [host] OMP_NESTED = 'FALSE'
  [host] OMP_NUM_THREADS = '2'
  [host] OMP_SCHEDULE = 'DYNAMIC'
  [host] OMP_PROC_BIND = 'FALSE'
  [host] OMP_PLACES = ''
  [host] OMP_STACKSIZE = '8388608'
  [host] OMP_WAIT_POLICY = 'PASSIVE'
  [host] OMP_THREAD_LIMIT = '4294967295'
  [host] OMP_MAX_ACTIVE_LEVELS = '1'
  [host] OMP_NUM_TEAMS = '0'
  [host] OMP_TEAMS_THREAD_LIMIT = '0'
  [all] OMP_CANCELLATION = 'FALSE'
  [all] OMP_DEFAULT_DEVICE = '0'
  [all] OMP_MAX_TASK_PRIORITY = '0'
  [all] OMP_DISPLAY_AFFINITY = 'FALSE'
  [host] OMP_AFFINITY_FORMAT = 'level %L thread %i affinity %A'
  [host] OMP_ALLOCATOR = 'omp_default_mem_alloc'
  [all] OMP_TARGET_OFFLOAD = 'DEFAULT'
OPENMP DISPLAY ENVIRONMENT END
INFO (Cactus): Increased logging level from 0 to 3
--------------------------------------------------------------------------------

       10                                  
  1   0101       ************************  
  01  1010 10      The Cactus Code V4.18.0    
 1010 1101 011      www.cactuscode.org     
  1001 100101    ************************  
    00010101                               
     100011     (c) Copyright The Authors  
      0100      GNU Licensed. No Warranty  
      0101                                 
--------------------------------------------------------------------------------

Cactus version:    4.18.0
Compile date:      Feb 16 2026 (22:50:14)
Run date:          Feb 16 2026 (22:50:26+0000)
Run host:          971e5d223a20 (pid=13089)
Working directory: /__w/canudax-tests/workspace/simulations/TestJob01_temp_1/output-0000/TEST/sim/CanudaX_BSSNMoL
Executable:        /__w/canudax-tests/workspace/simulations/TestJob01_temp_1/SIMFACTORY/exe/cactus_sim
Parameter file:    /__w/canudax-tests/workspace/simulations/TestJob01_temp_1/output-0000/arrangements/CanudaX_Lean/CanudaX_BSSNMoL/test/gaugewave.par
--------------------------------------------------------------------------------

Activating thorn Cactus...Success -> active implementation Cactus
Activation requested for 
--->ADMBaseX CanudaX_BSSNMoL CanudaX_ExactID CarpetX ErrorEstimator IOUtil ODESolvers TmunuBaseX<---
Thorn ADMBaseX requests automatic activation of Loop
Thorn CanudaX_ExactID requests automatic activation of GSL
Thorn CarpetX requests automatic activation of AMReX
Thorn CarpetX requests automatic activation of MPI
Thorn CarpetX requests automatic activation of yaml_cpp
Thorn CarpetX requests automatic activation of zlib
Thorn CarpetX requests automatic activation of Arith
Thorn CarpetX requests automatic activation of CarpetXRegrid
Thorn CarpetX requests automatic activation of ADIOS2
Thorn CarpetX requests automatic activation of openPMD
Thorn CarpetX requests automatic activation of Silo
Thorn Arith requests automatic activation of NSIMD
Thorn MPI requests automatic activation of hwloc
Thorn openPMD requests automatic activation of HDF5
Activating thorn ADIOS2...Success -> active implementation ADIOS2
Activating thorn ADMBaseX...Success -> active implementation ADMBaseX
Activating thorn AMReX...Success -> active implementation AMReX
Activating thorn Arith...Success -> active implementation Arith
Activating thorn CanudaX_BSSNMoL...Success -> active implementation CanudaX_BSSNMoL
Activating thorn CanudaX_ExactID...Success -> active implementation CanudaX_ExactID
Activating thorn CarpetX...Success -> active implementation Driver
Activating thorn CarpetXRegrid...Success -> active implementation CarpetXRegrid
Activating thorn ErrorEstimator...Success -> active implementation ErrorEstimator
Activating thorn GSL...Success -> active implementation GSL
Activating thorn HDF5...Success -> active implementation HDF5
Activating thorn hwloc...Success -> active implementation hwloc
Activating thorn IOUtil...Success -> active implementation IO
Activating thorn Loop...Success -> active implementation Loop
Activating thorn MPI...Success -> active implementation MPI
Activating thorn NSIMD...Success -> active implementation NSIMD
Activating thorn ODESolvers...Success -> active implementation ODESolvers
Activating thorn openPMD...Success -> active implementation openPMD
Activating thorn Silo...Success -> active implementation Silo
Activating thorn TmunuBaseX...Success -> active implementation TmunuBaseX
Activating thorn yaml_cpp...Success -> active implementation yaml_cpp
Activating thorn zlib...Success -> active implementation zlib
--------------------------------------------------------------------------------
  if (recover initial data)
    Recover parameters
  endif

  Startup routines
    [CCTK_STARTUP]
      CarpetX::Driver_Startup: Start up the driver
      IOUtil::IOUtil_Startup: Startup routine
      GROUP hwloc_startup: hwloc startup group
        hwloc::hwloc_version: Output hwloc version

  Startup routines which need an existing grid hierarchy
    [CCTK_WRAGH]
      Arith::Test_smallvector: [meta] Test small vectors
      Arith::Test_spvect: [meta] Test sparse vectors
      ODESolvers::ODESolvers_InitConstants: [global] Set up dummy loop counters for schedule printout
  Parameter checking routines
    [CCTK_PARAMCHECK]
      CanudaX_BSSNMoL::CanudaX_BSSNMoL_paramcheck: Check CanudaX_BSSNMoL parameters for consistency

  Initialisation
    if (NOT (recover initial data AND recovery_mode is 'strict'))
      [CCTK_PREREGRIDINITIAL]
      Set up grid hierarchy
      [CCTK_POSTREGRIDINITIAL]
      [CCTK_BASEGRID]
        CarpetXRegrid::CarpetXRegrid_InitError: Initialize regridding error to zero
        GROUP ODESolvers_BaseGrid: Set up constants (e.g. coordinates) everywhere on the grid
      [CCTK_INITIAL]
        GROUP TmunuBaseX_SetTmunuVars: Schedule group for setting T_munu
          TmunuBaseX::TmunuBaseX_ZeroTmunu: Set T_munu to zero
          GROUP TmunuBaseX_AddToTmunu: Add to T_munu here
        GROUP ODESolvers_Initial: Set up initial conditions on interior of state vector
          GROUP ADMBaseX_InitialData: Schedule group for calculating ADM initial data
            GROUP ExactID_Group: ExactID initial data group
              CanudaX_ExactID::GaugeWave_ID: [local] Create gauge wave initial data
          GROUP ADMBaseX_InitialGauge: Schedule group for the ADM initial gauge condition
            ADMBaseX::ADMBaseX_initial_dtlapse: Set dtlapse to zero
            ADMBaseX::ADMBaseX_initial_dtshift: Set dtshift to zero
          GROUP ADMBaseX_PostInitial: Schedule group for modifying the ADM initial data, such as e.g. adding noise
        GROUP CanudaX_BSSNMoL_InitialGroup: CanudaX_BSSNMoL: initial bin
          CanudaX_BSSNMoL::CanudaX_BSSNMoL_adm2bssn: [local] Convert initial data into BSSN variables
          CanudaX_BSSNMoL::CanudaX_BSSNMoL_gammat: [local] Set Gammat initial data
      [CCTK_POSTINITIAL]
        ErrorEstimator::EstimateError: Estimate error
        GROUP ODESolvers_PostStep: Apply boundary conditions to state vector, and project if necessary
          GROUP CanudaX_BSSNMoL_PostStepGroup: CanudaX_BSSNMoL: post-step operations
            CanudaX_BSSNMoL::CanudaX_BSSNMoL_impose_conf_fac_floor: Make sure conformal factor does not drop below specified value
            CanudaX_BSSNMoL::CanudaX_BSSNMoL_reset_detmetric: reset dethh = 1
            CanudaX_BSSNMoL::CanudaX_BSSNMoL_remove_trA: Remove trace of A
            CanudaX_BSSNMoL::CanudaX_BSSNMoL_sync: [global] Sync state vector
            CanudaX_BSSNMoL::CanudaX_BSSNMoL_bssn2adm: [local] Convert variables back to the ADM ones
          GROUP ADMBaseX_SetADMRHS: Set ADM RHS variables in this group
          GROUP ADMBaseX_SetADMVars: Set ADM variables in this group
          GROUP TmunuBaseX_SetTmunuVars: Schedule group for setting T_munu
            TmunuBaseX::TmunuBaseX_ZeroTmunu: Set T_munu to zero
            GROUP TmunuBaseX_AddToTmunu: Add to T_munu here
        GROUP ODESolvers_EstimateError: Estimate discretization error (for regridding)
      Initialise finer grids recursively
      Restrict from finer grids
      [CCTK_POSTRESTRICTINITIAL]
      [CCTK_POSTPOSTINITIAL]
      [CCTK_POSTSTEP]
        ErrorEstimator::EstimateError: Estimate error
        GROUP ODESolvers_EstimateError: Estimate discretization error (for regridding)
    endif
    if (recover initial data)
      [CCTK_BASEGRID]
        CarpetXRegrid::CarpetXRegrid_InitError: Initialize regridding error to zero
        GROUP ODESolvers_BaseGrid: Set up constants (e.g. coordinates) everywhere on the grid
      [CCTK_RECOVER_VARIABLES]
      [CCTK_POST_RECOVER_VARIABLES]
        GROUP ODESolvers_PostStep: Apply boundary conditions to state vector, and project if necessary
          GROUP CanudaX_BSSNMoL_PostStepGroup: CanudaX_BSSNMoL: post-step operations
            CanudaX_BSSNMoL::CanudaX_BSSNMoL_impose_conf_fac_floor: Make sure conformal factor does not drop below specified value
            CanudaX_BSSNMoL::CanudaX_BSSNMoL_reset_detmetric: reset dethh = 1
            CanudaX_BSSNMoL::CanudaX_BSSNMoL_remove_trA: Remove trace of A
            CanudaX_BSSNMoL::CanudaX_BSSNMoL_sync: [global] Sync state vector
            CanudaX_BSSNMoL::CanudaX_BSSNMoL_bssn2adm: [local] Convert variables back to the ADM ones
          GROUP ADMBaseX_SetADMRHS: Set ADM RHS variables in this group
          GROUP ADMBaseX_SetADMVars: Set ADM variables in this group
          GROUP TmunuBaseX_SetTmunuVars: Schedule group for setting T_munu
            TmunuBaseX::TmunuBaseX_ZeroTmunu: Set T_munu to zero
            GROUP TmunuBaseX_AddToTmunu: Add to T_munu here
        GROUP ODESolvers_EstimateError: Estimate discretization error (for regridding)
    endif
    if (checkpoint initial data)
      [CCTK_CPINITIAL]
        CarpetX::CarpetX_CheckpointInitial: [meta] Checkpoint initial conditions
    endif
    if (analysis)
      [CCTK_ANALYSIS]
        CanudaX_BSSNMoL::CanudaX_BSSNMoL_bssn_constraints: Compute constraints
        GROUP ODESolvers_Analysis: Calculate analysis quantities everywhere
  endif
  Output grid variables

  do loop over timesteps
    [CCTK_PREREGRID]
    Change grid hierarchy
    [CCTK_POSTREGRID]
      GROUP ODESolvers_PostStep: Apply boundary conditions to state vector, and project if necessary
        GROUP CanudaX_BSSNMoL_PostStepGroup: CanudaX_BSSNMoL: post-step operations
          CanudaX_BSSNMoL::CanudaX_BSSNMoL_impose_conf_fac_floor: Make sure conformal factor does not drop below specified value
          CanudaX_BSSNMoL::CanudaX_BSSNMoL_reset_detmetric: reset dethh = 1
          CanudaX_BSSNMoL::CanudaX_BSSNMoL_remove_trA: Remove trace of A
          CanudaX_BSSNMoL::CanudaX_BSSNMoL_sync: [global] Sync state vector
          CanudaX_BSSNMoL::CanudaX_BSSNMoL_bssn2adm: [local] Convert variables back to the ADM ones
        GROUP ADMBaseX_SetADMRHS: Set ADM RHS variables in this group
        GROUP ADMBaseX_SetADMVars: Set ADM variables in this group
        GROUP TmunuBaseX_SetTmunuVars: Schedule group for setting T_munu
          TmunuBaseX::TmunuBaseX_ZeroTmunu: Set T_munu to zero
          GROUP TmunuBaseX_AddToTmunu: Add to T_munu here
    Rotate timelevels
    iteration = iteration+1
    t = t+dt
    [CCTK_PRESTEP]
    [CCTK_EVOL]
      ODESolvers::ODESolvers_Solve: [level] Solve ODEs
      while (ODESolvers::do_substeps)
        GROUP ODESolvers_CalledBySolve: Groups internally scheduled by ODESolvers_Solve
          GROUP ODESolvers_RHS: Evaluate the RHS for of state vector everywhere on the grid
            GROUP CanudaX_BSSNMoL_RHSGroup: CanudaX_BSSNMoL: calculate BSSN RHS
              CanudaX_BSSNMoL::CanudaX_BSSNMoL_calc_bssn_rhs: MoL RHS calculation
              CanudaX_BSSNMoL::CanudaX_BSSNMoL_apply_boundary_conditions: Apply radiative boundary conditions 
          GROUP ODESolvers_PostStep: Apply boundary conditions to state vector, and project if necessary
            GROUP CanudaX_BSSNMoL_PostStepGroup: CanudaX_BSSNMoL: post-step operations
              CanudaX_BSSNMoL::CanudaX_BSSNMoL_impose_conf_fac_floor: Make sure conformal factor does not drop below specified value
              CanudaX_BSSNMoL::CanudaX_BSSNMoL_reset_detmetric: reset dethh = 1
              CanudaX_BSSNMoL::CanudaX_BSSNMoL_remove_trA: Remove trace of A
              CanudaX_BSSNMoL::CanudaX_BSSNMoL_sync: [global] Sync state vector
              CanudaX_BSSNMoL::CanudaX_BSSNMoL_bssn2adm: [local] Convert variables back to the ADM ones
            GROUP ADMBaseX_SetADMRHS: Set ADM RHS variables in this group
            GROUP ADMBaseX_SetADMVars: Set ADM variables in this group
            GROUP TmunuBaseX_SetTmunuVars: Schedule group for setting T_munu
              TmunuBaseX::TmunuBaseX_ZeroTmunu: Set T_munu to zero
              GROUP TmunuBaseX_AddToTmunu: Add to T_munu here
      end while
    Evolve finer grids recursively
    Restrict from finer grids
    [CCTK_POSTRESTRICT]
      GROUP ODESolvers_PostStep: Apply boundary conditions to state vector, and project if necessary
        GROUP CanudaX_BSSNMoL_PostStepGroup: CanudaX_BSSNMoL: post-step operations
          CanudaX_BSSNMoL::CanudaX_BSSNMoL_impose_conf_fac_floor: Make sure conformal factor does not drop below specified value
          CanudaX_BSSNMoL::CanudaX_BSSNMoL_reset_detmetric: reset dethh = 1
          CanudaX_BSSNMoL::CanudaX_BSSNMoL_remove_trA: Remove trace of A
          CanudaX_BSSNMoL::CanudaX_BSSNMoL_sync: [global] Sync state vector
          CanudaX_BSSNMoL::CanudaX_BSSNMoL_bssn2adm: [local] Convert variables back to the ADM ones
        GROUP ADMBaseX_SetADMRHS: Set ADM RHS variables in this group
        GROUP ADMBaseX_SetADMVars: Set ADM variables in this group
        GROUP TmunuBaseX_SetTmunuVars: Schedule group for setting T_munu
          TmunuBaseX::TmunuBaseX_ZeroTmunu: Set T_munu to zero
          GROUP TmunuBaseX_AddToTmunu: Add to T_munu here
    [CCTK_POSTSTEP]
      ErrorEstimator::EstimateError: Estimate error
      GROUP ODESolvers_EstimateError: Estimate discretization error (for regridding)
    if (checkpoint)
      [CCTK_CHECKPOINT]
      CarpetX::CarpetX_Checkpoint: [meta] Checkpoint
    endif
    if (analysis)
      [CCTK_ANALYSIS]
      CanudaX_BSSNMoL::CanudaX_BSSNMoL_bssn_constraints: Compute constraints
      GROUP ODESolvers_Analysis: Calculate analysis quantities everywhere
    endif
    Output grid variables
    enddo

  Termination routines
    [CCTK_TERMINATE]
      CarpetX::CarpetX_CheckpointTerminate: [meta] Checkpoint before terminating

  Shutdown routines
    [CCTK_SHUTDOWN]
      CarpetX::Driver_Shutdown: [meta] Shut down the driver

  Routines run after changing the grid hierarchy:
    [CCTK_POSTREGRID]
      GROUP ODESolvers_PostStep: Apply boundary conditions to state vector, and project if necessary
        GROUP CanudaX_BSSNMoL_PostStepGroup: CanudaX_BSSNMoL: post-step operations
          CanudaX_BSSNMoL::CanudaX_BSSNMoL_impose_conf_fac_floor: Make sure conformal factor does not drop below specified value
          CanudaX_BSSNMoL::CanudaX_BSSNMoL_reset_detmetric: reset dethh = 1
          CanudaX_BSSNMoL::CanudaX_BSSNMoL_remove_trA: Remove trace of A
          CanudaX_BSSNMoL::CanudaX_BSSNMoL_sync: [global] Sync state vector
          CanudaX_BSSNMoL::CanudaX_BSSNMoL_bssn2adm: [local] Convert variables back to the ADM ones
        GROUP ADMBaseX_SetADMRHS: Set ADM RHS variables in this group
        GROUP ADMBaseX_SetADMVars: Set ADM variables in this group
        GROUP TmunuBaseX_SetTmunuVars: Schedule group for setting T_munu
          TmunuBaseX::TmunuBaseX_ZeroTmunu: Set T_munu to zero
          GROUP TmunuBaseX_AddToTmunu: Add to T_munu here
--------------------------------------------------------------------------------
INFO (hwloc): library version 2.10.0, API version 0x20800
--------------------------------------------------------------------------------

  [34m  ▕▏  [34m  ▕▏  [34m  ▕▏  [34m  ▕▏  [34m  ▕▏  [34m  ▕▏  [34m  ▕▏  [34m  ▕▏  [34m  ▕▏  [39m  
  [34m──██──[34m──██──[34m──██──[34m──██──[34m──██──[34m──██──[34m──██──[34m──██──[34m──██──[39m  
  [34m  ▕▏  [34m  ▕▏  [34m  ▕▏  [34m  ▕▏  [34m  ▕▏  [34m  ▕▏  [34m  ▕▏  [34m  ▕▏  [34m  ▕▏  [39m  
  [34m  ▕▏  [32m██████[34m  ▕▏  [34m  ▕▏  [32m██████[34m  ▕▏  [34m  ▕▏  [32m██████[34m  ▕▏  [39m  
  [34m──██──[32m██████[34m──██──[34m──██──[32m██████[34m──██──[34m──██──[32m██████[34m──██──[39m  
  [34m  ▕▏  [32m██████[34m  ▕▏  [34m  ▕▏  [32m██████[34m  ▕▏  [34m  ▕▏  [32m██████[34m  ▕▏  [39m  
  [34m  ▕▏  [34m  ▕▏  [34m  ▕▏  [34m  ▕▏  [34m  ▕▏  [34m  ▕▏  [34m  ▕▏  [34m  ▕▏  [34m  ▕▏  [39m  
  [34m──██──[34m──██──[34m──██──[34m──██──[34m──██──[34m──██──[34m──██──[34m──██──[34m──██──[39m  
  [34m  ▕▏  [34m  ▕▏  [34m  ▕▏  [34m  ▕▏  [34m  ▕▏  [34m  ▕▏  [34m  ▕▏  [34m  ▕▏  [34m  ▕▏  [39m  
  [34m  ▕▏  [34m  ▕▏  [34m  ▕▏  [31m██████[31m██████[31m██████[34m  ▕▏  [34m  ▕▏  [34m  ▕▏  [39m  
  [34m──██──[34m──██──[34m──██──[31m██████[31m██████[31m██████[34m──██──[34m──██──[34m──██──[39m  
  [34m  ▕▏  [34m  ▕▏  [34m  ▕▏  [31m██████[31m██████[31m██████[34m  ▕▏  [34m  ▕▏  [34m  ▕▏  [39m  
  [34m  ▕▏  [32m██████[34m  ▕▏  [31m██████[31m██████[31m██████[34m  ▕▏  [32m██████[34m  ▕▏  [39m  
  [34m──██──[32m██████[34m──██──[31m██████[31m██████[31m██████[34m──██──[32m██████[34m──██──[39m  
  [34m  ▕▏  [32m██████[34m  ▕▏  [31m██████[31m██████[31m██████[34m  ▕▏  [32m██████[34m  ▕▏  [39m  
  [34m  ▕▏  [34m  ▕▏  [34m  ▕▏  [31m██████[31m██████[31m██████[34m  ▕▏  [34m  ▕▏  [34m  ▕▏  [39m  
  [34m──██──[34m──██──[34m──██──[31m██████[31m██████[31m██████[34m──██──[34m──██──[34m──██──[39m  
  [34m  ▕▏  [34m  ▕▏  [34m  ▕▏  [31m██████[31m██████[31m██████[34m  ▕▏  [34m  ▕▏  [34m  ▕▏  [39m  
  [34m  ▕▏  [34m  ▕▏  [34m  ▕▏  [34m  ▕▏  [34m  ▕▏  [34m  ▕▏  [34m  ▕▏  [34m  ▕▏  [34m  ▕▏  [39m  
  [34m──██──[34m──██──[34m──██──[34m──██──[34m──██──[34m──██──[34m──██──[34m──██──[34m──██──[39m  
  [34m  ▕▏  [34m  ▕▏  [34m  ▕▏  [34m  ▕▏  [34m  ▕▏  [34m  ▕▏  [34m  ▕▏  [34m  ▕▏  [34m  ▕▏  [39m  
  [34m  ▕▏  [32m██████[34m  ▕▏  [34m  ▕▏  [32m██████[34m  ▕▏  [34m  ▕▏  [32m██████[34m  ▕▏  [39m  
  [34m──██──[32m██████[34m──██──[34m──██──[32m██████[34m──██──[34m──██──[32m██████[34m──██──[39m  
  [34m  ▕▏  [32m██████[34m  ▕▏  [34m  ▕▏  [32m██████[34m  ▕▏  [34m  ▕▏  [32m██████[34m  ▕▏  [39m  
  [34m  ▕▏  [34m  ▕▏  [34m  ▕▏  [34m  ▕▏  [34m  ▕▏  [34m  ▕▏  [34m  ▕▏  [34m  ▕▏  [34m  ▕▏  [39m  
  [34m──██──[34m──██──[34m──██──[34m──██──[34m──██──[34m──██──[34m──██──[34m──██──[34m──██──[39m  
  [34m  ▕▏  [34m  ▕▏  [34m  ▕▏  [34m  ▕▏  [34m  ▕▏  [34m  ▕▏  [34m  ▕▏  [34m  ▕▏  [34m  ▕▏  [39m  

AMR driver provided by CarpetX,
using AMReX 25.11 (MPI, OpenMP, no accelerators, optimized)
--------------------------------------------------------------------------------

Initializing AMReX (25.11)...
MPI initialized with 1 MPI processes
MPI initialized with thread support level 2
OMP initialized with 2 OMP threads
AMReX (25.11) initialized
INFO (CarpetX): 
Symmetries:
  lower x: periodic
  lower y: periodic
  lower z: periodic
  upper x: periodic
  upper y: periodic
  upper z: periodic
Default boundaries:
  lower x: symmetry_boundary
  lower y: symmetry_boundary
  lower z: symmetry_boundary
  upper x: symmetry_boundary
  upper y: symmetry_boundary
  upper z: symmetry_boundary
INFO (Arith): Test_smallvector
INFO (Arith): Test_spvect
INFO (CarpetX): Setting initial values for max_grid_size values for all levels
INFO (CarpetX): Setting up initial conditions...
INFO (CarpetX): Iteration: 0   time: 0   delta_time: 0.00390625
INFO (CarpetX): Patch 0:
INFO (CarpetX):   Grid extent:
INFO (CarpetX):     gsh=[71,15,15]
INFO (CarpetX):     blocking_factor=[8,8,8]
INFO (CarpetX):     max_grid_size=[10000000,10000000,10000000]
INFO (CarpetX):     max_tile_size=[1024000,16,32]
INFO (CarpetX):   Domain extent:
INFO (CarpetX):     xmin=[-0.5,-0.0625,-0.0625]
INFO (CarpetX):     xmax=[0.5,0.0625,0.0625]
INFO (CarpetX):     base dx=[0.015625,0.015625,0.015625]
INFO (CarpetX): Initializing level 0...
INFO (CanudaX_ExactID): Begin Gauge Wave initial data
INFO (CanudaX_ExactID): === End gauge wave initial data ===
INFO (CarpetX): Regridding...
INFO (CarpetX):   level 0: 1 boxes, 4096 cells (100%)
INFO (CarpetX): Initialized 1 levels
INFO (CarpetX): OutputGH: iteration 0, time 0.000000, run time 0 s
INFO (CarpetX): OutputGH done.
INFO (CarpetX): Starting evolution...
INFO (ODESolvers): ODE integrator is RK4
INFO (CarpetX): OutputGH: iteration 1, time 0.003906, run time 1 s
INFO (CarpetX): OutputGH done.
INFO (CarpetX): Simulation time: 0.00390625   Iterations per second: 17.3244   Simulation time per second: 0.0676734
INFO (CarpetX): Grid cells: 4096   Grid cell updates per second: 70960.7
INFO (CarpetX): Performance:
INFO (CarpetX):   total evolution time:            0.0577221 sec
INFO (CarpetX):   total evolution compute time:    0.057703 sec
INFO (CarpetX):   total evolution output time:     1.90735e-05 sec
INFO (CarpetX):   total iterations:                1
INFO (CarpetX):   total cells updated:             4096
INFO (CarpetX):   average iterations per second: 17.3244
INFO (CarpetX):   average cell updates per second: 70960.7
INFO (CarpetX): OutputGH: iteration 2, time 0.007812, run time 1 s
INFO (CarpetX): OutputGH done.
INFO (CarpetX): Simulation time: 0.0078125   Iterations per second: 17.7653   Simulation time per second: 0.0693956
INFO (CarpetX): Grid cells: 4096   Grid cell updates per second: 72766.6
INFO (CarpetX): Performance:
INFO (CarpetX):   total evolution time:            0.112579 sec
INFO (CarpetX):   total evolution compute time:    0.112543 sec
INFO (CarpetX):   total evolution output time:     3.60012e-05 sec
INFO (CarpetX):   total iterations:                2
INFO (CarpetX):   total cells updated:             8192
INFO (CarpetX):   average iterations per second: 17.7653
INFO (CarpetX):   average cell updates per second: 72766.6
INFO (CarpetX): OutputGH: iteration 3, time 0.011719, run time 1 s
INFO (CarpetX): OutputGH done.
INFO (CarpetX): Simulation time: 0.0117188   Iterations per second: 17.9056   Simulation time per second: 0.0699438
INFO (CarpetX): Grid cells: 4096   Grid cell updates per second: 73341.4
INFO (CarpetX): Performance:
INFO (CarpetX):   total evolution time:            0.167545 sec
INFO (CarpetX):   total evolution compute time:    0.167492 sec
INFO (CarpetX):   total evolution output time:     5.29289e-05 sec
INFO (CarpetX):   total iterations:                3
INFO (CarpetX):   total cells updated:             12288
INFO (CarpetX):   average iterations per second: 17.9056
INFO (CarpetX):   average cell updates per second: 73341.4
INFO (CarpetX): OutputGH: iteration 4, time 0.015625, run time 1 s
INFO (CarpetX): OutputGH done.
INFO (CarpetX): Simulation time: 0.015625   Iterations per second: 17.9828   Simulation time per second: 0.0702452
INFO (CarpetX): Grid cells: 4096   Grid cell updates per second: 73657.4
INFO (CarpetX): Performance:
INFO (CarpetX):   total evolution time:            0.222435 sec
INFO (CarpetX):   total evolution compute time:    0.222364 sec
INFO (CarpetX):   total evolution output time:     7.08103e-05 sec
INFO (CarpetX):   total iterations:                4
INFO (CarpetX):   total cells updated:             16384
INFO (CarpetX):   average iterations per second: 17.9828
INFO (CarpetX):   average cell updates per second: 73657.4
INFO (CarpetX): OutputGH: iteration 5, time 0.019531, run time 1 s
INFO (CarpetX): OutputGH done.
INFO (CarpetX): Simulation time: 0.0195312   Iterations per second: 18.0298   Simulation time per second: 0.0704288
INFO (CarpetX): Grid cells: 4096   Grid cell updates per second: 73849.9
INFO (CarpetX): Performance:
INFO (CarpetX):   total evolution time:            0.277319 sec
INFO (CarpetX):   total evolution compute time:    0.277229 sec
INFO (CarpetX):   total evolution output time:     8.98838e-05 sec
INFO (CarpetX):   total iterations:                5
INFO (CarpetX):   total cells updated:             20480
INFO (CarpetX):   average iterations per second: 18.0298
INFO (CarpetX):   average cell updates per second: 73849.9
INFO (CarpetX): OutputGH: iteration 6, time 0.023438, run time 1 s
INFO (CarpetX): OutputGH done.
INFO (CarpetX): Simulation time: 0.0234375   Iterations per second: 18.0634   Simulation time per second: 0.0705602
INFO (CarpetX): Grid cells: 4096   Grid cell updates per second: 73987.7
INFO (CarpetX): Performance:
INFO (CarpetX):   total evolution time:            0.332163 sec
INFO (CarpetX):   total evolution compute time:    0.332055 sec
INFO (CarpetX):   total evolution output time:     0.000108004 sec
INFO (CarpetX):   total iterations:                6
INFO (CarpetX):   total cells updated:             24576
INFO (CarpetX):   average iterations per second: 18.0634
INFO (CarpetX):   average cell updates per second: 73987.7
INFO (CarpetX): OutputGH: iteration 7, time 0.027344, run time 1 s
INFO (CarpetX): OutputGH done.
INFO (CarpetX): Simulation time: 0.0273438   Iterations per second: 18.0872   Simulation time per second: 0.0706531
INFO (CarpetX): Grid cells: 4096   Grid cell updates per second: 74085.1
INFO (CarpetX): Performance:
INFO (CarpetX):   total evolution time:            0.387014 sec
INFO (CarpetX):   total evolution compute time:    0.386889 sec
INFO (CarpetX):   total evolution output time:     0.00012517 sec
INFO (CarpetX):   total iterations:                7
INFO (CarpetX):   total cells updated:             28672
INFO (CarpetX):   average iterations per second: 18.0872
INFO (CarpetX):   average cell updates per second: 74085.1
INFO (CarpetX): OutputGH: iteration 8, time 0.031250, run time 1 s
INFO (CarpetX): OutputGH done.
INFO (CarpetX): Simulation time: 0.03125   Iterations per second: 18.1052   Simulation time per second: 0.0707234
INFO (CarpetX): Grid cells: 4096   Grid cell updates per second: 74158.8
INFO (CarpetX): Performance:
INFO (CarpetX):   total evolution time:            0.441862 sec
INFO (CarpetX):   total evolution compute time:    0.441718 sec
INFO (CarpetX):   total evolution output time:     0.000144005 sec
INFO (CarpetX):   total iterations:                8
INFO (CarpetX):   total cells updated:             32768
INFO (CarpetX):   average iterations per second: 18.1052
INFO (CarpetX):   average cell updates per second: 74158.8
INFO (CarpetX): OutputGH: iteration 9, time 0.035156, run time 1 s
INFO (CarpetX): OutputGH done.
INFO (CarpetX): Simulation time: 0.0351562   Iterations per second: 18.1196   Simulation time per second: 0.0707796
INFO (CarpetX): Grid cells: 4096   Grid cell updates per second: 74217.8
INFO (CarpetX): Performance:
INFO (CarpetX):   total evolution time:            0.4967 sec
INFO (CarpetX):   total evolution compute time:    0.496538 sec
INFO (CarpetX):   total evolution output time:     0.000162125 sec
INFO (CarpetX):   total iterations:                9
INFO (CarpetX):   total cells updated:             36864
INFO (CarpetX):   average iterations per second: 18.1196
INFO (CarpetX):   average cell updates per second: 74217.8
INFO (CarpetX): OutputGH: iteration 10, time 0.039062, run time 1 s
INFO (CarpetX): OutputGH done.
INFO (CarpetX): Simulation time: 0.0390625   Iterations per second: 18.1259   Simulation time per second: 0.0708042
INFO (CarpetX): Grid cells: 4096   Grid cell updates per second: 74243.6
INFO (CarpetX): Performance:
INFO (CarpetX):   total evolution time:            0.551697 sec
INFO (CarpetX):   total evolution compute time:    0.551514 sec
INFO (CarpetX):   total evolution output time:     0.000183105 sec
INFO (CarpetX):   total iterations:                10
INFO (CarpetX):   total cells updated:             40960
INFO (CarpetX):   average iterations per second: 18.1259
INFO (CarpetX):   average cell updates per second: 74243.6
INFO (CarpetX): OutputGH: iteration 11, time 0.042969, run time 1 s
INFO (CarpetX): OutputGH done.
INFO (CarpetX): Simulation time: 0.0429688   Iterations per second: 18.1357   Simulation time per second: 0.0708427
INFO (CarpetX): Grid cells: 4096   Grid cell updates per second: 74284
INFO (CarpetX): Performance:
INFO (CarpetX):   total evolution time:            0.606567 sec
INFO (CarpetX):   total evolution compute time:    0.606365 sec
INFO (CarpetX):   total evolution output time:     0.000201941 sec
INFO (CarpetX):   total iterations:                11
INFO (CarpetX):   total cells updated:             45056
INFO (CarpetX):   average iterations per second: 18.1348
INFO (CarpetX):   average cell updates per second: 74280.3
INFO (CarpetX): OutputGH: iteration 12, time 0.046875, run time 1 s
INFO (CarpetX): OutputGH done.
INFO (CarpetX): Simulation time: 0.046875   Iterations per second: 18.146   Simulation time per second: 0.0708829
INFO (CarpetX): Grid cells: 4096   Grid cell updates per second: 74326.1
INFO (CarpetX): Performance:
INFO (CarpetX):   total evolution time:            0.661394 sec
INFO (CarpetX):   total evolution compute time:    0.661173 sec
INFO (CarpetX):   total evolution output time:     0.000221014 sec
INFO (CarpetX):   total iterations:                12
INFO (CarpetX):   total cells updated:             49152
INFO (CarpetX):   average iterations per second: 18.1435
INFO (CarpetX):   average cell updates per second: 74315.7
INFO (CarpetX): OutputGH: iteration 13, time 0.050781, run time 1 s
INFO (CarpetX): OutputGH done.
INFO (CarpetX): Simulation time: 0.0507812   Iterations per second: 18.1544   Simulation time per second: 0.0709158
INFO (CarpetX): Grid cells: 4096   Grid cell updates per second: 74360.6
INFO (CarpetX): Performance:
INFO (CarpetX):   total evolution time:            0.716247 sec
INFO (CarpetX):   total evolution compute time:    0.716007 sec
INFO (CarpetX):   total evolution output time:     0.000240088 sec
INFO (CarpetX):   total iterations:                13
INFO (CarpetX):   total cells updated:             53248
INFO (CarpetX):   average iterations per second: 18.1502
INFO (CarpetX):   average cell updates per second: 74343.1
INFO (CarpetX): OutputGH: iteration 14, time 0.054688, run time 1 s
INFO (CarpetX): OutputGH done.
INFO (CarpetX): Simulation time: 0.0546875   Iterations per second: 18.1635   Simulation time per second: 0.0709511
INFO (CarpetX): Grid cells: 4096   Grid cell updates per second: 74397.6
INFO (CarpetX): Performance:
INFO (CarpetX):   total evolution time:            0.771056 sec
INFO (CarpetX):   total evolution compute time:    0.770798 sec
INFO (CarpetX):   total evolution output time:     0.000258207 sec
INFO (CarpetX):   total iterations:                14
INFO (CarpetX):   total cells updated:             57344
INFO (CarpetX):   average iterations per second: 18.1569
INFO (CarpetX):   average cell updates per second: 74370.7
INFO (CarpetX): OutputGH: iteration 15, time 0.058594, run time 1 s
INFO (CarpetX): OutputGH done.
INFO (CarpetX): Simulation time: 0.0585938   Iterations per second: 18.171   Simulation time per second: 0.0709803
INFO (CarpetX): Grid cells: 4096   Grid cell updates per second: 74428.2
INFO (CarpetX): Performance:
INFO (CarpetX):   total evolution time:            0.825885 sec
INFO (CarpetX):   total evolution compute time:    0.82561 sec
INFO (CarpetX):   total evolution output time:     0.000275135 sec
INFO (CarpetX):   total iterations:                15
INFO (CarpetX):   total cells updated:             61440
INFO (CarpetX):   average iterations per second: 18.1623
INFO (CarpetX):   average cell updates per second: 74392.9
INFO (CarpetX): OutputGH: iteration 16, time 0.062500, run time 1 s
INFO (CarpetX): OutputGH done.
INFO (CarpetX): Simulation time: 0.0625   Iterations per second: 18.1767   Simulation time per second: 0.0710026
INFO (CarpetX): Grid cells: 4096   Grid cell updates per second: 74451.6
INFO (CarpetX): Performance:
INFO (CarpetX):   total evolution time:            0.880745 sec
INFO (CarpetX):   total evolution compute time:    0.880452 sec
INFO (CarpetX):   total evolution output time:     0.000293016 sec
INFO (CarpetX):   total iterations:                16
INFO (CarpetX):   total cells updated:             65536
INFO (CarpetX):   average iterations per second: 18.1664
INFO (CarpetX):   average cell updates per second: 74409.7
INFO (CarpetX): OutputGH: iteration 17, time 0.066406, run time 1 s
INFO (CarpetX): OutputGH done.
INFO (CarpetX): Simulation time: 0.0664062   Iterations per second: 18.1816   Simulation time per second: 0.071022
INFO (CarpetX): Grid cells: 4096   Grid cell updates per second: 74472
INFO (CarpetX): Performance:
INFO (CarpetX):   total evolution time:            0.93561 sec
INFO (CarpetX):   total evolution compute time:    0.935295 sec
INFO (CarpetX):   total evolution output time:     0.000314951 sec
INFO (CarpetX):   total iterations:                17
INFO (CarpetX):   total cells updated:             69632
INFO (CarpetX):   average iterations per second: 18.17
INFO (CarpetX):   average cell updates per second: 74424.1
INFO (CarpetX): OutputGH: iteration 18, time 0.070312, run time 1 s
INFO (CarpetX): OutputGH done.
INFO (CarpetX): Simulation time: 0.0703125   Iterations per second: 18.1881   Simulation time per second: 0.0710474
INFO (CarpetX): Grid cells: 4096   Grid cell updates per second: 74498.6
INFO (CarpetX): Performance:
INFO (CarpetX):   total evolution time:            0.990414 sec
INFO (CarpetX):   total evolution compute time:    0.990082 sec
INFO (CarpetX):   total evolution output time:     0.000332832 sec
INFO (CarpetX):   total iterations:                18
INFO (CarpetX):   total cells updated:             73728
INFO (CarpetX):   average iterations per second: 18.1742
INFO (CarpetX):   average cell updates per second: 74441.6
INFO (CarpetX): OutputGH: iteration 19, time 0.074219, run time 2 s
INFO (CarpetX): OutputGH done.
INFO (CarpetX): Simulation time: 0.0742188   Iterations per second: 18.1917   Simulation time per second: 0.0710615
INFO (CarpetX): Grid cells: 4096   Grid cell updates per second: 74513.4
INFO (CarpetX): Performance:
INFO (CarpetX):   total evolution time:            1.04529 sec
INFO (CarpetX):   total evolution compute time:    1.04494 sec
INFO (CarpetX):   total evolution output time:     0.000350952 sec
INFO (CarpetX):   total iterations:                19
INFO (CarpetX):   total cells updated:             77824
INFO (CarpetX):   average iterations per second: 18.1768
INFO (CarpetX):   average cell updates per second: 74452.3
INFO (CarpetX): OutputGH: iteration 20, time 0.078125, run time 2 s
INFO (CarpetX): OutputGH done.
INFO (CarpetX): Simulation time: 0.078125   Iterations per second: 18.1958   Simulation time per second: 0.0710773
INFO (CarpetX): Grid cells: 4096   Grid cell updates per second: 74529.9
INFO (CarpetX): Performance:
INFO (CarpetX):   total evolution time:            1.10013 sec
INFO (CarpetX):   total evolution compute time:    1.09976 sec
INFO (CarpetX):   total evolution output time:     0.000370979 sec
INFO (CarpetX):   total iterations:                20
INFO (CarpetX):   total cells updated:             81920
INFO (CarpetX):   average iterations per second: 18.1796
INFO (CarpetX):   average cell updates per second: 74463.6
INFO (CarpetX): OutputGH: iteration 21, time 0.082031, run time 2 s
INFO (CarpetX): OutputGH done.
INFO (CarpetX): Simulation time: 0.0820312   Iterations per second: 18.1945   Simulation time per second: 0.0710724
INFO (CarpetX): Grid cells: 4096   Grid cell updates per second: 74524.9
INFO (CarpetX): Performance:
INFO (CarpetX):   total evolution time:            1.15513 sec
INFO (CarpetX):   total evolution compute time:    1.15474 sec
INFO (CarpetX):   total evolution output time:     0.000389814 sec
INFO (CarpetX):   total iterations:                21
INFO (CarpetX):   total cells updated:             86016
INFO (CarpetX):   average iterations per second: 18.1798
INFO (CarpetX):   average cell updates per second: 74464.4
INFO (CarpetX): OutputGH: iteration 22, time 0.085938, run time 2 s
INFO (CarpetX): OutputGH done.
INFO (CarpetX): Simulation time: 0.0859375   Iterations per second: 18.1978   Simulation time per second: 0.0710853
INFO (CarpetX): Grid cells: 4096   Grid cell updates per second: 74538.3
INFO (CarpetX): Performance:
INFO (CarpetX):   total evolution time:            1.20999 sec
INFO (CarpetX):   total evolution compute time:    1.20958 sec
INFO (CarpetX):   total evolution output time:     0.000408649 sec
INFO (CarpetX):   total iterations:                22
INFO (CarpetX):   total cells updated:             90112
INFO (CarpetX):   average iterations per second: 18.1819
INFO (CarpetX):   average cell updates per second: 74473.3
INFO (CarpetX): OutputGH: iteration 23, time 0.089844, run time 2 s
INFO (CarpetX): OutputGH done.
INFO (CarpetX): Simulation time: 0.0898438   Iterations per second: 18.1997   Simulation time per second: 0.0710925
INFO (CarpetX): Grid cells: 4096   Grid cell updates per second: 74545.9
INFO (CarpetX): Performance:
INFO (CarpetX):   total evolution time:            1.26489 sec
INFO (CarpetX):   total evolution compute time:    1.26446 sec
INFO (CarpetX):   total evolution output time:     0.000427723 sec
INFO (CarpetX):   total iterations:                23
INFO (CarpetX):   total cells updated:             94208
INFO (CarpetX):   average iterations per second: 18.1834
INFO (CarpetX):   average cell updates per second: 74479.3
INFO (CarpetX): OutputGH: iteration 24, time 0.093750, run time 2 s
INFO (CarpetX): OutputGH done.
INFO (CarpetX): Simulation time: 0.09375   Iterations per second: 18.2013   Simulation time per second: 0.0710989
INFO (CarpetX): Grid cells: 4096   Grid cell updates per second: 74552.6
INFO (CarpetX): Performance:
INFO (CarpetX):   total evolution time:            1.31978 sec
INFO (CarpetX):   total evolution compute time:    1.31934 sec
INFO (CarpetX):   total evolution output time:     0.000446796 sec
INFO (CarpetX):   total iterations:                24
INFO (CarpetX):   total cells updated:             98304
INFO (CarpetX):   average iterations per second: 18.1848
INFO (CarpetX):   average cell updates per second: 74484.9
INFO (CarpetX): OutputGH: iteration 25, time 0.097656, run time 2 s
INFO (CarpetX): OutputGH done.
INFO (CarpetX): Simulation time: 0.0976562   Iterations per second: 18.199   Simulation time per second: 0.0710898
INFO (CarpetX): Grid cells: 4096   Grid cell updates per second: 74543
INFO (CarpetX): Performance:
INFO (CarpetX):   total evolution time:            1.3748 sec
INFO (CarpetX):   total evolution compute time:    1.37432 sec
INFO (CarpetX):   total evolution output time:     0.000473976 sec
INFO (CarpetX):   total iterations:                25
INFO (CarpetX):   total cells updated:             102400
INFO (CarpetX):   average iterations per second: 18.1845
INFO (CarpetX):   average cell updates per second: 74483.8
INFO (CarpetX): OutputGH: iteration 26, time 0.101562, run time 2 s
INFO (CarpetX): OutputGH done.
INFO (CarpetX): Simulation time: 0.101562   Iterations per second: 18.202   Simulation time per second: 0.0711017
INFO (CarpetX): Grid cells: 4096   Grid cell updates per second: 74555.5
INFO (CarpetX): Performance:
INFO (CarpetX):   total evolution time:            1.42965 sec
INFO (CarpetX):   total evolution compute time:    1.42916 sec
INFO (CarpetX):   total evolution output time:     0.00049305 sec
INFO (CarpetX):   total iterations:                26
INFO (CarpetX):   total cells updated:             106496
INFO (CarpetX):   average iterations per second: 18.1862
INFO (CarpetX):   average cell updates per second: 74490.9
INFO (CarpetX): OutputGH: iteration 27, time 0.105469, run time 2 s
INFO (CarpetX): OutputGH done.
INFO (CarpetX): Simulation time: 0.105469   Iterations per second: 18.2059   Simulation time per second: 0.0711167
INFO (CarpetX): Grid cells: 4096   Grid cell updates per second: 74571.3
INFO (CarpetX): Performance:
INFO (CarpetX):   total evolution time:            1.48447 sec
INFO (CarpetX):   total evolution compute time:    1.48396 sec
INFO (CarpetX):   total evolution output time:     0.000510931 sec
INFO (CarpetX):   total iterations:                27
INFO (CarpetX):   total cells updated:             110592
INFO (CarpetX):   average iterations per second: 18.1883
INFO (CarpetX):   average cell updates per second: 74499.1
INFO (CarpetX): OutputGH: iteration 28, time 0.109375, run time 2 s
INFO (CarpetX): OutputGH done.
INFO (CarpetX): Simulation time: 0.109375   Iterations per second: 18.2088   Simulation time per second: 0.0711281
INFO (CarpetX): Grid cells: 4096   Grid cell updates per second: 74583.2
INFO (CarpetX): Performance:
INFO (CarpetX):   total evolution time:            1.53931 sec
INFO (CarpetX):   total evolution compute time:    1.53878 sec
INFO (CarpetX):   total evolution output time:     0.000530005 sec
INFO (CarpetX):   total iterations:                28
INFO (CarpetX):   total cells updated:             114688
INFO (CarpetX):   average iterations per second: 18.1899
INFO (CarpetX):   average cell updates per second: 74505.9
INFO (CarpetX): OutputGH: iteration 29, time 0.113281, run time 2 s
INFO (CarpetX): OutputGH done.
INFO (CarpetX): Simulation time: 0.113281   Iterations per second: 18.2118   Simulation time per second: 0.07114
INFO (CarpetX): Grid cells: 4096   Grid cell updates per second: 74595.7
INFO (CarpetX): Performance:
INFO (CarpetX):   total evolution time:            1.59414 sec
INFO (CarpetX):   total evolution compute time:    1.59359 sec
INFO (CarpetX):   total evolution output time:     0.000548124 sec
INFO (CarpetX):   total iterations:                29
INFO (CarpetX):   total cells updated:             118784
INFO (CarpetX):   average iterations per second: 18.1916
INFO (CarpetX):   average cell updates per second: 74512.9
INFO (CarpetX): OutputGH: iteration 30, time 0.117188, run time 2 s
INFO (CarpetX): OutputGH done.
INFO (CarpetX): Simulation time: 0.117188   Iterations per second: 18.2141   Simulation time per second: 0.0711488
INFO (CarpetX): Grid cells: 4096   Grid cell updates per second: 74604.9
INFO (CarpetX): Performance:
INFO (CarpetX):   total evolution time:            1.64898 sec
INFO (CarpetX):   total evolution compute time:    1.64842 sec
INFO (CarpetX):   total evolution output time:     0.000566244 sec
INFO (CarpetX):   total iterations:                30
INFO (CarpetX):   total cells updated:             122880
INFO (CarpetX):   average iterations per second: 18.193
INFO (CarpetX):   average cell updates per second: 74518.7
INFO (CarpetX): OutputGH: iteration 31, time 0.121094, run time 2 s
INFO (CarpetX): OutputGH done.
INFO (CarpetX): Simulation time: 0.121094   Iterations per second: 18.2151   Simulation time per second: 0.0711528
INFO (CarpetX): Grid cells: 4096   Grid cell updates per second: 74609.1
INFO (CarpetX): Performance:
INFO (CarpetX):   total evolution time:            1.70385 sec
INFO (CarpetX):   total evolution compute time:    1.70327 sec
INFO (CarpetX):   total evolution output time:     0.000584126 sec
INFO (CarpetX):   total iterations:                31
INFO (CarpetX):   total cells updated:             126976
INFO (CarpetX):   average iterations per second: 18.1941
INFO (CarpetX):   average cell updates per second: 74522.8
INFO (CarpetX): OutputGH: iteration 32, time 0.125000, run time 2 s
INFO (CarpetX): OutputGH done.
INFO (CarpetX): Simulation time: 0.125   Iterations per second: 18.2161   Simulation time per second: 0.0711566
INFO (CarpetX): Grid cells: 4096   Grid cell updates per second: 74613.1
INFO (CarpetX): Performance:
INFO (CarpetX):   total evolution time:            1.75872 sec
INFO (CarpetX):   total evolution compute time:    1.75812 sec
INFO (CarpetX):   total evolution output time:     0.000602245 sec
INFO (CarpetX):   total iterations:                32
INFO (CarpetX):   total cells updated:             131072
INFO (CarpetX):   average iterations per second: 18.195
INFO (CarpetX):   average cell updates per second: 74526.8
INFO (CarpetX): OutputGH: iteration 33, time 0.128906, run time 2 s
INFO (CarpetX): OutputGH done.
INFO (CarpetX): Simulation time: 0.128906   Iterations per second: 18.2173   Simulation time per second: 0.0711612
INFO (CarpetX): Grid cells: 4096   Grid cell updates per second: 74618
INFO (CarpetX): Performance:
INFO (CarpetX):   total evolution time:            1.81358 sec
INFO (CarpetX):   total evolution compute time:    1.81296 sec
INFO (CarpetX):   total evolution output time:     0.00062108 sec
INFO (CarpetX):   total iterations:                33
INFO (CarpetX):   total cells updated:             135168
INFO (CarpetX):   average iterations per second: 18.196
INFO (CarpetX):   average cell updates per second: 74530.9
INFO (CarpetX): OutputGH: iteration 34, time 0.132812, run time 2 s
INFO (CarpetX): OutputGH done.
INFO (CarpetX): Simulation time: 0.132812   Iterations per second: 18.2192   Simulation time per second: 0.0711689
INFO (CarpetX): Grid cells: 4096   Grid cell updates per second: 74626
INFO (CarpetX): Performance:
INFO (CarpetX):   total evolution time:            1.86842 sec
INFO (CarpetX):   total evolution compute time:    1.86778 sec
INFO (CarpetX):   total evolution output time:     0.000640154 sec
INFO (CarpetX):   total iterations:                34
INFO (CarpetX):   total cells updated:             139264
INFO (CarpetX):   average iterations per second: 18.1972
INFO (CarpetX):   average cell updates per second: 74535.8
INFO (CarpetX): OutputGH: iteration 35, time 0.136719, run time 2 s
INFO (CarpetX): OutputGH done.
INFO (CarpetX): Simulation time: 0.136719   Iterations per second: 18.2209   Simulation time per second: 0.0711754
INFO (CarpetX): Grid cells: 4096   Grid cell updates per second: 74632.8
INFO (CarpetX): Performance:
INFO (CarpetX):   total evolution time:            1.92326 sec
INFO (CarpetX):   total evolution compute time:    1.9226 sec
INFO (CarpetX):   total evolution output time:     0.000658035 sec
INFO (CarpetX):   total iterations:                35
INFO (CarpetX):   total cells updated:             143360
INFO (CarpetX):   average iterations per second: 18.1983
INFO (CarpetX):   average cell updates per second: 74540.3
INFO (CarpetX): OutputGH: iteration 36, time 0.140625, run time 2 s
INFO (CarpetX): OutputGH done.
INFO (CarpetX): Simulation time: 0.140625   Iterations per second: 18.221   Simulation time per second: 0.0711756
INFO (CarpetX): Grid cells: 4096   Grid cell updates per second: 74633.1
INFO (CarpetX): Performance:
INFO (CarpetX):   total evolution time:            1.97814 sec
INFO (CarpetX):   total evolution compute time:    1.97746 sec
INFO (CarpetX):   total evolution output time:     0.000677109 sec
INFO (CarpetX):   total iterations:                36
INFO (CarpetX):   total cells updated:             147456
INFO (CarpetX):   average iterations per second: 18.199
INFO (CarpetX):   average cell updates per second: 74542.9
INFO (CarpetX): OutputGH: iteration 37, time 0.144531, run time 3 s
INFO (CarpetX): OutputGH done.
INFO (CarpetX): Simulation time: 0.144531   Iterations per second: 18.2215   Simulation time per second: 0.0711777
INFO (CarpetX): Grid cells: 4096   Grid cell updates per second: 74635.2
INFO (CarpetX): Performance:
INFO (CarpetX):   total evolution time:            2.033 sec
INFO (CarpetX):   total evolution compute time:    2.03231 sec
INFO (CarpetX):   total evolution output time:     0.000695229 sec
INFO (CarpetX):   total iterations:                37
INFO (CarpetX):   total cells updated:             151552
INFO (CarpetX):   average iterations per second: 18.1997
INFO (CarpetX):   average cell updates per second: 74545.9
INFO (CarpetX): OutputGH: iteration 38, time 0.148438, run time 3 s
INFO (CarpetX): OutputGH done.
INFO (CarpetX): Simulation time: 0.148438   Iterations per second: 18.2226   Simulation time per second: 0.071182
INFO (CarpetX): Grid cells: 4096   Grid cell updates per second: 74639.7
INFO (CarpetX): Performance:
INFO (CarpetX):   total evolution time:            2.08785 sec
INFO (CarpetX):   total evolution compute time:    2.08713 sec
INFO (CarpetX):   total evolution output time:     0.000716209 sec
INFO (CarpetX):   total iterations:                38
INFO (CarpetX):   total cells updated:             155648
INFO (CarpetX):   average iterations per second: 18.2006
INFO (CarpetX):   average cell updates per second: 74549.5
INFO (CarpetX): OutputGH: iteration 39, time 0.152344, run time 3 s
INFO (CarpetX): OutputGH done.
INFO (CarpetX): Simulation time: 0.152344   Iterations per second: 18.2224   Simulation time per second: 0.0711813
INFO (CarpetX): Grid cells: 4096   Grid cell updates per second: 74639
INFO (CarpetX): Performance:
INFO (CarpetX):   total evolution time:            2.14273 sec
INFO (CarpetX):   total evolution compute time:    2.142 sec
INFO (CarpetX):   total evolution output time:     0.000735283 sec
INFO (CarpetX):   total iterations:                39
INFO (CarpetX):   total cells updated:             159744
INFO (CarpetX):   average iterations per second: 18.2011
INFO (CarpetX):   average cell updates per second: 74551.6
INFO (CarpetX): OutputGH: iteration 40, time 0.156250, run time 3 s
INFO (CarpetX): OutputGH done.
INFO (CarpetX): Simulation time: 0.15625   Iterations per second: 18.222   Simulation time per second: 0.0711798
INFO (CarpetX): Grid cells: 4096   Grid cell updates per second: 74637.5
INFO (CarpetX): Performance:
INFO (CarpetX):   total evolution time:            2.19762 sec
INFO (CarpetX):   total evolution compute time:    2.19687 sec
INFO (CarpetX):   total evolution output time:     0.000753164 sec
INFO (CarpetX):   total iterations:                40
INFO (CarpetX):   total cells updated:             163840
INFO (CarpetX):   average iterations per second: 18.2015
INFO (CarpetX):   average cell updates per second: 74553.4
INFO (CarpetX): OutputGH: iteration 41, time 0.160156, run time 3 s
INFO (CarpetX): OutputGH done.
INFO (CarpetX): Simulation time: 0.160156   Iterations per second: 18.2194   Simulation time per second: 0.0711697
INFO (CarpetX): Grid cells: 4096   Grid cell updates per second: 74626.8
INFO (CarpetX): Performance:
INFO (CarpetX):   total evolution time:            2.25258 sec
INFO (CarpetX):   total evolution compute time:    2.2518 sec
INFO (CarpetX):   total evolution output time:     0.000772238 sec
INFO (CarpetX):   total iterations:                41
INFO (CarpetX):   total cells updated:             167936
INFO (CarpetX):   average iterations per second: 18.2014
INFO (CarpetX):   average cell updates per second: 74552.8
INFO (CarpetX): OutputGH: iteration 42, time 0.164062, run time 3 s
INFO (CarpetX): OutputGH done.
INFO (CarpetX): Simulation time: 0.164062   Iterations per second: 18.2191   Simulation time per second: 0.0711683
INFO (CarpetX): Grid cells: 4096   Grid cell updates per second: 74625.3
INFO (CarpetX): Performance:
INFO (CarpetX):   total evolution time:            2.30747 sec
INFO (CarpetX):   total evolution compute time:    2.30668 sec
INFO (CarpetX):   total evolution output time:     0.000791311 sec
INFO (CarpetX):   total iterations:                42
INFO (CarpetX):   total cells updated:             172032
INFO (CarpetX):   average iterations per second: 18.2017
INFO (CarpetX):   average cell updates per second: 74554.3
INFO (CarpetX): OutputGH: iteration 43, time 0.167969, run time 3 s
INFO (CarpetX): OutputGH done.
INFO (CarpetX): Simulation time: 0.167969   Iterations per second: 18.2146   Simulation time per second: 0.0711508
INFO (CarpetX): Grid cells: 4096   Grid cell updates per second: 74607.1
INFO (CarpetX): Performance:
INFO (CarpetX):   total evolution time:            2.3625 sec
INFO (CarpetX):   total evolution compute time:    2.36166 sec
INFO (CarpetX):   total evolution output time:     0.000832319 sec
INFO (CarpetX):   total iterations:                43
INFO (CarpetX):   total cells updated:             176128
INFO (CarpetX):   average iterations per second: 18.2011
INFO (CarpetX):   average cell updates per second: 74551.7
INFO (CarpetX): OutputGH: iteration 44, time 0.171875, run time 3 s
INFO (CarpetX): OutputGH done.
INFO (CarpetX): Simulation time: 0.171875   Iterations per second: 18.216   Simulation time per second: 0.0711562
INFO (CarpetX): Grid cells: 4096   Grid cell updates per second: 74612.6
INFO (CarpetX): Performance:
INFO (CarpetX):   total evolution time:            2.41736 sec
INFO (CarpetX):   total evolution compute time:    2.4165 sec
INFO (CarpetX):   total evolution output time:     0.000851393 sec
INFO (CarpetX):   total iterations:                44
INFO (CarpetX):   total cells updated:             180224
INFO (CarpetX):   average iterations per second: 18.2017
INFO (CarpetX):   average cell updates per second: 74554.2
INFO (CarpetX): OutputGH: iteration 45, time 0.175781, run time 3 s
INFO (CarpetX): OutputGH done.
INFO (CarpetX): Simulation time: 0.175781   Iterations per second: 18.2191   Simulation time per second: 0.0711685
INFO (CarpetX): Grid cells: 4096   Grid cell updates per second: 74625.6
INFO (CarpetX): Performance:
INFO (CarpetX):   total evolution time:            2.47216 sec
INFO (CarpetX):   total evolution compute time:    2.47129 sec
INFO (CarpetX):   total evolution output time:     0.000870466 sec
INFO (CarpetX):   total iterations:                45
INFO (CarpetX):   total cells updated:             184320
INFO (CarpetX):   average iterations per second: 18.2027
INFO (CarpetX):   average cell updates per second: 74558.3
INFO (CarpetX): OutputGH: iteration 46, time 0.179688, run time 3 s
INFO (CarpetX): OutputGH done.
INFO (CarpetX): Simulation time: 0.179688   Iterations per second: 18.2196   Simulation time per second: 0.0711703
INFO (CarpetX): Grid cells: 4096   Grid cell updates per second: 74627.5
INFO (CarpetX): Performance:
INFO (CarpetX):   total evolution time:            2.52703 sec
INFO (CarpetX):   total evolution compute time:    2.52614 sec
INFO (CarpetX):   total evolution output time:     0.000888586 sec
INFO (CarpetX):   total iterations:                46
INFO (CarpetX):   total cells updated:             188416
INFO (CarpetX):   average iterations per second: 18.2032
INFO (CarpetX):   average cell updates per second: 74560.2
INFO (CarpetX): OutputGH: iteration 47, time 0.183594, run time 3 s
INFO (CarpetX): OutputGH done.
INFO (CarpetX): Simulation time: 0.183594   Iterations per second: 18.2187   Simulation time per second: 0.0711669
INFO (CarpetX): Grid cells: 4096   Grid cell updates per second: 74623.9
INFO (CarpetX): Performance:
INFO (CarpetX):   total evolution time:            2.58194 sec
INFO (CarpetX):   total evolution compute time:    2.58104 sec
INFO (CarpetX):   total evolution output time:     0.00090766 sec
INFO (CarpetX):   total iterations:                47
INFO (CarpetX):   total cells updated:             192512
INFO (CarpetX):   average iterations per second: 18.2033
INFO (CarpetX):   average cell updates per second: 74560.9
INFO (CarpetX): OutputGH: iteration 48, time 0.187500, run time 3 s
INFO (CarpetX): OutputGH done.
INFO (CarpetX): Simulation time: 0.1875   Iterations per second: 18.2184   Simulation time per second: 0.0711654
INFO (CarpetX): Grid cells: 4096   Grid cell updates per second: 74622.4
INFO (CarpetX): Performance:
INFO (CarpetX):   total evolution time:            2.63684 sec
INFO (CarpetX):   total evolution compute time:    2.63591 sec
INFO (CarpetX):   total evolution output time:     0.000928879 sec
INFO (CarpetX):   total iterations:                48
INFO (CarpetX):   total cells updated:             196608
INFO (CarpetX):   average iterations per second: 18.2036
INFO (CarpetX):   average cell updates per second: 74561.9
INFO (CarpetX): OutputGH: iteration 49, time 0.191406, run time 3 s
INFO (CarpetX): OutputGH done.
INFO (CarpetX): Simulation time: 0.191406   Iterations per second: 18.2191   Simulation time per second: 0.0711685
INFO (CarpetX): Grid cells: 4096   Grid cell updates per second: 74625.6
INFO (CarpetX): Performance:
INFO (CarpetX):   total evolution time:            2.69171 sec
INFO (CarpetX):   total evolution compute time:    2.69076 sec
INFO (CarpetX):   total evolution output time:     0.00094676 sec
INFO (CarpetX):   total iterations:                49
INFO (CarpetX):   total cells updated:             200704
INFO (CarpetX):   average iterations per second: 18.204
INFO (CarpetX):   average cell updates per second: 74563.8
INFO (CarpetX): OutputGH: iteration 50, time 0.195312, run time 3 s
INFO (CarpetX): OutputGH done.
INFO (CarpetX): Simulation time: 0.195312   Iterations per second: 18.2201   Simulation time per second: 0.0711723
INFO (CarpetX): Grid cells: 4096   Grid cell updates per second: 74629.6
INFO (CarpetX): Performance:
INFO (CarpetX):   total evolution time:            2.74657 sec
INFO (CarpetX):   total evolution compute time:    2.7456 sec
INFO (CarpetX):   total evolution output time:     0.000965595 sec
INFO (CarpetX):   total iterations:                50
INFO (CarpetX):   total cells updated:             204800
INFO (CarpetX):   average iterations per second: 18.2045
INFO (CarpetX):   average cell updates per second: 74565.8
INFO (CarpetX): OutputGH: iteration 51, time 0.199219, run time 3 s
INFO (CarpetX): OutputGH done.
INFO (CarpetX): Simulation time: 0.199219   Iterations per second: 18.2217   Simulation time per second: 0.0711786
INFO (CarpetX): Grid cells: 4096   Grid cell updates per second: 74636.2
INFO (CarpetX): Performance:
INFO (CarpetX):   total evolution time:            2.8014 sec
INFO (CarpetX):   total evolution compute time:    2.80042 sec
INFO (CarpetX):   total evolution output time:     0.000983477 sec
INFO (CarpetX):   total iterations:                51
INFO (CarpetX):   total cells updated:             208896
INFO (CarpetX):   average iterations per second: 18.2052
INFO (CarpetX):   average cell updates per second: 74568.4
INFO (CarpetX): OutputGH: iteration 52, time 0.203125, run time 3 s
INFO (CarpetX): OutputGH done.
INFO (CarpetX): Simulation time: 0.203125   Iterations per second: 18.2226   Simulation time per second: 0.0711821
INFO (CarpetX): Grid cells: 4096   Grid cell updates per second: 74639.8
INFO (CarpetX): Performance:
INFO (CarpetX):   total evolution time:            2.85626 sec
INFO (CarpetX):   total evolution compute time:    2.85525 sec
INFO (CarpetX):   total evolution output time:     0.00100136 sec
INFO (CarpetX):   total iterations:                52
INFO (CarpetX):   total cells updated:             212992
INFO (CarpetX):   average iterations per second: 18.2057
INFO (CarpetX):   average cell updates per second: 74570.4
INFO (CarpetX): OutputGH: iteration 53, time 0.207031, run time 3 s
INFO (CarpetX): OutputGH done.
INFO (CarpetX): Simulation time: 0.207031   Iterations per second: 18.2241   Simulation time per second: 0.0711877
INFO (CarpetX): Grid cells: 4096   Grid cell updates per second: 74645.7
INFO (CarpetX): Performance:
INFO (CarpetX):   total evolution time:            2.91109 sec
INFO (CarpetX):   total evolution compute time:    2.91007 sec
INFO (CarpetX):   total evolution output time:     0.00101852 sec
INFO (CarpetX):   total iterations:                53
INFO (CarpetX):   total cells updated:             217088
INFO (CarpetX):   average iterations per second: 18.2062
INFO (CarpetX):   average cell updates per second: 74572.8
INFO (CarpetX): OutputGH: iteration 54, time 0.210938, run time 3 s
INFO (CarpetX): OutputGH done.
INFO (CarpetX): Simulation time: 0.210938   Iterations per second: 18.226   Simulation time per second: 0.0711954
INFO (CarpetX): Grid cells: 4096   Grid cell updates per second: 74653.8
INFO (CarpetX): Performance:
INFO (CarpetX):   total evolution time:            2.9659 sec
INFO (CarpetX):   total evolution compute time:    2.96486 sec
INFO (CarpetX):   total evolution output time:     0.00103855 sec
INFO (CarpetX):   total iterations:                54
INFO (CarpetX):   total cells updated:             221184
INFO (CarpetX):   average iterations per second: 18.2069
INFO (CarpetX):   average cell updates per second: 74575.6
INFO (CarpetX): OutputGH: iteration 55, time 0.214844, run time 3 s
INFO (CarpetX): OutputGH done.
INFO (CarpetX): Simulation time: 0.214844   Iterations per second: 18.2246   Simulation time per second: 0.0711898
INFO (CarpetX): Grid cells: 4096   Grid cell updates per second: 74647.9
INFO (CarpetX): Performance:
INFO (CarpetX):   total evolution time:            3.02081 sec
INFO (CarpetX):   total evolution compute time:    3.01975 sec
INFO (CarpetX):   total evolution output time:     0.00105953 sec
INFO (CarpetX):   total iterations:                55
INFO (CarpetX):   total cells updated:             225280
INFO (CarpetX):   average iterations per second: 18.207
INFO (CarpetX):   average cell updates per second: 74576
INFO (CarpetX): OutputGH: iteration 56, time 0.218750, run time 4 s
INFO (CarpetX): OutputGH done.
INFO (CarpetX): Simulation time: 0.21875   Iterations per second: 18.2249   Simulation time per second: 0.0711912
INFO (CarpetX): Grid cells: 4096   Grid cell updates per second: 74649.4
INFO (CarpetX): Performance:
INFO (CarpetX):   total evolution time:            3.07567 sec
INFO (CarpetX):   total evolution compute time:    3.07459 sec
INFO (CarpetX):   total evolution output time:     0.00107765 sec
INFO (CarpetX):   total iterations:                56
INFO (CarpetX):   total cells updated:             229376
INFO (CarpetX):   average iterations per second: 18.2074
INFO (CarpetX):   average cell updates per second: 74577.5
INFO (CarpetX): OutputGH: iteration 57, time 0.222656, run time 4 s
INFO (CarpetX): OutputGH done.
INFO (CarpetX): Simulation time: 0.222656   Iterations per second: 18.2269   Simulation time per second: 0.0711987
INFO (CarpetX): Grid cells: 4096   Grid cell updates per second: 74657.2
INFO (CarpetX): Performance:
INFO (CarpetX):   total evolution time:            3.13048 sec
INFO (CarpetX):   total evolution compute time:    3.12939 sec
INFO (CarpetX):   total evolution output time:     0.00109553 sec
INFO (CarpetX):   total iterations:                57
INFO (CarpetX):   total cells updated:             233472
INFO (CarpetX):   average iterations per second: 18.208
INFO (CarpetX):   average cell updates per second: 74580.2
INFO (CarpetX): OutputGH: iteration 58, time 0.226562, run time 4 s
INFO (CarpetX): OutputGH done.
INFO (CarpetX): Simulation time: 0.226562   Iterations per second: 18.227   Simulation time per second: 0.0711994
INFO (CarpetX): Grid cells: 4096   Grid cell updates per second: 74657.9
INFO (CarpetX): Performance:
INFO (CarpetX):   total evolution time:            3.18534 sec
INFO (CarpetX):   total evolution compute time:    3.18423 sec
INFO (CarpetX):   total evolution output time:     0.00111341 sec
INFO (CarpetX):   total iterations:                58
INFO (CarpetX):   total cells updated:             237568
INFO (CarpetX):   average iterations per second: 18.2084
INFO (CarpetX):   average cell updates per second: 74581.6
INFO (CarpetX): OutputGH: iteration 59, time 0.230469, run time 4 s
INFO (CarpetX): OutputGH done.
INFO (CarpetX): Simulation time: 0.230469   Iterations per second: 18.2187   Simulation time per second: 0.0711669
INFO (CarpetX): Grid cells: 4096   Grid cell updates per second: 74623.9
INFO (CarpetX): Performance:
INFO (CarpetX):   total evolution time:            3.24046 sec
INFO (CarpetX):   total evolution compute time:    3.23932 sec
INFO (CarpetX):   total evolution output time:     0.0011375 sec
INFO (CarpetX):   total iterations:                59
INFO (CarpetX):   total cells updated:             241664
INFO (CarpetX):   average iterations per second: 18.2073
INFO (CarpetX):   average cell updates per second: 74577.1
INFO (CarpetX): OutputGH: iteration 60, time 0.234375, run time 4 s
INFO (CarpetX): OutputGH done.
INFO (CarpetX): Simulation time: 0.234375   Iterations per second: 18.222   Simulation time per second: 0.0711797
INFO (CarpetX): Grid cells: 4096   Grid cell updates per second: 74637.3
INFO (CarpetX): Performance:
INFO (CarpetX):   total evolution time:            3.29525 sec
INFO (CarpetX):   total evolution compute time:    3.29409 sec
INFO (CarpetX):   total evolution output time:     0.00115561 sec
INFO (CarpetX):   total iterations:                60
INFO (CarpetX):   total cells updated:             245760
INFO (CarpetX):   average iterations per second: 18.208
INFO (CarpetX):   average cell updates per second: 74580.1
INFO (CarpetX): OutputGH: iteration 61, time 0.238281, run time 4 s
INFO (CarpetX): OutputGH done.
INFO (CarpetX): Simulation time: 0.238281   Iterations per second: 18.2199   Simulation time per second: 0.0711714
INFO (CarpetX): Grid cells: 4096   Grid cell updates per second: 74628.7
INFO (CarpetX): Performance:
INFO (CarpetX):   total evolution time:            3.35019 sec
INFO (CarpetX):   total evolution compute time:    3.349 sec
INFO (CarpetX):   total evolution output time:     0.00119162 sec
INFO (CarpetX):   total iterations:                61
INFO (CarpetX):   total cells updated:             249856
INFO (CarpetX):   average iterations per second: 18.2079
INFO (CarpetX):   average cell updates per second: 74579.7
INFO (CarpetX): OutputGH: iteration 62, time 0.242188, run time 4 s
INFO (CarpetX): OutputGH done.
INFO (CarpetX): Simulation time: 0.242188   Iterations per second: 18.2182   Simulation time per second: 0.0711647
INFO (CarpetX): Grid cells: 4096   Grid cell updates per second: 74621.6
INFO (CarpetX): Performance:
INFO (CarpetX):   total evolution time:            3.40513 sec
INFO (CarpetX):   total evolution compute time:    3.4039 sec
INFO (CarpetX):   total evolution output time:     0.00122666 sec
INFO (CarpetX):   total iterations:                62
INFO (CarpetX):   total cells updated:             253952
INFO (CarpetX):   average iterations per second: 18.2078
INFO (CarpetX):   average cell updates per second: 74579.3
INFO (CarpetX): OutputGH: iteration 63, time 0.246094, run time 4 s
INFO (CarpetX): OutputGH done.
INFO (CarpetX): Simulation time: 0.246094   Iterations per second: 18.218   Simulation time per second: 0.0711641
INFO (CarpetX): Grid cells: 4096   Grid cell updates per second: 74620.9
INFO (CarpetX): Performance:
INFO (CarpetX):   total evolution time:            3.46002 sec
INFO (CarpetX):   total evolution compute time:    3.45877 sec
INFO (CarpetX):   total evolution output time:     0.00124788 sec
INFO (CarpetX):   total iterations:                63
INFO (CarpetX):   total cells updated:             258048
INFO (CarpetX):   average iterations per second: 18.208
INFO (CarpetX):   average cell updates per second: 74579.9
INFO (CarpetX): OutputGH: iteration 64, time 0.250000, run time 4 s
INFO (CarpetX): OutputGH done.
INFO (CarpetX): Simulation time: 0.25   Iterations per second: 17.5635   Simulation time per second: 0.0686074
INFO (CarpetX): Grid cells: 4096   Grid cell updates per second: 71940
INFO (CarpetX): Performance:
INFO (CarpetX):   total evolution time:            3.53537 sec
INFO (CarpetX):   total evolution compute time:    3.52082 sec
INFO (CarpetX):   total evolution output time:     0.0145497 sec
INFO (CarpetX):   total iterations:                64
INFO (CarpetX):   total cells updated:             262144
INFO (CarpetX):   average iterations per second: 18.1028
INFO (CarpetX):   average cell updates per second: 74149
INFO (CarpetX): Shutting down...
AMReX (25.11) finalized
--------------------------------------------------------------------------------
Done.

real	0m3.929s
user	0m6.618s
sys	0m0.095s
+ echo Stopping:
Stopping:
+ date
Mon Feb 16 10:50:30 PM UTC 2026
+ echo Done.
Done.
  Elapsed time: 3.9 s
