/__w/canudax-tests/workspace/simulations/TestJob01_temp_1/output-0000/TEST/sim/CanudaX_BSSNMoL
Preparing:
+ set -e
+ cd output-0000-active
+ echo Checking:
Checking:
+ pwd
/__w/canudax-tests/workspace/simulations/TestJob01_temp_1/output-0000/TEST/sim/CanudaX_BSSNMoL/output-0000-active
+ hostname
afc1b99b5407
+ date
Fri Apr 17 05:19:21 PM UTC 2026
+ echo Environment:
Environment:
+ export SIMULATION_ID=simulation-TestJob01_temp_1-actions-cpu-real64-actions-root-2026.04.17-17.19.12-15620
+ SIMULATION_ID=simulation-TestJob01_temp_1-actions-cpu-real64-actions-root-2026.04.17-17.19.12-15620
+ export CACTUS_NUM_PROCS=1
+ CACTUS_NUM_PROCS=1
+ export CACTUS_NUM_THREADS=2
+ CACTUS_NUM_THREADS=2
+ export CACTUS_SET_THREAD_BINDINGS=0
+ CACTUS_SET_THREAD_BINDINGS=0
+ export GLIBCXX_FORCE_NEW=1
+ GLIBCXX_FORCE_NEW=1
+ export GMON_OUT_PREFIX=gmon.out
+ GMON_OUT_PREFIX=gmon.out
+ export OMP_DISPLAY_ENV=TRUE
+ OMP_DISPLAY_ENV=TRUE
+ export OMP_MAX_TASKS=100
+ OMP_MAX_TASKS=100
+ export OMP_NUM_THREADS=2
+ OMP_NUM_THREADS=2
+ export OMP_PLACES=cores
+ OMP_PLACES=cores
+ export OMP_PROC_BIND=FALSE
+ OMP_PROC_BIND=FALSE
+ export OMP_STACKSIZE=8192
+ OMP_STACKSIZE=8192
+ env
+ sort
+ echo Starting:
Starting:
++ date +%s
+ export CACTUS_STARTTIME=1776446361
+ CACTUS_STARTTIME=1776446361
+ mpiexec -n 1 /__w/canudax-tests/workspace/simulations/TestJob01_temp_1/SIMFACTORY/exe/cactus_sim -L 3 /__w/canudax-tests/workspace/simulations/TestJob01_temp_1/output-0000/arrangements/CanudaX/CanudaX_BSSNMoL/test/minkowski.par

OPENMP DISPLAY ENVIRONMENT BEGIN
  _OPENMP = '201511'
  [host] OMP_DYNAMIC = 'FALSE'
  [host] OMP_NESTED = 'FALSE'
  [host] OMP_NUM_THREADS = '2'
  [host] OMP_SCHEDULE = 'DYNAMIC'
  [host] OMP_PROC_BIND = 'FALSE'
  [host] OMP_PLACES = ''
  [host] OMP_STACKSIZE = '8388608'
  [host] OMP_WAIT_POLICY = 'PASSIVE'
  [host] OMP_THREAD_LIMIT = '4294967295'
  [host] OMP_MAX_ACTIVE_LEVELS = '1'
  [host] OMP_NUM_TEAMS = '0'
  [host] OMP_TEAMS_THREAD_LIMIT = '0'
  [all] OMP_CANCELLATION = 'FALSE'
  [all] OMP_DEFAULT_DEVICE = '0'
  [all] OMP_MAX_TASK_PRIORITY = '0'
  [all] OMP_DISPLAY_AFFINITY = 'FALSE'
  [host] OMP_AFFINITY_FORMAT = 'level %L thread %i affinity %A'
  [host] OMP_ALLOCATOR = 'omp_default_mem_alloc'
  [all] OMP_TARGET_OFFLOAD = 'DEFAULT'
OPENMP DISPLAY ENVIRONMENT END
INFO (Cactus): Increased logging level from 0 to 3
--------------------------------------------------------------------------------

       10                                  
  1   0101       ************************  
  01  1010 10      The Cactus Code V4.18.0    
 1010 1101 011      www.cactuscode.org     
  1001 100101    ************************  
    00010101                               
     100011     (c) Copyright The Authors  
      0100      GNU Licensed. No Warranty  
      0101                                 
--------------------------------------------------------------------------------

Cactus version:    4.18.0
Compile date:      Apr 17 2026 (17:19:05)
Run date:          Apr 17 2026 (17:19:21+0000)
Run host:          afc1b99b5407 (pid=15929)
Working directory: /__w/canudax-tests/workspace/simulations/TestJob01_temp_1/output-0000/TEST/sim/CanudaX_BSSNMoL
Executable:        /__w/canudax-tests/workspace/simulations/TestJob01_temp_1/SIMFACTORY/exe/cactus_sim
Parameter file:    /__w/canudax-tests/workspace/simulations/TestJob01_temp_1/output-0000/arrangements/CanudaX/CanudaX_BSSNMoL/test/minkowski.par
--------------------------------------------------------------------------------

Activating thorn Cactus...Success -> active implementation Cactus
Activation requested for 
--->ADMBaseX CanudaX_BSSNMoL CanudaX_ExactID CarpetX IOUtil ODESolvers TmunuBaseX<---
Thorn ADMBaseX requests automatic activation of Loop
Thorn CarpetX requests automatic activation of AMReX
Thorn CarpetX requests automatic activation of MPI
Thorn CarpetX requests automatic activation of yaml_cpp
Thorn CarpetX requests automatic activation of zlib
Thorn CarpetX requests automatic activation of Arith
Thorn CarpetX requests automatic activation of CarpetXRegrid
Thorn CarpetX requests automatic activation of ADIOS2
Thorn CarpetX requests automatic activation of openPMD
Thorn CarpetX requests automatic activation of Silo
Thorn ODESolvers requests automatic activation of Subcycling
Thorn Arith requests automatic activation of NSIMD
Thorn MPI requests automatic activation of hwloc
Thorn openPMD requests automatic activation of HDF5
Activating thorn ADIOS2...Success -> active implementation ADIOS2
Activating thorn ADMBaseX...Success -> active implementation ADMBaseX
Activating thorn AMReX...Success -> active implementation AMReX
Activating thorn Arith...Success -> active implementation Arith
Activating thorn CanudaX_BSSNMoL...Success -> active implementation CanudaX_BSSNMoL
Activating thorn CanudaX_ExactID...Success -> active implementation CanudaX_ExactID
Activating thorn CarpetX...Success -> active implementation Driver
Activating thorn CarpetXRegrid...Success -> active implementation CarpetXRegrid
Activating thorn HDF5...Success -> active implementation HDF5
Activating thorn hwloc...Success -> active implementation hwloc
Activating thorn IOUtil...Success -> active implementation IO
Activating thorn Loop...Success -> active implementation Loop
Activating thorn MPI...Success -> active implementation MPI
Activating thorn NSIMD...Success -> active implementation NSIMD
Activating thorn ODESolvers...Success -> active implementation ODESolvers
Activating thorn openPMD...Success -> active implementation openPMD
Activating thorn Silo...Success -> active implementation Silo
Activating thorn Subcycling...Success -> active implementation Subcycling
Activating thorn TmunuBaseX...Success -> active implementation TmunuBaseX
Activating thorn yaml_cpp...Success -> active implementation yaml_cpp
Activating thorn zlib...Success -> active implementation zlib
--------------------------------------------------------------------------------
  if (recover initial data)
    Recover parameters
  endif

  Startup routines
    [CCTK_STARTUP]
      CarpetX::Driver_Startup: Start up the driver
      IOUtil::IOUtil_Startup: Startup routine
      GROUP hwloc_startup: hwloc startup group
        hwloc::hwloc_version: Output hwloc version

  Startup routines which need an existing grid hierarchy
    [CCTK_WRAGH]
      Arith::Test_smallvector: [meta] Test small vectors
      Arith::Test_spvect: [meta] Test sparse vectors
      ODESolvers::ODESolvers_InitConstants: [global] Set up dummy loop counters for schedule printout
  Parameter checking routines
    [CCTK_PARAMCHECK]
      CanudaX_BSSNMoL::CanudaX_BSSNMoL_paramcheck: Check CanudaX_BSSNMoL parameters for consistency

  Initialisation
    if (NOT (recover initial data AND recovery_mode is 'strict'))
      [CCTK_PREREGRIDINITIAL]
      Set up grid hierarchy
      [CCTK_POSTREGRIDINITIAL]
      [CCTK_BASEGRID]
        CarpetXRegrid::CarpetXRegrid_InitError: Initialize regridding error to zero
        GROUP ODESolvers_BaseGrid: Set up constants (e.g. coordinates) everywhere on the grid
      [CCTK_INITIAL]
        GROUP TmunuBaseX_SetTmunuVars: Schedule group for setting T_munu
          TmunuBaseX::TmunuBaseX_ZeroTmunu: Set T_munu to zero
          GROUP TmunuBaseX_AddToTmunu: Add to T_munu here
        GROUP ODESolvers_Initial: Set up initial conditions on interior of state vector
          GROUP ADMBaseX_InitialData: Schedule group for calculating ADM initial data
            ADMBaseX::ADMBaseX_initial_data: Set up Cartesian Minkowski initial data
            GROUP CanudaX_ExactIDGroup: CanudaX_ExactID group for setting up initial data
          GROUP ADMBaseX_InitialGauge: Schedule group for the ADM initial gauge condition
            ADMBaseX::ADMBaseX_initial_lapse: Set lapse to one
            ADMBaseX::ADMBaseX_initial_dtlapse: Set dtlapse to zero
            ADMBaseX::ADMBaseX_initial_shift: Set shift to zero
            ADMBaseX::ADMBaseX_initial_dtshift: Set dtshift to zero
          GROUP ADMBaseX_PostInitial: Schedule group for modifying the ADM initial data, such as e.g. adding noise
        GROUP Subcycling_RMBndryGroup: Check if the ghost points are at refinement boundary
          Subcycling::Subcycling_SetLevelNeighbor: Set isrmbndry
          Subcycling::Subcycling_SetIsRMBndry: Set isrmbndry
        GROUP CanudaX_BSSNMoL_InitialGroup: CanudaX_BSSNMoL: initial bin
          CanudaX_BSSNMoL::CanudaX_BSSNMoL_adm2bssn: [local] Convert initial data into BSSN variables
          CanudaX_BSSNMoL::CanudaX_BSSNMoL_gammat: [local] Set Gammat initial data
      [CCTK_POSTINITIAL]
        GROUP ODESolvers_PostStep: Apply boundary conditions to state vector, and project if necessary
          GROUP CanudaX_BSSNMoL_PostStepGroup: CanudaX_BSSNMoL: post-step operations
            CanudaX_BSSNMoL::CanudaX_BSSNMoL_impose_conf_fac_floor: Make sure conformal factor does not drop below specified value
            CanudaX_BSSNMoL::CanudaX_BSSNMoL_reset_detmetric: reset dethh = 1
            CanudaX_BSSNMoL::CanudaX_BSSNMoL_remove_trA: Remove trace of A
          GROUP ADMBaseX_SetADMRHS: Set ADM RHS variables in this group
          CanudaX_BSSNMoL::CanudaX_BSSNMoL_sync: [global] Sync state vector
          GROUP ADMBaseX_SetADMVars: Set ADM variables in this group
            CanudaX_BSSNMoL::CanudaX_BSSNMoL_bssn2adm: [local] Convert variables back to the ADM ones
          GROUP TmunuBaseX_SetTmunuVars: Schedule group for setting T_munu
            TmunuBaseX::TmunuBaseX_ZeroTmunu: Set T_munu to zero
            GROUP TmunuBaseX_AddToTmunu: Add to T_munu here
        GROUP ODESolvers_EstimateError: Estimate discretization error (for regridding)
      Initialise finer grids recursively
      Restrict from finer grids
      [CCTK_POSTRESTRICTINITIAL]
      [CCTK_POSTPOSTINITIAL]
      [CCTK_POSTSTEP]
        GROUP ODESolvers_EstimateError: Estimate discretization error (for regridding)
    endif
    if (recover initial data)
      [CCTK_BASEGRID]
        CarpetXRegrid::CarpetXRegrid_InitError: Initialize regridding error to zero
        GROUP ODESolvers_BaseGrid: Set up constants (e.g. coordinates) everywhere on the grid
      [CCTK_RECOVER_VARIABLES]
      [CCTK_POST_RECOVER_VARIABLES]
        GROUP ODESolvers_PostStep: Apply boundary conditions to state vector, and project if necessary
          GROUP CanudaX_BSSNMoL_PostStepGroup: CanudaX_BSSNMoL: post-step operations
            CanudaX_BSSNMoL::CanudaX_BSSNMoL_impose_conf_fac_floor: Make sure conformal factor does not drop below specified value
            CanudaX_BSSNMoL::CanudaX_BSSNMoL_reset_detmetric: reset dethh = 1
            CanudaX_BSSNMoL::CanudaX_BSSNMoL_remove_trA: Remove trace of A
          GROUP ADMBaseX_SetADMRHS: Set ADM RHS variables in this group
          CanudaX_BSSNMoL::CanudaX_BSSNMoL_sync: [global] Sync state vector
          GROUP ADMBaseX_SetADMVars: Set ADM variables in this group
            CanudaX_BSSNMoL::CanudaX_BSSNMoL_bssn2adm: [local] Convert variables back to the ADM ones
          GROUP TmunuBaseX_SetTmunuVars: Schedule group for setting T_munu
            TmunuBaseX::TmunuBaseX_ZeroTmunu: Set T_munu to zero
            GROUP TmunuBaseX_AddToTmunu: Add to T_munu here
        GROUP ODESolvers_EstimateError: Estimate discretization error (for regridding)
        GROUP Subcycling_RMBndryGroup: Check if the ghost points are at refinement boundary
          Subcycling::Subcycling_SetLevelNeighbor: Set isrmbndry
          Subcycling::Subcycling_SetIsRMBndry: Set isrmbndry
    endif
    if (checkpoint initial data)
      [CCTK_CPINITIAL]
        CarpetX::CarpetX_CheckpointInitial: [meta] Checkpoint initial conditions
    endif
    if (analysis)
      [CCTK_ANALYSIS]
        CanudaX_BSSNMoL::CanudaX_BSSNMoL_calc_ricci_for_constraints: MoL ricci tensor and scalar calculation
        CanudaX_BSSNMoL::CanudaX_BSSNMoL_bssn_constraints: Compute constraints
        GROUP ODESolvers_Analysis: Calculate analysis quantities everywhere
  endif
  Output grid variables

  do loop over timesteps
    [CCTK_PREREGRID]
    Change grid hierarchy
    [CCTK_POSTREGRID]
      GROUP ODESolvers_PostStep: Apply boundary conditions to state vector, and project if necessary
        GROUP CanudaX_BSSNMoL_PostStepGroup: CanudaX_BSSNMoL: post-step operations
          CanudaX_BSSNMoL::CanudaX_BSSNMoL_impose_conf_fac_floor: Make sure conformal factor does not drop below specified value
          CanudaX_BSSNMoL::CanudaX_BSSNMoL_reset_detmetric: reset dethh = 1
          CanudaX_BSSNMoL::CanudaX_BSSNMoL_remove_trA: Remove trace of A
        GROUP ADMBaseX_SetADMRHS: Set ADM RHS variables in this group
        CanudaX_BSSNMoL::CanudaX_BSSNMoL_sync: [global] Sync state vector
        GROUP ADMBaseX_SetADMVars: Set ADM variables in this group
          CanudaX_BSSNMoL::CanudaX_BSSNMoL_bssn2adm: [local] Convert variables back to the ADM ones
        GROUP TmunuBaseX_SetTmunuVars: Schedule group for setting T_munu
          TmunuBaseX::TmunuBaseX_ZeroTmunu: Set T_munu to zero
          GROUP TmunuBaseX_AddToTmunu: Add to T_munu here
      GROUP Subcycling_RMBndryGroup: Check if the ghost points are at refinement boundary
        Subcycling::Subcycling_SetLevelNeighbor: Set isrmbndry
        Subcycling::Subcycling_SetIsRMBndry: Set isrmbndry
    Rotate timelevels
    iteration = iteration+1
    t = t+dt
    [CCTK_PRESTEP]
    [CCTK_EVOL]
      ODESolvers::ODESolvers_Solve_Subcycling: [level] Solve ODEs using Subcycling
      while (ODESolvers::do_substeps)
        GROUP ODESolvers_CalledBySolve: Groups internally scheduled by ODESolvers_Solve
          GROUP ODESolvers_RHS: Evaluate the RHS for of state vector everywhere on the grid
            GROUP CanudaX_BSSNMoL_RHSGroup: CanudaX_BSSNMoL: calculate BSSN RHS
              CanudaX_BSSNMoL::CanudaX_BSSNMoL_calc_ricci: MoL ricci tensor and scalar calculation
              CanudaX_BSSNMoL::CanudaX_BSSNMoL_calc_bssn_rhs: MoL RHS calculation
              CanudaX_BSSNMoL::CanudaX_BSSNMoL_apply_boundary_conditions: Apply radiative boundary conditions 
          GROUP ODESolvers_PostStep: Apply boundary conditions to state vector, and project if necessary
            GROUP CanudaX_BSSNMoL_PostStepGroup: CanudaX_BSSNMoL: post-step operations
              CanudaX_BSSNMoL::CanudaX_BSSNMoL_impose_conf_fac_floor: Make sure conformal factor does not drop below specified value
              CanudaX_BSSNMoL::CanudaX_BSSNMoL_reset_detmetric: reset dethh = 1
              CanudaX_BSSNMoL::CanudaX_BSSNMoL_remove_trA: Remove trace of A
            GROUP ADMBaseX_SetADMRHS: Set ADM RHS variables in this group
            CanudaX_BSSNMoL::CanudaX_BSSNMoL_sync: [global] Sync state vector
            GROUP ADMBaseX_SetADMVars: Set ADM variables in this group
              CanudaX_BSSNMoL::CanudaX_BSSNMoL_bssn2adm: [local] Convert variables back to the ADM ones
            GROUP TmunuBaseX_SetTmunuVars: Schedule group for setting T_munu
              TmunuBaseX::TmunuBaseX_ZeroTmunu: Set T_munu to zero
              GROUP TmunuBaseX_AddToTmunu: Add to T_munu here
      end while
    Evolve finer grids recursively
    Restrict from finer grids
    [CCTK_POSTRESTRICT]
      GROUP ODESolvers_PostStep: Apply boundary conditions to state vector, and project if necessary
        GROUP CanudaX_BSSNMoL_PostStepGroup: CanudaX_BSSNMoL: post-step operations
          CanudaX_BSSNMoL::CanudaX_BSSNMoL_impose_conf_fac_floor: Make sure conformal factor does not drop below specified value
          CanudaX_BSSNMoL::CanudaX_BSSNMoL_reset_detmetric: reset dethh = 1
          CanudaX_BSSNMoL::CanudaX_BSSNMoL_remove_trA: Remove trace of A
        GROUP ADMBaseX_SetADMRHS: Set ADM RHS variables in this group
        CanudaX_BSSNMoL::CanudaX_BSSNMoL_sync: [global] Sync state vector
        GROUP ADMBaseX_SetADMVars: Set ADM variables in this group
          CanudaX_BSSNMoL::CanudaX_BSSNMoL_bssn2adm: [local] Convert variables back to the ADM ones
        GROUP TmunuBaseX_SetTmunuVars: Schedule group for setting T_munu
          TmunuBaseX::TmunuBaseX_ZeroTmunu: Set T_munu to zero
          GROUP TmunuBaseX_AddToTmunu: Add to T_munu here
    [CCTK_POSTSTEP]
      GROUP ODESolvers_EstimateError: Estimate discretization error (for regridding)
    if (checkpoint)
      [CCTK_CHECKPOINT]
      CarpetX::CarpetX_Checkpoint: [meta] Checkpoint
    endif
    if (analysis)
      [CCTK_ANALYSIS]
      CanudaX_BSSNMoL::CanudaX_BSSNMoL_calc_ricci_for_constraints: MoL ricci tensor and scalar calculation
      CanudaX_BSSNMoL::CanudaX_BSSNMoL_bssn_constraints: Compute constraints
      GROUP ODESolvers_Analysis: Calculate analysis quantities everywhere
    endif
    Output grid variables
    enddo

  Termination routines
    [CCTK_TERMINATE]
      CarpetX::CarpetX_CheckpointTerminate: [meta] Checkpoint before terminating

  Shutdown routines
    [CCTK_SHUTDOWN]
      CarpetX::Driver_Shutdown: [meta] Shut down the driver

  Routines run after changing the grid hierarchy:
    [CCTK_POSTREGRID]
      GROUP ODESolvers_PostStep: Apply boundary conditions to state vector, and project if necessary
        GROUP CanudaX_BSSNMoL_PostStepGroup: CanudaX_BSSNMoL: post-step operations
          CanudaX_BSSNMoL::CanudaX_BSSNMoL_impose_conf_fac_floor: Make sure conformal factor does not drop below specified value
          CanudaX_BSSNMoL::CanudaX_BSSNMoL_reset_detmetric: reset dethh = 1
          CanudaX_BSSNMoL::CanudaX_BSSNMoL_remove_trA: Remove trace of A
        GROUP ADMBaseX_SetADMRHS: Set ADM RHS variables in this group
        CanudaX_BSSNMoL::CanudaX_BSSNMoL_sync: [global] Sync state vector
        GROUP ADMBaseX_SetADMVars: Set ADM variables in this group
          CanudaX_BSSNMoL::CanudaX_BSSNMoL_bssn2adm: [local] Convert variables back to the ADM ones
        GROUP TmunuBaseX_SetTmunuVars: Schedule group for setting T_munu
          TmunuBaseX::TmunuBaseX_ZeroTmunu: Set T_munu to zero
          GROUP TmunuBaseX_AddToTmunu: Add to T_munu here
      GROUP Subcycling_RMBndryGroup: Check if the ghost points are at refinement boundary
        Subcycling::Subcycling_SetLevelNeighbor: Set isrmbndry
        Subcycling::Subcycling_SetIsRMBndry: Set isrmbndry
--------------------------------------------------------------------------------
INFO (hwloc): library version 2.10.0, API version 0x20800
--------------------------------------------------------------------------------
                                                            
   _______ _______  ______  _____  _______ _______ _     _  
   |       |_____| |_____/ |_____] |______    |     \___/   
   |_____  |     | |    \_ |       |______    |    _/   \_  
                                                            
AMR driver provided by CarpetX,
using AMReX 25.11 (MPI, OpenMP, no accelerators, optimized)
--------------------------------------------------------------------------------

Initializing AMReX (25.11)...
MPI initialized with 1 MPI processes
MPI initialized with thread support level 2
OMP initialized with 2 OMP threads
AMReX (25.11) initialized
INFO (CarpetX): 
Symmetries:
  lower x: periodic
  lower y: periodic
  lower z: periodic
  upper x: periodic
  upper y: periodic
  upper z: periodic
Default boundaries:
  lower x: symmetry_boundary
  lower y: symmetry_boundary
  lower z: symmetry_boundary
  upper x: symmetry_boundary
  upper y: symmetry_boundary
  upper z: symmetry_boundary
INFO (Arith): Test_smallvector
INFO (Arith): Test_spvect
INFO (CarpetX): Setting initial values for max_grid_size values for all levels
INFO (CarpetX): Setting up initial conditions...
INFO (CarpetX): Iteration: 0   time: 0   delta_time: 0.25
INFO (CarpetX): Patch 0:
INFO (CarpetX):   Grid extent:
INFO (CarpetX):     gsh=[47,47,47]
INFO (CarpetX):     blocking_factor=[8,8,8]
INFO (CarpetX):     max_grid_size=[32,32,32]
INFO (CarpetX):     max_tile_size=[1024000,16,32]
INFO (CarpetX):   Domain extent:
INFO (CarpetX):     xmin=[-20,-20,-20]
INFO (CarpetX):     xmax=[20,20,20]
INFO (CarpetX):     base dx=[1,1,1]
INFO (CarpetX): Initializing level 0...
INFO (CarpetX): Regridding...
INFO (CarpetX):   level 0: 8 boxes, 64000 cells (100%)
INFO (CarpetX): Initialized 1 levels
INFO (CarpetX): Starting evolution...
INFO (ODESolvers): Integrator is RK4
INFO (CarpetX): Simulation time: 0.25   Iterations per second: 1.40351   Simulation time per second: 0.350878
INFO (CarpetX): Grid cells: 64000   Grid cell updates per second: 89824.8
INFO (CarpetX): Performance:
INFO (CarpetX):   total evolution time:            0.712498 sec
INFO (CarpetX):   total evolution compute time:    0.712494 sec
INFO (CarpetX):   total evolution output time:     4.05312e-06 sec
INFO (CarpetX):   total iterations:                1
INFO (CarpetX):   total cells updated:             64000
INFO (CarpetX):   average iterations per second: 1.40351
INFO (CarpetX):   average cell updates per second: 89824.8
INFO (CarpetX): Simulation time: 0.5   Iterations per second: 1.44135   Simulation time per second: 0.360339
INFO (CarpetX): Grid cells: 64000   Grid cell updates per second: 92246.7
INFO (CarpetX): Performance:
INFO (CarpetX):   total evolution time:            1.38758 sec
INFO (CarpetX):   total evolution compute time:    1.38758 sec
INFO (CarpetX):   total evolution output time:     6.91414e-06 sec
INFO (CarpetX):   total iterations:                2
INFO (CarpetX):   total cells updated:             128000
INFO (CarpetX):   average iterations per second: 1.44135
INFO (CarpetX):   average cell updates per second: 92246.7
INFO (CarpetX): Simulation time: 0.75   Iterations per second: 1.45458   Simulation time per second: 0.363644
INFO (CarpetX): Grid cells: 64000   Grid cell updates per second: 93092.9
INFO (CarpetX): Performance:
INFO (CarpetX):   total evolution time:            2.06246 sec
INFO (CarpetX):   total evolution compute time:    2.06245 sec
INFO (CarpetX):   total evolution output time:     1.00136e-05 sec
INFO (CarpetX):   total iterations:                3
INFO (CarpetX):   total cells updated:             192000
INFO (CarpetX):   average iterations per second: 1.45458
INFO (CarpetX):   average cell updates per second: 93092.9
INFO (CarpetX): Simulation time: 1   Iterations per second: 1.4614   Simulation time per second: 0.365351
INFO (CarpetX): Grid cells: 64000   Grid cell updates per second: 93529.8
INFO (CarpetX): Performance:
INFO (CarpetX):   total evolution time:            2.7371 sec
INFO (CarpetX):   total evolution compute time:    2.73708 sec
INFO (CarpetX):   total evolution output time:     1.3113e-05 sec
INFO (CarpetX):   total iterations:                4
INFO (CarpetX):   total cells updated:             256000
INFO (CarpetX):   average iterations per second: 1.4614
INFO (CarpetX):   average cell updates per second: 93529.8
INFO (CarpetX): Simulation time: 1.25   Iterations per second: 1.46548   Simulation time per second: 0.366371
INFO (CarpetX): Grid cells: 64000   Grid cell updates per second: 93791
INFO (CarpetX): Performance:
INFO (CarpetX):   total evolution time:            3.41184 sec
INFO (CarpetX):   total evolution compute time:    3.41182 sec
INFO (CarpetX):   total evolution output time:     1.62125e-05 sec
INFO (CarpetX):   total iterations:                5
INFO (CarpetX):   total cells updated:             320000
INFO (CarpetX):   average iterations per second: 1.46548
INFO (CarpetX):   average cell updates per second: 93791
INFO (CarpetX): Simulation time: 1.5   Iterations per second: 1.46803   Simulation time per second: 0.367007
INFO (CarpetX): Grid cells: 64000   Grid cell updates per second: 93953.7
INFO (CarpetX): Performance:
INFO (CarpetX):   total evolution time:            4.08712 sec
INFO (CarpetX):   total evolution compute time:    4.0871 sec
INFO (CarpetX):   total evolution output time:     1.93119e-05 sec
INFO (CarpetX):   total iterations:                6
INFO (CarpetX):   total cells updated:             384000
INFO (CarpetX):   average iterations per second: 1.46803
INFO (CarpetX):   average cell updates per second: 93953.7
INFO (CarpetX): Simulation time: 1.75   Iterations per second: 1.46998   Simulation time per second: 0.367494
INFO (CarpetX): Grid cells: 64000   Grid cell updates per second: 94078.4
INFO (CarpetX): Performance:
INFO (CarpetX):   total evolution time:            4.76199 sec
INFO (CarpetX):   total evolution compute time:    4.76196 sec
INFO (CarpetX):   total evolution output time:     2.3365e-05 sec
INFO (CarpetX):   total iterations:                7
INFO (CarpetX):   total cells updated:             448000
INFO (CarpetX):   average iterations per second: 1.46998
INFO (CarpetX):   average cell updates per second: 94078.4
INFO (CarpetX): Simulation time: 2   Iterations per second: 1.47138   Simulation time per second: 0.367845
INFO (CarpetX): Grid cells: 64000   Grid cell updates per second: 94168.4
INFO (CarpetX): Performance:
INFO (CarpetX):   total evolution time:            5.43707 sec
INFO (CarpetX):   total evolution compute time:    5.43704 sec
INFO (CarpetX):   total evolution output time:     2.74181e-05 sec
INFO (CarpetX):   total iterations:                8
INFO (CarpetX):   total cells updated:             512000
INFO (CarpetX):   average iterations per second: 1.47138
INFO (CarpetX):   average cell updates per second: 94168.4
INFO (CarpetX): Simulation time: 2.25   Iterations per second: 1.4724   Simulation time per second: 0.3681
INFO (CarpetX): Grid cells: 64000   Grid cell updates per second: 94233.6
INFO (CarpetX): Performance:
INFO (CarpetX):   total evolution time:            6.11247 sec
INFO (CarpetX):   total evolution compute time:    6.11244 sec
INFO (CarpetX):   total evolution output time:     3.02792e-05 sec
INFO (CarpetX):   total iterations:                9
INFO (CarpetX):   total cells updated:             576000
INFO (CarpetX):   average iterations per second: 1.4724
INFO (CarpetX):   average cell updates per second: 94233.6
INFO (CarpetX): Simulation time: 2.5   Iterations per second: 1.45425   Simulation time per second: 0.363564
INFO (CarpetX): Grid cells: 64000   Grid cell updates per second: 93072.3
INFO (CarpetX): Performance:
INFO (CarpetX):   total evolution time:            6.87637 sec
INFO (CarpetX):   total evolution compute time:    6.84793 sec
INFO (CarpetX):   total evolution output time:     0.0284443 sec
INFO (CarpetX):   total iterations:                10
INFO (CarpetX):   total cells updated:             640000
INFO (CarpetX):   average iterations per second: 1.45425
INFO (CarpetX):   average cell updates per second: 93072.3
INFO (CarpetX): Shutting down...
AMReX (25.11) finalized
--------------------------------------------------------------------------------
Done.

real	0m7.929s
user	0m14.459s
sys	0m0.288s
+ echo Stopping:
Stopping:
+ date
Fri Apr 17 05:19:29 PM UTC 2026
+ echo Done.
Done.
  Elapsed time: 7.9 s
