/__w/canudax-tests/workspace/simulations/TestJob01_temp_1/output-0000/TEST/sim/CanudaX_BSSNMoL
Preparing:
+ set -e
+ cd output-0000-active
+ echo Checking:
Checking:
+ pwd
/__w/canudax-tests/workspace/simulations/TestJob01_temp_1/output-0000/TEST/sim/CanudaX_BSSNMoL/output-0000-active
+ hostname
44cc88b77506
+ date
Thu Apr  2 07:32:29 PM UTC 2026
+ echo Environment:
Environment:
+ export SIMULATION_ID=simulation-TestJob01_temp_1-actions-cpu-real64-actions-root-2026.04.02-19.32.28-13039
+ SIMULATION_ID=simulation-TestJob01_temp_1-actions-cpu-real64-actions-root-2026.04.02-19.32.28-13039
+ export CACTUS_NUM_PROCS=1
+ CACTUS_NUM_PROCS=1
+ export CACTUS_NUM_THREADS=2
+ CACTUS_NUM_THREADS=2
+ export CACTUS_SET_THREAD_BINDINGS=0
+ CACTUS_SET_THREAD_BINDINGS=0
+ export GLIBCXX_FORCE_NEW=1
+ GLIBCXX_FORCE_NEW=1
+ export GMON_OUT_PREFIX=gmon.out
+ GMON_OUT_PREFIX=gmon.out
+ export OMP_DISPLAY_ENV=TRUE
+ OMP_DISPLAY_ENV=TRUE
+ export OMP_MAX_TASKS=100
+ OMP_MAX_TASKS=100
+ export OMP_NUM_THREADS=2
+ OMP_NUM_THREADS=2
+ export OMP_PLACES=cores
+ OMP_PLACES=cores
+ export OMP_PROC_BIND=FALSE
+ OMP_PROC_BIND=FALSE
+ export OMP_STACKSIZE=8192
+ OMP_STACKSIZE=8192
+ env
+ sort
+ echo Starting:
Starting:
++ date +%s
+ export CACTUS_STARTTIME=1775158349
+ CACTUS_STARTTIME=1775158349
+ mpiexec -n 1 /__w/canudax-tests/workspace/simulations/TestJob01_temp_1/SIMFACTORY/exe/cactus_sim -L 3 /__w/canudax-tests/workspace/simulations/TestJob01_temp_1/output-0000/arrangements/CanudaX/CanudaX_BSSNMoL/test/gaugewave.par

OPENMP DISPLAY ENVIRONMENT BEGIN
  _OPENMP = '201511'
  [host] OMP_DYNAMIC = 'FALSE'
  [host] OMP_NESTED = 'FALSE'
  [host] OMP_NUM_THREADS = '2'
  [host] OMP_SCHEDULE = 'DYNAMIC'
  [host] OMP_PROC_BIND = 'FALSE'
  [host] OMP_PLACES = ''
  [host] OMP_STACKSIZE = '8388608'
  [host] OMP_WAIT_POLICY = 'PASSIVE'
  [host] OMP_THREAD_LIMIT = '4294967295'
  [host] OMP_MAX_ACTIVE_LEVELS = '1'
  [host] OMP_NUM_TEAMS = '0'
  [host] OMP_TEAMS_THREAD_LIMIT = '0'
  [all] OMP_CANCELLATION = 'FALSE'
  [all] OMP_DEFAULT_DEVICE = '0'
  [all] OMP_MAX_TASK_PRIORITY = '0'
  [all] OMP_DISPLAY_AFFINITY = 'FALSE'
  [host] OMP_AFFINITY_FORMAT = 'level %L thread %i affinity %A'
  [host] OMP_ALLOCATOR = 'omp_default_mem_alloc'
  [all] OMP_TARGET_OFFLOAD = 'DEFAULT'
OPENMP DISPLAY ENVIRONMENT END
INFO (Cactus): Increased logging level from 0 to 3
--------------------------------------------------------------------------------

       10                                  
  1   0101       ************************  
  01  1010 10      The Cactus Code V4.18.0    
 1010 1101 011      www.cactuscode.org     
  1001 100101    ************************  
    00010101                               
     100011     (c) Copyright The Authors  
      0100      GNU Licensed. No Warranty  
      0101                                 
--------------------------------------------------------------------------------

Cactus version:    4.18.0
Compile date:      Apr 02 2026 (19:32:21)
Run date:          Apr 02 2026 (19:32:29+0000)
Run host:          44cc88b77506 (pid=13087)
Working directory: /__w/canudax-tests/workspace/simulations/TestJob01_temp_1/output-0000/TEST/sim/CanudaX_BSSNMoL
Executable:        /__w/canudax-tests/workspace/simulations/TestJob01_temp_1/SIMFACTORY/exe/cactus_sim
Parameter file:    /__w/canudax-tests/workspace/simulations/TestJob01_temp_1/output-0000/arrangements/CanudaX/CanudaX_BSSNMoL/test/gaugewave.par
--------------------------------------------------------------------------------

Activating thorn Cactus...Success -> active implementation Cactus
Activation requested for 
--->ADMBaseX CanudaX_BSSNMoL CanudaX_ExactID CarpetX IOUtil ODESolvers TmunuBaseX<---
Thorn ADMBaseX requests automatic activation of Loop
Thorn CarpetX requests automatic activation of AMReX
Thorn CarpetX requests automatic activation of MPI
Thorn CarpetX requests automatic activation of yaml_cpp
Thorn CarpetX requests automatic activation of zlib
Thorn CarpetX requests automatic activation of Arith
Thorn CarpetX requests automatic activation of CarpetXRegrid
Thorn CarpetX requests automatic activation of ADIOS2
Thorn CarpetX requests automatic activation of openPMD
Thorn CarpetX requests automatic activation of Silo
Thorn Arith requests automatic activation of NSIMD
Thorn MPI requests automatic activation of hwloc
Thorn openPMD requests automatic activation of HDF5
Activating thorn ADIOS2...Success -> active implementation ADIOS2
Activating thorn ADMBaseX...Success -> active implementation ADMBaseX
Activating thorn AMReX...Success -> active implementation AMReX
Activating thorn Arith...Success -> active implementation Arith
Activating thorn CanudaX_BSSNMoL...Success -> active implementation CanudaX_BSSNMoL
Activating thorn CanudaX_ExactID...Success -> active implementation CanudaX_ExactID
Activating thorn CarpetX...Success -> active implementation Driver
Activating thorn CarpetXRegrid...Success -> active implementation CarpetXRegrid
Activating thorn HDF5...Success -> active implementation HDF5
Activating thorn hwloc...Success -> active implementation hwloc
Activating thorn IOUtil...Success -> active implementation IO
Activating thorn Loop...Success -> active implementation Loop
Activating thorn MPI...Success -> active implementation MPI
Activating thorn NSIMD...Success -> active implementation NSIMD
Activating thorn ODESolvers...Success -> active implementation ODESolvers
Activating thorn openPMD...Success -> active implementation openPMD
Activating thorn Silo...Success -> active implementation Silo
Activating thorn TmunuBaseX...Success -> active implementation TmunuBaseX
Activating thorn yaml_cpp...Success -> active implementation yaml_cpp
Activating thorn zlib...Success -> active implementation zlib
--------------------------------------------------------------------------------
  if (recover initial data)
    Recover parameters
  endif

  Startup routines
    [CCTK_STARTUP]
      CarpetX::Driver_Startup: Start up the driver
      IOUtil::IOUtil_Startup: Startup routine
      GROUP hwloc_startup: hwloc startup group
        hwloc::hwloc_version: Output hwloc version

  Startup routines which need an existing grid hierarchy
    [CCTK_WRAGH]
      Arith::Test_smallvector: [meta] Test small vectors
      Arith::Test_spvect: [meta] Test sparse vectors
      ODESolvers::ODESolvers_InitConstants: [global] Set up dummy loop counters for schedule printout
  Parameter checking routines
    [CCTK_PARAMCHECK]
      CanudaX_BSSNMoL::CanudaX_BSSNMoL_paramcheck: Check CanudaX_BSSNMoL parameters for consistency

  Initialisation
    if (NOT (recover initial data AND recovery_mode is 'strict'))
      [CCTK_PREREGRIDINITIAL]
      Set up grid hierarchy
      [CCTK_POSTREGRIDINITIAL]
      [CCTK_BASEGRID]
        CarpetXRegrid::CarpetXRegrid_InitError: Initialize regridding error to zero
        GROUP ODESolvers_BaseGrid: Set up constants (e.g. coordinates) everywhere on the grid
      [CCTK_INITIAL]
        GROUP TmunuBaseX_SetTmunuVars: Schedule group for setting T_munu
          TmunuBaseX::TmunuBaseX_ZeroTmunu: Set T_munu to zero
          GROUP TmunuBaseX_AddToTmunu: Add to T_munu here
        GROUP ODESolvers_Initial: Set up initial conditions on interior of state vector
          GROUP ADMBaseX_InitialData: Schedule group for calculating ADM initial data
            GROUP CanudaX_ExactIDGroup: CanudaX_ExactID group for setting up initial data
              CanudaX_ExactID::CanudaX_ExactID_GaugeWave: [local] Create gauge wave initial data
          GROUP ADMBaseX_InitialGauge: Schedule group for the ADM initial gauge condition
            ADMBaseX::ADMBaseX_initial_dtlapse: Set dtlapse to zero
            ADMBaseX::ADMBaseX_initial_dtshift: Set dtshift to zero
          GROUP ADMBaseX_PostInitial: Schedule group for modifying the ADM initial data, such as e.g. adding noise
        GROUP CanudaX_BSSNMoL_InitialGroup: CanudaX_BSSNMoL: initial bin
          CanudaX_BSSNMoL::CanudaX_BSSNMoL_adm2bssn: [local] Convert initial data into BSSN variables
          CanudaX_BSSNMoL::CanudaX_BSSNMoL_gammat: [local] Set Gammat initial data
      [CCTK_POSTINITIAL]
        GROUP ODESolvers_PostStep: Apply boundary conditions to state vector, and project if necessary
          GROUP CanudaX_BSSNMoL_PostStepGroup: CanudaX_BSSNMoL: post-step operations
            CanudaX_BSSNMoL::CanudaX_BSSNMoL_impose_conf_fac_floor: Make sure conformal factor does not drop below specified value
            CanudaX_BSSNMoL::CanudaX_BSSNMoL_reset_detmetric: reset dethh = 1
            CanudaX_BSSNMoL::CanudaX_BSSNMoL_remove_trA: Remove trace of A
            CanudaX_BSSNMoL::CanudaX_BSSNMoL_sync: [global] Sync state vector
            CanudaX_BSSNMoL::CanudaX_BSSNMoL_bssn2adm: [local] Convert variables back to the ADM ones
          GROUP ADMBaseX_SetADMRHS: Set ADM RHS variables in this group
          GROUP ADMBaseX_SetADMVars: Set ADM variables in this group
          GROUP TmunuBaseX_SetTmunuVars: Schedule group for setting T_munu
            TmunuBaseX::TmunuBaseX_ZeroTmunu: Set T_munu to zero
            GROUP TmunuBaseX_AddToTmunu: Add to T_munu here
        GROUP ODESolvers_EstimateError: Estimate discretization error (for regridding)
      Initialise finer grids recursively
      Restrict from finer grids
      [CCTK_POSTRESTRICTINITIAL]
      [CCTK_POSTPOSTINITIAL]
      [CCTK_POSTSTEP]
        GROUP ODESolvers_EstimateError: Estimate discretization error (for regridding)
    endif
    if (recover initial data)
      [CCTK_BASEGRID]
        CarpetXRegrid::CarpetXRegrid_InitError: Initialize regridding error to zero
        GROUP ODESolvers_BaseGrid: Set up constants (e.g. coordinates) everywhere on the grid
      [CCTK_RECOVER_VARIABLES]
      [CCTK_POST_RECOVER_VARIABLES]
        GROUP ODESolvers_PostStep: Apply boundary conditions to state vector, and project if necessary
          GROUP CanudaX_BSSNMoL_PostStepGroup: CanudaX_BSSNMoL: post-step operations
            CanudaX_BSSNMoL::CanudaX_BSSNMoL_impose_conf_fac_floor: Make sure conformal factor does not drop below specified value
            CanudaX_BSSNMoL::CanudaX_BSSNMoL_reset_detmetric: reset dethh = 1
            CanudaX_BSSNMoL::CanudaX_BSSNMoL_remove_trA: Remove trace of A
            CanudaX_BSSNMoL::CanudaX_BSSNMoL_sync: [global] Sync state vector
            CanudaX_BSSNMoL::CanudaX_BSSNMoL_bssn2adm: [local] Convert variables back to the ADM ones
          GROUP ADMBaseX_SetADMRHS: Set ADM RHS variables in this group
          GROUP ADMBaseX_SetADMVars: Set ADM variables in this group
          GROUP TmunuBaseX_SetTmunuVars: Schedule group for setting T_munu
            TmunuBaseX::TmunuBaseX_ZeroTmunu: Set T_munu to zero
            GROUP TmunuBaseX_AddToTmunu: Add to T_munu here
        GROUP ODESolvers_EstimateError: Estimate discretization error (for regridding)
    endif
    if (checkpoint initial data)
      [CCTK_CPINITIAL]
        CarpetX::CarpetX_CheckpointInitial: [meta] Checkpoint initial conditions
    endif
    if (analysis)
      [CCTK_ANALYSIS]
        CanudaX_BSSNMoL::CanudaX_BSSNMoL_bssn_constraints: Compute constraints
        GROUP ODESolvers_Analysis: Calculate analysis quantities everywhere
  endif
  Output grid variables

  do loop over timesteps
    [CCTK_PREREGRID]
    Change grid hierarchy
    [CCTK_POSTREGRID]
      GROUP ODESolvers_PostStep: Apply boundary conditions to state vector, and project if necessary
        GROUP CanudaX_BSSNMoL_PostStepGroup: CanudaX_BSSNMoL: post-step operations
          CanudaX_BSSNMoL::CanudaX_BSSNMoL_impose_conf_fac_floor: Make sure conformal factor does not drop below specified value
          CanudaX_BSSNMoL::CanudaX_BSSNMoL_reset_detmetric: reset dethh = 1
          CanudaX_BSSNMoL::CanudaX_BSSNMoL_remove_trA: Remove trace of A
          CanudaX_BSSNMoL::CanudaX_BSSNMoL_sync: [global] Sync state vector
          CanudaX_BSSNMoL::CanudaX_BSSNMoL_bssn2adm: [local] Convert variables back to the ADM ones
        GROUP ADMBaseX_SetADMRHS: Set ADM RHS variables in this group
        GROUP ADMBaseX_SetADMVars: Set ADM variables in this group
        GROUP TmunuBaseX_SetTmunuVars: Schedule group for setting T_munu
          TmunuBaseX::TmunuBaseX_ZeroTmunu: Set T_munu to zero
          GROUP TmunuBaseX_AddToTmunu: Add to T_munu here
    Rotate timelevels
    iteration = iteration+1
    t = t+dt
    [CCTK_PRESTEP]
    [CCTK_EVOL]
      ODESolvers::ODESolvers_Solve: [level] Solve ODEs
      while (ODESolvers::do_substeps)
        GROUP ODESolvers_CalledBySolve: Groups internally scheduled by ODESolvers_Solve
          GROUP ODESolvers_RHS: Evaluate the RHS for of state vector everywhere on the grid
            GROUP CanudaX_BSSNMoL_RHSGroup: CanudaX_BSSNMoL: calculate BSSN RHS
              CanudaX_BSSNMoL::CanudaX_BSSNMoL_calc_bssn_rhs: MoL RHS calculation
              CanudaX_BSSNMoL::CanudaX_BSSNMoL_apply_boundary_conditions: Apply radiative boundary conditions 
          GROUP ODESolvers_PostStep: Apply boundary conditions to state vector, and project if necessary
            GROUP CanudaX_BSSNMoL_PostStepGroup: CanudaX_BSSNMoL: post-step operations
              CanudaX_BSSNMoL::CanudaX_BSSNMoL_impose_conf_fac_floor: Make sure conformal factor does not drop below specified value
              CanudaX_BSSNMoL::CanudaX_BSSNMoL_reset_detmetric: reset dethh = 1
              CanudaX_BSSNMoL::CanudaX_BSSNMoL_remove_trA: Remove trace of A
              CanudaX_BSSNMoL::CanudaX_BSSNMoL_sync: [global] Sync state vector
              CanudaX_BSSNMoL::CanudaX_BSSNMoL_bssn2adm: [local] Convert variables back to the ADM ones
            GROUP ADMBaseX_SetADMRHS: Set ADM RHS variables in this group
            GROUP ADMBaseX_SetADMVars: Set ADM variables in this group
            GROUP TmunuBaseX_SetTmunuVars: Schedule group for setting T_munu
              TmunuBaseX::TmunuBaseX_ZeroTmunu: Set T_munu to zero
              GROUP TmunuBaseX_AddToTmunu: Add to T_munu here
      end while
    Evolve finer grids recursively
    Restrict from finer grids
    [CCTK_POSTRESTRICT]
      GROUP ODESolvers_PostStep: Apply boundary conditions to state vector, and project if necessary
        GROUP CanudaX_BSSNMoL_PostStepGroup: CanudaX_BSSNMoL: post-step operations
          CanudaX_BSSNMoL::CanudaX_BSSNMoL_impose_conf_fac_floor: Make sure conformal factor does not drop below specified value
          CanudaX_BSSNMoL::CanudaX_BSSNMoL_reset_detmetric: reset dethh = 1
          CanudaX_BSSNMoL::CanudaX_BSSNMoL_remove_trA: Remove trace of A
          CanudaX_BSSNMoL::CanudaX_BSSNMoL_sync: [global] Sync state vector
          CanudaX_BSSNMoL::CanudaX_BSSNMoL_bssn2adm: [local] Convert variables back to the ADM ones
        GROUP ADMBaseX_SetADMRHS: Set ADM RHS variables in this group
        GROUP ADMBaseX_SetADMVars: Set ADM variables in this group
        GROUP TmunuBaseX_SetTmunuVars: Schedule group for setting T_munu
          TmunuBaseX::TmunuBaseX_ZeroTmunu: Set T_munu to zero
          GROUP TmunuBaseX_AddToTmunu: Add to T_munu here
    [CCTK_POSTSTEP]
      GROUP ODESolvers_EstimateError: Estimate discretization error (for regridding)
    if (checkpoint)
      [CCTK_CHECKPOINT]
      CarpetX::CarpetX_Checkpoint: [meta] Checkpoint
    endif
    if (analysis)
      [CCTK_ANALYSIS]
      CanudaX_BSSNMoL::CanudaX_BSSNMoL_bssn_constraints: Compute constraints
      GROUP ODESolvers_Analysis: Calculate analysis quantities everywhere
    endif
    Output grid variables
    enddo

  Termination routines
    [CCTK_TERMINATE]
      CarpetX::CarpetX_CheckpointTerminate: [meta] Checkpoint before terminating

  Shutdown routines
    [CCTK_SHUTDOWN]
      CarpetX::Driver_Shutdown: [meta] Shut down the driver

  Routines run after changing the grid hierarchy:
    [CCTK_POSTREGRID]
      GROUP ODESolvers_PostStep: Apply boundary conditions to state vector, and project if necessary
        GROUP CanudaX_BSSNMoL_PostStepGroup: CanudaX_BSSNMoL: post-step operations
          CanudaX_BSSNMoL::CanudaX_BSSNMoL_impose_conf_fac_floor: Make sure conformal factor does not drop below specified value
          CanudaX_BSSNMoL::CanudaX_BSSNMoL_reset_detmetric: reset dethh = 1
          CanudaX_BSSNMoL::CanudaX_BSSNMoL_remove_trA: Remove trace of A
          CanudaX_BSSNMoL::CanudaX_BSSNMoL_sync: [global] Sync state vector
          CanudaX_BSSNMoL::CanudaX_BSSNMoL_bssn2adm: [local] Convert variables back to the ADM ones
        GROUP ADMBaseX_SetADMRHS: Set ADM RHS variables in this group
        GROUP ADMBaseX_SetADMVars: Set ADM variables in this group
        GROUP TmunuBaseX_SetTmunuVars: Schedule group for setting T_munu
          TmunuBaseX::TmunuBaseX_ZeroTmunu: Set T_munu to zero
          GROUP TmunuBaseX_AddToTmunu: Add to T_munu here
--------------------------------------------------------------------------------
INFO (hwloc): library version 2.10.0, API version 0x20800
--------------------------------------------------------------------------------

  [34m  ▕▏  [34m  ▕▏  [34m  ▕▏  [34m  ▕▏  [34m  ▕▏  [34m  ▕▏  [34m  ▕▏  [34m  ▕▏  [34m  ▕▏  [39m  
  [34m──██──[34m──██──[34m──██──[34m──██──[34m──██──[34m──██──[34m──██──[34m──██──[34m──██──[39m  
  [34m  ▕▏  [34m  ▕▏  [34m  ▕▏  [34m  ▕▏  [34m  ▕▏  [34m  ▕▏  [34m  ▕▏  [34m  ▕▏  [34m  ▕▏  [39m  
  [34m  ▕▏  [32m██████[34m  ▕▏  [34m  ▕▏  [32m██████[34m  ▕▏  [34m  ▕▏  [32m██████[34m  ▕▏  [39m  
  [34m──██──[32m██████[34m──██──[34m──██──[32m██████[34m──██──[34m──██──[32m██████[34m──██──[39m  
  [34m  ▕▏  [32m██████[34m  ▕▏  [34m  ▕▏  [32m██████[34m  ▕▏  [34m  ▕▏  [32m██████[34m  ▕▏  [39m  
  [34m  ▕▏  [34m  ▕▏  [34m  ▕▏  [34m  ▕▏  [34m  ▕▏  [34m  ▕▏  [34m  ▕▏  [34m  ▕▏  [34m  ▕▏  [39m  
  [34m──██──[34m──██──[34m──██──[34m──██──[34m──██──[34m──██──[34m──██──[34m──██──[34m──██──[39m  
  [34m  ▕▏  [34m  ▕▏  [34m  ▕▏  [34m  ▕▏  [34m  ▕▏  [34m  ▕▏  [34m  ▕▏  [34m  ▕▏  [34m  ▕▏  [39m  
  [34m  ▕▏  [34m  ▕▏  [34m  ▕▏  [31m██████[31m██████[31m██████[34m  ▕▏  [34m  ▕▏  [34m  ▕▏  [39m  
  [34m──██──[34m──██──[34m──██──[31m██████[31m██████[31m██████[34m──██──[34m──██──[34m──██──[39m  
  [34m  ▕▏  [34m  ▕▏  [34m  ▕▏  [31m██████[31m██████[31m██████[34m  ▕▏  [34m  ▕▏  [34m  ▕▏  [39m  
  [34m  ▕▏  [32m██████[34m  ▕▏  [31m██████[31m██████[31m██████[34m  ▕▏  [32m██████[34m  ▕▏  [39m  
  [34m──██──[32m██████[34m──██──[31m██████[31m██████[31m██████[34m──██──[32m██████[34m──██──[39m  
  [34m  ▕▏  [32m██████[34m  ▕▏  [31m██████[31m██████[31m██████[34m  ▕▏  [32m██████[34m  ▕▏  [39m  
  [34m  ▕▏  [34m  ▕▏  [34m  ▕▏  [31m██████[31m██████[31m██████[34m  ▕▏  [34m  ▕▏  [34m  ▕▏  [39m  
  [34m──██──[34m──██──[34m──██──[31m██████[31m██████[31m██████[34m──██──[34m──██──[34m──██──[39m  
  [34m  ▕▏  [34m  ▕▏  [34m  ▕▏  [31m██████[31m██████[31m██████[34m  ▕▏  [34m  ▕▏  [34m  ▕▏  [39m  
  [34m  ▕▏  [34m  ▕▏  [34m  ▕▏  [34m  ▕▏  [34m  ▕▏  [34m  ▕▏  [34m  ▕▏  [34m  ▕▏  [34m  ▕▏  [39m  
  [34m──██──[34m──██──[34m──██──[34m──██──[34m──██──[34m──██──[34m──██──[34m──██──[34m──██──[39m  
  [34m  ▕▏  [34m  ▕▏  [34m  ▕▏  [34m  ▕▏  [34m  ▕▏  [34m  ▕▏  [34m  ▕▏  [34m  ▕▏  [34m  ▕▏  [39m  
  [34m  ▕▏  [32m██████[34m  ▕▏  [34m  ▕▏  [32m██████[34m  ▕▏  [34m  ▕▏  [32m██████[34m  ▕▏  [39m  
  [34m──██──[32m██████[34m──██──[34m──██──[32m██████[34m──██──[34m──██──[32m██████[34m──██──[39m  
  [34m  ▕▏  [32m██████[34m  ▕▏  [34m  ▕▏  [32m██████[34m  ▕▏  [34m  ▕▏  [32m██████[34m  ▕▏  [39m  
  [34m  ▕▏  [34m  ▕▏  [34m  ▕▏  [34m  ▕▏  [34m  ▕▏  [34m  ▕▏  [34m  ▕▏  [34m  ▕▏  [34m  ▕▏  [39m  
  [34m──██──[34m──██──[34m──██──[34m──██──[34m──██──[34m──██──[34m──██──[34m──██──[34m──██──[39m  
  [34m  ▕▏  [34m  ▕▏  [34m  ▕▏  [34m  ▕▏  [34m  ▕▏  [34m  ▕▏  [34m  ▕▏  [34m  ▕▏  [34m  ▕▏  [39m  

AMR driver provided by CarpetX,
using AMReX 25.11 (MPI, OpenMP, no accelerators, optimized)
--------------------------------------------------------------------------------

Initializing AMReX (25.11)...
MPI initialized with 1 MPI processes
MPI initialized with thread support level 2
OMP initialized with 2 OMP threads
AMReX (25.11) initialized
INFO (CarpetX): 
Symmetries:
  lower x: periodic
  lower y: periodic
  lower z: periodic
  upper x: periodic
  upper y: periodic
  upper z: periodic
Default boundaries:
  lower x: symmetry_boundary
  lower y: symmetry_boundary
  lower z: symmetry_boundary
  upper x: symmetry_boundary
  upper y: symmetry_boundary
  upper z: symmetry_boundary
INFO (Arith): Test_smallvector
INFO (Arith): Test_spvect
INFO (CarpetX): Setting initial values for max_grid_size values for all levels
INFO (CarpetX): Setting up initial conditions...
INFO (CarpetX): Iteration: 0   time: 0   delta_time: 0.00390625
INFO (CarpetX): Patch 0:
INFO (CarpetX):   Grid extent:
INFO (CarpetX):     gsh=[71,15,15]
INFO (CarpetX):     blocking_factor=[8,8,8]
INFO (CarpetX):     max_grid_size=[10000000,10000000,10000000]
INFO (CarpetX):     max_tile_size=[1024000,16,32]
INFO (CarpetX):   Domain extent:
INFO (CarpetX):     xmin=[-0.5,-0.0625,-0.0625]
INFO (CarpetX):     xmax=[0.5,0.0625,0.0625]
INFO (CarpetX):     base dx=[0.015625,0.015625,0.015625]
INFO (CarpetX): Initializing level 0...
INFO (CanudaX_ExactID): Begin Gauge Wave initial data
INFO (CanudaX_ExactID): === End gauge wave initial data ===
INFO (CarpetX): Regridding...
INFO (CarpetX):   level 0: 1 boxes, 4096 cells (100%)
INFO (CarpetX): Initialized 1 levels
INFO (CarpetX): OutputGH: iteration 0, time 0.000000, run time 0 s
INFO (CarpetX): OutputGH done.
INFO (CarpetX): Starting evolution...
INFO (ODESolvers): ODE integrator is RK4
INFO (CarpetX): OutputGH: iteration 1, time 0.003906, run time 0 s
INFO (CarpetX): OutputGH done.
INFO (CarpetX): Simulation time: 0.00390625   Iterations per second: 17.1288   Simulation time per second: 0.0669095
INFO (CarpetX): Grid cells: 4096   Grid cell updates per second: 70159.7
INFO (CarpetX): Performance:
INFO (CarpetX):   total evolution time:            0.0583811 sec
INFO (CarpetX):   total evolution compute time:    0.0583489 sec
INFO (CarpetX):   total evolution output time:     3.21865e-05 sec
INFO (CarpetX):   total iterations:                1
INFO (CarpetX):   total cells updated:             4096
INFO (CarpetX):   average iterations per second: 17.1288
INFO (CarpetX):   average cell updates per second: 70159.7
INFO (CarpetX): OutputGH: iteration 2, time 0.007812, run time 0 s
INFO (CarpetX): OutputGH done.
INFO (CarpetX): Simulation time: 0.0078125   Iterations per second: 17.5151   Simulation time per second: 0.0684185
INFO (CarpetX): Grid cells: 4096   Grid cell updates per second: 71742
INFO (CarpetX): Performance:
INFO (CarpetX):   total evolution time:            0.114187 sec
INFO (CarpetX):   total evolution compute time:    0.114123 sec
INFO (CarpetX):   total evolution output time:     6.41346e-05 sec
INFO (CarpetX):   total iterations:                2
INFO (CarpetX):   total cells updated:             8192
INFO (CarpetX):   average iterations per second: 17.5151
INFO (CarpetX):   average cell updates per second: 71742
INFO (CarpetX): OutputGH: iteration 3, time 0.011719, run time 0 s
INFO (CarpetX): OutputGH done.
INFO (CarpetX): Simulation time: 0.0117188   Iterations per second: 17.6746   Simulation time per second: 0.0690415
INFO (CarpetX): Grid cells: 4096   Grid cell updates per second: 72395.2
INFO (CarpetX): Performance:
INFO (CarpetX):   total evolution time:            0.169735 sec
INFO (CarpetX):   total evolution compute time:    0.169638 sec
INFO (CarpetX):   total evolution output time:     9.72748e-05 sec
INFO (CarpetX):   total iterations:                3
INFO (CarpetX):   total cells updated:             12288
INFO (CarpetX):   average iterations per second: 17.6746
INFO (CarpetX):   average cell updates per second: 72395.2
INFO (CarpetX): OutputGH: iteration 4, time 0.015625, run time 0 s
INFO (CarpetX): OutputGH done.
INFO (CarpetX): Simulation time: 0.015625   Iterations per second: 17.7269   Simulation time per second: 0.0692457
INFO (CarpetX): Grid cells: 4096   Grid cell updates per second: 72609.4
INFO (CarpetX): Performance:
INFO (CarpetX):   total evolution time:            0.225646 sec
INFO (CarpetX):   total evolution compute time:    0.225517 sec
INFO (CarpetX):   total evolution output time:     0.000129223 sec
INFO (CarpetX):   total iterations:                4
INFO (CarpetX):   total cells updated:             16384
INFO (CarpetX):   average iterations per second: 17.7269
INFO (CarpetX):   average cell updates per second: 72609.4
INFO (CarpetX): OutputGH: iteration 5, time 0.019531, run time 0 s
INFO (CarpetX): OutputGH done.
INFO (CarpetX): Simulation time: 0.0195312   Iterations per second: 17.7598   Simulation time per second: 0.0693742
INFO (CarpetX): Grid cells: 4096   Grid cell updates per second: 72744.1
INFO (CarpetX): Performance:
INFO (CarpetX):   total evolution time:            0.281535 sec
INFO (CarpetX):   total evolution compute time:    0.281377 sec
INFO (CarpetX):   total evolution output time:     0.00015831 sec
INFO (CarpetX):   total iterations:                5
INFO (CarpetX):   total cells updated:             20480
INFO (CarpetX):   average iterations per second: 17.7598
INFO (CarpetX):   average cell updates per second: 72744.1
INFO (CarpetX): OutputGH: iteration 6, time 0.023438, run time 0 s
INFO (CarpetX): OutputGH done.
INFO (CarpetX): Simulation time: 0.0234375   Iterations per second: 17.7857   Simulation time per second: 0.0694755
INFO (CarpetX): Grid cells: 4096   Grid cell updates per second: 72850.4
INFO (CarpetX): Performance:
INFO (CarpetX):   total evolution time:            0.337349 sec
INFO (CarpetX):   total evolution compute time:    0.337159 sec
INFO (CarpetX):   total evolution output time:     0.000190258 sec
INFO (CarpetX):   total iterations:                6
INFO (CarpetX):   total cells updated:             24576
INFO (CarpetX):   average iterations per second: 17.7857
INFO (CarpetX):   average cell updates per second: 72850.4
INFO (CarpetX): OutputGH: iteration 7, time 0.027344, run time 0 s
INFO (CarpetX): OutputGH done.
INFO (CarpetX): Simulation time: 0.0273438   Iterations per second: 17.7983   Simulation time per second: 0.0695244
INFO (CarpetX): Grid cells: 4096   Grid cell updates per second: 72901.7
INFO (CarpetX): Performance:
INFO (CarpetX):   total evolution time:            0.393297 sec
INFO (CarpetX):   total evolution compute time:    0.393075 sec
INFO (CarpetX):   total evolution output time:     0.000222445 sec
INFO (CarpetX):   total iterations:                7
INFO (CarpetX):   total cells updated:             28672
INFO (CarpetX):   average iterations per second: 17.7983
INFO (CarpetX):   average cell updates per second: 72901.7
INFO (CarpetX): OutputGH: iteration 8, time 0.031250, run time 0 s
INFO (CarpetX): OutputGH done.
INFO (CarpetX): Simulation time: 0.03125   Iterations per second: 17.821   Simulation time per second: 0.0696134
INFO (CarpetX): Grid cells: 4096   Grid cell updates per second: 72994.9
INFO (CarpetX): Performance:
INFO (CarpetX):   total evolution time:            0.448908 sec
INFO (CarpetX):   total evolution compute time:    0.448658 sec
INFO (CarpetX):   total evolution output time:     0.000250578 sec
INFO (CarpetX):   total iterations:                8
INFO (CarpetX):   total cells updated:             32768
INFO (CarpetX):   average iterations per second: 17.821
INFO (CarpetX):   average cell updates per second: 72994.9
INFO (CarpetX): OutputGH: iteration 9, time 0.035156, run time 0 s
INFO (CarpetX): OutputGH done.
INFO (CarpetX): Simulation time: 0.0351562   Iterations per second: 17.8386   Simulation time per second: 0.0696819
INFO (CarpetX): Grid cells: 4096   Grid cell updates per second: 73066.7
INFO (CarpetX): Performance:
INFO (CarpetX):   total evolution time:            0.504525 sec
INFO (CarpetX):   total evolution compute time:    0.504244 sec
INFO (CarpetX):   total evolution output time:     0.000281572 sec
INFO (CarpetX):   total iterations:                9
INFO (CarpetX):   total cells updated:             36864
INFO (CarpetX):   average iterations per second: 17.8386
INFO (CarpetX):   average cell updates per second: 73066.7
INFO (CarpetX): OutputGH: iteration 10, time 0.039062, run time 0 s
INFO (CarpetX): OutputGH done.
INFO (CarpetX): Simulation time: 0.0390625   Iterations per second: 17.8561   Simulation time per second: 0.0697505
INFO (CarpetX): Grid cells: 4096   Grid cell updates per second: 73138.7
INFO (CarpetX): Performance:
INFO (CarpetX):   total evolution time:            0.560032 sec
INFO (CarpetX):   total evolution compute time:    0.559721 sec
INFO (CarpetX):   total evolution output time:     0.000311613 sec
INFO (CarpetX):   total iterations:                10
INFO (CarpetX):   total cells updated:             40960
INFO (CarpetX):   average iterations per second: 17.8561
INFO (CarpetX):   average cell updates per second: 73138.7
INFO (CarpetX): OutputGH: iteration 11, time 0.042969, run time 1 s
INFO (CarpetX): OutputGH done.
INFO (CarpetX): Simulation time: 0.0429688   Iterations per second: 17.8671   Simulation time per second: 0.0697934
INFO (CarpetX): Grid cells: 4096   Grid cell updates per second: 73183.7
INFO (CarpetX): Performance:
INFO (CarpetX):   total evolution time:            0.615691 sec
INFO (CarpetX):   total evolution compute time:    0.61535 sec
INFO (CarpetX):   total evolution output time:     0.000340462 sec
INFO (CarpetX):   total iterations:                11
INFO (CarpetX):   total cells updated:             45056
INFO (CarpetX):   average iterations per second: 17.8661
INFO (CarpetX):   average cell updates per second: 73179.6
INFO (CarpetX): OutputGH: iteration 12, time 0.046875, run time 1 s
INFO (CarpetX): OutputGH done.
INFO (CarpetX): Simulation time: 0.046875   Iterations per second: 17.8822   Simulation time per second: 0.0698523
INFO (CarpetX): Grid cells: 4096   Grid cell updates per second: 73245.4
INFO (CarpetX): Performance:
INFO (CarpetX):   total evolution time:            0.671188 sec
INFO (CarpetX):   total evolution compute time:    0.670818 sec
INFO (CarpetX):   total evolution output time:     0.000370264 sec
INFO (CarpetX):   total iterations:                12
INFO (CarpetX):   total cells updated:             49152
INFO (CarpetX):   average iterations per second: 17.8787
INFO (CarpetX):   average cell updates per second: 73231.4
INFO (CarpetX): OutputGH: iteration 13, time 0.050781, run time 1 s
INFO (CarpetX): OutputGH done.
INFO (CarpetX): Simulation time: 0.0507812   Iterations per second: 17.903   Simulation time per second: 0.0699336
INFO (CarpetX): Grid cells: 4096   Grid cell updates per second: 73330.7
INFO (CarpetX): Performance:
INFO (CarpetX):   total evolution time:            0.726459 sec
INFO (CarpetX):   total evolution compute time:    0.726058 sec
INFO (CarpetX):   total evolution output time:     0.000401258 sec
INFO (CarpetX):   total iterations:                13
INFO (CarpetX):   total cells updated:             53248
INFO (CarpetX):   average iterations per second: 17.895
INFO (CarpetX):   average cell updates per second: 73298
INFO (CarpetX): OutputGH: iteration 14, time 0.054688, run time 1 s
INFO (CarpetX): OutputGH done.
INFO (CarpetX): Simulation time: 0.0546875   Iterations per second: 17.9167   Simulation time per second: 0.0699871
INFO (CarpetX): Grid cells: 4096   Grid cell updates per second: 73386.8
INFO (CarpetX): Performance:
INFO (CarpetX):   total evolution time:            0.781889 sec
INFO (CarpetX):   total evolution compute time:    0.781459 sec
INFO (CarpetX):   total evolution output time:     0.000430107 sec
INFO (CarpetX):   total iterations:                14
INFO (CarpetX):   total cells updated:             57344
INFO (CarpetX):   average iterations per second: 17.9054
INFO (CarpetX):   average cell updates per second: 73340.3
INFO (CarpetX): OutputGH: iteration 15, time 0.058594, run time 1 s
INFO (CarpetX): OutputGH done.
INFO (CarpetX): Simulation time: 0.0585938   Iterations per second: 17.9338   Simulation time per second: 0.0700539
INFO (CarpetX): Grid cells: 4096   Grid cell updates per second: 73456.9
INFO (CarpetX): Performance:
INFO (CarpetX):   total evolution time:            0.83717 sec
INFO (CarpetX):   total evolution compute time:    0.836709 sec
INFO (CarpetX):   total evolution output time:     0.000461102 sec
INFO (CarpetX):   total iterations:                15
INFO (CarpetX):   total cells updated:             61440
INFO (CarpetX):   average iterations per second: 17.9175
INFO (CarpetX):   average cell updates per second: 73390.1
INFO (CarpetX): OutputGH: iteration 16, time 0.062500, run time 1 s
INFO (CarpetX): OutputGH done.
INFO (CarpetX): Simulation time: 0.0625   Iterations per second: 17.9442   Simulation time per second: 0.0700947
INFO (CarpetX): Grid cells: 4096   Grid cell updates per second: 73499.6
INFO (CarpetX): Performance:
INFO (CarpetX):   total evolution time:            0.892606 sec
INFO (CarpetX):   total evolution compute time:    0.892115 sec
INFO (CarpetX):   total evolution output time:     0.000491142 sec
INFO (CarpetX):   total iterations:                16
INFO (CarpetX):   total cells updated:             65536
INFO (CarpetX):   average iterations per second: 17.925
INFO (CarpetX):   average cell updates per second: 73421
INFO (CarpetX): OutputGH: iteration 17, time 0.066406, run time 1 s
INFO (CarpetX): OutputGH done.
INFO (CarpetX): Simulation time: 0.0664062   Iterations per second: 17.9473   Simulation time per second: 0.0701066
INFO (CarpetX): Grid cells: 4096   Grid cell updates per second: 73512.1
INFO (CarpetX): Performance:
INFO (CarpetX):   total evolution time:            0.94824 sec
INFO (CarpetX):   total evolution compute time:    0.947721 sec
INFO (CarpetX):   total evolution output time:     0.000519276 sec
INFO (CarpetX):   total iterations:                17
INFO (CarpetX):   total cells updated:             69632
INFO (CarpetX):   average iterations per second: 17.9279
INFO (CarpetX):   average cell updates per second: 73432.9
INFO (CarpetX): OutputGH: iteration 18, time 0.070312, run time 1 s
INFO (CarpetX): OutputGH done.
INFO (CarpetX): Simulation time: 0.0703125   Iterations per second: 17.9421   Simulation time per second: 0.0700863
INFO (CarpetX): Grid cells: 4096   Grid cell updates per second: 73490.8
INFO (CarpetX): Performance:
INFO (CarpetX):   total evolution time:            1.00412 sec
INFO (CarpetX):   total evolution compute time:    1.00357 sec
INFO (CarpetX):   total evolution output time:     0.00055337 sec
INFO (CarpetX):   total iterations:                18
INFO (CarpetX):   total cells updated:             73728
INFO (CarpetX):   average iterations per second: 17.9261
INFO (CarpetX):   average cell updates per second: 73425.5
INFO (CarpetX): OutputGH: iteration 19, time 0.074219, run time 1 s
INFO (CarpetX): OutputGH done.
INFO (CarpetX): Simulation time: 0.0742188   Iterations per second: 17.9442   Simulation time per second: 0.0700945
INFO (CarpetX): Grid cells: 4096   Grid cell updates per second: 73499.5
INFO (CarpetX): Performance:
INFO (CarpetX):   total evolution time:            1.05979 sec
INFO (CarpetX):   total evolution compute time:    1.05921 sec
INFO (CarpetX):   total evolution output time:     0.00058341 sec
INFO (CarpetX):   total iterations:                19
INFO (CarpetX):   total cells updated:             77824
INFO (CarpetX):   average iterations per second: 17.9281
INFO (CarpetX):   average cell updates per second: 73433.5
INFO (CarpetX): OutputGH: iteration 20, time 0.078125, run time 1 s
INFO (CarpetX): OutputGH done.
INFO (CarpetX): Simulation time: 0.078125   Iterations per second: 17.9601   Simulation time per second: 0.0701565
INFO (CarpetX): Grid cells: 4096   Grid cell updates per second: 73564.4
INFO (CarpetX): Performance:
INFO (CarpetX):   total evolution time:            1.11503 sec
INFO (CarpetX):   total evolution compute time:    1.11441 sec
INFO (CarpetX):   total evolution output time:     0.000611544 sec
INFO (CarpetX):   total iterations:                20
INFO (CarpetX):   total cells updated:             81920
INFO (CarpetX):   average iterations per second: 17.9368
INFO (CarpetX):   average cell updates per second: 73469.2
INFO (CarpetX): OutputGH: iteration 21, time 0.082031, run time 1 s
INFO (CarpetX): OutputGH done.
INFO (CarpetX): Simulation time: 0.0820312   Iterations per second: 17.9723   Simulation time per second: 0.0702042
INFO (CarpetX): Grid cells: 4096   Grid cell updates per second: 73614.4
INFO (CarpetX): Performance:
INFO (CarpetX):   total evolution time:            1.17033 sec
INFO (CarpetX):   total evolution compute time:    1.16968 sec
INFO (CarpetX):   total evolution output time:     0.000641584 sec
INFO (CarpetX):   total iterations:                21
INFO (CarpetX):   total cells updated:             86016
INFO (CarpetX):   average iterations per second: 17.9437
INFO (CarpetX):   average cell updates per second: 73497.4
INFO (CarpetX): OutputGH: iteration 22, time 0.085938, run time 1 s
INFO (CarpetX): OutputGH done.
INFO (CarpetX): Simulation time: 0.0859375   Iterations per second: 17.8619   Simulation time per second: 0.069773
INFO (CarpetX): Grid cells: 4096   Grid cell updates per second: 73162.3
INFO (CarpetX): Performance:
INFO (CarpetX):   total evolution time:            1.22941 sec
INFO (CarpetX):   total evolution compute time:    1.22873 sec
INFO (CarpetX):   total evolution output time:     0.000671625 sec
INFO (CarpetX):   total iterations:                22
INFO (CarpetX):   total cells updated:             90112
INFO (CarpetX):   average iterations per second: 17.8948
INFO (CarpetX):   average cell updates per second: 73297.2
INFO (CarpetX): OutputGH: iteration 23, time 0.089844, run time 1 s
INFO (CarpetX): OutputGH done.
INFO (CarpetX): Simulation time: 0.0898438   Iterations per second: 17.8942   Simulation time per second: 0.0698993
INFO (CarpetX): Grid cells: 4096   Grid cell updates per second: 73294.7
INFO (CarpetX): Performance:
INFO (CarpetX):   total evolution time:            1.28438 sec
INFO (CarpetX):   total evolution compute time:    1.28368 sec
INFO (CarpetX):   total evolution output time:     0.000698566 sec
INFO (CarpetX):   total iterations:                23
INFO (CarpetX):   total cells updated:             94208
INFO (CarpetX):   average iterations per second: 17.9075
INFO (CarpetX):   average cell updates per second: 73349
INFO (CarpetX): OutputGH: iteration 24, time 0.093750, run time 1 s
INFO (CarpetX): OutputGH done.
INFO (CarpetX): Simulation time: 0.09375   Iterations per second: 17.9169   Simulation time per second: 0.069988
INFO (CarpetX): Grid cells: 4096   Grid cell updates per second: 73387.8
INFO (CarpetX): Performance:
INFO (CarpetX):   total evolution time:            1.33956 sec
INFO (CarpetX):   total evolution compute time:    1.33883 sec
INFO (CarpetX):   total evolution output time:     0.000729561 sec
INFO (CarpetX):   total iterations:                24
INFO (CarpetX):   total cells updated:             98304
INFO (CarpetX):   average iterations per second: 17.9164
INFO (CarpetX):   average cell updates per second: 73385.6
INFO (CarpetX): OutputGH: iteration 25, time 0.097656, run time 1 s
INFO (CarpetX): OutputGH done.
INFO (CarpetX): Simulation time: 0.0976562   Iterations per second: 17.9428   Simulation time per second: 0.0700889
INFO (CarpetX): Grid cells: 4096   Grid cell updates per second: 73493.6
INFO (CarpetX): Performance:
INFO (CarpetX):   total evolution time:            1.39457 sec
INFO (CarpetX):   total evolution compute time:    1.39381 sec
INFO (CarpetX):   total evolution output time:     0.000751495 sec
INFO (CarpetX):   total iterations:                25
INFO (CarpetX):   total cells updated:             102400
INFO (CarpetX):   average iterations per second: 17.9267
INFO (CarpetX):   average cell updates per second: 73427.9
INFO (CarpetX): OutputGH: iteration 26, time 0.101562, run time 1 s
INFO (CarpetX): OutputGH done.
INFO (CarpetX): Simulation time: 0.101562   Iterations per second: 17.9683   Simulation time per second: 0.0701886
INFO (CarpetX): Grid cells: 4096   Grid cell updates per second: 73598.1
INFO (CarpetX): Performance:
INFO (CarpetX):   total evolution time:            1.44951 sec
INFO (CarpetX):   total evolution compute time:    1.44873 sec
INFO (CarpetX):   total evolution output time:     0.000775576 sec
INFO (CarpetX):   total iterations:                26
INFO (CarpetX):   total cells updated:             106496
INFO (CarpetX):   average iterations per second: 17.9371
INFO (CarpetX):   average cell updates per second: 73470.5
INFO (CarpetX): OutputGH: iteration 27, time 0.105469, run time 1 s
INFO (CarpetX): OutputGH done.
INFO (CarpetX): Simulation time: 0.105469   Iterations per second: 17.9816   Simulation time per second: 0.0702407
INFO (CarpetX): Grid cells: 4096   Grid cell updates per second: 73652.7
INFO (CarpetX): Performance:
INFO (CarpetX):   total evolution time:            1.50475 sec
INFO (CarpetX):   total evolution compute time:    1.50394 sec
INFO (CarpetX):   total evolution output time:     0.000805616 sec
INFO (CarpetX):   total iterations:                27
INFO (CarpetX):   total cells updated:             110592
INFO (CarpetX):   average iterations per second: 17.9432
INFO (CarpetX):   average cell updates per second: 73495.4
INFO (CarpetX): OutputGH: iteration 28, time 0.109375, run time 1 s
INFO (CarpetX): OutputGH done.
INFO (CarpetX): Simulation time: 0.109375   Iterations per second: 17.9826   Simulation time per second: 0.0702447
INFO (CarpetX): Grid cells: 4096   Grid cell updates per second: 73656.9
INFO (CarpetX): Performance:
INFO (CarpetX):   total evolution time:            1.56033 sec
INFO (CarpetX):   total evolution compute time:    1.55947 sec
INFO (CarpetX):   total evolution output time:     0.000853539 sec
INFO (CarpetX):   total iterations:                28
INFO (CarpetX):   total cells updated:             114688
INFO (CarpetX):   average iterations per second: 17.9449
INFO (CarpetX):   average cell updates per second: 73502.5
INFO (CarpetX): OutputGH: iteration 29, time 0.113281, run time 2 s
INFO (CarpetX): OutputGH done.
INFO (CarpetX): Simulation time: 0.113281   Iterations per second: 17.9879   Simulation time per second: 0.0702654
INFO (CarpetX): Grid cells: 4096   Grid cell updates per second: 73678.6
INFO (CarpetX): Performance:
INFO (CarpetX):   total evolution time:            1.61577 sec
INFO (CarpetX):   total evolution compute time:    1.61487 sec
INFO (CarpetX):   total evolution output time:     0.000902653 sec
INFO (CarpetX):   total iterations:                29
INFO (CarpetX):   total cells updated:             118784
INFO (CarpetX):   average iterations per second: 17.9481
INFO (CarpetX):   average cell updates per second: 73515.3
INFO (CarpetX): OutputGH: iteration 30, time 0.117188, run time 2 s
INFO (CarpetX): OutputGH done.
INFO (CarpetX): Simulation time: 0.117188   Iterations per second: 17.9922   Simulation time per second: 0.0702822
INFO (CarpetX): Grid cells: 4096   Grid cell updates per second: 73696.2
INFO (CarpetX): Performance:
INFO (CarpetX):   total evolution time:            1.67123 sec
INFO (CarpetX):   total evolution compute time:    1.67028 sec
INFO (CarpetX):   total evolution output time:     0.000953674 sec
INFO (CarpetX):   total iterations:                30
INFO (CarpetX):   total cells updated:             122880
INFO (CarpetX):   average iterations per second: 17.9508
INFO (CarpetX):   average cell updates per second: 73526.6
INFO (CarpetX): OutputGH: iteration 31, time 0.121094, run time 2 s
INFO (CarpetX): OutputGH done.
INFO (CarpetX): Simulation time: 0.121094   Iterations per second: 17.9936   Simulation time per second: 0.0702876
INFO (CarpetX): Grid cells: 4096   Grid cell updates per second: 73701.9
INFO (CarpetX): Performance:
INFO (CarpetX):   total evolution time:            1.72677 sec
INFO (CarpetX):   total evolution compute time:    1.72579 sec
INFO (CarpetX):   total evolution output time:     0.000984669 sec
INFO (CarpetX):   total iterations:                31
INFO (CarpetX):   total cells updated:             126976
INFO (CarpetX):   average iterations per second: 17.9526
INFO (CarpetX):   average cell updates per second: 73533.8
INFO (CarpetX): OutputGH: iteration 32, time 0.125000, run time 2 s
INFO (CarpetX): OutputGH done.
INFO (CarpetX): Simulation time: 0.125   Iterations per second: 17.9894   Simulation time per second: 0.0702712
INFO (CarpetX): Grid cells: 4096   Grid cell updates per second: 73684.7
INFO (CarpetX): Performance:
INFO (CarpetX):   total evolution time:            1.78247 sec
INFO (CarpetX):   total evolution compute time:    1.78146 sec
INFO (CarpetX):   total evolution output time:     0.00101566 sec
INFO (CarpetX):   total iterations:                32
INFO (CarpetX):   total cells updated:             131072
INFO (CarpetX):   average iterations per second: 17.9526
INFO (CarpetX):   average cell updates per second: 73533.7
INFO (CarpetX): OutputGH: iteration 33, time 0.128906, run time 2 s
INFO (CarpetX): OutputGH done.
INFO (CarpetX): Simulation time: 0.128906   Iterations per second: 17.945   Simulation time per second: 0.0700975
INFO (CarpetX): Grid cells: 4096   Grid cell updates per second: 73502.6
INFO (CarpetX): Performance:
INFO (CarpetX):   total evolution time:            1.83944 sec
INFO (CarpetX):   total evolution compute time:    1.8384 sec
INFO (CarpetX):   total evolution output time:     0.00104451 sec
INFO (CarpetX):   total iterations:                33
INFO (CarpetX):   total cells updated:             135168
INFO (CarpetX):   average iterations per second: 17.9402
INFO (CarpetX):   average cell updates per second: 73483.2
INFO (CarpetX): OutputGH: iteration 34, time 0.132812, run time 2 s
INFO (CarpetX): OutputGH done.
INFO (CarpetX): Simulation time: 0.132812   Iterations per second: 17.918   Simulation time per second: 0.0699922
INFO (CarpetX): Grid cells: 4096   Grid cell updates per second: 73392.1
INFO (CarpetX): Performance:
INFO (CarpetX):   total evolution time:            1.89601 sec
INFO (CarpetX):   total evolution compute time:    1.89491 sec
INFO (CarpetX):   total evolution output time:     0.00109553 sec
INFO (CarpetX):   total iterations:                34
INFO (CarpetX):   total cells updated:             139264
INFO (CarpetX):   average iterations per second: 17.9324
INFO (CarpetX):   average cell updates per second: 73451.3
INFO (CarpetX): OutputGH: iteration 35, time 0.136719, run time 2 s
INFO (CarpetX): OutputGH done.
INFO (CarpetX): Simulation time: 0.136719   Iterations per second: 17.9137   Simulation time per second: 0.0699755
INFO (CarpetX): Grid cells: 4096   Grid cell updates per second: 73374.6
INFO (CarpetX): Performance:
INFO (CarpetX):   total evolution time:            1.95195 sec
INFO (CarpetX):   total evolution compute time:    1.9508 sec
INFO (CarpetX):   total evolution output time:     0.00114655 sec
INFO (CarpetX):   total iterations:                35
INFO (CarpetX):   total cells updated:             143360
INFO (CarpetX):   average iterations per second: 17.9308
INFO (CarpetX):   average cell updates per second: 73444.6
INFO (CarpetX): OutputGH: iteration 36, time 0.140625, run time 2 s
INFO (CarpetX): OutputGH done.
INFO (CarpetX): Simulation time: 0.140625   Iterations per second: 17.8957   Simulation time per second: 0.0699052
INFO (CarpetX): Grid cells: 4096   Grid cell updates per second: 73300.9
INFO (CarpetX): Performance:
INFO (CarpetX):   total evolution time:            2.00833 sec
INFO (CarpetX):   total evolution compute time:    2.00713 sec
INFO (CarpetX):   total evolution output time:     0.00120068 sec
INFO (CarpetX):   total iterations:                36
INFO (CarpetX):   total cells updated:             147456
INFO (CarpetX):   average iterations per second: 17.9253
INFO (CarpetX):   average cell updates per second: 73422.1
INFO (CarpetX): OutputGH: iteration 37, time 0.144531, run time 2 s
INFO (CarpetX): OutputGH done.
INFO (CarpetX): Simulation time: 0.144531   Iterations per second: 17.8854   Simulation time per second: 0.0698647
INFO (CarpetX): Grid cells: 4096   Grid cell updates per second: 73258.5
INFO (CarpetX): Performance:
INFO (CarpetX):   total evolution time:            2.06454 sec
INFO (CarpetX):   total evolution compute time:    2.0633 sec
INFO (CarpetX):   total evolution output time:     0.00123286 sec
INFO (CarpetX):   total iterations:                37
INFO (CarpetX):   total cells updated:             151552
INFO (CarpetX):   average iterations per second: 17.9217
INFO (CarpetX):   average cell updates per second: 73407.3
INFO (CarpetX): OutputGH: iteration 38, time 0.148438, run time 2 s
INFO (CarpetX): OutputGH done.
INFO (CarpetX): Simulation time: 0.148438   Iterations per second: 17.8906   Simulation time per second: 0.0698853
INFO (CarpetX): Grid cells: 4096   Grid cell updates per second: 73280.1
INFO (CarpetX): Performance:
INFO (CarpetX):   total evolution time:            2.12028 sec
INFO (CarpetX):   total evolution compute time:    2.11902 sec
INFO (CarpetX):   total evolution output time:     0.00126171 sec
INFO (CarpetX):   total iterations:                38
INFO (CarpetX):   total cells updated:             155648
INFO (CarpetX):   average iterations per second: 17.9221
INFO (CarpetX):   average cell updates per second: 73409.1
INFO (CarpetX): OutputGH: iteration 39, time 0.152344, run time 2 s
INFO (CarpetX): OutputGH done.
INFO (CarpetX): Simulation time: 0.152344   Iterations per second: 17.8953   Simulation time per second: 0.0699036
INFO (CarpetX): Grid cells: 4096   Grid cell updates per second: 73299.2
INFO (CarpetX): Performance:
INFO (CarpetX):   total evolution time:            2.17603 sec
INFO (CarpetX):   total evolution compute time:    2.17474 sec
INFO (CarpetX):   total evolution output time:     0.00129271 sec
INFO (CarpetX):   total iterations:                39
INFO (CarpetX):   total cells updated:             159744
INFO (CarpetX):   average iterations per second: 17.9225
INFO (CarpetX):   average cell updates per second: 73410.7
INFO (CarpetX): OutputGH: iteration 40, time 0.156250, run time 2 s
INFO (CarpetX): OutputGH done.
INFO (CarpetX): Simulation time: 0.15625   Iterations per second: 17.8918   Simulation time per second: 0.0698898
INFO (CarpetX): Grid cells: 4096   Grid cell updates per second: 73284.8
INFO (CarpetX): Performance:
INFO (CarpetX):   total evolution time:            2.23202 sec
INFO (CarpetX):   total evolution compute time:    2.2307 sec
INFO (CarpetX):   total evolution output time:     0.0013237 sec
INFO (CarpetX):   total iterations:                40
INFO (CarpetX):   total cells updated:             163840
INFO (CarpetX):   average iterations per second: 17.921
INFO (CarpetX):   average cell updates per second: 73404.3
INFO (CarpetX): OutputGH: iteration 41, time 0.160156, run time 2 s
INFO (CarpetX): OutputGH done.
INFO (CarpetX): Simulation time: 0.160156   Iterations per second: 17.8881   Simulation time per second: 0.0698754
INFO (CarpetX): Grid cells: 4096   Grid cell updates per second: 73269.6
INFO (CarpetX): Performance:
INFO (CarpetX):   total evolution time:            2.28803 sec
INFO (CarpetX):   total evolution compute time:    2.28665 sec
INFO (CarpetX):   total evolution output time:     0.00137568 sec
INFO (CarpetX):   total iterations:                41
INFO (CarpetX):   total cells updated:             167936
INFO (CarpetX):   average iterations per second: 17.9194
INFO (CarpetX):   average cell updates per second: 73397.7
INFO (CarpetX): OutputGH: iteration 42, time 0.164062, run time 2 s
INFO (CarpetX): OutputGH done.
INFO (CarpetX): Simulation time: 0.164062   Iterations per second: 17.8941   Simulation time per second: 0.0698988
INFO (CarpetX): Grid cells: 4096   Grid cell updates per second: 73294.2
INFO (CarpetX): Performance:
INFO (CarpetX):   total evolution time:            2.34374 sec
INFO (CarpetX):   total evolution compute time:    2.34234 sec
INFO (CarpetX):   total evolution output time:     0.00140381 sec
INFO (CarpetX):   total iterations:                42
INFO (CarpetX):   total cells updated:             172032
INFO (CarpetX):   average iterations per second: 17.92
INFO (CarpetX):   average cell updates per second: 73400.5
INFO (CarpetX): OutputGH: iteration 43, time 0.167969, run time 2 s
INFO (CarpetX): OutputGH done.
INFO (CarpetX): Simulation time: 0.167969   Iterations per second: 17.8957   Simulation time per second: 0.0699051
INFO (CarpetX): Grid cells: 4096   Grid cell updates per second: 73300.8
INFO (CarpetX): Performance:
INFO (CarpetX):   total evolution time:            2.39958 sec
INFO (CarpetX):   total evolution compute time:    2.39815 sec
INFO (CarpetX):   total evolution output time:     0.00143385 sec
INFO (CarpetX):   total iterations:                43
INFO (CarpetX):   total cells updated:             176128
INFO (CarpetX):   average iterations per second: 17.9198
INFO (CarpetX):   average cell updates per second: 73399.5
INFO (CarpetX): OutputGH: iteration 44, time 0.171875, run time 2 s
INFO (CarpetX): OutputGH done.
INFO (CarpetX): Simulation time: 0.171875   Iterations per second: 17.8917   Simulation time per second: 0.0698893
INFO (CarpetX): Grid cells: 4096   Grid cell updates per second: 73284.3
INFO (CarpetX): Performance:
INFO (CarpetX):   total evolution time:            2.45558 sec
INFO (CarpetX):   total evolution compute time:    2.45411 sec
INFO (CarpetX):   total evolution output time:     0.00147271 sec
INFO (CarpetX):   total iterations:                44
INFO (CarpetX):   total cells updated:             180224
INFO (CarpetX):   average iterations per second: 17.9183
INFO (CarpetX):   average cell updates per second: 73393.5
INFO (CarpetX): OutputGH: iteration 45, time 0.175781, run time 2 s
INFO (CarpetX): OutputGH done.
INFO (CarpetX): Simulation time: 0.175781   Iterations per second: 17.8945   Simulation time per second: 0.0699005
INFO (CarpetX): Grid cells: 4096   Grid cell updates per second: 73295.9
INFO (CarpetX): Performance:
INFO (CarpetX):   total evolution time:            2.51139 sec
INFO (CarpetX):   total evolution compute time:    2.50984 sec
INFO (CarpetX):   total evolution output time:     0.00154281 sec
INFO (CarpetX):   total iterations:                45
INFO (CarpetX):   total cells updated:             184320
INFO (CarpetX):   average iterations per second: 17.9184
INFO (CarpetX):   average cell updates per second: 73393.7
INFO (CarpetX): OutputGH: iteration 46, time 0.179688, run time 2 s
INFO (CarpetX): OutputGH done.
INFO (CarpetX): Simulation time: 0.179688   Iterations per second: 17.8826   Simulation time per second: 0.0698541
INFO (CarpetX): Grid cells: 4096   Grid cell updates per second: 73247.3
INFO (CarpetX): Performance:
INFO (CarpetX):   total evolution time:            2.56764 sec
INFO (CarpetX):   total evolution compute time:    2.56604 sec
INFO (CarpetX):   total evolution output time:     0.00159669 sec
INFO (CarpetX):   total iterations:                46
INFO (CarpetX):   total cells updated:             188416
INFO (CarpetX):   average iterations per second: 17.9153
INFO (CarpetX):   average cell updates per second: 73381
INFO (CarpetX): OutputGH: iteration 47, time 0.183594, run time 3 s
INFO (CarpetX): OutputGH done.
INFO (CarpetX): Simulation time: 0.183594   Iterations per second: 17.8703   Simulation time per second: 0.0698058
INFO (CarpetX): Grid cells: 4096   Grid cell updates per second: 73196.7
INFO (CarpetX): Performance:
INFO (CarpetX):   total evolution time:            2.62395 sec
INFO (CarpetX):   total evolution compute time:    2.6223 sec
INFO (CarpetX):   total evolution output time:     0.0016489 sec
INFO (CarpetX):   total iterations:                47
INFO (CarpetX):   total cells updated:             192512
INFO (CarpetX):   average iterations per second: 17.9119
INFO (CarpetX):   average cell updates per second: 73367.3
INFO (CarpetX): OutputGH: iteration 48, time 0.187500, run time 3 s
INFO (CarpetX): OutputGH done.
INFO (CarpetX): Simulation time: 0.1875   Iterations per second: 17.8559   Simulation time per second: 0.0697496
INFO (CarpetX): Grid cells: 4096   Grid cell updates per second: 73137.7
INFO (CarpetX): Performance:
INFO (CarpetX):   total evolution time:            2.68036 sec
INFO (CarpetX):   total evolution compute time:    2.67866 sec
INFO (CarpetX):   total evolution output time:     0.00170088 sec
INFO (CarpetX):   total iterations:                48
INFO (CarpetX):   total cells updated:             196608
INFO (CarpetX):   average iterations per second: 17.9081
INFO (CarpetX):   average cell updates per second: 73351.4
INFO (CarpetX): OutputGH: iteration 49, time 0.191406, run time 3 s
INFO (CarpetX): OutputGH done.
INFO (CarpetX): Simulation time: 0.191406   Iterations per second: 17.8539   Simulation time per second: 0.0697416
INFO (CarpetX): Grid cells: 4096   Grid cell updates per second: 73129.4
INFO (CarpetX): Performance:
INFO (CarpetX):   total evolution time:            2.73643 sec
INFO (CarpetX):   total evolution compute time:    2.73467 sec
INFO (CarpetX):   total evolution output time:     0.00175285 sec
INFO (CarpetX):   total iterations:                49
INFO (CarpetX):   total cells updated:             200704
INFO (CarpetX):   average iterations per second: 17.9066
INFO (CarpetX):   average cell updates per second: 73345.3
INFO (CarpetX): OutputGH: iteration 50, time 0.195312, run time 3 s
INFO (CarpetX): OutputGH done.
INFO (CarpetX): Simulation time: 0.195312   Iterations per second: 17.859   Simulation time per second: 0.0697618
INFO (CarpetX): Grid cells: 4096   Grid cell updates per second: 73150.6
INFO (CarpetX): Performance:
INFO (CarpetX):   total evolution time:            2.79227 sec
INFO (CarpetX):   total evolution compute time:    2.79047 sec
INFO (CarpetX):   total evolution output time:     0.00180483 sec
INFO (CarpetX):   total iterations:                50
INFO (CarpetX):   total cells updated:             204800
INFO (CarpetX):   average iterations per second: 17.9066
INFO (CarpetX):   average cell updates per second: 73345.2
INFO (CarpetX): OutputGH: iteration 51, time 0.199219, run time 3 s
INFO (CarpetX): OutputGH done.
INFO (CarpetX): Simulation time: 0.199219   Iterations per second: 17.8659   Simulation time per second: 0.0697886
INFO (CarpetX): Grid cells: 4096   Grid cell updates per second: 73178.7
INFO (CarpetX): Performance:
INFO (CarpetX):   total evolution time:            2.84805 sec
INFO (CarpetX):   total evolution compute time:    2.8462 sec
INFO (CarpetX):   total evolution output time:     0.0018518 sec
INFO (CarpetX):   total iterations:                51
INFO (CarpetX):   total cells updated:             208896
INFO (CarpetX):   average iterations per second: 17.907
INFO (CarpetX):   average cell updates per second: 73347
INFO (CarpetX): OutputGH: iteration 52, time 0.203125, run time 3 s
INFO (CarpetX): OutputGH done.
INFO (CarpetX): Simulation time: 0.203125   Iterations per second: 17.8663   Simulation time per second: 0.0697902
INFO (CarpetX): Grid cells: 4096   Grid cell updates per second: 73180.4
INFO (CarpetX): Performance:
INFO (CarpetX):   total evolution time:            2.90401 sec
INFO (CarpetX):   total evolution compute time:    2.90211 sec
INFO (CarpetX):   total evolution output time:     0.00189972 sec
INFO (CarpetX):   total iterations:                52
INFO (CarpetX):   total cells updated:             212992
INFO (CarpetX):   average iterations per second: 17.9063
INFO (CarpetX):   average cell updates per second: 73344
INFO (CarpetX): OutputGH: iteration 53, time 0.207031, run time 3 s
INFO (CarpetX): OutputGH done.
INFO (CarpetX): Simulation time: 0.207031   Iterations per second: 17.876   Simulation time per second: 0.0698281
INFO (CarpetX): Grid cells: 4096   Grid cell updates per second: 73220
INFO (CarpetX): Performance:
INFO (CarpetX):   total evolution time:            2.95968 sec
INFO (CarpetX):   total evolution compute time:    2.95772 sec
INFO (CarpetX):   total evolution output time:     0.0019567 sec
INFO (CarpetX):   total iterations:                53
INFO (CarpetX):   total cells updated:             217088
INFO (CarpetX):   average iterations per second: 17.9073
INFO (CarpetX):   average cell updates per second: 73348.5
INFO (CarpetX): OutputGH: iteration 54, time 0.210938, run time 3 s
INFO (CarpetX): OutputGH done.
INFO (CarpetX): Simulation time: 0.210938   Iterations per second: 17.8812   Simulation time per second: 0.0698483
INFO (CarpetX): Grid cells: 4096   Grid cell updates per second: 73241.3
INFO (CarpetX): Performance:
INFO (CarpetX):   total evolution time:            3.01546 sec
INFO (CarpetX):   total evolution compute time:    3.01344 sec
INFO (CarpetX):   total evolution output time:     0.0020237 sec
INFO (CarpetX):   total iterations:                54
INFO (CarpetX):   total cells updated:             221184
INFO (CarpetX):   average iterations per second: 17.9077
INFO (CarpetX):   average cell updates per second: 73350
INFO (CarpetX): OutputGH: iteration 55, time 0.214844, run time 3 s
INFO (CarpetX): OutputGH done.
INFO (CarpetX): Simulation time: 0.214844   Iterations per second: 17.8921   Simulation time per second: 0.0698911
INFO (CarpetX): Grid cells: 4096   Grid cell updates per second: 73286.2
INFO (CarpetX): Performance:
INFO (CarpetX):   total evolution time:            3.07104 sec
INFO (CarpetX):   total evolution compute time:    3.06897 sec
INFO (CarpetX):   total evolution output time:     0.00207472 sec
INFO (CarpetX):   total iterations:                55
INFO (CarpetX):   total cells updated:             225280
INFO (CarpetX):   average iterations per second: 17.9092
INFO (CarpetX):   average cell updates per second: 73356.2
INFO (CarpetX): OutputGH: iteration 56, time 0.218750, run time 3 s
INFO (CarpetX): OutputGH done.
INFO (CarpetX): Simulation time: 0.21875   Iterations per second: 17.9112   Simulation time per second: 0.0699655
INFO (CarpetX): Grid cells: 4096   Grid cell updates per second: 73364.2
INFO (CarpetX): Performance:
INFO (CarpetX):   total evolution time:            3.12634 sec
INFO (CarpetX):   total evolution compute time:    3.12421 sec
INFO (CarpetX):   total evolution output time:     0.00212669 sec
INFO (CarpetX):   total iterations:                56
INFO (CarpetX):   total cells updated:             229376
INFO (CarpetX):   average iterations per second: 17.9123
INFO (CarpetX):   average cell updates per second: 73368.9
INFO (CarpetX): OutputGH: iteration 57, time 0.222656, run time 3 s
INFO (CarpetX): OutputGH done.
INFO (CarpetX): Simulation time: 0.222656   Iterations per second: 17.908   Simulation time per second: 0.069953
INFO (CarpetX): Grid cells: 4096   Grid cell updates per second: 73351
INFO (CarpetX): Performance:
INFO (CarpetX):   total evolution time:            3.18227 sec
INFO (CarpetX):   total evolution compute time:    3.18009 sec
INFO (CarpetX):   total evolution output time:     0.00218272 sec
INFO (CarpetX):   total iterations:                57
INFO (CarpetX):   total cells updated:             233472
INFO (CarpetX):   average iterations per second: 17.9117
INFO (CarpetX):   average cell updates per second: 73366.5
INFO (CarpetX): OutputGH: iteration 58, time 0.226562, run time 3 s
INFO (CarpetX): OutputGH done.
INFO (CarpetX): Simulation time: 0.226562   Iterations per second: 17.9161   Simulation time per second: 0.069985
INFO (CarpetX): Grid cells: 4096   Grid cell updates per second: 73384.5
INFO (CarpetX): Performance:
INFO (CarpetX):   total evolution time:            3.23785 sec
INFO (CarpetX):   total evolution compute time:    3.23562 sec
INFO (CarpetX):   total evolution output time:     0.00223684 sec
INFO (CarpetX):   total iterations:                58
INFO (CarpetX):   total cells updated:             237568
INFO (CarpetX):   average iterations per second: 17.9131
INFO (CarpetX):   average cell updates per second: 73372
INFO (CarpetX): OutputGH: iteration 59, time 0.230469, run time 3 s
INFO (CarpetX): OutputGH done.
INFO (CarpetX): Simulation time: 0.230469   Iterations per second: 17.9154   Simulation time per second: 0.0699822
INFO (CarpetX): Grid cells: 4096   Grid cell updates per second: 73381.6
INFO (CarpetX): Performance:
INFO (CarpetX):   total evolution time:            3.29369 sec
INFO (CarpetX):   total evolution compute time:    3.2914 sec
INFO (CarpetX):   total evolution output time:     0.00229383 sec
INFO (CarpetX):   total iterations:                59
INFO (CarpetX):   total cells updated:             241664
INFO (CarpetX):   average iterations per second: 17.913
INFO (CarpetX):   average cell updates per second: 73371.7
INFO (CarpetX): OutputGH: iteration 60, time 0.234375, run time 3 s
INFO (CarpetX): OutputGH done.
INFO (CarpetX): Simulation time: 0.234375   Iterations per second: 17.9135   Simulation time per second: 0.0699745
INFO (CarpetX): Grid cells: 4096   Grid cell updates per second: 73373.6
INFO (CarpetX): Performance:
INFO (CarpetX):   total evolution time:            3.34957 sec
INFO (CarpetX):   total evolution compute time:    3.34723 sec
INFO (CarpetX):   total evolution output time:     0.00234079 sec
INFO (CarpetX):   total iterations:                60
INFO (CarpetX):   total cells updated:             245760
INFO (CarpetX):   average iterations per second: 17.9127
INFO (CarpetX):   average cell updates per second: 73370.6
INFO (CarpetX): OutputGH: iteration 61, time 0.238281, run time 3 s
INFO (CarpetX): OutputGH done.
INFO (CarpetX): Simulation time: 0.238281   Iterations per second: 17.9339   Simulation time per second: 0.0700544
INFO (CarpetX): Grid cells: 4096   Grid cell updates per second: 73457.4
INFO (CarpetX): Performance:
INFO (CarpetX):   total evolution time:            3.40476 sec
INFO (CarpetX):   total evolution compute time:    3.40236 sec
INFO (CarpetX):   total evolution output time:     0.00240278 sec
INFO (CarpetX):   total iterations:                61
INFO (CarpetX):   total cells updated:             249856
INFO (CarpetX):   average iterations per second: 17.9161
INFO (CarpetX):   average cell updates per second: 73384.3
INFO (CarpetX): OutputGH: iteration 62, time 0.242188, run time 3 s
INFO (CarpetX): OutputGH done.
INFO (CarpetX): Simulation time: 0.242188   Iterations per second: 17.9658   Simulation time per second: 0.0701789
INFO (CarpetX): Grid cells: 4096   Grid cell updates per second: 73587.9
INFO (CarpetX): Performance:
INFO (CarpetX):   total evolution time:            3.45953 sec
INFO (CarpetX):   total evolution compute time:    3.4571 sec
INFO (CarpetX):   total evolution output time:     0.00242972 sec
INFO (CarpetX):   total iterations:                62
INFO (CarpetX):   total cells updated:             253952
INFO (CarpetX):   average iterations per second: 17.9215
INFO (CarpetX):   average cell updates per second: 73406.5
INFO (CarpetX): OutputGH: iteration 63, time 0.246094, run time 3 s
INFO (CarpetX): OutputGH done.
INFO (CarpetX): Simulation time: 0.246094   Iterations per second: 17.9906   Simulation time per second: 0.0702758
INFO (CarpetX): Grid cells: 4096   Grid cell updates per second: 73689.5
INFO (CarpetX): Performance:
INFO (CarpetX):   total evolution time:            3.51442 sec
INFO (CarpetX):   total evolution compute time:    3.51197 sec
INFO (CarpetX):   total evolution output time:     0.0024569 sec
INFO (CarpetX):   total iterations:                63
INFO (CarpetX):   total cells updated:             258048
INFO (CarpetX):   average iterations per second: 17.9261
INFO (CarpetX):   average cell updates per second: 73425.4
INFO (CarpetX): OutputGH: iteration 64, time 0.250000, run time 3 s
INFO (CarpetX): OutputGH done.
INFO (CarpetX): Simulation time: 0.25   Iterations per second: 17.3461   Simulation time per second: 0.0677584
INFO (CarpetX): Grid cells: 4096   Grid cell updates per second: 71049.8
INFO (CarpetX): Performance:
INFO (CarpetX):   total evolution time:            3.59066 sec
INFO (CarpetX):   total evolution compute time:    3.5746 sec
INFO (CarpetX):   total evolution output time:     0.016063 sec
INFO (CarpetX):   total iterations:                64
INFO (CarpetX):   total cells updated:             262144
INFO (CarpetX):   average iterations per second: 17.824
INFO (CarpetX):   average cell updates per second: 73007.2
INFO (CarpetX): Shutting down...
AMReX (25.11) finalized
--------------------------------------------------------------------------------
Done.

real	0m4.020s
user	0m6.735s
sys	0m0.187s
+ echo Stopping:
Stopping:
+ date
Thu Apr  2 07:32:33 PM UTC 2026
+ echo Done.
Done.
  Elapsed time: 4.0 s
