/__w/canudax-tests/workspace/simulations/TestJob01_temp_1/output-0000/TEST/sim/CanudaX_BSSNMoL
Preparing:
+ set -e
+ cd output-0000-active
+ echo Checking:
Checking:
+ pwd
/__w/canudax-tests/workspace/simulations/TestJob01_temp_1/output-0000/TEST/sim/CanudaX_BSSNMoL/output-0000-active
+ hostname
53ecef061f6b
+ date
Mon Mar  9 01:12:55 AM UTC 2026
+ echo Environment:
Environment:
+ export SIMULATION_ID=simulation-TestJob01_temp_1-actions-cpu-real64-actions-root-2026.03.09-01.12.55-13041
+ SIMULATION_ID=simulation-TestJob01_temp_1-actions-cpu-real64-actions-root-2026.03.09-01.12.55-13041
+ export CACTUS_NUM_PROCS=1
+ CACTUS_NUM_PROCS=1
+ export CACTUS_NUM_THREADS=2
+ CACTUS_NUM_THREADS=2
+ export CACTUS_SET_THREAD_BINDINGS=0
+ CACTUS_SET_THREAD_BINDINGS=0
+ export GLIBCXX_FORCE_NEW=1
+ GLIBCXX_FORCE_NEW=1
+ export GMON_OUT_PREFIX=gmon.out
+ GMON_OUT_PREFIX=gmon.out
+ export OMP_DISPLAY_ENV=TRUE
+ OMP_DISPLAY_ENV=TRUE
+ export OMP_MAX_TASKS=100
+ OMP_MAX_TASKS=100
+ export OMP_NUM_THREADS=2
+ OMP_NUM_THREADS=2
+ export OMP_PLACES=cores
+ OMP_PLACES=cores
+ export OMP_PROC_BIND=FALSE
+ OMP_PROC_BIND=FALSE
+ export OMP_STACKSIZE=8192
+ OMP_STACKSIZE=8192
+ env
+ sort
+ echo Starting:
Starting:
++ date +%s
+ export CACTUS_STARTTIME=1773018775
+ CACTUS_STARTTIME=1773018775
+ mpiexec -n 1 /__w/canudax-tests/workspace/simulations/TestJob01_temp_1/SIMFACTORY/exe/cactus_sim -L 3 /__w/canudax-tests/workspace/simulations/TestJob01_temp_1/output-0000/arrangements/CanudaX_Lean/CanudaX_BSSNMoL/test/gaugewave.par

OPENMP DISPLAY ENVIRONMENT BEGIN
  _OPENMP = '201511'
  [host] OMP_DYNAMIC = 'FALSE'
  [host] OMP_NESTED = 'FALSE'
  [host] OMP_NUM_THREADS = '2'
  [host] OMP_SCHEDULE = 'DYNAMIC'
  [host] OMP_PROC_BIND = 'FALSE'
  [host] OMP_PLACES = ''
  [host] OMP_STACKSIZE = '8388608'
  [host] OMP_WAIT_POLICY = 'PASSIVE'
  [host] OMP_THREAD_LIMIT = '4294967295'
  [host] OMP_MAX_ACTIVE_LEVELS = '1'
  [host] OMP_NUM_TEAMS = '0'
  [host] OMP_TEAMS_THREAD_LIMIT = '0'
  [all] OMP_CANCELLATION = 'FALSE'
  [all] OMP_DEFAULT_DEVICE = '0'
  [all] OMP_MAX_TASK_PRIORITY = '0'
  [all] OMP_DISPLAY_AFFINITY = 'FALSE'
  [host] OMP_AFFINITY_FORMAT = 'level %L thread %i affinity %A'
  [host] OMP_ALLOCATOR = 'omp_default_mem_alloc'
  [all] OMP_TARGET_OFFLOAD = 'DEFAULT'
OPENMP DISPLAY ENVIRONMENT END
INFO (Cactus): Increased logging level from 0 to 3
--------------------------------------------------------------------------------

       10                                  
  1   0101       ************************  
  01  1010 10      The Cactus Code V4.18.0    
 1010 1101 011      www.cactuscode.org     
  1001 100101    ************************  
    00010101                               
     100011     (c) Copyright The Authors  
      0100      GNU Licensed. No Warranty  
      0101                                 
--------------------------------------------------------------------------------

Cactus version:    4.18.0
Compile date:      Mar 09 2026 (01:12:41)
Run date:          Mar 09 2026 (01:12:55+0000)
Run host:          53ecef061f6b (pid=13089)
Working directory: /__w/canudax-tests/workspace/simulations/TestJob01_temp_1/output-0000/TEST/sim/CanudaX_BSSNMoL
Executable:        /__w/canudax-tests/workspace/simulations/TestJob01_temp_1/SIMFACTORY/exe/cactus_sim
Parameter file:    /__w/canudax-tests/workspace/simulations/TestJob01_temp_1/output-0000/arrangements/CanudaX_Lean/CanudaX_BSSNMoL/test/gaugewave.par
--------------------------------------------------------------------------------

Activating thorn Cactus...Success -> active implementation Cactus
Activation requested for 
--->ADMBaseX CanudaX_BSSNMoL CanudaX_ExactID CarpetX IOUtil ODESolvers TmunuBaseX<---
Thorn ADMBaseX requests automatic activation of Loop
Thorn CarpetX requests automatic activation of AMReX
Thorn CarpetX requests automatic activation of MPI
Thorn CarpetX requests automatic activation of yaml_cpp
Thorn CarpetX requests automatic activation of zlib
Thorn CarpetX requests automatic activation of Arith
Thorn CarpetX requests automatic activation of CarpetXRegrid
Thorn CarpetX requests automatic activation of ADIOS2
Thorn CarpetX requests automatic activation of openPMD
Thorn CarpetX requests automatic activation of Silo
Thorn Arith requests automatic activation of NSIMD
Thorn MPI requests automatic activation of hwloc
Thorn openPMD requests automatic activation of HDF5
Activating thorn ADIOS2...Success -> active implementation ADIOS2
Activating thorn ADMBaseX...Success -> active implementation ADMBaseX
Activating thorn AMReX...Success -> active implementation AMReX
Activating thorn Arith...Success -> active implementation Arith
Activating thorn CanudaX_BSSNMoL...Success -> active implementation CanudaX_BSSNMoL
Activating thorn CanudaX_ExactID...Success -> active implementation CanudaX_ExactID
Activating thorn CarpetX...Success -> active implementation Driver
Activating thorn CarpetXRegrid...Success -> active implementation CarpetXRegrid
Activating thorn HDF5...Success -> active implementation HDF5
Activating thorn hwloc...Success -> active implementation hwloc
Activating thorn IOUtil...Success -> active implementation IO
Activating thorn Loop...Success -> active implementation Loop
Activating thorn MPI...Success -> active implementation MPI
Activating thorn NSIMD...Success -> active implementation NSIMD
Activating thorn ODESolvers...Success -> active implementation ODESolvers
Activating thorn openPMD...Success -> active implementation openPMD
Activating thorn Silo...Success -> active implementation Silo
Activating thorn TmunuBaseX...Success -> active implementation TmunuBaseX
Activating thorn yaml_cpp...Success -> active implementation yaml_cpp
Activating thorn zlib...Success -> active implementation zlib
--------------------------------------------------------------------------------
  if (recover initial data)
    Recover parameters
  endif

  Startup routines
    [CCTK_STARTUP]
      CarpetX::Driver_Startup: Start up the driver
      IOUtil::IOUtil_Startup: Startup routine
      GROUP hwloc_startup: hwloc startup group
        hwloc::hwloc_version: Output hwloc version

  Startup routines which need an existing grid hierarchy
    [CCTK_WRAGH]
      Arith::Test_smallvector: [meta] Test small vectors
      Arith::Test_spvect: [meta] Test sparse vectors
      ODESolvers::ODESolvers_InitConstants: [global] Set up dummy loop counters for schedule printout
  Parameter checking routines
    [CCTK_PARAMCHECK]
      CanudaX_BSSNMoL::CanudaX_BSSNMoL_paramcheck: Check CanudaX_BSSNMoL parameters for consistency

  Initialisation
    if (NOT (recover initial data AND recovery_mode is 'strict'))
      [CCTK_PREREGRIDINITIAL]
      Set up grid hierarchy
      [CCTK_POSTREGRIDINITIAL]
      [CCTK_BASEGRID]
        CarpetXRegrid::CarpetXRegrid_InitError: Initialize regridding error to zero
        GROUP ODESolvers_BaseGrid: Set up constants (e.g. coordinates) everywhere on the grid
      [CCTK_INITIAL]
        GROUP TmunuBaseX_SetTmunuVars: Schedule group for setting T_munu
          TmunuBaseX::TmunuBaseX_ZeroTmunu: Set T_munu to zero
          GROUP TmunuBaseX_AddToTmunu: Add to T_munu here
        GROUP ODESolvers_Initial: Set up initial conditions on interior of state vector
          GROUP ADMBaseX_InitialData: Schedule group for calculating ADM initial data
            GROUP CanudaX_ExactIDGroup: CanudaX_ExactID group for setting up initial data
              CanudaX_ExactID::CanudaX_ExactID_GaugeWave: [local] Create gauge wave initial data
          GROUP ADMBaseX_InitialGauge: Schedule group for the ADM initial gauge condition
            ADMBaseX::ADMBaseX_initial_dtlapse: Set dtlapse to zero
            ADMBaseX::ADMBaseX_initial_dtshift: Set dtshift to zero
          GROUP ADMBaseX_PostInitial: Schedule group for modifying the ADM initial data, such as e.g. adding noise
        GROUP CanudaX_BSSNMoL_InitialGroup: CanudaX_BSSNMoL: initial bin
          CanudaX_BSSNMoL::CanudaX_BSSNMoL_adm2bssn: [local] Convert initial data into BSSN variables
          CanudaX_BSSNMoL::CanudaX_BSSNMoL_gammat: [local] Set Gammat initial data
      [CCTK_POSTINITIAL]
        GROUP ODESolvers_PostStep: Apply boundary conditions to state vector, and project if necessary
          GROUP CanudaX_BSSNMoL_PostStepGroup: CanudaX_BSSNMoL: post-step operations
            CanudaX_BSSNMoL::CanudaX_BSSNMoL_impose_conf_fac_floor: Make sure conformal factor does not drop below specified value
            CanudaX_BSSNMoL::CanudaX_BSSNMoL_reset_detmetric: reset dethh = 1
            CanudaX_BSSNMoL::CanudaX_BSSNMoL_remove_trA: Remove trace of A
            CanudaX_BSSNMoL::CanudaX_BSSNMoL_sync: [global] Sync state vector
            CanudaX_BSSNMoL::CanudaX_BSSNMoL_bssn2adm: [local] Convert variables back to the ADM ones
          GROUP ADMBaseX_SetADMRHS: Set ADM RHS variables in this group
          GROUP ADMBaseX_SetADMVars: Set ADM variables in this group
          GROUP TmunuBaseX_SetTmunuVars: Schedule group for setting T_munu
            TmunuBaseX::TmunuBaseX_ZeroTmunu: Set T_munu to zero
            GROUP TmunuBaseX_AddToTmunu: Add to T_munu here
        GROUP ODESolvers_EstimateError: Estimate discretization error (for regridding)
      Initialise finer grids recursively
      Restrict from finer grids
      [CCTK_POSTRESTRICTINITIAL]
      [CCTK_POSTPOSTINITIAL]
      [CCTK_POSTSTEP]
        GROUP ODESolvers_EstimateError: Estimate discretization error (for regridding)
    endif
    if (recover initial data)
      [CCTK_BASEGRID]
        CarpetXRegrid::CarpetXRegrid_InitError: Initialize regridding error to zero
        GROUP ODESolvers_BaseGrid: Set up constants (e.g. coordinates) everywhere on the grid
      [CCTK_RECOVER_VARIABLES]
      [CCTK_POST_RECOVER_VARIABLES]
        GROUP ODESolvers_PostStep: Apply boundary conditions to state vector, and project if necessary
          GROUP CanudaX_BSSNMoL_PostStepGroup: CanudaX_BSSNMoL: post-step operations
            CanudaX_BSSNMoL::CanudaX_BSSNMoL_impose_conf_fac_floor: Make sure conformal factor does not drop below specified value
            CanudaX_BSSNMoL::CanudaX_BSSNMoL_reset_detmetric: reset dethh = 1
            CanudaX_BSSNMoL::CanudaX_BSSNMoL_remove_trA: Remove trace of A
            CanudaX_BSSNMoL::CanudaX_BSSNMoL_sync: [global] Sync state vector
            CanudaX_BSSNMoL::CanudaX_BSSNMoL_bssn2adm: [local] Convert variables back to the ADM ones
          GROUP ADMBaseX_SetADMRHS: Set ADM RHS variables in this group
          GROUP ADMBaseX_SetADMVars: Set ADM variables in this group
          GROUP TmunuBaseX_SetTmunuVars: Schedule group for setting T_munu
            TmunuBaseX::TmunuBaseX_ZeroTmunu: Set T_munu to zero
            GROUP TmunuBaseX_AddToTmunu: Add to T_munu here
        GROUP ODESolvers_EstimateError: Estimate discretization error (for regridding)
    endif
    if (checkpoint initial data)
      [CCTK_CPINITIAL]
        CarpetX::CarpetX_CheckpointInitial: [meta] Checkpoint initial conditions
    endif
    if (analysis)
      [CCTK_ANALYSIS]
        CanudaX_BSSNMoL::CanudaX_BSSNMoL_bssn_constraints: Compute constraints
        GROUP ODESolvers_Analysis: Calculate analysis quantities everywhere
  endif
  Output grid variables

  do loop over timesteps
    [CCTK_PREREGRID]
    Change grid hierarchy
    [CCTK_POSTREGRID]
      GROUP ODESolvers_PostStep: Apply boundary conditions to state vector, and project if necessary
        GROUP CanudaX_BSSNMoL_PostStepGroup: CanudaX_BSSNMoL: post-step operations
          CanudaX_BSSNMoL::CanudaX_BSSNMoL_impose_conf_fac_floor: Make sure conformal factor does not drop below specified value
          CanudaX_BSSNMoL::CanudaX_BSSNMoL_reset_detmetric: reset dethh = 1
          CanudaX_BSSNMoL::CanudaX_BSSNMoL_remove_trA: Remove trace of A
          CanudaX_BSSNMoL::CanudaX_BSSNMoL_sync: [global] Sync state vector
          CanudaX_BSSNMoL::CanudaX_BSSNMoL_bssn2adm: [local] Convert variables back to the ADM ones
        GROUP ADMBaseX_SetADMRHS: Set ADM RHS variables in this group
        GROUP ADMBaseX_SetADMVars: Set ADM variables in this group
        GROUP TmunuBaseX_SetTmunuVars: Schedule group for setting T_munu
          TmunuBaseX::TmunuBaseX_ZeroTmunu: Set T_munu to zero
          GROUP TmunuBaseX_AddToTmunu: Add to T_munu here
    Rotate timelevels
    iteration = iteration+1
    t = t+dt
    [CCTK_PRESTEP]
    [CCTK_EVOL]
      ODESolvers::ODESolvers_Solve: [level] Solve ODEs
      while (ODESolvers::do_substeps)
        GROUP ODESolvers_CalledBySolve: Groups internally scheduled by ODESolvers_Solve
          GROUP ODESolvers_RHS: Evaluate the RHS for of state vector everywhere on the grid
            GROUP CanudaX_BSSNMoL_RHSGroup: CanudaX_BSSNMoL: calculate BSSN RHS
              CanudaX_BSSNMoL::CanudaX_BSSNMoL_calc_bssn_rhs: MoL RHS calculation
              CanudaX_BSSNMoL::CanudaX_BSSNMoL_apply_boundary_conditions: Apply radiative boundary conditions 
          GROUP ODESolvers_PostStep: Apply boundary conditions to state vector, and project if necessary
            GROUP CanudaX_BSSNMoL_PostStepGroup: CanudaX_BSSNMoL: post-step operations
              CanudaX_BSSNMoL::CanudaX_BSSNMoL_impose_conf_fac_floor: Make sure conformal factor does not drop below specified value
              CanudaX_BSSNMoL::CanudaX_BSSNMoL_reset_detmetric: reset dethh = 1
              CanudaX_BSSNMoL::CanudaX_BSSNMoL_remove_trA: Remove trace of A
              CanudaX_BSSNMoL::CanudaX_BSSNMoL_sync: [global] Sync state vector
              CanudaX_BSSNMoL::CanudaX_BSSNMoL_bssn2adm: [local] Convert variables back to the ADM ones
            GROUP ADMBaseX_SetADMRHS: Set ADM RHS variables in this group
            GROUP ADMBaseX_SetADMVars: Set ADM variables in this group
            GROUP TmunuBaseX_SetTmunuVars: Schedule group for setting T_munu
              TmunuBaseX::TmunuBaseX_ZeroTmunu: Set T_munu to zero
              GROUP TmunuBaseX_AddToTmunu: Add to T_munu here
      end while
    Evolve finer grids recursively
    Restrict from finer grids
    [CCTK_POSTRESTRICT]
      GROUP ODESolvers_PostStep: Apply boundary conditions to state vector, and project if necessary
        GROUP CanudaX_BSSNMoL_PostStepGroup: CanudaX_BSSNMoL: post-step operations
          CanudaX_BSSNMoL::CanudaX_BSSNMoL_impose_conf_fac_floor: Make sure conformal factor does not drop below specified value
          CanudaX_BSSNMoL::CanudaX_BSSNMoL_reset_detmetric: reset dethh = 1
          CanudaX_BSSNMoL::CanudaX_BSSNMoL_remove_trA: Remove trace of A
          CanudaX_BSSNMoL::CanudaX_BSSNMoL_sync: [global] Sync state vector
          CanudaX_BSSNMoL::CanudaX_BSSNMoL_bssn2adm: [local] Convert variables back to the ADM ones
        GROUP ADMBaseX_SetADMRHS: Set ADM RHS variables in this group
        GROUP ADMBaseX_SetADMVars: Set ADM variables in this group
        GROUP TmunuBaseX_SetTmunuVars: Schedule group for setting T_munu
          TmunuBaseX::TmunuBaseX_ZeroTmunu: Set T_munu to zero
          GROUP TmunuBaseX_AddToTmunu: Add to T_munu here
    [CCTK_POSTSTEP]
      GROUP ODESolvers_EstimateError: Estimate discretization error (for regridding)
    if (checkpoint)
      [CCTK_CHECKPOINT]
      CarpetX::CarpetX_Checkpoint: [meta] Checkpoint
    endif
    if (analysis)
      [CCTK_ANALYSIS]
      CanudaX_BSSNMoL::CanudaX_BSSNMoL_bssn_constraints: Compute constraints
      GROUP ODESolvers_Analysis: Calculate analysis quantities everywhere
    endif
    Output grid variables
    enddo

  Termination routines
    [CCTK_TERMINATE]
      CarpetX::CarpetX_CheckpointTerminate: [meta] Checkpoint before terminating

  Shutdown routines
    [CCTK_SHUTDOWN]
      CarpetX::Driver_Shutdown: [meta] Shut down the driver

  Routines run after changing the grid hierarchy:
    [CCTK_POSTREGRID]
      GROUP ODESolvers_PostStep: Apply boundary conditions to state vector, and project if necessary
        GROUP CanudaX_BSSNMoL_PostStepGroup: CanudaX_BSSNMoL: post-step operations
          CanudaX_BSSNMoL::CanudaX_BSSNMoL_impose_conf_fac_floor: Make sure conformal factor does not drop below specified value
          CanudaX_BSSNMoL::CanudaX_BSSNMoL_reset_detmetric: reset dethh = 1
          CanudaX_BSSNMoL::CanudaX_BSSNMoL_remove_trA: Remove trace of A
          CanudaX_BSSNMoL::CanudaX_BSSNMoL_sync: [global] Sync state vector
          CanudaX_BSSNMoL::CanudaX_BSSNMoL_bssn2adm: [local] Convert variables back to the ADM ones
        GROUP ADMBaseX_SetADMRHS: Set ADM RHS variables in this group
        GROUP ADMBaseX_SetADMVars: Set ADM variables in this group
        GROUP TmunuBaseX_SetTmunuVars: Schedule group for setting T_munu
          TmunuBaseX::TmunuBaseX_ZeroTmunu: Set T_munu to zero
          GROUP TmunuBaseX_AddToTmunu: Add to T_munu here
--------------------------------------------------------------------------------
INFO (hwloc): library version 2.10.0, API version 0x20800
--------------------------------------------------------------------------------

  [34m  ▕▏  [34m  ▕▏  [34m  ▕▏  [34m  ▕▏  [34m  ▕▏  [34m  ▕▏  [34m  ▕▏  [34m  ▕▏  [34m  ▕▏  [39m  
  [34m──██──[34m──██──[34m──██──[34m──██──[34m──██──[34m──██──[34m──██──[34m──██──[34m──██──[39m  
  [34m  ▕▏  [34m  ▕▏  [34m  ▕▏  [34m  ▕▏  [34m  ▕▏  [34m  ▕▏  [34m  ▕▏  [34m  ▕▏  [34m  ▕▏  [39m  
  [34m  ▕▏  [32m██████[34m  ▕▏  [34m  ▕▏  [32m██████[34m  ▕▏  [34m  ▕▏  [32m██████[34m  ▕▏  [39m  
  [34m──██──[32m██████[34m──██──[34m──██──[32m██████[34m──██──[34m──██──[32m██████[34m──██──[39m  
  [34m  ▕▏  [32m██████[34m  ▕▏  [34m  ▕▏  [32m██████[34m  ▕▏  [34m  ▕▏  [32m██████[34m  ▕▏  [39m  
  [34m  ▕▏  [34m  ▕▏  [34m  ▕▏  [34m  ▕▏  [34m  ▕▏  [34m  ▕▏  [34m  ▕▏  [34m  ▕▏  [34m  ▕▏  [39m  
  [34m──██──[34m──██──[34m──██──[34m──██──[34m──██──[34m──██──[34m──██──[34m──██──[34m──██──[39m  
  [34m  ▕▏  [34m  ▕▏  [34m  ▕▏  [34m  ▕▏  [34m  ▕▏  [34m  ▕▏  [34m  ▕▏  [34m  ▕▏  [34m  ▕▏  [39m  
  [34m  ▕▏  [34m  ▕▏  [34m  ▕▏  [31m██████[31m██████[31m██████[34m  ▕▏  [34m  ▕▏  [34m  ▕▏  [39m  
  [34m──██──[34m──██──[34m──██──[31m██████[31m██████[31m██████[34m──██──[34m──██──[34m──██──[39m  
  [34m  ▕▏  [34m  ▕▏  [34m  ▕▏  [31m██████[31m██████[31m██████[34m  ▕▏  [34m  ▕▏  [34m  ▕▏  [39m  
  [34m  ▕▏  [32m██████[34m  ▕▏  [31m██████[31m██████[31m██████[34m  ▕▏  [32m██████[34m  ▕▏  [39m  
  [34m──██──[32m██████[34m──██──[31m██████[31m██████[31m██████[34m──██──[32m██████[34m──██──[39m  
  [34m  ▕▏  [32m██████[34m  ▕▏  [31m██████[31m██████[31m██████[34m  ▕▏  [32m██████[34m  ▕▏  [39m  
  [34m  ▕▏  [34m  ▕▏  [34m  ▕▏  [31m██████[31m██████[31m██████[34m  ▕▏  [34m  ▕▏  [34m  ▕▏  [39m  
  [34m──██──[34m──██──[34m──██──[31m██████[31m██████[31m██████[34m──██──[34m──██──[34m──██──[39m  
  [34m  ▕▏  [34m  ▕▏  [34m  ▕▏  [31m██████[31m██████[31m██████[34m  ▕▏  [34m  ▕▏  [34m  ▕▏  [39m  
  [34m  ▕▏  [34m  ▕▏  [34m  ▕▏  [34m  ▕▏  [34m  ▕▏  [34m  ▕▏  [34m  ▕▏  [34m  ▕▏  [34m  ▕▏  [39m  
  [34m──██──[34m──██──[34m──██──[34m──██──[34m──██──[34m──██──[34m──██──[34m──██──[34m──██──[39m  
  [34m  ▕▏  [34m  ▕▏  [34m  ▕▏  [34m  ▕▏  [34m  ▕▏  [34m  ▕▏  [34m  ▕▏  [34m  ▕▏  [34m  ▕▏  [39m  
  [34m  ▕▏  [32m██████[34m  ▕▏  [34m  ▕▏  [32m██████[34m  ▕▏  [34m  ▕▏  [32m██████[34m  ▕▏  [39m  
  [34m──██──[32m██████[34m──██──[34m──██──[32m██████[34m──██──[34m──██──[32m██████[34m──██──[39m  
  [34m  ▕▏  [32m██████[34m  ▕▏  [34m  ▕▏  [32m██████[34m  ▕▏  [34m  ▕▏  [32m██████[34m  ▕▏  [39m  
  [34m  ▕▏  [34m  ▕▏  [34m  ▕▏  [34m  ▕▏  [34m  ▕▏  [34m  ▕▏  [34m  ▕▏  [34m  ▕▏  [34m  ▕▏  [39m  
  [34m──██──[34m──██──[34m──██──[34m──██──[34m──██──[34m──██──[34m──██──[34m──██──[34m──██──[39m  
  [34m  ▕▏  [34m  ▕▏  [34m  ▕▏  [34m  ▕▏  [34m  ▕▏  [34m  ▕▏  [34m  ▕▏  [34m  ▕▏  [34m  ▕▏  [39m  

AMR driver provided by CarpetX,
using AMReX 25.11 (MPI, OpenMP, no accelerators, optimized)
--------------------------------------------------------------------------------

Initializing AMReX (25.11)...
MPI initialized with 1 MPI processes
MPI initialized with thread support level 2
OMP initialized with 2 OMP threads
AMReX (25.11) initialized
INFO (CarpetX): 
Symmetries:
  lower x: periodic
  lower y: periodic
  lower z: periodic
  upper x: periodic
  upper y: periodic
  upper z: periodic
Default boundaries:
  lower x: symmetry_boundary
  lower y: symmetry_boundary
  lower z: symmetry_boundary
  upper x: symmetry_boundary
  upper y: symmetry_boundary
  upper z: symmetry_boundary
INFO (Arith): Test_smallvector
INFO (Arith): Test_spvect
INFO (CarpetX): Setting initial values for max_grid_size values for all levels
INFO (CarpetX): Setting up initial conditions...
INFO (CarpetX): Iteration: 0   time: 0   delta_time: 0.00390625
INFO (CarpetX): Patch 0:
INFO (CarpetX):   Grid extent:
INFO (CarpetX):     gsh=[71,15,15]
INFO (CarpetX):     blocking_factor=[8,8,8]
INFO (CarpetX):     max_grid_size=[10000000,10000000,10000000]
INFO (CarpetX):     max_tile_size=[1024000,16,32]
INFO (CarpetX):   Domain extent:
INFO (CarpetX):     xmin=[-0.5,-0.0625,-0.0625]
INFO (CarpetX):     xmax=[0.5,0.0625,0.0625]
INFO (CarpetX):     base dx=[0.015625,0.015625,0.015625]
INFO (CarpetX): Initializing level 0...
INFO (CanudaX_ExactID): Begin Gauge Wave initial data
INFO (CanudaX_ExactID): === End gauge wave initial data ===
INFO (CarpetX): Regridding...
INFO (CarpetX):   level 0: 1 boxes, 4096 cells (100%)
INFO (CarpetX): Initialized 1 levels
INFO (CarpetX): OutputGH: iteration 0, time 0.000000, run time 0 s
INFO (CarpetX): OutputGH done.
INFO (CarpetX): Starting evolution...
INFO (ODESolvers): ODE integrator is RK4
INFO (CarpetX): OutputGH: iteration 1, time 0.003906, run time 0 s
INFO (CarpetX): OutputGH done.
INFO (CarpetX): Simulation time: 0.00390625   Iterations per second: 17.0302   Simulation time per second: 0.0665243
INFO (CarpetX): Grid cells: 4096   Grid cell updates per second: 69755.8
INFO (CarpetX): Performance:
INFO (CarpetX):   total evolution time:            0.0587192 sec
INFO (CarpetX):   total evolution compute time:    0.0586851 sec
INFO (CarpetX):   total evolution output time:     3.40939e-05 sec
INFO (CarpetX):   total iterations:                1
INFO (CarpetX):   total cells updated:             4096
INFO (CarpetX):   average iterations per second: 17.0302
INFO (CarpetX):   average cell updates per second: 69755.8
INFO (CarpetX): OutputGH: iteration 2, time 0.007812, run time 0 s
INFO (CarpetX): OutputGH done.
INFO (CarpetX): Simulation time: 0.0078125   Iterations per second: 17.3825   Simulation time per second: 0.0679004
INFO (CarpetX): Grid cells: 4096   Grid cell updates per second: 71198.8
INFO (CarpetX): Performance:
INFO (CarpetX):   total evolution time:            0.115058 sec
INFO (CarpetX):   total evolution compute time:    0.114993 sec
INFO (CarpetX):   total evolution output time:     6.50883e-05 sec
INFO (CarpetX):   total iterations:                2
INFO (CarpetX):   total cells updated:             8192
INFO (CarpetX):   average iterations per second: 17.3825
INFO (CarpetX):   average cell updates per second: 71198.8
INFO (CarpetX): OutputGH: iteration 3, time 0.011719, run time 1 s
INFO (CarpetX): OutputGH done.
INFO (CarpetX): Simulation time: 0.0117188   Iterations per second: 17.5382   Simulation time per second: 0.0685086
INFO (CarpetX): Grid cells: 4096   Grid cell updates per second: 71836.5
INFO (CarpetX): Performance:
INFO (CarpetX):   total evolution time:            0.171055 sec
INFO (CarpetX):   total evolution compute time:    0.170958 sec
INFO (CarpetX):   total evolution output time:     9.70364e-05 sec
INFO (CarpetX):   total iterations:                3
INFO (CarpetX):   total cells updated:             12288
INFO (CarpetX):   average iterations per second: 17.5382
INFO (CarpetX):   average cell updates per second: 71836.5
INFO (CarpetX): OutputGH: iteration 4, time 0.015625, run time 1 s
INFO (CarpetX): OutputGH done.
INFO (CarpetX): Simulation time: 0.015625   Iterations per second: 17.5905   Simulation time per second: 0.068713
INFO (CarpetX): Grid cells: 4096   Grid cell updates per second: 72050.8
INFO (CarpetX): Performance:
INFO (CarpetX):   total evolution time:            0.227395 sec
INFO (CarpetX):   total evolution compute time:    0.227262 sec
INFO (CarpetX):   total evolution output time:     0.000133038 sec
INFO (CarpetX):   total iterations:                4
INFO (CarpetX):   total cells updated:             16384
INFO (CarpetX):   average iterations per second: 17.5905
INFO (CarpetX):   average cell updates per second: 72050.8
INFO (CarpetX): OutputGH: iteration 5, time 0.019531, run time 1 s
INFO (CarpetX): OutputGH done.
INFO (CarpetX): Simulation time: 0.0195312   Iterations per second: 17.6546   Simulation time per second: 0.0689634
INFO (CarpetX): Grid cells: 4096   Grid cell updates per second: 72313.3
INFO (CarpetX): Performance:
INFO (CarpetX):   total evolution time:            0.283212 sec
INFO (CarpetX):   total evolution compute time:    0.283036 sec
INFO (CarpetX):   total evolution output time:     0.000175953 sec
INFO (CarpetX):   total iterations:                5
INFO (CarpetX):   total cells updated:             20480
INFO (CarpetX):   average iterations per second: 17.6546
INFO (CarpetX):   average cell updates per second: 72313.3
INFO (CarpetX): OutputGH: iteration 6, time 0.023438, run time 1 s
INFO (CarpetX): OutputGH done.
INFO (CarpetX): Simulation time: 0.0234375   Iterations per second: 17.6897   Simulation time per second: 0.0691005
INFO (CarpetX): Grid cells: 4096   Grid cell updates per second: 72457.1
INFO (CarpetX): Performance:
INFO (CarpetX):   total evolution time:            0.33918 sec
INFO (CarpetX):   total evolution compute time:    0.33896 sec
INFO (CarpetX):   total evolution output time:     0.00022006 sec
INFO (CarpetX):   total iterations:                6
INFO (CarpetX):   total cells updated:             24576
INFO (CarpetX):   average iterations per second: 17.6897
INFO (CarpetX):   average cell updates per second: 72457.1
INFO (CarpetX): OutputGH: iteration 7, time 0.027344, run time 1 s
INFO (CarpetX): OutputGH done.
INFO (CarpetX): Simulation time: 0.0273438   Iterations per second: 17.7125   Simulation time per second: 0.0691896
INFO (CarpetX): Grid cells: 4096   Grid cell updates per second: 72550.6
INFO (CarpetX): Performance:
INFO (CarpetX):   total evolution time:            0.3952 sec
INFO (CarpetX):   total evolution compute time:    0.394949 sec
INFO (CarpetX):   total evolution output time:     0.000251055 sec
INFO (CarpetX):   total iterations:                7
INFO (CarpetX):   total cells updated:             28672
INFO (CarpetX):   average iterations per second: 17.7125
INFO (CarpetX):   average cell updates per second: 72550.6
INFO (CarpetX): OutputGH: iteration 8, time 0.031250, run time 1 s
INFO (CarpetX): OutputGH done.
INFO (CarpetX): Simulation time: 0.03125   Iterations per second: 17.7213   Simulation time per second: 0.0692237
INFO (CarpetX): Grid cells: 4096   Grid cell updates per second: 72586.3
INFO (CarpetX): Performance:
INFO (CarpetX):   total evolution time:            0.451435 sec
INFO (CarpetX):   total evolution compute time:    0.451151 sec
INFO (CarpetX):   total evolution output time:     0.000283957 sec
INFO (CarpetX):   total iterations:                8
INFO (CarpetX):   total cells updated:             32768
INFO (CarpetX):   average iterations per second: 17.7213
INFO (CarpetX):   average cell updates per second: 72586.3
INFO (CarpetX): OutputGH: iteration 9, time 0.035156, run time 1 s
INFO (CarpetX): OutputGH done.
INFO (CarpetX): Simulation time: 0.0351562   Iterations per second: 17.7399   Simulation time per second: 0.0692963
INFO (CarpetX): Grid cells: 4096   Grid cell updates per second: 72662.5
INFO (CarpetX): Performance:
INFO (CarpetX):   total evolution time:            0.507332 sec
INFO (CarpetX):   total evolution compute time:    0.507014 sec
INFO (CarpetX):   total evolution output time:     0.00031805 sec
INFO (CarpetX):   total iterations:                9
INFO (CarpetX):   total cells updated:             36864
INFO (CarpetX):   average iterations per second: 17.7399
INFO (CarpetX):   average cell updates per second: 72662.5
INFO (CarpetX): OutputGH: iteration 10, time 0.039062, run time 1 s
INFO (CarpetX): OutputGH done.
INFO (CarpetX): Simulation time: 0.0390625   Iterations per second: 17.7533   Simulation time per second: 0.0693487
INFO (CarpetX): Grid cells: 4096   Grid cell updates per second: 72717.3
INFO (CarpetX): Performance:
INFO (CarpetX):   total evolution time:            0.563277 sec
INFO (CarpetX):   total evolution compute time:    0.562926 sec
INFO (CarpetX):   total evolution output time:     0.000351191 sec
INFO (CarpetX):   total iterations:                10
INFO (CarpetX):   total cells updated:             40960
INFO (CarpetX):   average iterations per second: 17.7533
INFO (CarpetX):   average cell updates per second: 72717.3
INFO (CarpetX): OutputGH: iteration 11, time 0.042969, run time 1 s
INFO (CarpetX): OutputGH done.
INFO (CarpetX): Simulation time: 0.0429688   Iterations per second: 17.7789   Simulation time per second: 0.0694488
INFO (CarpetX): Grid cells: 4096   Grid cell updates per second: 72822.4
INFO (CarpetX): Performance:
INFO (CarpetX):   total evolution time:            0.618792 sec
INFO (CarpetX):   total evolution compute time:    0.618411 sec
INFO (CarpetX):   total evolution output time:     0.000381231 sec
INFO (CarpetX):   total iterations:                11
INFO (CarpetX):   total cells updated:             45056
INFO (CarpetX):   average iterations per second: 17.7766
INFO (CarpetX):   average cell updates per second: 72812.8
INFO (CarpetX): OutputGH: iteration 12, time 0.046875, run time 1 s
INFO (CarpetX): OutputGH done.
INFO (CarpetX): Simulation time: 0.046875   Iterations per second: 17.797   Simulation time per second: 0.0695196
INFO (CarpetX): Grid cells: 4096   Grid cell updates per second: 72896.6
INFO (CarpetX): Performance:
INFO (CarpetX):   total evolution time:            0.674466 sec
INFO (CarpetX):   total evolution compute time:    0.67405 sec
INFO (CarpetX):   total evolution output time:     0.000416279 sec
INFO (CarpetX):   total iterations:                12
INFO (CarpetX):   total cells updated:             49152
INFO (CarpetX):   average iterations per second: 17.7918
INFO (CarpetX):   average cell updates per second: 72875.4
INFO (CarpetX): OutputGH: iteration 13, time 0.050781, run time 1 s
INFO (CarpetX): OutputGH done.
INFO (CarpetX): Simulation time: 0.0507812   Iterations per second: 17.7879   Simulation time per second: 0.069484
INFO (CarpetX): Grid cells: 4096   Grid cell updates per second: 72859.2
INFO (CarpetX): Performance:
INFO (CarpetX):   total evolution time:            0.730943 sec
INFO (CarpetX):   total evolution compute time:    0.730495 sec
INFO (CarpetX):   total evolution output time:     0.000448465 sec
INFO (CarpetX):   total iterations:                13
INFO (CarpetX):   total cells updated:             53248
INFO (CarpetX):   average iterations per second: 17.7852
INFO (CarpetX):   average cell updates per second: 72848.3
INFO (CarpetX): OutputGH: iteration 14, time 0.054688, run time 1 s
INFO (CarpetX): OutputGH done.
INFO (CarpetX): Simulation time: 0.0546875   Iterations per second: 17.7753   Simulation time per second: 0.0694346
INFO (CarpetX): Grid cells: 4096   Grid cell updates per second: 72807.4
INFO (CarpetX): Performance:
INFO (CarpetX):   total evolution time:            0.787561 sec
INFO (CarpetX):   total evolution compute time:    0.787081 sec
INFO (CarpetX):   total evolution output time:     0.000480413 sec
INFO (CarpetX):   total iterations:                14
INFO (CarpetX):   total cells updated:             57344
INFO (CarpetX):   average iterations per second: 17.7764
INFO (CarpetX):   average cell updates per second: 72812.1
INFO (CarpetX): OutputGH: iteration 15, time 0.058594, run time 1 s
INFO (CarpetX): OutputGH done.
INFO (CarpetX): Simulation time: 0.0585938   Iterations per second: 17.7845   Simulation time per second: 0.0694706
INFO (CarpetX): Grid cells: 4096   Grid cell updates per second: 72845.2
INFO (CarpetX): Performance:
INFO (CarpetX):   total evolution time:            0.843527 sec
INFO (CarpetX):   total evolution compute time:    0.843011 sec
INFO (CarpetX):   total evolution output time:     0.000516415 sec
INFO (CarpetX):   total iterations:                15
INFO (CarpetX):   total cells updated:             61440
INFO (CarpetX):   average iterations per second: 17.7825
INFO (CarpetX):   average cell updates per second: 72837
INFO (CarpetX): OutputGH: iteration 16, time 0.062500, run time 1 s
INFO (CarpetX): OutputGH done.
INFO (CarpetX): Simulation time: 0.0625   Iterations per second: 17.7901   Simulation time per second: 0.0694926
INFO (CarpetX): Grid cells: 4096   Grid cell updates per second: 72868.3
INFO (CarpetX): Performance:
INFO (CarpetX):   total evolution time:            0.899578 sec
INFO (CarpetX):   total evolution compute time:    0.899027 sec
INFO (CarpetX):   total evolution output time:     0.000551462 sec
INFO (CarpetX):   total iterations:                16
INFO (CarpetX):   total cells updated:             65536
INFO (CarpetX):   average iterations per second: 17.7861
INFO (CarpetX):   average cell updates per second: 72851.9
INFO (CarpetX): OutputGH: iteration 17, time 0.066406, run time 1 s
INFO (CarpetX): OutputGH done.
INFO (CarpetX): Simulation time: 0.0664062   Iterations per second: 17.8076   Simulation time per second: 0.0695609
INFO (CarpetX): Grid cells: 4096   Grid cell updates per second: 72939.9
INFO (CarpetX): Performance:
INFO (CarpetX):   total evolution time:            0.955237 sec
INFO (CarpetX):   total evolution compute time:    0.954653 sec
INFO (CarpetX):   total evolution output time:     0.000584602 sec
INFO (CarpetX):   total iterations:                17
INFO (CarpetX):   total cells updated:             69632
INFO (CarpetX):   average iterations per second: 17.7966
INFO (CarpetX):   average cell updates per second: 72895
INFO (CarpetX): OutputGH: iteration 18, time 0.070312, run time 1 s
INFO (CarpetX): OutputGH done.
INFO (CarpetX): Simulation time: 0.0703125   Iterations per second: 17.8241   Simulation time per second: 0.0696255
INFO (CarpetX): Grid cells: 4096   Grid cell updates per second: 73007.6
INFO (CarpetX): Performance:
INFO (CarpetX):   total evolution time:            1.01087 sec
INFO (CarpetX):   total evolution compute time:    1.01026 sec
INFO (CarpetX):   total evolution output time:     0.000614405 sec
INFO (CarpetX):   total iterations:                18
INFO (CarpetX):   total cells updated:             73728
INFO (CarpetX):   average iterations per second: 17.8064
INFO (CarpetX):   average cell updates per second: 72935
INFO (CarpetX): OutputGH: iteration 19, time 0.074219, run time 1 s
INFO (CarpetX): OutputGH done.
INFO (CarpetX): Simulation time: 0.0742188   Iterations per second: 17.8343   Simulation time per second: 0.0696653
INFO (CarpetX): Grid cells: 4096   Grid cell updates per second: 73049.3
INFO (CarpetX): Performance:
INFO (CarpetX):   total evolution time:            1.06666 sec
INFO (CarpetX):   total evolution compute time:    1.06601 sec
INFO (CarpetX):   total evolution output time:     0.000645399 sec
INFO (CarpetX):   total iterations:                19
INFO (CarpetX):   total cells updated:             77824
INFO (CarpetX):   average iterations per second: 17.8127
INFO (CarpetX):   average cell updates per second: 72960.8
INFO (CarpetX): OutputGH: iteration 20, time 0.078125, run time 1 s
INFO (CarpetX): OutputGH done.
INFO (CarpetX): Simulation time: 0.078125   Iterations per second: 17.8431   Simulation time per second: 0.0696996
INFO (CarpetX): Grid cells: 4096   Grid cell updates per second: 73085.3
INFO (CarpetX): Performance:
INFO (CarpetX):   total evolution time:            1.12245 sec
INFO (CarpetX):   total evolution compute time:    1.12177 sec
INFO (CarpetX):   total evolution output time:     0.000677586 sec
INFO (CarpetX):   total iterations:                20
INFO (CarpetX):   total cells updated:             81920
INFO (CarpetX):   average iterations per second: 17.8181
INFO (CarpetX):   average cell updates per second: 72983.1
INFO (CarpetX): OutputGH: iteration 21, time 0.082031, run time 2 s
INFO (CarpetX): OutputGH done.
INFO (CarpetX): Simulation time: 0.0820312   Iterations per second: 17.8485   Simulation time per second: 0.0697208
INFO (CarpetX): Grid cells: 4096   Grid cell updates per second: 73107.6
INFO (CarpetX): Performance:
INFO (CarpetX):   total evolution time:            1.17832 sec
INFO (CarpetX):   total evolution compute time:    1.17762 sec
INFO (CarpetX):   total evolution output time:     0.000707626 sec
INFO (CarpetX):   total iterations:                21
INFO (CarpetX):   total cells updated:             86016
INFO (CarpetX):   average iterations per second: 17.8219
INFO (CarpetX):   average cell updates per second: 72998.6
INFO (CarpetX): OutputGH: iteration 22, time 0.085938, run time 2 s
INFO (CarpetX): OutputGH done.
INFO (CarpetX): Simulation time: 0.0859375   Iterations per second: 17.8529   Simulation time per second: 0.069738
INFO (CarpetX): Grid cells: 4096   Grid cell updates per second: 73125.6
INFO (CarpetX): Performance:
INFO (CarpetX):   total evolution time:            1.23421 sec
INFO (CarpetX):   total evolution compute time:    1.23347 sec
INFO (CarpetX):   total evolution output time:     0.000738621 sec
INFO (CarpetX):   total iterations:                22
INFO (CarpetX):   total cells updated:             90112
INFO (CarpetX):   average iterations per second: 17.8251
INFO (CarpetX):   average cell updates per second: 73011.7
INFO (CarpetX): OutputGH: iteration 23, time 0.089844, run time 2 s
INFO (CarpetX): OutputGH done.
INFO (CarpetX): Simulation time: 0.0898438   Iterations per second: 17.8573   Simulation time per second: 0.0697551
INFO (CarpetX): Grid cells: 4096   Grid cell updates per second: 73143.5
INFO (CarpetX): Performance:
INFO (CarpetX):   total evolution time:            1.29009 sec
INFO (CarpetX):   total evolution compute time:    1.28932 sec
INFO (CarpetX):   total evolution output time:     0.000771523 sec
INFO (CarpetX):   total iterations:                23
INFO (CarpetX):   total cells updated:             94208
INFO (CarpetX):   average iterations per second: 17.8282
INFO (CarpetX):   average cell updates per second: 73024.4
INFO (CarpetX): OutputGH: iteration 24, time 0.093750, run time 2 s
INFO (CarpetX): OutputGH done.
INFO (CarpetX): Simulation time: 0.09375   Iterations per second: 17.8561   Simulation time per second: 0.0697504
INFO (CarpetX): Grid cells: 4096   Grid cell updates per second: 73138.6
INFO (CarpetX): Performance:
INFO (CarpetX):   total evolution time:            1.34613 sec
INFO (CarpetX):   total evolution compute time:    1.34532 sec
INFO (CarpetX):   total evolution output time:     0.000804663 sec
INFO (CarpetX):   total iterations:                24
INFO (CarpetX):   total cells updated:             98304
INFO (CarpetX):   average iterations per second: 17.8289
INFO (CarpetX):   average cell updates per second: 73027.3
INFO (CarpetX): OutputGH: iteration 25, time 0.097656, run time 2 s
INFO (CarpetX): OutputGH done.
INFO (CarpetX): Simulation time: 0.0976562   Iterations per second: 17.8643   Simulation time per second: 0.0697822
INFO (CarpetX): Grid cells: 4096   Grid cell updates per second: 73172
INFO (CarpetX): Performance:
INFO (CarpetX):   total evolution time:            1.40187 sec
INFO (CarpetX):   total evolution compute time:    1.40104 sec
INFO (CarpetX):   total evolution output time:     0.000837803 sec
INFO (CarpetX):   total iterations:                25
INFO (CarpetX):   total cells updated:             102400
INFO (CarpetX):   average iterations per second: 17.8333
INFO (CarpetX):   average cell updates per second: 73045.1
INFO (CarpetX): OutputGH: iteration 26, time 0.101562, run time 2 s
INFO (CarpetX): OutputGH done.
INFO (CarpetX): Simulation time: 0.101562   Iterations per second: 17.8629   Simulation time per second: 0.0697768
INFO (CarpetX): Grid cells: 4096   Grid cell updates per second: 73166.3
INFO (CarpetX): Performance:
INFO (CarpetX):   total evolution time:            1.4579 sec
INFO (CarpetX):   total evolution compute time:    1.45703 sec
INFO (CarpetX):   total evolution output time:     0.000869989 sec
INFO (CarpetX):   total iterations:                26
INFO (CarpetX):   total cells updated:             106496
INFO (CarpetX):   average iterations per second: 17.8339
INFO (CarpetX):   average cell updates per second: 73047.8
INFO (CarpetX): OutputGH: iteration 27, time 0.105469, run time 2 s
INFO (CarpetX): OutputGH done.
INFO (CarpetX): Simulation time: 0.105469   Iterations per second: 17.8628   Simulation time per second: 0.0697766
INFO (CarpetX): Grid cells: 4096   Grid cell updates per second: 73166.1
INFO (CarpetX): Performance:
INFO (CarpetX):   total evolution time:            1.51388 sec
INFO (CarpetX):   total evolution compute time:    1.51298 sec
INFO (CarpetX):   total evolution output time:     0.000901937 sec
INFO (CarpetX):   total iterations:                27
INFO (CarpetX):   total cells updated:             110592
INFO (CarpetX):   average iterations per second: 17.835
INFO (CarpetX):   average cell updates per second: 73052
INFO (CarpetX): OutputGH: iteration 28, time 0.109375, run time 2 s
INFO (CarpetX): OutputGH done.
INFO (CarpetX): Simulation time: 0.109375   Iterations per second: 17.8632   Simulation time per second: 0.0697781
INFO (CarpetX): Grid cells: 4096   Grid cell updates per second: 73167.7
INFO (CarpetX): Performance:
INFO (CarpetX):   total evolution time:            1.56985 sec
INFO (CarpetX):   total evolution compute time:    1.56892 sec
INFO (CarpetX):   total evolution output time:     0.000932932 sec
INFO (CarpetX):   total iterations:                28
INFO (CarpetX):   total cells updated:             114688
INFO (CarpetX):   average iterations per second: 17.8361
INFO (CarpetX):   average cell updates per second: 73056.7
INFO (CarpetX): OutputGH: iteration 29, time 0.113281, run time 2 s
INFO (CarpetX): OutputGH done.
INFO (CarpetX): Simulation time: 0.113281   Iterations per second: 17.8608   Simulation time per second: 0.0697687
INFO (CarpetX): Grid cells: 4096   Grid cell updates per second: 73157.7
INFO (CarpetX): Performance:
INFO (CarpetX):   total evolution time:            1.62591 sec
INFO (CarpetX):   total evolution compute time:    1.62494 sec
INFO (CarpetX):   total evolution output time:     0.000965834 sec
INFO (CarpetX):   total iterations:                29
INFO (CarpetX):   total cells updated:             118784
INFO (CarpetX):   average iterations per second: 17.8362
INFO (CarpetX):   average cell updates per second: 73057.1
INFO (CarpetX): OutputGH: iteration 30, time 0.117188, run time 2 s
INFO (CarpetX): OutputGH done.
INFO (CarpetX): Simulation time: 0.117188   Iterations per second: 17.8666   Simulation time per second: 0.0697913
INFO (CarpetX): Grid cells: 4096   Grid cell updates per second: 73181.5
INFO (CarpetX): Performance:
INFO (CarpetX):   total evolution time:            1.68171 sec
INFO (CarpetX):   total evolution compute time:    1.68072 sec
INFO (CarpetX):   total evolution output time:     0.000997782 sec
INFO (CarpetX):   total iterations:                30
INFO (CarpetX):   total cells updated:             122880
INFO (CarpetX):   average iterations per second: 17.8389
INFO (CarpetX):   average cell updates per second: 73068.3
INFO (CarpetX): OutputGH: iteration 31, time 0.121094, run time 2 s
INFO (CarpetX): OutputGH done.
INFO (CarpetX): Simulation time: 0.121094   Iterations per second: 17.8701   Simulation time per second: 0.0698052
INFO (CarpetX): Grid cells: 4096   Grid cell updates per second: 73196.1
INFO (CarpetX): Performance:
INFO (CarpetX):   total evolution time:            1.73757 sec
INFO (CarpetX):   total evolution compute time:    1.73654 sec
INFO (CarpetX):   total evolution output time:     0.00102973 sec
INFO (CarpetX):   total iterations:                31
INFO (CarpetX):   total cells updated:             126976
INFO (CarpetX):   average iterations per second: 17.841
INFO (CarpetX):   average cell updates per second: 73076.7
INFO (CarpetX): OutputGH: iteration 32, time 0.125000, run time 2 s
INFO (CarpetX): OutputGH done.
INFO (CarpetX): Simulation time: 0.125   Iterations per second: 17.8731   Simulation time per second: 0.069817
INFO (CarpetX): Grid cells: 4096   Grid cell updates per second: 73208.4
INFO (CarpetX): Performance:
INFO (CarpetX):   total evolution time:            1.79344 sec
INFO (CarpetX):   total evolution compute time:    1.79237 sec
INFO (CarpetX):   total evolution output time:     0.00106263 sec
INFO (CarpetX):   total iterations:                32
INFO (CarpetX):   total cells updated:             131072
INFO (CarpetX):   average iterations per second: 17.8428
INFO (CarpetX):   average cell updates per second: 73084.2
INFO (CarpetX): OutputGH: iteration 33, time 0.128906, run time 2 s
INFO (CarpetX): OutputGH done.
INFO (CarpetX): Simulation time: 0.128906   Iterations per second: 17.8802   Simulation time per second: 0.0698447
INFO (CarpetX): Grid cells: 4096   Grid cell updates per second: 73237.4
INFO (CarpetX): Performance:
INFO (CarpetX):   total evolution time:            1.84917 sec
INFO (CarpetX):   total evolution compute time:    1.84807 sec
INFO (CarpetX):   total evolution output time:     0.00109363 sec
INFO (CarpetX):   total iterations:                33
INFO (CarpetX):   total cells updated:             135168
INFO (CarpetX):   average iterations per second: 17.8459
INFO (CarpetX):   average cell updates per second: 73096.8
INFO (CarpetX): OutputGH: iteration 34, time 0.132812, run time 2 s
INFO (CarpetX): OutputGH done.
INFO (CarpetX): Simulation time: 0.132812   Iterations per second: 17.9036   Simulation time per second: 0.0699359
INFO (CarpetX): Grid cells: 4096   Grid cell updates per second: 73333.1
INFO (CarpetX): Performance:
INFO (CarpetX):   total evolution time:            1.90436 sec
INFO (CarpetX):   total evolution compute time:    1.90324 sec
INFO (CarpetX):   total evolution output time:     0.00112462 sec
INFO (CarpetX):   total iterations:                34
INFO (CarpetX):   total cells updated:             139264
INFO (CarpetX):   average iterations per second: 17.8537
INFO (CarpetX):   average cell updates per second: 73128.9
INFO (CarpetX): OutputGH: iteration 35, time 0.136719, run time 2 s
INFO (CarpetX): OutputGH done.
INFO (CarpetX): Simulation time: 0.136719   Iterations per second: 17.9049   Simulation time per second: 0.0699409
INFO (CarpetX): Grid cells: 4096   Grid cell updates per second: 73338.3
INFO (CarpetX): Performance:
INFO (CarpetX):   total evolution time:            1.96018 sec
INFO (CarpetX):   total evolution compute time:    1.95902 sec
INFO (CarpetX):   total evolution output time:     0.00115871 sec
INFO (CarpetX):   total iterations:                35
INFO (CarpetX):   total cells updated:             143360
INFO (CarpetX):   average iterations per second: 17.8555
INFO (CarpetX):   average cell updates per second: 73136.2
INFO (CarpetX): OutputGH: iteration 36, time 0.140625, run time 2 s
INFO (CarpetX): OutputGH done.
INFO (CarpetX): Simulation time: 0.140625   Iterations per second: 17.9134   Simulation time per second: 0.0699742
INFO (CarpetX): Grid cells: 4096   Grid cell updates per second: 73373.3
INFO (CarpetX): Performance:
INFO (CarpetX):   total evolution time:            2.01576 sec
INFO (CarpetX):   total evolution compute time:    2.01457 sec
INFO (CarpetX):   total evolution output time:     0.00119066 sec
INFO (CarpetX):   total iterations:                36
INFO (CarpetX):   total cells updated:             147456
INFO (CarpetX):   average iterations per second: 17.8592
INFO (CarpetX):   average cell updates per second: 73151.4
INFO (CarpetX): OutputGH: iteration 37, time 0.144531, run time 2 s
INFO (CarpetX): OutputGH done.
INFO (CarpetX): Simulation time: 0.144531   Iterations per second: 17.9161   Simulation time per second: 0.0699847
INFO (CarpetX): Grid cells: 4096   Grid cell updates per second: 73384.3
INFO (CarpetX): Performance:
INFO (CarpetX):   total evolution time:            2.0715 sec
INFO (CarpetX):   total evolution compute time:    2.07028 sec
INFO (CarpetX):   total evolution output time:     0.00122166 sec
INFO (CarpetX):   total iterations:                37
INFO (CarpetX):   total cells updated:             151552
INFO (CarpetX):   average iterations per second: 17.8614
INFO (CarpetX):   average cell updates per second: 73160.4
INFO (CarpetX): OutputGH: iteration 38, time 0.148438, run time 2 s
INFO (CarpetX): OutputGH done.
INFO (CarpetX): Simulation time: 0.148438   Iterations per second: 17.9112   Simulation time per second: 0.0699656
INFO (CarpetX): Grid cells: 4096   Grid cell updates per second: 73364.3
INFO (CarpetX): Performance:
INFO (CarpetX):   total evolution time:            2.12747 sec
INFO (CarpetX):   total evolution compute time:    2.12622 sec
INFO (CarpetX):   total evolution output time:     0.00125384 sec
INFO (CarpetX):   total iterations:                38
INFO (CarpetX):   total cells updated:             155648
INFO (CarpetX):   average iterations per second: 17.8616
INFO (CarpetX):   average cell updates per second: 73161
INFO (CarpetX): OutputGH: iteration 39, time 0.152344, run time 3 s
INFO (CarpetX): OutputGH done.
INFO (CarpetX): Simulation time: 0.152344   Iterations per second: 17.9104   Simulation time per second: 0.0699624
INFO (CarpetX): Grid cells: 4096   Grid cell updates per second: 73360.8
INFO (CarpetX): Performance:
INFO (CarpetX):   total evolution time:            2.18333 sec
INFO (CarpetX):   total evolution compute time:    2.18204 sec
INFO (CarpetX):   total evolution output time:     0.00128388 sec
INFO (CarpetX):   total iterations:                39
INFO (CarpetX):   total cells updated:             159744
INFO (CarpetX):   average iterations per second: 17.8626
INFO (CarpetX):   average cell updates per second: 73165.3
INFO (CarpetX): OutputGH: iteration 40, time 0.156250, run time 3 s
INFO (CarpetX): OutputGH done.
INFO (CarpetX): Simulation time: 0.15625   Iterations per second: 17.9128   Simulation time per second: 0.0699717
INFO (CarpetX): Grid cells: 4096   Grid cell updates per second: 73370.7
INFO (CarpetX): Performance:
INFO (CarpetX):   total evolution time:            2.23909 sec
INFO (CarpetX):   total evolution compute time:    2.23777 sec
INFO (CarpetX):   total evolution output time:     0.00131774 sec
INFO (CarpetX):   total iterations:                40
INFO (CarpetX):   total cells updated:             163840
INFO (CarpetX):   average iterations per second: 17.8644
INFO (CarpetX):   average cell updates per second: 73172.7
INFO (CarpetX): OutputGH: iteration 41, time 0.160156, run time 3 s
INFO (CarpetX): OutputGH done.
INFO (CarpetX): Simulation time: 0.160156   Iterations per second: 17.9061   Simulation time per second: 0.0699457
INFO (CarpetX): Grid cells: 4096   Grid cell updates per second: 73343.3
INFO (CarpetX): Performance:
INFO (CarpetX):   total evolution time:            2.29512 sec
INFO (CarpetX):   total evolution compute time:    2.29377 sec
INFO (CarpetX):   total evolution output time:     0.00134873 sec
INFO (CarpetX):   total iterations:                41
INFO (CarpetX):   total cells updated:             167936
INFO (CarpetX):   average iterations per second: 17.864
INFO (CarpetX):   average cell updates per second: 73170.8
INFO (CarpetX): OutputGH: iteration 42, time 0.164062, run time 3 s
INFO (CarpetX): OutputGH done.
INFO (CarpetX): Simulation time: 0.164062   Iterations per second: 17.9127   Simulation time per second: 0.0699713
INFO (CarpetX): Grid cells: 4096   Grid cell updates per second: 73370.3
INFO (CarpetX): Performance:
INFO (CarpetX):   total evolution time:            2.35076 sec
INFO (CarpetX):   total evolution compute time:    2.34938 sec
INFO (CarpetX):   total evolution output time:     0.00137877 sec
INFO (CarpetX):   total iterations:                42
INFO (CarpetX):   total cells updated:             172032
INFO (CarpetX):   average iterations per second: 17.8665
INFO (CarpetX):   average cell updates per second: 73181.3
INFO (CarpetX): OutputGH: iteration 43, time 0.167969, run time 3 s
INFO (CarpetX): OutputGH done.
INFO (CarpetX): Simulation time: 0.167969   Iterations per second: 17.9409   Simulation time per second: 0.0700817
INFO (CarpetX): Grid cells: 4096   Grid cell updates per second: 73486
INFO (CarpetX): Performance:
INFO (CarpetX):   total evolution time:            2.40571 sec
INFO (CarpetX):   total evolution compute time:    2.4043 sec
INFO (CarpetX):   total evolution output time:     0.00140572 sec
INFO (CarpetX):   total iterations:                43
INFO (CarpetX):   total cells updated:             176128
INFO (CarpetX):   average iterations per second: 17.8741
INFO (CarpetX):   average cell updates per second: 73212.5
INFO (CarpetX): OutputGH: iteration 44, time 0.171875, run time 3 s
INFO (CarpetX): OutputGH done.
INFO (CarpetX): Simulation time: 0.171875   Iterations per second: 17.965   Simulation time per second: 0.0701758
INFO (CarpetX): Grid cells: 4096   Grid cell updates per second: 73584.7
INFO (CarpetX): Performance:
INFO (CarpetX):   total evolution time:            2.4607 sec
INFO (CarpetX):   total evolution compute time:    2.45928 sec
INFO (CarpetX):   total evolution output time:     0.0014267 sec
INFO (CarpetX):   total iterations:                44
INFO (CarpetX):   total cells updated:             180224
INFO (CarpetX):   average iterations per second: 17.8811
INFO (CarpetX):   average cell updates per second: 73240.9
INFO (CarpetX): OutputGH: iteration 45, time 0.175781, run time 3 s
INFO (CarpetX): OutputGH done.
INFO (CarpetX): Simulation time: 0.175781   Iterations per second: 17.9742   Simulation time per second: 0.0702116
INFO (CarpetX): Grid cells: 4096   Grid cell updates per second: 73622.2
INFO (CarpetX): Performance:
INFO (CarpetX):   total evolution time:            2.51608 sec
INFO (CarpetX):   total evolution compute time:    2.51463 sec
INFO (CarpetX):   total evolution output time:     0.00145578 sec
INFO (CarpetX):   total iterations:                45
INFO (CarpetX):   total cells updated:             184320
INFO (CarpetX):   average iterations per second: 17.885
INFO (CarpetX):   average cell updates per second: 73256.8
INFO (CarpetX): OutputGH: iteration 46, time 0.179688, run time 3 s
INFO (CarpetX): OutputGH done.
INFO (CarpetX): Simulation time: 0.179688   Iterations per second: 17.9647   Simulation time per second: 0.0701747
INFO (CarpetX): Grid cells: 4096   Grid cell updates per second: 73583.5
INFO (CarpetX): Performance:
INFO (CarpetX):   total evolution time:            2.57201 sec
INFO (CarpetX):   total evolution compute time:    2.57053 sec
INFO (CarpetX):   total evolution output time:     0.00148463 sec
INFO (CarpetX):   total iterations:                46
INFO (CarpetX):   total cells updated:             188416
INFO (CarpetX):   average iterations per second: 17.8848
INFO (CarpetX):   average cell updates per second: 73256.3
INFO (CarpetX): OutputGH: iteration 47, time 0.183594, run time 3 s
INFO (CarpetX): OutputGH done.
INFO (CarpetX): Simulation time: 0.183594   Iterations per second: 17.9509   Simulation time per second: 0.0701207
INFO (CarpetX): Grid cells: 4096   Grid cell updates per second: 73526.9
INFO (CarpetX): Performance:
INFO (CarpetX):   total evolution time:            2.6281 sec
INFO (CarpetX):   total evolution compute time:    2.62658 sec
INFO (CarpetX):   total evolution output time:     0.00151873 sec
INFO (CarpetX):   total iterations:                47
INFO (CarpetX):   total cells updated:             192512
INFO (CarpetX):   average iterations per second: 17.8836
INFO (CarpetX):   average cell updates per second: 73251.3
INFO (CarpetX): OutputGH: iteration 48, time 0.187500, run time 3 s
INFO (CarpetX): OutputGH done.
INFO (CarpetX): Simulation time: 0.1875   Iterations per second: 17.9458   Simulation time per second: 0.0701007
INFO (CarpetX): Grid cells: 4096   Grid cell updates per second: 73505.9
INFO (CarpetX): Performance:
INFO (CarpetX):   total evolution time:            2.68397 sec
INFO (CarpetX):   total evolution compute time:    2.68242 sec
INFO (CarpetX):   total evolution output time:     0.00154781 sec
INFO (CarpetX):   total iterations:                48
INFO (CarpetX):   total cells updated:             196608
INFO (CarpetX):   average iterations per second: 17.884
INFO (CarpetX):   average cell updates per second: 73252.7
INFO (CarpetX): OutputGH: iteration 49, time 0.191406, run time 3 s
INFO (CarpetX): OutputGH done.
INFO (CarpetX): Simulation time: 0.191406   Iterations per second: 17.9356   Simulation time per second: 0.0700609
INFO (CarpetX): Grid cells: 4096   Grid cell updates per second: 73464.1
INFO (CarpetX): Performance:
INFO (CarpetX):   total evolution time:            2.74001 sec
INFO (CarpetX):   total evolution compute time:    2.73843 sec
INFO (CarpetX):   total evolution output time:     0.00158072 sec
INFO (CarpetX):   total iterations:                49
INFO (CarpetX):   total cells updated:             200704
INFO (CarpetX):   average iterations per second: 17.8831
INFO (CarpetX):   average cell updates per second: 73249.4
INFO (CarpetX): OutputGH: iteration 50, time 0.195312, run time 3 s
INFO (CarpetX): OutputGH done.
INFO (CarpetX): Simulation time: 0.195312   Iterations per second: 17.9275   Simulation time per second: 0.0700295
INFO (CarpetX): Grid cells: 4096   Grid cell updates per second: 73431.2
INFO (CarpetX): Performance:
INFO (CarpetX):   total evolution time:            2.79601 sec
INFO (CarpetX):   total evolution compute time:    2.7944 sec
INFO (CarpetX):   total evolution output time:     0.0016098 sec
INFO (CarpetX):   total iterations:                50
INFO (CarpetX):   total cells updated:             204800
INFO (CarpetX):   average iterations per second: 17.8826
INFO (CarpetX):   average cell updates per second: 73247.1
INFO (CarpetX): OutputGH: iteration 51, time 0.199219, run time 3 s
INFO (CarpetX): OutputGH done.
INFO (CarpetX): Simulation time: 0.199219   Iterations per second: 17.927   Simulation time per second: 0.0700272
INFO (CarpetX): Grid cells: 4096   Grid cell updates per second: 73428.9
INFO (CarpetX): Performance:
INFO (CarpetX):   total evolution time:            2.85181 sec
INFO (CarpetX):   total evolution compute time:    2.85017 sec
INFO (CarpetX):   total evolution output time:     0.0016408 sec
INFO (CarpetX):   total iterations:                51
INFO (CarpetX):   total cells updated:             208896
INFO (CarpetX):   average iterations per second: 17.8834
INFO (CarpetX):   average cell updates per second: 73250.2
INFO (CarpetX): OutputGH: iteration 52, time 0.203125, run time 3 s
INFO (CarpetX): OutputGH done.
INFO (CarpetX): Simulation time: 0.203125   Iterations per second: 17.9276   Simulation time per second: 0.0700299
INFO (CarpetX): Grid cells: 4096   Grid cell updates per second: 73431.6
INFO (CarpetX): Performance:
INFO (CarpetX):   total evolution time:            2.90757 sec
INFO (CarpetX):   total evolution compute time:    2.9059 sec
INFO (CarpetX):   total evolution output time:     0.00167274 sec
INFO (CarpetX):   total iterations:                52
INFO (CarpetX):   total cells updated:             212992
INFO (CarpetX):   average iterations per second: 17.8843
INFO (CarpetX):   average cell updates per second: 73254.2
INFO (CarpetX): OutputGH: iteration 53, time 0.207031, run time 3 s
INFO (CarpetX): OutputGH done.
INFO (CarpetX): Simulation time: 0.207031   Iterations per second: 17.9294   Simulation time per second: 0.0700369
INFO (CarpetX): Grid cells: 4096   Grid cell updates per second: 73439
INFO (CarpetX): Performance:
INFO (CarpetX):   total evolution time:            2.9633 sec
INFO (CarpetX):   total evolution compute time:    2.96159 sec
INFO (CarpetX):   total evolution output time:     0.00170469 sec
INFO (CarpetX):   total iterations:                53
INFO (CarpetX):   total cells updated:             217088
INFO (CarpetX):   average iterations per second: 17.8855
INFO (CarpetX):   average cell updates per second: 73258.9
INFO (CarpetX): OutputGH: iteration 54, time 0.210938, run time 3 s
INFO (CarpetX): OutputGH done.
INFO (CarpetX): Simulation time: 0.210938   Iterations per second: 17.9461   Simulation time per second: 0.070102
INFO (CarpetX): Grid cells: 4096   Grid cell updates per second: 73507.3
INFO (CarpetX): Performance:
INFO (CarpetX):   total evolution time:            3.01855 sec
INFO (CarpetX):   total evolution compute time:    3.01682 sec
INFO (CarpetX):   total evolution output time:     0.00173283 sec
INFO (CarpetX):   total iterations:                54
INFO (CarpetX):   total cells updated:             221184
INFO (CarpetX):   average iterations per second: 17.8894
INFO (CarpetX):   average cell updates per second: 73274.8
INFO (CarpetX): OutputGH: iteration 55, time 0.214844, run time 3 s
INFO (CarpetX): OutputGH done.
INFO (CarpetX): Simulation time: 0.214844   Iterations per second: 17.9464   Simulation time per second: 0.0701031
INFO (CarpetX): Grid cells: 4096   Grid cell updates per second: 73508.4
INFO (CarpetX): Performance:
INFO (CarpetX):   total evolution time:            3.07427 sec
INFO (CarpetX):   total evolution compute time:    3.0725 sec
INFO (CarpetX):   total evolution output time:     0.00176382 sec
INFO (CarpetX):   total iterations:                55
INFO (CarpetX):   total cells updated:             225280
INFO (CarpetX):   average iterations per second: 17.8904
INFO (CarpetX):   average cell updates per second: 73279.2
INFO (CarpetX): OutputGH: iteration 56, time 0.218750, run time 3 s
INFO (CarpetX): OutputGH done.
INFO (CarpetX): Simulation time: 0.21875   Iterations per second: 17.9485   Simulation time per second: 0.0701113
INFO (CarpetX): Grid cells: 4096   Grid cell updates per second: 73517.1
INFO (CarpetX): Performance:
INFO (CarpetX):   total evolution time:            3.12992 sec
INFO (CarpetX):   total evolution compute time:    3.12813 sec
INFO (CarpetX):   total evolution output time:     0.00179672 sec
INFO (CarpetX):   total iterations:                56
INFO (CarpetX):   total cells updated:             229376
INFO (CarpetX):   average iterations per second: 17.8918
INFO (CarpetX):   average cell updates per second: 73284.9
INFO (CarpetX): OutputGH: iteration 57, time 0.222656, run time 4 s
INFO (CarpetX): OutputGH done.
INFO (CarpetX): Simulation time: 0.222656   Iterations per second: 17.9413   Simulation time per second: 0.070083
INFO (CarpetX): Grid cells: 4096   Grid cell updates per second: 73487.4
INFO (CarpetX): Performance:
INFO (CarpetX):   total evolution time:            3.18586 sec
INFO (CarpetX):   total evolution compute time:    3.18403 sec
INFO (CarpetX):   total evolution output time:     0.00182962 sec
INFO (CarpetX):   total iterations:                57
INFO (CarpetX):   total cells updated:             233472
INFO (CarpetX):   average iterations per second: 17.8915
INFO (CarpetX):   average cell updates per second: 73283.7
INFO (CarpetX): OutputGH: iteration 58, time 0.226562, run time 4 s
INFO (CarpetX): OutputGH done.
INFO (CarpetX): Simulation time: 0.226562   Iterations per second: 17.94   Simulation time per second: 0.0700779
INFO (CarpetX): Grid cells: 4096   Grid cell updates per second: 73482
INFO (CarpetX): Performance:
INFO (CarpetX):   total evolution time:            3.24164 sec
INFO (CarpetX):   total evolution compute time:    3.23978 sec
INFO (CarpetX):   total evolution output time:     0.00186181 sec
INFO (CarpetX):   total iterations:                58
INFO (CarpetX):   total cells updated:             237568
INFO (CarpetX):   average iterations per second: 17.8922
INFO (CarpetX):   average cell updates per second: 73286.3
INFO (CarpetX): OutputGH: iteration 59, time 0.230469, run time 4 s
INFO (CarpetX): OutputGH done.
INFO (CarpetX): Simulation time: 0.230469   Iterations per second: 17.9326   Simulation time per second: 0.0700491
INFO (CarpetX): Grid cells: 4096   Grid cell updates per second: 73451.8
INFO (CarpetX): Performance:
INFO (CarpetX):   total evolution time:            3.29761 sec
INFO (CarpetX):   total evolution compute time:    3.29572 sec
INFO (CarpetX):   total evolution output time:     0.00189185 sec
INFO (CarpetX):   total iterations:                59
INFO (CarpetX):   total cells updated:             241664
INFO (CarpetX):   average iterations per second: 17.8917
INFO (CarpetX):   average cell updates per second: 73284.5
INFO (CarpetX): OutputGH: iteration 60, time 0.234375, run time 4 s
INFO (CarpetX): OutputGH done.
INFO (CarpetX): Simulation time: 0.234375   Iterations per second: 17.934   Simulation time per second: 0.0700546
INFO (CarpetX): Grid cells: 4096   Grid cell updates per second: 73457.5
INFO (CarpetX): Performance:
INFO (CarpetX):   total evolution time:            3.35333 sec
INFO (CarpetX):   total evolution compute time:    3.35141 sec
INFO (CarpetX):   total evolution output time:     0.0019238 sec
INFO (CarpetX):   total iterations:                60
INFO (CarpetX):   total cells updated:             245760
INFO (CarpetX):   average iterations per second: 17.8926
INFO (CarpetX):   average cell updates per second: 73288.3
INFO (CarpetX): OutputGH: iteration 61, time 0.238281, run time 4 s
INFO (CarpetX): OutputGH done.
INFO (CarpetX): Simulation time: 0.238281   Iterations per second: 17.93   Simulation time per second: 0.0700391
INFO (CarpetX): Grid cells: 4096   Grid cell updates per second: 73441.4
INFO (CarpetX): Performance:
INFO (CarpetX):   total evolution time:            3.40922 sec
INFO (CarpetX):   total evolution compute time:    3.40726 sec
INFO (CarpetX):   total evolution output time:     0.00195479 sec
INFO (CarpetX):   total iterations:                61
INFO (CarpetX):   total cells updated:             249856
INFO (CarpetX):   average iterations per second: 17.8927
INFO (CarpetX):   average cell updates per second: 73288.4
INFO (CarpetX): OutputGH: iteration 62, time 0.242188, run time 4 s
INFO (CarpetX): OutputGH done.
INFO (CarpetX): Simulation time: 0.242188   Iterations per second: 17.9312   Simulation time per second: 0.0700436
INFO (CarpetX): Grid cells: 4096   Grid cell updates per second: 73446
INFO (CarpetX): Performance:
INFO (CarpetX):   total evolution time:            3.46495 sec
INFO (CarpetX):   total evolution compute time:    3.46297 sec
INFO (CarpetX):   total evolution output time:     0.00198674 sec
INFO (CarpetX):   total iterations:                62
INFO (CarpetX):   total cells updated:             253952
INFO (CarpetX):   average iterations per second: 17.8935
INFO (CarpetX):   average cell updates per second: 73291.6
INFO (CarpetX): OutputGH: iteration 63, time 0.246094, run time 4 s
INFO (CarpetX): OutputGH done.
INFO (CarpetX): Simulation time: 0.246094   Iterations per second: 17.9366   Simulation time per second: 0.0700648
INFO (CarpetX): Grid cells: 4096   Grid cell updates per second: 73468.3
INFO (CarpetX): Performance:
INFO (CarpetX):   total evolution time:            3.52055 sec
INFO (CarpetX):   total evolution compute time:    3.51854 sec
INFO (CarpetX):   total evolution output time:     0.00201774 sec
INFO (CarpetX):   total iterations:                63
INFO (CarpetX):   total cells updated:             258048
INFO (CarpetX):   average iterations per second: 17.8949
INFO (CarpetX):   average cell updates per second: 73297.6
INFO (CarpetX): OutputGH: iteration 64, time 0.250000, run time 4 s
INFO (CarpetX): OutputGH done.
INFO (CarpetX): Simulation time: 0.25   Iterations per second: 17.3022   Simulation time per second: 0.0675869
INFO (CarpetX): Grid cells: 4096   Grid cell updates per second: 70870
INFO (CarpetX): Performance:
INFO (CarpetX):   total evolution time:            3.59675 sec
INFO (CarpetX):   total evolution compute time:    3.58133 sec
INFO (CarpetX):   total evolution output time:     0.0154159 sec
INFO (CarpetX):   total iterations:                64
INFO (CarpetX):   total cells updated:             262144
INFO (CarpetX):   average iterations per second: 17.7939
INFO (CarpetX):   average cell updates per second: 72883.7
INFO (CarpetX): Shutting down...
AMReX (25.11) finalized
--------------------------------------------------------------------------------
Done.

real	0m4.024s
user	0m6.760s
sys	0m0.169s
+ echo Stopping:
Stopping:
+ date
Mon Mar  9 01:12:59 AM UTC 2026
+ echo Done.
Done.
  Elapsed time: 4.0 s
