/__w/canudax-tests/workspace/simulations/TestJob01_temp_2/output-0000/TEST/sim/CanudaX_BSSNMoL
Preparing:
+ set -e
+ cd output-0000-active
+ echo Checking:
Checking:
+ pwd
/__w/canudax-tests/workspace/simulations/TestJob01_temp_2/output-0000/TEST/sim/CanudaX_BSSNMoL/output-0000-active
+ hostname
541810f9552a
+ date
Fri Aug 28 04:07:38 PM UTC 2026
+ echo Environment:
Environment:
+ export SIMULATION_ID=simulation-TestJob01_temp_2-actions-cpu-real64-actions-root-2026.08.28-16.07.38-16840
+ SIMULATION_ID=simulation-TestJob01_temp_2-actions-cpu-real64-actions-root-2026.08.28-16.07.38-16840
+ export CACTUS_NUM_PROCS=2
+ CACTUS_NUM_PROCS=2
+ export CACTUS_NUM_THREADS=1
+ CACTUS_NUM_THREADS=1
+ export CACTUS_SET_THREAD_BINDINGS=0
+ CACTUS_SET_THREAD_BINDINGS=0
+ export GLIBCXX_FORCE_NEW=1
+ GLIBCXX_FORCE_NEW=1
+ export GMON_OUT_PREFIX=gmon.out
+ GMON_OUT_PREFIX=gmon.out
+ export OMP_DISPLAY_ENV=TRUE
+ OMP_DISPLAY_ENV=TRUE
+ export OMP_MAX_TASKS=100
+ OMP_MAX_TASKS=100
+ export OMP_NUM_THREADS=1
+ OMP_NUM_THREADS=1
+ export OMP_PLACES=cores
+ OMP_PLACES=cores
+ export OMP_PROC_BIND=FALSE
+ OMP_PROC_BIND=FALSE
+ export OMP_STACKSIZE=8192
+ OMP_STACKSIZE=8192
+ env
+ sort
+ echo Starting:
Starting:
++ date +%s
+ export CACTUS_STARTTIME=1787933258
+ CACTUS_STARTTIME=1787933258
+ mpiexec -n 2 /__w/canudax-tests/workspace/simulations/TestJob01_temp_2/SIMFACTORY/exe/cactus_sim -L 3 /__w/canudax-tests/workspace/simulations/TestJob01_temp_2/output-0000/arrangements/CanudaX/CanudaX_BSSNMoL/test/gaugewave.par

OPENMP DISPLAY ENVIRONMENT BEGIN
  _OPENMP = '201511'
  [host] OMP_DYNAMIC = 'FALSE'
  [host] OMP_NESTED = 'FALSE'
  [host] OMP_NUM_THREADS = '1'
  [host] OMP_SCHEDULE = 'DYNAMIC'
  [host] OMP_PROC_BIND = 'FALSE'
  [host] OMP_PLACES = ''
  [host] OMP_STACKSIZE = '8388608'
  [host] OMP_WAIT_POLICY = 'PASSIVE'
  [host] OMP_THREAD_LIMIT = '4294967295'
  [host] OMP_MAX_ACTIVE_LEVELS = '1'
  [host] OMP_NUM_TEAMS = '0'
  [host] OMP_TEAMS_THREAD_LIMIT = '0'
  [all] OMP_CANCELLATION = 'FALSE'
  [all] OMP_DEFAULT_DEVICE = '0'
  [all] OMP_MAX_TASK_PRIORITY = '0'
  [all] OMP_DISPLAY_AFFINITY = 'FALSE'
  [host] OMP_AFFINITY_FORMAT = 'level %L thread %i affinity %A'
  [host] OMP_ALLOCATOR = 'omp_default_mem_alloc'
  [all] OMP_TARGET_OFFLOAD = 'DEFAULT'
OPENMP DISPLAY ENVIRONMENT END

OPENMP DISPLAY ENVIRONMENT BEGIN
  _OPENMP = '201511'
  [host] OMP_DYNAMIC = 'FALSE'
  [host] OMP_NESTED = 'FALSE'
  [host] OMP_NUM_THREADS = '1'
  [host] OMP_SCHEDULE = 'DYNAMIC'
  [host] OMP_PROC_BIND = 'FALSE'
  [host] OMP_PLACES = ''
  [host] OMP_STACKSIZE = '8388608'
  [host] OMP_WAIT_POLICY = 'PASSIVE'
  [host] OMP_THREAD_LIMIT = '4294967295'
  [host] OMP_MAX_ACTIVE_LEVELS = '1'
  [host] OMP_NUM_TEAMS = '0'
  [host] OMP_TEAMS_THREAD_LIMIT = '0'
  [all] OMP_CANCELLATION = 'FALSE'
  [all] OMP_DEFAULT_DEVICE = '0'
  [all] OMP_MAX_TASK_PRIORITY = '0'
  [all] OMP_DISPLAY_AFFINITY = 'FALSE'
  [host] OMP_AFFINITY_FORMAT = 'level %L thread %i affinity %A'
  [host] OMP_ALLOCATOR = 'omp_default_mem_alloc'
  [all] OMP_TARGET_OFFLOAD = 'DEFAULT'
OPENMP DISPLAY ENVIRONMENT END
INFO (Cactus): Increased logging level from 0 to 3
--------------------------------------------------------------------------------

       10                                  
  1   0101       ************************  
  01  1010 10      The Cactus Code V4.20.0    
 1010 1101 011      www.cactuscode.org     
  1001 100101    ************************  
    00010101                               
     100011     (c) Copyright The Authors  
      0100      GNU Licensed. No Warranty  
      0101                                 
--------------------------------------------------------------------------------

Cactus version:    4.20.0
Compile date:      Aug 28 2026 (16:05:19)
Run date:          Aug 28 2026 (16:07:39+0000)
Run host:          541810f9552a (pid=16888)
Working directory: /__w/canudax-tests/workspace/simulations/TestJob01_temp_2/output-0000/TEST/sim/CanudaX_BSSNMoL
Executable:        /__w/canudax-tests/workspace/simulations/TestJob01_temp_2/SIMFACTORY/exe/cactus_sim
Parameter file:    /__w/canudax-tests/workspace/simulations/TestJob01_temp_2/output-0000/arrangements/CanudaX/CanudaX_BSSNMoL/test/gaugewave.par
--------------------------------------------------------------------------------

Activating thorn Cactus...Success -> active implementation Cactus
Activation requested for 
--->ADMBaseX CanudaX_BSSNMoL CanudaX_ExactID CarpetX IOUtil ODESolvers TmunuBaseX<---
Thorn ADMBaseX requests automatic activation of Loop
Thorn CarpetX requests automatic activation of AMReX
Thorn CarpetX requests automatic activation of MPI
Thorn CarpetX requests automatic activation of yaml_cpp
Thorn CarpetX requests automatic activation of zlib
Thorn CarpetX requests automatic activation of Arith
Thorn CarpetX requests automatic activation of CarpetXRegrid
Thorn CarpetX requests automatic activation of ADIOS2
Thorn CarpetX requests automatic activation of openPMD
Thorn CarpetX requests automatic activation of Silo
Thorn ODESolvers requests automatic activation of Subcycling
Thorn Arith requests automatic activation of NSIMD
Thorn MPI requests automatic activation of hwloc
Thorn openPMD requests automatic activation of HDF5
Activating thorn ADIOS2...Success -> active implementation ADIOS2
Activating thorn ADMBaseX...Success -> active implementation ADMBaseX
Activating thorn AMReX...Success -> active implementation AMReX
Activating thorn Arith...Success -> active implementation Arith
Activating thorn CanudaX_BSSNMoL...Success -> active implementation CanudaX_BSSNMoL
Activating thorn CanudaX_ExactID...Success -> active implementation CanudaX_ExactID
Activating thorn CarpetX...Success -> active implementation Driver
Activating thorn CarpetXRegrid...Success -> active implementation CarpetXRegrid
Activating thorn HDF5...Success -> active implementation HDF5
Activating thorn hwloc...Success -> active implementation hwloc
Activating thorn IOUtil...Success -> active implementation IO
Activating thorn Loop...Success -> active implementation Loop
Activating thorn MPI...Success -> active implementation MPI
Activating thorn NSIMD...Success -> active implementation NSIMD
Activating thorn ODESolvers...Success -> active implementation ODESolvers
Activating thorn openPMD...Success -> active implementation openPMD
Activating thorn Silo...Success -> active implementation Silo
Activating thorn Subcycling...Success -> active implementation Subcycling
Activating thorn TmunuBaseX...Success -> active implementation TmunuBaseX
Activating thorn yaml_cpp...Success -> active implementation yaml_cpp
Activating thorn zlib...Success -> active implementation zlib
--------------------------------------------------------------------------------
  if (recover initial data)
    Recover parameters
  endif

  Startup routines
    [CCTK_STARTUP]
      CarpetX::Driver_Startup: Start up the driver
      IOUtil::IOUtil_Startup: Startup routine
      GROUP hwloc_startup: hwloc startup group
        hwloc::hwloc_version: Output hwloc version

  Startup routines which need an existing grid hierarchy
    [CCTK_WRAGH]
      Arith::Test_smallvector: [meta] Test small vectors
      Arith::Test_spvect: [meta] Test sparse vectors
      ODESolvers::ODESolvers_InitConstants: [global] Set up dummy loop counters for schedule printout
  Parameter checking routines
    [CCTK_PARAMCHECK]
      CanudaX_BSSNMoL::CanudaX_BSSNMoL_paramcheck: Check CanudaX_BSSNMoL parameters for consistency
      ODESolvers::ODESolvers_CheckTimelevels: [global] Reject multiple timelevels for evolved groups under subcycling

  Initialisation
    if (NOT (recover initial data AND recovery_mode is 'strict'))
      [CCTK_PREREGRIDINITIAL]
      Set up grid hierarchy
      [CCTK_POSTREGRIDINITIAL]
      [CCTK_BASEGRID]
        CarpetXRegrid::CarpetXRegrid_InitError: Initialize regridding error to zero
        GROUP ODESolvers_BaseGrid: Set up constants (e.g. coordinates) everywhere on the grid
      [CCTK_INITIAL]
        GROUP TmunuBaseX_SetTmunuVars: Schedule group for setting T_munu
          TmunuBaseX::TmunuBaseX_ZeroTmunu: Set T_munu to zero
          GROUP TmunuBaseX_AddToTmunu: Add to T_munu here
        GROUP ODESolvers_Initial: Set up initial conditions on interior of state vector
          GROUP ADMBaseX_InitialData: Schedule group for calculating ADM initial data
            GROUP CanudaX_ExactIDGroup: CanudaX_ExactID group for setting up initial data
              CanudaX_ExactID::CanudaX_ExactID_GaugeWave: [local] Create gauge wave initial data
          GROUP ADMBaseX_InitialGauge: Schedule group for the ADM initial gauge condition
            ADMBaseX::ADMBaseX_initial_dtlapse: Set dtlapse to zero
            ADMBaseX::ADMBaseX_initial_dtshift: Set dtshift to zero
          GROUP ADMBaseX_PostInitial: Schedule group for modifying the ADM initial data, such as e.g. adding noise
        GROUP CanudaX_BSSNMoL_InitialGroup: CanudaX_BSSNMoL: initial bin
          CanudaX_BSSNMoL::CanudaX_BSSNMoL_adm2bssn: [local] Convert initial data into BSSN variables
          CanudaX_BSSNMoL::CanudaX_BSSNMoL_gammat: [local] Set Gammat initial data
      [CCTK_POSTINITIAL]
        GROUP ODESolvers_PostStep: Apply boundary conditions to state vector, and project if necessary
          GROUP CanudaX_BSSNMoL_PostStepGroup: CanudaX_BSSNMoL: post-step operations
            CanudaX_BSSNMoL::CanudaX_BSSNMoL_impose_conf_fac_floor: Make sure conformal factor does not drop below specified value
            CanudaX_BSSNMoL::CanudaX_BSSNMoL_reset_detmetric: reset dethh = 1
            CanudaX_BSSNMoL::CanudaX_BSSNMoL_remove_trA: Remove trace of A
          GROUP ADMBaseX_SetADMRHS: Set ADM RHS variables in this group
          CanudaX_BSSNMoL::CanudaX_BSSNMoL_sync: [global] Sync state vector
          GROUP ADMBaseX_SetADMVars: Set ADM variables in this group
            CanudaX_BSSNMoL::CanudaX_BSSNMoL_bssn2adm: [local] Convert variables back to the ADM ones
          GROUP TmunuBaseX_SetTmunuVars: Schedule group for setting T_munu
            TmunuBaseX::TmunuBaseX_ZeroTmunu: Set T_munu to zero
            GROUP TmunuBaseX_AddToTmunu: Add to T_munu here
        GROUP ODESolvers_EstimateError: Estimate discretization error (for regridding)
      Initialise finer grids recursively
      Restrict from finer grids
      [CCTK_POSTRESTRICTINITIAL]
      [CCTK_POSTPOSTINITIAL]
      [CCTK_POSTSTEP]
        GROUP ODESolvers_EstimateError: Estimate discretization error (for regridding)
    endif
    if (recover initial data)
      [CCTK_BASEGRID]
        CarpetXRegrid::CarpetXRegrid_InitError: Initialize regridding error to zero
        GROUP ODESolvers_BaseGrid: Set up constants (e.g. coordinates) everywhere on the grid
      [CCTK_RECOVER_VARIABLES]
      [CCTK_POST_RECOVER_VARIABLES]
        GROUP ODESolvers_PostStep: Apply boundary conditions to state vector, and project if necessary
          GROUP CanudaX_BSSNMoL_PostStepGroup: CanudaX_BSSNMoL: post-step operations
            CanudaX_BSSNMoL::CanudaX_BSSNMoL_impose_conf_fac_floor: Make sure conformal factor does not drop below specified value
            CanudaX_BSSNMoL::CanudaX_BSSNMoL_reset_detmetric: reset dethh = 1
            CanudaX_BSSNMoL::CanudaX_BSSNMoL_remove_trA: Remove trace of A
          GROUP ADMBaseX_SetADMRHS: Set ADM RHS variables in this group
          CanudaX_BSSNMoL::CanudaX_BSSNMoL_sync: [global] Sync state vector
          GROUP ADMBaseX_SetADMVars: Set ADM variables in this group
            CanudaX_BSSNMoL::CanudaX_BSSNMoL_bssn2adm: [local] Convert variables back to the ADM ones
          GROUP TmunuBaseX_SetTmunuVars: Schedule group for setting T_munu
            TmunuBaseX::TmunuBaseX_ZeroTmunu: Set T_munu to zero
            GROUP TmunuBaseX_AddToTmunu: Add to T_munu here
        GROUP ODESolvers_EstimateError: Estimate discretization error (for regridding)
    endif
    if (checkpoint initial data)
      [CCTK_CPINITIAL]
        CarpetX::CarpetX_CheckpointInitial: [meta] Checkpoint initial conditions
        ODESolvers::ODESolvers_Solve_Subcycling_Recovery: [level] Refill refinement-boundary ghosts of evolved state after checkpoint recovery
    endif
    if (analysis)
      [CCTK_ANALYSIS]
        CanudaX_BSSNMoL::CanudaX_BSSNMoL_calc_ricci_for_constraints: MoL ricci tensor and scalar calculation
        CanudaX_BSSNMoL::CanudaX_BSSNMoL_bssn_constraints: Compute constraints
        GROUP ODESolvers_Analysis: Calculate analysis quantities everywhere
  endif
  Output grid variables

  do loop over timesteps
    [CCTK_PREREGRID]
    Change grid hierarchy
    [CCTK_POSTREGRID]
      GROUP ODESolvers_PostStep: Apply boundary conditions to state vector, and project if necessary
        GROUP CanudaX_BSSNMoL_PostStepGroup: CanudaX_BSSNMoL: post-step operations
          CanudaX_BSSNMoL::CanudaX_BSSNMoL_impose_conf_fac_floor: Make sure conformal factor does not drop below specified value
          CanudaX_BSSNMoL::CanudaX_BSSNMoL_reset_detmetric: reset dethh = 1
          CanudaX_BSSNMoL::CanudaX_BSSNMoL_remove_trA: Remove trace of A
        GROUP ADMBaseX_SetADMRHS: Set ADM RHS variables in this group
        CanudaX_BSSNMoL::CanudaX_BSSNMoL_sync: [global] Sync state vector
        GROUP ADMBaseX_SetADMVars: Set ADM variables in this group
          CanudaX_BSSNMoL::CanudaX_BSSNMoL_bssn2adm: [local] Convert variables back to the ADM ones
        GROUP TmunuBaseX_SetTmunuVars: Schedule group for setting T_munu
          TmunuBaseX::TmunuBaseX_ZeroTmunu: Set T_munu to zero
          GROUP TmunuBaseX_AddToTmunu: Add to T_munu here
    Rotate timelevels
    iteration = iteration+1
    t = t+dt
    [CCTK_PRESTEP]
    [CCTK_EVOL]
      ODESolvers::ODESolvers_Solve_Subcycling: [level] Solve ODEs using Subcycling
      while (ODESolvers::do_substeps)
        GROUP ODESolvers_CalledBySolve: Groups internally scheduled by ODESolvers_Solve
          GROUP ODESolvers_RHS: Evaluate the RHS for of state vector everywhere on the grid
            GROUP CanudaX_BSSNMoL_RHSGroup: CanudaX_BSSNMoL: calculate BSSN RHS
              CanudaX_BSSNMoL::CanudaX_BSSNMoL_calc_ricci: MoL ricci tensor and scalar calculation
              CanudaX_BSSNMoL::CanudaX_BSSNMoL_calc_bssn_rhs: MoL RHS calculation
              CanudaX_BSSNMoL::CanudaX_BSSNMoL_apply_boundary_conditions: Apply radiative boundary conditions 
          GROUP ODESolvers_PostStep: Apply boundary conditions to state vector, and project if necessary
            GROUP CanudaX_BSSNMoL_PostStepGroup: CanudaX_BSSNMoL: post-step operations
              CanudaX_BSSNMoL::CanudaX_BSSNMoL_impose_conf_fac_floor: Make sure conformal factor does not drop below specified value
              CanudaX_BSSNMoL::CanudaX_BSSNMoL_reset_detmetric: reset dethh = 1
              CanudaX_BSSNMoL::CanudaX_BSSNMoL_remove_trA: Remove trace of A
            GROUP ADMBaseX_SetADMRHS: Set ADM RHS variables in this group
            CanudaX_BSSNMoL::CanudaX_BSSNMoL_sync: [global] Sync state vector
            GROUP ADMBaseX_SetADMVars: Set ADM variables in this group
              CanudaX_BSSNMoL::CanudaX_BSSNMoL_bssn2adm: [local] Convert variables back to the ADM ones
            GROUP TmunuBaseX_SetTmunuVars: Schedule group for setting T_munu
              TmunuBaseX::TmunuBaseX_ZeroTmunu: Set T_munu to zero
              GROUP TmunuBaseX_AddToTmunu: Add to T_munu here
      end while
    Evolve finer grids recursively
    Restrict from finer grids
    [CCTK_POSTRESTRICT]
      GROUP ODESolvers_PostStep: Apply boundary conditions to state vector, and project if necessary
        GROUP CanudaX_BSSNMoL_PostStepGroup: CanudaX_BSSNMoL: post-step operations
          CanudaX_BSSNMoL::CanudaX_BSSNMoL_impose_conf_fac_floor: Make sure conformal factor does not drop below specified value
          CanudaX_BSSNMoL::CanudaX_BSSNMoL_reset_detmetric: reset dethh = 1
          CanudaX_BSSNMoL::CanudaX_BSSNMoL_remove_trA: Remove trace of A
        GROUP ADMBaseX_SetADMRHS: Set ADM RHS variables in this group
        CanudaX_BSSNMoL::CanudaX_BSSNMoL_sync: [global] Sync state vector
        GROUP ADMBaseX_SetADMVars: Set ADM variables in this group
          CanudaX_BSSNMoL::CanudaX_BSSNMoL_bssn2adm: [local] Convert variables back to the ADM ones
        GROUP TmunuBaseX_SetTmunuVars: Schedule group for setting T_munu
          TmunuBaseX::TmunuBaseX_ZeroTmunu: Set T_munu to zero
          GROUP TmunuBaseX_AddToTmunu: Add to T_munu here
    [CCTK_POSTSTEP]
      GROUP ODESolvers_EstimateError: Estimate discretization error (for regridding)
    if (checkpoint)
      [CCTK_CHECKPOINT]
      CarpetX::CarpetX_Checkpoint: [meta] Checkpoint
    endif
    if (analysis)
      [CCTK_ANALYSIS]
      CanudaX_BSSNMoL::CanudaX_BSSNMoL_calc_ricci_for_constraints: MoL ricci tensor and scalar calculation
      CanudaX_BSSNMoL::CanudaX_BSSNMoL_bssn_constraints: Compute constraints
      GROUP ODESolvers_Analysis: Calculate analysis quantities everywhere
    endif
    Output grid variables
    enddo

  Termination routines
    [CCTK_TERMINATE]
      CarpetX::CarpetX_CheckpointTerminate: [meta] Checkpoint before terminating

  Shutdown routines
    [CCTK_SHUTDOWN]
      CarpetX::Driver_Shutdown: [meta] Shut down the driver

  Routines run after changing the grid hierarchy:
    [CCTK_POSTREGRID]
      GROUP ODESolvers_PostStep: Apply boundary conditions to state vector, and project if necessary
        GROUP CanudaX_BSSNMoL_PostStepGroup: CanudaX_BSSNMoL: post-step operations
          CanudaX_BSSNMoL::CanudaX_BSSNMoL_impose_conf_fac_floor: Make sure conformal factor does not drop below specified value
          CanudaX_BSSNMoL::CanudaX_BSSNMoL_reset_detmetric: reset dethh = 1
          CanudaX_BSSNMoL::CanudaX_BSSNMoL_remove_trA: Remove trace of A
        GROUP ADMBaseX_SetADMRHS: Set ADM RHS variables in this group
        CanudaX_BSSNMoL::CanudaX_BSSNMoL_sync: [global] Sync state vector
        GROUP ADMBaseX_SetADMVars: Set ADM variables in this group
          CanudaX_BSSNMoL::CanudaX_BSSNMoL_bssn2adm: [local] Convert variables back to the ADM ones
        GROUP TmunuBaseX_SetTmunuVars: Schedule group for setting T_munu
          TmunuBaseX::TmunuBaseX_ZeroTmunu: Set T_munu to zero
          GROUP TmunuBaseX_AddToTmunu: Add to T_munu here
--------------------------------------------------------------------------------
INFO (hwloc): library version 2.10.0, API version 0x20800
--------------------------------------------------------------------------------
                                                            
   _______ _______  ______  _____  _______ _______ _     _  
   |       |_____| |_____/ |_____] |______    |     \___/   
   |_____  |     | |    \_ |       |______    |    _/   \_  
                                                            
AMR driver provided by CarpetX,
using AMReX 25.11 (MPI, OpenMP, no accelerators, optimized)
--------------------------------------------------------------------------------

Initializing AMReX (25.11)...
MPI initialized with 2 MPI processes
MPI initialized with thread support level 2
OMP initialized with 1 OMP threads
AMReX (25.11) initialized
INFO (CarpetX): 
Symmetries:
  lower x: periodic
  lower y: periodic
  lower z: periodic
  upper x: periodic
  upper y: periodic
  upper z: periodic
Default boundaries:
  lower x: symmetry_boundary
  lower y: symmetry_boundary
  lower z: symmetry_boundary
  upper x: symmetry_boundary
  upper y: symmetry_boundary
  upper z: symmetry_boundary
INFO (Arith): Test_smallvector
INFO (Arith): Test_spvect
INFO (CarpetX): Setting initial values for max_grid_size values for all levels
INFO (CarpetX): Setting up initial conditions...
INFO (CarpetX): Iteration: 0   time: 0   delta_time: 0.00390625
INFO (CarpetX): Patch 0:
INFO (CarpetX):   Grid extent:
INFO (CarpetX):     gsh=[71,15,15]
INFO (CarpetX):     blocking_factor=[8,8,8]
INFO (CarpetX):     max_grid_size=[10000000,10000000,10000000]
INFO (CarpetX):     max_tile_size=[1024000,16,32]
INFO (CarpetX):   Domain extent:
INFO (CarpetX):     xmin=[-0.5,-0.0625,-0.0625]
INFO (CarpetX):     xmax=[0.5,0.0625,0.0625]
INFO (CarpetX):     base dx=[0.015625,0.015625,0.015625]
INFO (CarpetX): Initializing level 0...
INFO (CanudaX_ExactID): Begin Gauge Wave initial data
INFO (CanudaX_ExactID): === End gauge wave initial data ===
INFO (CarpetX): Regridding...
INFO (CarpetX):   level 0: 2 boxes, 4096 cells (100%)
INFO (CarpetX): Initialized 1 levels
INFO (CarpetX): Starting evolution...
INFO (ODESolvers): Integrator is RK4
INFO (CarpetX): Simulation time: 0.00390625   Iterations per second: 40.3147   Simulation time per second: 0.157479
INFO (CarpetX): Grid cells: 4096   Grid cell updates per second: 165129
INFO (CarpetX): Performance:
INFO (CarpetX):   total evolution time:            0.0248048 sec
INFO (CarpetX):   total evolution compute time:    0.0248027 sec
INFO (CarpetX):   total evolution output time:     2.14577e-06 sec
INFO (CarpetX):   total iterations:                1
INFO (CarpetX):   total cells updated:             4096
INFO (CarpetX):   average iterations per second: 40.3147
INFO (CarpetX):   average cell updates per second: 165129
INFO (CarpetX): Simulation time: 0.0078125   Iterations per second: 42.5323   Simulation time per second: 0.166142
INFO (CarpetX): Grid cells: 4096   Grid cell updates per second: 174212
INFO (CarpetX): Performance:
INFO (CarpetX):   total evolution time:            0.0470231 sec
INFO (CarpetX):   total evolution compute time:    0.047019 sec
INFO (CarpetX):   total evolution output time:     4.05312e-06 sec
INFO (CarpetX):   total iterations:                2
INFO (CarpetX):   total cells updated:             8192
INFO (CarpetX):   average iterations per second: 42.5323
INFO (CarpetX):   average cell updates per second: 174212
INFO (CarpetX): Simulation time: 0.0117188   Iterations per second: 43.3394   Simulation time per second: 0.169295
INFO (CarpetX): Grid cells: 4096   Grid cell updates per second: 177518
INFO (CarpetX): Performance:
INFO (CarpetX):   total evolution time:            0.069221 sec
INFO (CarpetX):   total evolution compute time:    0.0692148 sec
INFO (CarpetX):   total evolution output time:     6.19888e-06 sec
INFO (CarpetX):   total iterations:                3
INFO (CarpetX):   total cells updated:             12288
INFO (CarpetX):   average iterations per second: 43.3394
INFO (CarpetX):   average cell updates per second: 177518
INFO (CarpetX): Simulation time: 0.015625   Iterations per second: 43.7732   Simulation time per second: 0.170989
INFO (CarpetX): Grid cells: 4096   Grid cell updates per second: 179295
INFO (CarpetX): Performance:
INFO (CarpetX):   total evolution time:            0.0913801 sec
INFO (CarpetX):   total evolution compute time:    0.091372 sec
INFO (CarpetX):   total evolution output time:     8.10623e-06 sec
INFO (CarpetX):   total iterations:                4
INFO (CarpetX):   total cells updated:             16384
INFO (CarpetX):   average iterations per second: 43.7732
INFO (CarpetX):   average cell updates per second: 179295
INFO (CarpetX): Simulation time: 0.0195312   Iterations per second: 44.0183   Simulation time per second: 0.171947
INFO (CarpetX): Grid cells: 4096   Grid cell updates per second: 180299
INFO (CarpetX): Performance:
INFO (CarpetX):   total evolution time:            0.113589 sec
INFO (CarpetX):   total evolution compute time:    0.113579 sec
INFO (CarpetX):   total evolution output time:     1.00136e-05 sec
INFO (CarpetX):   total iterations:                5
INFO (CarpetX):   total cells updated:             20480
INFO (CarpetX):   average iterations per second: 44.0183
INFO (CarpetX):   average cell updates per second: 180299
INFO (CarpetX): Simulation time: 0.0234375   Iterations per second: 44.1631   Simulation time per second: 0.172512
INFO (CarpetX): Grid cells: 4096   Grid cell updates per second: 180892
INFO (CarpetX): Performance:
INFO (CarpetX):   total evolution time:            0.13586 sec
INFO (CarpetX):   total evolution compute time:    0.135848 sec
INFO (CarpetX):   total evolution output time:     1.21593e-05 sec
INFO (CarpetX):   total iterations:                6
INFO (CarpetX):   total cells updated:             24576
INFO (CarpetX):   average iterations per second: 44.1631
INFO (CarpetX):   average cell updates per second: 180892
INFO (CarpetX): Simulation time: 0.0273438   Iterations per second: 44.315   Simulation time per second: 0.173105
INFO (CarpetX): Grid cells: 4096   Grid cell updates per second: 181514
INFO (CarpetX): Performance:
INFO (CarpetX):   total evolution time:            0.15796 sec
INFO (CarpetX):   total evolution compute time:    0.157946 sec
INFO (CarpetX):   total evolution output time:     1.40667e-05 sec
INFO (CarpetX):   total iterations:                7
INFO (CarpetX):   total cells updated:             28672
INFO (CarpetX):   average iterations per second: 44.315
INFO (CarpetX):   average cell updates per second: 181514
INFO (CarpetX): Simulation time: 0.03125   Iterations per second: 44.3825   Simulation time per second: 0.173369
INFO (CarpetX): Grid cells: 4096   Grid cell updates per second: 181791
INFO (CarpetX): Performance:
INFO (CarpetX):   total evolution time:            0.180251 sec
INFO (CarpetX):   total evolution compute time:    0.180235 sec
INFO (CarpetX):   total evolution output time:     1.5974e-05 sec
INFO (CarpetX):   total iterations:                8
INFO (CarpetX):   total cells updated:             32768
INFO (CarpetX):   average iterations per second: 44.3825
INFO (CarpetX):   average cell updates per second: 181791
INFO (CarpetX): Simulation time: 0.0351562   Iterations per second: 44.4475   Simulation time per second: 0.173623
INFO (CarpetX): Grid cells: 4096   Grid cell updates per second: 182057
INFO (CarpetX): Performance:
INFO (CarpetX):   total evolution time:            0.202486 sec
INFO (CarpetX):   total evolution compute time:    0.202468 sec
INFO (CarpetX):   total evolution output time:     1.78814e-05 sec
INFO (CarpetX):   total iterations:                9
INFO (CarpetX):   total cells updated:             36864
INFO (CarpetX):   average iterations per second: 44.4475
INFO (CarpetX):   average cell updates per second: 182057
INFO (CarpetX): Simulation time: 0.0390625   Iterations per second: 44.4149   Simulation time per second: 0.173496
INFO (CarpetX): Grid cells: 4096   Grid cell updates per second: 181923
INFO (CarpetX): Performance:
INFO (CarpetX):   total evolution time:            0.22515 sec
INFO (CarpetX):   total evolution compute time:    0.22513 sec
INFO (CarpetX):   total evolution output time:     1.97887e-05 sec
INFO (CarpetX):   total iterations:                10
INFO (CarpetX):   total cells updated:             40960
INFO (CarpetX):   average iterations per second: 44.4149
INFO (CarpetX):   average cell updates per second: 181923
INFO (CarpetX): Simulation time: 0.0429688   Iterations per second: 44.5048   Simulation time per second: 0.173847
INFO (CarpetX): Grid cells: 4096   Grid cell updates per second: 182292
INFO (CarpetX): Performance:
INFO (CarpetX):   total evolution time:            0.24721 sec
INFO (CarpetX):   total evolution compute time:    0.247188 sec
INFO (CarpetX):   total evolution output time:     2.16961e-05 sec
INFO (CarpetX):   total iterations:                11
INFO (CarpetX):   total cells updated:             45056
INFO (CarpetX):   average iterations per second: 44.4966
INFO (CarpetX):   average cell updates per second: 182258
INFO (CarpetX): Simulation time: 0.046875   Iterations per second: 44.5533   Simulation time per second: 0.174036
INFO (CarpetX): Grid cells: 4096   Grid cell updates per second: 182490
INFO (CarpetX): Performance:
INFO (CarpetX):   total evolution time:            0.269435 sec
INFO (CarpetX):   total evolution compute time:    0.269411 sec
INFO (CarpetX):   total evolution output time:     2.36034e-05 sec
INFO (CarpetX):   total iterations:                12
INFO (CarpetX):   total cells updated:             49152
INFO (CarpetX):   average iterations per second: 44.5377
INFO (CarpetX):   average cell updates per second: 182426
INFO (CarpetX): Simulation time: 0.0507812   Iterations per second: 44.6191   Simulation time per second: 0.174293
INFO (CarpetX): Grid cells: 4096   Grid cell updates per second: 182760
INFO (CarpetX): Performance:
INFO (CarpetX):   total evolution time:            0.291549 sec
INFO (CarpetX):   total evolution compute time:    0.291523 sec
INFO (CarpetX):   total evolution output time:     2.55108e-05 sec
INFO (CarpetX):   total iterations:                13
INFO (CarpetX):   total cells updated:             53248
INFO (CarpetX):   average iterations per second: 44.5894
INFO (CarpetX):   average cell updates per second: 182638
INFO (CarpetX): Simulation time: 0.0546875   Iterations per second: 44.6868   Simulation time per second: 0.174558
INFO (CarpetX): Grid cells: 4096   Grid cell updates per second: 183037
INFO (CarpetX): Performance:
INFO (CarpetX):   total evolution time:            0.313621 sec
INFO (CarpetX):   total evolution compute time:    0.313594 sec
INFO (CarpetX):   total evolution output time:     2.74181e-05 sec
INFO (CarpetX):   total iterations:                14
INFO (CarpetX):   total cells updated:             57344
INFO (CarpetX):   average iterations per second: 44.6399
INFO (CarpetX):   average cell updates per second: 182845
INFO (CarpetX): Simulation time: 0.0585938   Iterations per second: 44.6976   Simulation time per second: 0.1746
INFO (CarpetX): Grid cells: 4096   Grid cell updates per second: 183082
INFO (CarpetX): Performance:
INFO (CarpetX):   total evolution time:            0.335945 sec
INFO (CarpetX):   total evolution compute time:    0.335916 sec
INFO (CarpetX):   total evolution output time:     2.93255e-05 sec
INFO (CarpetX):   total iterations:                15
INFO (CarpetX):   total cells updated:             61440
INFO (CarpetX):   average iterations per second: 44.6502
INFO (CarpetX):   average cell updates per second: 182887
INFO (CarpetX): Simulation time: 0.0625   Iterations per second: 44.7305   Simulation time per second: 0.174729
INFO (CarpetX): Grid cells: 4096   Grid cell updates per second: 183216
INFO (CarpetX): Performance:
INFO (CarpetX):   total evolution time:            0.358153 sec
INFO (CarpetX):   total evolution compute time:    0.358122 sec
INFO (CarpetX):   total evolution output time:     3.12328e-05 sec
INFO (CarpetX):   total iterations:                16
INFO (CarpetX):   total cells updated:             65536
INFO (CarpetX):   average iterations per second: 44.6737
INFO (CarpetX):   average cell updates per second: 182983
INFO (CarpetX): Simulation time: 0.0664062   Iterations per second: 44.7341   Simulation time per second: 0.174743
INFO (CarpetX): Grid cells: 4096   Grid cell updates per second: 183231
INFO (CarpetX): Performance:
INFO (CarpetX):   total evolution time:            0.380491 sec
INFO (CarpetX):   total evolution compute time:    0.380459 sec
INFO (CarpetX):   total evolution output time:     3.21865e-05 sec
INFO (CarpetX):   total iterations:                17
INFO (CarpetX):   total cells updated:             69632
INFO (CarpetX):   average iterations per second: 44.6791
INFO (CarpetX):   average cell updates per second: 183006
INFO (CarpetX): Simulation time: 0.0703125   Iterations per second: 44.7418   Simulation time per second: 0.174773
INFO (CarpetX): Grid cells: 4096   Grid cell updates per second: 183262
INFO (CarpetX): Performance:
INFO (CarpetX):   total evolution time:            0.402807 sec
INFO (CarpetX):   total evolution compute time:    0.402773 sec
INFO (CarpetX):   total evolution output time:     3.40939e-05 sec
INFO (CarpetX):   total iterations:                18
INFO (CarpetX):   total cells updated:             73728
INFO (CarpetX):   average iterations per second: 44.6864
INFO (CarpetX):   average cell updates per second: 183036
INFO (CarpetX): Simulation time: 0.0742188   Iterations per second: 44.6957   Simulation time per second: 0.174592
INFO (CarpetX): Grid cells: 4096   Grid cell updates per second: 183074
INFO (CarpetX): Performance:
INFO (CarpetX):   total evolution time:            0.425388 sec
INFO (CarpetX):   total evolution compute time:    0.425352 sec
INFO (CarpetX):   total evolution output time:     3.62396e-05 sec
INFO (CarpetX):   total iterations:                19
INFO (CarpetX):   total cells updated:             77824
INFO (CarpetX):   average iterations per second: 44.6651
INFO (CarpetX):   average cell updates per second: 182948
INFO (CarpetX): Simulation time: 0.078125   Iterations per second: 44.4176   Simulation time per second: 0.173506
INFO (CarpetX): Grid cells: 4096   Grid cell updates per second: 181935
INFO (CarpetX): Performance:
INFO (CarpetX):   total evolution time:            0.449162 sec
INFO (CarpetX):   total evolution compute time:    0.449123 sec
INFO (CarpetX):   total evolution output time:     3.91006e-05 sec
INFO (CarpetX):   total iterations:                20
INFO (CarpetX):   total cells updated:             81920
INFO (CarpetX):   average iterations per second: 44.5273
INFO (CarpetX):   average cell updates per second: 182384
INFO (CarpetX): Simulation time: 0.0820312   Iterations per second: 44.414   Simulation time per second: 0.173492
INFO (CarpetX): Grid cells: 4096   Grid cell updates per second: 181920
INFO (CarpetX): Performance:
INFO (CarpetX):   total evolution time:            0.471694 sec
INFO (CarpetX):   total evolution compute time:    0.471653 sec
INFO (CarpetX):   total evolution output time:     4.12464e-05 sec
INFO (CarpetX):   total iterations:                21
INFO (CarpetX):   total cells updated:             86016
INFO (CarpetX):   average iterations per second: 44.5204
INFO (CarpetX):   average cell updates per second: 182355
INFO (CarpetX): Simulation time: 0.0859375   Iterations per second: 44.2731   Simulation time per second: 0.172942
INFO (CarpetX): Grid cells: 4096   Grid cell updates per second: 181343
INFO (CarpetX): Performance:
INFO (CarpetX):   total evolution time:            0.494926 sec
INFO (CarpetX):   total evolution compute time:    0.494884 sec
INFO (CarpetX):   total evolution output time:     4.22001e-05 sec
INFO (CarpetX):   total iterations:                22
INFO (CarpetX):   total cells updated:             90112
INFO (CarpetX):   average iterations per second: 44.4511
INFO (CarpetX):   average cell updates per second: 182072
INFO (CarpetX): Simulation time: 0.0898438   Iterations per second: 44.298   Simulation time per second: 0.173039
INFO (CarpetX): Grid cells: 4096   Grid cell updates per second: 181445
INFO (CarpetX): Performance:
INFO (CarpetX):   total evolution time:            0.517386 sec
INFO (CarpetX):   total evolution compute time:    0.517341 sec
INFO (CarpetX):   total evolution output time:     4.52995e-05 sec
INFO (CarpetX):   total iterations:                23
INFO (CarpetX):   total cells updated:             94208
INFO (CarpetX):   average iterations per second: 44.4542
INFO (CarpetX):   average cell updates per second: 182084
INFO (CarpetX): Simulation time: 0.09375   Iterations per second: 44.3065   Simulation time per second: 0.173072
INFO (CarpetX): Grid cells: 4096   Grid cell updates per second: 181480
INFO (CarpetX): Performance:
INFO (CarpetX):   total evolution time:            0.539917 sec
INFO (CarpetX):   total evolution compute time:    0.53987 sec
INFO (CarpetX):   total evolution output time:     4.72069e-05 sec
INFO (CarpetX):   total iterations:                24
INFO (CarpetX):   total cells updated:             98304
INFO (CarpetX):   average iterations per second: 44.4513
INFO (CarpetX):   average cell updates per second: 182072
INFO (CarpetX): Simulation time: 0.0976562   Iterations per second: 44.3722   Simulation time per second: 0.173329
INFO (CarpetX): Grid cells: 4096   Grid cell updates per second: 181749
INFO (CarpetX): Performance:
INFO (CarpetX):   total evolution time:            0.562153 sec
INFO (CarpetX):   total evolution compute time:    0.562104 sec
INFO (CarpetX):   total evolution output time:     4.91142e-05 sec
INFO (CarpetX):   total iterations:                25
INFO (CarpetX):   total cells updated:             102400
INFO (CarpetX):   average iterations per second: 44.4719
INFO (CarpetX):   average cell updates per second: 182157
INFO (CarpetX): Simulation time: 0.101562   Iterations per second: 44.45   Simulation time per second: 0.173633
INFO (CarpetX): Grid cells: 4096   Grid cell updates per second: 182067
INFO (CarpetX): Performance:
INFO (CarpetX):   total evolution time:            0.584295 sec
INFO (CarpetX):   total evolution compute time:    0.584244 sec
INFO (CarpetX):   total evolution output time:     5.10216e-05 sec
INFO (CarpetX):   total iterations:                26
INFO (CarpetX):   total cells updated:             106496
INFO (CarpetX):   average iterations per second: 44.498
INFO (CarpetX):   average cell updates per second: 182264
INFO (CarpetX): Simulation time: 0.105469   Iterations per second: 44.4918   Simulation time per second: 0.173796
INFO (CarpetX): Grid cells: 4096   Grid cell updates per second: 182238
INFO (CarpetX): Performance:
INFO (CarpetX):   total evolution time:            0.606581 sec
INFO (CarpetX):   total evolution compute time:    0.606528 sec
INFO (CarpetX):   total evolution output time:     5.29289e-05 sec
INFO (CarpetX):   total iterations:                27
INFO (CarpetX):   total cells updated:             110592
INFO (CarpetX):   average iterations per second: 44.5118
INFO (CarpetX):   average cell updates per second: 182320
INFO (CarpetX): Simulation time: 0.109375   Iterations per second: 44.5255   Simulation time per second: 0.173928
INFO (CarpetX): Grid cells: 4096   Grid cell updates per second: 182376
INFO (CarpetX): Performance:
INFO (CarpetX):   total evolution time:            0.628887 sec
INFO (CarpetX):   total evolution compute time:    0.628832 sec
INFO (CarpetX):   total evolution output time:     5.48363e-05 sec
INFO (CarpetX):   total iterations:                28
INFO (CarpetX):   total cells updated:             114688
INFO (CarpetX):   average iterations per second: 44.5231
INFO (CarpetX):   average cell updates per second: 182367
INFO (CarpetX): Simulation time: 0.113281   Iterations per second: 44.5045   Simulation time per second: 0.173846
INFO (CarpetX): Grid cells: 4096   Grid cell updates per second: 182290
INFO (CarpetX): Performance:
INFO (CarpetX):   total evolution time:            0.651452 sec
INFO (CarpetX):   total evolution compute time:    0.651396 sec
INFO (CarpetX):   total evolution output time:     5.67436e-05 sec
INFO (CarpetX):   total iterations:                29
INFO (CarpetX):   total cells updated:             118784
INFO (CarpetX):   average iterations per second: 44.5159
INFO (CarpetX):   average cell updates per second: 182337
INFO (CarpetX): Simulation time: 0.117188   Iterations per second: 44.5653   Simulation time per second: 0.174083
INFO (CarpetX): Grid cells: 4096   Grid cell updates per second: 182539
INFO (CarpetX): Performance:
INFO (CarpetX):   total evolution time:            0.673615 sec
INFO (CarpetX):   total evolution compute time:    0.673557 sec
INFO (CarpetX):   total evolution output time:     5.8651e-05 sec
INFO (CarpetX):   total iterations:                30
INFO (CarpetX):   total cells updated:             122880
INFO (CarpetX):   average iterations per second: 44.5358
INFO (CarpetX):   average cell updates per second: 182419
INFO (CarpetX): Simulation time: 0.121094   Iterations per second: 44.5591   Simulation time per second: 0.174059
INFO (CarpetX): Grid cells: 4096   Grid cell updates per second: 182514
INFO (CarpetX): Performance:
INFO (CarpetX):   total evolution time:            0.696085 sec
INFO (CarpetX):   total evolution compute time:    0.696025 sec
INFO (CarpetX):   total evolution output time:     6.07967e-05 sec
INFO (CarpetX):   total iterations:                31
INFO (CarpetX):   total cells updated:             126976
INFO (CarpetX):   average iterations per second: 44.5348
INFO (CarpetX):   average cell updates per second: 182414
INFO (CarpetX): Simulation time: 0.125   Iterations per second: 44.5593   Simulation time per second: 0.17406
INFO (CarpetX): Grid cells: 4096   Grid cell updates per second: 182515
INFO (CarpetX): Performance:
INFO (CarpetX):   total evolution time:            0.718527 sec
INFO (CarpetX):   total evolution compute time:    0.718464 sec
INFO (CarpetX):   total evolution output time:     6.27041e-05 sec
INFO (CarpetX):   total iterations:                32
INFO (CarpetX):   total cells updated:             131072
INFO (CarpetX):   average iterations per second: 44.5356
INFO (CarpetX):   average cell updates per second: 182418
INFO (CarpetX): Simulation time: 0.128906   Iterations per second: 44.1782   Simulation time per second: 0.172571
INFO (CarpetX): Grid cells: 4096   Grid cell updates per second: 180954
INFO (CarpetX): Performance:
INFO (CarpetX):   total evolution time:            0.742905 sec
INFO (CarpetX):   total evolution compute time:    0.74284 sec
INFO (CarpetX):   total evolution output time:     6.46114e-05 sec
INFO (CarpetX):   total iterations:                33
INFO (CarpetX):   total cells updated:             135168
INFO (CarpetX):   average iterations per second: 44.4202
INFO (CarpetX):   average cell updates per second: 181945
INFO (CarpetX): Simulation time: 0.132812   Iterations per second: 43.9942   Simulation time per second: 0.171852
INFO (CarpetX): Grid cells: 4096   Grid cell updates per second: 180200
INFO (CarpetX): Performance:
INFO (CarpetX):   total evolution time:            0.766487 sec
INFO (CarpetX):   total evolution compute time:    0.766421 sec
INFO (CarpetX):   total evolution output time:     6.55651e-05 sec
INFO (CarpetX):   total iterations:                34
INFO (CarpetX):   total cells updated:             139264
INFO (CarpetX):   average iterations per second: 44.3582
INFO (CarpetX):   average cell updates per second: 181691
INFO (CarpetX): Simulation time: 0.136719   Iterations per second: 44.0102   Simulation time per second: 0.171915
INFO (CarpetX): Grid cells: 4096   Grid cell updates per second: 180266
INFO (CarpetX): Performance:
INFO (CarpetX):   total evolution time:            0.789135 sec
INFO (CarpetX):   total evolution compute time:    0.789067 sec
INFO (CarpetX):   total evolution output time:     6.74725e-05 sec
INFO (CarpetX):   total iterations:                35
INFO (CarpetX):   total cells updated:             143360
INFO (CarpetX):   average iterations per second: 44.3524
INFO (CarpetX):   average cell updates per second: 181667
INFO (CarpetX): Simulation time: 0.140625   Iterations per second: 44.0492   Simulation time per second: 0.172067
INFO (CarpetX): Grid cells: 4096   Grid cell updates per second: 180425
INFO (CarpetX): Performance:
INFO (CarpetX):   total evolution time:            0.811656 sec
INFO (CarpetX):   total evolution compute time:    0.811586 sec
INFO (CarpetX):   total evolution output time:     6.93798e-05 sec
INFO (CarpetX):   total iterations:                36
INFO (CarpetX):   total cells updated:             147456
INFO (CarpetX):   average iterations per second: 44.3538
INFO (CarpetX):   average cell updates per second: 181673
INFO (CarpetX): Simulation time: 0.144531   Iterations per second: 44.1435   Simulation time per second: 0.172435
INFO (CarpetX): Grid cells: 4096   Grid cell updates per second: 180812
INFO (CarpetX): Performance:
INFO (CarpetX):   total evolution time:            0.833872 sec
INFO (CarpetX):   total evolution compute time:    0.833801 sec
INFO (CarpetX):   total evolution output time:     7.15256e-05 sec
INFO (CarpetX):   total iterations:                37
INFO (CarpetX):   total cells updated:             151552
INFO (CarpetX):   average iterations per second: 44.3713
INFO (CarpetX):   average cell updates per second: 181745
INFO (CarpetX): Simulation time: 0.148438   Iterations per second: 44.2291   Simulation time per second: 0.17277
INFO (CarpetX): Grid cells: 4096   Grid cell updates per second: 181162
INFO (CarpetX): Performance:
INFO (CarpetX):   total evolution time:            0.856087 sec
INFO (CarpetX):   total evolution compute time:    0.856014 sec
INFO (CarpetX):   total evolution output time:     7.34329e-05 sec
INFO (CarpetX):   total iterations:                38
INFO (CarpetX):   total cells updated:             155648
INFO (CarpetX):   average iterations per second: 44.388
INFO (CarpetX):   average cell updates per second: 181813
INFO (CarpetX): Simulation time: 0.152344   Iterations per second: 44.3203   Simulation time per second: 0.173126
INFO (CarpetX): Grid cells: 4096   Grid cell updates per second: 181536
INFO (CarpetX): Performance:
INFO (CarpetX):   total evolution time:            0.878232 sec
INFO (CarpetX):   total evolution compute time:    0.878156 sec
INFO (CarpetX):   total evolution output time:     7.53403e-05 sec
INFO (CarpetX):   total iterations:                39
INFO (CarpetX):   total cells updated:             159744
INFO (CarpetX):   average iterations per second: 44.4074
INFO (CarpetX):   average cell updates per second: 181893
INFO (CarpetX): Simulation time: 0.15625   Iterations per second: 44.3358   Simulation time per second: 0.173187
INFO (CarpetX): Grid cells: 4096   Grid cell updates per second: 181600
INFO (CarpetX): Performance:
INFO (CarpetX):   total evolution time:            0.900716 sec
INFO (CarpetX):   total evolution compute time:    0.900638 sec
INFO (CarpetX):   total evolution output time:     7.72476e-05 sec
INFO (CarpetX):   total iterations:                40
INFO (CarpetX):   total cells updated:             163840
INFO (CarpetX):   average iterations per second: 44.4091
INFO (CarpetX):   average cell updates per second: 181900
INFO (CarpetX): Simulation time: 0.160156   Iterations per second: 44.3529   Simulation time per second: 0.173254
INFO (CarpetX): Grid cells: 4096   Grid cell updates per second: 181670
INFO (CarpetX): Performance:
INFO (CarpetX):   total evolution time:            0.923184 sec
INFO (CarpetX):   total evolution compute time:    0.923104 sec
INFO (CarpetX):   total evolution output time:     7.93934e-05 sec
INFO (CarpetX):   total iterations:                41
INFO (CarpetX):   total cells updated:             167936
INFO (CarpetX):   average iterations per second: 44.4115
INFO (CarpetX):   average cell updates per second: 181910
INFO (CarpetX): Simulation time: 0.164062   Iterations per second: 44.3489   Simulation time per second: 0.173238
INFO (CarpetX): Grid cells: 4096   Grid cell updates per second: 181653
INFO (CarpetX): Performance:
INFO (CarpetX):   total evolution time:            0.945751 sec
INFO (CarpetX):   total evolution compute time:    0.945669 sec
INFO (CarpetX):   total evolution output time:     8.13007e-05 sec
INFO (CarpetX):   total iterations:                42
INFO (CarpetX):   total cells updated:             172032
INFO (CarpetX):   average iterations per second: 44.4092
INFO (CarpetX):   average cell updates per second: 181900
INFO (CarpetX): Simulation time: 0.167969   Iterations per second: 44.1204   Simulation time per second: 0.172345
INFO (CarpetX): Grid cells: 4096   Grid cell updates per second: 180717
INFO (CarpetX): Performance:
INFO (CarpetX):   total evolution time:            0.969467 sec
INFO (CarpetX):   total evolution compute time:    0.969383 sec
INFO (CarpetX):   total evolution output time:     8.34465e-05 sec
INFO (CarpetX):   total iterations:                43
INFO (CarpetX):   total cells updated:             176128
INFO (CarpetX):   average iterations per second: 44.3543
INFO (CarpetX):   average cell updates per second: 181675
INFO (CarpetX): Simulation time: 0.171875   Iterations per second: 44.1665   Simulation time per second: 0.172525
INFO (CarpetX): Grid cells: 4096   Grid cell updates per second: 180906
INFO (CarpetX): Performance:
INFO (CarpetX):   total evolution time:            0.991896 sec
INFO (CarpetX):   total evolution compute time:    0.99181 sec
INFO (CarpetX):   total evolution output time:     8.55923e-05 sec
INFO (CarpetX):   total iterations:                44
INFO (CarpetX):   total cells updated:             180224
INFO (CarpetX):   average iterations per second: 44.3595
INFO (CarpetX):   average cell updates per second: 181697
INFO (CarpetX): Simulation time: 0.175781   Iterations per second: 44.2266   Simulation time per second: 0.17276
INFO (CarpetX): Grid cells: 4096   Grid cell updates per second: 181152
INFO (CarpetX): Performance:
INFO (CarpetX):   total evolution time:            1.01423 sec
INFO (CarpetX):   total evolution compute time:    1.01414 sec
INFO (CarpetX):   total evolution output time:     8.74996e-05 sec
INFO (CarpetX):   total iterations:                45
INFO (CarpetX):   total cells updated:             184320
INFO (CarpetX):   average iterations per second: 44.3687
INFO (CarpetX):   average cell updates per second: 181734
INFO (CarpetX): Simulation time: 0.179688   Iterations per second: 44.3136   Simulation time per second: 0.1731
INFO (CarpetX): Grid cells: 4096   Grid cell updates per second: 181508
INFO (CarpetX): Performance:
INFO (CarpetX):   total evolution time:            1.0364 sec
INFO (CarpetX):   total evolution compute time:    1.03631 sec
INFO (CarpetX):   total evolution output time:     8.96454e-05 sec
INFO (CarpetX):   total iterations:                46
INFO (CarpetX):   total cells updated:             188416
INFO (CarpetX):   average iterations per second: 44.3846
INFO (CarpetX):   average cell updates per second: 181799
INFO (CarpetX): Simulation time: 0.183594   Iterations per second: 44.3156   Simulation time per second: 0.173108
INFO (CarpetX): Grid cells: 4096   Grid cell updates per second: 181517
INFO (CarpetX): Performance:
INFO (CarpetX):   total evolution time:            1.05895 sec
INFO (CarpetX):   total evolution compute time:    1.05886 sec
INFO (CarpetX):   total evolution output time:     9.17912e-05 sec
INFO (CarpetX):   total iterations:                47
INFO (CarpetX):   total cells updated:             192512
INFO (CarpetX):   average iterations per second: 44.3835
INFO (CarpetX):   average cell updates per second: 181795
INFO (CarpetX): Simulation time: 0.1875   Iterations per second: 44.2882   Simulation time per second: 0.173001
INFO (CarpetX): Grid cells: 4096   Grid cell updates per second: 181404
INFO (CarpetX): Performance:
INFO (CarpetX):   total evolution time:            1.08166 sec
INFO (CarpetX):   total evolution compute time:    1.08156 sec
INFO (CarpetX):   total evolution output time:     9.46522e-05 sec
INFO (CarpetX):   total iterations:                48
INFO (CarpetX):   total cells updated:             196608
INFO (CarpetX):   average iterations per second: 44.3763
INFO (CarpetX):   average cell updates per second: 181765
INFO (CarpetX): Simulation time: 0.191406   Iterations per second: 44.3382   Simulation time per second: 0.173196
INFO (CarpetX): Grid cells: 4096   Grid cell updates per second: 181609
INFO (CarpetX): Performance:
INFO (CarpetX):   total evolution time:            1.10398 sec
INFO (CarpetX):   total evolution compute time:    1.10389 sec
INFO (CarpetX):   total evolution output time:     9.65595e-05 sec
INFO (CarpetX):   total iterations:                49
INFO (CarpetX):   total cells updated:             200704
INFO (CarpetX):   average iterations per second: 44.3848
INFO (CarpetX):   average cell updates per second: 181800
INFO (CarpetX): Simulation time: 0.195312   Iterations per second: 44.3925   Simulation time per second: 0.173408
INFO (CarpetX): Grid cells: 4096   Grid cell updates per second: 181832
INFO (CarpetX): Performance:
INFO (CarpetX):   total evolution time:            1.12626 sec
INFO (CarpetX):   total evolution compute time:    1.12616 sec
INFO (CarpetX):   total evolution output time:     9.84669e-05 sec
INFO (CarpetX):   total iterations:                50
INFO (CarpetX):   total cells updated:             204800
INFO (CarpetX):   average iterations per second: 44.3947
INFO (CarpetX):   average cell updates per second: 181841
INFO (CarpetX): Simulation time: 0.199219   Iterations per second: 44.4891   Simulation time per second: 0.173786
INFO (CarpetX): Grid cells: 4096   Grid cell updates per second: 182227
INFO (CarpetX): Performance:
INFO (CarpetX):   total evolution time:            1.1483 sec
INFO (CarpetX):   total evolution compute time:    1.1482 sec
INFO (CarpetX):   total evolution output time:     0.000100374 sec
INFO (CarpetX):   total iterations:                51
INFO (CarpetX):   total cells updated:             208896
INFO (CarpetX):   average iterations per second: 44.4136
INFO (CarpetX):   average cell updates per second: 181918
INFO (CarpetX): Simulation time: 0.203125   Iterations per second: 44.586   Simulation time per second: 0.174164
INFO (CarpetX): Grid cells: 4096   Grid cell updates per second: 182624
INFO (CarpetX): Performance:
INFO (CarpetX):   total evolution time:            1.17029 sec
INFO (CarpetX):   total evolution compute time:    1.17018 sec
INFO (CarpetX):   total evolution output time:     0.00010252 sec
INFO (CarpetX):   total iterations:                52
INFO (CarpetX):   total cells updated:             212992
INFO (CarpetX):   average iterations per second: 44.4336
INFO (CarpetX):   average cell updates per second: 182000
INFO (CarpetX): Simulation time: 0.207031   Iterations per second: 44.5881   Simulation time per second: 0.174172
INFO (CarpetX): Grid cells: 4096   Grid cell updates per second: 182633
INFO (CarpetX): Performance:
INFO (CarpetX):   total evolution time:            1.1927 sec
INFO (CarpetX):   total evolution compute time:    1.1926 sec
INFO (CarpetX):   total evolution output time:     0.000104666 sec
INFO (CarpetX):   total iterations:                53
INFO (CarpetX):   total cells updated:             217088
INFO (CarpetX):   average iterations per second: 44.4368
INFO (CarpetX):   average cell updates per second: 182013
INFO (CarpetX): Simulation time: 0.210938   Iterations per second: 44.5964   Simulation time per second: 0.174205
INFO (CarpetX): Grid cells: 4096   Grid cell updates per second: 182667
INFO (CarpetX): Performance:
INFO (CarpetX):   total evolution time:            1.21509 sec
INFO (CarpetX):   total evolution compute time:    1.21498 sec
INFO (CarpetX):   total evolution output time:     0.000106812 sec
INFO (CarpetX):   total iterations:                54
INFO (CarpetX):   total cells updated:             221184
INFO (CarpetX):   average iterations per second: 44.4411
INFO (CarpetX):   average cell updates per second: 182031
INFO (CarpetX): Simulation time: 0.214844   Iterations per second: 44.6182   Simulation time per second: 0.17429
INFO (CarpetX): Grid cells: 4096   Grid cell updates per second: 182756
INFO (CarpetX): Performance:
INFO (CarpetX):   total evolution time:            1.2374 sec
INFO (CarpetX):   total evolution compute time:    1.2373 sec
INFO (CarpetX):   total evolution output time:     0.000108957 sec
INFO (CarpetX):   total iterations:                55
INFO (CarpetX):   total cells updated:             225280
INFO (CarpetX):   average iterations per second: 44.4479
INFO (CarpetX):   average cell updates per second: 182059
INFO (CarpetX): Simulation time: 0.21875   Iterations per second: 44.6641   Simulation time per second: 0.174469
INFO (CarpetX): Grid cells: 4096   Grid cell updates per second: 182944
INFO (CarpetX): Performance:
INFO (CarpetX):   total evolution time:            1.25959 sec
INFO (CarpetX):   total evolution compute time:    1.25948 sec
INFO (CarpetX):   total evolution output time:     0.000110865 sec
INFO (CarpetX):   total iterations:                56
INFO (CarpetX):   total cells updated:             229376
INFO (CarpetX):   average iterations per second: 44.459
INFO (CarpetX):   average cell updates per second: 182104
INFO (CarpetX): Simulation time: 0.222656   Iterations per second: 44.6937   Simulation time per second: 0.174585
INFO (CarpetX): Grid cells: 4096   Grid cell updates per second: 183065
INFO (CarpetX): Performance:
INFO (CarpetX):   total evolution time:            1.28183 sec
INFO (CarpetX):   total evolution compute time:    1.28171 sec
INFO (CarpetX):   total evolution output time:     0.000112772 sec
INFO (CarpetX):   total iterations:                57
INFO (CarpetX):   total cells updated:             233472
INFO (CarpetX):   average iterations per second: 44.4678
INFO (CarpetX):   average cell updates per second: 182140
INFO (CarpetX): Simulation time: 0.226562   Iterations per second: 44.6684   Simulation time per second: 0.174486
INFO (CarpetX): Grid cells: 4096   Grid cell updates per second: 182962
INFO (CarpetX): Performance:
INFO (CarpetX):   total evolution time:            1.30433 sec
INFO (CarpetX):   total evolution compute time:    1.30421 sec
INFO (CarpetX):   total evolution output time:     0.000114918 sec
INFO (CarpetX):   total iterations:                58
INFO (CarpetX):   total cells updated:             237568
INFO (CarpetX):   average iterations per second: 44.4673
INFO (CarpetX):   average cell updates per second: 182138
INFO (CarpetX): Simulation time: 0.230469   Iterations per second: 44.7112   Simulation time per second: 0.174653
INFO (CarpetX): Grid cells: 4096   Grid cell updates per second: 183137
INFO (CarpetX): Performance:
INFO (CarpetX):   total evolution time:            1.3265 sec
INFO (CarpetX):   total evolution compute time:    1.32638 sec
INFO (CarpetX):   total evolution output time:     0.000117064 sec
INFO (CarpetX):   total iterations:                59
INFO (CarpetX):   total cells updated:             241664
INFO (CarpetX):   average iterations per second: 44.4779
INFO (CarpetX):   average cell updates per second: 182181
INFO (CarpetX): Simulation time: 0.234375   Iterations per second: 44.6974   Simulation time per second: 0.174599
INFO (CarpetX): Grid cells: 4096   Grid cell updates per second: 183080
INFO (CarpetX): Performance:
INFO (CarpetX):   total evolution time:            1.34894 sec
INFO (CarpetX):   total evolution compute time:    1.34882 sec
INFO (CarpetX):   total evolution output time:     0.000119209 sec
INFO (CarpetX):   total iterations:                60
INFO (CarpetX):   total cells updated:             245760
INFO (CarpetX):   average iterations per second: 44.4795
INFO (CarpetX):   average cell updates per second: 182188
INFO (CarpetX): Simulation time: 0.238281   Iterations per second: 44.7121   Simulation time per second: 0.174657
INFO (CarpetX): Grid cells: 4096   Grid cell updates per second: 183141
INFO (CarpetX): Performance:
INFO (CarpetX):   total evolution time:            1.37124 sec
INFO (CarpetX):   total evolution compute time:    1.37111 sec
INFO (CarpetX):   total evolution output time:     0.000121355 sec
INFO (CarpetX):   total iterations:                61
INFO (CarpetX):   total cells updated:             249856
INFO (CarpetX):   average iterations per second: 44.4854
INFO (CarpetX):   average cell updates per second: 182212
INFO (CarpetX): Simulation time: 0.242188   Iterations per second: 44.7079   Simulation time per second: 0.17464
INFO (CarpetX): Grid cells: 4096   Grid cell updates per second: 183124
INFO (CarpetX): Performance:
INFO (CarpetX):   total evolution time:            1.39362 sec
INFO (CarpetX):   total evolution compute time:    1.3935 sec
INFO (CarpetX):   total evolution output time:     0.000123501 sec
INFO (CarpetX):   total iterations:                62
INFO (CarpetX):   total cells updated:             253952
INFO (CarpetX):   average iterations per second: 44.4884
INFO (CarpetX):   average cell updates per second: 182225
INFO (CarpetX): Simulation time: 0.246094   Iterations per second: 44.7603   Simulation time per second: 0.174845
INFO (CarpetX): Grid cells: 4096   Grid cell updates per second: 183338
INFO (CarpetX): Performance:
INFO (CarpetX):   total evolution time:            1.41573 sec
INFO (CarpetX):   total evolution compute time:    1.4156 sec
INFO (CarpetX):   total evolution output time:     0.000125647 sec
INFO (CarpetX):   total iterations:                63
INFO (CarpetX):   total cells updated:             258048
INFO (CarpetX):   average iterations per second: 44.5001
INFO (CarpetX):   average cell updates per second: 182272
INFO (CarpetX): Simulation time: 0.25   Iterations per second: 40.675   Simulation time per second: 0.158887
INFO (CarpetX): Grid cells: 4096   Grid cell updates per second: 166605
INFO (CarpetX): Performance:
INFO (CarpetX):   total evolution time:            1.46051 sec
INFO (CarpetX):   total evolution compute time:    1.4401 sec
INFO (CarpetX):   total evolution output time:     0.0204115 sec
INFO (CarpetX):   total iterations:                64
INFO (CarpetX):   total cells updated:             262144
INFO (CarpetX):   average iterations per second: 43.8204
INFO (CarpetX):   average cell updates per second: 179488
INFO (CarpetX): Shutting down...
AMReX (25.11) finalized
--------------------------------------------------------------------------------
Done.

real	0m1.929s
user	0m3.164s
sys	0m0.196s
+ echo Stopping:
Stopping:
+ date
Fri Aug 28 04:07:40 PM UTC 2026
+ echo Done.
Done.
  Elapsed time: 1.9 s
