/__w/canudax-tests/workspace/simulations/TestJob01_temp_2/output-0000/TEST/sim/CanudaX_BSSNMoL
Preparing:
+ set -e
+ cd output-0000-active
+ echo Checking:
Checking:
+ pwd
/__w/canudax-tests/workspace/simulations/TestJob01_temp_2/output-0000/TEST/sim/CanudaX_BSSNMoL/output-0000-active
+ hostname
44cc88b77506
+ date
Thu Apr  2 07:35:18 PM UTC 2026
+ echo Environment:
Environment:
+ export SIMULATION_ID=simulation-TestJob01_temp_2-actions-cpu-real64-actions-root-2026.04.02-19.35.18-14239
+ SIMULATION_ID=simulation-TestJob01_temp_2-actions-cpu-real64-actions-root-2026.04.02-19.35.18-14239
+ export CACTUS_NUM_PROCS=2
+ CACTUS_NUM_PROCS=2
+ export CACTUS_NUM_THREADS=1
+ CACTUS_NUM_THREADS=1
+ export CACTUS_SET_THREAD_BINDINGS=0
+ CACTUS_SET_THREAD_BINDINGS=0
+ export GLIBCXX_FORCE_NEW=1
+ GLIBCXX_FORCE_NEW=1
+ export GMON_OUT_PREFIX=gmon.out
+ GMON_OUT_PREFIX=gmon.out
+ export OMP_DISPLAY_ENV=TRUE
+ OMP_DISPLAY_ENV=TRUE
+ export OMP_MAX_TASKS=100
+ OMP_MAX_TASKS=100
+ export OMP_NUM_THREADS=1
+ OMP_NUM_THREADS=1
+ export OMP_PLACES=cores
+ OMP_PLACES=cores
+ export OMP_PROC_BIND=FALSE
+ OMP_PROC_BIND=FALSE
+ export OMP_STACKSIZE=8192
+ OMP_STACKSIZE=8192
+ env
+ sort
+ echo Starting:
Starting:
++ date +%s
+ export CACTUS_STARTTIME=1775158518
+ CACTUS_STARTTIME=1775158518
+ mpiexec -n 2 /__w/canudax-tests/workspace/simulations/TestJob01_temp_2/SIMFACTORY/exe/cactus_sim -L 3 /__w/canudax-tests/workspace/simulations/TestJob01_temp_2/output-0000/arrangements/CanudaX/CanudaX_BSSNMoL/test/gaugewave.par

OPENMP DISPLAY ENVIRONMENT BEGIN
  _OPENMP = '201511'
  [host] OMP_DYNAMIC = 'FALSE'
  [host] OMP_NESTED = 'FALSE'
  [host] OMP_NUM_THREADS = '1'
  [host] OMP_SCHEDULE = 'DYNAMIC'
  [host] OMP_PROC_BIND = 'FALSE'
  [host] OMP_PLACES = ''
  [host] OMP_STACKSIZE = '8388608'
  [host] OMP_WAIT_POLICY = 'PASSIVE'
  [host] OMP_THREAD_LIMIT = '4294967295'
  [host] OMP_MAX_ACTIVE_LEVELS = '1'
  [host] OMP_NUM_TEAMS = '0'
  [host] OMP_TEAMS_THREAD_LIMIT = '0'
  [all] OMP_CANCELLATION = 'FALSE'
  [all] OMP_DEFAULT_DEVICE = '0'
  [all] OMP_MAX_TASK_PRIORITY = '0'
  [all] OMP_DISPLAY_AFFINITY = 'FALSE'
  [host] OMP_AFFINITY_FORMAT = 'level %L thread %i affinity %A'
  [host] OMP_ALLOCATOR = 'omp_default_mem_alloc'
  [all] OMP_TARGET_OFFLOAD = 'DEFAULT'
OPENMP DISPLAY ENVIRONMENT END

OPENMP DISPLAY ENVIRONMENT BEGIN
  _OPENMP = '201511'
  [host] OMP_DYNAMIC = 'FALSE'
  [host] OMP_NESTED = 'FALSE'
  [host] OMP_NUM_THREADS = '1'
  [host] OMP_SCHEDULE = 'DYNAMIC'
  [host] OMP_PROC_BIND = 'FALSE'
  [host] OMP_PLACES = ''
  [host] OMP_STACKSIZE = '8388608'
  [host] OMP_WAIT_POLICY = 'PASSIVE'
  [host] OMP_THREAD_LIMIT = '4294967295'
  [host] OMP_MAX_ACTIVE_LEVELS = '1'
  [host] OMP_NUM_TEAMS = '0'
  [host] OMP_TEAMS_THREAD_LIMIT = '0'
  [all] OMP_CANCELLATION = 'FALSE'
  [all] OMP_DEFAULT_DEVICE = '0'
  [all] OMP_MAX_TASK_PRIORITY = '0'
  [all] OMP_DISPLAY_AFFINITY = 'FALSE'
  [host] OMP_AFFINITY_FORMAT = 'level %L thread %i affinity %A'
  [host] OMP_ALLOCATOR = 'omp_default_mem_alloc'
  [all] OMP_TARGET_OFFLOAD = 'DEFAULT'
OPENMP DISPLAY ENVIRONMENT END
INFO (Cactus): Increased logging level from 0 to 3
--------------------------------------------------------------------------------

       10                                  
  1   0101       ************************  
  01  1010 10      The Cactus Code V4.18.0    
 1010 1101 011      www.cactuscode.org     
  1001 100101    ************************  
    00010101                               
     100011     (c) Copyright The Authors  
      0100      GNU Licensed. No Warranty  
      0101                                 
--------------------------------------------------------------------------------

Cactus version:    4.18.0
Compile date:      Apr 02 2026 (19:32:21)
Run date:          Apr 02 2026 (19:35:19+0000)
Run host:          44cc88b77506 (pid=14287)
Working directory: /__w/canudax-tests/workspace/simulations/TestJob01_temp_2/output-0000/TEST/sim/CanudaX_BSSNMoL
Executable:        /__w/canudax-tests/workspace/simulations/TestJob01_temp_2/SIMFACTORY/exe/cactus_sim
Parameter file:    /__w/canudax-tests/workspace/simulations/TestJob01_temp_2/output-0000/arrangements/CanudaX/CanudaX_BSSNMoL/test/gaugewave.par
--------------------------------------------------------------------------------

Activating thorn Cactus...Success -> active implementation Cactus
Activation requested for 
--->ADMBaseX CanudaX_BSSNMoL CanudaX_ExactID CarpetX IOUtil ODESolvers TmunuBaseX<---
Thorn ADMBaseX requests automatic activation of Loop
Thorn CarpetX requests automatic activation of AMReX
Thorn CarpetX requests automatic activation of MPI
Thorn CarpetX requests automatic activation of yaml_cpp
Thorn CarpetX requests automatic activation of zlib
Thorn CarpetX requests automatic activation of Arith
Thorn CarpetX requests automatic activation of CarpetXRegrid
Thorn CarpetX requests automatic activation of ADIOS2
Thorn CarpetX requests automatic activation of openPMD
Thorn CarpetX requests automatic activation of Silo
Thorn Arith requests automatic activation of NSIMD
Thorn MPI requests automatic activation of hwloc
Thorn openPMD requests automatic activation of HDF5
Activating thorn ADIOS2...Success -> active implementation ADIOS2
Activating thorn ADMBaseX...Success -> active implementation ADMBaseX
Activating thorn AMReX...Success -> active implementation AMReX
Activating thorn Arith...Success -> active implementation Arith
Activating thorn CanudaX_BSSNMoL...Success -> active implementation CanudaX_BSSNMoL
Activating thorn CanudaX_ExactID...Success -> active implementation CanudaX_ExactID
Activating thorn CarpetX...Success -> active implementation Driver
Activating thorn CarpetXRegrid...Success -> active implementation CarpetXRegrid
Activating thorn HDF5...Success -> active implementation HDF5
Activating thorn hwloc...Success -> active implementation hwloc
Activating thorn IOUtil...Success -> active implementation IO
Activating thorn Loop...Success -> active implementation Loop
Activating thorn MPI...Success -> active implementation MPI
Activating thorn NSIMD...Success -> active implementation NSIMD
Activating thorn ODESolvers...Success -> active implementation ODESolvers
Activating thorn openPMD...Success -> active implementation openPMD
Activating thorn Silo...Success -> active implementation Silo
Activating thorn TmunuBaseX...Success -> active implementation TmunuBaseX
Activating thorn yaml_cpp...Success -> active implementation yaml_cpp
Activating thorn zlib...Success -> active implementation zlib
--------------------------------------------------------------------------------
  if (recover initial data)
    Recover parameters
  endif

  Startup routines
    [CCTK_STARTUP]
      CarpetX::Driver_Startup: Start up the driver
      IOUtil::IOUtil_Startup: Startup routine
      GROUP hwloc_startup: hwloc startup group
        hwloc::hwloc_version: Output hwloc version

  Startup routines which need an existing grid hierarchy
    [CCTK_WRAGH]
      Arith::Test_smallvector: [meta] Test small vectors
      Arith::Test_spvect: [meta] Test sparse vectors
      ODESolvers::ODESolvers_InitConstants: [global] Set up dummy loop counters for schedule printout
  Parameter checking routines
    [CCTK_PARAMCHECK]
      CanudaX_BSSNMoL::CanudaX_BSSNMoL_paramcheck: Check CanudaX_BSSNMoL parameters for consistency

  Initialisation
    if (NOT (recover initial data AND recovery_mode is 'strict'))
      [CCTK_PREREGRIDINITIAL]
      Set up grid hierarchy
      [CCTK_POSTREGRIDINITIAL]
      [CCTK_BASEGRID]
        CarpetXRegrid::CarpetXRegrid_InitError: Initialize regridding error to zero
        GROUP ODESolvers_BaseGrid: Set up constants (e.g. coordinates) everywhere on the grid
      [CCTK_INITIAL]
        GROUP TmunuBaseX_SetTmunuVars: Schedule group for setting T_munu
          TmunuBaseX::TmunuBaseX_ZeroTmunu: Set T_munu to zero
          GROUP TmunuBaseX_AddToTmunu: Add to T_munu here
        GROUP ODESolvers_Initial: Set up initial conditions on interior of state vector
          GROUP ADMBaseX_InitialData: Schedule group for calculating ADM initial data
            GROUP CanudaX_ExactIDGroup: CanudaX_ExactID group for setting up initial data
              CanudaX_ExactID::CanudaX_ExactID_GaugeWave: [local] Create gauge wave initial data
          GROUP ADMBaseX_InitialGauge: Schedule group for the ADM initial gauge condition
            ADMBaseX::ADMBaseX_initial_dtlapse: Set dtlapse to zero
            ADMBaseX::ADMBaseX_initial_dtshift: Set dtshift to zero
          GROUP ADMBaseX_PostInitial: Schedule group for modifying the ADM initial data, such as e.g. adding noise
        GROUP CanudaX_BSSNMoL_InitialGroup: CanudaX_BSSNMoL: initial bin
          CanudaX_BSSNMoL::CanudaX_BSSNMoL_adm2bssn: [local] Convert initial data into BSSN variables
          CanudaX_BSSNMoL::CanudaX_BSSNMoL_gammat: [local] Set Gammat initial data
      [CCTK_POSTINITIAL]
        GROUP ODESolvers_PostStep: Apply boundary conditions to state vector, and project if necessary
          GROUP CanudaX_BSSNMoL_PostStepGroup: CanudaX_BSSNMoL: post-step operations
            CanudaX_BSSNMoL::CanudaX_BSSNMoL_impose_conf_fac_floor: Make sure conformal factor does not drop below specified value
            CanudaX_BSSNMoL::CanudaX_BSSNMoL_reset_detmetric: reset dethh = 1
            CanudaX_BSSNMoL::CanudaX_BSSNMoL_remove_trA: Remove trace of A
            CanudaX_BSSNMoL::CanudaX_BSSNMoL_sync: [global] Sync state vector
            CanudaX_BSSNMoL::CanudaX_BSSNMoL_bssn2adm: [local] Convert variables back to the ADM ones
          GROUP ADMBaseX_SetADMRHS: Set ADM RHS variables in this group
          GROUP ADMBaseX_SetADMVars: Set ADM variables in this group
          GROUP TmunuBaseX_SetTmunuVars: Schedule group for setting T_munu
            TmunuBaseX::TmunuBaseX_ZeroTmunu: Set T_munu to zero
            GROUP TmunuBaseX_AddToTmunu: Add to T_munu here
        GROUP ODESolvers_EstimateError: Estimate discretization error (for regridding)
      Initialise finer grids recursively
      Restrict from finer grids
      [CCTK_POSTRESTRICTINITIAL]
      [CCTK_POSTPOSTINITIAL]
      [CCTK_POSTSTEP]
        GROUP ODESolvers_EstimateError: Estimate discretization error (for regridding)
    endif
    if (recover initial data)
      [CCTK_BASEGRID]
        CarpetXRegrid::CarpetXRegrid_InitError: Initialize regridding error to zero
        GROUP ODESolvers_BaseGrid: Set up constants (e.g. coordinates) everywhere on the grid
      [CCTK_RECOVER_VARIABLES]
      [CCTK_POST_RECOVER_VARIABLES]
        GROUP ODESolvers_PostStep: Apply boundary conditions to state vector, and project if necessary
          GROUP CanudaX_BSSNMoL_PostStepGroup: CanudaX_BSSNMoL: post-step operations
            CanudaX_BSSNMoL::CanudaX_BSSNMoL_impose_conf_fac_floor: Make sure conformal factor does not drop below specified value
            CanudaX_BSSNMoL::CanudaX_BSSNMoL_reset_detmetric: reset dethh = 1
            CanudaX_BSSNMoL::CanudaX_BSSNMoL_remove_trA: Remove trace of A
            CanudaX_BSSNMoL::CanudaX_BSSNMoL_sync: [global] Sync state vector
            CanudaX_BSSNMoL::CanudaX_BSSNMoL_bssn2adm: [local] Convert variables back to the ADM ones
          GROUP ADMBaseX_SetADMRHS: Set ADM RHS variables in this group
          GROUP ADMBaseX_SetADMVars: Set ADM variables in this group
          GROUP TmunuBaseX_SetTmunuVars: Schedule group for setting T_munu
            TmunuBaseX::TmunuBaseX_ZeroTmunu: Set T_munu to zero
            GROUP TmunuBaseX_AddToTmunu: Add to T_munu here
        GROUP ODESolvers_EstimateError: Estimate discretization error (for regridding)
    endif
    if (checkpoint initial data)
      [CCTK_CPINITIAL]
        CarpetX::CarpetX_CheckpointInitial: [meta] Checkpoint initial conditions
    endif
    if (analysis)
      [CCTK_ANALYSIS]
        CanudaX_BSSNMoL::CanudaX_BSSNMoL_bssn_constraints: Compute constraints
        GROUP ODESolvers_Analysis: Calculate analysis quantities everywhere
  endif
  Output grid variables

  do loop over timesteps
    [CCTK_PREREGRID]
    Change grid hierarchy
    [CCTK_POSTREGRID]
      GROUP ODESolvers_PostStep: Apply boundary conditions to state vector, and project if necessary
        GROUP CanudaX_BSSNMoL_PostStepGroup: CanudaX_BSSNMoL: post-step operations
          CanudaX_BSSNMoL::CanudaX_BSSNMoL_impose_conf_fac_floor: Make sure conformal factor does not drop below specified value
          CanudaX_BSSNMoL::CanudaX_BSSNMoL_reset_detmetric: reset dethh = 1
          CanudaX_BSSNMoL::CanudaX_BSSNMoL_remove_trA: Remove trace of A
          CanudaX_BSSNMoL::CanudaX_BSSNMoL_sync: [global] Sync state vector
          CanudaX_BSSNMoL::CanudaX_BSSNMoL_bssn2adm: [local] Convert variables back to the ADM ones
        GROUP ADMBaseX_SetADMRHS: Set ADM RHS variables in this group
        GROUP ADMBaseX_SetADMVars: Set ADM variables in this group
        GROUP TmunuBaseX_SetTmunuVars: Schedule group for setting T_munu
          TmunuBaseX::TmunuBaseX_ZeroTmunu: Set T_munu to zero
          GROUP TmunuBaseX_AddToTmunu: Add to T_munu here
    Rotate timelevels
    iteration = iteration+1
    t = t+dt
    [CCTK_PRESTEP]
    [CCTK_EVOL]
      ODESolvers::ODESolvers_Solve: [level] Solve ODEs
      while (ODESolvers::do_substeps)
        GROUP ODESolvers_CalledBySolve: Groups internally scheduled by ODESolvers_Solve
          GROUP ODESolvers_RHS: Evaluate the RHS for of state vector everywhere on the grid
            GROUP CanudaX_BSSNMoL_RHSGroup: CanudaX_BSSNMoL: calculate BSSN RHS
              CanudaX_BSSNMoL::CanudaX_BSSNMoL_calc_bssn_rhs: MoL RHS calculation
              CanudaX_BSSNMoL::CanudaX_BSSNMoL_apply_boundary_conditions: Apply radiative boundary conditions 
          GROUP ODESolvers_PostStep: Apply boundary conditions to state vector, and project if necessary
            GROUP CanudaX_BSSNMoL_PostStepGroup: CanudaX_BSSNMoL: post-step operations
              CanudaX_BSSNMoL::CanudaX_BSSNMoL_impose_conf_fac_floor: Make sure conformal factor does not drop below specified value
              CanudaX_BSSNMoL::CanudaX_BSSNMoL_reset_detmetric: reset dethh = 1
              CanudaX_BSSNMoL::CanudaX_BSSNMoL_remove_trA: Remove trace of A
              CanudaX_BSSNMoL::CanudaX_BSSNMoL_sync: [global] Sync state vector
              CanudaX_BSSNMoL::CanudaX_BSSNMoL_bssn2adm: [local] Convert variables back to the ADM ones
            GROUP ADMBaseX_SetADMRHS: Set ADM RHS variables in this group
            GROUP ADMBaseX_SetADMVars: Set ADM variables in this group
            GROUP TmunuBaseX_SetTmunuVars: Schedule group for setting T_munu
              TmunuBaseX::TmunuBaseX_ZeroTmunu: Set T_munu to zero
              GROUP TmunuBaseX_AddToTmunu: Add to T_munu here
      end while
    Evolve finer grids recursively
    Restrict from finer grids
    [CCTK_POSTRESTRICT]
      GROUP ODESolvers_PostStep: Apply boundary conditions to state vector, and project if necessary
        GROUP CanudaX_BSSNMoL_PostStepGroup: CanudaX_BSSNMoL: post-step operations
          CanudaX_BSSNMoL::CanudaX_BSSNMoL_impose_conf_fac_floor: Make sure conformal factor does not drop below specified value
          CanudaX_BSSNMoL::CanudaX_BSSNMoL_reset_detmetric: reset dethh = 1
          CanudaX_BSSNMoL::CanudaX_BSSNMoL_remove_trA: Remove trace of A
          CanudaX_BSSNMoL::CanudaX_BSSNMoL_sync: [global] Sync state vector
          CanudaX_BSSNMoL::CanudaX_BSSNMoL_bssn2adm: [local] Convert variables back to the ADM ones
        GROUP ADMBaseX_SetADMRHS: Set ADM RHS variables in this group
        GROUP ADMBaseX_SetADMVars: Set ADM variables in this group
        GROUP TmunuBaseX_SetTmunuVars: Schedule group for setting T_munu
          TmunuBaseX::TmunuBaseX_ZeroTmunu: Set T_munu to zero
          GROUP TmunuBaseX_AddToTmunu: Add to T_munu here
    [CCTK_POSTSTEP]
      GROUP ODESolvers_EstimateError: Estimate discretization error (for regridding)
    if (checkpoint)
      [CCTK_CHECKPOINT]
      CarpetX::CarpetX_Checkpoint: [meta] Checkpoint
    endif
    if (analysis)
      [CCTK_ANALYSIS]
      CanudaX_BSSNMoL::CanudaX_BSSNMoL_bssn_constraints: Compute constraints
      GROUP ODESolvers_Analysis: Calculate analysis quantities everywhere
    endif
    Output grid variables
    enddo

  Termination routines
    [CCTK_TERMINATE]
      CarpetX::CarpetX_CheckpointTerminate: [meta] Checkpoint before terminating

  Shutdown routines
    [CCTK_SHUTDOWN]
      CarpetX::Driver_Shutdown: [meta] Shut down the driver

  Routines run after changing the grid hierarchy:
    [CCTK_POSTREGRID]
      GROUP ODESolvers_PostStep: Apply boundary conditions to state vector, and project if necessary
        GROUP CanudaX_BSSNMoL_PostStepGroup: CanudaX_BSSNMoL: post-step operations
          CanudaX_BSSNMoL::CanudaX_BSSNMoL_impose_conf_fac_floor: Make sure conformal factor does not drop below specified value
          CanudaX_BSSNMoL::CanudaX_BSSNMoL_reset_detmetric: reset dethh = 1
          CanudaX_BSSNMoL::CanudaX_BSSNMoL_remove_trA: Remove trace of A
          CanudaX_BSSNMoL::CanudaX_BSSNMoL_sync: [global] Sync state vector
          CanudaX_BSSNMoL::CanudaX_BSSNMoL_bssn2adm: [local] Convert variables back to the ADM ones
        GROUP ADMBaseX_SetADMRHS: Set ADM RHS variables in this group
        GROUP ADMBaseX_SetADMVars: Set ADM variables in this group
        GROUP TmunuBaseX_SetTmunuVars: Schedule group for setting T_munu
          TmunuBaseX::TmunuBaseX_ZeroTmunu: Set T_munu to zero
          GROUP TmunuBaseX_AddToTmunu: Add to T_munu here
--------------------------------------------------------------------------------
INFO (hwloc): library version 2.10.0, API version 0x20800
--------------------------------------------------------------------------------

  [34m  ▕▏  [34m  ▕▏  [34m  ▕▏  [34m  ▕▏  [34m  ▕▏  [34m  ▕▏  [34m  ▕▏  [34m  ▕▏  [34m  ▕▏  [39m  
  [34m──██──[34m──██──[34m──██──[34m──██──[34m──██──[34m──██──[34m──██──[34m──██──[34m──██──[39m  
  [34m  ▕▏  [34m  ▕▏  [34m  ▕▏  [34m  ▕▏  [34m  ▕▏  [34m  ▕▏  [34m  ▕▏  [34m  ▕▏  [34m  ▕▏  [39m  
  [34m  ▕▏  [32m██████[34m  ▕▏  [34m  ▕▏  [32m██████[34m  ▕▏  [34m  ▕▏  [32m██████[34m  ▕▏  [39m  
  [34m──██──[32m██████[34m──██──[34m──██──[32m██████[34m──██──[34m──██──[32m██████[34m──██──[39m  
  [34m  ▕▏  [32m██████[34m  ▕▏  [34m  ▕▏  [32m██████[34m  ▕▏  [34m  ▕▏  [32m██████[34m  ▕▏  [39m  
  [34m  ▕▏  [34m  ▕▏  [34m  ▕▏  [34m  ▕▏  [34m  ▕▏  [34m  ▕▏  [34m  ▕▏  [34m  ▕▏  [34m  ▕▏  [39m  
  [34m──██──[34m──██──[34m──██──[34m──██──[34m──██──[34m──██──[34m──██──[34m──██──[34m──██──[39m  
  [34m  ▕▏  [34m  ▕▏  [34m  ▕▏  [34m  ▕▏  [34m  ▕▏  [34m  ▕▏  [34m  ▕▏  [34m  ▕▏  [34m  ▕▏  [39m  
  [34m  ▕▏  [34m  ▕▏  [34m  ▕▏  [31m██████[31m██████[31m██████[34m  ▕▏  [34m  ▕▏  [34m  ▕▏  [39m  
  [34m──██──[34m──██──[34m──██──[31m██████[31m██████[31m██████[34m──██──[34m──██──[34m──██──[39m  
  [34m  ▕▏  [34m  ▕▏  [34m  ▕▏  [31m██████[31m██████[31m██████[34m  ▕▏  [34m  ▕▏  [34m  ▕▏  [39m  
  [34m  ▕▏  [32m██████[34m  ▕▏  [31m██████[31m██████[31m██████[34m  ▕▏  [32m██████[34m  ▕▏  [39m  
  [34m──██──[32m██████[34m──██──[31m██████[31m██████[31m██████[34m──██──[32m██████[34m──██──[39m  
  [34m  ▕▏  [32m██████[34m  ▕▏  [31m██████[31m██████[31m██████[34m  ▕▏  [32m██████[34m  ▕▏  [39m  
  [34m  ▕▏  [34m  ▕▏  [34m  ▕▏  [31m██████[31m██████[31m██████[34m  ▕▏  [34m  ▕▏  [34m  ▕▏  [39m  
  [34m──██──[34m──██──[34m──██──[31m██████[31m██████[31m██████[34m──██──[34m──██──[34m──██──[39m  
  [34m  ▕▏  [34m  ▕▏  [34m  ▕▏  [31m██████[31m██████[31m██████[34m  ▕▏  [34m  ▕▏  [34m  ▕▏  [39m  
  [34m  ▕▏  [34m  ▕▏  [34m  ▕▏  [34m  ▕▏  [34m  ▕▏  [34m  ▕▏  [34m  ▕▏  [34m  ▕▏  [34m  ▕▏  [39m  
  [34m──██──[34m──██──[34m──██──[34m──██──[34m──██──[34m──██──[34m──██──[34m──██──[34m──██──[39m  
  [34m  ▕▏  [34m  ▕▏  [34m  ▕▏  [34m  ▕▏  [34m  ▕▏  [34m  ▕▏  [34m  ▕▏  [34m  ▕▏  [34m  ▕▏  [39m  
  [34m  ▕▏  [32m██████[34m  ▕▏  [34m  ▕▏  [32m██████[34m  ▕▏  [34m  ▕▏  [32m██████[34m  ▕▏  [39m  
  [34m──██──[32m██████[34m──██──[34m──██──[32m██████[34m──██──[34m──██──[32m██████[34m──██──[39m  
  [34m  ▕▏  [32m██████[34m  ▕▏  [34m  ▕▏  [32m██████[34m  ▕▏  [34m  ▕▏  [32m██████[34m  ▕▏  [39m  
  [34m  ▕▏  [34m  ▕▏  [34m  ▕▏  [34m  ▕▏  [34m  ▕▏  [34m  ▕▏  [34m  ▕▏  [34m  ▕▏  [34m  ▕▏  [39m  
  [34m──██──[34m──██──[34m──██──[34m──██──[34m──██──[34m──██──[34m──██──[34m──██──[34m──██──[39m  
  [34m  ▕▏  [34m  ▕▏  [34m  ▕▏  [34m  ▕▏  [34m  ▕▏  [34m  ▕▏  [34m  ▕▏  [34m  ▕▏  [34m  ▕▏  [39m  

AMR driver provided by CarpetX,
using AMReX 25.11 (MPI, OpenMP, no accelerators, optimized)
--------------------------------------------------------------------------------

Initializing AMReX (25.11)...
MPI initialized with 2 MPI processes
MPI initialized with thread support level 2
OMP initialized with 1 OMP threads
AMReX (25.11) initialized
INFO (CarpetX): 
Symmetries:
  lower x: periodic
  lower y: periodic
  lower z: periodic
  upper x: periodic
  upper y: periodic
  upper z: periodic
Default boundaries:
  lower x: symmetry_boundary
  lower y: symmetry_boundary
  lower z: symmetry_boundary
  upper x: symmetry_boundary
  upper y: symmetry_boundary
  upper z: symmetry_boundary
INFO (Arith): Test_smallvector
INFO (Arith): Test_spvect
INFO (CarpetX): Setting initial values for max_grid_size values for all levels
INFO (CarpetX): Setting up initial conditions...
INFO (CarpetX): Iteration: 0   time: 0   delta_time: 0.00390625
INFO (CarpetX): Patch 0:
INFO (CarpetX):   Grid extent:
INFO (CarpetX):     gsh=[71,15,15]
INFO (CarpetX):     blocking_factor=[8,8,8]
INFO (CarpetX):     max_grid_size=[10000000,10000000,10000000]
INFO (CarpetX):     max_tile_size=[1024000,16,32]
INFO (CarpetX):   Domain extent:
INFO (CarpetX):     xmin=[-0.5,-0.0625,-0.0625]
INFO (CarpetX):     xmax=[0.5,0.0625,0.0625]
INFO (CarpetX):     base dx=[0.015625,0.015625,0.015625]
INFO (CarpetX): Initializing level 0...
INFO (CanudaX_ExactID): Begin Gauge Wave initial data
INFO (CanudaX_ExactID): === End gauge wave initial data ===
INFO (CarpetX): Regridding...
INFO (CarpetX):   level 0: 2 boxes, 4096 cells (100%)
INFO (CarpetX): Initialized 1 levels
INFO (CarpetX): OutputGH: iteration 0, time 0.000000, run time 1 s
INFO (CarpetX): OutputGH done.
INFO (CarpetX): Starting evolution...
INFO (ODESolvers): ODE integrator is RK4
INFO (CarpetX): OutputGH: iteration 1, time 0.003906, run time 1 s
INFO (CarpetX): OutputGH done.
INFO (CarpetX): Simulation time: 0.00390625   Iterations per second: 37.823   Simulation time per second: 0.147746
INFO (CarpetX): Grid cells: 4096   Grid cell updates per second: 154923
INFO (CarpetX): Performance:
INFO (CarpetX):   total evolution time:            0.026439 sec
INFO (CarpetX):   total evolution compute time:    0.0264149 sec
INFO (CarpetX):   total evolution output time:     2.40803e-05 sec
INFO (CarpetX):   total iterations:                1
INFO (CarpetX):   total cells updated:             4096
INFO (CarpetX):   average iterations per second: 37.823
INFO (CarpetX):   average cell updates per second: 154923
INFO (CarpetX): OutputGH: iteration 2, time 0.007812, run time 1 s
INFO (CarpetX): OutputGH done.
INFO (CarpetX): Simulation time: 0.0078125   Iterations per second: 39.3802   Simulation time per second: 0.153829
INFO (CarpetX): Grid cells: 4096   Grid cell updates per second: 161301
INFO (CarpetX): Performance:
INFO (CarpetX):   total evolution time:            0.050787 sec
INFO (CarpetX):   total evolution compute time:    0.0507369 sec
INFO (CarpetX):   total evolution output time:     5.00679e-05 sec
INFO (CarpetX):   total iterations:                2
INFO (CarpetX):   total cells updated:             8192
INFO (CarpetX):   average iterations per second: 39.3802
INFO (CarpetX):   average cell updates per second: 161301
INFO (CarpetX): OutputGH: iteration 3, time 0.011719, run time 1 s
INFO (CarpetX): OutputGH done.
INFO (CarpetX): Simulation time: 0.0117188   Iterations per second: 39.9127   Simulation time per second: 0.155909
INFO (CarpetX): Grid cells: 4096   Grid cell updates per second: 163482
INFO (CarpetX): Performance:
INFO (CarpetX):   total evolution time:            0.0751641 sec
INFO (CarpetX):   total evolution compute time:    0.0750861 sec
INFO (CarpetX):   total evolution output time:     7.79629e-05 sec
INFO (CarpetX):   total iterations:                3
INFO (CarpetX):   total cells updated:             12288
INFO (CarpetX):   average iterations per second: 39.9127
INFO (CarpetX):   average cell updates per second: 163482
INFO (CarpetX): OutputGH: iteration 4, time 0.015625, run time 1 s
INFO (CarpetX): OutputGH done.
INFO (CarpetX): Simulation time: 0.015625   Iterations per second: 40.29   Simulation time per second: 0.157383
INFO (CarpetX): Grid cells: 4096   Grid cell updates per second: 165028
INFO (CarpetX): Performance:
INFO (CarpetX):   total evolution time:            0.0992801 sec
INFO (CarpetX):   total evolution compute time:    0.0991833 sec
INFO (CarpetX):   total evolution output time:     9.67979e-05 sec
INFO (CarpetX):   total iterations:                4
INFO (CarpetX):   total cells updated:             16384
INFO (CarpetX):   average iterations per second: 40.29
INFO (CarpetX):   average cell updates per second: 165028
INFO (CarpetX): OutputGH: iteration 5, time 0.019531, run time 1 s
INFO (CarpetX): OutputGH done.
INFO (CarpetX): Simulation time: 0.0195312   Iterations per second: 40.537   Simulation time per second: 0.158348
INFO (CarpetX): Grid cells: 4096   Grid cell updates per second: 166039
INFO (CarpetX): Performance:
INFO (CarpetX):   total evolution time:            0.123344 sec
INFO (CarpetX):   total evolution compute time:    0.12323 sec
INFO (CarpetX):   total evolution output time:     0.000113726 sec
INFO (CarpetX):   total iterations:                5
INFO (CarpetX):   total cells updated:             20480
INFO (CarpetX):   average iterations per second: 40.537
INFO (CarpetX):   average cell updates per second: 166039
INFO (CarpetX): OutputGH: iteration 6, time 0.023438, run time 1 s
INFO (CarpetX): OutputGH done.
INFO (CarpetX): Simulation time: 0.0234375   Iterations per second: 40.7362   Simulation time per second: 0.159126
INFO (CarpetX): Grid cells: 4096   Grid cell updates per second: 166856
INFO (CarpetX): Performance:
INFO (CarpetX):   total evolution time:            0.147289 sec
INFO (CarpetX):   total evolution compute time:    0.147153 sec
INFO (CarpetX):   total evolution output time:     0.00013566 sec
INFO (CarpetX):   total iterations:                6
INFO (CarpetX):   total cells updated:             24576
INFO (CarpetX):   average iterations per second: 40.7362
INFO (CarpetX):   average cell updates per second: 166856
INFO (CarpetX): OutputGH: iteration 7, time 0.027344, run time 1 s
INFO (CarpetX): OutputGH done.
INFO (CarpetX): Simulation time: 0.0273438   Iterations per second: 40.8568   Simulation time per second: 0.159597
INFO (CarpetX): Grid cells: 4096   Grid cell updates per second: 167350
INFO (CarpetX): Performance:
INFO (CarpetX):   total evolution time:            0.17133 sec
INFO (CarpetX):   total evolution compute time:    0.17117 sec
INFO (CarpetX):   total evolution output time:     0.00015974 sec
INFO (CarpetX):   total iterations:                7
INFO (CarpetX):   total cells updated:             28672
INFO (CarpetX):   average iterations per second: 40.8568
INFO (CarpetX):   average cell updates per second: 167350
INFO (CarpetX): OutputGH: iteration 8, time 0.031250, run time 1 s
INFO (CarpetX): OutputGH done.
INFO (CarpetX): Simulation time: 0.03125   Iterations per second: 40.9658   Simulation time per second: 0.160022
INFO (CarpetX): Grid cells: 4096   Grid cell updates per second: 167796
INFO (CarpetX): Performance:
INFO (CarpetX):   total evolution time:            0.195285 sec
INFO (CarpetX):   total evolution compute time:    0.195105 sec
INFO (CarpetX):   total evolution output time:     0.000179768 sec
INFO (CarpetX):   total iterations:                8
INFO (CarpetX):   total cells updated:             32768
INFO (CarpetX):   average iterations per second: 40.9658
INFO (CarpetX):   average cell updates per second: 167796
INFO (CarpetX): OutputGH: iteration 9, time 0.035156, run time 1 s
INFO (CarpetX): OutputGH done.
INFO (CarpetX): Simulation time: 0.0351562   Iterations per second: 40.9827   Simulation time per second: 0.160089
INFO (CarpetX): Grid cells: 4096   Grid cell updates per second: 167865
INFO (CarpetX): Performance:
INFO (CarpetX):   total evolution time:            0.219605 sec
INFO (CarpetX):   total evolution compute time:    0.219395 sec
INFO (CarpetX):   total evolution output time:     0.000209808 sec
INFO (CarpetX):   total iterations:                9
INFO (CarpetX):   total cells updated:             36864
INFO (CarpetX):   average iterations per second: 40.9827
INFO (CarpetX):   average cell updates per second: 167865
INFO (CarpetX): OutputGH: iteration 10, time 0.039062, run time 1 s
INFO (CarpetX): OutputGH done.
INFO (CarpetX): Simulation time: 0.0390625   Iterations per second: 40.9492   Simulation time per second: 0.159958
INFO (CarpetX): Grid cells: 4096   Grid cell updates per second: 167728
INFO (CarpetX): Performance:
INFO (CarpetX):   total evolution time:            0.244205 sec
INFO (CarpetX):   total evolution compute time:    0.243945 sec
INFO (CarpetX):   total evolution output time:     0.000259876 sec
INFO (CarpetX):   total iterations:                10
INFO (CarpetX):   total cells updated:             40960
INFO (CarpetX):   average iterations per second: 40.9492
INFO (CarpetX):   average cell updates per second: 167728
INFO (CarpetX): OutputGH: iteration 11, time 0.042969, run time 1 s
INFO (CarpetX): OutputGH done.
INFO (CarpetX): Simulation time: 0.0429688   Iterations per second: 40.9629   Simulation time per second: 0.160011
INFO (CarpetX): Grid cells: 4096   Grid cell updates per second: 167784
INFO (CarpetX): Performance:
INFO (CarpetX):   total evolution time:            0.268544 sec
INFO (CarpetX):   total evolution compute time:    0.268257 sec
INFO (CarpetX):   total evolution output time:     0.000286818 sec
INFO (CarpetX):   total iterations:                11
INFO (CarpetX):   total cells updated:             45056
INFO (CarpetX):   average iterations per second: 40.9616
INFO (CarpetX):   average cell updates per second: 167779
INFO (CarpetX): OutputGH: iteration 12, time 0.046875, run time 1 s
INFO (CarpetX): OutputGH done.
INFO (CarpetX): Simulation time: 0.046875   Iterations per second: 40.9313   Simulation time per second: 0.159888
INFO (CarpetX): Grid cells: 4096   Grid cell updates per second: 167654
INFO (CarpetX): Performance:
INFO (CarpetX):   total evolution time:            0.293145 sec
INFO (CarpetX):   total evolution compute time:    0.292833 sec
INFO (CarpetX):   total evolution output time:     0.000311852 sec
INFO (CarpetX):   total iterations:                12
INFO (CarpetX):   total cells updated:             49152
INFO (CarpetX):   average iterations per second: 40.9354
INFO (CarpetX):   average cell updates per second: 167671
INFO (CarpetX): OutputGH: iteration 13, time 0.050781, run time 1 s
INFO (CarpetX): OutputGH done.
INFO (CarpetX): Simulation time: 0.0507812   Iterations per second: 40.9528   Simulation time per second: 0.159972
INFO (CarpetX): Grid cells: 4096   Grid cell updates per second: 167742
INFO (CarpetX): Performance:
INFO (CarpetX):   total evolution time:            0.317448 sec
INFO (CarpetX):   total evolution compute time:    0.317112 sec
INFO (CarpetX):   total evolution output time:     0.000335693 sec
INFO (CarpetX):   total iterations:                13
INFO (CarpetX):   total cells updated:             53248
INFO (CarpetX):   average iterations per second: 40.9516
INFO (CarpetX):   average cell updates per second: 167738
INFO (CarpetX): OutputGH: iteration 14, time 0.054688, run time 1 s
INFO (CarpetX): OutputGH done.
INFO (CarpetX): Simulation time: 0.0546875   Iterations per second: 40.995   Simulation time per second: 0.160137
INFO (CarpetX): Grid cells: 4096   Grid cell updates per second: 167915
INFO (CarpetX): Performance:
INFO (CarpetX):   total evolution time:            0.341615 sec
INFO (CarpetX):   total evolution compute time:    0.341251 sec
INFO (CarpetX):   total evolution output time:     0.000363827 sec
INFO (CarpetX):   total iterations:                14
INFO (CarpetX):   total cells updated:             57344
INFO (CarpetX):   average iterations per second: 40.9818
INFO (CarpetX):   average cell updates per second: 167862
INFO (CarpetX): OutputGH: iteration 15, time 0.058594, run time 1 s
INFO (CarpetX): OutputGH done.
INFO (CarpetX): Simulation time: 0.0585938   Iterations per second: 41.062   Simulation time per second: 0.160399
INFO (CarpetX): Grid cells: 4096   Grid cell updates per second: 168190
INFO (CarpetX): Performance:
INFO (CarpetX):   total evolution time:            0.36561 sec
INFO (CarpetX):   total evolution compute time:    0.36522 sec
INFO (CarpetX):   total evolution output time:     0.000389814 sec
INFO (CarpetX):   total iterations:                15
INFO (CarpetX):   total cells updated:             61440
INFO (CarpetX):   average iterations per second: 41.0274
INFO (CarpetX):   average cell updates per second: 168048
INFO (CarpetX): OutputGH: iteration 16, time 0.062500, run time 1 s
INFO (CarpetX): OutputGH done.
INFO (CarpetX): Simulation time: 0.0625   Iterations per second: 41.1062   Simulation time per second: 0.160571
INFO (CarpetX): Grid cells: 4096   Grid cell updates per second: 168371
INFO (CarpetX): Performance:
INFO (CarpetX):   total evolution time:            0.389702 sec
INFO (CarpetX):   total evolution compute time:    0.38929 sec
INFO (CarpetX):   total evolution output time:     0.000411987 sec
INFO (CarpetX):   total iterations:                16
INFO (CarpetX):   total cells updated:             65536
INFO (CarpetX):   average iterations per second: 41.0571
INFO (CarpetX):   average cell updates per second: 168170
INFO (CarpetX): OutputGH: iteration 17, time 0.066406, run time 1 s
INFO (CarpetX): OutputGH done.
INFO (CarpetX): Simulation time: 0.0664062   Iterations per second: 41.1671   Simulation time per second: 0.160809
INFO (CarpetX): Grid cells: 4096   Grid cell updates per second: 168621
INFO (CarpetX): Performance:
INFO (CarpetX):   total evolution time:            0.413669 sec
INFO (CarpetX):   total evolution compute time:    0.413237 sec
INFO (CarpetX):   total evolution output time:     0.000432014 sec
INFO (CarpetX):   total iterations:                17
INFO (CarpetX):   total cells updated:             69632
INFO (CarpetX):   average iterations per second: 41.0957
INFO (CarpetX):   average cell updates per second: 168328
INFO (CarpetX): OutputGH: iteration 18, time 0.070312, run time 1 s
INFO (CarpetX): OutputGH done.
INFO (CarpetX): Simulation time: 0.0703125   Iterations per second: 41.2203   Simulation time per second: 0.161017
INFO (CarpetX): Grid cells: 4096   Grid cell updates per second: 168838
INFO (CarpetX): Performance:
INFO (CarpetX):   total evolution time:            0.437647 sec
INFO (CarpetX):   total evolution compute time:    0.437192 sec
INFO (CarpetX):   total evolution output time:     0.000454903 sec
INFO (CarpetX):   total iterations:                18
INFO (CarpetX):   total cells updated:             73728
INFO (CarpetX):   average iterations per second: 41.1291
INFO (CarpetX):   average cell updates per second: 168465
INFO (CarpetX): OutputGH: iteration 19, time 0.074219, run time 1 s
INFO (CarpetX): OutputGH done.
INFO (CarpetX): Simulation time: 0.0742188   Iterations per second: 41.2755   Simulation time per second: 0.161233
INFO (CarpetX): Grid cells: 4096   Grid cell updates per second: 169065
INFO (CarpetX): Performance:
INFO (CarpetX):   total evolution time:            0.461582 sec
INFO (CarpetX):   total evolution compute time:    0.4611 sec
INFO (CarpetX):   total evolution output time:     0.000481844 sec
INFO (CarpetX):   total iterations:                19
INFO (CarpetX):   total cells updated:             77824
INFO (CarpetX):   average iterations per second: 41.1628
INFO (CarpetX):   average cell updates per second: 168603
INFO (CarpetX): OutputGH: iteration 20, time 0.078125, run time 1 s
INFO (CarpetX): OutputGH done.
INFO (CarpetX): Simulation time: 0.078125   Iterations per second: 41.3413   Simulation time per second: 0.161489
INFO (CarpetX): Grid cells: 4096   Grid cell updates per second: 169334
INFO (CarpetX): Performance:
INFO (CarpetX):   total evolution time:            0.485424 sec
INFO (CarpetX):   total evolution compute time:    0.484921 sec
INFO (CarpetX):   total evolution output time:     0.000502825 sec
INFO (CarpetX):   total iterations:                20
INFO (CarpetX):   total cells updated:             81920
INFO (CarpetX):   average iterations per second: 41.2011
INFO (CarpetX):   average cell updates per second: 168760
INFO (CarpetX): OutputGH: iteration 21, time 0.082031, run time 1 s
INFO (CarpetX): OutputGH done.
INFO (CarpetX): Simulation time: 0.0820312   Iterations per second: 41.3791   Simulation time per second: 0.161637
INFO (CarpetX): Grid cells: 4096   Grid cell updates per second: 169489
INFO (CarpetX): Performance:
INFO (CarpetX):   total evolution time:            0.509392 sec
INFO (CarpetX):   total evolution compute time:    0.508864 sec
INFO (CarpetX):   total evolution output time:     0.000527859 sec
INFO (CarpetX):   total iterations:                21
INFO (CarpetX):   total cells updated:             86016
INFO (CarpetX):   average iterations per second: 41.2256
INFO (CarpetX):   average cell updates per second: 168860
INFO (CarpetX): OutputGH: iteration 22, time 0.085938, run time 1 s
INFO (CarpetX): OutputGH done.
INFO (CarpetX): Simulation time: 0.0859375   Iterations per second: 41.4186   Simulation time per second: 0.161792
INFO (CarpetX): Grid cells: 4096   Grid cell updates per second: 169651
INFO (CarpetX): Performance:
INFO (CarpetX):   total evolution time:            0.533328 sec
INFO (CarpetX):   total evolution compute time:    0.532776 sec
INFO (CarpetX):   total evolution output time:     0.000551701 sec
INFO (CarpetX):   total iterations:                22
INFO (CarpetX):   total cells updated:             90112
INFO (CarpetX):   average iterations per second: 41.2504
INFO (CarpetX):   average cell updates per second: 168962
INFO (CarpetX): OutputGH: iteration 23, time 0.089844, run time 1 s
INFO (CarpetX): OutputGH done.
INFO (CarpetX): Simulation time: 0.0898438   Iterations per second: 41.4188   Simulation time per second: 0.161792
INFO (CarpetX): Grid cells: 4096   Grid cell updates per second: 169651
INFO (CarpetX): Performance:
INFO (CarpetX):   total evolution time:            0.557471 sec
INFO (CarpetX):   total evolution compute time:    0.556895 sec
INFO (CarpetX):   total evolution output time:     0.000575781 sec
INFO (CarpetX):   total iterations:                23
INFO (CarpetX):   total cells updated:             94208
INFO (CarpetX):   average iterations per second: 41.2578
INFO (CarpetX):   average cell updates per second: 168992
INFO (CarpetX): OutputGH: iteration 24, time 0.093750, run time 1 s
INFO (CarpetX): OutputGH done.
INFO (CarpetX): Simulation time: 0.09375   Iterations per second: 41.4866   Simulation time per second: 0.162057
INFO (CarpetX): Grid cells: 4096   Grid cell updates per second: 169929
INFO (CarpetX): Performance:
INFO (CarpetX):   total evolution time:            0.58122 sec
INFO (CarpetX):   total evolution compute time:    0.580624 sec
INFO (CarpetX):   total evolution output time:     0.000595808 sec
INFO (CarpetX):   total iterations:                24
INFO (CarpetX):   total cells updated:             98304
INFO (CarpetX):   average iterations per second: 41.2925
INFO (CarpetX):   average cell updates per second: 169134
INFO (CarpetX): OutputGH: iteration 25, time 0.097656, run time 1 s
INFO (CarpetX): OutputGH done.
INFO (CarpetX): Simulation time: 0.0976562   Iterations per second: 41.5297   Simulation time per second: 0.162225
INFO (CarpetX): Grid cells: 4096   Grid cell updates per second: 170106
INFO (CarpetX): Performance:
INFO (CarpetX):   total evolution time:            0.605074 sec
INFO (CarpetX):   total evolution compute time:    0.604453 sec
INFO (CarpetX):   total evolution output time:     0.000620842 sec
INFO (CarpetX):   total iterations:                25
INFO (CarpetX):   total cells updated:             102400
INFO (CarpetX):   average iterations per second: 41.3173
INFO (CarpetX):   average cell updates per second: 169236
INFO (CarpetX): OutputGH: iteration 26, time 0.101562, run time 1 s
INFO (CarpetX): OutputGH done.
INFO (CarpetX): Simulation time: 0.101562   Iterations per second: 41.586   Simulation time per second: 0.162445
INFO (CarpetX): Grid cells: 4096   Grid cell updates per second: 170336
INFO (CarpetX): Performance:
INFO (CarpetX):   total evolution time:            0.628827 sec
INFO (CarpetX):   total evolution compute time:    0.628184 sec
INFO (CarpetX):   total evolution output time:     0.000642776 sec
INFO (CarpetX):   total iterations:                26
INFO (CarpetX):   total cells updated:             106496
INFO (CarpetX):   average iterations per second: 41.3468
INFO (CarpetX):   average cell updates per second: 169357
INFO (CarpetX): OutputGH: iteration 27, time 0.105469, run time 1 s
INFO (CarpetX): OutputGH done.
INFO (CarpetX): Simulation time: 0.105469   Iterations per second: 41.6446   Simulation time per second: 0.162674
INFO (CarpetX): Grid cells: 4096   Grid cell updates per second: 170576
INFO (CarpetX): Performance:
INFO (CarpetX):   total evolution time:            0.652535 sec
INFO (CarpetX):   total evolution compute time:    0.651872 sec
INFO (CarpetX):   total evolution output time:     0.000662804 sec
INFO (CarpetX):   total iterations:                27
INFO (CarpetX):   total cells updated:             110592
INFO (CarpetX):   average iterations per second: 41.3771
INFO (CarpetX):   average cell updates per second: 169481
INFO (CarpetX): OutputGH: iteration 28, time 0.109375, run time 1 s
INFO (CarpetX): OutputGH done.
INFO (CarpetX): Simulation time: 0.109375   Iterations per second: 41.6899   Simulation time per second: 0.162851
INFO (CarpetX): Grid cells: 4096   Grid cell updates per second: 170762
INFO (CarpetX): Performance:
INFO (CarpetX):   total evolution time:            0.676287 sec
INFO (CarpetX):   total evolution compute time:    0.675601 sec
INFO (CarpetX):   total evolution output time:     0.00068593 sec
INFO (CarpetX):   total iterations:                28
INFO (CarpetX):   total cells updated:             114688
INFO (CarpetX):   average iterations per second: 41.4026
INFO (CarpetX):   average cell updates per second: 169585
INFO (CarpetX): OutputGH: iteration 29, time 0.113281, run time 1 s
INFO (CarpetX): OutputGH done.
INFO (CarpetX): Simulation time: 0.113281   Iterations per second: 41.7287   Simulation time per second: 0.163003
INFO (CarpetX): Grid cells: 4096   Grid cell updates per second: 170921
INFO (CarpetX): Performance:
INFO (CarpetX):   total evolution time:            0.700051 sec
INFO (CarpetX):   total evolution compute time:    0.699345 sec
INFO (CarpetX):   total evolution output time:     0.000705957 sec
INFO (CarpetX):   total iterations:                29
INFO (CarpetX):   total cells updated:             118784
INFO (CarpetX):   average iterations per second: 41.4256
INFO (CarpetX):   average cell updates per second: 169679
INFO (CarpetX): OutputGH: iteration 30, time 0.117188, run time 1 s
INFO (CarpetX): OutputGH done.
INFO (CarpetX): Simulation time: 0.117188   Iterations per second: 41.7291   Simulation time per second: 0.163004
INFO (CarpetX): Grid cells: 4096   Grid cell updates per second: 170922
INFO (CarpetX): Performance:
INFO (CarpetX):   total evolution time:            0.724013 sec
INFO (CarpetX):   total evolution compute time:    0.723284 sec
INFO (CarpetX):   total evolution output time:     0.000729084 sec
INFO (CarpetX):   total iterations:                30
INFO (CarpetX):   total cells updated:             122880
INFO (CarpetX):   average iterations per second: 41.4357
INFO (CarpetX):   average cell updates per second: 169721
INFO (CarpetX): OutputGH: iteration 31, time 0.121094, run time 1 s
INFO (CarpetX): OutputGH done.
INFO (CarpetX): Simulation time: 0.121094   Iterations per second: 41.7286   Simulation time per second: 0.163002
INFO (CarpetX): Grid cells: 4096   Grid cell updates per second: 170920
INFO (CarpetX): Performance:
INFO (CarpetX):   total evolution time:            0.74798 sec
INFO (CarpetX):   total evolution compute time:    0.747231 sec
INFO (CarpetX):   total evolution output time:     0.000748158 sec
INFO (CarpetX):   total iterations:                31
INFO (CarpetX):   total cells updated:             126976
INFO (CarpetX):   average iterations per second: 41.445
INFO (CarpetX):   average cell updates per second: 169759
INFO (CarpetX): OutputGH: iteration 32, time 0.125000, run time 1 s
INFO (CarpetX): OutputGH done.
INFO (CarpetX): Simulation time: 0.125   Iterations per second: 41.7363   Simulation time per second: 0.163032
INFO (CarpetX): Grid cells: 4096   Grid cell updates per second: 170952
INFO (CarpetX): Performance:
INFO (CarpetX):   total evolution time:            0.7719 sec
INFO (CarpetX):   total evolution compute time:    0.771129 sec
INFO (CarpetX):   total evolution output time:     0.000771046 sec
INFO (CarpetX):   total iterations:                32
INFO (CarpetX):   total cells updated:             131072
INFO (CarpetX):   average iterations per second: 41.4562
INFO (CarpetX):   average cell updates per second: 169804
INFO (CarpetX): OutputGH: iteration 33, time 0.128906, run time 1 s
INFO (CarpetX): OutputGH done.
INFO (CarpetX): Simulation time: 0.128906   Iterations per second: 41.7476   Simulation time per second: 0.163077
INFO (CarpetX): Grid cells: 4096   Grid cell updates per second: 170998
INFO (CarpetX): Performance:
INFO (CarpetX):   total evolution time:            0.795795 sec
INFO (CarpetX):   total evolution compute time:    0.795002 sec
INFO (CarpetX):   total evolution output time:     0.00079298 sec
INFO (CarpetX):   total iterations:                33
INFO (CarpetX):   total cells updated:             135168
INFO (CarpetX):   average iterations per second: 41.468
INFO (CarpetX):   average cell updates per second: 169853
INFO (CarpetX): OutputGH: iteration 34, time 0.132812, run time 1 s
INFO (CarpetX): OutputGH done.
INFO (CarpetX): Simulation time: 0.132812   Iterations per second: 41.7622   Simulation time per second: 0.163133
INFO (CarpetX): Grid cells: 4096   Grid cell updates per second: 171058
INFO (CarpetX): Performance:
INFO (CarpetX):   total evolution time:            0.819665 sec
INFO (CarpetX):   total evolution compute time:    0.818849 sec
INFO (CarpetX):   total evolution output time:     0.000816107 sec
INFO (CarpetX):   total iterations:                34
INFO (CarpetX):   total cells updated:             139264
INFO (CarpetX):   average iterations per second: 41.4804
INFO (CarpetX):   average cell updates per second: 169904
INFO (CarpetX): OutputGH: iteration 35, time 0.136719, run time 1 s
INFO (CarpetX): OutputGH done.
INFO (CarpetX): Simulation time: 0.136719   Iterations per second: 41.7817   Simulation time per second: 0.16321
INFO (CarpetX): Grid cells: 4096   Grid cell updates per second: 171138
INFO (CarpetX): Performance:
INFO (CarpetX):   total evolution time:            0.843498 sec
INFO (CarpetX):   total evolution compute time:    0.842663 sec
INFO (CarpetX):   total evolution output time:     0.000834942 sec
INFO (CarpetX):   total iterations:                35
INFO (CarpetX):   total cells updated:             143360
INFO (CarpetX):   average iterations per second: 41.4939
INFO (CarpetX):   average cell updates per second: 169959
INFO (CarpetX): OutputGH: iteration 36, time 0.140625, run time 1 s
INFO (CarpetX): OutputGH done.
INFO (CarpetX): Simulation time: 0.140625   Iterations per second: 41.7766   Simulation time per second: 0.16319
INFO (CarpetX): Grid cells: 4096   Grid cell updates per second: 171117
INFO (CarpetX): Performance:
INFO (CarpetX):   total evolution time:            0.867461 sec
INFO (CarpetX):   total evolution compute time:    0.866602 sec
INFO (CarpetX):   total evolution output time:     0.000859022 sec
INFO (CarpetX):   total iterations:                36
INFO (CarpetX):   total cells updated:             147456
INFO (CarpetX):   average iterations per second: 41.5004
INFO (CarpetX):   average cell updates per second: 169986
INFO (CarpetX): OutputGH: iteration 37, time 0.144531, run time 1 s
INFO (CarpetX): OutputGH done.
INFO (CarpetX): Simulation time: 0.144531   Iterations per second: 41.801   Simulation time per second: 0.163285
INFO (CarpetX): Grid cells: 4096   Grid cell updates per second: 171217
INFO (CarpetX): Performance:
INFO (CarpetX):   total evolution time:            0.891258 sec
INFO (CarpetX):   total evolution compute time:    0.89038 sec
INFO (CarpetX):   total evolution output time:     0.000878096 sec
INFO (CarpetX):   total iterations:                37
INFO (CarpetX):   total cells updated:             151552
INFO (CarpetX):   average iterations per second: 41.5144
INFO (CarpetX):   average cell updates per second: 170043
INFO (CarpetX): OutputGH: iteration 38, time 0.148438, run time 1 s
INFO (CarpetX): OutputGH done.
INFO (CarpetX): Simulation time: 0.148438   Iterations per second: 41.8171   Simulation time per second: 0.163348
INFO (CarpetX): Grid cells: 4096   Grid cell updates per second: 171283
INFO (CarpetX): Performance:
INFO (CarpetX):   total evolution time:            0.915089 sec
INFO (CarpetX):   total evolution compute time:    0.91419 sec
INFO (CarpetX):   total evolution output time:     0.000899076 sec
INFO (CarpetX):   total iterations:                38
INFO (CarpetX):   total cells updated:             155648
INFO (CarpetX):   average iterations per second: 41.526
INFO (CarpetX):   average cell updates per second: 170091
INFO (CarpetX): OutputGH: iteration 39, time 0.152344, run time 1 s
INFO (CarpetX): OutputGH done.
INFO (CarpetX): Simulation time: 0.152344   Iterations per second: 41.8251   Simulation time per second: 0.163379
INFO (CarpetX): Grid cells: 4096   Grid cell updates per second: 171316
INFO (CarpetX): Performance:
INFO (CarpetX):   total evolution time:            0.938956 sec
INFO (CarpetX):   total evolution compute time:    0.938029 sec
INFO (CarpetX):   total evolution output time:     0.00092721 sec
INFO (CarpetX):   total iterations:                39
INFO (CarpetX):   total cells updated:             159744
INFO (CarpetX):   average iterations per second: 41.5355
INFO (CarpetX):   average cell updates per second: 170129
INFO (CarpetX): OutputGH: iteration 40, time 0.156250, run time 2 s
INFO (CarpetX): OutputGH done.
INFO (CarpetX): Simulation time: 0.15625   Iterations per second: 41.8035   Simulation time per second: 0.163295
INFO (CarpetX): Grid cells: 4096   Grid cell updates per second: 171227
INFO (CarpetX): Performance:
INFO (CarpetX):   total evolution time:            0.96299 sec
INFO (CarpetX):   total evolution compute time:    0.962034 sec
INFO (CarpetX):   total evolution output time:     0.000955343 sec
INFO (CarpetX):   total iterations:                40
INFO (CarpetX):   total cells updated:             163840
INFO (CarpetX):   average iterations per second: 41.5373
INFO (CarpetX):   average cell updates per second: 170137
INFO (CarpetX): OutputGH: iteration 41, time 0.160156, run time 2 s
INFO (CarpetX): OutputGH done.
INFO (CarpetX): Simulation time: 0.160156   Iterations per second: 41.7838   Simulation time per second: 0.163218
INFO (CarpetX): Grid cells: 4096   Grid cell updates per second: 171146
INFO (CarpetX): Performance:
INFO (CarpetX):   total evolution time:            0.987024 sec
INFO (CarpetX):   total evolution compute time:    0.986043 sec
INFO (CarpetX):   total evolution output time:     0.000980377 sec
INFO (CarpetX):   total iterations:                41
INFO (CarpetX):   total cells updated:             167936
INFO (CarpetX):   average iterations per second: 41.539
INFO (CarpetX):   average cell updates per second: 170144
INFO (CarpetX): OutputGH: iteration 42, time 0.164062, run time 2 s
INFO (CarpetX): OutputGH done.
INFO (CarpetX): Simulation time: 0.164062   Iterations per second: 41.7801   Simulation time per second: 0.163203
INFO (CarpetX): Grid cells: 4096   Grid cell updates per second: 171131
INFO (CarpetX): Performance:
INFO (CarpetX):   total evolution time:            1.01098 sec
INFO (CarpetX):   total evolution compute time:    1.00997 sec
INFO (CarpetX):   total evolution output time:     0.00100756 sec
INFO (CarpetX):   total iterations:                42
INFO (CarpetX):   total cells updated:             172032
INFO (CarpetX):   average iterations per second: 41.544
INFO (CarpetX):   average cell updates per second: 170164
INFO (CarpetX): OutputGH: iteration 43, time 0.167969, run time 2 s
INFO (CarpetX): OutputGH done.
INFO (CarpetX): Simulation time: 0.167969   Iterations per second: 41.7011   Simulation time per second: 0.162895
INFO (CarpetX): Grid cells: 4096   Grid cell updates per second: 170808
INFO (CarpetX): Performance:
INFO (CarpetX):   total evolution time:            1.03537 sec
INFO (CarpetX):   total evolution compute time:    1.03433 sec
INFO (CarpetX):   total evolution output time:     0.00103354 sec
INFO (CarpetX):   total iterations:                43
INFO (CarpetX):   total cells updated:             176128
INFO (CarpetX):   average iterations per second: 41.5312
INFO (CarpetX):   average cell updates per second: 170112
INFO (CarpetX): OutputGH: iteration 44, time 0.171875, run time 2 s
INFO (CarpetX): OutputGH done.
INFO (CarpetX): Simulation time: 0.171875   Iterations per second: 41.6916   Simulation time per second: 0.162858
INFO (CarpetX): Grid cells: 4096   Grid cell updates per second: 170769
INFO (CarpetX): Performance:
INFO (CarpetX):   total evolution time:            1.0594 sec
INFO (CarpetX):   total evolution compute time:    1.05835 sec
INFO (CarpetX):   total evolution output time:     0.00105548 sec
INFO (CarpetX):   total iterations:                44
INFO (CarpetX):   total cells updated:             180224
INFO (CarpetX):   average iterations per second: 41.5329
INFO (CarpetX):   average cell updates per second: 170119
INFO (CarpetX): OutputGH: iteration 45, time 0.175781, run time 2 s
INFO (CarpetX): OutputGH done.
INFO (CarpetX): Simulation time: 0.175781   Iterations per second: 41.6867   Simulation time per second: 0.162839
INFO (CarpetX): Grid cells: 4096   Grid cell updates per second: 170749
INFO (CarpetX): Performance:
INFO (CarpetX):   total evolution time:            1.08341 sec
INFO (CarpetX):   total evolution compute time:    1.08234 sec
INFO (CarpetX):   total evolution output time:     0.00107837 sec
INFO (CarpetX):   total iterations:                45
INFO (CarpetX):   total cells updated:             184320
INFO (CarpetX):   average iterations per second: 41.5353
INFO (CarpetX):   average cell updates per second: 170129
INFO (CarpetX): OutputGH: iteration 46, time 0.179688, run time 2 s
INFO (CarpetX): OutputGH done.
INFO (CarpetX): Simulation time: 0.179688   Iterations per second: 41.6868   Simulation time per second: 0.162839
INFO (CarpetX): Grid cells: 4096   Grid cell updates per second: 170749
INFO (CarpetX): Performance:
INFO (CarpetX):   total evolution time:            1.1074 sec
INFO (CarpetX):   total evolution compute time:    1.1063 sec
INFO (CarpetX):   total evolution output time:     0.00110745 sec
INFO (CarpetX):   total iterations:                46
INFO (CarpetX):   total cells updated:             188416
INFO (CarpetX):   average iterations per second: 41.5386
INFO (CarpetX):   average cell updates per second: 170142
INFO (CarpetX): OutputGH: iteration 47, time 0.183594, run time 2 s
INFO (CarpetX): OutputGH done.
INFO (CarpetX): Simulation time: 0.183594   Iterations per second: 41.6943   Simulation time per second: 0.162868
INFO (CarpetX): Grid cells: 4096   Grid cell updates per second: 170780
INFO (CarpetX): Performance:
INFO (CarpetX):   total evolution time:            1.13135 sec
INFO (CarpetX):   total evolution compute time:    1.13021 sec
INFO (CarpetX):   total evolution output time:     0.00113535 sec
INFO (CarpetX):   total iterations:                47
INFO (CarpetX):   total cells updated:             192512
INFO (CarpetX):   average iterations per second: 41.5434
INFO (CarpetX):   average cell updates per second: 170162
INFO (CarpetX): OutputGH: iteration 48, time 0.187500, run time 2 s
INFO (CarpetX): OutputGH done.
INFO (CarpetX): Simulation time: 0.1875   Iterations per second: 41.7192   Simulation time per second: 0.162966
INFO (CarpetX): Grid cells: 4096   Grid cell updates per second: 170882
INFO (CarpetX): Performance:
INFO (CarpetX):   total evolution time:            1.15519 sec
INFO (CarpetX):   total evolution compute time:    1.15403 sec
INFO (CarpetX):   total evolution output time:     0.00115442 sec
INFO (CarpetX):   total iterations:                48
INFO (CarpetX):   total cells updated:             196608
INFO (CarpetX):   average iterations per second: 41.5517
INFO (CarpetX):   average cell updates per second: 170196
INFO (CarpetX): OutputGH: iteration 49, time 0.191406, run time 2 s
INFO (CarpetX): OutputGH done.
INFO (CarpetX): Simulation time: 0.191406   Iterations per second: 41.7508   Simulation time per second: 0.163089
INFO (CarpetX): Grid cells: 4096   Grid cell updates per second: 171011
INFO (CarpetX): Performance:
INFO (CarpetX):   total evolution time:            1.17898 sec
INFO (CarpetX):   total evolution compute time:    1.1778 sec
INFO (CarpetX):   total evolution output time:     0.00117445 sec
INFO (CarpetX):   total iterations:                49
INFO (CarpetX):   total cells updated:             200704
INFO (CarpetX):   average iterations per second: 41.5615
INFO (CarpetX):   average cell updates per second: 170236
INFO (CarpetX): OutputGH: iteration 50, time 0.195312, run time 2 s
INFO (CarpetX): OutputGH done.
INFO (CarpetX): Simulation time: 0.195312   Iterations per second: 41.7881   Simulation time per second: 0.163235
INFO (CarpetX): Grid cells: 4096   Grid cell updates per second: 171164
INFO (CarpetX): Performance:
INFO (CarpetX):   total evolution time:            1.20271 sec
INFO (CarpetX):   total evolution compute time:    1.20152 sec
INFO (CarpetX):   total evolution output time:     0.00119758 sec
INFO (CarpetX):   total iterations:                50
INFO (CarpetX):   total cells updated:             204800
INFO (CarpetX):   average iterations per second: 41.5726
INFO (CarpetX):   average cell updates per second: 170281
INFO (CarpetX): OutputGH: iteration 51, time 0.199219, run time 2 s
INFO (CarpetX): OutputGH done.
INFO (CarpetX): Simulation time: 0.199219   Iterations per second: 41.7834   Simulation time per second: 0.163217
INFO (CarpetX): Grid cells: 4096   Grid cell updates per second: 171145
INFO (CarpetX): Performance:
INFO (CarpetX):   total evolution time:            1.22667 sec
INFO (CarpetX):   total evolution compute time:    1.22545 sec
INFO (CarpetX):   total evolution output time:     0.0012176 sec
INFO (CarpetX):   total iterations:                51
INFO (CarpetX):   total cells updated:             208896
INFO (CarpetX):   average iterations per second: 41.5759
INFO (CarpetX):   average cell updates per second: 170295
INFO (CarpetX): OutputGH: iteration 52, time 0.203125, run time 2 s
INFO (CarpetX): OutputGH done.
INFO (CarpetX): Simulation time: 0.203125   Iterations per second: 41.8107   Simulation time per second: 0.163323
INFO (CarpetX): Grid cells: 4096   Grid cell updates per second: 171257
INFO (CarpetX): Performance:
INFO (CarpetX):   total evolution time:            1.25045 sec
INFO (CarpetX):   total evolution compute time:    1.24921 sec
INFO (CarpetX):   total evolution output time:     0.00123549 sec
INFO (CarpetX):   total iterations:                52
INFO (CarpetX):   total cells updated:             212992
INFO (CarpetX):   average iterations per second: 41.5851
INFO (CarpetX):   average cell updates per second: 170332
INFO (CarpetX): OutputGH: iteration 53, time 0.207031, run time 2 s
INFO (CarpetX): OutputGH done.
INFO (CarpetX): Simulation time: 0.207031   Iterations per second: 41.8139   Simulation time per second: 0.163335
INFO (CarpetX): Grid cells: 4096   Grid cell updates per second: 171270
INFO (CarpetX): Performance:
INFO (CarpetX):   total evolution time:            1.27435 sec
INFO (CarpetX):   total evolution compute time:    1.27308 sec
INFO (CarpetX):   total evolution output time:     0.00126457 sec
INFO (CarpetX):   total iterations:                53
INFO (CarpetX):   total cells updated:             217088
INFO (CarpetX):   average iterations per second: 41.5899
INFO (CarpetX):   average cell updates per second: 170352
INFO (CarpetX): OutputGH: iteration 54, time 0.210938, run time 2 s
INFO (CarpetX): OutputGH done.
INFO (CarpetX): Simulation time: 0.210938   Iterations per second: 41.8269   Simulation time per second: 0.163386
INFO (CarpetX): Grid cells: 4096   Grid cell updates per second: 171323
INFO (CarpetX): Performance:
INFO (CarpetX):   total evolution time:            1.29819 sec
INFO (CarpetX):   total evolution compute time:    1.2969 sec
INFO (CarpetX):   total evolution output time:     0.00128937 sec
INFO (CarpetX):   total iterations:                54
INFO (CarpetX):   total cells updated:             221184
INFO (CarpetX):   average iterations per second: 41.5964
INFO (CarpetX):   average cell updates per second: 170379
INFO (CarpetX): OutputGH: iteration 55, time 0.214844, run time 2 s
INFO (CarpetX): OutputGH done.
INFO (CarpetX): Simulation time: 0.214844   Iterations per second: 41.8404   Simulation time per second: 0.163439
INFO (CarpetX): Grid cells: 4096   Grid cell updates per second: 171378
INFO (CarpetX): Performance:
INFO (CarpetX):   total evolution time:            1.32202 sec
INFO (CarpetX):   total evolution compute time:    1.32071 sec
INFO (CarpetX):   total evolution output time:     0.00131321 sec
INFO (CarpetX):   total iterations:                55
INFO (CarpetX):   total cells updated:             225280
INFO (CarpetX):   average iterations per second: 41.603
INFO (CarpetX):   average cell updates per second: 170406
INFO (CarpetX): OutputGH: iteration 56, time 0.218750, run time 2 s
INFO (CarpetX): OutputGH done.
INFO (CarpetX): Simulation time: 0.21875   Iterations per second: 41.8499   Simulation time per second: 0.163476
INFO (CarpetX): Grid cells: 4096   Grid cell updates per second: 171417
INFO (CarpetX): Performance:
INFO (CarpetX):   total evolution time:            1.34587 sec
INFO (CarpetX):   total evolution compute time:    1.34453 sec
INFO (CarpetX):   total evolution output time:     0.00133514 sec
INFO (CarpetX):   total iterations:                56
INFO (CarpetX):   total cells updated:             229376
INFO (CarpetX):   average iterations per second: 41.6089
INFO (CarpetX):   average cell updates per second: 170430
INFO (CarpetX): OutputGH: iteration 57, time 0.222656, run time 2 s
INFO (CarpetX): OutputGH done.
INFO (CarpetX): Simulation time: 0.222656   Iterations per second: 41.675   Simulation time per second: 0.162793
INFO (CarpetX): Grid cells: 4096   Grid cell updates per second: 170701
INFO (CarpetX): Performance:
INFO (CarpetX):   total evolution time:            1.37076 sec
INFO (CarpetX):   total evolution compute time:    1.3694 sec
INFO (CarpetX):   total evolution output time:     0.00136209 sec
INFO (CarpetX):   total iterations:                57
INFO (CarpetX):   total cells updated:             233472
INFO (CarpetX):   average iterations per second: 41.5827
INFO (CarpetX):   average cell updates per second: 170323
INFO (CarpetX): OutputGH: iteration 58, time 0.226562, run time 2 s
INFO (CarpetX): OutputGH done.
INFO (CarpetX): Simulation time: 0.226562   Iterations per second: 41.6721   Simulation time per second: 0.162781
INFO (CarpetX): Grid cells: 4096   Grid cell updates per second: 170689
INFO (CarpetX): Performance:
INFO (CarpetX):   total evolution time:            1.39478 sec
INFO (CarpetX):   total evolution compute time:    1.39339 sec
INFO (CarpetX):   total evolution output time:     0.00138712 sec
INFO (CarpetX):   total iterations:                58
INFO (CarpetX):   total cells updated:             237568
INFO (CarpetX):   average iterations per second: 41.5837
INFO (CarpetX):   average cell updates per second: 170327
INFO (CarpetX): OutputGH: iteration 59, time 0.230469, run time 2 s
INFO (CarpetX): OutputGH done.
INFO (CarpetX): Simulation time: 0.230469   Iterations per second: 41.6681   Simulation time per second: 0.162766
INFO (CarpetX): Grid cells: 4096   Grid cell updates per second: 170672
INFO (CarpetX): Performance:
INFO (CarpetX):   total evolution time:            1.4188 sec
INFO (CarpetX):   total evolution compute time:    1.41738 sec
INFO (CarpetX):   total evolution output time:     0.0014143 sec
INFO (CarpetX):   total iterations:                59
INFO (CarpetX):   total cells updated:             241664
INFO (CarpetX):   average iterations per second: 41.5846
INFO (CarpetX):   average cell updates per second: 170330
INFO (CarpetX): OutputGH: iteration 60, time 0.234375, run time 2 s
INFO (CarpetX): OutputGH done.
INFO (CarpetX): Simulation time: 0.234375   Iterations per second: 41.6712   Simulation time per second: 0.162778
INFO (CarpetX): Grid cells: 4096   Grid cell updates per second: 170685
INFO (CarpetX): Performance:
INFO (CarpetX):   total evolution time:            1.44278 sec
INFO (CarpetX):   total evolution compute time:    1.44134 sec
INFO (CarpetX):   total evolution output time:     0.00143719 sec
INFO (CarpetX):   total iterations:                60
INFO (CarpetX):   total cells updated:             245760
INFO (CarpetX):   average iterations per second: 41.5865
INFO (CarpetX):   average cell updates per second: 170338
INFO (CarpetX): OutputGH: iteration 61, time 0.238281, run time 2 s
INFO (CarpetX): OutputGH done.
INFO (CarpetX): Simulation time: 0.238281   Iterations per second: 41.5879   Simulation time per second: 0.162453
INFO (CarpetX): Grid cells: 4096   Grid cell updates per second: 170344
INFO (CarpetX): Performance:
INFO (CarpetX):   total evolution time:            1.46725 sec
INFO (CarpetX):   total evolution compute time:    1.46579 sec
INFO (CarpetX):   total evolution output time:     0.00146437 sec
INFO (CarpetX):   total iterations:                61
INFO (CarpetX):   total cells updated:             249856
INFO (CarpetX):   average iterations per second: 41.5742
INFO (CarpetX):   average cell updates per second: 170288
INFO (CarpetX): OutputGH: iteration 62, time 0.242188, run time 2 s
INFO (CarpetX): OutputGH done.
INFO (CarpetX): Simulation time: 0.242188   Iterations per second: 41.4144   Simulation time per second: 0.161775
INFO (CarpetX): Grid cells: 4096   Grid cell updates per second: 169633
INFO (CarpetX): Performance:
INFO (CarpetX):   total evolution time:            1.49231 sec
INFO (CarpetX):   total evolution compute time:    1.49081 sec
INFO (CarpetX):   total evolution output time:     0.00149345 sec
INFO (CarpetX):   total iterations:                62
INFO (CarpetX):   total cells updated:             253952
INFO (CarpetX):   average iterations per second: 41.5464
INFO (CarpetX):   average cell updates per second: 170174
INFO (CarpetX): OutputGH: iteration 63, time 0.246094, run time 2 s
INFO (CarpetX): OutputGH done.
INFO (CarpetX): Simulation time: 0.246094   Iterations per second: 41.4254   Simulation time per second: 0.161818
INFO (CarpetX): Grid cells: 4096   Grid cell updates per second: 169679
INFO (CarpetX): Performance:
INFO (CarpetX):   total evolution time:            1.51639 sec
INFO (CarpetX):   total evolution compute time:    1.51487 sec
INFO (CarpetX):   total evolution output time:     0.00152063 sec
INFO (CarpetX):   total iterations:                63
INFO (CarpetX):   total cells updated:             258048
INFO (CarpetX):   average iterations per second: 41.5461
INFO (CarpetX):   average cell updates per second: 170173
INFO (CarpetX): OutputGH: iteration 64, time 0.250000, run time 2 s
INFO (CarpetX): OutputGH done.
INFO (CarpetX): Simulation time: 0.25   Iterations per second: 39.2148   Simulation time per second: 0.153183
INFO (CarpetX): Grid cells: 4096   Grid cell updates per second: 160624
INFO (CarpetX): Performance:
INFO (CarpetX):   total evolution time:            1.55414 sec
INFO (CarpetX):   total evolution compute time:    1.5416 sec
INFO (CarpetX):   total evolution output time:     0.0125406 sec
INFO (CarpetX):   total iterations:                64
INFO (CarpetX):   total cells updated:             262144
INFO (CarpetX):   average iterations per second: 41.1804
INFO (CarpetX):   average cell updates per second: 168675
INFO (CarpetX): Shutting down...
AMReX (25.11) finalized
--------------------------------------------------------------------------------
Done.

real	0m1.941s
user	0m3.156s
sys	0m0.226s
+ echo Stopping:
Stopping:
+ date
Thu Apr  2 07:35:20 PM UTC 2026
+ echo Done.
Done.
  Elapsed time: 2.0 s
