/__w/canudax-tests/workspace/simulations/TestJob01_temp_2/output-0000/TEST/sim/CanudaX_BSSNMoL
Preparing:
+ set -e
+ cd output-0000-active
+ echo Checking:
Checking:
+ pwd
/__w/canudax-tests/workspace/simulations/TestJob01_temp_2/output-0000/TEST/sim/CanudaX_BSSNMoL/output-0000-active
+ hostname
7ada701ffd15
+ date
Wed Mar 11 03:37:26 AM UTC 2026
+ echo Environment:
Environment:
+ export SIMULATION_ID=simulation-TestJob01_temp_2-actions-cpu-real64-actions-root-2026.03.11-03.37.25-14241
+ SIMULATION_ID=simulation-TestJob01_temp_2-actions-cpu-real64-actions-root-2026.03.11-03.37.25-14241
+ export CACTUS_NUM_PROCS=2
+ CACTUS_NUM_PROCS=2
+ export CACTUS_NUM_THREADS=1
+ CACTUS_NUM_THREADS=1
+ export CACTUS_SET_THREAD_BINDINGS=0
+ CACTUS_SET_THREAD_BINDINGS=0
+ export GLIBCXX_FORCE_NEW=1
+ GLIBCXX_FORCE_NEW=1
+ export GMON_OUT_PREFIX=gmon.out
+ GMON_OUT_PREFIX=gmon.out
+ export OMP_DISPLAY_ENV=TRUE
+ OMP_DISPLAY_ENV=TRUE
+ export OMP_MAX_TASKS=100
+ OMP_MAX_TASKS=100
+ export OMP_NUM_THREADS=1
+ OMP_NUM_THREADS=1
+ export OMP_PLACES=cores
+ OMP_PLACES=cores
+ export OMP_PROC_BIND=FALSE
+ OMP_PROC_BIND=FALSE
+ export OMP_STACKSIZE=8192
+ OMP_STACKSIZE=8192
+ env
+ sort
+ echo Starting:
Starting:
++ date +%s
+ export CACTUS_STARTTIME=1773200246
+ CACTUS_STARTTIME=1773200246
+ mpiexec -n 2 /__w/canudax-tests/workspace/simulations/TestJob01_temp_2/SIMFACTORY/exe/cactus_sim -L 3 /__w/canudax-tests/workspace/simulations/TestJob01_temp_2/output-0000/arrangements/CanudaX/CanudaX_BSSNMoL/test/gaugewave.par

OPENMP DISPLAY ENVIRONMENT BEGIN
  _OPENMP = '201511'
  [host] OMP_DYNAMIC = 'FALSE'
  [host] OMP_NESTED = 'FALSE'
  [host] OMP_NUM_THREADS = '1'
  [host] OMP_SCHEDULE = 'DYNAMIC'
  [host] OMP_PROC_BIND = 'FALSE'
  [host] OMP_PLACES = ''
  [host] OMP_STACKSIZE = '8388608'
  [host] OMP_WAIT_POLICY = 'PASSIVE'
  [host] OMP_THREAD_LIMIT = '4294967295'
  [host] OMP_MAX_ACTIVE_LEVELS = '1'
  [host] OMP_NUM_TEAMS = '0'
  [host] OMP_TEAMS_THREAD_LIMIT = '0'
  [all] OMP_CANCELLATION = 'FALSE'
  [all] OMP_DEFAULT_DEVICE = '0'
  [all] OMP_MAX_TASK_PRIORITY = '0'
  [all] OMP_DISPLAY_AFFINITY = 'FALSE'
  [host] OMP_AFFINITY_FORMAT = 'level %L thread %i affinity %A'
  [host] OMP_ALLOCATOR = 'omp_default_mem_alloc'
  [all] OMP_TARGET_OFFLOAD = 'DEFAULT'
OPENMP DISPLAY ENVIRONMENT END

OPENMP DISPLAY ENVIRONMENT BEGIN
  _OPENMP = '201511'
  [host] OMP_DYNAMIC = 'FALSE'
  [host] OMP_NESTED = 'FALSE'
  [host] OMP_NUM_THREADS = '1'
  [host] OMP_SCHEDULE = 'DYNAMIC'
  [host] OMP_PROC_BIND = 'FALSE'
  [host] OMP_PLACES = ''
  [host] OMP_STACKSIZE = '8388608'
  [host] OMP_WAIT_POLICY = 'PASSIVE'
  [host] OMP_THREAD_LIMIT = '4294967295'
  [host] OMP_MAX_ACTIVE_LEVELS = '1'
  [host] OMP_NUM_TEAMS = '0'
  [host] OMP_TEAMS_THREAD_LIMIT = '0'
  [all] OMP_CANCELLATION = 'FALSE'
  [all] OMP_DEFAULT_DEVICE = '0'
  [all] OMP_MAX_TASK_PRIORITY = '0'
  [all] OMP_DISPLAY_AFFINITY = 'FALSE'
  [host] OMP_AFFINITY_FORMAT = 'level %L thread %i affinity %A'
  [host] OMP_ALLOCATOR = 'omp_default_mem_alloc'
  [all] OMP_TARGET_OFFLOAD = 'DEFAULT'
OPENMP DISPLAY ENVIRONMENT END
INFO (Cactus): Increased logging level from 0 to 3
--------------------------------------------------------------------------------

       10                                  
  1   0101       ************************  
  01  1010 10      The Cactus Code V4.18.0    
 1010 1101 011      www.cactuscode.org     
  1001 100101    ************************  
    00010101                               
     100011     (c) Copyright The Authors  
      0100      GNU Licensed. No Warranty  
      0101                                 
--------------------------------------------------------------------------------

Cactus version:    4.18.0
Compile date:      Mar 11 2026 (03:34:05)
Run date:          Mar 11 2026 (03:37:26+0000)
Run host:          7ada701ffd15 (pid=14289)
Working directory: /__w/canudax-tests/workspace/simulations/TestJob01_temp_2/output-0000/TEST/sim/CanudaX_BSSNMoL
Executable:        /__w/canudax-tests/workspace/simulations/TestJob01_temp_2/SIMFACTORY/exe/cactus_sim
Parameter file:    /__w/canudax-tests/workspace/simulations/TestJob01_temp_2/output-0000/arrangements/CanudaX/CanudaX_BSSNMoL/test/gaugewave.par
--------------------------------------------------------------------------------

Activating thorn Cactus...Success -> active implementation Cactus
Activation requested for 
--->ADMBaseX CanudaX_BSSNMoL CanudaX_ExactID CarpetX IOUtil ODESolvers TmunuBaseX<---
Thorn ADMBaseX requests automatic activation of Loop
Thorn CarpetX requests automatic activation of AMReX
Thorn CarpetX requests automatic activation of MPI
Thorn CarpetX requests automatic activation of yaml_cpp
Thorn CarpetX requests automatic activation of zlib
Thorn CarpetX requests automatic activation of Arith
Thorn CarpetX requests automatic activation of CarpetXRegrid
Thorn CarpetX requests automatic activation of ADIOS2
Thorn CarpetX requests automatic activation of openPMD
Thorn CarpetX requests automatic activation of Silo
Thorn Arith requests automatic activation of NSIMD
Thorn MPI requests automatic activation of hwloc
Thorn openPMD requests automatic activation of HDF5
Activating thorn ADIOS2...Success -> active implementation ADIOS2
Activating thorn ADMBaseX...Success -> active implementation ADMBaseX
Activating thorn AMReX...Success -> active implementation AMReX
Activating thorn Arith...Success -> active implementation Arith
Activating thorn CanudaX_BSSNMoL...Success -> active implementation CanudaX_BSSNMoL
Activating thorn CanudaX_ExactID...Success -> active implementation CanudaX_ExactID
Activating thorn CarpetX...Success -> active implementation Driver
Activating thorn CarpetXRegrid...Success -> active implementation CarpetXRegrid
Activating thorn HDF5...Success -> active implementation HDF5
Activating thorn hwloc...Success -> active implementation hwloc
Activating thorn IOUtil...Success -> active implementation IO
Activating thorn Loop...Success -> active implementation Loop
Activating thorn MPI...Success -> active implementation MPI
Activating thorn NSIMD...Success -> active implementation NSIMD
Activating thorn ODESolvers...Success -> active implementation ODESolvers
Activating thorn openPMD...Success -> active implementation openPMD
Activating thorn Silo...Success -> active implementation Silo
Activating thorn TmunuBaseX...Success -> active implementation TmunuBaseX
Activating thorn yaml_cpp...Success -> active implementation yaml_cpp
Activating thorn zlib...Success -> active implementation zlib
--------------------------------------------------------------------------------
  if (recover initial data)
    Recover parameters
  endif

  Startup routines
    [CCTK_STARTUP]
      CarpetX::Driver_Startup: Start up the driver
      IOUtil::IOUtil_Startup: Startup routine
      GROUP hwloc_startup: hwloc startup group
        hwloc::hwloc_version: Output hwloc version

  Startup routines which need an existing grid hierarchy
    [CCTK_WRAGH]
      Arith::Test_smallvector: [meta] Test small vectors
      Arith::Test_spvect: [meta] Test sparse vectors
      ODESolvers::ODESolvers_InitConstants: [global] Set up dummy loop counters for schedule printout
  Parameter checking routines
    [CCTK_PARAMCHECK]
      CanudaX_BSSNMoL::CanudaX_BSSNMoL_paramcheck: Check CanudaX_BSSNMoL parameters for consistency

  Initialisation
    if (NOT (recover initial data AND recovery_mode is 'strict'))
      [CCTK_PREREGRIDINITIAL]
      Set up grid hierarchy
      [CCTK_POSTREGRIDINITIAL]
      [CCTK_BASEGRID]
        CarpetXRegrid::CarpetXRegrid_InitError: Initialize regridding error to zero
        GROUP ODESolvers_BaseGrid: Set up constants (e.g. coordinates) everywhere on the grid
      [CCTK_INITIAL]
        GROUP TmunuBaseX_SetTmunuVars: Schedule group for setting T_munu
          TmunuBaseX::TmunuBaseX_ZeroTmunu: Set T_munu to zero
          GROUP TmunuBaseX_AddToTmunu: Add to T_munu here
        GROUP ODESolvers_Initial: Set up initial conditions on interior of state vector
          GROUP ADMBaseX_InitialData: Schedule group for calculating ADM initial data
            GROUP CanudaX_ExactIDGroup: CanudaX_ExactID group for setting up initial data
              CanudaX_ExactID::CanudaX_ExactID_GaugeWave: [local] Create gauge wave initial data
          GROUP ADMBaseX_InitialGauge: Schedule group for the ADM initial gauge condition
            ADMBaseX::ADMBaseX_initial_dtlapse: Set dtlapse to zero
            ADMBaseX::ADMBaseX_initial_dtshift: Set dtshift to zero
          GROUP ADMBaseX_PostInitial: Schedule group for modifying the ADM initial data, such as e.g. adding noise
        GROUP CanudaX_BSSNMoL_InitialGroup: CanudaX_BSSNMoL: initial bin
          CanudaX_BSSNMoL::CanudaX_BSSNMoL_adm2bssn: [local] Convert initial data into BSSN variables
          CanudaX_BSSNMoL::CanudaX_BSSNMoL_gammat: [local] Set Gammat initial data
      [CCTK_POSTINITIAL]
        GROUP ODESolvers_PostStep: Apply boundary conditions to state vector, and project if necessary
          GROUP CanudaX_BSSNMoL_PostStepGroup: CanudaX_BSSNMoL: post-step operations
            CanudaX_BSSNMoL::CanudaX_BSSNMoL_impose_conf_fac_floor: Make sure conformal factor does not drop below specified value
            CanudaX_BSSNMoL::CanudaX_BSSNMoL_reset_detmetric: reset dethh = 1
            CanudaX_BSSNMoL::CanudaX_BSSNMoL_remove_trA: Remove trace of A
            CanudaX_BSSNMoL::CanudaX_BSSNMoL_sync: [global] Sync state vector
            CanudaX_BSSNMoL::CanudaX_BSSNMoL_bssn2adm: [local] Convert variables back to the ADM ones
          GROUP ADMBaseX_SetADMRHS: Set ADM RHS variables in this group
          GROUP ADMBaseX_SetADMVars: Set ADM variables in this group
          GROUP TmunuBaseX_SetTmunuVars: Schedule group for setting T_munu
            TmunuBaseX::TmunuBaseX_ZeroTmunu: Set T_munu to zero
            GROUP TmunuBaseX_AddToTmunu: Add to T_munu here
        GROUP ODESolvers_EstimateError: Estimate discretization error (for regridding)
      Initialise finer grids recursively
      Restrict from finer grids
      [CCTK_POSTRESTRICTINITIAL]
      [CCTK_POSTPOSTINITIAL]
      [CCTK_POSTSTEP]
        GROUP ODESolvers_EstimateError: Estimate discretization error (for regridding)
    endif
    if (recover initial data)
      [CCTK_BASEGRID]
        CarpetXRegrid::CarpetXRegrid_InitError: Initialize regridding error to zero
        GROUP ODESolvers_BaseGrid: Set up constants (e.g. coordinates) everywhere on the grid
      [CCTK_RECOVER_VARIABLES]
      [CCTK_POST_RECOVER_VARIABLES]
        GROUP ODESolvers_PostStep: Apply boundary conditions to state vector, and project if necessary
          GROUP CanudaX_BSSNMoL_PostStepGroup: CanudaX_BSSNMoL: post-step operations
            CanudaX_BSSNMoL::CanudaX_BSSNMoL_impose_conf_fac_floor: Make sure conformal factor does not drop below specified value
            CanudaX_BSSNMoL::CanudaX_BSSNMoL_reset_detmetric: reset dethh = 1
            CanudaX_BSSNMoL::CanudaX_BSSNMoL_remove_trA: Remove trace of A
            CanudaX_BSSNMoL::CanudaX_BSSNMoL_sync: [global] Sync state vector
            CanudaX_BSSNMoL::CanudaX_BSSNMoL_bssn2adm: [local] Convert variables back to the ADM ones
          GROUP ADMBaseX_SetADMRHS: Set ADM RHS variables in this group
          GROUP ADMBaseX_SetADMVars: Set ADM variables in this group
          GROUP TmunuBaseX_SetTmunuVars: Schedule group for setting T_munu
            TmunuBaseX::TmunuBaseX_ZeroTmunu: Set T_munu to zero
            GROUP TmunuBaseX_AddToTmunu: Add to T_munu here
        GROUP ODESolvers_EstimateError: Estimate discretization error (for regridding)
    endif
    if (checkpoint initial data)
      [CCTK_CPINITIAL]
        CarpetX::CarpetX_CheckpointInitial: [meta] Checkpoint initial conditions
    endif
    if (analysis)
      [CCTK_ANALYSIS]
        CanudaX_BSSNMoL::CanudaX_BSSNMoL_bssn_constraints: Compute constraints
        GROUP ODESolvers_Analysis: Calculate analysis quantities everywhere
  endif
  Output grid variables

  do loop over timesteps
    [CCTK_PREREGRID]
    Change grid hierarchy
    [CCTK_POSTREGRID]
      GROUP ODESolvers_PostStep: Apply boundary conditions to state vector, and project if necessary
        GROUP CanudaX_BSSNMoL_PostStepGroup: CanudaX_BSSNMoL: post-step operations
          CanudaX_BSSNMoL::CanudaX_BSSNMoL_impose_conf_fac_floor: Make sure conformal factor does not drop below specified value
          CanudaX_BSSNMoL::CanudaX_BSSNMoL_reset_detmetric: reset dethh = 1
          CanudaX_BSSNMoL::CanudaX_BSSNMoL_remove_trA: Remove trace of A
          CanudaX_BSSNMoL::CanudaX_BSSNMoL_sync: [global] Sync state vector
          CanudaX_BSSNMoL::CanudaX_BSSNMoL_bssn2adm: [local] Convert variables back to the ADM ones
        GROUP ADMBaseX_SetADMRHS: Set ADM RHS variables in this group
        GROUP ADMBaseX_SetADMVars: Set ADM variables in this group
        GROUP TmunuBaseX_SetTmunuVars: Schedule group for setting T_munu
          TmunuBaseX::TmunuBaseX_ZeroTmunu: Set T_munu to zero
          GROUP TmunuBaseX_AddToTmunu: Add to T_munu here
    Rotate timelevels
    iteration = iteration+1
    t = t+dt
    [CCTK_PRESTEP]
    [CCTK_EVOL]
      ODESolvers::ODESolvers_Solve: [level] Solve ODEs
      while (ODESolvers::do_substeps)
        GROUP ODESolvers_CalledBySolve: Groups internally scheduled by ODESolvers_Solve
          GROUP ODESolvers_RHS: Evaluate the RHS for of state vector everywhere on the grid
            GROUP CanudaX_BSSNMoL_RHSGroup: CanudaX_BSSNMoL: calculate BSSN RHS
              CanudaX_BSSNMoL::CanudaX_BSSNMoL_calc_bssn_rhs: MoL RHS calculation
              CanudaX_BSSNMoL::CanudaX_BSSNMoL_apply_boundary_conditions: Apply radiative boundary conditions 
          GROUP ODESolvers_PostStep: Apply boundary conditions to state vector, and project if necessary
            GROUP CanudaX_BSSNMoL_PostStepGroup: CanudaX_BSSNMoL: post-step operations
              CanudaX_BSSNMoL::CanudaX_BSSNMoL_impose_conf_fac_floor: Make sure conformal factor does not drop below specified value
              CanudaX_BSSNMoL::CanudaX_BSSNMoL_reset_detmetric: reset dethh = 1
              CanudaX_BSSNMoL::CanudaX_BSSNMoL_remove_trA: Remove trace of A
              CanudaX_BSSNMoL::CanudaX_BSSNMoL_sync: [global] Sync state vector
              CanudaX_BSSNMoL::CanudaX_BSSNMoL_bssn2adm: [local] Convert variables back to the ADM ones
            GROUP ADMBaseX_SetADMRHS: Set ADM RHS variables in this group
            GROUP ADMBaseX_SetADMVars: Set ADM variables in this group
            GROUP TmunuBaseX_SetTmunuVars: Schedule group for setting T_munu
              TmunuBaseX::TmunuBaseX_ZeroTmunu: Set T_munu to zero
              GROUP TmunuBaseX_AddToTmunu: Add to T_munu here
      end while
    Evolve finer grids recursively
    Restrict from finer grids
    [CCTK_POSTRESTRICT]
      GROUP ODESolvers_PostStep: Apply boundary conditions to state vector, and project if necessary
        GROUP CanudaX_BSSNMoL_PostStepGroup: CanudaX_BSSNMoL: post-step operations
          CanudaX_BSSNMoL::CanudaX_BSSNMoL_impose_conf_fac_floor: Make sure conformal factor does not drop below specified value
          CanudaX_BSSNMoL::CanudaX_BSSNMoL_reset_detmetric: reset dethh = 1
          CanudaX_BSSNMoL::CanudaX_BSSNMoL_remove_trA: Remove trace of A
          CanudaX_BSSNMoL::CanudaX_BSSNMoL_sync: [global] Sync state vector
          CanudaX_BSSNMoL::CanudaX_BSSNMoL_bssn2adm: [local] Convert variables back to the ADM ones
        GROUP ADMBaseX_SetADMRHS: Set ADM RHS variables in this group
        GROUP ADMBaseX_SetADMVars: Set ADM variables in this group
        GROUP TmunuBaseX_SetTmunuVars: Schedule group for setting T_munu
          TmunuBaseX::TmunuBaseX_ZeroTmunu: Set T_munu to zero
          GROUP TmunuBaseX_AddToTmunu: Add to T_munu here
    [CCTK_POSTSTEP]
      GROUP ODESolvers_EstimateError: Estimate discretization error (for regridding)
    if (checkpoint)
      [CCTK_CHECKPOINT]
      CarpetX::CarpetX_Checkpoint: [meta] Checkpoint
    endif
    if (analysis)
      [CCTK_ANALYSIS]
      CanudaX_BSSNMoL::CanudaX_BSSNMoL_bssn_constraints: Compute constraints
      GROUP ODESolvers_Analysis: Calculate analysis quantities everywhere
    endif
    Output grid variables
    enddo

  Termination routines
    [CCTK_TERMINATE]
      CarpetX::CarpetX_CheckpointTerminate: [meta] Checkpoint before terminating

  Shutdown routines
    [CCTK_SHUTDOWN]
      CarpetX::Driver_Shutdown: [meta] Shut down the driver

  Routines run after changing the grid hierarchy:
    [CCTK_POSTREGRID]
      GROUP ODESolvers_PostStep: Apply boundary conditions to state vector, and project if necessary
        GROUP CanudaX_BSSNMoL_PostStepGroup: CanudaX_BSSNMoL: post-step operations
          CanudaX_BSSNMoL::CanudaX_BSSNMoL_impose_conf_fac_floor: Make sure conformal factor does not drop below specified value
          CanudaX_BSSNMoL::CanudaX_BSSNMoL_reset_detmetric: reset dethh = 1
          CanudaX_BSSNMoL::CanudaX_BSSNMoL_remove_trA: Remove trace of A
          CanudaX_BSSNMoL::CanudaX_BSSNMoL_sync: [global] Sync state vector
          CanudaX_BSSNMoL::CanudaX_BSSNMoL_bssn2adm: [local] Convert variables back to the ADM ones
        GROUP ADMBaseX_SetADMRHS: Set ADM RHS variables in this group
        GROUP ADMBaseX_SetADMVars: Set ADM variables in this group
        GROUP TmunuBaseX_SetTmunuVars: Schedule group for setting T_munu
          TmunuBaseX::TmunuBaseX_ZeroTmunu: Set T_munu to zero
          GROUP TmunuBaseX_AddToTmunu: Add to T_munu here
--------------------------------------------------------------------------------
INFO (hwloc): library version 2.10.0, API version 0x20800
--------------------------------------------------------------------------------

  [34m  ▕▏  [34m  ▕▏  [34m  ▕▏  [34m  ▕▏  [34m  ▕▏  [34m  ▕▏  [34m  ▕▏  [34m  ▕▏  [34m  ▕▏  [39m  
  [34m──██──[34m──██──[34m──██──[34m──██──[34m──██──[34m──██──[34m──██──[34m──██──[34m──██──[39m  
  [34m  ▕▏  [34m  ▕▏  [34m  ▕▏  [34m  ▕▏  [34m  ▕▏  [34m  ▕▏  [34m  ▕▏  [34m  ▕▏  [34m  ▕▏  [39m  
  [34m  ▕▏  [32m██████[34m  ▕▏  [34m  ▕▏  [32m██████[34m  ▕▏  [34m  ▕▏  [32m██████[34m  ▕▏  [39m  
  [34m──██──[32m██████[34m──██──[34m──██──[32m██████[34m──██──[34m──██──[32m██████[34m──██──[39m  
  [34m  ▕▏  [32m██████[34m  ▕▏  [34m  ▕▏  [32m██████[34m  ▕▏  [34m  ▕▏  [32m██████[34m  ▕▏  [39m  
  [34m  ▕▏  [34m  ▕▏  [34m  ▕▏  [34m  ▕▏  [34m  ▕▏  [34m  ▕▏  [34m  ▕▏  [34m  ▕▏  [34m  ▕▏  [39m  
  [34m──██──[34m──██──[34m──██──[34m──██──[34m──██──[34m──██──[34m──██──[34m──██──[34m──██──[39m  
  [34m  ▕▏  [34m  ▕▏  [34m  ▕▏  [34m  ▕▏  [34m  ▕▏  [34m  ▕▏  [34m  ▕▏  [34m  ▕▏  [34m  ▕▏  [39m  
  [34m  ▕▏  [34m  ▕▏  [34m  ▕▏  [31m██████[31m██████[31m██████[34m  ▕▏  [34m  ▕▏  [34m  ▕▏  [39m  
  [34m──██──[34m──██──[34m──██──[31m██████[31m██████[31m██████[34m──██──[34m──██──[34m──██──[39m  
  [34m  ▕▏  [34m  ▕▏  [34m  ▕▏  [31m██████[31m██████[31m██████[34m  ▕▏  [34m  ▕▏  [34m  ▕▏  [39m  
  [34m  ▕▏  [32m██████[34m  ▕▏  [31m██████[31m██████[31m██████[34m  ▕▏  [32m██████[34m  ▕▏  [39m  
  [34m──██──[32m██████[34m──██──[31m██████[31m██████[31m██████[34m──██──[32m██████[34m──██──[39m  
  [34m  ▕▏  [32m██████[34m  ▕▏  [31m██████[31m██████[31m██████[34m  ▕▏  [32m██████[34m  ▕▏  [39m  
  [34m  ▕▏  [34m  ▕▏  [34m  ▕▏  [31m██████[31m██████[31m██████[34m  ▕▏  [34m  ▕▏  [34m  ▕▏  [39m  
  [34m──██──[34m──██──[34m──██──[31m██████[31m██████[31m██████[34m──██──[34m──██──[34m──██──[39m  
  [34m  ▕▏  [34m  ▕▏  [34m  ▕▏  [31m██████[31m██████[31m██████[34m  ▕▏  [34m  ▕▏  [34m  ▕▏  [39m  
  [34m  ▕▏  [34m  ▕▏  [34m  ▕▏  [34m  ▕▏  [34m  ▕▏  [34m  ▕▏  [34m  ▕▏  [34m  ▕▏  [34m  ▕▏  [39m  
  [34m──██──[34m──██──[34m──██──[34m──██──[34m──██──[34m──██──[34m──██──[34m──██──[34m──██──[39m  
  [34m  ▕▏  [34m  ▕▏  [34m  ▕▏  [34m  ▕▏  [34m  ▕▏  [34m  ▕▏  [34m  ▕▏  [34m  ▕▏  [34m  ▕▏  [39m  
  [34m  ▕▏  [32m██████[34m  ▕▏  [34m  ▕▏  [32m██████[34m  ▕▏  [34m  ▕▏  [32m██████[34m  ▕▏  [39m  
  [34m──██──[32m██████[34m──██──[34m──██──[32m██████[34m──██──[34m──██──[32m██████[34m──██──[39m  
  [34m  ▕▏  [32m██████[34m  ▕▏  [34m  ▕▏  [32m██████[34m  ▕▏  [34m  ▕▏  [32m██████[34m  ▕▏  [39m  
  [34m  ▕▏  [34m  ▕▏  [34m  ▕▏  [34m  ▕▏  [34m  ▕▏  [34m  ▕▏  [34m  ▕▏  [34m  ▕▏  [34m  ▕▏  [39m  
  [34m──██──[34m──██──[34m──██──[34m──██──[34m──██──[34m──██──[34m──██──[34m──██──[34m──██──[39m  
  [34m  ▕▏  [34m  ▕▏  [34m  ▕▏  [34m  ▕▏  [34m  ▕▏  [34m  ▕▏  [34m  ▕▏  [34m  ▕▏  [34m  ▕▏  [39m  

AMR driver provided by CarpetX,
using AMReX 25.11 (MPI, OpenMP, no accelerators, optimized)
--------------------------------------------------------------------------------

Initializing AMReX (25.11)...
MPI initialized with 2 MPI processes
MPI initialized with thread support level 2
OMP initialized with 1 OMP threads
AMReX (25.11) initialized
INFO (CarpetX): 
Symmetries:
  lower x: periodic
  lower y: periodic
  lower z: periodic
  upper x: periodic
  upper y: periodic
  upper z: periodic
Default boundaries:
  lower x: symmetry_boundary
  lower y: symmetry_boundary
  lower z: symmetry_boundary
  upper x: symmetry_boundary
  upper y: symmetry_boundary
  upper z: symmetry_boundary
INFO (Arith): Test_smallvector
INFO (Arith): Test_spvect
INFO (CarpetX): Setting initial values for max_grid_size values for all levels
INFO (CarpetX): Setting up initial conditions...
INFO (CarpetX): Iteration: 0   time: 0   delta_time: 0.00390625
INFO (CarpetX): Patch 0:
INFO (CarpetX):   Grid extent:
INFO (CarpetX):     gsh=[71,15,15]
INFO (CarpetX):     blocking_factor=[8,8,8]
INFO (CarpetX):     max_grid_size=[10000000,10000000,10000000]
INFO (CarpetX):     max_tile_size=[1024000,16,32]
INFO (CarpetX):   Domain extent:
INFO (CarpetX):     xmin=[-0.5,-0.0625,-0.0625]
INFO (CarpetX):     xmax=[0.5,0.0625,0.0625]
INFO (CarpetX):     base dx=[0.015625,0.015625,0.015625]
INFO (CarpetX): Initializing level 0...
INFO (CanudaX_ExactID): Begin Gauge Wave initial data
INFO (CanudaX_ExactID): === End gauge wave initial data ===
INFO (CarpetX): Regridding...
INFO (CarpetX):   level 0: 2 boxes, 4096 cells (100%)
INFO (CarpetX): Initialized 1 levels
INFO (CarpetX): OutputGH: iteration 0, time 0.000000, run time 0 s
INFO (CarpetX): OutputGH done.
INFO (CarpetX): Starting evolution...
INFO (ODESolvers): ODE integrator is RK4
INFO (CarpetX): OutputGH: iteration 1, time 0.003906, run time 0 s
INFO (CarpetX): OutputGH done.
INFO (CarpetX): Simulation time: 0.00390625   Iterations per second: 40.838   Simulation time per second: 0.159523
INFO (CarpetX): Grid cells: 4096   Grid cell updates per second: 167272
INFO (CarpetX): Performance:
INFO (CarpetX):   total evolution time:            0.024487 sec
INFO (CarpetX):   total evolution compute time:    0.0244682 sec
INFO (CarpetX):   total evolution output time:     1.88351e-05 sec
INFO (CarpetX):   total iterations:                1
INFO (CarpetX):   total cells updated:             4096
INFO (CarpetX):   average iterations per second: 40.838
INFO (CarpetX):   average cell updates per second: 167272
INFO (CarpetX): OutputGH: iteration 2, time 0.007812, run time 0 s
INFO (CarpetX): OutputGH done.
INFO (CarpetX): Simulation time: 0.0078125   Iterations per second: 42.4411   Simulation time per second: 0.165785
INFO (CarpetX): Grid cells: 4096   Grid cell updates per second: 173839
INFO (CarpetX): Performance:
INFO (CarpetX):   total evolution time:            0.0471241 sec
INFO (CarpetX):   total evolution compute time:    0.0470862 sec
INFO (CarpetX):   total evolution output time:     3.79086e-05 sec
INFO (CarpetX):   total iterations:                2
INFO (CarpetX):   total cells updated:             8192
INFO (CarpetX):   average iterations per second: 42.4411
INFO (CarpetX):   average cell updates per second: 173839
INFO (CarpetX): OutputGH: iteration 3, time 0.011719, run time 0 s
INFO (CarpetX): OutputGH done.
INFO (CarpetX): Simulation time: 0.0117188   Iterations per second: 42.9762   Simulation time per second: 0.167876
INFO (CarpetX): Grid cells: 4096   Grid cell updates per second: 176030
INFO (CarpetX): Performance:
INFO (CarpetX):   total evolution time:            0.0698061 sec
INFO (CarpetX):   total evolution compute time:    0.0697501 sec
INFO (CarpetX):   total evolution output time:     5.60284e-05 sec
INFO (CarpetX):   total iterations:                3
INFO (CarpetX):   total cells updated:             12288
INFO (CarpetX):   average iterations per second: 42.9762
INFO (CarpetX):   average cell updates per second: 176030
INFO (CarpetX): OutputGH: iteration 4, time 0.015625, run time 0 s
INFO (CarpetX): OutputGH done.
INFO (CarpetX): Simulation time: 0.015625   Iterations per second: 43.2755   Simulation time per second: 0.169045
INFO (CarpetX): Grid cells: 4096   Grid cell updates per second: 177256
INFO (CarpetX): Performance:
INFO (CarpetX):   total evolution time:            0.0924311 sec
INFO (CarpetX):   total evolution compute time:    0.0923569 sec
INFO (CarpetX):   total evolution output time:     7.41482e-05 sec
INFO (CarpetX):   total iterations:                4
INFO (CarpetX):   total cells updated:             16384
INFO (CarpetX):   average iterations per second: 43.2755
INFO (CarpetX):   average cell updates per second: 177256
INFO (CarpetX): OutputGH: iteration 5, time 0.019531, run time 0 s
INFO (CarpetX): OutputGH done.
INFO (CarpetX): Simulation time: 0.0195312   Iterations per second: 43.4631   Simulation time per second: 0.169778
INFO (CarpetX): Grid cells: 4096   Grid cell updates per second: 178025
INFO (CarpetX): Performance:
INFO (CarpetX):   total evolution time:            0.11504 sec
INFO (CarpetX):   total evolution compute time:    0.114946 sec
INFO (CarpetX):   total evolution output time:     9.39369e-05 sec
INFO (CarpetX):   total iterations:                5
INFO (CarpetX):   total cells updated:             20480
INFO (CarpetX):   average iterations per second: 43.4631
INFO (CarpetX):   average cell updates per second: 178025
INFO (CarpetX): OutputGH: iteration 6, time 0.023438, run time 0 s
INFO (CarpetX): OutputGH done.
INFO (CarpetX): Simulation time: 0.0234375   Iterations per second: 43.6468   Simulation time per second: 0.170495
INFO (CarpetX): Grid cells: 4096   Grid cell updates per second: 178777
INFO (CarpetX): Performance:
INFO (CarpetX):   total evolution time:            0.137467 sec
INFO (CarpetX):   total evolution compute time:    0.137353 sec
INFO (CarpetX):   total evolution output time:     0.000113964 sec
INFO (CarpetX):   total iterations:                6
INFO (CarpetX):   total cells updated:             24576
INFO (CarpetX):   average iterations per second: 43.6468
INFO (CarpetX):   average cell updates per second: 178777
INFO (CarpetX): OutputGH: iteration 7, time 0.027344, run time 0 s
INFO (CarpetX): OutputGH done.
INFO (CarpetX): Simulation time: 0.0273438   Iterations per second: 43.7314   Simulation time per second: 0.170826
INFO (CarpetX): Grid cells: 4096   Grid cell updates per second: 179124
INFO (CarpetX): Performance:
INFO (CarpetX):   total evolution time:            0.160068 sec
INFO (CarpetX):   total evolution compute time:    0.159933 sec
INFO (CarpetX):   total evolution output time:     0.000134945 sec
INFO (CarpetX):   total iterations:                7
INFO (CarpetX):   total cells updated:             28672
INFO (CarpetX):   average iterations per second: 43.7314
INFO (CarpetX):   average cell updates per second: 179124
INFO (CarpetX): OutputGH: iteration 8, time 0.031250, run time 0 s
INFO (CarpetX): OutputGH done.
INFO (CarpetX): Simulation time: 0.03125   Iterations per second: 43.7886   Simulation time per second: 0.171049
INFO (CarpetX): Grid cells: 4096   Grid cell updates per second: 179358
INFO (CarpetX): Performance:
INFO (CarpetX):   total evolution time:            0.182696 sec
INFO (CarpetX):   total evolution compute time:    0.182541 sec
INFO (CarpetX):   total evolution output time:     0.000154972 sec
INFO (CarpetX):   total iterations:                8
INFO (CarpetX):   total cells updated:             32768
INFO (CarpetX):   average iterations per second: 43.7886
INFO (CarpetX):   average cell updates per second: 179358
INFO (CarpetX): OutputGH: iteration 9, time 0.035156, run time 0 s
INFO (CarpetX): OutputGH done.
INFO (CarpetX): Simulation time: 0.0351562   Iterations per second: 43.8412   Simulation time per second: 0.171255
INFO (CarpetX): Grid cells: 4096   Grid cell updates per second: 179574
INFO (CarpetX): Performance:
INFO (CarpetX):   total evolution time:            0.205286 sec
INFO (CarpetX):   total evolution compute time:    0.20511 sec
INFO (CarpetX):   total evolution output time:     0.000175953 sec
INFO (CarpetX):   total iterations:                9
INFO (CarpetX):   total cells updated:             36864
INFO (CarpetX):   average iterations per second: 43.8412
INFO (CarpetX):   average cell updates per second: 179574
INFO (CarpetX): OutputGH: iteration 10, time 0.039062, run time 0 s
INFO (CarpetX): OutputGH done.
INFO (CarpetX): Simulation time: 0.0390625   Iterations per second: 43.8999   Simulation time per second: 0.171484
INFO (CarpetX): Grid cells: 4096   Grid cell updates per second: 179814
INFO (CarpetX): Performance:
INFO (CarpetX):   total evolution time:            0.227791 sec
INFO (CarpetX):   total evolution compute time:    0.227595 sec
INFO (CarpetX):   total evolution output time:     0.00019598 sec
INFO (CarpetX):   total iterations:                10
INFO (CarpetX):   total cells updated:             40960
INFO (CarpetX):   average iterations per second: 43.8999
INFO (CarpetX):   average cell updates per second: 179814
INFO (CarpetX): OutputGH: iteration 11, time 0.042969, run time 0 s
INFO (CarpetX): OutputGH done.
INFO (CarpetX): Simulation time: 0.0429688   Iterations per second: 43.9371   Simulation time per second: 0.171629
INFO (CarpetX): Grid cells: 4096   Grid cell updates per second: 179967
INFO (CarpetX): Performance:
INFO (CarpetX):   total evolution time:            0.250377 sec
INFO (CarpetX):   total evolution compute time:    0.250159 sec
INFO (CarpetX):   total evolution output time:     0.000217915 sec
INFO (CarpetX):   total iterations:                11
INFO (CarpetX):   total cells updated:             45056
INFO (CarpetX):   average iterations per second: 43.9338
INFO (CarpetX):   average cell updates per second: 179953
INFO (CarpetX): OutputGH: iteration 12, time 0.046875, run time 0 s
INFO (CarpetX): OutputGH done.
INFO (CarpetX): Simulation time: 0.046875   Iterations per second: 43.9996   Simulation time per second: 0.171873
INFO (CarpetX): Grid cells: 4096   Grid cell updates per second: 180222
INFO (CarpetX): Performance:
INFO (CarpetX):   total evolution time:            0.272814 sec
INFO (CarpetX):   total evolution compute time:    0.272576 sec
INFO (CarpetX):   total evolution output time:     0.000237942 sec
INFO (CarpetX):   total iterations:                12
INFO (CarpetX):   total cells updated:             49152
INFO (CarpetX):   average iterations per second: 43.986
INFO (CarpetX):   average cell updates per second: 180167
INFO (CarpetX): OutputGH: iteration 13, time 0.050781, run time 0 s
INFO (CarpetX): OutputGH done.
INFO (CarpetX): Simulation time: 0.0507812   Iterations per second: 44.0549   Simulation time per second: 0.172089
INFO (CarpetX): Grid cells: 4096   Grid cell updates per second: 180449
INFO (CarpetX): Performance:
INFO (CarpetX):   total evolution time:            0.295256 sec
INFO (CarpetX):   total evolution compute time:    0.294997 sec
INFO (CarpetX):   total evolution output time:     0.000259161 sec
INFO (CarpetX):   total iterations:                13
INFO (CarpetX):   total cells updated:             53248
INFO (CarpetX):   average iterations per second: 44.0296
INFO (CarpetX):   average cell updates per second: 180345
INFO (CarpetX): OutputGH: iteration 14, time 0.054688, run time 0 s
INFO (CarpetX): OutputGH done.
INFO (CarpetX): Simulation time: 0.0546875   Iterations per second: 44.0811   Simulation time per second: 0.172192
INFO (CarpetX): Grid cells: 4096   Grid cell updates per second: 180556
INFO (CarpetX): Performance:
INFO (CarpetX):   total evolution time:            0.31782 sec
INFO (CarpetX):   total evolution compute time:    0.31754 sec
INFO (CarpetX):   total evolution output time:     0.000280142 sec
INFO (CarpetX):   total iterations:                14
INFO (CarpetX):   total cells updated:             57344
INFO (CarpetX):   average iterations per second: 44.0501
INFO (CarpetX):   average cell updates per second: 180429
INFO (CarpetX): OutputGH: iteration 15, time 0.058594, run time 0 s
INFO (CarpetX): OutputGH done.
INFO (CarpetX): Simulation time: 0.0585938   Iterations per second: 44.1214   Simulation time per second: 0.172349
INFO (CarpetX): Grid cells: 4096   Grid cell updates per second: 180721
INFO (CarpetX): Performance:
INFO (CarpetX):   total evolution time:            0.340298 sec
INFO (CarpetX):   total evolution compute time:    0.339996 sec
INFO (CarpetX):   total evolution output time:     0.000302076 sec
INFO (CarpetX):   total iterations:                15
INFO (CarpetX):   total cells updated:             61440
INFO (CarpetX):   average iterations per second: 44.079
INFO (CarpetX):   average cell updates per second: 180548
INFO (CarpetX): OutputGH: iteration 16, time 0.062500, run time 0 s
INFO (CarpetX): OutputGH done.
INFO (CarpetX): Simulation time: 0.0625   Iterations per second: 44.1288   Simulation time per second: 0.172378
INFO (CarpetX): Grid cells: 4096   Grid cell updates per second: 180752
INFO (CarpetX): Performance:
INFO (CarpetX):   total evolution time:            0.362925 sec
INFO (CarpetX):   total evolution compute time:    0.362603 sec
INFO (CarpetX):   total evolution output time:     0.000322104 sec
INFO (CarpetX):   total iterations:                16
INFO (CarpetX):   total cells updated:             65536
INFO (CarpetX):   average iterations per second: 44.0863
INFO (CarpetX):   average cell updates per second: 180577
INFO (CarpetX): OutputGH: iteration 17, time 0.066406, run time 0 s
INFO (CarpetX): OutputGH done.
INFO (CarpetX): Simulation time: 0.0664062   Iterations per second: 44.1588   Simulation time per second: 0.172495
INFO (CarpetX): Grid cells: 4096   Grid cell updates per second: 180874
INFO (CarpetX): Performance:
INFO (CarpetX):   total evolution time:            0.385432 sec
INFO (CarpetX):   total evolution compute time:    0.385077 sec
INFO (CarpetX):   total evolution output time:     0.000355244 sec
INFO (CarpetX):   total iterations:                17
INFO (CarpetX):   total cells updated:             69632
INFO (CarpetX):   average iterations per second: 44.1064
INFO (CarpetX):   average cell updates per second: 180660
INFO (CarpetX): OutputGH: iteration 18, time 0.070312, run time 0 s
INFO (CarpetX): OutputGH done.
INFO (CarpetX): Simulation time: 0.0703125   Iterations per second: 44.2155   Simulation time per second: 0.172717
INFO (CarpetX): Grid cells: 4096   Grid cell updates per second: 181107
INFO (CarpetX): Performance:
INFO (CarpetX):   total evolution time:            0.407787 sec
INFO (CarpetX):   total evolution compute time:    0.407411 sec
INFO (CarpetX):   total evolution output time:     0.000376225 sec
INFO (CarpetX):   total iterations:                18
INFO (CarpetX):   total cells updated:             73728
INFO (CarpetX):   average iterations per second: 44.1407
INFO (CarpetX):   average cell updates per second: 180800
INFO (CarpetX): OutputGH: iteration 19, time 0.074219, run time 0 s
INFO (CarpetX): OutputGH done.
INFO (CarpetX): Simulation time: 0.0742188   Iterations per second: 44.2428   Simulation time per second: 0.172823
INFO (CarpetX): Grid cells: 4096   Grid cell updates per second: 181218
INFO (CarpetX): Performance:
INFO (CarpetX):   total evolution time:            0.430264 sec
INFO (CarpetX):   total evolution compute time:    0.429867 sec
INFO (CarpetX):   total evolution output time:     0.000397205 sec
INFO (CarpetX):   total iterations:                19
INFO (CarpetX):   total cells updated:             77824
INFO (CarpetX):   average iterations per second: 44.1589
INFO (CarpetX):   average cell updates per second: 180875
INFO (CarpetX): OutputGH: iteration 20, time 0.078125, run time 0 s
INFO (CarpetX): OutputGH done.
INFO (CarpetX): Simulation time: 0.078125   Iterations per second: 44.2427   Simulation time per second: 0.172823
INFO (CarpetX): Grid cells: 4096   Grid cell updates per second: 181218
INFO (CarpetX): Performance:
INFO (CarpetX):   total evolution time:            0.452867 sec
INFO (CarpetX):   total evolution compute time:    0.452448 sec
INFO (CarpetX):   total evolution output time:     0.000419378 sec
INFO (CarpetX):   total iterations:                20
INFO (CarpetX):   total cells updated:             81920
INFO (CarpetX):   average iterations per second: 44.1631
INFO (CarpetX):   average cell updates per second: 180892
INFO (CarpetX): OutputGH: iteration 21, time 0.082031, run time 0 s
INFO (CarpetX): OutputGH done.
INFO (CarpetX): Simulation time: 0.0820312   Iterations per second: 44.2716   Simulation time per second: 0.172936
INFO (CarpetX): Grid cells: 4096   Grid cell updates per second: 181337
INFO (CarpetX): Performance:
INFO (CarpetX):   total evolution time:            0.475322 sec
INFO (CarpetX):   total evolution compute time:    0.474882 sec
INFO (CarpetX):   total evolution output time:     0.000440359 sec
INFO (CarpetX):   total iterations:                21
INFO (CarpetX):   total cells updated:             86016
INFO (CarpetX):   average iterations per second: 44.1806
INFO (CarpetX):   average cell updates per second: 180964
INFO (CarpetX): OutputGH: iteration 22, time 0.085938, run time 0 s
INFO (CarpetX): OutputGH done.
INFO (CarpetX): Simulation time: 0.0859375   Iterations per second: 44.2985   Simulation time per second: 0.173041
INFO (CarpetX): Grid cells: 4096   Grid cell updates per second: 181447
INFO (CarpetX): Performance:
INFO (CarpetX):   total evolution time:            0.497773 sec
INFO (CarpetX):   total evolution compute time:    0.497312 sec
INFO (CarpetX):   total evolution output time:     0.00046134 sec
INFO (CarpetX):   total iterations:                22
INFO (CarpetX):   total cells updated:             90112
INFO (CarpetX):   average iterations per second: 44.1969
INFO (CarpetX):   average cell updates per second: 181030
INFO (CarpetX): OutputGH: iteration 23, time 0.089844, run time 0 s
INFO (CarpetX): OutputGH done.
INFO (CarpetX): Simulation time: 0.0898438   Iterations per second: 44.2828   Simulation time per second: 0.17298
INFO (CarpetX): Grid cells: 4096   Grid cell updates per second: 181382
INFO (CarpetX): Performance:
INFO (CarpetX):   total evolution time:            0.520427 sec
INFO (CarpetX):   total evolution compute time:    0.519945 sec
INFO (CarpetX):   total evolution output time:     0.000482321 sec
INFO (CarpetX):   total iterations:                23
INFO (CarpetX):   total cells updated:             94208
INFO (CarpetX):   average iterations per second: 44.1945
INFO (CarpetX):   average cell updates per second: 181021
INFO (CarpetX): OutputGH: iteration 24, time 0.093750, run time 0 s
INFO (CarpetX): OutputGH done.
INFO (CarpetX): Simulation time: 0.09375   Iterations per second: 44.2948   Simulation time per second: 0.173026
INFO (CarpetX): Grid cells: 4096   Grid cell updates per second: 181431
INFO (CarpetX): Performance:
INFO (CarpetX):   total evolution time:            0.542948 sec
INFO (CarpetX):   total evolution compute time:    0.542446 sec
INFO (CarpetX):   total evolution output time:     0.000502348 sec
INFO (CarpetX):   total iterations:                24
INFO (CarpetX):   total cells updated:             98304
INFO (CarpetX):   average iterations per second: 44.2031
INFO (CarpetX):   average cell updates per second: 181056
INFO (CarpetX): OutputGH: iteration 25, time 0.097656, run time 0 s
INFO (CarpetX): OutputGH done.
INFO (CarpetX): Simulation time: 0.0976562   Iterations per second: 44.3209   Simulation time per second: 0.173128
INFO (CarpetX): Grid cells: 4096   Grid cell updates per second: 181538
INFO (CarpetX): Performance:
INFO (CarpetX):   total evolution time:            0.565391 sec
INFO (CarpetX):   total evolution compute time:    0.564869 sec
INFO (CarpetX):   total evolution output time:     0.000522375 sec
INFO (CarpetX):   total iterations:                25
INFO (CarpetX):   total cells updated:             102400
INFO (CarpetX):   average iterations per second: 44.2172
INFO (CarpetX):   average cell updates per second: 181114
INFO (CarpetX): OutputGH: iteration 26, time 0.101562, run time 0 s
INFO (CarpetX): OutputGH done.
INFO (CarpetX): Simulation time: 0.101562   Iterations per second: 44.3004   Simulation time per second: 0.173048
INFO (CarpetX): Grid cells: 4096   Grid cell updates per second: 181454
INFO (CarpetX): Performance:
INFO (CarpetX):   total evolution time:            0.588058 sec
INFO (CarpetX):   total evolution compute time:    0.587515 sec
INFO (CarpetX):   total evolution output time:     0.000543356 sec
INFO (CarpetX):   total iterations:                26
INFO (CarpetX):   total cells updated:             106496
INFO (CarpetX):   average iterations per second: 44.2133
INFO (CarpetX):   average cell updates per second: 181098
INFO (CarpetX): OutputGH: iteration 27, time 0.105469, run time 0 s
INFO (CarpetX): OutputGH done.
INFO (CarpetX): Simulation time: 0.105469   Iterations per second: 44.2827   Simulation time per second: 0.172979
INFO (CarpetX): Grid cells: 4096   Grid cell updates per second: 181382
INFO (CarpetX): Performance:
INFO (CarpetX):   total evolution time:            0.610721 sec
INFO (CarpetX):   total evolution compute time:    0.610156 sec
INFO (CarpetX):   total evolution output time:     0.00056529 sec
INFO (CarpetX):   total iterations:                27
INFO (CarpetX):   total cells updated:             110592
INFO (CarpetX):   average iterations per second: 44.21
INFO (CarpetX):   average cell updates per second: 181084
INFO (CarpetX): OutputGH: iteration 28, time 0.109375, run time 0 s
INFO (CarpetX): OutputGH done.
INFO (CarpetX): Simulation time: 0.109375   Iterations per second: 44.2694   Simulation time per second: 0.172927
INFO (CarpetX): Grid cells: 4096   Grid cell updates per second: 181328
INFO (CarpetX): Performance:
INFO (CarpetX):   total evolution time:            0.633371 sec
INFO (CarpetX):   total evolution compute time:    0.632784 sec
INFO (CarpetX):   total evolution output time:     0.000587463 sec
INFO (CarpetX):   total iterations:                28
INFO (CarpetX):   total cells updated:             114688
INFO (CarpetX):   average iterations per second: 44.2079
INFO (CarpetX):   average cell updates per second: 181075
INFO (CarpetX): OutputGH: iteration 29, time 0.113281, run time 1 s
INFO (CarpetX): OutputGH done.
INFO (CarpetX): Simulation time: 0.113281   Iterations per second: 44.2488   Simulation time per second: 0.172847
INFO (CarpetX): Grid cells: 4096   Grid cell updates per second: 181243
INFO (CarpetX): Performance:
INFO (CarpetX):   total evolution time:            0.656065 sec
INFO (CarpetX):   total evolution compute time:    0.655456 sec
INFO (CarpetX):   total evolution output time:     0.000609398 sec
INFO (CarpetX):   total iterations:                29
INFO (CarpetX):   total cells updated:             118784
INFO (CarpetX):   average iterations per second: 44.2029
INFO (CarpetX):   average cell updates per second: 181055
INFO (CarpetX): OutputGH: iteration 30, time 0.117188, run time 1 s
INFO (CarpetX): OutputGH done.
INFO (CarpetX): Simulation time: 0.117188   Iterations per second: 44.2231   Simulation time per second: 0.172746
INFO (CarpetX): Grid cells: 4096   Grid cell updates per second: 181138
INFO (CarpetX): Performance:
INFO (CarpetX):   total evolution time:            0.678797 sec
INFO (CarpetX):   total evolution compute time:    0.678166 sec
INFO (CarpetX):   total evolution output time:     0.000630379 sec
INFO (CarpetX):   total iterations:                30
INFO (CarpetX):   total cells updated:             122880
INFO (CarpetX):   average iterations per second: 44.1959
INFO (CarpetX):   average cell updates per second: 181026
INFO (CarpetX): OutputGH: iteration 31, time 0.121094, run time 1 s
INFO (CarpetX): OutputGH done.
INFO (CarpetX): Simulation time: 0.121094   Iterations per second: 44.1545   Simulation time per second: 0.172478
INFO (CarpetX): Grid cells: 4096   Grid cell updates per second: 180857
INFO (CarpetX): Performance:
INFO (CarpetX):   total evolution time:            0.701761 sec
INFO (CarpetX):   total evolution compute time:    0.701107 sec
INFO (CarpetX):   total evolution output time:     0.000653505 sec
INFO (CarpetX):   total iterations:                31
INFO (CarpetX):   total cells updated:             126976
INFO (CarpetX):   average iterations per second: 44.1746
INFO (CarpetX):   average cell updates per second: 180939
INFO (CarpetX): OutputGH: iteration 32, time 0.125000, run time 1 s
INFO (CarpetX): OutputGH done.
INFO (CarpetX): Simulation time: 0.125   Iterations per second: 44.1573   Simulation time per second: 0.17249
INFO (CarpetX): Grid cells: 4096   Grid cell updates per second: 180868
INFO (CarpetX): Performance:
INFO (CarpetX):   total evolution time:            0.724394 sec
INFO (CarpetX):   total evolution compute time:    0.723717 sec
INFO (CarpetX):   total evolution output time:     0.000676394 sec
INFO (CarpetX):   total iterations:                32
INFO (CarpetX):   total cells updated:             131072
INFO (CarpetX):   average iterations per second: 44.1749
INFO (CarpetX):   average cell updates per second: 180940
INFO (CarpetX): OutputGH: iteration 33, time 0.128906, run time 1 s
INFO (CarpetX): OutputGH done.
INFO (CarpetX): Simulation time: 0.128906   Iterations per second: 44.1687   Simulation time per second: 0.172534
INFO (CarpetX): Grid cells: 4096   Grid cell updates per second: 180915
INFO (CarpetX): Performance:
INFO (CarpetX):   total evolution time:            0.746981 sec
INFO (CarpetX):   total evolution compute time:    0.746286 sec
INFO (CarpetX):   total evolution output time:     0.000695229 sec
INFO (CarpetX):   total iterations:                33
INFO (CarpetX):   total cells updated:             135168
INFO (CarpetX):   average iterations per second: 44.1778
INFO (CarpetX):   average cell updates per second: 180952
INFO (CarpetX): OutputGH: iteration 34, time 0.132812, run time 1 s
INFO (CarpetX): OutputGH done.
INFO (CarpetX): Simulation time: 0.132812   Iterations per second: 44.2022   Simulation time per second: 0.172665
INFO (CarpetX): Grid cells: 4096   Grid cell updates per second: 181052
INFO (CarpetX): Performance:
INFO (CarpetX):   total evolution time:            0.76945 sec
INFO (CarpetX):   total evolution compute time:    0.768733 sec
INFO (CarpetX):   total evolution output time:     0.000717402 sec
INFO (CarpetX):   total iterations:                34
INFO (CarpetX):   total cells updated:             139264
INFO (CarpetX):   average iterations per second: 44.1874
INFO (CarpetX):   average cell updates per second: 180992
INFO (CarpetX): OutputGH: iteration 35, time 0.136719, run time 1 s
INFO (CarpetX): OutputGH done.
INFO (CarpetX): Simulation time: 0.136719   Iterations per second: 44.225   Simulation time per second: 0.172754
INFO (CarpetX): Grid cells: 4096   Grid cell updates per second: 181145
INFO (CarpetX): Performance:
INFO (CarpetX):   total evolution time:            0.791957 sec
INFO (CarpetX):   total evolution compute time:    0.791219 sec
INFO (CarpetX):   total evolution output time:     0.000738382 sec
INFO (CarpetX):   total iterations:                35
INFO (CarpetX):   total cells updated:             143360
INFO (CarpetX):   average iterations per second: 44.1943
INFO (CarpetX):   average cell updates per second: 181020
INFO (CarpetX): OutputGH: iteration 36, time 0.140625, run time 1 s
INFO (CarpetX): OutputGH done.
INFO (CarpetX): Simulation time: 0.140625   Iterations per second: 44.2253   Simulation time per second: 0.172755
INFO (CarpetX): Grid cells: 4096   Grid cell updates per second: 181147
INFO (CarpetX): Performance:
INFO (CarpetX):   total evolution time:            0.814567 sec
INFO (CarpetX):   total evolution compute time:    0.813806 sec
INFO (CarpetX):   total evolution output time:     0.000761509 sec
INFO (CarpetX):   total iterations:                36
INFO (CarpetX):   total cells updated:             147456
INFO (CarpetX):   average iterations per second: 44.1952
INFO (CarpetX):   average cell updates per second: 181024
INFO (CarpetX): OutputGH: iteration 37, time 0.144531, run time 1 s
INFO (CarpetX): OutputGH done.
INFO (CarpetX): Simulation time: 0.144531   Iterations per second: 44.2289   Simulation time per second: 0.172769
INFO (CarpetX): Grid cells: 4096   Grid cell updates per second: 181162
INFO (CarpetX): Performance:
INFO (CarpetX):   total evolution time:            0.83716 sec
INFO (CarpetX):   total evolution compute time:    0.836378 sec
INFO (CarpetX):   total evolution output time:     0.00078249 sec
INFO (CarpetX):   total iterations:                37
INFO (CarpetX):   total cells updated:             151552
INFO (CarpetX):   average iterations per second: 44.197
INFO (CarpetX):   average cell updates per second: 181031
INFO (CarpetX): OutputGH: iteration 38, time 0.148438, run time 1 s
INFO (CarpetX): OutputGH done.
INFO (CarpetX): Simulation time: 0.148438   Iterations per second: 44.258   Simulation time per second: 0.172883
INFO (CarpetX): Grid cells: 4096   Grid cell updates per second: 181281
INFO (CarpetX): Performance:
INFO (CarpetX):   total evolution time:            0.859622 sec
INFO (CarpetX):   total evolution compute time:    0.858819 sec
INFO (CarpetX):   total evolution output time:     0.000802517 sec
INFO (CarpetX):   total iterations:                38
INFO (CarpetX):   total cells updated:             155648
INFO (CarpetX):   average iterations per second: 44.2055
INFO (CarpetX):   average cell updates per second: 181066
INFO (CarpetX): OutputGH: iteration 39, time 0.152344, run time 1 s
INFO (CarpetX): OutputGH done.
INFO (CarpetX): Simulation time: 0.152344   Iterations per second: 44.2783   Simulation time per second: 0.172962
INFO (CarpetX): Grid cells: 4096   Grid cell updates per second: 181364
INFO (CarpetX): Performance:
INFO (CarpetX):   total evolution time:            0.882113 sec
INFO (CarpetX):   total evolution compute time:    0.881288 sec
INFO (CarpetX):   total evolution output time:     0.000824451 sec
INFO (CarpetX):   total iterations:                39
INFO (CarpetX):   total cells updated:             159744
INFO (CarpetX):   average iterations per second: 44.212
INFO (CarpetX):   average cell updates per second: 181092
INFO (CarpetX): OutputGH: iteration 40, time 0.156250, run time 1 s
INFO (CarpetX): OutputGH done.
INFO (CarpetX): Simulation time: 0.15625   Iterations per second: 44.2811   Simulation time per second: 0.172973
INFO (CarpetX): Grid cells: 4096   Grid cell updates per second: 181375
INFO (CarpetX): Performance:
INFO (CarpetX):   total evolution time:            0.904683 sec
INFO (CarpetX):   total evolution compute time:    0.903837 sec
INFO (CarpetX):   total evolution output time:     0.000845432 sec
INFO (CarpetX):   total iterations:                40
INFO (CarpetX):   total cells updated:             163840
INFO (CarpetX):   average iterations per second: 44.2144
INFO (CarpetX):   average cell updates per second: 181102
INFO (CarpetX): OutputGH: iteration 41, time 0.160156, run time 1 s
INFO (CarpetX): OutputGH done.
INFO (CarpetX): Simulation time: 0.160156   Iterations per second: 44.3146   Simulation time per second: 0.173104
INFO (CarpetX): Grid cells: 4096   Grid cell updates per second: 181513
INFO (CarpetX): Performance:
INFO (CarpetX):   total evolution time:            0.927095 sec
INFO (CarpetX):   total evolution compute time:    0.926228 sec
INFO (CarpetX):   total evolution output time:     0.000867367 sec
INFO (CarpetX):   total iterations:                41
INFO (CarpetX):   total cells updated:             167936
INFO (CarpetX):   average iterations per second: 44.2242
INFO (CarpetX):   average cell updates per second: 181142
INFO (CarpetX): OutputGH: iteration 42, time 0.164062, run time 1 s
INFO (CarpetX): OutputGH done.
INFO (CarpetX): Simulation time: 0.164062   Iterations per second: 44.3081   Simulation time per second: 0.173079
INFO (CarpetX): Grid cells: 4096   Grid cell updates per second: 181486
INFO (CarpetX): Performance:
INFO (CarpetX):   total evolution time:            0.949694 sec
INFO (CarpetX):   total evolution compute time:    0.948807 sec
INFO (CarpetX):   total evolution output time:     0.000887394 sec
INFO (CarpetX):   total iterations:                42
INFO (CarpetX):   total cells updated:             172032
INFO (CarpetX):   average iterations per second: 44.2248
INFO (CarpetX):   average cell updates per second: 181145
INFO (CarpetX): OutputGH: iteration 43, time 0.167969, run time 1 s
INFO (CarpetX): OutputGH done.
INFO (CarpetX): Simulation time: 0.167969   Iterations per second: 44.3361   Simulation time per second: 0.173188
INFO (CarpetX): Grid cells: 4096   Grid cell updates per second: 181601
INFO (CarpetX): Performance:
INFO (CarpetX):   total evolution time:            0.972121 sec
INFO (CarpetX):   total evolution compute time:    0.971213 sec
INFO (CarpetX):   total evolution output time:     0.000907421 sec
INFO (CarpetX):   total iterations:                43
INFO (CarpetX):   total cells updated:             176128
INFO (CarpetX):   average iterations per second: 44.2332
INFO (CarpetX):   average cell updates per second: 181179
INFO (CarpetX): OutputGH: iteration 44, time 0.171875, run time 1 s
INFO (CarpetX): OutputGH done.
INFO (CarpetX): Simulation time: 0.171875   Iterations per second: 44.3548   Simulation time per second: 0.173261
INFO (CarpetX): Grid cells: 4096   Grid cell updates per second: 181677
INFO (CarpetX): Performance:
INFO (CarpetX):   total evolution time:            0.994581 sec
INFO (CarpetX):   total evolution compute time:    0.993652 sec
INFO (CarpetX):   total evolution output time:     0.000928402 sec
INFO (CarpetX):   total iterations:                44
INFO (CarpetX):   total cells updated:             180224
INFO (CarpetX):   average iterations per second: 44.2397
INFO (CarpetX):   average cell updates per second: 181206
INFO (CarpetX): OutputGH: iteration 45, time 0.175781, run time 1 s
INFO (CarpetX): OutputGH done.
INFO (CarpetX): Simulation time: 0.175781   Iterations per second: 44.3446   Simulation time per second: 0.173221
INFO (CarpetX): Grid cells: 4096   Grid cell updates per second: 181636
INFO (CarpetX): Performance:
INFO (CarpetX):   total evolution time:            1.01718 sec
INFO (CarpetX):   total evolution compute time:    1.01623 sec
INFO (CarpetX):   total evolution output time:     0.000949383 sec
INFO (CarpetX):   total iterations:                45
INFO (CarpetX):   total cells updated:             184320
INFO (CarpetX):   average iterations per second: 44.2401
INFO (CarpetX):   average cell updates per second: 181207
INFO (CarpetX): OutputGH: iteration 46, time 0.179688, run time 1 s
INFO (CarpetX): OutputGH done.
INFO (CarpetX): Simulation time: 0.179688   Iterations per second: 44.3704   Simulation time per second: 0.173322
INFO (CarpetX): Grid cells: 4096   Grid cell updates per second: 181741
INFO (CarpetX): Performance:
INFO (CarpetX):   total evolution time:            1.0396 sec
INFO (CarpetX):   total evolution compute time:    1.03863 sec
INFO (CarpetX):   total evolution output time:     0.00096941 sec
INFO (CarpetX):   total iterations:                46
INFO (CarpetX):   total cells updated:             188416
INFO (CarpetX):   average iterations per second: 44.2479
INFO (CarpetX):   average cell updates per second: 181239
INFO (CarpetX): OutputGH: iteration 47, time 0.183594, run time 1 s
INFO (CarpetX): OutputGH done.
INFO (CarpetX): Simulation time: 0.183594   Iterations per second: 44.3445   Simulation time per second: 0.173221
INFO (CarpetX): Grid cells: 4096   Grid cell updates per second: 181635
INFO (CarpetX): Performance:
INFO (CarpetX):   total evolution time:            1.06227 sec
INFO (CarpetX):   total evolution compute time:    1.06128 sec
INFO (CarpetX):   total evolution output time:     0.000990391 sec
INFO (CarpetX):   total iterations:                47
INFO (CarpetX):   total cells updated:             192512
INFO (CarpetX):   average iterations per second: 44.245
INFO (CarpetX):   average cell updates per second: 181228
INFO (CarpetX): OutputGH: iteration 48, time 0.187500, run time 1 s
INFO (CarpetX): OutputGH done.
INFO (CarpetX): Simulation time: 0.1875   Iterations per second: 44.3326   Simulation time per second: 0.173174
INFO (CarpetX): Grid cells: 4096   Grid cell updates per second: 181587
INFO (CarpetX): Performance:
INFO (CarpetX):   total evolution time:            1.08488 sec
INFO (CarpetX):   total evolution compute time:    1.08387 sec
INFO (CarpetX):   total evolution output time:     0.00101018 sec
INFO (CarpetX):   total iterations:                48
INFO (CarpetX):   total cells updated:             196608
INFO (CarpetX):   average iterations per second: 44.2446
INFO (CarpetX):   average cell updates per second: 181226
INFO (CarpetX): OutputGH: iteration 49, time 0.191406, run time 1 s
INFO (CarpetX): OutputGH done.
INFO (CarpetX): Simulation time: 0.191406   Iterations per second: 44.3326   Simulation time per second: 0.173174
INFO (CarpetX): Grid cells: 4096   Grid cell updates per second: 181586
INFO (CarpetX): Performance:
INFO (CarpetX):   total evolution time:            1.10743 sec
INFO (CarpetX):   total evolution compute time:    1.10641 sec
INFO (CarpetX):   total evolution output time:     0.00102925 sec
INFO (CarpetX):   total iterations:                49
INFO (CarpetX):   total cells updated:             200704
INFO (CarpetX):   average iterations per second: 44.2464
INFO (CarpetX):   average cell updates per second: 181233
INFO (CarpetX): OutputGH: iteration 50, time 0.195312, run time 1 s
INFO (CarpetX): OutputGH done.
INFO (CarpetX): Simulation time: 0.195312   Iterations per second: 44.3325   Simulation time per second: 0.173174
INFO (CarpetX): Grid cells: 4096   Grid cell updates per second: 181586
INFO (CarpetX): Performance:
INFO (CarpetX):   total evolution time:            1.12999 sec
INFO (CarpetX):   total evolution compute time:    1.12894 sec
INFO (CarpetX):   total evolution output time:     0.00104833 sec
INFO (CarpetX):   total iterations:                50
INFO (CarpetX):   total cells updated:             204800
INFO (CarpetX):   average iterations per second: 44.2481
INFO (CarpetX):   average cell updates per second: 181240
INFO (CarpetX): OutputGH: iteration 51, time 0.199219, run time 1 s
INFO (CarpetX): OutputGH done.
INFO (CarpetX): Simulation time: 0.199219   Iterations per second: 44.3662   Simulation time per second: 0.173305
INFO (CarpetX): Grid cells: 4096   Grid cell updates per second: 181724
INFO (CarpetX): Performance:
INFO (CarpetX):   total evolution time:            1.15238 sec
INFO (CarpetX):   total evolution compute time:    1.15131 sec
INFO (CarpetX):   total evolution output time:     0.00106835 sec
INFO (CarpetX):   total iterations:                51
INFO (CarpetX):   total cells updated:             208896
INFO (CarpetX):   average iterations per second: 44.2563
INFO (CarpetX):   average cell updates per second: 181274
INFO (CarpetX): OutputGH: iteration 52, time 0.203125, run time 1 s
INFO (CarpetX): OutputGH done.
INFO (CarpetX): Simulation time: 0.203125   Iterations per second: 44.3716   Simulation time per second: 0.173327
INFO (CarpetX): Grid cells: 4096   Grid cell updates per second: 181746
INFO (CarpetX): Performance:
INFO (CarpetX):   total evolution time:            1.17489 sec
INFO (CarpetX):   total evolution compute time:    1.1738 sec
INFO (CarpetX):   total evolution output time:     0.00108838 sec
INFO (CarpetX):   total iterations:                52
INFO (CarpetX):   total cells updated:             212992
INFO (CarpetX):   average iterations per second: 44.2595
INFO (CarpetX):   average cell updates per second: 181287
INFO (CarpetX): OutputGH: iteration 53, time 0.207031, run time 1 s
INFO (CarpetX): OutputGH done.
INFO (CarpetX): Simulation time: 0.207031   Iterations per second: 44.3521   Simulation time per second: 0.173251
INFO (CarpetX): Grid cells: 4096   Grid cell updates per second: 181666
INFO (CarpetX): Performance:
INFO (CarpetX):   total evolution time:            1.19753 sec
INFO (CarpetX):   total evolution compute time:    1.19642 sec
INFO (CarpetX):   total evolution output time:     0.00110936 sec
INFO (CarpetX):   total iterations:                53
INFO (CarpetX):   total cells updated:             217088
INFO (CarpetX):   average iterations per second: 44.2579
INFO (CarpetX):   average cell updates per second: 181280
INFO (CarpetX): OutputGH: iteration 54, time 0.210938, run time 1 s
INFO (CarpetX): OutputGH done.
INFO (CarpetX): Simulation time: 0.210938   Iterations per second: 44.3238   Simulation time per second: 0.17314
INFO (CarpetX): Grid cells: 4096   Grid cell updates per second: 181550
INFO (CarpetX): Performance:
INFO (CarpetX):   total evolution time:            1.22022 sec
INFO (CarpetX):   total evolution compute time:    1.21909 sec
INFO (CarpetX):   total evolution output time:     0.00112748 sec
INFO (CarpetX):   total iterations:                54
INFO (CarpetX):   total cells updated:             221184
INFO (CarpetX):   average iterations per second: 44.2544
INFO (CarpetX):   average cell updates per second: 181266
INFO (CarpetX): OutputGH: iteration 55, time 0.214844, run time 1 s
INFO (CarpetX): OutputGH done.
INFO (CarpetX): Simulation time: 0.214844   Iterations per second: 44.306   Simulation time per second: 0.17307
INFO (CarpetX): Grid cells: 4096   Grid cell updates per second: 181477
INFO (CarpetX): Performance:
INFO (CarpetX):   total evolution time:            1.24287 sec
INFO (CarpetX):   total evolution compute time:    1.24172 sec
INFO (CarpetX):   total evolution output time:     0.00114846 sec
INFO (CarpetX):   total iterations:                55
INFO (CarpetX):   total cells updated:             225280
INFO (CarpetX):   average iterations per second: 44.2525
INFO (CarpetX):   average cell updates per second: 181258
INFO (CarpetX): OutputGH: iteration 56, time 0.218750, run time 1 s
INFO (CarpetX): OutputGH done.
INFO (CarpetX): Simulation time: 0.21875   Iterations per second: 44.3278   Simulation time per second: 0.173156
INFO (CarpetX): Grid cells: 4096   Grid cell updates per second: 181567
INFO (CarpetX): Performance:
INFO (CarpetX):   total evolution time:            1.26533 sec
INFO (CarpetX):   total evolution compute time:    1.26416 sec
INFO (CarpetX):   total evolution output time:     0.00116944 sec
INFO (CarpetX):   total iterations:                56
INFO (CarpetX):   total cells updated:             229376
INFO (CarpetX):   average iterations per second: 44.2573
INFO (CarpetX):   average cell updates per second: 181278
INFO (CarpetX): OutputGH: iteration 57, time 0.222656, run time 1 s
INFO (CarpetX): OutputGH done.
INFO (CarpetX): Simulation time: 0.222656   Iterations per second: 44.3308   Simulation time per second: 0.173167
INFO (CarpetX): Grid cells: 4096   Grid cell updates per second: 181579
INFO (CarpetX): Performance:
INFO (CarpetX):   total evolution time:            1.28787 sec
INFO (CarpetX):   total evolution compute time:    1.28668 sec
INFO (CarpetX):   total evolution output time:     0.00118828 sec
INFO (CarpetX):   total iterations:                57
INFO (CarpetX):   total cells updated:             233472
INFO (CarpetX):   average iterations per second: 44.2591
INFO (CarpetX):   average cell updates per second: 181285
INFO (CarpetX): OutputGH: iteration 58, time 0.226562, run time 1 s
INFO (CarpetX): OutputGH done.
INFO (CarpetX): Simulation time: 0.226562   Iterations per second: 44.3357   Simulation time per second: 0.173186
INFO (CarpetX): Grid cells: 4096   Grid cell updates per second: 181599
INFO (CarpetX): Performance:
INFO (CarpetX):   total evolution time:            1.3104 sec
INFO (CarpetX):   total evolution compute time:    1.3092 sec
INFO (CarpetX):   total evolution output time:     0.00120831 sec
INFO (CarpetX):   total iterations:                58
INFO (CarpetX):   total cells updated:             237568
INFO (CarpetX):   average iterations per second: 44.2611
INFO (CarpetX):   average cell updates per second: 181294
INFO (CarpetX): OutputGH: iteration 59, time 0.230469, run time 1 s
INFO (CarpetX): OutputGH done.
INFO (CarpetX): Simulation time: 0.230469   Iterations per second: 44.2762   Simulation time per second: 0.172954
INFO (CarpetX): Grid cells: 4096   Grid cell updates per second: 181355
INFO (CarpetX): Performance:
INFO (CarpetX):   total evolution time:            1.33326 sec
INFO (CarpetX):   total evolution compute time:    1.33203 sec
INFO (CarpetX):   total evolution output time:     0.00123143 sec
INFO (CarpetX):   total iterations:                59
INFO (CarpetX):   total cells updated:             241664
INFO (CarpetX):   average iterations per second: 44.2524
INFO (CarpetX):   average cell updates per second: 181258
INFO (CarpetX): OutputGH: iteration 60, time 0.234375, run time 1 s
INFO (CarpetX): OutputGH done.
INFO (CarpetX): Simulation time: 0.234375   Iterations per second: 44.3246   Simulation time per second: 0.173143
INFO (CarpetX): Grid cells: 4096   Grid cell updates per second: 181554
INFO (CarpetX): Performance:
INFO (CarpetX):   total evolution time:            1.3556 sec
INFO (CarpetX):   total evolution compute time:    1.35435 sec
INFO (CarpetX):   total evolution output time:     0.00125241 sec
INFO (CarpetX):   total iterations:                60
INFO (CarpetX):   total cells updated:             245760
INFO (CarpetX):   average iterations per second: 44.2608
INFO (CarpetX):   average cell updates per second: 181292
INFO (CarpetX): OutputGH: iteration 61, time 0.238281, run time 1 s
INFO (CarpetX): OutputGH done.
INFO (CarpetX): Simulation time: 0.238281   Iterations per second: 44.3334   Simulation time per second: 0.173178
INFO (CarpetX): Grid cells: 4096   Grid cell updates per second: 181590
INFO (CarpetX): Performance:
INFO (CarpetX):   total evolution time:            1.37812 sec
INFO (CarpetX):   total evolution compute time:    1.37684 sec
INFO (CarpetX):   total evolution output time:     0.00127244 sec
INFO (CarpetX):   total iterations:                61
INFO (CarpetX):   total cells updated:             249856
INFO (CarpetX):   average iterations per second: 44.2633
INFO (CarpetX):   average cell updates per second: 181302
INFO (CarpetX): OutputGH: iteration 62, time 0.242188, run time 1 s
INFO (CarpetX): OutputGH done.
INFO (CarpetX): Simulation time: 0.242188   Iterations per second: 44.3419   Simulation time per second: 0.173211
INFO (CarpetX): Grid cells: 4096   Grid cell updates per second: 181625
INFO (CarpetX): Performance:
INFO (CarpetX):   total evolution time:            1.40063 sec
INFO (CarpetX):   total evolution compute time:    1.39934 sec
INFO (CarpetX):   total evolution output time:     0.00129533 sec
INFO (CarpetX):   total iterations:                62
INFO (CarpetX):   total cells updated:             253952
INFO (CarpetX):   average iterations per second: 44.2658
INFO (CarpetX):   average cell updates per second: 181313
INFO (CarpetX): OutputGH: iteration 63, time 0.246094, run time 1 s
INFO (CarpetX): OutputGH done.
INFO (CarpetX): Simulation time: 0.246094   Iterations per second: 44.3366   Simulation time per second: 0.17319
INFO (CarpetX): Grid cells: 4096   Grid cell updates per second: 181603
INFO (CarpetX): Performance:
INFO (CarpetX):   total evolution time:            1.42321 sec
INFO (CarpetX):   total evolution compute time:    1.42189 sec
INFO (CarpetX):   total evolution output time:     0.00131631 sec
INFO (CarpetX):   total iterations:                63
INFO (CarpetX):   total cells updated:             258048
INFO (CarpetX):   average iterations per second: 44.2661
INFO (CarpetX):   average cell updates per second: 181314
INFO (CarpetX): OutputGH: iteration 64, time 0.250000, run time 1 s
INFO (CarpetX): OutputGH done.
INFO (CarpetX): Simulation time: 0.25   Iterations per second: 42.2877   Simulation time per second: 0.165186
INFO (CarpetX): Grid cells: 4096   Grid cell updates per second: 173210
INFO (CarpetX): Performance:
INFO (CarpetX):   total evolution time:            1.45669 sec
INFO (CarpetX):   total evolution compute time:    1.44657 sec
INFO (CarpetX):   total evolution output time:     0.0101213 sec
INFO (CarpetX):   total iterations:                64
INFO (CarpetX):   total cells updated:             262144
INFO (CarpetX):   average iterations per second: 43.9351
INFO (CarpetX):   average cell updates per second: 179958
INFO (CarpetX): Shutting down...
AMReX (25.11) finalized
--------------------------------------------------------------------------------
Done.

real	0m1.817s
user	0m2.952s
sys	0m0.183s
+ echo Stopping:
Stopping:
+ date
Wed Mar 11 03:37:27 AM UTC 2026
+ echo Done.
Done.
  Elapsed time: 1.8 s
