/__w/canudax-tests/workspace/simulations/TestJob01_temp_1/output-0000/TEST/sim/CanudaX_BSSNMoL
Preparing:
+ set -e
+ cd output-0000-active
+ echo Checking:
Checking:
+ pwd
/__w/canudax-tests/workspace/simulations/TestJob01_temp_1/output-0000/TEST/sim/CanudaX_BSSNMoL/output-0000-active
+ hostname
d35d4f3a377e
+ date
Mon Feb 16 11:14:26 PM UTC 2026
+ echo Environment:
Environment:
+ export SIMULATION_ID=simulation-TestJob01_temp_1-actions-cpu-real64-actions-root-2026.02.16-23.14.25-13041
+ SIMULATION_ID=simulation-TestJob01_temp_1-actions-cpu-real64-actions-root-2026.02.16-23.14.25-13041
+ export CACTUS_NUM_PROCS=1
+ CACTUS_NUM_PROCS=1
+ export CACTUS_NUM_THREADS=2
+ CACTUS_NUM_THREADS=2
+ export CACTUS_SET_THREAD_BINDINGS=0
+ CACTUS_SET_THREAD_BINDINGS=0
+ export GLIBCXX_FORCE_NEW=1
+ GLIBCXX_FORCE_NEW=1
+ export GMON_OUT_PREFIX=gmon.out
+ GMON_OUT_PREFIX=gmon.out
+ export OMP_DISPLAY_ENV=TRUE
+ OMP_DISPLAY_ENV=TRUE
+ export OMP_MAX_TASKS=100
+ OMP_MAX_TASKS=100
+ export OMP_NUM_THREADS=2
+ OMP_NUM_THREADS=2
+ export OMP_PLACES=cores
+ OMP_PLACES=cores
+ export OMP_PROC_BIND=FALSE
+ OMP_PROC_BIND=FALSE
+ export OMP_STACKSIZE=8192
+ OMP_STACKSIZE=8192
+ env
+ sort
+ echo Starting:
Starting:
++ date +%s
+ export CACTUS_STARTTIME=1771283666
+ CACTUS_STARTTIME=1771283666
+ mpiexec -n 1 /__w/canudax-tests/workspace/simulations/TestJob01_temp_1/SIMFACTORY/exe/cactus_sim -L 3 /__w/canudax-tests/workspace/simulations/TestJob01_temp_1/output-0000/arrangements/CanudaX_Lean/CanudaX_BSSNMoL/test/gaugewave.par

OPENMP DISPLAY ENVIRONMENT BEGIN
  _OPENMP = '201511'
  [host] OMP_DYNAMIC = 'FALSE'
  [host] OMP_NESTED = 'FALSE'
  [host] OMP_NUM_THREADS = '2'
  [host] OMP_SCHEDULE = 'DYNAMIC'
  [host] OMP_PROC_BIND = 'FALSE'
  [host] OMP_PLACES = ''
  [host] OMP_STACKSIZE = '8388608'
  [host] OMP_WAIT_POLICY = 'PASSIVE'
  [host] OMP_THREAD_LIMIT = '4294967295'
  [host] OMP_MAX_ACTIVE_LEVELS = '1'
  [host] OMP_NUM_TEAMS = '0'
  [host] OMP_TEAMS_THREAD_LIMIT = '0'
  [all] OMP_CANCELLATION = 'FALSE'
  [all] OMP_DEFAULT_DEVICE = '0'
  [all] OMP_MAX_TASK_PRIORITY = '0'
  [all] OMP_DISPLAY_AFFINITY = 'FALSE'
  [host] OMP_AFFINITY_FORMAT = 'level %L thread %i affinity %A'
  [host] OMP_ALLOCATOR = 'omp_default_mem_alloc'
  [all] OMP_TARGET_OFFLOAD = 'DEFAULT'
OPENMP DISPLAY ENVIRONMENT END
INFO (Cactus): Increased logging level from 0 to 3
--------------------------------------------------------------------------------

       10                                  
  1   0101       ************************  
  01  1010 10      The Cactus Code V4.18.0    
 1010 1101 011      www.cactuscode.org     
  1001 100101    ************************  
    00010101                               
     100011     (c) Copyright The Authors  
      0100      GNU Licensed. No Warranty  
      0101                                 
--------------------------------------------------------------------------------

Cactus version:    4.18.0
Compile date:      Feb 16 2026 (23:14:14)
Run date:          Feb 16 2026 (23:14:26+0000)
Run host:          d35d4f3a377e (pid=13089)
Working directory: /__w/canudax-tests/workspace/simulations/TestJob01_temp_1/output-0000/TEST/sim/CanudaX_BSSNMoL
Executable:        /__w/canudax-tests/workspace/simulations/TestJob01_temp_1/SIMFACTORY/exe/cactus_sim
Parameter file:    /__w/canudax-tests/workspace/simulations/TestJob01_temp_1/output-0000/arrangements/CanudaX_Lean/CanudaX_BSSNMoL/test/gaugewave.par
--------------------------------------------------------------------------------

Activating thorn Cactus...Success -> active implementation Cactus
Activation requested for 
--->ADMBaseX CanudaX_BSSNMoL CanudaX_ExactID CarpetX ErrorEstimator IOUtil ODESolvers TmunuBaseX<---
Thorn ADMBaseX requests automatic activation of Loop
Thorn CanudaX_ExactID requests automatic activation of GSL
Thorn CarpetX requests automatic activation of AMReX
Thorn CarpetX requests automatic activation of MPI
Thorn CarpetX requests automatic activation of yaml_cpp
Thorn CarpetX requests automatic activation of zlib
Thorn CarpetX requests automatic activation of Arith
Thorn CarpetX requests automatic activation of CarpetXRegrid
Thorn CarpetX requests automatic activation of ADIOS2
Thorn CarpetX requests automatic activation of openPMD
Thorn CarpetX requests automatic activation of Silo
Thorn Arith requests automatic activation of NSIMD
Thorn MPI requests automatic activation of hwloc
Thorn openPMD requests automatic activation of HDF5
Activating thorn ADIOS2...Success -> active implementation ADIOS2
Activating thorn ADMBaseX...Success -> active implementation ADMBaseX
Activating thorn AMReX...Success -> active implementation AMReX
Activating thorn Arith...Success -> active implementation Arith
Activating thorn CanudaX_BSSNMoL...Success -> active implementation CanudaX_BSSNMoL
Activating thorn CanudaX_ExactID...Success -> active implementation CanudaX_ExactID
Activating thorn CarpetX...Success -> active implementation Driver
Activating thorn CarpetXRegrid...Success -> active implementation CarpetXRegrid
Activating thorn ErrorEstimator...Success -> active implementation ErrorEstimator
Activating thorn GSL...Success -> active implementation GSL
Activating thorn HDF5...Success -> active implementation HDF5
Activating thorn hwloc...Success -> active implementation hwloc
Activating thorn IOUtil...Success -> active implementation IO
Activating thorn Loop...Success -> active implementation Loop
Activating thorn MPI...Success -> active implementation MPI
Activating thorn NSIMD...Success -> active implementation NSIMD
Activating thorn ODESolvers...Success -> active implementation ODESolvers
Activating thorn openPMD...Success -> active implementation openPMD
Activating thorn Silo...Success -> active implementation Silo
Activating thorn TmunuBaseX...Success -> active implementation TmunuBaseX
Activating thorn yaml_cpp...Success -> active implementation yaml_cpp
Activating thorn zlib...Success -> active implementation zlib
--------------------------------------------------------------------------------
  if (recover initial data)
    Recover parameters
  endif

  Startup routines
    [CCTK_STARTUP]
      CarpetX::Driver_Startup: Start up the driver
      IOUtil::IOUtil_Startup: Startup routine
      GROUP hwloc_startup: hwloc startup group
        hwloc::hwloc_version: Output hwloc version

  Startup routines which need an existing grid hierarchy
    [CCTK_WRAGH]
      Arith::Test_smallvector: [meta] Test small vectors
      Arith::Test_spvect: [meta] Test sparse vectors
      ODESolvers::ODESolvers_InitConstants: [global] Set up dummy loop counters for schedule printout
  Parameter checking routines
    [CCTK_PARAMCHECK]
      CanudaX_BSSNMoL::CanudaX_BSSNMoL_paramcheck: Check CanudaX_BSSNMoL parameters for consistency

  Initialisation
    if (NOT (recover initial data AND recovery_mode is 'strict'))
      [CCTK_PREREGRIDINITIAL]
      Set up grid hierarchy
      [CCTK_POSTREGRIDINITIAL]
      [CCTK_BASEGRID]
        CarpetXRegrid::CarpetXRegrid_InitError: Initialize regridding error to zero
        GROUP ODESolvers_BaseGrid: Set up constants (e.g. coordinates) everywhere on the grid
      [CCTK_INITIAL]
        GROUP TmunuBaseX_SetTmunuVars: Schedule group for setting T_munu
          TmunuBaseX::TmunuBaseX_ZeroTmunu: Set T_munu to zero
          GROUP TmunuBaseX_AddToTmunu: Add to T_munu here
        GROUP ODESolvers_Initial: Set up initial conditions on interior of state vector
          GROUP ADMBaseX_InitialData: Schedule group for calculating ADM initial data
            GROUP ExactID_Group: ExactID initial data group
              CanudaX_ExactID::GaugeWave_ID: [local] Create gauge wave initial data
          GROUP ADMBaseX_InitialGauge: Schedule group for the ADM initial gauge condition
            ADMBaseX::ADMBaseX_initial_dtlapse: Set dtlapse to zero
            ADMBaseX::ADMBaseX_initial_dtshift: Set dtshift to zero
          GROUP ADMBaseX_PostInitial: Schedule group for modifying the ADM initial data, such as e.g. adding noise
        GROUP CanudaX_BSSNMoL_InitialGroup: CanudaX_BSSNMoL: initial bin
          CanudaX_BSSNMoL::CanudaX_BSSNMoL_adm2bssn: [local] Convert initial data into BSSN variables
          CanudaX_BSSNMoL::CanudaX_BSSNMoL_gammat: [local] Set Gammat initial data
      [CCTK_POSTINITIAL]
        ErrorEstimator::EstimateError: Estimate error
        GROUP ODESolvers_PostStep: Apply boundary conditions to state vector, and project if necessary
          GROUP CanudaX_BSSNMoL_PostStepGroup: CanudaX_BSSNMoL: post-step operations
            CanudaX_BSSNMoL::CanudaX_BSSNMoL_impose_conf_fac_floor: Make sure conformal factor does not drop below specified value
            CanudaX_BSSNMoL::CanudaX_BSSNMoL_reset_detmetric: reset dethh = 1
            CanudaX_BSSNMoL::CanudaX_BSSNMoL_remove_trA: Remove trace of A
            CanudaX_BSSNMoL::CanudaX_BSSNMoL_sync: [global] Sync state vector
            CanudaX_BSSNMoL::CanudaX_BSSNMoL_bssn2adm: [local] Convert variables back to the ADM ones
          GROUP ADMBaseX_SetADMRHS: Set ADM RHS variables in this group
          GROUP ADMBaseX_SetADMVars: Set ADM variables in this group
          GROUP TmunuBaseX_SetTmunuVars: Schedule group for setting T_munu
            TmunuBaseX::TmunuBaseX_ZeroTmunu: Set T_munu to zero
            GROUP TmunuBaseX_AddToTmunu: Add to T_munu here
        GROUP ODESolvers_EstimateError: Estimate discretization error (for regridding)
      Initialise finer grids recursively
      Restrict from finer grids
      [CCTK_POSTRESTRICTINITIAL]
      [CCTK_POSTPOSTINITIAL]
      [CCTK_POSTSTEP]
        ErrorEstimator::EstimateError: Estimate error
        GROUP ODESolvers_EstimateError: Estimate discretization error (for regridding)
    endif
    if (recover initial data)
      [CCTK_BASEGRID]
        CarpetXRegrid::CarpetXRegrid_InitError: Initialize regridding error to zero
        GROUP ODESolvers_BaseGrid: Set up constants (e.g. coordinates) everywhere on the grid
      [CCTK_RECOVER_VARIABLES]
      [CCTK_POST_RECOVER_VARIABLES]
        GROUP ODESolvers_PostStep: Apply boundary conditions to state vector, and project if necessary
          GROUP CanudaX_BSSNMoL_PostStepGroup: CanudaX_BSSNMoL: post-step operations
            CanudaX_BSSNMoL::CanudaX_BSSNMoL_impose_conf_fac_floor: Make sure conformal factor does not drop below specified value
            CanudaX_BSSNMoL::CanudaX_BSSNMoL_reset_detmetric: reset dethh = 1
            CanudaX_BSSNMoL::CanudaX_BSSNMoL_remove_trA: Remove trace of A
            CanudaX_BSSNMoL::CanudaX_BSSNMoL_sync: [global] Sync state vector
            CanudaX_BSSNMoL::CanudaX_BSSNMoL_bssn2adm: [local] Convert variables back to the ADM ones
          GROUP ADMBaseX_SetADMRHS: Set ADM RHS variables in this group
          GROUP ADMBaseX_SetADMVars: Set ADM variables in this group
          GROUP TmunuBaseX_SetTmunuVars: Schedule group for setting T_munu
            TmunuBaseX::TmunuBaseX_ZeroTmunu: Set T_munu to zero
            GROUP TmunuBaseX_AddToTmunu: Add to T_munu here
        GROUP ODESolvers_EstimateError: Estimate discretization error (for regridding)
    endif
    if (checkpoint initial data)
      [CCTK_CPINITIAL]
        CarpetX::CarpetX_CheckpointInitial: [meta] Checkpoint initial conditions
    endif
    if (analysis)
      [CCTK_ANALYSIS]
        CanudaX_BSSNMoL::CanudaX_BSSNMoL_bssn_constraints: Compute constraints
        GROUP ODESolvers_Analysis: Calculate analysis quantities everywhere
  endif
  Output grid variables

  do loop over timesteps
    [CCTK_PREREGRID]
    Change grid hierarchy
    [CCTK_POSTREGRID]
      GROUP ODESolvers_PostStep: Apply boundary conditions to state vector, and project if necessary
        GROUP CanudaX_BSSNMoL_PostStepGroup: CanudaX_BSSNMoL: post-step operations
          CanudaX_BSSNMoL::CanudaX_BSSNMoL_impose_conf_fac_floor: Make sure conformal factor does not drop below specified value
          CanudaX_BSSNMoL::CanudaX_BSSNMoL_reset_detmetric: reset dethh = 1
          CanudaX_BSSNMoL::CanudaX_BSSNMoL_remove_trA: Remove trace of A
          CanudaX_BSSNMoL::CanudaX_BSSNMoL_sync: [global] Sync state vector
          CanudaX_BSSNMoL::CanudaX_BSSNMoL_bssn2adm: [local] Convert variables back to the ADM ones
        GROUP ADMBaseX_SetADMRHS: Set ADM RHS variables in this group
        GROUP ADMBaseX_SetADMVars: Set ADM variables in this group
        GROUP TmunuBaseX_SetTmunuVars: Schedule group for setting T_munu
          TmunuBaseX::TmunuBaseX_ZeroTmunu: Set T_munu to zero
          GROUP TmunuBaseX_AddToTmunu: Add to T_munu here
    Rotate timelevels
    iteration = iteration+1
    t = t+dt
    [CCTK_PRESTEP]
    [CCTK_EVOL]
      ODESolvers::ODESolvers_Solve: [level] Solve ODEs
      while (ODESolvers::do_substeps)
        GROUP ODESolvers_CalledBySolve: Groups internally scheduled by ODESolvers_Solve
          GROUP ODESolvers_RHS: Evaluate the RHS for of state vector everywhere on the grid
            GROUP CanudaX_BSSNMoL_RHSGroup: CanudaX_BSSNMoL: calculate BSSN RHS
              CanudaX_BSSNMoL::CanudaX_BSSNMoL_calc_bssn_rhs: MoL RHS calculation
              CanudaX_BSSNMoL::CanudaX_BSSNMoL_apply_boundary_conditions: Apply radiative boundary conditions 
          GROUP ODESolvers_PostStep: Apply boundary conditions to state vector, and project if necessary
            GROUP CanudaX_BSSNMoL_PostStepGroup: CanudaX_BSSNMoL: post-step operations
              CanudaX_BSSNMoL::CanudaX_BSSNMoL_impose_conf_fac_floor: Make sure conformal factor does not drop below specified value
              CanudaX_BSSNMoL::CanudaX_BSSNMoL_reset_detmetric: reset dethh = 1
              CanudaX_BSSNMoL::CanudaX_BSSNMoL_remove_trA: Remove trace of A
              CanudaX_BSSNMoL::CanudaX_BSSNMoL_sync: [global] Sync state vector
              CanudaX_BSSNMoL::CanudaX_BSSNMoL_bssn2adm: [local] Convert variables back to the ADM ones
            GROUP ADMBaseX_SetADMRHS: Set ADM RHS variables in this group
            GROUP ADMBaseX_SetADMVars: Set ADM variables in this group
            GROUP TmunuBaseX_SetTmunuVars: Schedule group for setting T_munu
              TmunuBaseX::TmunuBaseX_ZeroTmunu: Set T_munu to zero
              GROUP TmunuBaseX_AddToTmunu: Add to T_munu here
      end while
    Evolve finer grids recursively
    Restrict from finer grids
    [CCTK_POSTRESTRICT]
      GROUP ODESolvers_PostStep: Apply boundary conditions to state vector, and project if necessary
        GROUP CanudaX_BSSNMoL_PostStepGroup: CanudaX_BSSNMoL: post-step operations
          CanudaX_BSSNMoL::CanudaX_BSSNMoL_impose_conf_fac_floor: Make sure conformal factor does not drop below specified value
          CanudaX_BSSNMoL::CanudaX_BSSNMoL_reset_detmetric: reset dethh = 1
          CanudaX_BSSNMoL::CanudaX_BSSNMoL_remove_trA: Remove trace of A
          CanudaX_BSSNMoL::CanudaX_BSSNMoL_sync: [global] Sync state vector
          CanudaX_BSSNMoL::CanudaX_BSSNMoL_bssn2adm: [local] Convert variables back to the ADM ones
        GROUP ADMBaseX_SetADMRHS: Set ADM RHS variables in this group
        GROUP ADMBaseX_SetADMVars: Set ADM variables in this group
        GROUP TmunuBaseX_SetTmunuVars: Schedule group for setting T_munu
          TmunuBaseX::TmunuBaseX_ZeroTmunu: Set T_munu to zero
          GROUP TmunuBaseX_AddToTmunu: Add to T_munu here
    [CCTK_POSTSTEP]
      ErrorEstimator::EstimateError: Estimate error
      GROUP ODESolvers_EstimateError: Estimate discretization error (for regridding)
    if (checkpoint)
      [CCTK_CHECKPOINT]
      CarpetX::CarpetX_Checkpoint: [meta] Checkpoint
    endif
    if (analysis)
      [CCTK_ANALYSIS]
      CanudaX_BSSNMoL::CanudaX_BSSNMoL_bssn_constraints: Compute constraints
      GROUP ODESolvers_Analysis: Calculate analysis quantities everywhere
    endif
    Output grid variables
    enddo

  Termination routines
    [CCTK_TERMINATE]
      CarpetX::CarpetX_CheckpointTerminate: [meta] Checkpoint before terminating

  Shutdown routines
    [CCTK_SHUTDOWN]
      CarpetX::Driver_Shutdown: [meta] Shut down the driver

  Routines run after changing the grid hierarchy:
    [CCTK_POSTREGRID]
      GROUP ODESolvers_PostStep: Apply boundary conditions to state vector, and project if necessary
        GROUP CanudaX_BSSNMoL_PostStepGroup: CanudaX_BSSNMoL: post-step operations
          CanudaX_BSSNMoL::CanudaX_BSSNMoL_impose_conf_fac_floor: Make sure conformal factor does not drop below specified value
          CanudaX_BSSNMoL::CanudaX_BSSNMoL_reset_detmetric: reset dethh = 1
          CanudaX_BSSNMoL::CanudaX_BSSNMoL_remove_trA: Remove trace of A
          CanudaX_BSSNMoL::CanudaX_BSSNMoL_sync: [global] Sync state vector
          CanudaX_BSSNMoL::CanudaX_BSSNMoL_bssn2adm: [local] Convert variables back to the ADM ones
        GROUP ADMBaseX_SetADMRHS: Set ADM RHS variables in this group
        GROUP ADMBaseX_SetADMVars: Set ADM variables in this group
        GROUP TmunuBaseX_SetTmunuVars: Schedule group for setting T_munu
          TmunuBaseX::TmunuBaseX_ZeroTmunu: Set T_munu to zero
          GROUP TmunuBaseX_AddToTmunu: Add to T_munu here
--------------------------------------------------------------------------------
INFO (hwloc): library version 2.10.0, API version 0x20800
--------------------------------------------------------------------------------

  [34m  ▕▏  [34m  ▕▏  [34m  ▕▏  [34m  ▕▏  [34m  ▕▏  [34m  ▕▏  [34m  ▕▏  [34m  ▕▏  [34m  ▕▏  [39m  
  [34m──██──[34m──██──[34m──██──[34m──██──[34m──██──[34m──██──[34m──██──[34m──██──[34m──██──[39m  
  [34m  ▕▏  [34m  ▕▏  [34m  ▕▏  [34m  ▕▏  [34m  ▕▏  [34m  ▕▏  [34m  ▕▏  [34m  ▕▏  [34m  ▕▏  [39m  
  [34m  ▕▏  [32m██████[34m  ▕▏  [34m  ▕▏  [32m██████[34m  ▕▏  [34m  ▕▏  [32m██████[34m  ▕▏  [39m  
  [34m──██──[32m██████[34m──██──[34m──██──[32m██████[34m──██──[34m──██──[32m██████[34m──██──[39m  
  [34m  ▕▏  [32m██████[34m  ▕▏  [34m  ▕▏  [32m██████[34m  ▕▏  [34m  ▕▏  [32m██████[34m  ▕▏  [39m  
  [34m  ▕▏  [34m  ▕▏  [34m  ▕▏  [34m  ▕▏  [34m  ▕▏  [34m  ▕▏  [34m  ▕▏  [34m  ▕▏  [34m  ▕▏  [39m  
  [34m──██──[34m──██──[34m──██──[34m──██──[34m──██──[34m──██──[34m──██──[34m──██──[34m──██──[39m  
  [34m  ▕▏  [34m  ▕▏  [34m  ▕▏  [34m  ▕▏  [34m  ▕▏  [34m  ▕▏  [34m  ▕▏  [34m  ▕▏  [34m  ▕▏  [39m  
  [34m  ▕▏  [34m  ▕▏  [34m  ▕▏  [31m██████[31m██████[31m██████[34m  ▕▏  [34m  ▕▏  [34m  ▕▏  [39m  
  [34m──██──[34m──██──[34m──██──[31m██████[31m██████[31m██████[34m──██──[34m──██──[34m──██──[39m  
  [34m  ▕▏  [34m  ▕▏  [34m  ▕▏  [31m██████[31m██████[31m██████[34m  ▕▏  [34m  ▕▏  [34m  ▕▏  [39m  
  [34m  ▕▏  [32m██████[34m  ▕▏  [31m██████[31m██████[31m██████[34m  ▕▏  [32m██████[34m  ▕▏  [39m  
  [34m──██──[32m██████[34m──██──[31m██████[31m██████[31m██████[34m──██──[32m██████[34m──██──[39m  
  [34m  ▕▏  [32m██████[34m  ▕▏  [31m██████[31m██████[31m██████[34m  ▕▏  [32m██████[34m  ▕▏  [39m  
  [34m  ▕▏  [34m  ▕▏  [34m  ▕▏  [31m██████[31m██████[31m██████[34m  ▕▏  [34m  ▕▏  [34m  ▕▏  [39m  
  [34m──██──[34m──██──[34m──██──[31m██████[31m██████[31m██████[34m──██──[34m──██──[34m──██──[39m  
  [34m  ▕▏  [34m  ▕▏  [34m  ▕▏  [31m██████[31m██████[31m██████[34m  ▕▏  [34m  ▕▏  [34m  ▕▏  [39m  
  [34m  ▕▏  [34m  ▕▏  [34m  ▕▏  [34m  ▕▏  [34m  ▕▏  [34m  ▕▏  [34m  ▕▏  [34m  ▕▏  [34m  ▕▏  [39m  
  [34m──██──[34m──██──[34m──██──[34m──██──[34m──██──[34m──██──[34m──██──[34m──██──[34m──██──[39m  
  [34m  ▕▏  [34m  ▕▏  [34m  ▕▏  [34m  ▕▏  [34m  ▕▏  [34m  ▕▏  [34m  ▕▏  [34m  ▕▏  [34m  ▕▏  [39m  
  [34m  ▕▏  [32m██████[34m  ▕▏  [34m  ▕▏  [32m██████[34m  ▕▏  [34m  ▕▏  [32m██████[34m  ▕▏  [39m  
  [34m──██──[32m██████[34m──██──[34m──██──[32m██████[34m──██──[34m──██──[32m██████[34m──██──[39m  
  [34m  ▕▏  [32m██████[34m  ▕▏  [34m  ▕▏  [32m██████[34m  ▕▏  [34m  ▕▏  [32m██████[34m  ▕▏  [39m  
  [34m  ▕▏  [34m  ▕▏  [34m  ▕▏  [34m  ▕▏  [34m  ▕▏  [34m  ▕▏  [34m  ▕▏  [34m  ▕▏  [34m  ▕▏  [39m  
  [34m──██──[34m──██──[34m──██──[34m──██──[34m──██──[34m──██──[34m──██──[34m──██──[34m──██──[39m  
  [34m  ▕▏  [34m  ▕▏  [34m  ▕▏  [34m  ▕▏  [34m  ▕▏  [34m  ▕▏  [34m  ▕▏  [34m  ▕▏  [34m  ▕▏  [39m  

AMR driver provided by CarpetX,
using AMReX 25.11 (MPI, OpenMP, no accelerators, optimized)
--------------------------------------------------------------------------------

Initializing AMReX (25.11)...
MPI initialized with 1 MPI processes
MPI initialized with thread support level 2
OMP initialized with 2 OMP threads
AMReX (25.11) initialized
INFO (CarpetX): 
Symmetries:
  lower x: periodic
  lower y: periodic
  lower z: periodic
  upper x: periodic
  upper y: periodic
  upper z: periodic
Default boundaries:
  lower x: symmetry_boundary
  lower y: symmetry_boundary
  lower z: symmetry_boundary
  upper x: symmetry_boundary
  upper y: symmetry_boundary
  upper z: symmetry_boundary
INFO (Arith): Test_smallvector
INFO (Arith): Test_spvect
INFO (CarpetX): Setting initial values for max_grid_size values for all levels
INFO (CarpetX): Setting up initial conditions...
INFO (CarpetX): Iteration: 0   time: 0   delta_time: 0.00390625
INFO (CarpetX): Patch 0:
INFO (CarpetX):   Grid extent:
INFO (CarpetX):     gsh=[71,15,15]
INFO (CarpetX):     blocking_factor=[8,8,8]
INFO (CarpetX):     max_grid_size=[10000000,10000000,10000000]
INFO (CarpetX):     max_tile_size=[1024000,16,32]
INFO (CarpetX):   Domain extent:
INFO (CarpetX):     xmin=[-0.5,-0.0625,-0.0625]
INFO (CarpetX):     xmax=[0.5,0.0625,0.0625]
INFO (CarpetX):     base dx=[0.015625,0.015625,0.015625]
INFO (CarpetX): Initializing level 0...
INFO (CanudaX_ExactID): Begin Gauge Wave initial data
INFO (CanudaX_ExactID): === End gauge wave initial data ===
INFO (CarpetX): Regridding...
INFO (CarpetX):   level 0: 1 boxes, 4096 cells (100%)
INFO (CarpetX): Initialized 1 levels
INFO (CarpetX): OutputGH: iteration 0, time 0.000000, run time 0 s
INFO (CarpetX): OutputGH done.
INFO (CarpetX): Starting evolution...
INFO (ODESolvers): ODE integrator is RK4
INFO (CarpetX): OutputGH: iteration 1, time 0.003906, run time 0 s
INFO (CarpetX): OutputGH done.
INFO (CarpetX): Simulation time: 0.00390625   Iterations per second: 17.3907   Simulation time per second: 0.0679324
INFO (CarpetX): Grid cells: 4096   Grid cell updates per second: 71232.3
INFO (CarpetX): Performance:
INFO (CarpetX):   total evolution time:            0.057502 sec
INFO (CarpetX):   total evolution compute time:    0.0574791 sec
INFO (CarpetX):   total evolution output time:     2.28882e-05 sec
INFO (CarpetX):   total iterations:                1
INFO (CarpetX):   total cells updated:             4096
INFO (CarpetX):   average iterations per second: 17.3907
INFO (CarpetX):   average cell updates per second: 71232.3
INFO (CarpetX): OutputGH: iteration 2, time 0.007812, run time 0 s
INFO (CarpetX): OutputGH done.
INFO (CarpetX): Simulation time: 0.0078125   Iterations per second: 17.8269   Simulation time per second: 0.0696363
INFO (CarpetX): Grid cells: 4096   Grid cell updates per second: 73019
INFO (CarpetX): Performance:
INFO (CarpetX):   total evolution time:            0.11219 sec
INFO (CarpetX):   total evolution compute time:    0.112146 sec
INFO (CarpetX):   total evolution output time:     4.3869e-05 sec
INFO (CarpetX):   total iterations:                2
INFO (CarpetX):   total cells updated:             8192
INFO (CarpetX):   average iterations per second: 17.8269
INFO (CarpetX):   average cell updates per second: 73019
INFO (CarpetX): OutputGH: iteration 3, time 0.011719, run time 0 s
INFO (CarpetX): OutputGH done.
INFO (CarpetX): Simulation time: 0.0117188   Iterations per second: 18.0074   Simulation time per second: 0.0703414
INFO (CarpetX): Grid cells: 4096   Grid cell updates per second: 73758.4
INFO (CarpetX): Performance:
INFO (CarpetX):   total evolution time:            0.166598 sec
INFO (CarpetX):   total evolution compute time:    0.166536 sec
INFO (CarpetX):   total evolution output time:     6.17504e-05 sec
INFO (CarpetX):   total iterations:                3
INFO (CarpetX):   total cells updated:             12288
INFO (CarpetX):   average iterations per second: 18.0074
INFO (CarpetX):   average cell updates per second: 73758.4
INFO (CarpetX): OutputGH: iteration 4, time 0.015625, run time 0 s
INFO (CarpetX): OutputGH done.
INFO (CarpetX): Simulation time: 0.015625   Iterations per second: 18.1018   Simulation time per second: 0.0707103
INFO (CarpetX): Grid cells: 4096   Grid cell updates per second: 74145.1
INFO (CarpetX): Performance:
INFO (CarpetX):   total evolution time:            0.220972 sec
INFO (CarpetX):   total evolution compute time:    0.220892 sec
INFO (CarpetX):   total evolution output time:     7.96318e-05 sec
INFO (CarpetX):   total iterations:                4
INFO (CarpetX):   total cells updated:             16384
INFO (CarpetX):   average iterations per second: 18.1018
INFO (CarpetX):   average cell updates per second: 74145.1
INFO (CarpetX): OutputGH: iteration 5, time 0.019531, run time 0 s
INFO (CarpetX): OutputGH done.
INFO (CarpetX): Simulation time: 0.0195312   Iterations per second: 18.1546   Simulation time per second: 0.0709165
INFO (CarpetX): Grid cells: 4096   Grid cell updates per second: 74361.3
INFO (CarpetX): Performance:
INFO (CarpetX):   total evolution time:            0.275412 sec
INFO (CarpetX):   total evolution compute time:    0.275312 sec
INFO (CarpetX):   total evolution output time:     9.9659e-05 sec
INFO (CarpetX):   total iterations:                5
INFO (CarpetX):   total cells updated:             20480
INFO (CarpetX):   average iterations per second: 18.1546
INFO (CarpetX):   average cell updates per second: 74361.3
INFO (CarpetX): OutputGH: iteration 6, time 0.023438, run time 0 s
INFO (CarpetX): OutputGH done.
INFO (CarpetX): Simulation time: 0.0234375   Iterations per second: 18.1871   Simulation time per second: 0.0710434
INFO (CarpetX): Grid cells: 4096   Grid cell updates per second: 74494.4
INFO (CarpetX): Performance:
INFO (CarpetX):   total evolution time:            0.329904 sec
INFO (CarpetX):   total evolution compute time:    0.329786 sec
INFO (CarpetX):   total evolution output time:     0.000117779 sec
INFO (CarpetX):   total iterations:                6
INFO (CarpetX):   total cells updated:             24576
INFO (CarpetX):   average iterations per second: 18.1871
INFO (CarpetX):   average cell updates per second: 74494.4
INFO (CarpetX): OutputGH: iteration 7, time 0.027344, run time 1 s
INFO (CarpetX): OutputGH done.
INFO (CarpetX): Simulation time: 0.0273438   Iterations per second: 18.2142   Simulation time per second: 0.0711491
INFO (CarpetX): Grid cells: 4096   Grid cell updates per second: 74605.3
INFO (CarpetX): Performance:
INFO (CarpetX):   total evolution time:            0.384316 sec
INFO (CarpetX):   total evolution compute time:    0.38418 sec
INFO (CarpetX):   total evolution output time:     0.00013566 sec
INFO (CarpetX):   total iterations:                7
INFO (CarpetX):   total cells updated:             28672
INFO (CarpetX):   average iterations per second: 18.2142
INFO (CarpetX):   average cell updates per second: 74605.3
INFO (CarpetX): OutputGH: iteration 8, time 0.031250, run time 1 s
INFO (CarpetX): OutputGH done.
INFO (CarpetX): Simulation time: 0.03125   Iterations per second: 18.2313   Simulation time per second: 0.071216
INFO (CarpetX): Grid cells: 4096   Grid cell updates per second: 74675.4
INFO (CarpetX): Performance:
INFO (CarpetX):   total evolution time:            0.438806 sec
INFO (CarpetX):   total evolution compute time:    0.438632 sec
INFO (CarpetX):   total evolution output time:     0.000173569 sec
INFO (CarpetX):   total iterations:                8
INFO (CarpetX):   total cells updated:             32768
INFO (CarpetX):   average iterations per second: 18.2313
INFO (CarpetX):   average cell updates per second: 74675.4
INFO (CarpetX): OutputGH: iteration 9, time 0.035156, run time 1 s
INFO (CarpetX): OutputGH done.
INFO (CarpetX): Simulation time: 0.0351562   Iterations per second: 18.2466   Simulation time per second: 0.0712758
INFO (CarpetX): Grid cells: 4096   Grid cell updates per second: 74738
INFO (CarpetX): Performance:
INFO (CarpetX):   total evolution time:            0.493243 sec
INFO (CarpetX):   total evolution compute time:    0.493045 sec
INFO (CarpetX):   total evolution output time:     0.000197649 sec
INFO (CarpetX):   total iterations:                9
INFO (CarpetX):   total cells updated:             36864
INFO (CarpetX):   average iterations per second: 18.2466
INFO (CarpetX):   average cell updates per second: 74738
INFO (CarpetX): OutputGH: iteration 10, time 0.039062, run time 1 s
INFO (CarpetX): OutputGH done.
INFO (CarpetX): Simulation time: 0.0390625   Iterations per second: 18.259   Simulation time per second: 0.0713243
INFO (CarpetX): Grid cells: 4096   Grid cell updates per second: 74788.9
INFO (CarpetX): Performance:
INFO (CarpetX):   total evolution time:            0.547675 sec
INFO (CarpetX):   total evolution compute time:    0.547457 sec
INFO (CarpetX):   total evolution output time:     0.000217676 sec
INFO (CarpetX):   total iterations:                10
INFO (CarpetX):   total cells updated:             40960
INFO (CarpetX):   average iterations per second: 18.259
INFO (CarpetX):   average cell updates per second: 74788.9
INFO (CarpetX): OutputGH: iteration 11, time 0.042969, run time 1 s
INFO (CarpetX): OutputGH done.
INFO (CarpetX): Simulation time: 0.0429688   Iterations per second: 18.2709   Simulation time per second: 0.0713707
INFO (CarpetX): Grid cells: 4096   Grid cell updates per second: 74837.6
INFO (CarpetX): Performance:
INFO (CarpetX):   total evolution time:            0.602086 sec
INFO (CarpetX):   total evolution compute time:    0.601849 sec
INFO (CarpetX):   total evolution output time:     0.00023675 sec
INFO (CarpetX):   total iterations:                11
INFO (CarpetX):   total cells updated:             45056
INFO (CarpetX):   average iterations per second: 18.2698
INFO (CarpetX):   average cell updates per second: 74833.2
INFO (CarpetX): OutputGH: iteration 12, time 0.046875, run time 1 s
INFO (CarpetX): OutputGH done.
INFO (CarpetX): Simulation time: 0.046875   Iterations per second: 18.2789   Simulation time per second: 0.0714019
INFO (CarpetX): Grid cells: 4096   Grid cell updates per second: 74870.3
INFO (CarpetX): Performance:
INFO (CarpetX):   total evolution time:            0.656579 sec
INFO (CarpetX):   total evolution compute time:    0.656311 sec
INFO (CarpetX):   total evolution output time:     0.000267744 sec
INFO (CarpetX):   total iterations:                12
INFO (CarpetX):   total cells updated:             49152
INFO (CarpetX):   average iterations per second: 18.2766
INFO (CarpetX):   average cell updates per second: 74860.8
INFO (CarpetX): OutputGH: iteration 13, time 0.050781, run time 1 s
INFO (CarpetX): OutputGH done.
INFO (CarpetX): Simulation time: 0.0507812   Iterations per second: 18.288   Simulation time per second: 0.0714374
INFO (CarpetX): Grid cells: 4096   Grid cell updates per second: 74907.6
INFO (CarpetX): Performance:
INFO (CarpetX):   total evolution time:            0.711015 sec
INFO (CarpetX):   total evolution compute time:    0.710724 sec
INFO (CarpetX):   total evolution output time:     0.000290871 sec
INFO (CarpetX):   total iterations:                13
INFO (CarpetX):   total cells updated:             53248
INFO (CarpetX):   average iterations per second: 18.2837
INFO (CarpetX):   average cell updates per second: 74890.2
INFO (CarpetX): OutputGH: iteration 14, time 0.054688, run time 1 s
INFO (CarpetX): OutputGH done.
INFO (CarpetX): Simulation time: 0.0546875   Iterations per second: 18.297   Simulation time per second: 0.0714726
INFO (CarpetX): Grid cells: 4096   Grid cell updates per second: 74944.4
INFO (CarpetX): Performance:
INFO (CarpetX):   total evolution time:            0.765426 sec
INFO (CarpetX):   total evolution compute time:    0.765117 sec
INFO (CarpetX):   total evolution output time:     0.000309706 sec
INFO (CarpetX):   total iterations:                14
INFO (CarpetX):   total cells updated:             57344
INFO (CarpetX):   average iterations per second: 18.2905
INFO (CarpetX):   average cell updates per second: 74917.7
INFO (CarpetX): OutputGH: iteration 15, time 0.058594, run time 1 s
INFO (CarpetX): OutputGH done.
INFO (CarpetX): Simulation time: 0.0585938   Iterations per second: 18.3052   Simulation time per second: 0.0715046
INFO (CarpetX): Grid cells: 4096   Grid cell updates per second: 74978
INFO (CarpetX): Performance:
INFO (CarpetX):   total evolution time:            0.819835 sec
INFO (CarpetX):   total evolution compute time:    0.819507 sec
INFO (CarpetX):   total evolution output time:     0.000328779 sec
INFO (CarpetX):   total iterations:                15
INFO (CarpetX):   total cells updated:             61440
INFO (CarpetX):   average iterations per second: 18.2964
INFO (CarpetX):   average cell updates per second: 74941.9
INFO (CarpetX): OutputGH: iteration 16, time 0.062500, run time 1 s
INFO (CarpetX): OutputGH done.
INFO (CarpetX): Simulation time: 0.0625   Iterations per second: 18.3117   Simulation time per second: 0.0715299
INFO (CarpetX): Grid cells: 4096   Grid cell updates per second: 75004.5
INFO (CarpetX): Performance:
INFO (CarpetX):   total evolution time:            0.874271 sec
INFO (CarpetX):   total evolution compute time:    0.873924 sec
INFO (CarpetX):   total evolution output time:     0.000346899 sec
INFO (CarpetX):   total iterations:                16
INFO (CarpetX):   total cells updated:             65536
INFO (CarpetX):   average iterations per second: 18.301
INFO (CarpetX):   average cell updates per second: 74960.7
INFO (CarpetX): OutputGH: iteration 17, time 0.066406, run time 1 s
INFO (CarpetX): OutputGH done.
INFO (CarpetX): Simulation time: 0.0664062   Iterations per second: 18.3186   Simulation time per second: 0.0715572
INFO (CarpetX): Grid cells: 4096   Grid cell updates per second: 75033.1
INFO (CarpetX): Performance:
INFO (CarpetX):   total evolution time:            0.928674 sec
INFO (CarpetX):   total evolution compute time:    0.928308 sec
INFO (CarpetX):   total evolution output time:     0.000365019 sec
INFO (CarpetX):   total iterations:                17
INFO (CarpetX):   total cells updated:             69632
INFO (CarpetX):   average iterations per second: 18.3057
INFO (CarpetX):   average cell updates per second: 74980.1
INFO (CarpetX): OutputGH: iteration 18, time 0.070312, run time 1 s
INFO (CarpetX): OutputGH done.
INFO (CarpetX): Simulation time: 0.0703125   Iterations per second: 18.3233   Simulation time per second: 0.0715754
INFO (CarpetX): Grid cells: 4096   Grid cell updates per second: 75052.3
INFO (CarpetX): Performance:
INFO (CarpetX):   total evolution time:            0.983123 sec
INFO (CarpetX):   total evolution compute time:    0.982739 sec
INFO (CarpetX):   total evolution output time:     0.000383854 sec
INFO (CarpetX):   total iterations:                18
INFO (CarpetX):   total cells updated:             73728
INFO (CarpetX):   average iterations per second: 18.309
INFO (CarpetX):   average cell updates per second: 74993.6
INFO (CarpetX): OutputGH: iteration 19, time 0.074219, run time 1 s
INFO (CarpetX): OutputGH done.
INFO (CarpetX): Simulation time: 0.0742188   Iterations per second: 18.3273   Simulation time per second: 0.0715912
INFO (CarpetX): Grid cells: 4096   Grid cell updates per second: 75068.8
INFO (CarpetX): Performance:
INFO (CarpetX):   total evolution time:            1.03758 sec
INFO (CarpetX):   total evolution compute time:    1.03717 sec
INFO (CarpetX):   total evolution output time:     0.000407934 sec
INFO (CarpetX):   total iterations:                19
INFO (CarpetX):   total cells updated:             77824
INFO (CarpetX):   average iterations per second: 18.3119
INFO (CarpetX):   average cell updates per second: 75005.4
INFO (CarpetX): OutputGH: iteration 20, time 0.078125, run time 1 s
INFO (CarpetX): OutputGH done.
INFO (CarpetX): Simulation time: 0.078125   Iterations per second: 18.3327   Simulation time per second: 0.0716123
INFO (CarpetX): Grid cells: 4096   Grid cell updates per second: 75090.9
INFO (CarpetX): Performance:
INFO (CarpetX):   total evolution time:            1.09198 sec
INFO (CarpetX):   total evolution compute time:    1.09155 sec
INFO (CarpetX):   total evolution output time:     0.000426769 sec
INFO (CarpetX):   total iterations:                20
INFO (CarpetX):   total cells updated:             81920
INFO (CarpetX):   average iterations per second: 18.3153
INFO (CarpetX):   average cell updates per second: 75019.6
INFO (CarpetX): OutputGH: iteration 21, time 0.082031, run time 1 s
INFO (CarpetX): OutputGH done.
INFO (CarpetX): Simulation time: 0.0820312   Iterations per second: 18.3387   Simulation time per second: 0.0716357
INFO (CarpetX): Grid cells: 4096   Grid cell updates per second: 75115.4
INFO (CarpetX): Performance:
INFO (CarpetX):   total evolution time:            1.14635 sec
INFO (CarpetX):   total evolution compute time:    1.14591 sec
INFO (CarpetX):   total evolution output time:     0.000444651 sec
INFO (CarpetX):   total iterations:                21
INFO (CarpetX):   total cells updated:             86016
INFO (CarpetX):   average iterations per second: 18.319
INFO (CarpetX):   average cell updates per second: 75034.7
INFO (CarpetX): OutputGH: iteration 22, time 0.085938, run time 1 s
INFO (CarpetX): OutputGH done.
INFO (CarpetX): Simulation time: 0.0859375   Iterations per second: 18.3446   Simulation time per second: 0.0716587
INFO (CarpetX): Grid cells: 4096   Grid cell updates per second: 75139.6
INFO (CarpetX): Performance:
INFO (CarpetX):   total evolution time:            1.2007 sec
INFO (CarpetX):   total evolution compute time:    1.20024 sec
INFO (CarpetX):   total evolution output time:     0.000463724 sec
INFO (CarpetX):   total iterations:                22
INFO (CarpetX):   total cells updated:             90112
INFO (CarpetX):   average iterations per second: 18.3226
INFO (CarpetX):   average cell updates per second: 75049.3
INFO (CarpetX): OutputGH: iteration 23, time 0.089844, run time 1 s
INFO (CarpetX): OutputGH done.
INFO (CarpetX): Simulation time: 0.0898438   Iterations per second: 18.3453   Simulation time per second: 0.0716615
INFO (CarpetX): Grid cells: 4096   Grid cell updates per second: 75142.5
INFO (CarpetX): Performance:
INFO (CarpetX):   total evolution time:            1.2552 sec
INFO (CarpetX):   total evolution compute time:    1.25471 sec
INFO (CarpetX):   total evolution output time:     0.00048089 sec
INFO (CarpetX):   total iterations:                23
INFO (CarpetX):   total cells updated:             94208
INFO (CarpetX):   average iterations per second: 18.3238
INFO (CarpetX):   average cell updates per second: 75054.5
INFO (CarpetX): OutputGH: iteration 24, time 0.093750, run time 1 s
INFO (CarpetX): OutputGH done.
INFO (CarpetX): Simulation time: 0.09375   Iterations per second: 18.3501   Simulation time per second: 0.0716801
INFO (CarpetX): Grid cells: 4096   Grid cell updates per second: 75162
INFO (CarpetX): Performance:
INFO (CarpetX):   total evolution time:            1.30956 sec
INFO (CarpetX):   total evolution compute time:    1.30906 sec
INFO (CarpetX):   total evolution output time:     0.000498772 sec
INFO (CarpetX):   total iterations:                24
INFO (CarpetX):   total cells updated:             98304
INFO (CarpetX):   average iterations per second: 18.3267
INFO (CarpetX):   average cell updates per second: 75066.3
INFO (CarpetX): OutputGH: iteration 25, time 0.097656, run time 2 s
INFO (CarpetX): OutputGH done.
INFO (CarpetX): Simulation time: 0.0976562   Iterations per second: 18.335   Simulation time per second: 0.0716212
INFO (CarpetX): Grid cells: 4096   Grid cell updates per second: 75100.2
INFO (CarpetX): Performance:
INFO (CarpetX):   total evolution time:            1.36451 sec
INFO (CarpetX):   total evolution compute time:    1.36399 sec
INFO (CarpetX):   total evolution output time:     0.000520706 sec
INFO (CarpetX):   total iterations:                25
INFO (CarpetX):   total cells updated:             102400
INFO (CarpetX):   average iterations per second: 18.3216
INFO (CarpetX):   average cell updates per second: 75045.4
INFO (CarpetX): OutputGH: iteration 26, time 0.101562, run time 2 s
INFO (CarpetX): OutputGH done.
INFO (CarpetX): Simulation time: 0.101562   Iterations per second: 18.3392   Simulation time per second: 0.0716375
INFO (CarpetX): Grid cells: 4096   Grid cell updates per second: 75117.4
INFO (CarpetX): Performance:
INFO (CarpetX):   total evolution time:            1.41892 sec
INFO (CarpetX):   total evolution compute time:    1.41838 sec
INFO (CarpetX):   total evolution output time:     0.000546694 sec
INFO (CarpetX):   total iterations:                26
INFO (CarpetX):   total cells updated:             106496
INFO (CarpetX):   average iterations per second: 18.3238
INFO (CarpetX):   average cell updates per second: 75054.1
INFO (CarpetX): OutputGH: iteration 27, time 0.105469, run time 2 s
INFO (CarpetX): OutputGH done.
INFO (CarpetX): Simulation time: 0.105469   Iterations per second: 18.3394   Simulation time per second: 0.0716383
INFO (CarpetX): Grid cells: 4096   Grid cell updates per second: 75118.2
INFO (CarpetX): Performance:
INFO (CarpetX):   total evolution time:            1.47345 sec
INFO (CarpetX):   total evolution compute time:    1.47287 sec
INFO (CarpetX):   total evolution output time:     0.000575781 sec
INFO (CarpetX):   total iterations:                27
INFO (CarpetX):   total cells updated:             110592
INFO (CarpetX):   average iterations per second: 18.3244
INFO (CarpetX):   average cell updates per second: 75056.7
INFO (CarpetX): OutputGH: iteration 28, time 0.109375, run time 2 s
INFO (CarpetX): OutputGH done.
INFO (CarpetX): Simulation time: 0.109375   Iterations per second: 18.3415   Simulation time per second: 0.0716466
INFO (CarpetX): Grid cells: 4096   Grid cell updates per second: 75126.9
INFO (CarpetX): Performance:
INFO (CarpetX):   total evolution time:            1.52791 sec
INFO (CarpetX):   total evolution compute time:    1.52731 sec
INFO (CarpetX):   total evolution output time:     0.000599861 sec
INFO (CarpetX):   total iterations:                28
INFO (CarpetX):   total cells updated:             114688
INFO (CarpetX):   average iterations per second: 18.3257
INFO (CarpetX):   average cell updates per second: 75062
INFO (CarpetX): OutputGH: iteration 29, time 0.113281, run time 2 s
INFO (CarpetX): OutputGH done.
INFO (CarpetX): Simulation time: 0.113281   Iterations per second: 18.3459   Simulation time per second: 0.0716636
INFO (CarpetX): Grid cells: 4096   Grid cell updates per second: 75144.7
INFO (CarpetX): Performance:
INFO (CarpetX):   total evolution time:            1.5823 sec
INFO (CarpetX):   total evolution compute time:    1.58168 sec
INFO (CarpetX):   total evolution output time:     0.000618935 sec
INFO (CarpetX):   total iterations:                29
INFO (CarpetX):   total cells updated:             118784
INFO (CarpetX):   average iterations per second: 18.3277
INFO (CarpetX):   average cell updates per second: 75070.4
INFO (CarpetX): OutputGH: iteration 30, time 0.117188, run time 2 s
INFO (CarpetX): OutputGH done.
INFO (CarpetX): Simulation time: 0.117188   Iterations per second: 18.3491   Simulation time per second: 0.0716761
INFO (CarpetX): Grid cells: 4096   Grid cell updates per second: 75157.9
INFO (CarpetX): Performance:
INFO (CarpetX):   total evolution time:            1.63671 sec
INFO (CarpetX):   total evolution compute time:    1.63608 sec
INFO (CarpetX):   total evolution output time:     0.000635862 sec
INFO (CarpetX):   total iterations:                30
INFO (CarpetX):   total cells updated:             122880
INFO (CarpetX):   average iterations per second: 18.3294
INFO (CarpetX):   average cell updates per second: 75077.3
INFO (CarpetX): OutputGH: iteration 31, time 0.121094, run time 2 s
INFO (CarpetX): OutputGH done.
INFO (CarpetX): Simulation time: 0.121094   Iterations per second: 18.3537   Simulation time per second: 0.0716942
INFO (CarpetX): Grid cells: 4096   Grid cell updates per second: 75176.8
INFO (CarpetX): Performance:
INFO (CarpetX):   total evolution time:            1.69108 sec
INFO (CarpetX):   total evolution compute time:    1.69042 sec
INFO (CarpetX):   total evolution output time:     0.00065589 sec
INFO (CarpetX):   total iterations:                31
INFO (CarpetX):   total cells updated:             126976
INFO (CarpetX):   average iterations per second: 18.3315
INFO (CarpetX):   average cell updates per second: 75086
INFO (CarpetX): OutputGH: iteration 32, time 0.125000, run time 2 s
INFO (CarpetX): OutputGH done.
INFO (CarpetX): Simulation time: 0.125   Iterations per second: 18.3554   Simulation time per second: 0.0717007
INFO (CarpetX): Grid cells: 4096   Grid cell updates per second: 75183.6
INFO (CarpetX): Performance:
INFO (CarpetX):   total evolution time:            1.74551 sec
INFO (CarpetX):   total evolution compute time:    1.74484 sec
INFO (CarpetX):   total evolution output time:     0.000674963 sec
INFO (CarpetX):   total iterations:                32
INFO (CarpetX):   total cells updated:             131072
INFO (CarpetX):   average iterations per second: 18.3327
INFO (CarpetX):   average cell updates per second: 75090.9
INFO (CarpetX): OutputGH: iteration 33, time 0.128906, run time 2 s
INFO (CarpetX): OutputGH done.
INFO (CarpetX): Simulation time: 0.128906   Iterations per second: 18.3581   Simulation time per second: 0.0717112
INFO (CarpetX): Grid cells: 4096   Grid cell updates per second: 75194.6
INFO (CarpetX): Performance:
INFO (CarpetX):   total evolution time:            1.79991 sec
INFO (CarpetX):   total evolution compute time:    1.79922 sec
INFO (CarpetX):   total evolution output time:     0.000692844 sec
INFO (CarpetX):   total iterations:                33
INFO (CarpetX):   total cells updated:             135168
INFO (CarpetX):   average iterations per second: 18.3342
INFO (CarpetX):   average cell updates per second: 75097
INFO (CarpetX): OutputGH: iteration 34, time 0.132812, run time 2 s
INFO (CarpetX): OutputGH done.
INFO (CarpetX): Simulation time: 0.132812   Iterations per second: 18.3562   Simulation time per second: 0.0717041
INFO (CarpetX): Grid cells: 4096   Grid cell updates per second: 75187.2
INFO (CarpetX): Performance:
INFO (CarpetX):   total evolution time:            1.85444 sec
INFO (CarpetX):   total evolution compute time:    1.85373 sec
INFO (CarpetX):   total evolution output time:     0.000711918 sec
INFO (CarpetX):   total iterations:                34
INFO (CarpetX):   total cells updated:             139264
INFO (CarpetX):   average iterations per second: 18.3344
INFO (CarpetX):   average cell updates per second: 75097.7
INFO (CarpetX): OutputGH: iteration 35, time 0.136719, run time 2 s
INFO (CarpetX): OutputGH done.
INFO (CarpetX): Simulation time: 0.136719   Iterations per second: 18.3581   Simulation time per second: 0.0717114
INFO (CarpetX): Grid cells: 4096   Grid cell updates per second: 75194.8
INFO (CarpetX): Performance:
INFO (CarpetX):   total evolution time:            1.90886 sec
INFO (CarpetX):   total evolution compute time:    1.90813 sec
INFO (CarpetX):   total evolution output time:     0.000730991 sec
INFO (CarpetX):   total iterations:                35
INFO (CarpetX):   total cells updated:             143360
INFO (CarpetX):   average iterations per second: 18.3356
INFO (CarpetX):   average cell updates per second: 75102.5
INFO (CarpetX): OutputGH: iteration 36, time 0.140625, run time 2 s
INFO (CarpetX): OutputGH done.
INFO (CarpetX): Simulation time: 0.140625   Iterations per second: 18.3563   Simulation time per second: 0.0717041
INFO (CarpetX): Grid cells: 4096   Grid cell updates per second: 75187.2
INFO (CarpetX): Performance:
INFO (CarpetX):   total evolution time:            1.96339 sec
INFO (CarpetX):   total evolution compute time:    1.96263 sec
INFO (CarpetX):   total evolution output time:     0.000751972 sec
INFO (CarpetX):   total iterations:                36
INFO (CarpetX):   total cells updated:             147456
INFO (CarpetX):   average iterations per second: 18.3357
INFO (CarpetX):   average cell updates per second: 75102.9
INFO (CarpetX): OutputGH: iteration 37, time 0.144531, run time 2 s
INFO (CarpetX): OutputGH done.
INFO (CarpetX): Simulation time: 0.144531   Iterations per second: 18.3578   Simulation time per second: 0.0717101
INFO (CarpetX): Grid cells: 4096   Grid cell updates per second: 75193.5
INFO (CarpetX): Performance:
INFO (CarpetX):   total evolution time:            2.01782 sec
INFO (CarpetX):   total evolution compute time:    2.01705 sec
INFO (CarpetX):   total evolution output time:     0.000771046 sec
INFO (CarpetX):   total iterations:                37
INFO (CarpetX):   total cells updated:             151552
INFO (CarpetX):   average iterations per second: 18.3366
INFO (CarpetX):   average cell updates per second: 75106.9
INFO (CarpetX): OutputGH: iteration 38, time 0.148438, run time 2 s
INFO (CarpetX): OutputGH done.
INFO (CarpetX): Simulation time: 0.148438   Iterations per second: 18.3515   Simulation time per second: 0.0716854
INFO (CarpetX): Grid cells: 4096   Grid cell updates per second: 75167.6
INFO (CarpetX): Performance:
INFO (CarpetX):   total evolution time:            2.07248 sec
INFO (CarpetX):   total evolution compute time:    2.07168 sec
INFO (CarpetX):   total evolution output time:     0.000793934 sec
INFO (CarpetX):   total iterations:                38
INFO (CarpetX):   total cells updated:             155648
INFO (CarpetX):   average iterations per second: 18.3355
INFO (CarpetX):   average cell updates per second: 75102.4
INFO (CarpetX): OutputGH: iteration 39, time 0.152344, run time 2 s
INFO (CarpetX): OutputGH done.
INFO (CarpetX): Simulation time: 0.152344   Iterations per second: 18.3545   Simulation time per second: 0.0716971
INFO (CarpetX): Grid cells: 4096   Grid cell updates per second: 75179.9
INFO (CarpetX): Performance:
INFO (CarpetX):   total evolution time:            2.12688 sec
INFO (CarpetX):   total evolution compute time:    2.12607 sec
INFO (CarpetX):   total evolution output time:     0.000814915 sec
INFO (CarpetX):   total iterations:                39
INFO (CarpetX):   total cells updated:             159744
INFO (CarpetX):   average iterations per second: 18.3367
INFO (CarpetX):   average cell updates per second: 75107.2
INFO (CarpetX): OutputGH: iteration 40, time 0.156250, run time 2 s
INFO (CarpetX): OutputGH done.
INFO (CarpetX): Simulation time: 0.15625   Iterations per second: 18.3524   Simulation time per second: 0.071689
INFO (CarpetX): Grid cells: 4096   Grid cell updates per second: 75171.4
INFO (CarpetX): Performance:
INFO (CarpetX):   total evolution time:            2.18142 sec
INFO (CarpetX):   total evolution compute time:    2.18059 sec
INFO (CarpetX):   total evolution output time:     0.000832796 sec
INFO (CarpetX):   total iterations:                40
INFO (CarpetX):   total cells updated:             163840
INFO (CarpetX):   average iterations per second: 18.3366
INFO (CarpetX):   average cell updates per second: 75106.9
INFO (CarpetX): OutputGH: iteration 41, time 0.160156, run time 2 s
INFO (CarpetX): OutputGH done.
INFO (CarpetX): Simulation time: 0.160156   Iterations per second: 18.3554   Simulation time per second: 0.0717009
INFO (CarpetX): Grid cells: 4096   Grid cell updates per second: 75183.8
INFO (CarpetX): Performance:
INFO (CarpetX):   total evolution time:            2.23582 sec
INFO (CarpetX):   total evolution compute time:    2.23497 sec
INFO (CarpetX):   total evolution output time:     0.000851631 sec
INFO (CarpetX):   total iterations:                41
INFO (CarpetX):   total cells updated:             167936
INFO (CarpetX):   average iterations per second: 18.3378
INFO (CarpetX):   average cell updates per second: 75111.5
INFO (CarpetX): OutputGH: iteration 42, time 0.164062, run time 2 s
INFO (CarpetX): OutputGH done.
INFO (CarpetX): Simulation time: 0.164062   Iterations per second: 18.3566   Simulation time per second: 0.0717055
INFO (CarpetX): Grid cells: 4096   Grid cell updates per second: 75188.6
INFO (CarpetX): Performance:
INFO (CarpetX):   total evolution time:            2.29027 sec
INFO (CarpetX):   total evolution compute time:    2.2894 sec
INFO (CarpetX):   total evolution output time:     0.000868797 sec
INFO (CarpetX):   total iterations:                42
INFO (CarpetX):   total cells updated:             172032
INFO (CarpetX):   average iterations per second: 18.3385
INFO (CarpetX):   average cell updates per second: 75114.3
INFO (CarpetX): OutputGH: iteration 43, time 0.167969, run time 2 s
INFO (CarpetX): OutputGH done.
INFO (CarpetX): Simulation time: 0.167969   Iterations per second: 18.3605   Simulation time per second: 0.0717205
INFO (CarpetX): Grid cells: 4096   Grid cell updates per second: 75204.4
INFO (CarpetX): Performance:
INFO (CarpetX):   total evolution time:            2.34463 sec
INFO (CarpetX):   total evolution compute time:    2.34374 sec
INFO (CarpetX):   total evolution output time:     0.000887871 sec
INFO (CarpetX):   total iterations:                43
INFO (CarpetX):   total cells updated:             176128
INFO (CarpetX):   average iterations per second: 18.3398
INFO (CarpetX):   average cell updates per second: 75119.7
INFO (CarpetX): OutputGH: iteration 44, time 0.171875, run time 3 s
INFO (CarpetX): OutputGH done.
INFO (CarpetX): Simulation time: 0.171875   Iterations per second: 18.3616   Simulation time per second: 0.0717251
INFO (CarpetX): Grid cells: 4096   Grid cell updates per second: 75209.2
INFO (CarpetX): Performance:
INFO (CarpetX):   total evolution time:            2.39906 sec
INFO (CarpetX):   total evolution compute time:    2.39814 sec
INFO (CarpetX):   total evolution output time:     0.000917912 sec
INFO (CarpetX):   total iterations:                44
INFO (CarpetX):   total cells updated:             180224
INFO (CarpetX):   average iterations per second: 18.3405
INFO (CarpetX):   average cell updates per second: 75122.7
INFO (CarpetX): OutputGH: iteration 45, time 0.175781, run time 3 s
INFO (CarpetX): OutputGH done.
INFO (CarpetX): Simulation time: 0.175781   Iterations per second: 18.3591   Simulation time per second: 0.0717151
INFO (CarpetX): Grid cells: 4096   Grid cell updates per second: 75198.8
INFO (CarpetX): Performance:
INFO (CarpetX):   total evolution time:            2.4536 sec
INFO (CarpetX):   total evolution compute time:    2.45265 sec
INFO (CarpetX):   total evolution output time:     0.000952005 sec
INFO (CarpetX):   total iterations:                45
INFO (CarpetX):   total cells updated:             184320
INFO (CarpetX):   average iterations per second: 18.3404
INFO (CarpetX):   average cell updates per second: 75122.3
INFO (CarpetX): OutputGH: iteration 46, time 0.179688, run time 3 s
INFO (CarpetX): OutputGH done.
INFO (CarpetX): Simulation time: 0.179688   Iterations per second: 18.3588   Simulation time per second: 0.071714
INFO (CarpetX): Grid cells: 4096   Grid cell updates per second: 75197.5
INFO (CarpetX): Performance:
INFO (CarpetX):   total evolution time:            2.50808 sec
INFO (CarpetX):   total evolution compute time:    2.50711 sec
INFO (CarpetX):   total evolution output time:     0.000970125 sec
INFO (CarpetX):   total iterations:                46
INFO (CarpetX):   total cells updated:             188416
INFO (CarpetX):   average iterations per second: 18.3408
INFO (CarpetX):   average cell updates per second: 75123.7
INFO (CarpetX): OutputGH: iteration 47, time 0.183594, run time 3 s
INFO (CarpetX): OutputGH done.
INFO (CarpetX): Simulation time: 0.183594   Iterations per second: 18.3611   Simulation time per second: 0.071723
INFO (CarpetX): Grid cells: 4096   Grid cell updates per second: 75207.1
INFO (CarpetX): Performance:
INFO (CarpetX):   total evolution time:            2.56248 sec
INFO (CarpetX):   total evolution compute time:    2.56148 sec
INFO (CarpetX):   total evolution output time:     0.000993013 sec
INFO (CarpetX):   total iterations:                47
INFO (CarpetX):   total cells updated:             192512
INFO (CarpetX):   average iterations per second: 18.3416
INFO (CarpetX):   average cell updates per second: 75127.3
INFO (CarpetX): OutputGH: iteration 48, time 0.187500, run time 3 s
INFO (CarpetX): OutputGH done.
INFO (CarpetX): Simulation time: 0.1875   Iterations per second: 18.3632   Simulation time per second: 0.0717311
INFO (CarpetX): Grid cells: 4096   Grid cell updates per second: 75215.5
INFO (CarpetX): Performance:
INFO (CarpetX):   total evolution time:            2.61688 sec
INFO (CarpetX):   total evolution compute time:    2.61587 sec
INFO (CarpetX):   total evolution output time:     0.00101089 sec
INFO (CarpetX):   total iterations:                48
INFO (CarpetX):   total cells updated:             196608
INFO (CarpetX):   average iterations per second: 18.3425
INFO (CarpetX):   average cell updates per second: 75130.7
INFO (CarpetX): OutputGH: iteration 49, time 0.191406, run time 3 s
INFO (CarpetX): OutputGH done.
INFO (CarpetX): Simulation time: 0.191406   Iterations per second: 18.3667   Simulation time per second: 0.0717449
INFO (CarpetX): Grid cells: 4096   Grid cell updates per second: 75230
INFO (CarpetX): Performance:
INFO (CarpetX):   total evolution time:            2.67123 sec
INFO (CarpetX):   total evolution compute time:    2.6702 sec
INFO (CarpetX):   total evolution output time:     0.00102878 sec
INFO (CarpetX):   total iterations:                49
INFO (CarpetX):   total cells updated:             200704
INFO (CarpetX):   average iterations per second: 18.3436
INFO (CarpetX):   average cell updates per second: 75135.4
INFO (CarpetX): OutputGH: iteration 50, time 0.195312, run time 3 s
INFO (CarpetX): OutputGH done.
INFO (CarpetX): Simulation time: 0.195312   Iterations per second: 18.3683   Simulation time per second: 0.0717511
INFO (CarpetX): Grid cells: 4096   Grid cell updates per second: 75236.5
INFO (CarpetX): Performance:
INFO (CarpetX):   total evolution time:            2.72563 sec
INFO (CarpetX):   total evolution compute time:    2.72458 sec
INFO (CarpetX):   total evolution output time:     0.00104976 sec
INFO (CarpetX):   total iterations:                50
INFO (CarpetX):   total cells updated:             204800
INFO (CarpetX):   average iterations per second: 18.3444
INFO (CarpetX):   average cell updates per second: 75138.6
INFO (CarpetX): OutputGH: iteration 51, time 0.199219, run time 3 s
INFO (CarpetX): OutputGH done.
INFO (CarpetX): Simulation time: 0.199219   Iterations per second: 18.3691   Simulation time per second: 0.0717544
INFO (CarpetX): Grid cells: 4096   Grid cell updates per second: 75239.9
INFO (CarpetX): Performance:
INFO (CarpetX):   total evolution time:            2.78005 sec
INFO (CarpetX):   total evolution compute time:    2.77898 sec
INFO (CarpetX):   total evolution output time:     0.00106978 sec
INFO (CarpetX):   total iterations:                51
INFO (CarpetX):   total cells updated:             208896
INFO (CarpetX):   average iterations per second: 18.345
INFO (CarpetX):   average cell updates per second: 75141.2
INFO (CarpetX): OutputGH: iteration 52, time 0.203125, run time 3 s
INFO (CarpetX): OutputGH done.
INFO (CarpetX): Simulation time: 0.203125   Iterations per second: 18.3694   Simulation time per second: 0.0717555
INFO (CarpetX): Grid cells: 4096   Grid cell updates per second: 75241
INFO (CarpetX): Performance:
INFO (CarpetX):   total evolution time:            2.83448 sec
INFO (CarpetX):   total evolution compute time:    2.83339 sec
INFO (CarpetX):   total evolution output time:     0.00108981 sec
INFO (CarpetX):   total iterations:                52
INFO (CarpetX):   total cells updated:             212992
INFO (CarpetX):   average iterations per second: 18.3455
INFO (CarpetX):   average cell updates per second: 75143.3
INFO (CarpetX): OutputGH: iteration 53, time 0.207031, run time 3 s
INFO (CarpetX): OutputGH done.
INFO (CarpetX): Simulation time: 0.207031   Iterations per second: 18.3671   Simulation time per second: 0.0717464
INFO (CarpetX): Grid cells: 4096   Grid cell updates per second: 75231.6
INFO (CarpetX): Performance:
INFO (CarpetX):   total evolution time:            2.88898 sec
INFO (CarpetX):   total evolution compute time:    2.88787 sec
INFO (CarpetX):   total evolution output time:     0.0011127 sec
INFO (CarpetX):   total iterations:                53
INFO (CarpetX):   total cells updated:             217088
INFO (CarpetX):   average iterations per second: 18.3455
INFO (CarpetX):   average cell updates per second: 75143.4
INFO (CarpetX): OutputGH: iteration 54, time 0.210938, run time 3 s
INFO (CarpetX): OutputGH done.
INFO (CarpetX): Simulation time: 0.210938   Iterations per second: 18.3669   Simulation time per second: 0.0717455
INFO (CarpetX): Grid cells: 4096   Grid cell updates per second: 75230.6
INFO (CarpetX): Performance:
INFO (CarpetX):   total evolution time:            2.94344 sec
INFO (CarpetX):   total evolution compute time:    2.9423 sec
INFO (CarpetX):   total evolution output time:     0.00113773 sec
INFO (CarpetX):   total iterations:                54
INFO (CarpetX):   total cells updated:             221184
INFO (CarpetX):   average iterations per second: 18.3459
INFO (CarpetX):   average cell updates per second: 75144.8
INFO (CarpetX): OutputGH: iteration 55, time 0.214844, run time 3 s
INFO (CarpetX): OutputGH done.
INFO (CarpetX): Simulation time: 0.214844   Iterations per second: 18.3697   Simulation time per second: 0.0717564
INFO (CarpetX): Grid cells: 4096   Grid cell updates per second: 75242.1
INFO (CarpetX): Performance:
INFO (CarpetX):   total evolution time:            2.9978 sec
INFO (CarpetX):   total evolution compute time:    2.99664 sec
INFO (CarpetX):   total evolution output time:     0.00115681 sec
INFO (CarpetX):   total iterations:                55
INFO (CarpetX):   total cells updated:             225280
INFO (CarpetX):   average iterations per second: 18.3468
INFO (CarpetX):   average cell updates per second: 75148.5
INFO (CarpetX): OutputGH: iteration 56, time 0.218750, run time 3 s
INFO (CarpetX): OutputGH done.
INFO (CarpetX): Simulation time: 0.21875   Iterations per second: 18.3716   Simulation time per second: 0.0717642
INFO (CarpetX): Grid cells: 4096   Grid cell updates per second: 75250.2
INFO (CarpetX): Performance:
INFO (CarpetX):   total evolution time:            3.05218 sec
INFO (CarpetX):   total evolution compute time:    3.051 sec
INFO (CarpetX):   total evolution output time:     0.00118184 sec
INFO (CarpetX):   total iterations:                56
INFO (CarpetX):   total cells updated:             229376
INFO (CarpetX):   average iterations per second: 18.3476
INFO (CarpetX):   average cell updates per second: 75151.6
INFO (CarpetX): OutputGH: iteration 57, time 0.222656, run time 3 s
INFO (CarpetX): OutputGH done.
INFO (CarpetX): Simulation time: 0.222656   Iterations per second: 18.3729   Simulation time per second: 0.0717692
INFO (CarpetX): Grid cells: 4096   Grid cell updates per second: 75255.4
INFO (CarpetX): Performance:
INFO (CarpetX):   total evolution time:            3.10657 sec
INFO (CarpetX):   total evolution compute time:    3.10537 sec
INFO (CarpetX):   total evolution output time:     0.00120282 sec
INFO (CarpetX):   total iterations:                57
INFO (CarpetX):   total cells updated:             233472
INFO (CarpetX):   average iterations per second: 18.3482
INFO (CarpetX):   average cell updates per second: 75154.2
INFO (CarpetX): OutputGH: iteration 58, time 0.226562, run time 3 s
INFO (CarpetX): OutputGH done.
INFO (CarpetX): Simulation time: 0.226562   Iterations per second: 18.376   Simulation time per second: 0.0717813
INFO (CarpetX): Grid cells: 4096   Grid cell updates per second: 75268.2
INFO (CarpetX): Performance:
INFO (CarpetX):   total evolution time:            3.16091 sec
INFO (CarpetX):   total evolution compute time:    3.15969 sec
INFO (CarpetX):   total evolution output time:     0.00122166 sec
INFO (CarpetX):   total iterations:                58
INFO (CarpetX):   total cells updated:             237568
INFO (CarpetX):   average iterations per second: 18.3492
INFO (CarpetX):   average cell updates per second: 75158.1
INFO (CarpetX): OutputGH: iteration 59, time 0.230469, run time 3 s
INFO (CarpetX): OutputGH done.
INFO (CarpetX): Simulation time: 0.230469   Iterations per second: 18.3786   Simulation time per second: 0.0717916
INFO (CarpetX): Grid cells: 4096   Grid cell updates per second: 75278.9
INFO (CarpetX): Performance:
INFO (CarpetX):   total evolution time:            3.21525 sec
INFO (CarpetX):   total evolution compute time:    3.21401 sec
INFO (CarpetX):   total evolution output time:     0.00124168 sec
INFO (CarpetX):   total iterations:                59
INFO (CarpetX):   total cells updated:             241664
INFO (CarpetX):   average iterations per second: 18.3501
INFO (CarpetX):   average cell updates per second: 75161.8
INFO (CarpetX): OutputGH: iteration 60, time 0.234375, run time 3 s
INFO (CarpetX): OutputGH done.
INFO (CarpetX): Simulation time: 0.234375   Iterations per second: 18.3799   Simulation time per second: 0.0717966
INFO (CarpetX): Grid cells: 4096   Grid cell updates per second: 75284.2
INFO (CarpetX): Performance:
INFO (CarpetX):   total evolution time:            3.26962 sec
INFO (CarpetX):   total evolution compute time:    3.26834 sec
INFO (CarpetX):   total evolution output time:     0.00128388 sec
INFO (CarpetX):   total iterations:                60
INFO (CarpetX):   total cells updated:             245760
INFO (CarpetX):   average iterations per second: 18.3507
INFO (CarpetX):   average cell updates per second: 75164.6
INFO (CarpetX): OutputGH: iteration 61, time 0.238281, run time 3 s
INFO (CarpetX): OutputGH done.
INFO (CarpetX): Simulation time: 0.238281   Iterations per second: 18.3814   Simulation time per second: 0.0718023
INFO (CarpetX): Grid cells: 4096   Grid cell updates per second: 75290.1
INFO (CarpetX): Performance:
INFO (CarpetX):   total evolution time:            3.32399 sec
INFO (CarpetX):   total evolution compute time:    3.32267 sec
INFO (CarpetX):   total evolution output time:     0.00131893 sec
INFO (CarpetX):   total iterations:                61
INFO (CarpetX):   total cells updated:             249856
INFO (CarpetX):   average iterations per second: 18.3515
INFO (CarpetX):   average cell updates per second: 75167.6
INFO (CarpetX): OutputGH: iteration 62, time 0.242188, run time 4 s
INFO (CarpetX): OutputGH done.
INFO (CarpetX): Simulation time: 0.242188   Iterations per second: 18.3822   Simulation time per second: 0.0718053
INFO (CarpetX): Grid cells: 4096   Grid cell updates per second: 75293.3
INFO (CarpetX): Performance:
INFO (CarpetX):   total evolution time:            3.37837 sec
INFO (CarpetX):   total evolution compute time:    3.37703 sec
INFO (CarpetX):   total evolution output time:     0.00133991 sec
INFO (CarpetX):   total iterations:                62
INFO (CarpetX):   total cells updated:             253952
INFO (CarpetX):   average iterations per second: 18.3521
INFO (CarpetX):   average cell updates per second: 75170.1
INFO (CarpetX): OutputGH: iteration 63, time 0.246094, run time 4 s
INFO (CarpetX): OutputGH done.
INFO (CarpetX): Simulation time: 0.246094   Iterations per second: 18.3845   Simulation time per second: 0.0718145
INFO (CarpetX): Grid cells: 4096   Grid cell updates per second: 75302.9
INFO (CarpetX): Performance:
INFO (CarpetX):   total evolution time:            3.4327 sec
INFO (CarpetX):   total evolution compute time:    3.43134 sec
INFO (CarpetX):   total evolution output time:     0.00136185 sec
INFO (CarpetX):   total iterations:                63
INFO (CarpetX):   total cells updated:             258048
INFO (CarpetX):   average iterations per second: 18.3529
INFO (CarpetX):   average cell updates per second: 75173.5
INFO (CarpetX): OutputGH: iteration 64, time 0.250000, run time 4 s
INFO (CarpetX): OutputGH done.
INFO (CarpetX): Simulation time: 0.25   Iterations per second: 17.7204   Simulation time per second: 0.0692202
INFO (CarpetX): Grid cells: 4096   Grid cell updates per second: 72582.6
INFO (CarpetX): Performance:
INFO (CarpetX):   total evolution time:            3.50748 sec
INFO (CarpetX):   total evolution compute time:    3.49283 sec
INFO (CarpetX):   total evolution output time:     0.0146449 sec
INFO (CarpetX):   total iterations:                64
INFO (CarpetX):   total cells updated:             262144
INFO (CarpetX):   average iterations per second: 18.2467
INFO (CarpetX):   average cell updates per second: 74738.6
INFO (CarpetX): Shutting down...
AMReX (25.11) finalized
--------------------------------------------------------------------------------
Done.

real	0m3.904s
user	0m6.569s
sys	0m0.103s
+ echo Stopping:
Stopping:
+ date
Mon Feb 16 11:14:30 PM UTC 2026
+ echo Done.
Done.
  Elapsed time: 3.9 s
