/__w/canudax-tests/workspace/simulations/TestJob01_temp_1/output-0000/TEST/sim/CanudaX_BSSNMoL
Preparing:
+ set -e
+ cd output-0000-active
+ echo Checking:
Checking:
+ pwd
/__w/canudax-tests/workspace/simulations/TestJob01_temp_1/output-0000/TEST/sim/CanudaX_BSSNMoL/output-0000-active
+ hostname
80523cf23b1e
+ date
Mon Feb 16 06:38:39 AM UTC 2026
+ echo Environment:
Environment:
+ export SIMULATION_ID=simulation-TestJob01_temp_1-actions-cpu-real64-actions-root-2026.02.16-06.38.39-13041
+ SIMULATION_ID=simulation-TestJob01_temp_1-actions-cpu-real64-actions-root-2026.02.16-06.38.39-13041
+ export CACTUS_NUM_PROCS=1
+ CACTUS_NUM_PROCS=1
+ export CACTUS_NUM_THREADS=2
+ CACTUS_NUM_THREADS=2
+ export CACTUS_SET_THREAD_BINDINGS=0
+ CACTUS_SET_THREAD_BINDINGS=0
+ export GLIBCXX_FORCE_NEW=1
+ GLIBCXX_FORCE_NEW=1
+ export GMON_OUT_PREFIX=gmon.out
+ GMON_OUT_PREFIX=gmon.out
+ export OMP_DISPLAY_ENV=TRUE
+ OMP_DISPLAY_ENV=TRUE
+ export OMP_MAX_TASKS=100
+ OMP_MAX_TASKS=100
+ export OMP_NUM_THREADS=2
+ OMP_NUM_THREADS=2
+ export OMP_PLACES=cores
+ OMP_PLACES=cores
+ export OMP_PROC_BIND=FALSE
+ OMP_PROC_BIND=FALSE
+ export OMP_STACKSIZE=8192
+ OMP_STACKSIZE=8192
+ env
+ sort
+ echo Starting:
Starting:
++ date +%s
+ export CACTUS_STARTTIME=1771223919
+ CACTUS_STARTTIME=1771223919
+ mpiexec -n 1 /__w/canudax-tests/workspace/simulations/TestJob01_temp_1/SIMFACTORY/exe/cactus_sim -L 3 /__w/canudax-tests/workspace/simulations/TestJob01_temp_1/output-0000/arrangements/CanudaX_Lean/CanudaX_BSSNMoL/test/gaugewave.par

OPENMP DISPLAY ENVIRONMENT BEGIN
  _OPENMP = '201511'
  [host] OMP_DYNAMIC = 'FALSE'
  [host] OMP_NESTED = 'FALSE'
  [host] OMP_NUM_THREADS = '2'
  [host] OMP_SCHEDULE = 'DYNAMIC'
  [host] OMP_PROC_BIND = 'FALSE'
  [host] OMP_PLACES = ''
  [host] OMP_STACKSIZE = '8388608'
  [host] OMP_WAIT_POLICY = 'PASSIVE'
  [host] OMP_THREAD_LIMIT = '4294967295'
  [host] OMP_MAX_ACTIVE_LEVELS = '1'
  [host] OMP_NUM_TEAMS = '0'
  [host] OMP_TEAMS_THREAD_LIMIT = '0'
  [all] OMP_CANCELLATION = 'FALSE'
  [all] OMP_DEFAULT_DEVICE = '0'
  [all] OMP_MAX_TASK_PRIORITY = '0'
  [all] OMP_DISPLAY_AFFINITY = 'FALSE'
  [host] OMP_AFFINITY_FORMAT = 'level %L thread %i affinity %A'
  [host] OMP_ALLOCATOR = 'omp_default_mem_alloc'
  [all] OMP_TARGET_OFFLOAD = 'DEFAULT'
OPENMP DISPLAY ENVIRONMENT END
INFO (Cactus): Increased logging level from 0 to 3
--------------------------------------------------------------------------------

       10                                  
  1   0101       ************************  
  01  1010 10      The Cactus Code V4.18.0    
 1010 1101 011      www.cactuscode.org     
  1001 100101    ************************  
    00010101                               
     100011     (c) Copyright The Authors  
      0100      GNU Licensed. No Warranty  
      0101                                 
--------------------------------------------------------------------------------

Cactus version:    4.18.0
Compile date:      Feb 16 2026 (06:38:26)
Run date:          Feb 16 2026 (06:38:39+0000)
Run host:          80523cf23b1e (pid=13089)
Working directory: /__w/canudax-tests/workspace/simulations/TestJob01_temp_1/output-0000/TEST/sim/CanudaX_BSSNMoL
Executable:        /__w/canudax-tests/workspace/simulations/TestJob01_temp_1/SIMFACTORY/exe/cactus_sim
Parameter file:    /__w/canudax-tests/workspace/simulations/TestJob01_temp_1/output-0000/arrangements/CanudaX_Lean/CanudaX_BSSNMoL/test/gaugewave.par
--------------------------------------------------------------------------------

Activating thorn Cactus...Success -> active implementation Cactus
Activation requested for 
--->ADMBaseX CanudaX_BSSNMoL CanudaX_ExactID CarpetX ErrorEstimator IOUtil ODESolvers TmunuBaseX<---
Thorn ADMBaseX requests automatic activation of Loop
Thorn CanudaX_ExactID requests automatic activation of GSL
Thorn CarpetX requests automatic activation of AMReX
Thorn CarpetX requests automatic activation of MPI
Thorn CarpetX requests automatic activation of yaml_cpp
Thorn CarpetX requests automatic activation of zlib
Thorn CarpetX requests automatic activation of Arith
Thorn CarpetX requests automatic activation of CarpetXRegrid
Thorn CarpetX requests automatic activation of ADIOS2
Thorn CarpetX requests automatic activation of openPMD
Thorn CarpetX requests automatic activation of Silo
Thorn Arith requests automatic activation of NSIMD
Thorn MPI requests automatic activation of hwloc
Thorn openPMD requests automatic activation of HDF5
Activating thorn ADIOS2...Success -> active implementation ADIOS2
Activating thorn ADMBaseX...Success -> active implementation ADMBaseX
Activating thorn AMReX...Success -> active implementation AMReX
Activating thorn Arith...Success -> active implementation Arith
Activating thorn CanudaX_BSSNMoL...Success -> active implementation CanudaX_BSSNMoL
Activating thorn CanudaX_ExactID...Success -> active implementation CanudaX_ExactID
Activating thorn CarpetX...Success -> active implementation Driver
Activating thorn CarpetXRegrid...Success -> active implementation CarpetXRegrid
Activating thorn ErrorEstimator...Success -> active implementation ErrorEstimator
Activating thorn GSL...Success -> active implementation GSL
Activating thorn HDF5...Success -> active implementation HDF5
Activating thorn hwloc...Success -> active implementation hwloc
Activating thorn IOUtil...Success -> active implementation IO
Activating thorn Loop...Success -> active implementation Loop
Activating thorn MPI...Success -> active implementation MPI
Activating thorn NSIMD...Success -> active implementation NSIMD
Activating thorn ODESolvers...Success -> active implementation ODESolvers
Activating thorn openPMD...Success -> active implementation openPMD
Activating thorn Silo...Success -> active implementation Silo
Activating thorn TmunuBaseX...Success -> active implementation TmunuBaseX
Activating thorn yaml_cpp...Success -> active implementation yaml_cpp
Activating thorn zlib...Success -> active implementation zlib
--------------------------------------------------------------------------------
  if (recover initial data)
    Recover parameters
  endif

  Startup routines
    [CCTK_STARTUP]
      CarpetX::Driver_Startup: Start up the driver
      IOUtil::IOUtil_Startup: Startup routine
      GROUP hwloc_startup: hwloc startup group
        hwloc::hwloc_version: Output hwloc version

  Startup routines which need an existing grid hierarchy
    [CCTK_WRAGH]
      Arith::Test_smallvector: [meta] Test small vectors
      Arith::Test_spvect: [meta] Test sparse vectors
      ODESolvers::ODESolvers_InitConstants: [global] Set up dummy loop counters for schedule printout
  Parameter checking routines
    [CCTK_PARAMCHECK]
      CanudaX_BSSNMoL::CanudaX_BSSNMoL_paramcheck: Check CanudaX_BSSNMoL parameters for consistency

  Initialisation
    if (NOT (recover initial data AND recovery_mode is 'strict'))
      [CCTK_PREREGRIDINITIAL]
      Set up grid hierarchy
      [CCTK_POSTREGRIDINITIAL]
      [CCTK_BASEGRID]
        CarpetXRegrid::CarpetXRegrid_InitError: Initialize regridding error to zero
        GROUP ODESolvers_BaseGrid: Set up constants (e.g. coordinates) everywhere on the grid
      [CCTK_INITIAL]
        GROUP ODESolvers_Initial: Set up initial conditions on interior of state vector
          GROUP ADMBaseX_InitialData: Schedule group for calculating ADM initial data
            GROUP ExactID_Group: ExactID initial data group
              CanudaX_ExactID::GaugeWave_ID: [local] Create gauge wave initial data
          GROUP ADMBaseX_InitialGauge: Schedule group for the ADM initial gauge condition
            ADMBaseX::ADMBaseX_initial_dtlapse: Set dtlapse to zero
            ADMBaseX::ADMBaseX_initial_dtshift: Set dtshift to zero
          GROUP ADMBaseX_PostInitial: Schedule group for modifying the ADM initial data, such as e.g. adding noise
          GROUP CanudaX_BSSNMoL_InitialGroup: CanudaX_BSSNMoL: initial bin
            CanudaX_BSSNMoL::CanudaX_BSSNMoL_adm2bssn: [local] Convert initial data into BSSN variables
            CanudaX_BSSNMoL::CanudaX_BSSNMoL_gammat: [local] Set Gammat initial data
        GROUP TmunuBaseX_SetTmunuVars: Schedule group for setting T_munu
          TmunuBaseX::TmunuBaseX_ZeroTmunu: Set T_munu to zero
          GROUP TmunuBaseX_AddToTmunu: Add to T_munu here
        GROUP CanudaX_BSSNMoL_PostStepGroup: CanudaX_BSSNMoL: post-step operations
          CanudaX_BSSNMoL::CanudaX_BSSNMoL_impose_conf_fac_floor: Make sure conformal factor does not drop below specified value
          CanudaX_BSSNMoL::CanudaX_BSSNMoL_reset_detmetric: reset dethh = 1
          CanudaX_BSSNMoL::CanudaX_BSSNMoL_remove_trA: Remove trace of A
          CanudaX_BSSNMoL::CanudaX_BSSNMoL_sync: [global] Sync state vector
          CanudaX_BSSNMoL::CanudaX_BSSNMoL_bssn2adm: [local] Convert variables back to the ADM ones
      [CCTK_POSTINITIAL]
        ErrorEstimator::EstimateError: Estimate error
        GROUP ODESolvers_PostStep: Apply boundary conditions to state vector, and project if necessary
          GROUP CanudaX_BSSNMoL_PostStepGroup: CanudaX_BSSNMoL: post-step operations
            CanudaX_BSSNMoL::CanudaX_BSSNMoL_impose_conf_fac_floor: Make sure conformal factor does not drop below specified value
            CanudaX_BSSNMoL::CanudaX_BSSNMoL_reset_detmetric: reset dethh = 1
            CanudaX_BSSNMoL::CanudaX_BSSNMoL_remove_trA: Remove trace of A
            CanudaX_BSSNMoL::CanudaX_BSSNMoL_sync: [global] Sync state vector
            CanudaX_BSSNMoL::CanudaX_BSSNMoL_bssn2adm: [local] Convert variables back to the ADM ones
          GROUP ADMBaseX_SetADMRHS: Set ADM RHS variables in this group
          GROUP ADMBaseX_SetADMVars: Set ADM variables in this group
          GROUP TmunuBaseX_SetTmunuVars: Schedule group for setting T_munu
            TmunuBaseX::TmunuBaseX_ZeroTmunu: Set T_munu to zero
            GROUP TmunuBaseX_AddToTmunu: Add to T_munu here
        GROUP ODESolvers_EstimateError: Estimate discretization error (for regridding)
      Initialise finer grids recursively
      Restrict from finer grids
      [CCTK_POSTRESTRICTINITIAL]
      [CCTK_POSTPOSTINITIAL]
      [CCTK_POSTSTEP]
        ErrorEstimator::EstimateError: Estimate error
        GROUP ODESolvers_EstimateError: Estimate discretization error (for regridding)
    endif
    if (recover initial data)
      [CCTK_BASEGRID]
        CarpetXRegrid::CarpetXRegrid_InitError: Initialize regridding error to zero
        GROUP ODESolvers_BaseGrid: Set up constants (e.g. coordinates) everywhere on the grid
      [CCTK_RECOVER_VARIABLES]
      [CCTK_POST_RECOVER_VARIABLES]
        GROUP ODESolvers_PostStep: Apply boundary conditions to state vector, and project if necessary
          GROUP CanudaX_BSSNMoL_PostStepGroup: CanudaX_BSSNMoL: post-step operations
            CanudaX_BSSNMoL::CanudaX_BSSNMoL_impose_conf_fac_floor: Make sure conformal factor does not drop below specified value
            CanudaX_BSSNMoL::CanudaX_BSSNMoL_reset_detmetric: reset dethh = 1
            CanudaX_BSSNMoL::CanudaX_BSSNMoL_remove_trA: Remove trace of A
            CanudaX_BSSNMoL::CanudaX_BSSNMoL_sync: [global] Sync state vector
            CanudaX_BSSNMoL::CanudaX_BSSNMoL_bssn2adm: [local] Convert variables back to the ADM ones
          GROUP ADMBaseX_SetADMRHS: Set ADM RHS variables in this group
          GROUP ADMBaseX_SetADMVars: Set ADM variables in this group
          GROUP TmunuBaseX_SetTmunuVars: Schedule group for setting T_munu
            TmunuBaseX::TmunuBaseX_ZeroTmunu: Set T_munu to zero
            GROUP TmunuBaseX_AddToTmunu: Add to T_munu here
        GROUP ODESolvers_EstimateError: Estimate discretization error (for regridding)
    endif
    if (checkpoint initial data)
      [CCTK_CPINITIAL]
        CarpetX::CarpetX_CheckpointInitial: [meta] Checkpoint initial conditions
    endif
    if (analysis)
      [CCTK_ANALYSIS]
        CanudaX_BSSNMoL::CanudaX_BSSNMoL_bssn_constraints: Compute constraints
        GROUP ODESolvers_Analysis: Calculate analysis quantities everywhere
  endif
  Output grid variables

  do loop over timesteps
    [CCTK_PREREGRID]
    Change grid hierarchy
    [CCTK_POSTREGRID]
      GROUP ODESolvers_PostStep: Apply boundary conditions to state vector, and project if necessary
        GROUP CanudaX_BSSNMoL_PostStepGroup: CanudaX_BSSNMoL: post-step operations
          CanudaX_BSSNMoL::CanudaX_BSSNMoL_impose_conf_fac_floor: Make sure conformal factor does not drop below specified value
          CanudaX_BSSNMoL::CanudaX_BSSNMoL_reset_detmetric: reset dethh = 1
          CanudaX_BSSNMoL::CanudaX_BSSNMoL_remove_trA: Remove trace of A
          CanudaX_BSSNMoL::CanudaX_BSSNMoL_sync: [global] Sync state vector
          CanudaX_BSSNMoL::CanudaX_BSSNMoL_bssn2adm: [local] Convert variables back to the ADM ones
        GROUP ADMBaseX_SetADMRHS: Set ADM RHS variables in this group
        GROUP ADMBaseX_SetADMVars: Set ADM variables in this group
        GROUP TmunuBaseX_SetTmunuVars: Schedule group for setting T_munu
          TmunuBaseX::TmunuBaseX_ZeroTmunu: Set T_munu to zero
          GROUP TmunuBaseX_AddToTmunu: Add to T_munu here
    Rotate timelevels
    iteration = iteration+1
    t = t+dt
    [CCTK_PRESTEP]
    [CCTK_EVOL]
      ODESolvers::ODESolvers_Solve: [level] Solve ODEs
      while (ODESolvers::do_substeps)
        GROUP ODESolvers_CalledBySolve: Groups internally scheduled by ODESolvers_Solve
          GROUP ODESolvers_RHS: Evaluate the RHS for of state vector everywhere on the grid
            GROUP CanudaX_BSSNMoL_RHSGroup: CanudaX_BSSNMoL: calculate BSSN RHS
              CanudaX_BSSNMoL::CanudaX_BSSNMoL_calc_bssn_rhs: MoL RHS calculation
              CanudaX_BSSNMoL::CanudaX_BSSNMoL_apply_boundary_conditions: Apply radiative boundary conditions 
          GROUP ODESolvers_PostStep: Apply boundary conditions to state vector, and project if necessary
            GROUP CanudaX_BSSNMoL_PostStepGroup: CanudaX_BSSNMoL: post-step operations
              CanudaX_BSSNMoL::CanudaX_BSSNMoL_impose_conf_fac_floor: Make sure conformal factor does not drop below specified value
              CanudaX_BSSNMoL::CanudaX_BSSNMoL_reset_detmetric: reset dethh = 1
              CanudaX_BSSNMoL::CanudaX_BSSNMoL_remove_trA: Remove trace of A
              CanudaX_BSSNMoL::CanudaX_BSSNMoL_sync: [global] Sync state vector
              CanudaX_BSSNMoL::CanudaX_BSSNMoL_bssn2adm: [local] Convert variables back to the ADM ones
            GROUP ADMBaseX_SetADMRHS: Set ADM RHS variables in this group
            GROUP ADMBaseX_SetADMVars: Set ADM variables in this group
            GROUP TmunuBaseX_SetTmunuVars: Schedule group for setting T_munu
              TmunuBaseX::TmunuBaseX_ZeroTmunu: Set T_munu to zero
              GROUP TmunuBaseX_AddToTmunu: Add to T_munu here
      end while
    Evolve finer grids recursively
    Restrict from finer grids
    [CCTK_POSTRESTRICT]
      GROUP ODESolvers_PostStep: Apply boundary conditions to state vector, and project if necessary
        GROUP CanudaX_BSSNMoL_PostStepGroup: CanudaX_BSSNMoL: post-step operations
          CanudaX_BSSNMoL::CanudaX_BSSNMoL_impose_conf_fac_floor: Make sure conformal factor does not drop below specified value
          CanudaX_BSSNMoL::CanudaX_BSSNMoL_reset_detmetric: reset dethh = 1
          CanudaX_BSSNMoL::CanudaX_BSSNMoL_remove_trA: Remove trace of A
          CanudaX_BSSNMoL::CanudaX_BSSNMoL_sync: [global] Sync state vector
          CanudaX_BSSNMoL::CanudaX_BSSNMoL_bssn2adm: [local] Convert variables back to the ADM ones
        GROUP ADMBaseX_SetADMRHS: Set ADM RHS variables in this group
        GROUP ADMBaseX_SetADMVars: Set ADM variables in this group
        GROUP TmunuBaseX_SetTmunuVars: Schedule group for setting T_munu
          TmunuBaseX::TmunuBaseX_ZeroTmunu: Set T_munu to zero
          GROUP TmunuBaseX_AddToTmunu: Add to T_munu here
    [CCTK_POSTSTEP]
      ErrorEstimator::EstimateError: Estimate error
      GROUP ODESolvers_EstimateError: Estimate discretization error (for regridding)
    if (checkpoint)
      [CCTK_CHECKPOINT]
      CarpetX::CarpetX_Checkpoint: [meta] Checkpoint
    endif
    if (analysis)
      [CCTK_ANALYSIS]
      CanudaX_BSSNMoL::CanudaX_BSSNMoL_bssn_constraints: Compute constraints
      GROUP ODESolvers_Analysis: Calculate analysis quantities everywhere
    endif
    Output grid variables
    enddo

  Termination routines
    [CCTK_TERMINATE]
      CarpetX::CarpetX_CheckpointTerminate: [meta] Checkpoint before terminating

  Shutdown routines
    [CCTK_SHUTDOWN]
      CarpetX::Driver_Shutdown: [meta] Shut down the driver

  Routines run after changing the grid hierarchy:
    [CCTK_POSTREGRID]
      GROUP ODESolvers_PostStep: Apply boundary conditions to state vector, and project if necessary
        GROUP CanudaX_BSSNMoL_PostStepGroup: CanudaX_BSSNMoL: post-step operations
          CanudaX_BSSNMoL::CanudaX_BSSNMoL_impose_conf_fac_floor: Make sure conformal factor does not drop below specified value
          CanudaX_BSSNMoL::CanudaX_BSSNMoL_reset_detmetric: reset dethh = 1
          CanudaX_BSSNMoL::CanudaX_BSSNMoL_remove_trA: Remove trace of A
          CanudaX_BSSNMoL::CanudaX_BSSNMoL_sync: [global] Sync state vector
          CanudaX_BSSNMoL::CanudaX_BSSNMoL_bssn2adm: [local] Convert variables back to the ADM ones
        GROUP ADMBaseX_SetADMRHS: Set ADM RHS variables in this group
        GROUP ADMBaseX_SetADMVars: Set ADM variables in this group
        GROUP TmunuBaseX_SetTmunuVars: Schedule group for setting T_munu
          TmunuBaseX::TmunuBaseX_ZeroTmunu: Set T_munu to zero
          GROUP TmunuBaseX_AddToTmunu: Add to T_munu here
--------------------------------------------------------------------------------
INFO (hwloc): library version 2.10.0, API version 0x20800
--------------------------------------------------------------------------------

  [34m  ▕▏  [34m  ▕▏  [34m  ▕▏  [34m  ▕▏  [34m  ▕▏  [34m  ▕▏  [34m  ▕▏  [34m  ▕▏  [34m  ▕▏  [39m  
  [34m──██──[34m──██──[34m──██──[34m──██──[34m──██──[34m──██──[34m──██──[34m──██──[34m──██──[39m  
  [34m  ▕▏  [34m  ▕▏  [34m  ▕▏  [34m  ▕▏  [34m  ▕▏  [34m  ▕▏  [34m  ▕▏  [34m  ▕▏  [34m  ▕▏  [39m  
  [34m  ▕▏  [32m██████[34m  ▕▏  [34m  ▕▏  [32m██████[34m  ▕▏  [34m  ▕▏  [32m██████[34m  ▕▏  [39m  
  [34m──██──[32m██████[34m──██──[34m──██──[32m██████[34m──██──[34m──██──[32m██████[34m──██──[39m  
  [34m  ▕▏  [32m██████[34m  ▕▏  [34m  ▕▏  [32m██████[34m  ▕▏  [34m  ▕▏  [32m██████[34m  ▕▏  [39m  
  [34m  ▕▏  [34m  ▕▏  [34m  ▕▏  [34m  ▕▏  [34m  ▕▏  [34m  ▕▏  [34m  ▕▏  [34m  ▕▏  [34m  ▕▏  [39m  
  [34m──██──[34m──██──[34m──██──[34m──██──[34m──██──[34m──██──[34m──██──[34m──██──[34m──██──[39m  
  [34m  ▕▏  [34m  ▕▏  [34m  ▕▏  [34m  ▕▏  [34m  ▕▏  [34m  ▕▏  [34m  ▕▏  [34m  ▕▏  [34m  ▕▏  [39m  
  [34m  ▕▏  [34m  ▕▏  [34m  ▕▏  [31m██████[31m██████[31m██████[34m  ▕▏  [34m  ▕▏  [34m  ▕▏  [39m  
  [34m──██──[34m──██──[34m──██──[31m██████[31m██████[31m██████[34m──██──[34m──██──[34m──██──[39m  
  [34m  ▕▏  [34m  ▕▏  [34m  ▕▏  [31m██████[31m██████[31m██████[34m  ▕▏  [34m  ▕▏  [34m  ▕▏  [39m  
  [34m  ▕▏  [32m██████[34m  ▕▏  [31m██████[31m██████[31m██████[34m  ▕▏  [32m██████[34m  ▕▏  [39m  
  [34m──██──[32m██████[34m──██──[31m██████[31m██████[31m██████[34m──██──[32m██████[34m──██──[39m  
  [34m  ▕▏  [32m██████[34m  ▕▏  [31m██████[31m██████[31m██████[34m  ▕▏  [32m██████[34m  ▕▏  [39m  
  [34m  ▕▏  [34m  ▕▏  [34m  ▕▏  [31m██████[31m██████[31m██████[34m  ▕▏  [34m  ▕▏  [34m  ▕▏  [39m  
  [34m──██──[34m──██──[34m──██──[31m██████[31m██████[31m██████[34m──██──[34m──██──[34m──██──[39m  
  [34m  ▕▏  [34m  ▕▏  [34m  ▕▏  [31m██████[31m██████[31m██████[34m  ▕▏  [34m  ▕▏  [34m  ▕▏  [39m  
  [34m  ▕▏  [34m  ▕▏  [34m  ▕▏  [34m  ▕▏  [34m  ▕▏  [34m  ▕▏  [34m  ▕▏  [34m  ▕▏  [34m  ▕▏  [39m  
  [34m──██──[34m──██──[34m──██──[34m──██──[34m──██──[34m──██──[34m──██──[34m──██──[34m──██──[39m  
  [34m  ▕▏  [34m  ▕▏  [34m  ▕▏  [34m  ▕▏  [34m  ▕▏  [34m  ▕▏  [34m  ▕▏  [34m  ▕▏  [34m  ▕▏  [39m  
  [34m  ▕▏  [32m██████[34m  ▕▏  [34m  ▕▏  [32m██████[34m  ▕▏  [34m  ▕▏  [32m██████[34m  ▕▏  [39m  
  [34m──██──[32m██████[34m──██──[34m──██──[32m██████[34m──██──[34m──██──[32m██████[34m──██──[39m  
  [34m  ▕▏  [32m██████[34m  ▕▏  [34m  ▕▏  [32m██████[34m  ▕▏  [34m  ▕▏  [32m██████[34m  ▕▏  [39m  
  [34m  ▕▏  [34m  ▕▏  [34m  ▕▏  [34m  ▕▏  [34m  ▕▏  [34m  ▕▏  [34m  ▕▏  [34m  ▕▏  [34m  ▕▏  [39m  
  [34m──██──[34m──██──[34m──██──[34m──██──[34m──██──[34m──██──[34m──██──[34m──██──[34m──██──[39m  
  [34m  ▕▏  [34m  ▕▏  [34m  ▕▏  [34m  ▕▏  [34m  ▕▏  [34m  ▕▏  [34m  ▕▏  [34m  ▕▏  [34m  ▕▏  [39m  

AMR driver provided by CarpetX,
using AMReX 25.11 (MPI, OpenMP, no accelerators, optimized)
--------------------------------------------------------------------------------

Initializing AMReX (25.11)...
MPI initialized with 1 MPI processes
MPI initialized with thread support level 2
OMP initialized with 2 OMP threads
AMReX (25.11) initialized
INFO (CarpetX): 
Symmetries:
  lower x: periodic
  lower y: periodic
  lower z: periodic
  upper x: periodic
  upper y: periodic
  upper z: periodic
Default boundaries:
  lower x: symmetry_boundary
  lower y: symmetry_boundary
  lower z: symmetry_boundary
  upper x: symmetry_boundary
  upper y: symmetry_boundary
  upper z: symmetry_boundary
INFO (Arith): Test_smallvector
INFO (Arith): Test_spvect
INFO (CarpetX): Setting initial values for max_grid_size values for all levels
INFO (CarpetX): Setting up initial conditions...
INFO (CarpetX): Iteration: 0   time: 0   delta_time: 0.00390625
INFO (CarpetX): Patch 0:
INFO (CarpetX):   Grid extent:
INFO (CarpetX):     gsh=[71,15,15]
INFO (CarpetX):     blocking_factor=[8,8,8]
INFO (CarpetX):     max_grid_size=[10000000,10000000,10000000]
INFO (CarpetX):     max_tile_size=[1024000,16,32]
INFO (CarpetX):   Domain extent:
INFO (CarpetX):     xmin=[-0.5,-0.0625,-0.0625]
INFO (CarpetX):     xmax=[0.5,0.0625,0.0625]
INFO (CarpetX):     base dx=[0.015625,0.015625,0.015625]
INFO (CarpetX): Initializing level 0...
INFO (CanudaX_ExactID): Begin Gauge Wave initial data
INFO (CanudaX_ExactID): === End gauge wave initial data ===
INFO (CarpetX): Regridding...
INFO (CarpetX):   level 0: 1 boxes, 4096 cells (100%)
INFO (CarpetX): Initialized 1 levels
INFO (CarpetX): OutputGH: iteration 0, time 0.000000, run time 0 s
INFO (CarpetX): OutputGH done.
INFO (CarpetX): Starting evolution...
INFO (ODESolvers): ODE integrator is RK4
INFO (CarpetX): OutputGH: iteration 1, time 0.003906, run time 0 s
INFO (CarpetX): OutputGH done.
INFO (CarpetX): Simulation time: 0.00390625   Iterations per second: 17.4056   Simulation time per second: 0.0679905
INFO (CarpetX): Grid cells: 4096   Grid cell updates per second: 71293.2
INFO (CarpetX): Performance:
INFO (CarpetX):   total evolution time:            0.0574529 sec
INFO (CarpetX):   total evolution compute time:    0.0574179 sec
INFO (CarpetX):   total evolution output time:     3.50475e-05 sec
INFO (CarpetX):   total iterations:                1
INFO (CarpetX):   total cells updated:             4096
INFO (CarpetX):   average iterations per second: 17.4056
INFO (CarpetX):   average cell updates per second: 71293.2
INFO (CarpetX): OutputGH: iteration 2, time 0.007812, run time 0 s
INFO (CarpetX): OutputGH done.
INFO (CarpetX): Simulation time: 0.0078125   Iterations per second: 17.7487   Simulation time per second: 0.069331
INFO (CarpetX): Grid cells: 4096   Grid cell updates per second: 72698.9
INFO (CarpetX): Performance:
INFO (CarpetX):   total evolution time:            0.112684 sec
INFO (CarpetX):   total evolution compute time:    0.112617 sec
INFO (CarpetX):   total evolution output time:     6.69956e-05 sec
INFO (CarpetX):   total iterations:                2
INFO (CarpetX):   total cells updated:             8192
INFO (CarpetX):   average iterations per second: 17.7487
INFO (CarpetX):   average cell updates per second: 72698.9
INFO (CarpetX): OutputGH: iteration 3, time 0.011719, run time 0 s
INFO (CarpetX): OutputGH done.
INFO (CarpetX): Simulation time: 0.0117188   Iterations per second: 17.8752   Simulation time per second: 0.0698251
INFO (CarpetX): Grid cells: 4096   Grid cell updates per second: 73216.9
INFO (CarpetX): Performance:
INFO (CarpetX):   total evolution time:            0.16783 sec
INFO (CarpetX):   total evolution compute time:    0.167731 sec
INFO (CarpetX):   total evolution output time:     9.91821e-05 sec
INFO (CarpetX):   total iterations:                3
INFO (CarpetX):   total cells updated:             12288
INFO (CarpetX):   average iterations per second: 17.8752
INFO (CarpetX):   average cell updates per second: 73216.9
INFO (CarpetX): OutputGH: iteration 4, time 0.015625, run time 1 s
INFO (CarpetX): OutputGH done.
INFO (CarpetX): Simulation time: 0.015625   Iterations per second: 17.942   Simulation time per second: 0.0700861
INFO (CarpetX): Grid cells: 4096   Grid cell updates per second: 73490.6
INFO (CarpetX): Performance:
INFO (CarpetX):   total evolution time:            0.22294 sec
INFO (CarpetX):   total evolution compute time:    0.222807 sec
INFO (CarpetX):   total evolution output time:     0.000133038 sec
INFO (CarpetX):   total iterations:                4
INFO (CarpetX):   total cells updated:             16384
INFO (CarpetX):   average iterations per second: 17.942
INFO (CarpetX):   average cell updates per second: 73490.6
INFO (CarpetX): OutputGH: iteration 5, time 0.019531, run time 1 s
INFO (CarpetX): OutputGH done.
INFO (CarpetX): Simulation time: 0.0195312   Iterations per second: 17.9865   Simulation time per second: 0.0702596
INFO (CarpetX): Grid cells: 4096   Grid cell updates per second: 73672.5
INFO (CarpetX): Performance:
INFO (CarpetX):   total evolution time:            0.277987 sec
INFO (CarpetX):   total evolution compute time:    0.277823 sec
INFO (CarpetX):   total evolution output time:     0.000164032 sec
INFO (CarpetX):   total iterations:                5
INFO (CarpetX):   total cells updated:             20480
INFO (CarpetX):   average iterations per second: 17.9865
INFO (CarpetX):   average cell updates per second: 73672.5
INFO (CarpetX): OutputGH: iteration 6, time 0.023438, run time 1 s
INFO (CarpetX): OutputGH done.
INFO (CarpetX): Simulation time: 0.0234375   Iterations per second: 18.0464   Simulation time per second: 0.0704938
INFO (CarpetX): Grid cells: 4096   Grid cell updates per second: 73918.1
INFO (CarpetX): Performance:
INFO (CarpetX):   total evolution time:            0.332476 sec
INFO (CarpetX):   total evolution compute time:    0.332287 sec
INFO (CarpetX):   total evolution output time:     0.000189066 sec
INFO (CarpetX):   total iterations:                6
INFO (CarpetX):   total cells updated:             24576
INFO (CarpetX):   average iterations per second: 18.0464
INFO (CarpetX):   average cell updates per second: 73918.1
INFO (CarpetX): OutputGH: iteration 7, time 0.027344, run time 1 s
INFO (CarpetX): OutputGH done.
INFO (CarpetX): Simulation time: 0.0273438   Iterations per second: 18.0805   Simulation time per second: 0.070627
INFO (CarpetX): Grid cells: 4096   Grid cell updates per second: 74057.8
INFO (CarpetX): Performance:
INFO (CarpetX):   total evolution time:            0.387157 sec
INFO (CarpetX):   total evolution compute time:    0.386935 sec
INFO (CarpetX):   total evolution output time:     0.000221968 sec
INFO (CarpetX):   total iterations:                7
INFO (CarpetX):   total cells updated:             28672
INFO (CarpetX):   average iterations per second: 18.0805
INFO (CarpetX):   average cell updates per second: 74057.8
INFO (CarpetX): OutputGH: iteration 8, time 0.031250, run time 1 s
INFO (CarpetX): OutputGH done.
INFO (CarpetX): Simulation time: 0.03125   Iterations per second: 18.1111   Simulation time per second: 0.0707465
INFO (CarpetX): Grid cells: 4096   Grid cell updates per second: 74183.1
INFO (CarpetX): Performance:
INFO (CarpetX):   total evolution time:            0.441718 sec
INFO (CarpetX):   total evolution compute time:    0.441468 sec
INFO (CarpetX):   total evolution output time:     0.000250101 sec
INFO (CarpetX):   total iterations:                8
INFO (CarpetX):   total cells updated:             32768
INFO (CarpetX):   average iterations per second: 18.1111
INFO (CarpetX):   average cell updates per second: 74183.1
INFO (CarpetX): OutputGH: iteration 9, time 0.035156, run time 1 s
INFO (CarpetX): OutputGH done.
INFO (CarpetX): Simulation time: 0.0351562   Iterations per second: 18.1394   Simulation time per second: 0.0708569
INFO (CarpetX): Grid cells: 4096   Grid cell updates per second: 74298.9
INFO (CarpetX): Performance:
INFO (CarpetX):   total evolution time:            0.496158 sec
INFO (CarpetX):   total evolution compute time:    0.495881 sec
INFO (CarpetX):   total evolution output time:     0.000277042 sec
INFO (CarpetX):   total iterations:                9
INFO (CarpetX):   total cells updated:             36864
INFO (CarpetX):   average iterations per second: 18.1394
INFO (CarpetX):   average cell updates per second: 74298.9
INFO (CarpetX): OutputGH: iteration 10, time 0.039062, run time 1 s
INFO (CarpetX): OutputGH done.
INFO (CarpetX): Simulation time: 0.0390625   Iterations per second: 18.1603   Simulation time per second: 0.0709387
INFO (CarpetX): Grid cells: 4096   Grid cell updates per second: 74384.6
INFO (CarpetX): Performance:
INFO (CarpetX):   total evolution time:            0.550651 sec
INFO (CarpetX):   total evolution compute time:    0.550344 sec
INFO (CarpetX):   total evolution output time:     0.000307083 sec
INFO (CarpetX):   total iterations:                10
INFO (CarpetX):   total cells updated:             40960
INFO (CarpetX):   average iterations per second: 18.1603
INFO (CarpetX):   average cell updates per second: 74384.6
INFO (CarpetX): OutputGH: iteration 11, time 0.042969, run time 1 s
INFO (CarpetX): OutputGH done.
INFO (CarpetX): Simulation time: 0.0429688   Iterations per second: 18.167   Simulation time per second: 0.0709647
INFO (CarpetX): Grid cells: 4096   Grid cell updates per second: 74411.8
INFO (CarpetX): Performance:
INFO (CarpetX):   total evolution time:            0.605515 sec
INFO (CarpetX):   total evolution compute time:    0.605176 sec
INFO (CarpetX):   total evolution output time:     0.000339031 sec
INFO (CarpetX):   total iterations:                11
INFO (CarpetX):   total cells updated:             45056
INFO (CarpetX):   average iterations per second: 18.1663
INFO (CarpetX):   average cell updates per second: 74409.4
INFO (CarpetX): OutputGH: iteration 12, time 0.046875, run time 1 s
INFO (CarpetX): OutputGH done.
INFO (CarpetX): Simulation time: 0.046875   Iterations per second: 18.1706   Simulation time per second: 0.0709788
INFO (CarpetX): Grid cells: 4096   Grid cell updates per second: 74426.7
INFO (CarpetX): Performance:
INFO (CarpetX):   total evolution time:            0.66045 sec
INFO (CarpetX):   total evolution compute time:    0.660077 sec
INFO (CarpetX):   total evolution output time:     0.000373125 sec
INFO (CarpetX):   total iterations:                12
INFO (CarpetX):   total cells updated:             49152
INFO (CarpetX):   average iterations per second: 18.1694
INFO (CarpetX):   average cell updates per second: 74422
INFO (CarpetX): OutputGH: iteration 13, time 0.050781, run time 1 s
INFO (CarpetX): OutputGH done.
INFO (CarpetX): Simulation time: 0.0507812   Iterations per second: 18.1794   Simulation time per second: 0.0710132
INFO (CarpetX): Grid cells: 4096   Grid cell updates per second: 74462.7
INFO (CarpetX): Performance:
INFO (CarpetX):   total evolution time:            0.715218 sec
INFO (CarpetX):   total evolution compute time:    0.714815 sec
INFO (CarpetX):   total evolution output time:     0.000403166 sec
INFO (CarpetX):   total iterations:                13
INFO (CarpetX):   total cells updated:             53248
INFO (CarpetX):   average iterations per second: 18.1763
INFO (CarpetX):   average cell updates per second: 74450
INFO (CarpetX): OutputGH: iteration 14, time 0.054688, run time 1 s
INFO (CarpetX): OutputGH done.
INFO (CarpetX): Simulation time: 0.0546875   Iterations per second: 18.185   Simulation time per second: 0.0710351
INFO (CarpetX): Grid cells: 4096   Grid cell updates per second: 74485.7
INFO (CarpetX): Performance:
INFO (CarpetX):   total evolution time:            0.770056 sec
INFO (CarpetX):   total evolution compute time:    0.769623 sec
INFO (CarpetX):   total evolution output time:     0.000433207 sec
INFO (CarpetX):   total iterations:                14
INFO (CarpetX):   total cells updated:             57344
INFO (CarpetX):   average iterations per second: 18.1805
INFO (CarpetX):   average cell updates per second: 74467.3
INFO (CarpetX): OutputGH: iteration 15, time 0.058594, run time 1 s
INFO (CarpetX): OutputGH done.
INFO (CarpetX): Simulation time: 0.0585938   Iterations per second: 18.197   Simulation time per second: 0.0710819
INFO (CarpetX): Grid cells: 4096   Grid cell updates per second: 74534.8
INFO (CarpetX): Performance:
INFO (CarpetX):   total evolution time:            0.824684 sec
INFO (CarpetX):   total evolution compute time:    0.824221 sec
INFO (CarpetX):   total evolution output time:     0.000463247 sec
INFO (CarpetX):   total iterations:                15
INFO (CarpetX):   total cells updated:             61440
INFO (CarpetX):   average iterations per second: 18.1888
INFO (CarpetX):   average cell updates per second: 74501.3
INFO (CarpetX): OutputGH: iteration 16, time 0.062500, run time 1 s
INFO (CarpetX): OutputGH done.
INFO (CarpetX): Simulation time: 0.0625   Iterations per second: 18.2097   Simulation time per second: 0.0711317
INFO (CarpetX): Grid cells: 4096   Grid cell updates per second: 74587
INFO (CarpetX): Performance:
INFO (CarpetX):   total evolution time:            0.879254 sec
INFO (CarpetX):   total evolution compute time:    0.878766 sec
INFO (CarpetX):   total evolution output time:     0.000488281 sec
INFO (CarpetX):   total iterations:                16
INFO (CarpetX):   total cells updated:             65536
INFO (CarpetX):   average iterations per second: 18.1972
INFO (CarpetX):   average cell updates per second: 74535.9
INFO (CarpetX): OutputGH: iteration 17, time 0.066406, run time 1 s
INFO (CarpetX): OutputGH done.
INFO (CarpetX): Simulation time: 0.0664062   Iterations per second: 18.2213   Simulation time per second: 0.0711769
INFO (CarpetX): Grid cells: 4096   Grid cell updates per second: 74634.3
INFO (CarpetX): Performance:
INFO (CarpetX):   total evolution time:            0.933821 sec
INFO (CarpetX):   total evolution compute time:    0.933305 sec
INFO (CarpetX):   total evolution output time:     0.000516415 sec
INFO (CarpetX):   total iterations:                17
INFO (CarpetX):   total cells updated:             69632
INFO (CarpetX):   average iterations per second: 18.2048
INFO (CarpetX):   average cell updates per second: 74566.8
INFO (CarpetX): OutputGH: iteration 18, time 0.070312, run time 1 s
INFO (CarpetX): OutputGH done.
INFO (CarpetX): Simulation time: 0.0703125   Iterations per second: 18.2322   Simulation time per second: 0.0712194
INFO (CarpetX): Grid cells: 4096   Grid cell updates per second: 74679
INFO (CarpetX): Performance:
INFO (CarpetX):   total evolution time:            0.988374 sec
INFO (CarpetX):   total evolution compute time:    0.987832 sec
INFO (CarpetX):   total evolution output time:     0.000542402 sec
INFO (CarpetX):   total iterations:                18
INFO (CarpetX):   total cells updated:             73728
INFO (CarpetX):   average iterations per second: 18.2117
INFO (CarpetX):   average cell updates per second: 74595.2
INFO (CarpetX): OutputGH: iteration 19, time 0.074219, run time 1 s
INFO (CarpetX): OutputGH done.
INFO (CarpetX): Simulation time: 0.0742188   Iterations per second: 18.2452   Simulation time per second: 0.0712705
INFO (CarpetX): Grid cells: 4096   Grid cell updates per second: 74732.5
INFO (CarpetX): Performance:
INFO (CarpetX):   total evolution time:            1.04283 sec
INFO (CarpetX):   total evolution compute time:    1.04226 sec
INFO (CarpetX):   total evolution output time:     0.000567436 sec
INFO (CarpetX):   total iterations:                19
INFO (CarpetX):   total cells updated:             77824
INFO (CarpetX):   average iterations per second: 18.2197
INFO (CarpetX):   average cell updates per second: 74627.8
INFO (CarpetX): OutputGH: iteration 20, time 0.078125, run time 1 s
INFO (CarpetX): OutputGH done.
INFO (CarpetX): Simulation time: 0.078125   Iterations per second: 18.2517   Simulation time per second: 0.0712958
INFO (CarpetX): Grid cells: 4096   Grid cell updates per second: 74759.1
INFO (CarpetX): Performance:
INFO (CarpetX):   total evolution time:            1.09744 sec
INFO (CarpetX):   total evolution compute time:    1.09685 sec
INFO (CarpetX):   total evolution output time:     0.000597477 sec
INFO (CarpetX):   total iterations:                20
INFO (CarpetX):   total cells updated:             81920
INFO (CarpetX):   average iterations per second: 18.2242
INFO (CarpetX):   average cell updates per second: 74646.2
INFO (CarpetX): OutputGH: iteration 21, time 0.082031, run time 1 s
INFO (CarpetX): OutputGH done.
INFO (CarpetX): Simulation time: 0.0820312   Iterations per second: 18.2632   Simulation time per second: 0.0713408
INFO (CarpetX): Grid cells: 4096   Grid cell updates per second: 74806.2
INFO (CarpetX): Performance:
INFO (CarpetX):   total evolution time:            1.15189 sec
INFO (CarpetX):   total evolution compute time:    1.15125 sec
INFO (CarpetX):   total evolution output time:     0.000639439 sec
INFO (CarpetX):   total iterations:                21
INFO (CarpetX):   total cells updated:             86016
INFO (CarpetX):   average iterations per second: 18.231
INFO (CarpetX):   average cell updates per second: 74674
INFO (CarpetX): OutputGH: iteration 22, time 0.085938, run time 2 s
INFO (CarpetX): OutputGH done.
INFO (CarpetX): Simulation time: 0.0859375   Iterations per second: 18.2671   Simulation time per second: 0.071356
INFO (CarpetX): Grid cells: 4096   Grid cell updates per second: 74822.2
INFO (CarpetX): Performance:
INFO (CarpetX):   total evolution time:            1.20653 sec
INFO (CarpetX):   total evolution compute time:    1.20585 sec
INFO (CarpetX):   total evolution output time:     0.000670433 sec
INFO (CarpetX):   total iterations:                22
INFO (CarpetX):   total cells updated:             90112
INFO (CarpetX):   average iterations per second: 18.2342
INFO (CarpetX):   average cell updates per second: 74687.2
INFO (CarpetX): OutputGH: iteration 23, time 0.089844, run time 2 s
INFO (CarpetX): OutputGH done.
INFO (CarpetX): Simulation time: 0.0898438   Iterations per second: 18.2736   Simulation time per second: 0.0713813
INFO (CarpetX): Grid cells: 4096   Grid cell updates per second: 74848.7
INFO (CarpetX): Performance:
INFO (CarpetX):   total evolution time:            1.26107 sec
INFO (CarpetX):   total evolution compute time:    1.26037 sec
INFO (CarpetX):   total evolution output time:     0.00069952 sec
INFO (CarpetX):   total iterations:                23
INFO (CarpetX):   total cells updated:             94208
INFO (CarpetX):   average iterations per second: 18.2384
INFO (CarpetX):   average cell updates per second: 74704.6
INFO (CarpetX): OutputGH: iteration 24, time 0.093750, run time 2 s
INFO (CarpetX): OutputGH done.
INFO (CarpetX): Simulation time: 0.09375   Iterations per second: 18.2825   Simulation time per second: 0.071416
INFO (CarpetX): Grid cells: 4096   Grid cell updates per second: 74885.1
INFO (CarpetX): Performance:
INFO (CarpetX):   total evolution time:            1.31553 sec
INFO (CarpetX):   total evolution compute time:    1.3148 sec
INFO (CarpetX):   total evolution output time:     0.000729561 sec
INFO (CarpetX):   total iterations:                24
INFO (CarpetX):   total cells updated:             98304
INFO (CarpetX):   average iterations per second: 18.2436
INFO (CarpetX):   average cell updates per second: 74725.7
INFO (CarpetX): OutputGH: iteration 25, time 0.097656, run time 2 s
INFO (CarpetX): OutputGH done.
INFO (CarpetX): Simulation time: 0.0976562   Iterations per second: 18.2787   Simulation time per second: 0.0714014
INFO (CarpetX): Grid cells: 4096   Grid cell updates per second: 74869.8
INFO (CarpetX): Performance:
INFO (CarpetX):   total evolution time:            1.37034 sec
INFO (CarpetX):   total evolution compute time:    1.36958 sec
INFO (CarpetX):   total evolution output time:     0.000761747 sec
INFO (CarpetX):   total iterations:                25
INFO (CarpetX):   total cells updated:             102400
INFO (CarpetX):   average iterations per second: 18.2436
INFO (CarpetX):   average cell updates per second: 74725.9
INFO (CarpetX): OutputGH: iteration 26, time 0.101562, run time 2 s
INFO (CarpetX): OutputGH done.
INFO (CarpetX): Simulation time: 0.101562   Iterations per second: 18.2813   Simulation time per second: 0.0714112
INFO (CarpetX): Grid cells: 4096   Grid cell updates per second: 74880
INFO (CarpetX): Performance:
INFO (CarpetX):   total evolution time:            1.42497 sec
INFO (CarpetX):   total evolution compute time:    1.42417 sec
INFO (CarpetX):   total evolution output time:     0.000801802 sec
INFO (CarpetX):   total iterations:                26
INFO (CarpetX):   total cells updated:             106496
INFO (CarpetX):   average iterations per second: 18.2459
INFO (CarpetX):   average cell updates per second: 74735.4
INFO (CarpetX): OutputGH: iteration 27, time 0.105469, run time 2 s
INFO (CarpetX): OutputGH done.
INFO (CarpetX): Simulation time: 0.105469   Iterations per second: 18.2868   Simulation time per second: 0.071433
INFO (CarpetX): Grid cells: 4096   Grid cell updates per second: 74902.9
INFO (CarpetX): Performance:
INFO (CarpetX):   total evolution time:            1.47951 sec
INFO (CarpetX):   total evolution compute time:    1.47866 sec
INFO (CarpetX):   total evolution output time:     0.000846863 sec
INFO (CarpetX):   total iterations:                27
INFO (CarpetX):   total cells updated:             110592
INFO (CarpetX):   average iterations per second: 18.2493
INFO (CarpetX):   average cell updates per second: 74749.2
INFO (CarpetX): OutputGH: iteration 28, time 0.109375, run time 2 s
INFO (CarpetX): OutputGH done.
INFO (CarpetX): Simulation time: 0.109375   Iterations per second: 18.2918   Simulation time per second: 0.0714523
INFO (CarpetX): Grid cells: 4096   Grid cell updates per second: 74923.2
INFO (CarpetX): Performance:
INFO (CarpetX):   total evolution time:            1.53404 sec
INFO (CarpetX):   total evolution compute time:    1.53317 sec
INFO (CarpetX):   total evolution output time:     0.000878811 sec
INFO (CarpetX):   total iterations:                28
INFO (CarpetX):   total cells updated:             114688
INFO (CarpetX):   average iterations per second: 18.2524
INFO (CarpetX):   average cell updates per second: 74761.9
INFO (CarpetX): OutputGH: iteration 29, time 0.113281, run time 2 s
INFO (CarpetX): OutputGH done.
INFO (CarpetX): Simulation time: 0.113281   Iterations per second: 18.2982   Simulation time per second: 0.0714775
INFO (CarpetX): Grid cells: 4096   Grid cell updates per second: 74949.6
INFO (CarpetX): Performance:
INFO (CarpetX):   total evolution time:            1.58852 sec
INFO (CarpetX):   total evolution compute time:    1.58762 sec
INFO (CarpetX):   total evolution output time:     0.000905752 sec
INFO (CarpetX):   total iterations:                29
INFO (CarpetX):   total cells updated:             118784
INFO (CarpetX):   average iterations per second: 18.256
INFO (CarpetX):   average cell updates per second: 74776.5
INFO (CarpetX): OutputGH: iteration 30, time 0.117188, run time 2 s
INFO (CarpetX): OutputGH done.
INFO (CarpetX): Simulation time: 0.117188   Iterations per second: 18.3082   Simulation time per second: 0.0715162
INFO (CarpetX): Grid cells: 4096   Grid cell updates per second: 74990.2
INFO (CarpetX): Performance:
INFO (CarpetX):   total evolution time:            1.64288 sec
INFO (CarpetX):   total evolution compute time:    1.64195 sec
INFO (CarpetX):   total evolution output time:     0.000925779 sec
INFO (CarpetX):   total iterations:                30
INFO (CarpetX):   total cells updated:             122880
INFO (CarpetX):   average iterations per second: 18.2607
INFO (CarpetX):   average cell updates per second: 74795.7
INFO (CarpetX): OutputGH: iteration 31, time 0.121094, run time 2 s
INFO (CarpetX): OutputGH done.
INFO (CarpetX): Simulation time: 0.121094   Iterations per second: 18.3166   Simulation time per second: 0.0715492
INFO (CarpetX): Grid cells: 4096   Grid cell updates per second: 75024.8
INFO (CarpetX): Performance:
INFO (CarpetX):   total evolution time:            1.69724 sec
INFO (CarpetX):   total evolution compute time:    1.69629 sec
INFO (CarpetX):   total evolution output time:     0.00094986 sec
INFO (CarpetX):   total iterations:                31
INFO (CarpetX):   total cells updated:             126976
INFO (CarpetX):   average iterations per second: 18.2649
INFO (CarpetX):   average cell updates per second: 74813
INFO (CarpetX): OutputGH: iteration 32, time 0.125000, run time 2 s
INFO (CarpetX): OutputGH done.
INFO (CarpetX): Simulation time: 0.125   Iterations per second: 18.316   Simulation time per second: 0.071547
INFO (CarpetX): Grid cells: 4096   Grid cell updates per second: 75022.4
INFO (CarpetX): Performance:
INFO (CarpetX):   total evolution time:            1.75186 sec
INFO (CarpetX):   total evolution compute time:    1.75088 sec
INFO (CarpetX):   total evolution output time:     0.000975847 sec
INFO (CarpetX):   total iterations:                32
INFO (CarpetX):   total cells updated:             131072
INFO (CarpetX):   average iterations per second: 18.2663
INFO (CarpetX):   average cell updates per second: 74818.9
INFO (CarpetX): OutputGH: iteration 33, time 0.128906, run time 2 s
INFO (CarpetX): OutputGH done.
INFO (CarpetX): Simulation time: 0.128906   Iterations per second: 18.3228   Simulation time per second: 0.0715733
INFO (CarpetX): Grid cells: 4096   Grid cell updates per second: 75050.1
INFO (CarpetX): Performance:
INFO (CarpetX):   total evolution time:            1.80625 sec
INFO (CarpetX):   total evolution compute time:    1.80523 sec
INFO (CarpetX):   total evolution output time:     0.001019 sec
INFO (CarpetX):   total iterations:                33
INFO (CarpetX):   total cells updated:             135168
INFO (CarpetX):   average iterations per second: 18.2699
INFO (CarpetX):   average cell updates per second: 74833.4
INFO (CarpetX): OutputGH: iteration 34, time 0.132812, run time 2 s
INFO (CarpetX): OutputGH done.
INFO (CarpetX): Simulation time: 0.132812   Iterations per second: 18.3283   Simulation time per second: 0.0715951
INFO (CarpetX): Grid cells: 4096   Grid cell updates per second: 75072.9
INFO (CarpetX): Performance:
INFO (CarpetX):   total evolution time:            1.86066 sec
INFO (CarpetX):   total evolution compute time:    1.85962 sec
INFO (CarpetX):   total evolution output time:     0.0010469 sec
INFO (CarpetX):   total iterations:                34
INFO (CarpetX):   total cells updated:             139264
INFO (CarpetX):   average iterations per second: 18.2731
INFO (CarpetX):   average cell updates per second: 74846.4
INFO (CarpetX): OutputGH: iteration 35, time 0.136719, run time 2 s
INFO (CarpetX): OutputGH done.
INFO (CarpetX): Simulation time: 0.136719   Iterations per second: 18.3247   Simulation time per second: 0.0715807
INFO (CarpetX): Grid cells: 4096   Grid cell updates per second: 75057.8
INFO (CarpetX): Performance:
INFO (CarpetX):   total evolution time:            1.91533 sec
INFO (CarpetX):   total evolution compute time:    1.91426 sec
INFO (CarpetX):   total evolution output time:     0.00107479 sec
INFO (CarpetX):   total iterations:                35
INFO (CarpetX):   total cells updated:             143360
INFO (CarpetX):   average iterations per second: 18.2736
INFO (CarpetX):   average cell updates per second: 74848.6
INFO (CarpetX): OutputGH: iteration 36, time 0.140625, run time 2 s
INFO (CarpetX): OutputGH done.
INFO (CarpetX): Simulation time: 0.140625   Iterations per second: 18.3279   Simulation time per second: 0.0715935
INFO (CarpetX): Grid cells: 4096   Grid cell updates per second: 75071.2
INFO (CarpetX): Performance:
INFO (CarpetX):   total evolution time:            1.96981 sec
INFO (CarpetX):   total evolution compute time:    1.9687 sec
INFO (CarpetX):   total evolution output time:     0.00110483 sec
INFO (CarpetX):   total iterations:                36
INFO (CarpetX):   total cells updated:             147456
INFO (CarpetX):   average iterations per second: 18.2759
INFO (CarpetX):   average cell updates per second: 74858.1
INFO (CarpetX): OutputGH: iteration 37, time 0.144531, run time 2 s
INFO (CarpetX): OutputGH done.
INFO (CarpetX): Simulation time: 0.144531   Iterations per second: 18.3279   Simulation time per second: 0.0715933
INFO (CarpetX): Grid cells: 4096   Grid cell updates per second: 75071
INFO (CarpetX): Performance:
INFO (CarpetX):   total evolution time:            2.02437 sec
INFO (CarpetX):   total evolution compute time:    2.02324 sec
INFO (CarpetX):   total evolution output time:     0.00113201 sec
INFO (CarpetX):   total iterations:                37
INFO (CarpetX):   total cells updated:             151552
INFO (CarpetX):   average iterations per second: 18.2773
INFO (CarpetX):   average cell updates per second: 74863.8
INFO (CarpetX): OutputGH: iteration 38, time 0.148438, run time 2 s
INFO (CarpetX): OutputGH done.
INFO (CarpetX): Simulation time: 0.148438   Iterations per second: 18.3263   Simulation time per second: 0.0715872
INFO (CarpetX): Grid cells: 4096   Grid cell updates per second: 75064.6
INFO (CarpetX): Performance:
INFO (CarpetX):   total evolution time:            2.07898 sec
INFO (CarpetX):   total evolution compute time:    2.0778 sec
INFO (CarpetX):   total evolution output time:     0.00117421 sec
INFO (CarpetX):   total iterations:                38
INFO (CarpetX):   total cells updated:             155648
INFO (CarpetX):   average iterations per second: 18.2782
INFO (CarpetX):   average cell updates per second: 74867.5
INFO (CarpetX): OutputGH: iteration 39, time 0.152344, run time 2 s
INFO (CarpetX): OutputGH done.
INFO (CarpetX): Simulation time: 0.152344   Iterations per second: 18.3332   Simulation time per second: 0.0716143
INFO (CarpetX): Grid cells: 4096   Grid cell updates per second: 75093
INFO (CarpetX): Performance:
INFO (CarpetX):   total evolution time:            2.13334 sec
INFO (CarpetX):   total evolution compute time:    2.13214 sec
INFO (CarpetX):   total evolution output time:     0.00119901 sec
INFO (CarpetX):   total iterations:                39
INFO (CarpetX):   total cells updated:             159744
INFO (CarpetX):   average iterations per second: 18.2812
INFO (CarpetX):   average cell updates per second: 74879.8
INFO (CarpetX): OutputGH: iteration 40, time 0.156250, run time 3 s
INFO (CarpetX): OutputGH done.
INFO (CarpetX): Simulation time: 0.15625   Iterations per second: 18.3231   Simulation time per second: 0.0715746
INFO (CarpetX): Grid cells: 4096   Grid cell updates per second: 75051.4
INFO (CarpetX): Performance:
INFO (CarpetX):   total evolution time:            2.18819 sec
INFO (CarpetX):   total evolution compute time:    2.18696 sec
INFO (CarpetX):   total evolution output time:     0.00122905 sec
INFO (CarpetX):   total iterations:                40
INFO (CarpetX):   total cells updated:             163840
INFO (CarpetX):   average iterations per second: 18.28
INFO (CarpetX):   average cell updates per second: 74874.8
INFO (CarpetX): OutputGH: iteration 41, time 0.160156, run time 3 s
INFO (CarpetX): OutputGH done.
INFO (CarpetX): Simulation time: 0.160156   Iterations per second: 18.3196   Simulation time per second: 0.071561
INFO (CarpetX): Grid cells: 4096   Grid cell updates per second: 75037.1
INFO (CarpetX): Performance:
INFO (CarpetX):   total evolution time:            2.24287 sec
INFO (CarpetX):   total evolution compute time:    2.24161 sec
INFO (CarpetX):   total evolution output time:     0.00126004 sec
INFO (CarpetX):   total iterations:                41
INFO (CarpetX):   total cells updated:             167936
INFO (CarpetX):   average iterations per second: 18.2802
INFO (CarpetX):   average cell updates per second: 74875.6
INFO (CarpetX): OutputGH: iteration 42, time 0.164062, run time 3 s
INFO (CarpetX): OutputGH done.
INFO (CarpetX): Simulation time: 0.164062   Iterations per second: 18.2674   Simulation time per second: 0.0713568
INFO (CarpetX): Grid cells: 4096   Grid cell updates per second: 74823.1
INFO (CarpetX): Performance:
INFO (CarpetX):   total evolution time:            2.29901 sec
INFO (CarpetX):   total evolution compute time:    2.29772 sec
INFO (CarpetX):   total evolution output time:     0.0012939 sec
INFO (CarpetX):   total iterations:                42
INFO (CarpetX):   total cells updated:             172032
INFO (CarpetX):   average iterations per second: 18.2687
INFO (CarpetX):   average cell updates per second: 74828.6
INFO (CarpetX): OutputGH: iteration 43, time 0.167969, run time 3 s
INFO (CarpetX): OutputGH done.
INFO (CarpetX): Simulation time: 0.167969   Iterations per second: 18.2762   Simulation time per second: 0.0713913
INFO (CarpetX): Grid cells: 4096   Grid cell updates per second: 74859.2
INFO (CarpetX): Performance:
INFO (CarpetX):   total evolution time:            2.35349 sec
INFO (CarpetX):   total evolution compute time:    2.35217 sec
INFO (CarpetX):   total evolution output time:     0.00132585 sec
INFO (CarpetX):   total iterations:                43
INFO (CarpetX):   total cells updated:             176128
INFO (CarpetX):   average iterations per second: 18.2707
INFO (CarpetX):   average cell updates per second: 74836.9
INFO (CarpetX): OutputGH: iteration 44, time 0.171875, run time 3 s
INFO (CarpetX): OutputGH done.
INFO (CarpetX): Simulation time: 0.171875   Iterations per second: 18.2449   Simulation time per second: 0.0712693
INFO (CarpetX): Grid cells: 4096   Grid cell updates per second: 74731.3
INFO (CarpetX): Performance:
INFO (CarpetX):   total evolution time:            2.40914 sec
INFO (CarpetX):   total evolution compute time:    2.40779 sec
INFO (CarpetX):   total evolution output time:     0.00135875 sec
INFO (CarpetX):   total iterations:                44
INFO (CarpetX):   total cells updated:             180224
INFO (CarpetX):   average iterations per second: 18.2637
INFO (CarpetX):   average cell updates per second: 74808.3
INFO (CarpetX): OutputGH: iteration 45, time 0.175781, run time 3 s
INFO (CarpetX): OutputGH done.
INFO (CarpetX): Simulation time: 0.175781   Iterations per second: 18.2574   Simulation time per second: 0.0713179
INFO (CarpetX): Grid cells: 4096   Grid cell updates per second: 74782.3
INFO (CarpetX): Performance:
INFO (CarpetX):   total evolution time:            2.46358 sec
INFO (CarpetX):   total evolution compute time:    2.46218 sec
INFO (CarpetX):   total evolution output time:     0.00139761 sec
INFO (CarpetX):   total iterations:                45
INFO (CarpetX):   total cells updated:             184320
INFO (CarpetX):   average iterations per second: 18.2661
INFO (CarpetX):   average cell updates per second: 74817.9
INFO (CarpetX): OutputGH: iteration 46, time 0.179688, run time 3 s
INFO (CarpetX): OutputGH done.
INFO (CarpetX): Simulation time: 0.179688   Iterations per second: 18.2662   Simulation time per second: 0.0713525
INFO (CarpetX): Grid cells: 4096   Grid cell updates per second: 74818.5
INFO (CarpetX): Performance:
INFO (CarpetX):   total evolution time:            2.51809 sec
INFO (CarpetX):   total evolution compute time:    2.51666 sec
INFO (CarpetX):   total evolution output time:     0.00142455 sec
INFO (CarpetX):   total iterations:                46
INFO (CarpetX):   total cells updated:             188416
INFO (CarpetX):   average iterations per second: 18.2678
INFO (CarpetX):   average cell updates per second: 74825
INFO (CarpetX): OutputGH: iteration 47, time 0.183594, run time 3 s
INFO (CarpetX): OutputGH done.
INFO (CarpetX): Simulation time: 0.183594   Iterations per second: 18.2669   Simulation time per second: 0.0713551
INFO (CarpetX): Grid cells: 4096   Grid cell updates per second: 74821.2
INFO (CarpetX): Performance:
INFO (CarpetX):   total evolution time:            2.57281 sec
INFO (CarpetX):   total evolution compute time:    2.57136 sec
INFO (CarpetX):   total evolution output time:     0.0014565 sec
INFO (CarpetX):   total iterations:                47
INFO (CarpetX):   total cells updated:             192512
INFO (CarpetX):   average iterations per second: 18.2679
INFO (CarpetX):   average cell updates per second: 74825.5
INFO (CarpetX): OutputGH: iteration 48, time 0.187500, run time 3 s
INFO (CarpetX): OutputGH done.
INFO (CarpetX): Simulation time: 0.1875   Iterations per second: 18.2621   Simulation time per second: 0.0713364
INFO (CarpetX): Grid cells: 4096   Grid cell updates per second: 74801.7
INFO (CarpetX): Performance:
INFO (CarpetX):   total evolution time:            2.6277 sec
INFO (CarpetX):   total evolution compute time:    2.62621 sec
INFO (CarpetX):   total evolution output time:     0.00148845 sec
INFO (CarpetX):   total iterations:                48
INFO (CarpetX):   total cells updated:             196608
INFO (CarpetX):   average iterations per second: 18.2669
INFO (CarpetX):   average cell updates per second: 74821.3
INFO (CarpetX): OutputGH: iteration 49, time 0.191406, run time 3 s
INFO (CarpetX): OutputGH done.
INFO (CarpetX): Simulation time: 0.191406   Iterations per second: 18.247   Simulation time per second: 0.0712775
INFO (CarpetX): Grid cells: 4096   Grid cell updates per second: 74739.9
INFO (CarpetX): Performance:
INFO (CarpetX):   total evolution time:            2.68291 sec
INFO (CarpetX):   total evolution compute time:    2.68139 sec
INFO (CarpetX):   total evolution output time:     0.00152063 sec
INFO (CarpetX):   total iterations:                49
INFO (CarpetX):   total cells updated:             200704
INFO (CarpetX):   average iterations per second: 18.2637
INFO (CarpetX):   average cell updates per second: 74808.3
INFO (CarpetX): OutputGH: iteration 50, time 0.195312, run time 3 s
INFO (CarpetX): OutputGH done.
INFO (CarpetX): Simulation time: 0.195312   Iterations per second: 18.2522   Simulation time per second: 0.0712976
INFO (CarpetX): Grid cells: 4096   Grid cell updates per second: 74760.9
INFO (CarpetX): Performance:
INFO (CarpetX):   total evolution time:            2.73756 sec
INFO (CarpetX):   total evolution compute time:    2.73601 sec
INFO (CarpetX):   total evolution output time:     0.00155163 sec
INFO (CarpetX):   total iterations:                50
INFO (CarpetX):   total cells updated:             204800
INFO (CarpetX):   average iterations per second: 18.2644
INFO (CarpetX):   average cell updates per second: 74811.1
INFO (CarpetX): OutputGH: iteration 51, time 0.199219, run time 3 s
INFO (CarpetX): OutputGH done.
INFO (CarpetX): Simulation time: 0.199219   Iterations per second: 18.2601   Simulation time per second: 0.0713285
INFO (CarpetX): Grid cells: 4096   Grid cell updates per second: 74793.4
INFO (CarpetX): Performance:
INFO (CarpetX):   total evolution time:            2.79211 sec
INFO (CarpetX):   total evolution compute time:    2.79053 sec
INFO (CarpetX):   total evolution output time:     0.00158072 sec
INFO (CarpetX):   total iterations:                51
INFO (CarpetX):   total cells updated:             208896
INFO (CarpetX):   average iterations per second: 18.2657
INFO (CarpetX):   average cell updates per second: 74816.5
INFO (CarpetX): OutputGH: iteration 52, time 0.203125, run time 3 s
INFO (CarpetX): OutputGH done.
INFO (CarpetX): Simulation time: 0.203125   Iterations per second: 18.2666   Simulation time per second: 0.071354
INFO (CarpetX): Grid cells: 4096   Grid cell updates per second: 74820.1
INFO (CarpetX): Performance:
INFO (CarpetX):   total evolution time:            2.84668 sec
INFO (CarpetX):   total evolution compute time:    2.84507 sec
INFO (CarpetX):   total evolution output time:     0.0016098 sec
INFO (CarpetX):   total iterations:                52
INFO (CarpetX):   total cells updated:             212992
INFO (CarpetX):   average iterations per second: 18.2669
INFO (CarpetX):   average cell updates per second: 74821.2
INFO (CarpetX): OutputGH: iteration 53, time 0.207031, run time 3 s
INFO (CarpetX): OutputGH done.
INFO (CarpetX): Simulation time: 0.207031   Iterations per second: 18.2755   Simulation time per second: 0.0713886
INFO (CarpetX): Grid cells: 4096   Grid cell updates per second: 74856.4
INFO (CarpetX): Performance:
INFO (CarpetX):   total evolution time:            2.90116 sec
INFO (CarpetX):   total evolution compute time:    2.8995 sec
INFO (CarpetX):   total evolution output time:     0.00166082 sec
INFO (CarpetX):   total iterations:                53
INFO (CarpetX):   total cells updated:             217088
INFO (CarpetX):   average iterations per second: 18.2686
INFO (CarpetX):   average cell updates per second: 74828
INFO (CarpetX): OutputGH: iteration 54, time 0.210938, run time 3 s
INFO (CarpetX): OutputGH done.
INFO (CarpetX): Simulation time: 0.210938   Iterations per second: 18.2838   Simulation time per second: 0.071421
INFO (CarpetX): Grid cells: 4096   Grid cell updates per second: 74890.3
INFO (CarpetX): Performance:
INFO (CarpetX):   total evolution time:            2.95563 sec
INFO (CarpetX):   total evolution compute time:    2.95392 sec
INFO (CarpetX):   total evolution output time:     0.00170493 sec
INFO (CarpetX):   total iterations:                54
INFO (CarpetX):   total cells updated:             221184
INFO (CarpetX):   average iterations per second: 18.2702
INFO (CarpetX):   average cell updates per second: 74834.8
INFO (CarpetX): OutputGH: iteration 55, time 0.214844, run time 3 s
INFO (CarpetX): OutputGH done.
INFO (CarpetX): Simulation time: 0.214844   Iterations per second: 18.2924   Simulation time per second: 0.0714547
INFO (CarpetX): Grid cells: 4096   Grid cell updates per second: 74925.7
INFO (CarpetX): Performance:
INFO (CarpetX):   total evolution time:            3.01006 sec
INFO (CarpetX):   total evolution compute time:    3.00832 sec
INFO (CarpetX):   total evolution output time:     0.00174904 sec
INFO (CarpetX):   total iterations:                55
INFO (CarpetX):   total cells updated:             225280
INFO (CarpetX):   average iterations per second: 18.272
INFO (CarpetX):   average cell updates per second: 74842.3
INFO (CarpetX): OutputGH: iteration 56, time 0.218750, run time 3 s
INFO (CarpetX): OutputGH done.
INFO (CarpetX): Simulation time: 0.21875   Iterations per second: 18.144   Simulation time per second: 0.070875
INFO (CarpetX): Grid cells: 4096   Grid cell updates per second: 74317.8
INFO (CarpetX): Performance:
INFO (CarpetX):   total evolution time:            3.0692 sec
INFO (CarpetX):   total evolution compute time:    3.0674 sec
INFO (CarpetX):   total evolution output time:     0.00179815 sec
INFO (CarpetX):   total iterations:                56
INFO (CarpetX):   total cells updated:             229376
INFO (CarpetX):   average iterations per second: 18.2458
INFO (CarpetX):   average cell updates per second: 74734.7
INFO (CarpetX): OutputGH: iteration 57, time 0.222656, run time 3 s
INFO (CarpetX): OutputGH done.
INFO (CarpetX): Simulation time: 0.222656   Iterations per second: 18.1596   Simulation time per second: 0.0709358
INFO (CarpetX): Grid cells: 4096   Grid cell updates per second: 74381.6
INFO (CarpetX): Performance:
INFO (CarpetX):   total evolution time:            3.12385 sec
INFO (CarpetX):   total evolution compute time:    3.122 sec
INFO (CarpetX):   total evolution output time:     0.00184202 sec
INFO (CarpetX):   total iterations:                57
INFO (CarpetX):   total cells updated:             233472
INFO (CarpetX):   average iterations per second: 18.2467
INFO (CarpetX):   average cell updates per second: 74738.7
INFO (CarpetX): OutputGH: iteration 58, time 0.226562, run time 3 s
INFO (CarpetX): OutputGH done.
INFO (CarpetX): Simulation time: 0.226562   Iterations per second: 18.171   Simulation time per second: 0.0709806
INFO (CarpetX): Grid cells: 4096   Grid cell updates per second: 74428.6
INFO (CarpetX): Performance:
INFO (CarpetX):   total evolution time:            3.17857 sec
INFO (CarpetX):   total evolution compute time:    3.17667 sec
INFO (CarpetX):   total evolution output time:     0.001894 sec
INFO (CarpetX):   total iterations:                58
INFO (CarpetX):   total cells updated:             237568
INFO (CarpetX):   average iterations per second: 18.2472
INFO (CarpetX):   average cell updates per second: 74740.6
INFO (CarpetX): OutputGH: iteration 59, time 0.230469, run time 4 s
INFO (CarpetX): OutputGH done.
INFO (CarpetX): Simulation time: 0.230469   Iterations per second: 18.1901   Simulation time per second: 0.071055
INFO (CarpetX): Grid cells: 4096   Grid cell updates per second: 74506.5
INFO (CarpetX): Performance:
INFO (CarpetX):   total evolution time:            3.23302 sec
INFO (CarpetX):   total evolution compute time:    3.23108 sec
INFO (CarpetX):   total evolution output time:     0.0019381 sec
INFO (CarpetX):   total iterations:                59
INFO (CarpetX):   total cells updated:             241664
INFO (CarpetX):   average iterations per second: 18.2492
INFO (CarpetX):   average cell updates per second: 74748.6
INFO (CarpetX): OutputGH: iteration 60, time 0.234375, run time 4 s
INFO (CarpetX): OutputGH done.
INFO (CarpetX): Simulation time: 0.234375   Iterations per second: 18.0721   Simulation time per second: 0.0705939
INFO (CarpetX): Grid cells: 4096   Grid cell updates per second: 74023.1
INFO (CarpetX): Performance:
INFO (CarpetX):   total evolution time:            3.29159 sec
INFO (CarpetX):   total evolution compute time:    3.28962 sec
INFO (CarpetX):   total evolution output time:     0.00196624 sec
INFO (CarpetX):   total iterations:                60
INFO (CarpetX):   total cells updated:             245760
INFO (CarpetX):   average iterations per second: 18.2283
INFO (CarpetX):   average cell updates per second: 74663.1
INFO (CarpetX): OutputGH: iteration 61, time 0.238281, run time 4 s
INFO (CarpetX): OutputGH done.
INFO (CarpetX): Simulation time: 0.238281   Iterations per second: 18.0981   Simulation time per second: 0.0706955
INFO (CarpetX): Grid cells: 4096   Grid cell updates per second: 74129.6
INFO (CarpetX): Performance:
INFO (CarpetX):   total evolution time:            3.34613 sec
INFO (CarpetX):   total evolution compute time:    3.34411 sec
INFO (CarpetX):   total evolution output time:     0.00201416 sec
INFO (CarpetX):   total iterations:                61
INFO (CarpetX):   total cells updated:             249856
INFO (CarpetX):   average iterations per second: 18.23
INFO (CarpetX):   average cell updates per second: 74670.2
INFO (CarpetX): OutputGH: iteration 62, time 0.242188, run time 4 s
INFO (CarpetX): OutputGH done.
INFO (CarpetX): Simulation time: 0.242188   Iterations per second: 18.1207   Simulation time per second: 0.070784
INFO (CarpetX): Grid cells: 4096   Grid cell updates per second: 74222.4
INFO (CarpetX): Performance:
INFO (CarpetX):   total evolution time:            3.40069 sec
INFO (CarpetX):   total evolution compute time:    3.39863 sec
INFO (CarpetX):   total evolution output time:     0.00206208 sec
INFO (CarpetX):   total iterations:                62
INFO (CarpetX):   total cells updated:             253952
INFO (CarpetX):   average iterations per second: 18.2316
INFO (CarpetX):   average cell updates per second: 74676.6
INFO (CarpetX): OutputGH: iteration 63, time 0.246094, run time 4 s
INFO (CarpetX): OutputGH done.
INFO (CarpetX): Simulation time: 0.246094   Iterations per second: 18.0323   Simulation time per second: 0.0704387
INFO (CarpetX): Grid cells: 4096   Grid cell updates per second: 73860.3
INFO (CarpetX): Performance:
INFO (CarpetX):   total evolution time:            3.45858 sec
INFO (CarpetX):   total evolution compute time:    3.45647 sec
INFO (CarpetX):   total evolution output time:     0.00210905 sec
INFO (CarpetX):   total iterations:                63
INFO (CarpetX):   total cells updated:             258048
INFO (CarpetX):   average iterations per second: 18.2156
INFO (CarpetX):   average cell updates per second: 74610.9
INFO (CarpetX): OutputGH: iteration 64, time 0.250000, run time 4 s
INFO (CarpetX): OutputGH done.
INFO (CarpetX): Simulation time: 0.25   Iterations per second: 17.4238   Simulation time per second: 0.0680619
INFO (CarpetX): Grid cells: 4096   Grid cell updates per second: 71368
INFO (CarpetX): Performance:
INFO (CarpetX):   total evolution time:            3.5334 sec
INFO (CarpetX):   total evolution compute time:    3.51802 sec
INFO (CarpetX):   total evolution output time:     0.0153801 sec
INFO (CarpetX):   total iterations:                64
INFO (CarpetX):   total cells updated:             262144
INFO (CarpetX):   average iterations per second: 18.1129
INFO (CarpetX):   average cell updates per second: 74190.2
INFO (CarpetX): Shutting down...
AMReX (25.11) finalized
--------------------------------------------------------------------------------
Done.

real	0m3.933s
user	0m6.616s
sys	0m0.096s
+ echo Stopping:
Stopping:
+ date
Mon Feb 16 06:38:43 AM UTC 2026
+ echo Done.
Done.
  Elapsed time: 3.9 s
