/__w/canudax-tests/workspace/simulations/TestJob01_temp_2/output-0000/TEST/sim/CanudaX_BSSNMoL
Preparing:
+ set -e
+ cd output-0000-active
+ echo Checking:
Checking:
+ pwd
/__w/canudax-tests/workspace/simulations/TestJob01_temp_2/output-0000/TEST/sim/CanudaX_BSSNMoL/output-0000-active
+ hostname
53ecef061f6b
+ date
Mon Mar  9 01:15:47 AM UTC 2026
+ echo Environment:
Environment:
+ export SIMULATION_ID=simulation-TestJob01_temp_2-actions-cpu-real64-actions-root-2026.03.09-01.15.46-14241
+ SIMULATION_ID=simulation-TestJob01_temp_2-actions-cpu-real64-actions-root-2026.03.09-01.15.46-14241
+ export CACTUS_NUM_PROCS=2
+ CACTUS_NUM_PROCS=2
+ export CACTUS_NUM_THREADS=1
+ CACTUS_NUM_THREADS=1
+ export CACTUS_SET_THREAD_BINDINGS=0
+ CACTUS_SET_THREAD_BINDINGS=0
+ export GLIBCXX_FORCE_NEW=1
+ GLIBCXX_FORCE_NEW=1
+ export GMON_OUT_PREFIX=gmon.out
+ GMON_OUT_PREFIX=gmon.out
+ export OMP_DISPLAY_ENV=TRUE
+ OMP_DISPLAY_ENV=TRUE
+ export OMP_MAX_TASKS=100
+ OMP_MAX_TASKS=100
+ export OMP_NUM_THREADS=1
+ OMP_NUM_THREADS=1
+ export OMP_PLACES=cores
+ OMP_PLACES=cores
+ export OMP_PROC_BIND=FALSE
+ OMP_PROC_BIND=FALSE
+ export OMP_STACKSIZE=8192
+ OMP_STACKSIZE=8192
+ env
+ sort
+ echo Starting:
Starting:
++ date +%s
+ export CACTUS_STARTTIME=1773018947
+ CACTUS_STARTTIME=1773018947
+ mpiexec -n 2 /__w/canudax-tests/workspace/simulations/TestJob01_temp_2/SIMFACTORY/exe/cactus_sim -L 3 /__w/canudax-tests/workspace/simulations/TestJob01_temp_2/output-0000/arrangements/CanudaX_Lean/CanudaX_BSSNMoL/test/gaugewave.par

OPENMP DISPLAY ENVIRONMENT BEGIN
  _OPENMP = '201511'
  [host] OMP_DYNAMIC = 'FALSE'
  [host] OMP_NESTED = 'FALSE'
  [host] OMP_NUM_THREADS = '1'
  [host] OMP_SCHEDULE = 'DYNAMIC'
  [host] OMP_PROC_BIND = 'FALSE'
  [host] OMP_PLACES = ''
  [host] OMP_STACKSIZE = '8388608'
  [host] OMP_WAIT_POLICY = 'PASSIVE'
  [host] OMP_THREAD_LIMIT = '4294967295'
  [host] OMP_MAX_ACTIVE_LEVELS = '1'
  [host] OMP_NUM_TEAMS = '0'
  [host] OMP_TEAMS_THREAD_LIMIT = '0'
  [all] OMP_CANCELLATION = 'FALSE'
  [all] OMP_DEFAULT_DEVICE = '0'
  [all] OMP_MAX_TASK_PRIORITY = '0'
  [all] OMP_DISPLAY_AFFINITY = 'FALSE'
  [host] OMP_AFFINITY_FORMAT = 'level %L thread %i affinity %A'
  [host] OMP_ALLOCATOR = 'omp_default_mem_alloc'
  [all] OMP_TARGET_OFFLOAD = 'DEFAULT'
OPENMP DISPLAY ENVIRONMENT END

OPENMP DISPLAY ENVIRONMENT BEGIN
  _OPENMP = '201511'
  [host] OMP_DYNAMIC = 'FALSE'
  [host] OMP_NESTED = 'FALSE'
  [host] OMP_NUM_THREADS = '1'
  [host] OMP_SCHEDULE = 'DYNAMIC'
  [host] OMP_PROC_BIND = 'FALSE'
  [host] OMP_PLACES = ''
  [host] OMP_STACKSIZE = '8388608'
  [host] OMP_WAIT_POLICY = 'PASSIVE'
  [host] OMP_THREAD_LIMIT = '4294967295'
  [host] OMP_MAX_ACTIVE_LEVELS = '1'
  [host] OMP_NUM_TEAMS = '0'
  [host] OMP_TEAMS_THREAD_LIMIT = '0'
  [all] OMP_CANCELLATION = 'FALSE'
  [all] OMP_DEFAULT_DEVICE = '0'
  [all] OMP_MAX_TASK_PRIORITY = '0'
  [all] OMP_DISPLAY_AFFINITY = 'FALSE'
  [host] OMP_AFFINITY_FORMAT = 'level %L thread %i affinity %A'
  [host] OMP_ALLOCATOR = 'omp_default_mem_alloc'
  [all] OMP_TARGET_OFFLOAD = 'DEFAULT'
OPENMP DISPLAY ENVIRONMENT END
INFO (Cactus): Increased logging level from 0 to 3
--------------------------------------------------------------------------------

       10                                  
  1   0101       ************************  
  01  1010 10      The Cactus Code V4.18.0    
 1010 1101 011      www.cactuscode.org     
  1001 100101    ************************  
    00010101                               
     100011     (c) Copyright The Authors  
      0100      GNU Licensed. No Warranty  
      0101                                 
--------------------------------------------------------------------------------

Cactus version:    4.18.0
Compile date:      Mar 09 2026 (01:12:41)
Run date:          Mar 09 2026 (01:15:47+0000)
Run host:          53ecef061f6b (pid=14289)
Working directory: /__w/canudax-tests/workspace/simulations/TestJob01_temp_2/output-0000/TEST/sim/CanudaX_BSSNMoL
Executable:        /__w/canudax-tests/workspace/simulations/TestJob01_temp_2/SIMFACTORY/exe/cactus_sim
Parameter file:    /__w/canudax-tests/workspace/simulations/TestJob01_temp_2/output-0000/arrangements/CanudaX_Lean/CanudaX_BSSNMoL/test/gaugewave.par
--------------------------------------------------------------------------------

Activating thorn Cactus...Success -> active implementation Cactus
Activation requested for 
--->ADMBaseX CanudaX_BSSNMoL CanudaX_ExactID CarpetX IOUtil ODESolvers TmunuBaseX<---
Thorn ADMBaseX requests automatic activation of Loop
Thorn CarpetX requests automatic activation of AMReX
Thorn CarpetX requests automatic activation of MPI
Thorn CarpetX requests automatic activation of yaml_cpp
Thorn CarpetX requests automatic activation of zlib
Thorn CarpetX requests automatic activation of Arith
Thorn CarpetX requests automatic activation of CarpetXRegrid
Thorn CarpetX requests automatic activation of ADIOS2
Thorn CarpetX requests automatic activation of openPMD
Thorn CarpetX requests automatic activation of Silo
Thorn Arith requests automatic activation of NSIMD
Thorn MPI requests automatic activation of hwloc
Thorn openPMD requests automatic activation of HDF5
Activating thorn ADIOS2...Success -> active implementation ADIOS2
Activating thorn ADMBaseX...Success -> active implementation ADMBaseX
Activating thorn AMReX...Success -> active implementation AMReX
Activating thorn Arith...Success -> active implementation Arith
Activating thorn CanudaX_BSSNMoL...Success -> active implementation CanudaX_BSSNMoL
Activating thorn CanudaX_ExactID...Success -> active implementation CanudaX_ExactID
Activating thorn CarpetX...Success -> active implementation Driver
Activating thorn CarpetXRegrid...Success -> active implementation CarpetXRegrid
Activating thorn HDF5...Success -> active implementation HDF5
Activating thorn hwloc...Success -> active implementation hwloc
Activating thorn IOUtil...Success -> active implementation IO
Activating thorn Loop...Success -> active implementation Loop
Activating thorn MPI...Success -> active implementation MPI
Activating thorn NSIMD...Success -> active implementation NSIMD
Activating thorn ODESolvers...Success -> active implementation ODESolvers
Activating thorn openPMD...Success -> active implementation openPMD
Activating thorn Silo...Success -> active implementation Silo
Activating thorn TmunuBaseX...Success -> active implementation TmunuBaseX
Activating thorn yaml_cpp...Success -> active implementation yaml_cpp
Activating thorn zlib...Success -> active implementation zlib
--------------------------------------------------------------------------------
  if (recover initial data)
    Recover parameters
  endif

  Startup routines
    [CCTK_STARTUP]
      CarpetX::Driver_Startup: Start up the driver
      IOUtil::IOUtil_Startup: Startup routine
      GROUP hwloc_startup: hwloc startup group
        hwloc::hwloc_version: Output hwloc version

  Startup routines which need an existing grid hierarchy
    [CCTK_WRAGH]
      Arith::Test_smallvector: [meta] Test small vectors
      Arith::Test_spvect: [meta] Test sparse vectors
      ODESolvers::ODESolvers_InitConstants: [global] Set up dummy loop counters for schedule printout
  Parameter checking routines
    [CCTK_PARAMCHECK]
      CanudaX_BSSNMoL::CanudaX_BSSNMoL_paramcheck: Check CanudaX_BSSNMoL parameters for consistency

  Initialisation
    if (NOT (recover initial data AND recovery_mode is 'strict'))
      [CCTK_PREREGRIDINITIAL]
      Set up grid hierarchy
      [CCTK_POSTREGRIDINITIAL]
      [CCTK_BASEGRID]
        CarpetXRegrid::CarpetXRegrid_InitError: Initialize regridding error to zero
        GROUP ODESolvers_BaseGrid: Set up constants (e.g. coordinates) everywhere on the grid
      [CCTK_INITIAL]
        GROUP TmunuBaseX_SetTmunuVars: Schedule group for setting T_munu
          TmunuBaseX::TmunuBaseX_ZeroTmunu: Set T_munu to zero
          GROUP TmunuBaseX_AddToTmunu: Add to T_munu here
        GROUP ODESolvers_Initial: Set up initial conditions on interior of state vector
          GROUP ADMBaseX_InitialData: Schedule group for calculating ADM initial data
            GROUP CanudaX_ExactIDGroup: CanudaX_ExactID group for setting up initial data
              CanudaX_ExactID::CanudaX_ExactID_GaugeWave: [local] Create gauge wave initial data
          GROUP ADMBaseX_InitialGauge: Schedule group for the ADM initial gauge condition
            ADMBaseX::ADMBaseX_initial_dtlapse: Set dtlapse to zero
            ADMBaseX::ADMBaseX_initial_dtshift: Set dtshift to zero
          GROUP ADMBaseX_PostInitial: Schedule group for modifying the ADM initial data, such as e.g. adding noise
        GROUP CanudaX_BSSNMoL_InitialGroup: CanudaX_BSSNMoL: initial bin
          CanudaX_BSSNMoL::CanudaX_BSSNMoL_adm2bssn: [local] Convert initial data into BSSN variables
          CanudaX_BSSNMoL::CanudaX_BSSNMoL_gammat: [local] Set Gammat initial data
      [CCTK_POSTINITIAL]
        GROUP ODESolvers_PostStep: Apply boundary conditions to state vector, and project if necessary
          GROUP CanudaX_BSSNMoL_PostStepGroup: CanudaX_BSSNMoL: post-step operations
            CanudaX_BSSNMoL::CanudaX_BSSNMoL_impose_conf_fac_floor: Make sure conformal factor does not drop below specified value
            CanudaX_BSSNMoL::CanudaX_BSSNMoL_reset_detmetric: reset dethh = 1
            CanudaX_BSSNMoL::CanudaX_BSSNMoL_remove_trA: Remove trace of A
            CanudaX_BSSNMoL::CanudaX_BSSNMoL_sync: [global] Sync state vector
            CanudaX_BSSNMoL::CanudaX_BSSNMoL_bssn2adm: [local] Convert variables back to the ADM ones
          GROUP ADMBaseX_SetADMRHS: Set ADM RHS variables in this group
          GROUP ADMBaseX_SetADMVars: Set ADM variables in this group
          GROUP TmunuBaseX_SetTmunuVars: Schedule group for setting T_munu
            TmunuBaseX::TmunuBaseX_ZeroTmunu: Set T_munu to zero
            GROUP TmunuBaseX_AddToTmunu: Add to T_munu here
        GROUP ODESolvers_EstimateError: Estimate discretization error (for regridding)
      Initialise finer grids recursively
      Restrict from finer grids
      [CCTK_POSTRESTRICTINITIAL]
      [CCTK_POSTPOSTINITIAL]
      [CCTK_POSTSTEP]
        GROUP ODESolvers_EstimateError: Estimate discretization error (for regridding)
    endif
    if (recover initial data)
      [CCTK_BASEGRID]
        CarpetXRegrid::CarpetXRegrid_InitError: Initialize regridding error to zero
        GROUP ODESolvers_BaseGrid: Set up constants (e.g. coordinates) everywhere on the grid
      [CCTK_RECOVER_VARIABLES]
      [CCTK_POST_RECOVER_VARIABLES]
        GROUP ODESolvers_PostStep: Apply boundary conditions to state vector, and project if necessary
          GROUP CanudaX_BSSNMoL_PostStepGroup: CanudaX_BSSNMoL: post-step operations
            CanudaX_BSSNMoL::CanudaX_BSSNMoL_impose_conf_fac_floor: Make sure conformal factor does not drop below specified value
            CanudaX_BSSNMoL::CanudaX_BSSNMoL_reset_detmetric: reset dethh = 1
            CanudaX_BSSNMoL::CanudaX_BSSNMoL_remove_trA: Remove trace of A
            CanudaX_BSSNMoL::CanudaX_BSSNMoL_sync: [global] Sync state vector
            CanudaX_BSSNMoL::CanudaX_BSSNMoL_bssn2adm: [local] Convert variables back to the ADM ones
          GROUP ADMBaseX_SetADMRHS: Set ADM RHS variables in this group
          GROUP ADMBaseX_SetADMVars: Set ADM variables in this group
          GROUP TmunuBaseX_SetTmunuVars: Schedule group for setting T_munu
            TmunuBaseX::TmunuBaseX_ZeroTmunu: Set T_munu to zero
            GROUP TmunuBaseX_AddToTmunu: Add to T_munu here
        GROUP ODESolvers_EstimateError: Estimate discretization error (for regridding)
    endif
    if (checkpoint initial data)
      [CCTK_CPINITIAL]
        CarpetX::CarpetX_CheckpointInitial: [meta] Checkpoint initial conditions
    endif
    if (analysis)
      [CCTK_ANALYSIS]
        CanudaX_BSSNMoL::CanudaX_BSSNMoL_bssn_constraints: Compute constraints
        GROUP ODESolvers_Analysis: Calculate analysis quantities everywhere
  endif
  Output grid variables

  do loop over timesteps
    [CCTK_PREREGRID]
    Change grid hierarchy
    [CCTK_POSTREGRID]
      GROUP ODESolvers_PostStep: Apply boundary conditions to state vector, and project if necessary
        GROUP CanudaX_BSSNMoL_PostStepGroup: CanudaX_BSSNMoL: post-step operations
          CanudaX_BSSNMoL::CanudaX_BSSNMoL_impose_conf_fac_floor: Make sure conformal factor does not drop below specified value
          CanudaX_BSSNMoL::CanudaX_BSSNMoL_reset_detmetric: reset dethh = 1
          CanudaX_BSSNMoL::CanudaX_BSSNMoL_remove_trA: Remove trace of A
          CanudaX_BSSNMoL::CanudaX_BSSNMoL_sync: [global] Sync state vector
          CanudaX_BSSNMoL::CanudaX_BSSNMoL_bssn2adm: [local] Convert variables back to the ADM ones
        GROUP ADMBaseX_SetADMRHS: Set ADM RHS variables in this group
        GROUP ADMBaseX_SetADMVars: Set ADM variables in this group
        GROUP TmunuBaseX_SetTmunuVars: Schedule group for setting T_munu
          TmunuBaseX::TmunuBaseX_ZeroTmunu: Set T_munu to zero
          GROUP TmunuBaseX_AddToTmunu: Add to T_munu here
    Rotate timelevels
    iteration = iteration+1
    t = t+dt
    [CCTK_PRESTEP]
    [CCTK_EVOL]
      ODESolvers::ODESolvers_Solve: [level] Solve ODEs
      while (ODESolvers::do_substeps)
        GROUP ODESolvers_CalledBySolve: Groups internally scheduled by ODESolvers_Solve
          GROUP ODESolvers_RHS: Evaluate the RHS for of state vector everywhere on the grid
            GROUP CanudaX_BSSNMoL_RHSGroup: CanudaX_BSSNMoL: calculate BSSN RHS
              CanudaX_BSSNMoL::CanudaX_BSSNMoL_calc_bssn_rhs: MoL RHS calculation
              CanudaX_BSSNMoL::CanudaX_BSSNMoL_apply_boundary_conditions: Apply radiative boundary conditions 
          GROUP ODESolvers_PostStep: Apply boundary conditions to state vector, and project if necessary
            GROUP CanudaX_BSSNMoL_PostStepGroup: CanudaX_BSSNMoL: post-step operations
              CanudaX_BSSNMoL::CanudaX_BSSNMoL_impose_conf_fac_floor: Make sure conformal factor does not drop below specified value
              CanudaX_BSSNMoL::CanudaX_BSSNMoL_reset_detmetric: reset dethh = 1
              CanudaX_BSSNMoL::CanudaX_BSSNMoL_remove_trA: Remove trace of A
              CanudaX_BSSNMoL::CanudaX_BSSNMoL_sync: [global] Sync state vector
              CanudaX_BSSNMoL::CanudaX_BSSNMoL_bssn2adm: [local] Convert variables back to the ADM ones
            GROUP ADMBaseX_SetADMRHS: Set ADM RHS variables in this group
            GROUP ADMBaseX_SetADMVars: Set ADM variables in this group
            GROUP TmunuBaseX_SetTmunuVars: Schedule group for setting T_munu
              TmunuBaseX::TmunuBaseX_ZeroTmunu: Set T_munu to zero
              GROUP TmunuBaseX_AddToTmunu: Add to T_munu here
      end while
    Evolve finer grids recursively
    Restrict from finer grids
    [CCTK_POSTRESTRICT]
      GROUP ODESolvers_PostStep: Apply boundary conditions to state vector, and project if necessary
        GROUP CanudaX_BSSNMoL_PostStepGroup: CanudaX_BSSNMoL: post-step operations
          CanudaX_BSSNMoL::CanudaX_BSSNMoL_impose_conf_fac_floor: Make sure conformal factor does not drop below specified value
          CanudaX_BSSNMoL::CanudaX_BSSNMoL_reset_detmetric: reset dethh = 1
          CanudaX_BSSNMoL::CanudaX_BSSNMoL_remove_trA: Remove trace of A
          CanudaX_BSSNMoL::CanudaX_BSSNMoL_sync: [global] Sync state vector
          CanudaX_BSSNMoL::CanudaX_BSSNMoL_bssn2adm: [local] Convert variables back to the ADM ones
        GROUP ADMBaseX_SetADMRHS: Set ADM RHS variables in this group
        GROUP ADMBaseX_SetADMVars: Set ADM variables in this group
        GROUP TmunuBaseX_SetTmunuVars: Schedule group for setting T_munu
          TmunuBaseX::TmunuBaseX_ZeroTmunu: Set T_munu to zero
          GROUP TmunuBaseX_AddToTmunu: Add to T_munu here
    [CCTK_POSTSTEP]
      GROUP ODESolvers_EstimateError: Estimate discretization error (for regridding)
    if (checkpoint)
      [CCTK_CHECKPOINT]
      CarpetX::CarpetX_Checkpoint: [meta] Checkpoint
    endif
    if (analysis)
      [CCTK_ANALYSIS]
      CanudaX_BSSNMoL::CanudaX_BSSNMoL_bssn_constraints: Compute constraints
      GROUP ODESolvers_Analysis: Calculate analysis quantities everywhere
    endif
    Output grid variables
    enddo

  Termination routines
    [CCTK_TERMINATE]
      CarpetX::CarpetX_CheckpointTerminate: [meta] Checkpoint before terminating

  Shutdown routines
    [CCTK_SHUTDOWN]
      CarpetX::Driver_Shutdown: [meta] Shut down the driver

  Routines run after changing the grid hierarchy:
    [CCTK_POSTREGRID]
      GROUP ODESolvers_PostStep: Apply boundary conditions to state vector, and project if necessary
        GROUP CanudaX_BSSNMoL_PostStepGroup: CanudaX_BSSNMoL: post-step operations
          CanudaX_BSSNMoL::CanudaX_BSSNMoL_impose_conf_fac_floor: Make sure conformal factor does not drop below specified value
          CanudaX_BSSNMoL::CanudaX_BSSNMoL_reset_detmetric: reset dethh = 1
          CanudaX_BSSNMoL::CanudaX_BSSNMoL_remove_trA: Remove trace of A
          CanudaX_BSSNMoL::CanudaX_BSSNMoL_sync: [global] Sync state vector
          CanudaX_BSSNMoL::CanudaX_BSSNMoL_bssn2adm: [local] Convert variables back to the ADM ones
        GROUP ADMBaseX_SetADMRHS: Set ADM RHS variables in this group
        GROUP ADMBaseX_SetADMVars: Set ADM variables in this group
        GROUP TmunuBaseX_SetTmunuVars: Schedule group for setting T_munu
          TmunuBaseX::TmunuBaseX_ZeroTmunu: Set T_munu to zero
          GROUP TmunuBaseX_AddToTmunu: Add to T_munu here
--------------------------------------------------------------------------------
INFO (hwloc): library version 2.10.0, API version 0x20800
--------------------------------------------------------------------------------

  [34m  ▕▏  [34m  ▕▏  [34m  ▕▏  [34m  ▕▏  [34m  ▕▏  [34m  ▕▏  [34m  ▕▏  [34m  ▕▏  [34m  ▕▏  [39m  
  [34m──██──[34m──██──[34m──██──[34m──██──[34m──██──[34m──██──[34m──██──[34m──██──[34m──██──[39m  
  [34m  ▕▏  [34m  ▕▏  [34m  ▕▏  [34m  ▕▏  [34m  ▕▏  [34m  ▕▏  [34m  ▕▏  [34m  ▕▏  [34m  ▕▏  [39m  
  [34m  ▕▏  [32m██████[34m  ▕▏  [34m  ▕▏  [32m██████[34m  ▕▏  [34m  ▕▏  [32m██████[34m  ▕▏  [39m  
  [34m──██──[32m██████[34m──██──[34m──██──[32m██████[34m──██──[34m──██──[32m██████[34m──██──[39m  
  [34m  ▕▏  [32m██████[34m  ▕▏  [34m  ▕▏  [32m██████[34m  ▕▏  [34m  ▕▏  [32m██████[34m  ▕▏  [39m  
  [34m  ▕▏  [34m  ▕▏  [34m  ▕▏  [34m  ▕▏  [34m  ▕▏  [34m  ▕▏  [34m  ▕▏  [34m  ▕▏  [34m  ▕▏  [39m  
  [34m──██──[34m──██──[34m──██──[34m──██──[34m──██──[34m──██──[34m──██──[34m──██──[34m──██──[39m  
  [34m  ▕▏  [34m  ▕▏  [34m  ▕▏  [34m  ▕▏  [34m  ▕▏  [34m  ▕▏  [34m  ▕▏  [34m  ▕▏  [34m  ▕▏  [39m  
  [34m  ▕▏  [34m  ▕▏  [34m  ▕▏  [31m██████[31m██████[31m██████[34m  ▕▏  [34m  ▕▏  [34m  ▕▏  [39m  
  [34m──██──[34m──██──[34m──██──[31m██████[31m██████[31m██████[34m──██──[34m──██──[34m──██──[39m  
  [34m  ▕▏  [34m  ▕▏  [34m  ▕▏  [31m██████[31m██████[31m██████[34m  ▕▏  [34m  ▕▏  [34m  ▕▏  [39m  
  [34m  ▕▏  [32m██████[34m  ▕▏  [31m██████[31m██████[31m██████[34m  ▕▏  [32m██████[34m  ▕▏  [39m  
  [34m──██──[32m██████[34m──██──[31m██████[31m██████[31m██████[34m──██──[32m██████[34m──██──[39m  
  [34m  ▕▏  [32m██████[34m  ▕▏  [31m██████[31m██████[31m██████[34m  ▕▏  [32m██████[34m  ▕▏  [39m  
  [34m  ▕▏  [34m  ▕▏  [34m  ▕▏  [31m██████[31m██████[31m██████[34m  ▕▏  [34m  ▕▏  [34m  ▕▏  [39m  
  [34m──██──[34m──██──[34m──██──[31m██████[31m██████[31m██████[34m──██──[34m──██──[34m──██──[39m  
  [34m  ▕▏  [34m  ▕▏  [34m  ▕▏  [31m██████[31m██████[31m██████[34m  ▕▏  [34m  ▕▏  [34m  ▕▏  [39m  
  [34m  ▕▏  [34m  ▕▏  [34m  ▕▏  [34m  ▕▏  [34m  ▕▏  [34m  ▕▏  [34m  ▕▏  [34m  ▕▏  [34m  ▕▏  [39m  
  [34m──██──[34m──██──[34m──██──[34m──██──[34m──██──[34m──██──[34m──██──[34m──██──[34m──██──[39m  
  [34m  ▕▏  [34m  ▕▏  [34m  ▕▏  [34m  ▕▏  [34m  ▕▏  [34m  ▕▏  [34m  ▕▏  [34m  ▕▏  [34m  ▕▏  [39m  
  [34m  ▕▏  [32m██████[34m  ▕▏  [34m  ▕▏  [32m██████[34m  ▕▏  [34m  ▕▏  [32m██████[34m  ▕▏  [39m  
  [34m──██──[32m██████[34m──██──[34m──██──[32m██████[34m──██──[34m──██──[32m██████[34m──██──[39m  
  [34m  ▕▏  [32m██████[34m  ▕▏  [34m  ▕▏  [32m██████[34m  ▕▏  [34m  ▕▏  [32m██████[34m  ▕▏  [39m  
  [34m  ▕▏  [34m  ▕▏  [34m  ▕▏  [34m  ▕▏  [34m  ▕▏  [34m  ▕▏  [34m  ▕▏  [34m  ▕▏  [34m  ▕▏  [39m  
  [34m──██──[34m──██──[34m──██──[34m──██──[34m──██──[34m──██──[34m──██──[34m──██──[34m──██──[39m  
  [34m  ▕▏  [34m  ▕▏  [34m  ▕▏  [34m  ▕▏  [34m  ▕▏  [34m  ▕▏  [34m  ▕▏  [34m  ▕▏  [34m  ▕▏  [39m  

AMR driver provided by CarpetX,
using AMReX 25.11 (MPI, OpenMP, no accelerators, optimized)
--------------------------------------------------------------------------------

Initializing AMReX (25.11)...
MPI initialized with 2 MPI processes
MPI initialized with thread support level 2
OMP initialized with 1 OMP threads
AMReX (25.11) initialized
INFO (CarpetX): 
Symmetries:
  lower x: periodic
  lower y: periodic
  lower z: periodic
  upper x: periodic
  upper y: periodic
  upper z: periodic
Default boundaries:
  lower x: symmetry_boundary
  lower y: symmetry_boundary
  lower z: symmetry_boundary
  upper x: symmetry_boundary
  upper y: symmetry_boundary
  upper z: symmetry_boundary
INFO (Arith): Test_smallvector
INFO (Arith): Test_spvect
INFO (CarpetX): Setting initial values for max_grid_size values for all levels
INFO (CarpetX): Setting up initial conditions...
INFO (CarpetX): Iteration: 0   time: 0   delta_time: 0.00390625
INFO (CarpetX): Patch 0:
INFO (CarpetX):   Grid extent:
INFO (CarpetX):     gsh=[71,15,15]
INFO (CarpetX):     blocking_factor=[8,8,8]
INFO (CarpetX):     max_grid_size=[10000000,10000000,10000000]
INFO (CarpetX):     max_tile_size=[1024000,16,32]
INFO (CarpetX):   Domain extent:
INFO (CarpetX):     xmin=[-0.5,-0.0625,-0.0625]
INFO (CarpetX):     xmax=[0.5,0.0625,0.0625]
INFO (CarpetX):     base dx=[0.015625,0.015625,0.015625]
INFO (CarpetX): Initializing level 0...
INFO (CanudaX_ExactID): Begin Gauge Wave initial data
INFO (CanudaX_ExactID): === End gauge wave initial data ===
INFO (CarpetX): Regridding...
INFO (CarpetX):   level 0: 2 boxes, 4096 cells (100%)
INFO (CarpetX): Initialized 1 levels
INFO (CarpetX): OutputGH: iteration 0, time 0.000000, run time 0 s
INFO (CarpetX): OutputGH done.
INFO (CarpetX): Starting evolution...
INFO (ODESolvers): ODE integrator is RK4
INFO (CarpetX): OutputGH: iteration 1, time 0.003906, run time 0 s
INFO (CarpetX): OutputGH done.
INFO (CarpetX): Simulation time: 0.00390625   Iterations per second: 36.7403   Simulation time per second: 0.143517
INFO (CarpetX): Grid cells: 4096   Grid cell updates per second: 150488
INFO (CarpetX): Performance:
INFO (CarpetX):   total evolution time:            0.0272181 sec
INFO (CarpetX):   total evolution compute time:    0.0271881 sec
INFO (CarpetX):   total evolution output time:     3.00407e-05 sec
INFO (CarpetX):   total iterations:                1
INFO (CarpetX):   total cells updated:             4096
INFO (CarpetX):   average iterations per second: 36.7403
INFO (CarpetX):   average cell updates per second: 150488
INFO (CarpetX): OutputGH: iteration 2, time 0.007812, run time 0 s
INFO (CarpetX): OutputGH done.
INFO (CarpetX): Simulation time: 0.0078125   Iterations per second: 38.4409   Simulation time per second: 0.15016
INFO (CarpetX): Grid cells: 4096   Grid cell updates per second: 157454
INFO (CarpetX): Performance:
INFO (CarpetX):   total evolution time:            0.0520279 sec
INFO (CarpetX):   total evolution compute time:    0.0519698 sec
INFO (CarpetX):   total evolution output time:     5.81741e-05 sec
INFO (CarpetX):   total iterations:                2
INFO (CarpetX):   total cells updated:             8192
INFO (CarpetX):   average iterations per second: 38.4409
INFO (CarpetX):   average cell updates per second: 157454
INFO (CarpetX): OutputGH: iteration 3, time 0.011719, run time 0 s
INFO (CarpetX): OutputGH done.
INFO (CarpetX): Simulation time: 0.0117188   Iterations per second: 39.086   Simulation time per second: 0.15268
INFO (CarpetX): Grid cells: 4096   Grid cell updates per second: 160096
INFO (CarpetX): Performance:
INFO (CarpetX):   total evolution time:            0.0767539 sec
INFO (CarpetX):   total evolution compute time:    0.0766706 sec
INFO (CarpetX):   total evolution output time:     8.32081e-05 sec
INFO (CarpetX):   total iterations:                3
INFO (CarpetX):   total cells updated:             12288
INFO (CarpetX):   average iterations per second: 39.086
INFO (CarpetX):   average cell updates per second: 160096
INFO (CarpetX): OutputGH: iteration 4, time 0.015625, run time 0 s
INFO (CarpetX): OutputGH done.
INFO (CarpetX): Simulation time: 0.015625   Iterations per second: 39.5676   Simulation time per second: 0.154561
INFO (CarpetX): Grid cells: 4096   Grid cell updates per second: 162069
INFO (CarpetX): Performance:
INFO (CarpetX):   total evolution time:            0.101093 sec
INFO (CarpetX):   total evolution compute time:    0.100981 sec
INFO (CarpetX):   total evolution output time:     0.000112057 sec
INFO (CarpetX):   total iterations:                4
INFO (CarpetX):   total cells updated:             16384
INFO (CarpetX):   average iterations per second: 39.5676
INFO (CarpetX):   average cell updates per second: 162069
INFO (CarpetX): OutputGH: iteration 5, time 0.019531, run time 0 s
INFO (CarpetX): OutputGH done.
INFO (CarpetX): Simulation time: 0.0195312   Iterations per second: 39.7732   Simulation time per second: 0.155364
INFO (CarpetX): Grid cells: 4096   Grid cell updates per second: 162911
INFO (CarpetX): Performance:
INFO (CarpetX):   total evolution time:            0.125713 sec
INFO (CarpetX):   total evolution compute time:    0.125574 sec
INFO (CarpetX):   total evolution output time:     0.000138998 sec
INFO (CarpetX):   total iterations:                5
INFO (CarpetX):   total cells updated:             20480
INFO (CarpetX):   average iterations per second: 39.7732
INFO (CarpetX):   average cell updates per second: 162911
INFO (CarpetX): OutputGH: iteration 6, time 0.023438, run time 0 s
INFO (CarpetX): OutputGH done.
INFO (CarpetX): Simulation time: 0.0234375   Iterations per second: 39.7562   Simulation time per second: 0.155298
INFO (CarpetX): Grid cells: 4096   Grid cell updates per second: 162841
INFO (CarpetX): Performance:
INFO (CarpetX):   total evolution time:            0.15092 sec
INFO (CarpetX):   total evolution compute time:    0.150754 sec
INFO (CarpetX):   total evolution output time:     0.000166178 sec
INFO (CarpetX):   total iterations:                6
INFO (CarpetX):   total cells updated:             24576
INFO (CarpetX):   average iterations per second: 39.7562
INFO (CarpetX):   average cell updates per second: 162841
INFO (CarpetX): OutputGH: iteration 7, time 0.027344, run time 0 s
INFO (CarpetX): OutputGH done.
INFO (CarpetX): Simulation time: 0.0273438   Iterations per second: 39.4867   Simulation time per second: 0.154245
INFO (CarpetX): Grid cells: 4096   Grid cell updates per second: 161737
INFO (CarpetX): Performance:
INFO (CarpetX):   total evolution time:            0.177275 sec
INFO (CarpetX):   total evolution compute time:    0.177081 sec
INFO (CarpetX):   total evolution output time:     0.000194311 sec
INFO (CarpetX):   total iterations:                7
INFO (CarpetX):   total cells updated:             28672
INFO (CarpetX):   average iterations per second: 39.4867
INFO (CarpetX):   average cell updates per second: 161737
INFO (CarpetX): OutputGH: iteration 8, time 0.031250, run time 0 s
INFO (CarpetX): OutputGH done.
INFO (CarpetX): Simulation time: 0.03125   Iterations per second: 39.633   Simulation time per second: 0.154816
INFO (CarpetX): Grid cells: 4096   Grid cell updates per second: 162337
INFO (CarpetX): Performance:
INFO (CarpetX):   total evolution time:            0.201852 sec
INFO (CarpetX):   total evolution compute time:    0.20163 sec
INFO (CarpetX):   total evolution output time:     0.000222206 sec
INFO (CarpetX):   total iterations:                8
INFO (CarpetX):   total cells updated:             32768
INFO (CarpetX):   average iterations per second: 39.633
INFO (CarpetX):   average cell updates per second: 162337
INFO (CarpetX): OutputGH: iteration 9, time 0.035156, run time 0 s
INFO (CarpetX): OutputGH done.
INFO (CarpetX): Simulation time: 0.0351562   Iterations per second: 39.8344   Simulation time per second: 0.155603
INFO (CarpetX): Grid cells: 4096   Grid cell updates per second: 163162
INFO (CarpetX): Performance:
INFO (CarpetX):   total evolution time:            0.225935 sec
INFO (CarpetX):   total evolution compute time:    0.225685 sec
INFO (CarpetX):   total evolution output time:     0.000250101 sec
INFO (CarpetX):   total iterations:                9
INFO (CarpetX):   total cells updated:             36864
INFO (CarpetX):   average iterations per second: 39.8344
INFO (CarpetX):   average cell updates per second: 163162
INFO (CarpetX): OutputGH: iteration 10, time 0.039062, run time 0 s
INFO (CarpetX): OutputGH done.
INFO (CarpetX): Simulation time: 0.0390625   Iterations per second: 40.0325   Simulation time per second: 0.156377
INFO (CarpetX): Grid cells: 4096   Grid cell updates per second: 163973
INFO (CarpetX): Performance:
INFO (CarpetX):   total evolution time:            0.249797 sec
INFO (CarpetX):   total evolution compute time:    0.249528 sec
INFO (CarpetX):   total evolution output time:     0.000269175 sec
INFO (CarpetX):   total iterations:                10
INFO (CarpetX):   total cells updated:             40960
INFO (CarpetX):   average iterations per second: 40.0325
INFO (CarpetX):   average cell updates per second: 163973
INFO (CarpetX): OutputGH: iteration 11, time 0.042969, run time 0 s
INFO (CarpetX): OutputGH done.
INFO (CarpetX): Simulation time: 0.0429688   Iterations per second: 40.2158   Simulation time per second: 0.157093
INFO (CarpetX): Grid cells: 4096   Grid cell updates per second: 164724
INFO (CarpetX): Performance:
INFO (CarpetX):   total evolution time:            0.273638 sec
INFO (CarpetX):   total evolution compute time:    0.273348 sec
INFO (CarpetX):   total evolution output time:     0.000290155 sec
INFO (CarpetX):   total iterations:                11
INFO (CarpetX):   total cells updated:             45056
INFO (CarpetX):   average iterations per second: 40.1991
INFO (CarpetX):   average cell updates per second: 164655
INFO (CarpetX): OutputGH: iteration 12, time 0.046875, run time 0 s
INFO (CarpetX): OutputGH done.
INFO (CarpetX): Simulation time: 0.046875   Iterations per second: 40.3503   Simulation time per second: 0.157618
INFO (CarpetX): Grid cells: 4096   Grid cell updates per second: 165275
INFO (CarpetX): Performance:
INFO (CarpetX):   total evolution time:            0.297675 sec
INFO (CarpetX):   total evolution compute time:    0.297365 sec
INFO (CarpetX):   total evolution output time:     0.000309944 sec
INFO (CarpetX):   total iterations:                12
INFO (CarpetX):   total cells updated:             49152
INFO (CarpetX):   average iterations per second: 40.3124
INFO (CarpetX):   average cell updates per second: 165119
INFO (CarpetX): OutputGH: iteration 13, time 0.050781, run time 0 s
INFO (CarpetX): OutputGH done.
INFO (CarpetX): Simulation time: 0.0507812   Iterations per second: 40.4793   Simulation time per second: 0.158122
INFO (CarpetX): Grid cells: 4096   Grid cell updates per second: 165803
INFO (CarpetX): Performance:
INFO (CarpetX):   total evolution time:            0.321668 sec
INFO (CarpetX):   total evolution compute time:    0.321337 sec
INFO (CarpetX):   total evolution output time:     0.000330925 sec
INFO (CarpetX):   total iterations:                13
INFO (CarpetX):   total cells updated:             53248
INFO (CarpetX):   average iterations per second: 40.4143
INFO (CarpetX):   average cell updates per second: 165537
INFO (CarpetX): OutputGH: iteration 14, time 0.054688, run time 0 s
INFO (CarpetX): OutputGH done.
INFO (CarpetX): Simulation time: 0.0546875   Iterations per second: 40.5993   Simulation time per second: 0.158591
INFO (CarpetX): Grid cells: 4096   Grid cell updates per second: 166295
INFO (CarpetX): Performance:
INFO (CarpetX):   total evolution time:            0.345642 sec
INFO (CarpetX):   total evolution compute time:    0.345294 sec
INFO (CarpetX):   total evolution output time:     0.000347853 sec
INFO (CarpetX):   total iterations:                14
INFO (CarpetX):   total cells updated:             57344
INFO (CarpetX):   average iterations per second: 40.5043
INFO (CarpetX):   average cell updates per second: 165906
INFO (CarpetX): OutputGH: iteration 15, time 0.058594, run time 0 s
INFO (CarpetX): OutputGH done.
INFO (CarpetX): Simulation time: 0.0585938   Iterations per second: 40.7243   Simulation time per second: 0.159079
INFO (CarpetX): Grid cells: 4096   Grid cell updates per second: 166807
INFO (CarpetX): Performance:
INFO (CarpetX):   total evolution time:            0.369517 sec
INFO (CarpetX):   total evolution compute time:    0.369145 sec
INFO (CarpetX):   total evolution output time:     0.000372648 sec
INFO (CarpetX):   total iterations:                15
INFO (CarpetX):   total cells updated:             61440
INFO (CarpetX):   average iterations per second: 40.5935
INFO (CarpetX):   average cell updates per second: 166271
INFO (CarpetX): OutputGH: iteration 16, time 0.062500, run time 0 s
INFO (CarpetX): OutputGH done.
INFO (CarpetX): Simulation time: 0.0625   Iterations per second: 40.7358   Simulation time per second: 0.159124
INFO (CarpetX): Grid cells: 4096   Grid cell updates per second: 166854
INFO (CarpetX): Performance:
INFO (CarpetX):   total evolution time:            0.394003 sec
INFO (CarpetX):   total evolution compute time:    0.393604 sec
INFO (CarpetX):   total evolution output time:     0.00039959 sec
INFO (CarpetX):   total iterations:                16
INFO (CarpetX):   total cells updated:             65536
INFO (CarpetX):   average iterations per second: 40.6088
INFO (CarpetX):   average cell updates per second: 166334
INFO (CarpetX): OutputGH: iteration 17, time 0.066406, run time 0 s
INFO (CarpetX): OutputGH done.
INFO (CarpetX): Simulation time: 0.0664062   Iterations per second: 40.854   Simulation time per second: 0.159586
INFO (CarpetX): Grid cells: 4096   Grid cell updates per second: 167338
INFO (CarpetX): Performance:
INFO (CarpetX):   total evolution time:            0.417841 sec
INFO (CarpetX):   total evolution compute time:    0.417423 sec
INFO (CarpetX):   total evolution output time:     0.000418425 sec
INFO (CarpetX):   total iterations:                17
INFO (CarpetX):   total cells updated:             69632
INFO (CarpetX):   average iterations per second: 40.6853
INFO (CarpetX):   average cell updates per second: 166647
INFO (CarpetX): OutputGH: iteration 18, time 0.070312, run time 0 s
INFO (CarpetX): OutputGH done.
INFO (CarpetX): Simulation time: 0.0703125   Iterations per second: 40.9805   Simulation time per second: 0.16008
INFO (CarpetX): Grid cells: 4096   Grid cell updates per second: 167856
INFO (CarpetX): Performance:
INFO (CarpetX):   total evolution time:            0.441563 sec
INFO (CarpetX):   total evolution compute time:    0.441129 sec
INFO (CarpetX):   total evolution output time:     0.000434399 sec
INFO (CarpetX):   total iterations:                18
INFO (CarpetX):   total cells updated:             73728
INFO (CarpetX):   average iterations per second: 40.7643
INFO (CarpetX):   average cell updates per second: 166970
INFO (CarpetX): OutputGH: iteration 19, time 0.074219, run time 0 s
INFO (CarpetX): OutputGH done.
INFO (CarpetX): Simulation time: 0.0742188   Iterations per second: 41.0854   Simulation time per second: 0.16049
INFO (CarpetX): Grid cells: 4096   Grid cell updates per second: 168286
INFO (CarpetX): Performance:
INFO (CarpetX):   total evolution time:            0.465342 sec
INFO (CarpetX):   total evolution compute time:    0.464889 sec
INFO (CarpetX):   total evolution output time:     0.000453234 sec
INFO (CarpetX):   total iterations:                19
INFO (CarpetX):   total cells updated:             77824
INFO (CarpetX):   average iterations per second: 40.8302
INFO (CarpetX):   average cell updates per second: 167240
INFO (CarpetX): OutputGH: iteration 20, time 0.078125, run time 0 s
INFO (CarpetX): OutputGH done.
INFO (CarpetX): Simulation time: 0.078125   Iterations per second: 41.179   Simulation time per second: 0.160855
INFO (CarpetX): Grid cells: 4096   Grid cell updates per second: 168669
INFO (CarpetX): Performance:
INFO (CarpetX):   total evolution time:            0.489128 sec
INFO (CarpetX):   total evolution compute time:    0.488656 sec
INFO (CarpetX):   total evolution output time:     0.000472307 sec
INFO (CarpetX):   total iterations:                20
INFO (CarpetX):   total cells updated:             81920
INFO (CarpetX):   average iterations per second: 40.8891
INFO (CarpetX):   average cell updates per second: 167482
INFO (CarpetX): OutputGH: iteration 21, time 0.082031, run time 0 s
INFO (CarpetX): OutputGH done.
INFO (CarpetX): Simulation time: 0.0820312   Iterations per second: 41.2606   Simulation time per second: 0.161174
INFO (CarpetX): Grid cells: 4096   Grid cell updates per second: 169003
INFO (CarpetX): Performance:
INFO (CarpetX):   total evolution time:            0.512932 sec
INFO (CarpetX):   total evolution compute time:    0.512443 sec
INFO (CarpetX):   total evolution output time:     0.000489473 sec
INFO (CarpetX):   total iterations:                21
INFO (CarpetX):   total cells updated:             86016
INFO (CarpetX):   average iterations per second: 40.9411
INFO (CarpetX):   average cell updates per second: 167695
INFO (CarpetX): OutputGH: iteration 22, time 0.085938, run time 0 s
INFO (CarpetX): OutputGH done.
INFO (CarpetX): Simulation time: 0.0859375   Iterations per second: 41.3319   Simulation time per second: 0.161453
INFO (CarpetX): Grid cells: 4096   Grid cell updates per second: 169296
INFO (CarpetX): Performance:
INFO (CarpetX):   total evolution time:            0.53675 sec
INFO (CarpetX):   total evolution compute time:    0.536245 sec
INFO (CarpetX):   total evolution output time:     0.000505686 sec
INFO (CarpetX):   total iterations:                22
INFO (CarpetX):   total cells updated:             90112
INFO (CarpetX):   average iterations per second: 40.9874
INFO (CarpetX):   average cell updates per second: 167884
INFO (CarpetX): OutputGH: iteration 23, time 0.089844, run time 1 s
INFO (CarpetX): OutputGH done.
INFO (CarpetX): Simulation time: 0.0898438   Iterations per second: 41.3934   Simulation time per second: 0.161693
INFO (CarpetX): Grid cells: 4096   Grid cell updates per second: 169547
INFO (CarpetX): Performance:
INFO (CarpetX):   total evolution time:            0.560585 sec
INFO (CarpetX):   total evolution compute time:    0.56006 sec
INFO (CarpetX):   total evolution output time:     0.000525713 sec
INFO (CarpetX):   total iterations:                23
INFO (CarpetX):   total cells updated:             94208
INFO (CarpetX):   average iterations per second: 41.0285
INFO (CarpetX):   average cell updates per second: 168053
INFO (CarpetX): OutputGH: iteration 24, time 0.093750, run time 1 s
INFO (CarpetX): OutputGH done.
INFO (CarpetX): Simulation time: 0.09375   Iterations per second: 41.4575   Simulation time per second: 0.161943
INFO (CarpetX): Grid cells: 4096   Grid cell updates per second: 169810
INFO (CarpetX): Performance:
INFO (CarpetX):   total evolution time:            0.58437 sec
INFO (CarpetX):   total evolution compute time:    0.583827 sec
INFO (CarpetX):   total evolution output time:     0.000542879 sec
INFO (CarpetX):   total iterations:                24
INFO (CarpetX):   total cells updated:             98304
INFO (CarpetX):   average iterations per second: 41.0699
INFO (CarpetX):   average cell updates per second: 168222
INFO (CarpetX): OutputGH: iteration 25, time 0.097656, run time 1 s
INFO (CarpetX): OutputGH done.
INFO (CarpetX): Simulation time: 0.0976562   Iterations per second: 41.5121   Simulation time per second: 0.162157
INFO (CarpetX): Grid cells: 4096   Grid cell updates per second: 170034
INFO (CarpetX): Performance:
INFO (CarpetX):   total evolution time:            0.608174 sec
INFO (CarpetX):   total evolution compute time:    0.607614 sec
INFO (CarpetX):   total evolution output time:     0.000559807 sec
INFO (CarpetX):   total iterations:                25
INFO (CarpetX):   total cells updated:             102400
INFO (CarpetX):   average iterations per second: 41.1067
INFO (CarpetX):   average cell updates per second: 168373
INFO (CarpetX): OutputGH: iteration 26, time 0.101562, run time 1 s
INFO (CarpetX): OutputGH done.
INFO (CarpetX): Simulation time: 0.101562   Iterations per second: 41.5529   Simulation time per second: 0.162316
INFO (CarpetX): Grid cells: 4096   Grid cell updates per second: 170201
INFO (CarpetX): Performance:
INFO (CarpetX):   total evolution time:            0.632027 sec
INFO (CarpetX):   total evolution compute time:    0.631446 sec
INFO (CarpetX):   total evolution output time:     0.000580788 sec
INFO (CarpetX):   total iterations:                26
INFO (CarpetX):   total cells updated:             106496
INFO (CarpetX):   average iterations per second: 41.1375
INFO (CarpetX):   average cell updates per second: 168499
INFO (CarpetX): OutputGH: iteration 27, time 0.105469, run time 1 s
INFO (CarpetX): OutputGH done.
INFO (CarpetX): Simulation time: 0.105469   Iterations per second: 41.5791   Simulation time per second: 0.162418
INFO (CarpetX): Grid cells: 4096   Grid cell updates per second: 170308
INFO (CarpetX): Performance:
INFO (CarpetX):   total evolution time:            0.655941 sec
INFO (CarpetX):   total evolution compute time:    0.65534 sec
INFO (CarpetX):   total evolution output time:     0.000600815 sec
INFO (CarpetX):   total iterations:                27
INFO (CarpetX):   total cells updated:             110592
INFO (CarpetX):   average iterations per second: 41.1622
INFO (CarpetX):   average cell updates per second: 168600
INFO (CarpetX): OutputGH: iteration 28, time 0.109375, run time 1 s
INFO (CarpetX): OutputGH done.
INFO (CarpetX): Simulation time: 0.109375   Iterations per second: 41.6221   Simulation time per second: 0.162586
INFO (CarpetX): Grid cells: 4096   Grid cell updates per second: 170484
INFO (CarpetX): Performance:
INFO (CarpetX):   total evolution time:            0.679743 sec
INFO (CarpetX):   total evolution compute time:    0.679127 sec
INFO (CarpetX):   total evolution output time:     0.000616789 sec
INFO (CarpetX):   total iterations:                28
INFO (CarpetX):   total cells updated:             114688
INFO (CarpetX):   average iterations per second: 41.192
INFO (CarpetX):   average cell updates per second: 168723
INFO (CarpetX): OutputGH: iteration 29, time 0.113281, run time 1 s
INFO (CarpetX): OutputGH done.
INFO (CarpetX): Simulation time: 0.113281   Iterations per second: 41.5784   Simulation time per second: 0.162416
INFO (CarpetX): Grid cells: 4096   Grid cell updates per second: 170305
INFO (CarpetX): Performance:
INFO (CarpetX):   total evolution time:            0.704021 sec
INFO (CarpetX):   total evolution compute time:    0.703387 sec
INFO (CarpetX):   total evolution output time:     0.00063467 sec
INFO (CarpetX):   total iterations:                29
INFO (CarpetX):   total cells updated:             118784
INFO (CarpetX):   average iterations per second: 41.1919
INFO (CarpetX):   average cell updates per second: 168722
INFO (CarpetX): OutputGH: iteration 30, time 0.117188, run time 1 s
INFO (CarpetX): OutputGH done.
INFO (CarpetX): Simulation time: 0.117188   Iterations per second: 41.4737   Simulation time per second: 0.162007
INFO (CarpetX): Grid cells: 4096   Grid cell updates per second: 169876
INFO (CarpetX): Performance:
INFO (CarpetX):   total evolution time:            0.728679 sec
INFO (CarpetX):   total evolution compute time:    0.728019 sec
INFO (CarpetX):   total evolution output time:     0.000660658 sec
INFO (CarpetX):   total iterations:                30
INFO (CarpetX):   total cells updated:             122880
INFO (CarpetX):   average iterations per second: 41.1704
INFO (CarpetX):   average cell updates per second: 168634
INFO (CarpetX): OutputGH: iteration 31, time 0.121094, run time 1 s
INFO (CarpetX): OutputGH done.
INFO (CarpetX): Simulation time: 0.121094   Iterations per second: 41.4614   Simulation time per second: 0.161959
INFO (CarpetX): Grid cells: 4096   Grid cell updates per second: 169826
INFO (CarpetX): Performance:
INFO (CarpetX):   total evolution time:            0.752862 sec
INFO (CarpetX):   total evolution compute time:    0.752177 sec
INFO (CarpetX):   total evolution output time:     0.000685692 sec
INFO (CarpetX):   total iterations:                31
INFO (CarpetX):   total cells updated:             126976
INFO (CarpetX):   average iterations per second: 41.1762
INFO (CarpetX):   average cell updates per second: 168658
INFO (CarpetX): OutputGH: iteration 32, time 0.125000, run time 1 s
INFO (CarpetX): OutputGH done.
INFO (CarpetX): Simulation time: 0.125   Iterations per second: 41.431   Simulation time per second: 0.16184
INFO (CarpetX): Grid cells: 4096   Grid cell updates per second: 169701
INFO (CarpetX): Performance:
INFO (CarpetX):   total evolution time:            0.777158 sec
INFO (CarpetX):   total evolution compute time:    0.776445 sec
INFO (CarpetX):   total evolution output time:     0.000713587 sec
INFO (CarpetX):   total iterations:                32
INFO (CarpetX):   total cells updated:             131072
INFO (CarpetX):   average iterations per second: 41.1756
INFO (CarpetX):   average cell updates per second: 168655
INFO (CarpetX): OutputGH: iteration 33, time 0.128906, run time 1 s
INFO (CarpetX): OutputGH done.
INFO (CarpetX): Simulation time: 0.128906   Iterations per second: 41.4165   Simulation time per second: 0.161783
INFO (CarpetX): Grid cells: 4096   Grid cell updates per second: 169642
INFO (CarpetX): Performance:
INFO (CarpetX):   total evolution time:            0.801379 sec
INFO (CarpetX):   total evolution compute time:    0.800642 sec
INFO (CarpetX):   total evolution output time:     0.000737667 sec
INFO (CarpetX):   total iterations:                33
INFO (CarpetX):   total cells updated:             135168
INFO (CarpetX):   average iterations per second: 41.179
INFO (CarpetX):   average cell updates per second: 168669
INFO (CarpetX): OutputGH: iteration 34, time 0.132812, run time 1 s
INFO (CarpetX): OutputGH done.
INFO (CarpetX): Simulation time: 0.132812   Iterations per second: 41.3775   Simulation time per second: 0.161631
INFO (CarpetX): Grid cells: 4096   Grid cell updates per second: 169482
INFO (CarpetX): Performance:
INFO (CarpetX):   total evolution time:            0.825752 sec
INFO (CarpetX):   total evolution compute time:    0.82499 sec
INFO (CarpetX):   total evolution output time:     0.000762701 sec
INFO (CarpetX):   total iterations:                34
INFO (CarpetX):   total cells updated:             139264
INFO (CarpetX):   average iterations per second: 41.1746
INFO (CarpetX):   average cell updates per second: 168651
INFO (CarpetX): OutputGH: iteration 35, time 0.136719, run time 1 s
INFO (CarpetX): OutputGH done.
INFO (CarpetX): Simulation time: 0.136719   Iterations per second: 41.334   Simulation time per second: 0.161461
INFO (CarpetX): Grid cells: 4096   Grid cell updates per second: 169304
INFO (CarpetX): Performance:
INFO (CarpetX):   total evolution time:            0.850174 sec
INFO (CarpetX):   total evolution compute time:    0.84938 sec
INFO (CarpetX):   total evolution output time:     0.000793695 sec
INFO (CarpetX):   total iterations:                35
INFO (CarpetX):   total cells updated:             143360
INFO (CarpetX):   average iterations per second: 41.168
INFO (CarpetX):   average cell updates per second: 168624
INFO (CarpetX): OutputGH: iteration 36, time 0.140625, run time 1 s
INFO (CarpetX): OutputGH done.
INFO (CarpetX): Simulation time: 0.140625   Iterations per second: 41.3187   Simulation time per second: 0.161401
INFO (CarpetX): Grid cells: 4096   Grid cell updates per second: 169241
INFO (CarpetX): Performance:
INFO (CarpetX):   total evolution time:            0.874457 sec
INFO (CarpetX):   total evolution compute time:    0.873639 sec
INFO (CarpetX):   total evolution output time:     0.000818491 sec
INFO (CarpetX):   total iterations:                36
INFO (CarpetX):   total cells updated:             147456
INFO (CarpetX):   average iterations per second: 41.1684
INFO (CarpetX):   average cell updates per second: 168626
INFO (CarpetX): OutputGH: iteration 37, time 0.144531, run time 1 s
INFO (CarpetX): OutputGH done.
INFO (CarpetX): Simulation time: 0.144531   Iterations per second: 41.2469   Simulation time per second: 0.161121
INFO (CarpetX): Grid cells: 4096   Grid cell updates per second: 168947
INFO (CarpetX): Performance:
INFO (CarpetX):   total evolution time:            0.89908 sec
INFO (CarpetX):   total evolution compute time:    0.898234 sec
INFO (CarpetX):   total evolution output time:     0.000846386 sec
INFO (CarpetX):   total iterations:                37
INFO (CarpetX):   total cells updated:             151552
INFO (CarpetX):   average iterations per second: 41.1532
INFO (CarpetX):   average cell updates per second: 168563
INFO (CarpetX): OutputGH: iteration 38, time 0.148438, run time 1 s
INFO (CarpetX): OutputGH done.
INFO (CarpetX): Simulation time: 0.148438   Iterations per second: 41.2333   Simulation time per second: 0.161068
INFO (CarpetX): Grid cells: 4096   Grid cell updates per second: 168892
INFO (CarpetX): Performance:
INFO (CarpetX):   total evolution time:            0.923404 sec
INFO (CarpetX):   total evolution compute time:    0.922529 sec
INFO (CarpetX):   total evolution output time:     0.000875473 sec
INFO (CarpetX):   total iterations:                38
INFO (CarpetX):   total cells updated:             155648
INFO (CarpetX):   average iterations per second: 41.1521
INFO (CarpetX):   average cell updates per second: 168559
INFO (CarpetX): OutputGH: iteration 39, time 0.152344, run time 1 s
INFO (CarpetX): OutputGH done.
INFO (CarpetX): Simulation time: 0.152344   Iterations per second: 41.249   Simulation time per second: 0.161129
INFO (CarpetX): Grid cells: 4096   Grid cell updates per second: 168956
INFO (CarpetX): Performance:
INFO (CarpetX):   total evolution time:            0.947564 sec
INFO (CarpetX):   total evolution compute time:    0.946659 sec
INFO (CarpetX):   total evolution output time:     0.000905275 sec
INFO (CarpetX):   total iterations:                39
INFO (CarpetX):   total cells updated:             159744
INFO (CarpetX):   average iterations per second: 41.1582
INFO (CarpetX):   average cell updates per second: 168584
INFO (CarpetX): OutputGH: iteration 40, time 0.156250, run time 1 s
INFO (CarpetX): OutputGH done.
INFO (CarpetX): Simulation time: 0.15625   Iterations per second: 41.2531   Simulation time per second: 0.161145
INFO (CarpetX): Grid cells: 4096   Grid cell updates per second: 168973
INFO (CarpetX): Performance:
INFO (CarpetX):   total evolution time:            0.971783 sec
INFO (CarpetX):   total evolution compute time:    0.970848 sec
INFO (CarpetX):   total evolution output time:     0.000935078 sec
INFO (CarpetX):   total iterations:                40
INFO (CarpetX):   total cells updated:             163840
INFO (CarpetX):   average iterations per second: 41.1614
INFO (CarpetX):   average cell updates per second: 168597
INFO (CarpetX): OutputGH: iteration 41, time 0.160156, run time 1 s
INFO (CarpetX): OutputGH done.
INFO (CarpetX): Simulation time: 0.160156   Iterations per second: 41.2258   Simulation time per second: 0.161038
INFO (CarpetX): Grid cells: 4096   Grid cell updates per second: 168861
INFO (CarpetX): Performance:
INFO (CarpetX):   total evolution time:            0.996184 sec
INFO (CarpetX):   total evolution compute time:    0.99522 sec
INFO (CarpetX):   total evolution output time:     0.000964165 sec
INFO (CarpetX):   total iterations:                41
INFO (CarpetX):   total cells updated:             167936
INFO (CarpetX):   average iterations per second: 41.1571
INFO (CarpetX):   average cell updates per second: 168579
INFO (CarpetX): OutputGH: iteration 42, time 0.164062, run time 1 s
INFO (CarpetX): OutputGH done.
INFO (CarpetX): Simulation time: 0.164062   Iterations per second: 41.2382   Simulation time per second: 0.161087
INFO (CarpetX): Grid cells: 4096   Grid cell updates per second: 168912
INFO (CarpetX): Performance:
INFO (CarpetX):   total evolution time:            1.02037 sec
INFO (CarpetX):   total evolution compute time:    1.01937 sec
INFO (CarpetX):   total evolution output time:     0.000993252 sec
INFO (CarpetX):   total iterations:                42
INFO (CarpetX):   total cells updated:             172032
INFO (CarpetX):   average iterations per second: 41.1616
INFO (CarpetX):   average cell updates per second: 168598
INFO (CarpetX): OutputGH: iteration 43, time 0.167969, run time 1 s
INFO (CarpetX): OutputGH done.
INFO (CarpetX): Simulation time: 0.167969   Iterations per second: 41.2656   Simulation time per second: 0.161194
INFO (CarpetX): Grid cells: 4096   Grid cell updates per second: 169024
INFO (CarpetX): Performance:
INFO (CarpetX):   total evolution time:            1.04446 sec
INFO (CarpetX):   total evolution compute time:    1.04344 sec
INFO (CarpetX):   total evolution output time:     0.00102115 sec
INFO (CarpetX):   total iterations:                43
INFO (CarpetX):   total cells updated:             176128
INFO (CarpetX):   average iterations per second: 41.1697
INFO (CarpetX):   average cell updates per second: 168631
INFO (CarpetX): OutputGH: iteration 44, time 0.171875, run time 1 s
INFO (CarpetX): OutputGH done.
INFO (CarpetX): Simulation time: 0.171875   Iterations per second: 41.2778   Simulation time per second: 0.161241
INFO (CarpetX): Grid cells: 4096   Grid cell updates per second: 169074
INFO (CarpetX): Performance:
INFO (CarpetX):   total evolution time:            1.06862 sec
INFO (CarpetX):   total evolution compute time:    1.06757 sec
INFO (CarpetX):   total evolution output time:     0.00104594 sec
INFO (CarpetX):   total iterations:                44
INFO (CarpetX):   total cells updated:             180224
INFO (CarpetX):   average iterations per second: 41.1747
INFO (CarpetX):   average cell updates per second: 168651
INFO (CarpetX): OutputGH: iteration 45, time 0.175781, run time 1 s
INFO (CarpetX): OutputGH done.
INFO (CarpetX): Simulation time: 0.175781   Iterations per second: 41.3004   Simulation time per second: 0.16133
INFO (CarpetX): Grid cells: 4096   Grid cell updates per second: 169167
INFO (CarpetX): Performance:
INFO (CarpetX):   total evolution time:            1.09271 sec
INFO (CarpetX):   total evolution compute time:    1.09164 sec
INFO (CarpetX):   total evolution output time:     0.00107288 sec
INFO (CarpetX):   total iterations:                45
INFO (CarpetX):   total cells updated:             184320
INFO (CarpetX):   average iterations per second: 41.182
INFO (CarpetX):   average cell updates per second: 168681
INFO (CarpetX): OutputGH: iteration 46, time 0.179688, run time 1 s
INFO (CarpetX): OutputGH done.
INFO (CarpetX): Simulation time: 0.179688   Iterations per second: 41.2932   Simulation time per second: 0.161302
INFO (CarpetX): Grid cells: 4096   Grid cell updates per second: 169137
INFO (CarpetX): Performance:
INFO (CarpetX):   total evolution time:            1.11697 sec
INFO (CarpetX):   total evolution compute time:    1.11584 sec
INFO (CarpetX):   total evolution output time:     0.00112391 sec
INFO (CarpetX):   total iterations:                46
INFO (CarpetX):   total cells updated:             188416
INFO (CarpetX):   average iterations per second: 41.183
INFO (CarpetX):   average cell updates per second: 168685
INFO (CarpetX): OutputGH: iteration 47, time 0.183594, run time 1 s
INFO (CarpetX): OutputGH done.
INFO (CarpetX): Simulation time: 0.183594   Iterations per second: 41.3179   Simulation time per second: 0.161398
INFO (CarpetX): Grid cells: 4096   Grid cell updates per second: 169238
INFO (CarpetX): Performance:
INFO (CarpetX):   total evolution time:            1.14104 sec
INFO (CarpetX):   total evolution compute time:    1.13989 sec
INFO (CarpetX):   total evolution output time:     0.00115085 sec
INFO (CarpetX):   total iterations:                47
INFO (CarpetX):   total cells updated:             192512
INFO (CarpetX):   average iterations per second: 41.1905
INFO (CarpetX):   average cell updates per second: 168716
INFO (CarpetX): OutputGH: iteration 48, time 0.187500, run time 1 s
INFO (CarpetX): OutputGH done.
INFO (CarpetX): Simulation time: 0.1875   Iterations per second: 41.3447   Simulation time per second: 0.161503
INFO (CarpetX): Grid cells: 4096   Grid cell updates per second: 169348
INFO (CarpetX): Performance:
INFO (CarpetX):   total evolution time:            1.16508 sec
INFO (CarpetX):   total evolution compute time:    1.16391 sec
INFO (CarpetX):   total evolution output time:     0.00117588 sec
INFO (CarpetX):   total iterations:                48
INFO (CarpetX):   total cells updated:             196608
INFO (CarpetX):   average iterations per second: 41.1987
INFO (CarpetX):   average cell updates per second: 168750
INFO (CarpetX): OutputGH: iteration 49, time 0.191406, run time 1 s
INFO (CarpetX): OutputGH done.
INFO (CarpetX): Simulation time: 0.191406   Iterations per second: 41.3568   Simulation time per second: 0.16155
INFO (CarpetX): Grid cells: 4096   Grid cell updates per second: 169398
INFO (CarpetX): Performance:
INFO (CarpetX):   total evolution time:            1.1892 sec
INFO (CarpetX):   total evolution compute time:    1.188 sec
INFO (CarpetX):   total evolution output time:     0.00120306 sec
INFO (CarpetX):   total iterations:                49
INFO (CarpetX):   total cells updated:             200704
INFO (CarpetX):   average iterations per second: 41.2041
INFO (CarpetX):   average cell updates per second: 168772
INFO (CarpetX): OutputGH: iteration 50, time 0.195312, run time 1 s
INFO (CarpetX): OutputGH done.
INFO (CarpetX): Simulation time: 0.195312   Iterations per second: 41.3583   Simulation time per second: 0.161556
INFO (CarpetX): Grid cells: 4096   Grid cell updates per second: 169404
INFO (CarpetX): Performance:
INFO (CarpetX):   total evolution time:            1.21337 sec
INFO (CarpetX):   total evolution compute time:    1.21214 sec
INFO (CarpetX):   total evolution output time:     0.0012331 sec
INFO (CarpetX):   total iterations:                50
INFO (CarpetX):   total cells updated:             204800
INFO (CarpetX):   average iterations per second: 41.2075
INFO (CarpetX):   average cell updates per second: 168786
INFO (CarpetX): OutputGH: iteration 51, time 0.199219, run time 1 s
INFO (CarpetX): OutputGH done.
INFO (CarpetX): Simulation time: 0.199219   Iterations per second: 41.3411   Simulation time per second: 0.161488
INFO (CarpetX): Grid cells: 4096   Grid cell updates per second: 169333
INFO (CarpetX): Performance:
INFO (CarpetX):   total evolution time:            1.23765 sec
INFO (CarpetX):   total evolution compute time:    1.23638 sec
INFO (CarpetX):   total evolution output time:     0.00127625 sec
INFO (CarpetX):   total iterations:                51
INFO (CarpetX):   total cells updated:             208896
INFO (CarpetX):   average iterations per second: 41.2071
INFO (CarpetX):   average cell updates per second: 168784
INFO (CarpetX): OutputGH: iteration 52, time 0.203125, run time 1 s
INFO (CarpetX): OutputGH done.
INFO (CarpetX): Simulation time: 0.203125   Iterations per second: 41.3076   Simulation time per second: 0.161358
INFO (CarpetX): Grid cells: 4096   Grid cell updates per second: 169196
INFO (CarpetX): Performance:
INFO (CarpetX):   total evolution time:            1.26204 sec
INFO (CarpetX):   total evolution compute time:    1.26073 sec
INFO (CarpetX):   total evolution output time:     0.0013063 sec
INFO (CarpetX):   total iterations:                52
INFO (CarpetX):   total cells updated:             212992
INFO (CarpetX):   average iterations per second: 41.2032
INFO (CarpetX):   average cell updates per second: 168768
INFO (CarpetX): OutputGH: iteration 53, time 0.207031, run time 1 s
INFO (CarpetX): OutputGH done.
INFO (CarpetX): Simulation time: 0.207031   Iterations per second: 41.2794   Simulation time per second: 0.161248
INFO (CarpetX): Grid cells: 4096   Grid cell updates per second: 169080
INFO (CarpetX): Performance:
INFO (CarpetX):   total evolution time:            1.28641 sec
INFO (CarpetX):   total evolution compute time:    1.28508 sec
INFO (CarpetX):   total evolution output time:     0.00133514 sec
INFO (CarpetX):   total iterations:                53
INFO (CarpetX):   total cells updated:             217088
INFO (CarpetX):   average iterations per second: 41.1999
INFO (CarpetX):   average cell updates per second: 168755
INFO (CarpetX): OutputGH: iteration 54, time 0.210938, run time 1 s
INFO (CarpetX): OutputGH done.
INFO (CarpetX): Simulation time: 0.210938   Iterations per second: 41.2318   Simulation time per second: 0.161062
INFO (CarpetX): Grid cells: 4096   Grid cell updates per second: 168885
INFO (CarpetX): Performance:
INFO (CarpetX):   total evolution time:            1.31092 sec
INFO (CarpetX):   total evolution compute time:    1.30955 sec
INFO (CarpetX):   total evolution output time:     0.00136518 sec
INFO (CarpetX):   total iterations:                54
INFO (CarpetX):   total cells updated:             221184
INFO (CarpetX):   average iterations per second: 41.1926
INFO (CarpetX):   average cell updates per second: 168725
INFO (CarpetX): OutputGH: iteration 55, time 0.214844, run time 1 s
INFO (CarpetX): OutputGH done.
INFO (CarpetX): Simulation time: 0.214844   Iterations per second: 41.1145   Simulation time per second: 0.160603
INFO (CarpetX): Grid cells: 4096   Grid cell updates per second: 168405
INFO (CarpetX): Performance:
INFO (CarpetX):   total evolution time:            1.33586 sec
INFO (CarpetX):   total evolution compute time:    1.33447 sec
INFO (CarpetX):   total evolution output time:     0.00139308 sec
INFO (CarpetX):   total iterations:                55
INFO (CarpetX):   total cells updated:             225280
INFO (CarpetX):   average iterations per second: 41.172
INFO (CarpetX):   average cell updates per second: 168640
INFO (CarpetX): OutputGH: iteration 56, time 0.218750, run time 1 s
INFO (CarpetX): OutputGH done.
INFO (CarpetX): Simulation time: 0.21875   Iterations per second: 41.0314   Simulation time per second: 0.160279
INFO (CarpetX): Grid cells: 4096   Grid cell updates per second: 168065
INFO (CarpetX): Performance:
INFO (CarpetX):   total evolution time:            1.36068 sec
INFO (CarpetX):   total evolution compute time:    1.35925 sec
INFO (CarpetX):   total evolution output time:     0.00142288 sec
INFO (CarpetX):   total iterations:                56
INFO (CarpetX):   total cells updated:             229376
INFO (CarpetX):   average iterations per second: 41.156
INFO (CarpetX):   average cell updates per second: 168575
INFO (CarpetX): OutputGH: iteration 57, time 0.222656, run time 1 s
INFO (CarpetX): OutputGH done.
INFO (CarpetX): Simulation time: 0.222656   Iterations per second: 40.9698   Simulation time per second: 0.160038
INFO (CarpetX): Grid cells: 4096   Grid cell updates per second: 167812
INFO (CarpetX): Performance:
INFO (CarpetX):   total evolution time:            1.38541 sec
INFO (CarpetX):   total evolution compute time:    1.38396 sec
INFO (CarpetX):   total evolution output time:     0.00144982 sec
INFO (CarpetX):   total iterations:                57
INFO (CarpetX):   total cells updated:             233472
INFO (CarpetX):   average iterations per second: 41.143
INFO (CarpetX):   average cell updates per second: 168522
INFO (CarpetX): OutputGH: iteration 58, time 0.226562, run time 1 s
INFO (CarpetX): OutputGH done.
INFO (CarpetX): Simulation time: 0.226562   Iterations per second: 40.9449   Simulation time per second: 0.159941
INFO (CarpetX): Grid cells: 4096   Grid cell updates per second: 167710
INFO (CarpetX): Performance:
INFO (CarpetX):   total evolution time:            1.40997 sec
INFO (CarpetX):   total evolution compute time:    1.40849 sec
INFO (CarpetX):   total evolution output time:     0.00147963 sec
INFO (CarpetX):   total iterations:                58
INFO (CarpetX):   total cells updated:             237568
INFO (CarpetX):   average iterations per second: 41.1356
INFO (CarpetX):   average cell updates per second: 168491
INFO (CarpetX): OutputGH: iteration 59, time 0.230469, run time 1 s
INFO (CarpetX): OutputGH done.
INFO (CarpetX): Simulation time: 0.230469   Iterations per second: 40.9789   Simulation time per second: 0.160074
INFO (CarpetX): Grid cells: 4096   Grid cell updates per second: 167850
INFO (CarpetX): Performance:
INFO (CarpetX):   total evolution time:            1.43419 sec
INFO (CarpetX):   total evolution compute time:    1.43268 sec
INFO (CarpetX):   total evolution output time:     0.00150657 sec
INFO (CarpetX):   total iterations:                59
INFO (CarpetX):   total cells updated:             241664
INFO (CarpetX):   average iterations per second: 41.1382
INFO (CarpetX):   average cell updates per second: 168502
INFO (CarpetX): OutputGH: iteration 60, time 0.234375, run time 1 s
INFO (CarpetX): OutputGH done.
INFO (CarpetX): Simulation time: 0.234375   Iterations per second: 40.9621   Simulation time per second: 0.160008
INFO (CarpetX): Grid cells: 4096   Grid cell updates per second: 167781
INFO (CarpetX): Performance:
INFO (CarpetX):   total evolution time:            1.45869 sec
INFO (CarpetX):   total evolution compute time:    1.45715 sec
INFO (CarpetX):   total evolution output time:     0.00153852 sec
INFO (CarpetX):   total iterations:                60
INFO (CarpetX):   total cells updated:             245760
INFO (CarpetX):   average iterations per second: 41.1327
INFO (CarpetX):   average cell updates per second: 168480
INFO (CarpetX): OutputGH: iteration 61, time 0.238281, run time 1 s
INFO (CarpetX): OutputGH done.
INFO (CarpetX): Simulation time: 0.238281   Iterations per second: 40.9398   Simulation time per second: 0.159921
INFO (CarpetX): Grid cells: 4096   Grid cell updates per second: 167689
INFO (CarpetX): Performance:
INFO (CarpetX):   total evolution time:            1.48324 sec
INFO (CarpetX):   total evolution compute time:    1.48167 sec
INFO (CarpetX):   total evolution output time:     0.00156975 sec
INFO (CarpetX):   total iterations:                61
INFO (CarpetX):   total cells updated:             249856
INFO (CarpetX):   average iterations per second: 41.1262
INFO (CarpetX):   average cell updates per second: 168453
INFO (CarpetX): OutputGH: iteration 62, time 0.242188, run time 1 s
INFO (CarpetX): OutputGH done.
INFO (CarpetX): Simulation time: 0.242188   Iterations per second: 40.8931   Simulation time per second: 0.159739
INFO (CarpetX): Grid cells: 4096   Grid cell updates per second: 167498
INFO (CarpetX): Performance:
INFO (CarpetX):   total evolution time:            1.50794 sec
INFO (CarpetX):   total evolution compute time:    1.50634 sec
INFO (CarpetX):   total evolution output time:     0.00159979 sec
INFO (CarpetX):   total iterations:                62
INFO (CarpetX):   total cells updated:             253952
INFO (CarpetX):   average iterations per second: 41.1156
INFO (CarpetX):   average cell updates per second: 168409
INFO (CarpetX): OutputGH: iteration 63, time 0.246094, run time 1 s
INFO (CarpetX): OutputGH done.
INFO (CarpetX): Simulation time: 0.246094   Iterations per second: 40.8495   Simulation time per second: 0.159568
INFO (CarpetX): Grid cells: 4096   Grid cell updates per second: 167319
INFO (CarpetX): Performance:
INFO (CarpetX):   total evolution time:            1.53266 sec
INFO (CarpetX):   total evolution compute time:    1.53103 sec
INFO (CarpetX):   total evolution output time:     0.00163078 sec
INFO (CarpetX):   total iterations:                63
INFO (CarpetX):   total cells updated:             258048
INFO (CarpetX):   average iterations per second: 41.105
INFO (CarpetX):   average cell updates per second: 168366
INFO (CarpetX): OutputGH: iteration 64, time 0.250000, run time 2 s
INFO (CarpetX): OutputGH done.
INFO (CarpetX): Simulation time: 0.25   Iterations per second: 38.7352   Simulation time per second: 0.15131
INFO (CarpetX): Grid cells: 4096   Grid cell updates per second: 158660
INFO (CarpetX): Performance:
INFO (CarpetX):   total evolution time:            1.5705 sec
INFO (CarpetX):   total evolution compute time:    1.55793 sec
INFO (CarpetX):   total evolution output time:     0.0125759 sec
INFO (CarpetX):   total iterations:                64
INFO (CarpetX):   total cells updated:             262144
INFO (CarpetX):   average iterations per second: 40.7513
INFO (CarpetX):   average cell updates per second: 166917
INFO (CarpetX): Shutting down...
AMReX (25.11) finalized
--------------------------------------------------------------------------------
Done.

real	0m1.965s
user	0m3.172s
sys	0m0.251s
+ echo Stopping:
Stopping:
+ date
Mon Mar  9 01:15:49 AM UTC 2026
+ echo Done.
Done.
  Elapsed time: 2.0 s
