/__w/canudax-tests/workspace/simulations/TestJob01_temp_1/output-0000/TEST/sim/CanudaX_BSSNMoL
Preparing:
+ set -e
+ cd output-0000-active
+ echo Checking:
Checking:
+ pwd
/__w/canudax-tests/workspace/simulations/TestJob01_temp_1/output-0000/TEST/sim/CanudaX_BSSNMoL/output-0000-active
+ hostname
0155c22303c2
+ date
Tue Mar 10 03:38:11 PM UTC 2026
+ echo Environment:
Environment:
+ export SIMULATION_ID=simulation-TestJob01_temp_1-actions-cpu-real64-actions-root-2026.03.10-15.38.11-13041
+ SIMULATION_ID=simulation-TestJob01_temp_1-actions-cpu-real64-actions-root-2026.03.10-15.38.11-13041
+ export CACTUS_NUM_PROCS=1
+ CACTUS_NUM_PROCS=1
+ export CACTUS_NUM_THREADS=2
+ CACTUS_NUM_THREADS=2
+ export CACTUS_SET_THREAD_BINDINGS=0
+ CACTUS_SET_THREAD_BINDINGS=0
+ export GLIBCXX_FORCE_NEW=1
+ GLIBCXX_FORCE_NEW=1
+ export GMON_OUT_PREFIX=gmon.out
+ GMON_OUT_PREFIX=gmon.out
+ export OMP_DISPLAY_ENV=TRUE
+ OMP_DISPLAY_ENV=TRUE
+ export OMP_MAX_TASKS=100
+ OMP_MAX_TASKS=100
+ export OMP_NUM_THREADS=2
+ OMP_NUM_THREADS=2
+ export OMP_PLACES=cores
+ OMP_PLACES=cores
+ export OMP_PROC_BIND=FALSE
+ OMP_PROC_BIND=FALSE
+ export OMP_STACKSIZE=8192
+ OMP_STACKSIZE=8192
+ env
+ sort
+ echo Starting:
Starting:
++ date +%s
+ export CACTUS_STARTTIME=1773157091
+ CACTUS_STARTTIME=1773157091
+ mpiexec -n 1 /__w/canudax-tests/workspace/simulations/TestJob01_temp_1/SIMFACTORY/exe/cactus_sim -L 3 /__w/canudax-tests/workspace/simulations/TestJob01_temp_1/output-0000/arrangements/CanudaX/CanudaX_BSSNMoL/test/gaugewave.par

OPENMP DISPLAY ENVIRONMENT BEGIN
  _OPENMP = '201511'
  [host] OMP_DYNAMIC = 'FALSE'
  [host] OMP_NESTED = 'FALSE'
  [host] OMP_NUM_THREADS = '2'
  [host] OMP_SCHEDULE = 'DYNAMIC'
  [host] OMP_PROC_BIND = 'FALSE'
  [host] OMP_PLACES = ''
  [host] OMP_STACKSIZE = '8388608'
  [host] OMP_WAIT_POLICY = 'PASSIVE'
  [host] OMP_THREAD_LIMIT = '4294967295'
  [host] OMP_MAX_ACTIVE_LEVELS = '1'
  [host] OMP_NUM_TEAMS = '0'
  [host] OMP_TEAMS_THREAD_LIMIT = '0'
  [all] OMP_CANCELLATION = 'FALSE'
  [all] OMP_DEFAULT_DEVICE = '0'
  [all] OMP_MAX_TASK_PRIORITY = '0'
  [all] OMP_DISPLAY_AFFINITY = 'FALSE'
  [host] OMP_AFFINITY_FORMAT = 'level %L thread %i affinity %A'
  [host] OMP_ALLOCATOR = 'omp_default_mem_alloc'
  [all] OMP_TARGET_OFFLOAD = 'DEFAULT'
OPENMP DISPLAY ENVIRONMENT END
INFO (Cactus): Increased logging level from 0 to 3
--------------------------------------------------------------------------------

       10                                  
  1   0101       ************************  
  01  1010 10      The Cactus Code V4.18.0    
 1010 1101 011      www.cactuscode.org     
  1001 100101    ************************  
    00010101                               
     100011     (c) Copyright The Authors  
      0100      GNU Licensed. No Warranty  
      0101                                 
--------------------------------------------------------------------------------

Cactus version:    4.18.0
Compile date:      Mar 10 2026 (15:37:59)
Run date:          Mar 10 2026 (15:38:11+0000)
Run host:          0155c22303c2 (pid=13089)
Working directory: /__w/canudax-tests/workspace/simulations/TestJob01_temp_1/output-0000/TEST/sim/CanudaX_BSSNMoL
Executable:        /__w/canudax-tests/workspace/simulations/TestJob01_temp_1/SIMFACTORY/exe/cactus_sim
Parameter file:    /__w/canudax-tests/workspace/simulations/TestJob01_temp_1/output-0000/arrangements/CanudaX/CanudaX_BSSNMoL/test/gaugewave.par
--------------------------------------------------------------------------------

Activating thorn Cactus...Success -> active implementation Cactus
Activation requested for 
--->ADMBaseX CanudaX_BSSNMoL CanudaX_ExactID CarpetX IOUtil ODESolvers TmunuBaseX<---
Thorn ADMBaseX requests automatic activation of Loop
Thorn CarpetX requests automatic activation of AMReX
Thorn CarpetX requests automatic activation of MPI
Thorn CarpetX requests automatic activation of yaml_cpp
Thorn CarpetX requests automatic activation of zlib
Thorn CarpetX requests automatic activation of Arith
Thorn CarpetX requests automatic activation of CarpetXRegrid
Thorn CarpetX requests automatic activation of ADIOS2
Thorn CarpetX requests automatic activation of openPMD
Thorn CarpetX requests automatic activation of Silo
Thorn Arith requests automatic activation of NSIMD
Thorn MPI requests automatic activation of hwloc
Thorn openPMD requests automatic activation of HDF5
Activating thorn ADIOS2...Success -> active implementation ADIOS2
Activating thorn ADMBaseX...Success -> active implementation ADMBaseX
Activating thorn AMReX...Success -> active implementation AMReX
Activating thorn Arith...Success -> active implementation Arith
Activating thorn CanudaX_BSSNMoL...Success -> active implementation CanudaX_BSSNMoL
Activating thorn CanudaX_ExactID...Success -> active implementation CanudaX_ExactID
Activating thorn CarpetX...Success -> active implementation Driver
Activating thorn CarpetXRegrid...Success -> active implementation CarpetXRegrid
Activating thorn HDF5...Success -> active implementation HDF5
Activating thorn hwloc...Success -> active implementation hwloc
Activating thorn IOUtil...Success -> active implementation IO
Activating thorn Loop...Success -> active implementation Loop
Activating thorn MPI...Success -> active implementation MPI
Activating thorn NSIMD...Success -> active implementation NSIMD
Activating thorn ODESolvers...Success -> active implementation ODESolvers
Activating thorn openPMD...Success -> active implementation openPMD
Activating thorn Silo...Success -> active implementation Silo
Activating thorn TmunuBaseX...Success -> active implementation TmunuBaseX
Activating thorn yaml_cpp...Success -> active implementation yaml_cpp
Activating thorn zlib...Success -> active implementation zlib
--------------------------------------------------------------------------------
  if (recover initial data)
    Recover parameters
  endif

  Startup routines
    [CCTK_STARTUP]
      CarpetX::Driver_Startup: Start up the driver
      IOUtil::IOUtil_Startup: Startup routine
      GROUP hwloc_startup: hwloc startup group
        hwloc::hwloc_version: Output hwloc version

  Startup routines which need an existing grid hierarchy
    [CCTK_WRAGH]
      Arith::Test_smallvector: [meta] Test small vectors
      Arith::Test_spvect: [meta] Test sparse vectors
      ODESolvers::ODESolvers_InitConstants: [global] Set up dummy loop counters for schedule printout
  Parameter checking routines
    [CCTK_PARAMCHECK]
      CanudaX_BSSNMoL::CanudaX_BSSNMoL_paramcheck: Check CanudaX_BSSNMoL parameters for consistency

  Initialisation
    if (NOT (recover initial data AND recovery_mode is 'strict'))
      [CCTK_PREREGRIDINITIAL]
      Set up grid hierarchy
      [CCTK_POSTREGRIDINITIAL]
      [CCTK_BASEGRID]
        CarpetXRegrid::CarpetXRegrid_InitError: Initialize regridding error to zero
        GROUP ODESolvers_BaseGrid: Set up constants (e.g. coordinates) everywhere on the grid
      [CCTK_INITIAL]
        GROUP TmunuBaseX_SetTmunuVars: Schedule group for setting T_munu
          TmunuBaseX::TmunuBaseX_ZeroTmunu: Set T_munu to zero
          GROUP TmunuBaseX_AddToTmunu: Add to T_munu here
        GROUP ODESolvers_Initial: Set up initial conditions on interior of state vector
          GROUP ADMBaseX_InitialData: Schedule group for calculating ADM initial data
            GROUP CanudaX_ExactIDGroup: CanudaX_ExactID group for setting up initial data
              CanudaX_ExactID::CanudaX_ExactID_GaugeWave: [local] Create gauge wave initial data
          GROUP ADMBaseX_InitialGauge: Schedule group for the ADM initial gauge condition
            ADMBaseX::ADMBaseX_initial_dtlapse: Set dtlapse to zero
            ADMBaseX::ADMBaseX_initial_dtshift: Set dtshift to zero
          GROUP ADMBaseX_PostInitial: Schedule group for modifying the ADM initial data, such as e.g. adding noise
        GROUP CanudaX_BSSNMoL_InitialGroup: CanudaX_BSSNMoL: initial bin
          CanudaX_BSSNMoL::CanudaX_BSSNMoL_adm2bssn: [local] Convert initial data into BSSN variables
          CanudaX_BSSNMoL::CanudaX_BSSNMoL_gammat: [local] Set Gammat initial data
      [CCTK_POSTINITIAL]
        GROUP ODESolvers_PostStep: Apply boundary conditions to state vector, and project if necessary
          GROUP CanudaX_BSSNMoL_PostStepGroup: CanudaX_BSSNMoL: post-step operations
            CanudaX_BSSNMoL::CanudaX_BSSNMoL_impose_conf_fac_floor: Make sure conformal factor does not drop below specified value
            CanudaX_BSSNMoL::CanudaX_BSSNMoL_reset_detmetric: reset dethh = 1
            CanudaX_BSSNMoL::CanudaX_BSSNMoL_remove_trA: Remove trace of A
            CanudaX_BSSNMoL::CanudaX_BSSNMoL_sync: [global] Sync state vector
            CanudaX_BSSNMoL::CanudaX_BSSNMoL_bssn2adm: [local] Convert variables back to the ADM ones
          GROUP ADMBaseX_SetADMRHS: Set ADM RHS variables in this group
          GROUP ADMBaseX_SetADMVars: Set ADM variables in this group
          GROUP TmunuBaseX_SetTmunuVars: Schedule group for setting T_munu
            TmunuBaseX::TmunuBaseX_ZeroTmunu: Set T_munu to zero
            GROUP TmunuBaseX_AddToTmunu: Add to T_munu here
        GROUP ODESolvers_EstimateError: Estimate discretization error (for regridding)
      Initialise finer grids recursively
      Restrict from finer grids
      [CCTK_POSTRESTRICTINITIAL]
      [CCTK_POSTPOSTINITIAL]
      [CCTK_POSTSTEP]
        GROUP ODESolvers_EstimateError: Estimate discretization error (for regridding)
    endif
    if (recover initial data)
      [CCTK_BASEGRID]
        CarpetXRegrid::CarpetXRegrid_InitError: Initialize regridding error to zero
        GROUP ODESolvers_BaseGrid: Set up constants (e.g. coordinates) everywhere on the grid
      [CCTK_RECOVER_VARIABLES]
      [CCTK_POST_RECOVER_VARIABLES]
        GROUP ODESolvers_PostStep: Apply boundary conditions to state vector, and project if necessary
          GROUP CanudaX_BSSNMoL_PostStepGroup: CanudaX_BSSNMoL: post-step operations
            CanudaX_BSSNMoL::CanudaX_BSSNMoL_impose_conf_fac_floor: Make sure conformal factor does not drop below specified value
            CanudaX_BSSNMoL::CanudaX_BSSNMoL_reset_detmetric: reset dethh = 1
            CanudaX_BSSNMoL::CanudaX_BSSNMoL_remove_trA: Remove trace of A
            CanudaX_BSSNMoL::CanudaX_BSSNMoL_sync: [global] Sync state vector
            CanudaX_BSSNMoL::CanudaX_BSSNMoL_bssn2adm: [local] Convert variables back to the ADM ones
          GROUP ADMBaseX_SetADMRHS: Set ADM RHS variables in this group
          GROUP ADMBaseX_SetADMVars: Set ADM variables in this group
          GROUP TmunuBaseX_SetTmunuVars: Schedule group for setting T_munu
            TmunuBaseX::TmunuBaseX_ZeroTmunu: Set T_munu to zero
            GROUP TmunuBaseX_AddToTmunu: Add to T_munu here
        GROUP ODESolvers_EstimateError: Estimate discretization error (for regridding)
    endif
    if (checkpoint initial data)
      [CCTK_CPINITIAL]
        CarpetX::CarpetX_CheckpointInitial: [meta] Checkpoint initial conditions
    endif
    if (analysis)
      [CCTK_ANALYSIS]
        CanudaX_BSSNMoL::CanudaX_BSSNMoL_bssn_constraints: Compute constraints
        GROUP ODESolvers_Analysis: Calculate analysis quantities everywhere
  endif
  Output grid variables

  do loop over timesteps
    [CCTK_PREREGRID]
    Change grid hierarchy
    [CCTK_POSTREGRID]
      GROUP ODESolvers_PostStep: Apply boundary conditions to state vector, and project if necessary
        GROUP CanudaX_BSSNMoL_PostStepGroup: CanudaX_BSSNMoL: post-step operations
          CanudaX_BSSNMoL::CanudaX_BSSNMoL_impose_conf_fac_floor: Make sure conformal factor does not drop below specified value
          CanudaX_BSSNMoL::CanudaX_BSSNMoL_reset_detmetric: reset dethh = 1
          CanudaX_BSSNMoL::CanudaX_BSSNMoL_remove_trA: Remove trace of A
          CanudaX_BSSNMoL::CanudaX_BSSNMoL_sync: [global] Sync state vector
          CanudaX_BSSNMoL::CanudaX_BSSNMoL_bssn2adm: [local] Convert variables back to the ADM ones
        GROUP ADMBaseX_SetADMRHS: Set ADM RHS variables in this group
        GROUP ADMBaseX_SetADMVars: Set ADM variables in this group
        GROUP TmunuBaseX_SetTmunuVars: Schedule group for setting T_munu
          TmunuBaseX::TmunuBaseX_ZeroTmunu: Set T_munu to zero
          GROUP TmunuBaseX_AddToTmunu: Add to T_munu here
    Rotate timelevels
    iteration = iteration+1
    t = t+dt
    [CCTK_PRESTEP]
    [CCTK_EVOL]
      ODESolvers::ODESolvers_Solve: [level] Solve ODEs
      while (ODESolvers::do_substeps)
        GROUP ODESolvers_CalledBySolve: Groups internally scheduled by ODESolvers_Solve
          GROUP ODESolvers_RHS: Evaluate the RHS for of state vector everywhere on the grid
            GROUP CanudaX_BSSNMoL_RHSGroup: CanudaX_BSSNMoL: calculate BSSN RHS
              CanudaX_BSSNMoL::CanudaX_BSSNMoL_calc_bssn_rhs: MoL RHS calculation
              CanudaX_BSSNMoL::CanudaX_BSSNMoL_apply_boundary_conditions: Apply radiative boundary conditions 
          GROUP ODESolvers_PostStep: Apply boundary conditions to state vector, and project if necessary
            GROUP CanudaX_BSSNMoL_PostStepGroup: CanudaX_BSSNMoL: post-step operations
              CanudaX_BSSNMoL::CanudaX_BSSNMoL_impose_conf_fac_floor: Make sure conformal factor does not drop below specified value
              CanudaX_BSSNMoL::CanudaX_BSSNMoL_reset_detmetric: reset dethh = 1
              CanudaX_BSSNMoL::CanudaX_BSSNMoL_remove_trA: Remove trace of A
              CanudaX_BSSNMoL::CanudaX_BSSNMoL_sync: [global] Sync state vector
              CanudaX_BSSNMoL::CanudaX_BSSNMoL_bssn2adm: [local] Convert variables back to the ADM ones
            GROUP ADMBaseX_SetADMRHS: Set ADM RHS variables in this group
            GROUP ADMBaseX_SetADMVars: Set ADM variables in this group
            GROUP TmunuBaseX_SetTmunuVars: Schedule group for setting T_munu
              TmunuBaseX::TmunuBaseX_ZeroTmunu: Set T_munu to zero
              GROUP TmunuBaseX_AddToTmunu: Add to T_munu here
      end while
    Evolve finer grids recursively
    Restrict from finer grids
    [CCTK_POSTRESTRICT]
      GROUP ODESolvers_PostStep: Apply boundary conditions to state vector, and project if necessary
        GROUP CanudaX_BSSNMoL_PostStepGroup: CanudaX_BSSNMoL: post-step operations
          CanudaX_BSSNMoL::CanudaX_BSSNMoL_impose_conf_fac_floor: Make sure conformal factor does not drop below specified value
          CanudaX_BSSNMoL::CanudaX_BSSNMoL_reset_detmetric: reset dethh = 1
          CanudaX_BSSNMoL::CanudaX_BSSNMoL_remove_trA: Remove trace of A
          CanudaX_BSSNMoL::CanudaX_BSSNMoL_sync: [global] Sync state vector
          CanudaX_BSSNMoL::CanudaX_BSSNMoL_bssn2adm: [local] Convert variables back to the ADM ones
        GROUP ADMBaseX_SetADMRHS: Set ADM RHS variables in this group
        GROUP ADMBaseX_SetADMVars: Set ADM variables in this group
        GROUP TmunuBaseX_SetTmunuVars: Schedule group for setting T_munu
          TmunuBaseX::TmunuBaseX_ZeroTmunu: Set T_munu to zero
          GROUP TmunuBaseX_AddToTmunu: Add to T_munu here
    [CCTK_POSTSTEP]
      GROUP ODESolvers_EstimateError: Estimate discretization error (for regridding)
    if (checkpoint)
      [CCTK_CHECKPOINT]
      CarpetX::CarpetX_Checkpoint: [meta] Checkpoint
    endif
    if (analysis)
      [CCTK_ANALYSIS]
      CanudaX_BSSNMoL::CanudaX_BSSNMoL_bssn_constraints: Compute constraints
      GROUP ODESolvers_Analysis: Calculate analysis quantities everywhere
    endif
    Output grid variables
    enddo

  Termination routines
    [CCTK_TERMINATE]
      CarpetX::CarpetX_CheckpointTerminate: [meta] Checkpoint before terminating

  Shutdown routines
    [CCTK_SHUTDOWN]
      CarpetX::Driver_Shutdown: [meta] Shut down the driver

  Routines run after changing the grid hierarchy:
    [CCTK_POSTREGRID]
      GROUP ODESolvers_PostStep: Apply boundary conditions to state vector, and project if necessary
        GROUP CanudaX_BSSNMoL_PostStepGroup: CanudaX_BSSNMoL: post-step operations
          CanudaX_BSSNMoL::CanudaX_BSSNMoL_impose_conf_fac_floor: Make sure conformal factor does not drop below specified value
          CanudaX_BSSNMoL::CanudaX_BSSNMoL_reset_detmetric: reset dethh = 1
          CanudaX_BSSNMoL::CanudaX_BSSNMoL_remove_trA: Remove trace of A
          CanudaX_BSSNMoL::CanudaX_BSSNMoL_sync: [global] Sync state vector
          CanudaX_BSSNMoL::CanudaX_BSSNMoL_bssn2adm: [local] Convert variables back to the ADM ones
        GROUP ADMBaseX_SetADMRHS: Set ADM RHS variables in this group
        GROUP ADMBaseX_SetADMVars: Set ADM variables in this group
        GROUP TmunuBaseX_SetTmunuVars: Schedule group for setting T_munu
          TmunuBaseX::TmunuBaseX_ZeroTmunu: Set T_munu to zero
          GROUP TmunuBaseX_AddToTmunu: Add to T_munu here
--------------------------------------------------------------------------------
INFO (hwloc): library version 2.10.0, API version 0x20800
--------------------------------------------------------------------------------

  [34m  ▕▏  [34m  ▕▏  [34m  ▕▏  [34m  ▕▏  [34m  ▕▏  [34m  ▕▏  [34m  ▕▏  [34m  ▕▏  [34m  ▕▏  [39m  
  [34m──██──[34m──██──[34m──██──[34m──██──[34m──██──[34m──██──[34m──██──[34m──██──[34m──██──[39m  
  [34m  ▕▏  [34m  ▕▏  [34m  ▕▏  [34m  ▕▏  [34m  ▕▏  [34m  ▕▏  [34m  ▕▏  [34m  ▕▏  [34m  ▕▏  [39m  
  [34m  ▕▏  [32m██████[34m  ▕▏  [34m  ▕▏  [32m██████[34m  ▕▏  [34m  ▕▏  [32m██████[34m  ▕▏  [39m  
  [34m──██──[32m██████[34m──██──[34m──██──[32m██████[34m──██──[34m──██──[32m██████[34m──██──[39m  
  [34m  ▕▏  [32m██████[34m  ▕▏  [34m  ▕▏  [32m██████[34m  ▕▏  [34m  ▕▏  [32m██████[34m  ▕▏  [39m  
  [34m  ▕▏  [34m  ▕▏  [34m  ▕▏  [34m  ▕▏  [34m  ▕▏  [34m  ▕▏  [34m  ▕▏  [34m  ▕▏  [34m  ▕▏  [39m  
  [34m──██──[34m──██──[34m──██──[34m──██──[34m──██──[34m──██──[34m──██──[34m──██──[34m──██──[39m  
  [34m  ▕▏  [34m  ▕▏  [34m  ▕▏  [34m  ▕▏  [34m  ▕▏  [34m  ▕▏  [34m  ▕▏  [34m  ▕▏  [34m  ▕▏  [39m  
  [34m  ▕▏  [34m  ▕▏  [34m  ▕▏  [31m██████[31m██████[31m██████[34m  ▕▏  [34m  ▕▏  [34m  ▕▏  [39m  
  [34m──██──[34m──██──[34m──██──[31m██████[31m██████[31m██████[34m──██──[34m──██──[34m──██──[39m  
  [34m  ▕▏  [34m  ▕▏  [34m  ▕▏  [31m██████[31m██████[31m██████[34m  ▕▏  [34m  ▕▏  [34m  ▕▏  [39m  
  [34m  ▕▏  [32m██████[34m  ▕▏  [31m██████[31m██████[31m██████[34m  ▕▏  [32m██████[34m  ▕▏  [39m  
  [34m──██──[32m██████[34m──██──[31m██████[31m██████[31m██████[34m──██──[32m██████[34m──██──[39m  
  [34m  ▕▏  [32m██████[34m  ▕▏  [31m██████[31m██████[31m██████[34m  ▕▏  [32m██████[34m  ▕▏  [39m  
  [34m  ▕▏  [34m  ▕▏  [34m  ▕▏  [31m██████[31m██████[31m██████[34m  ▕▏  [34m  ▕▏  [34m  ▕▏  [39m  
  [34m──██──[34m──██──[34m──██──[31m██████[31m██████[31m██████[34m──██──[34m──██──[34m──██──[39m  
  [34m  ▕▏  [34m  ▕▏  [34m  ▕▏  [31m██████[31m██████[31m██████[34m  ▕▏  [34m  ▕▏  [34m  ▕▏  [39m  
  [34m  ▕▏  [34m  ▕▏  [34m  ▕▏  [34m  ▕▏  [34m  ▕▏  [34m  ▕▏  [34m  ▕▏  [34m  ▕▏  [34m  ▕▏  [39m  
  [34m──██──[34m──██──[34m──██──[34m──██──[34m──██──[34m──██──[34m──██──[34m──██──[34m──██──[39m  
  [34m  ▕▏  [34m  ▕▏  [34m  ▕▏  [34m  ▕▏  [34m  ▕▏  [34m  ▕▏  [34m  ▕▏  [34m  ▕▏  [34m  ▕▏  [39m  
  [34m  ▕▏  [32m██████[34m  ▕▏  [34m  ▕▏  [32m██████[34m  ▕▏  [34m  ▕▏  [32m██████[34m  ▕▏  [39m  
  [34m──██──[32m██████[34m──██──[34m──██──[32m██████[34m──██──[34m──██──[32m██████[34m──██──[39m  
  [34m  ▕▏  [32m██████[34m  ▕▏  [34m  ▕▏  [32m██████[34m  ▕▏  [34m  ▕▏  [32m██████[34m  ▕▏  [39m  
  [34m  ▕▏  [34m  ▕▏  [34m  ▕▏  [34m  ▕▏  [34m  ▕▏  [34m  ▕▏  [34m  ▕▏  [34m  ▕▏  [34m  ▕▏  [39m  
  [34m──██──[34m──██──[34m──██──[34m──██──[34m──██──[34m──██──[34m──██──[34m──██──[34m──██──[39m  
  [34m  ▕▏  [34m  ▕▏  [34m  ▕▏  [34m  ▕▏  [34m  ▕▏  [34m  ▕▏  [34m  ▕▏  [34m  ▕▏  [34m  ▕▏  [39m  

AMR driver provided by CarpetX,
using AMReX 25.11 (MPI, OpenMP, no accelerators, optimized)
--------------------------------------------------------------------------------

Initializing AMReX (25.11)...
MPI initialized with 1 MPI processes
MPI initialized with thread support level 2
OMP initialized with 2 OMP threads
AMReX (25.11) initialized
INFO (CarpetX): 
Symmetries:
  lower x: periodic
  lower y: periodic
  lower z: periodic
  upper x: periodic
  upper y: periodic
  upper z: periodic
Default boundaries:
  lower x: symmetry_boundary
  lower y: symmetry_boundary
  lower z: symmetry_boundary
  upper x: symmetry_boundary
  upper y: symmetry_boundary
  upper z: symmetry_boundary
INFO (Arith): Test_smallvector
INFO (Arith): Test_spvect
INFO (CarpetX): Setting initial values for max_grid_size values for all levels
INFO (CarpetX): Setting up initial conditions...
INFO (CarpetX): Iteration: 0   time: 0   delta_time: 0.00390625
INFO (CarpetX): Patch 0:
INFO (CarpetX):   Grid extent:
INFO (CarpetX):     gsh=[71,15,15]
INFO (CarpetX):     blocking_factor=[8,8,8]
INFO (CarpetX):     max_grid_size=[10000000,10000000,10000000]
INFO (CarpetX):     max_tile_size=[1024000,16,32]
INFO (CarpetX):   Domain extent:
INFO (CarpetX):     xmin=[-0.5,-0.0625,-0.0625]
INFO (CarpetX):     xmax=[0.5,0.0625,0.0625]
INFO (CarpetX):     base dx=[0.015625,0.015625,0.015625]
INFO (CarpetX): Initializing level 0...
INFO (CanudaX_ExactID): Begin Gauge Wave initial data
INFO (CanudaX_ExactID): === End gauge wave initial data ===
INFO (CarpetX): Regridding...
INFO (CarpetX):   level 0: 1 boxes, 4096 cells (100%)
INFO (CarpetX): Initialized 1 levels
INFO (CarpetX): OutputGH: iteration 0, time 0.000000, run time 0 s
INFO (CarpetX): OutputGH done.
INFO (CarpetX): Starting evolution...
INFO (ODESolvers): ODE integrator is RK4
INFO (CarpetX): OutputGH: iteration 1, time 0.003906, run time 0 s
INFO (CarpetX): OutputGH done.
INFO (CarpetX): Simulation time: 0.00390625   Iterations per second: 19.4178   Simulation time per second: 0.0758508
INFO (CarpetX): Grid cells: 4096   Grid cell updates per second: 79535.3
INFO (CarpetX): Performance:
INFO (CarpetX):   total evolution time:            0.0514991 sec
INFO (CarpetX):   total evolution compute time:    0.0514741 sec
INFO (CarpetX):   total evolution output time:     2.5034e-05 sec
INFO (CarpetX):   total iterations:                1
INFO (CarpetX):   total cells updated:             4096
INFO (CarpetX):   average iterations per second: 19.4178
INFO (CarpetX):   average cell updates per second: 79535.3
INFO (CarpetX): OutputGH: iteration 2, time 0.007812, run time 0 s
INFO (CarpetX): OutputGH done.
INFO (CarpetX): Simulation time: 0.0078125   Iterations per second: 19.7168   Simulation time per second: 0.0770189
INFO (CarpetX): Grid cells: 4096   Grid cell updates per second: 80760.2
INFO (CarpetX): Performance:
INFO (CarpetX):   total evolution time:            0.101436 sec
INFO (CarpetX):   total evolution compute time:    0.101384 sec
INFO (CarpetX):   total evolution output time:     5.22137e-05 sec
INFO (CarpetX):   total iterations:                2
INFO (CarpetX):   total cells updated:             8192
INFO (CarpetX):   average iterations per second: 19.7168
INFO (CarpetX):   average cell updates per second: 80760.2
INFO (CarpetX): OutputGH: iteration 3, time 0.011719, run time 0 s
INFO (CarpetX): OutputGH done.
INFO (CarpetX): Simulation time: 0.0117188   Iterations per second: 19.899   Simulation time per second: 0.0777306
INFO (CarpetX): Grid cells: 4096   Grid cell updates per second: 81506.4
INFO (CarpetX): Performance:
INFO (CarpetX):   total evolution time:            0.150761 sec
INFO (CarpetX):   total evolution compute time:    0.150684 sec
INFO (CarpetX):   total evolution output time:     7.72476e-05 sec
INFO (CarpetX):   total iterations:                3
INFO (CarpetX):   total cells updated:             12288
INFO (CarpetX):   average iterations per second: 19.899
INFO (CarpetX):   average cell updates per second: 81506.4
INFO (CarpetX): OutputGH: iteration 4, time 0.015625, run time 0 s
INFO (CarpetX): OutputGH done.
INFO (CarpetX): Simulation time: 0.015625   Iterations per second: 19.9772   Simulation time per second: 0.078036
INFO (CarpetX): Grid cells: 4096   Grid cell updates per second: 81826.6
INFO (CarpetX): Performance:
INFO (CarpetX):   total evolution time:            0.200228 sec
INFO (CarpetX):   total evolution compute time:    0.200123 sec
INFO (CarpetX):   total evolution output time:     0.000105381 sec
INFO (CarpetX):   total iterations:                4
INFO (CarpetX):   total cells updated:             16384
INFO (CarpetX):   average iterations per second: 19.9772
INFO (CarpetX):   average cell updates per second: 81826.6
INFO (CarpetX): OutputGH: iteration 5, time 0.019531, run time 1 s
INFO (CarpetX): OutputGH done.
INFO (CarpetX): Simulation time: 0.0195312   Iterations per second: 20.0234   Simulation time per second: 0.0782163
INFO (CarpetX): Grid cells: 4096   Grid cell updates per second: 82015.7
INFO (CarpetX): Performance:
INFO (CarpetX):   total evolution time:            0.249708 sec
INFO (CarpetX):   total evolution compute time:    0.249576 sec
INFO (CarpetX):   total evolution output time:     0.000132322 sec
INFO (CarpetX):   total iterations:                5
INFO (CarpetX):   total cells updated:             20480
INFO (CarpetX):   average iterations per second: 20.0234
INFO (CarpetX):   average cell updates per second: 82015.7
INFO (CarpetX): OutputGH: iteration 6, time 0.023438, run time 1 s
INFO (CarpetX): OutputGH done.
INFO (CarpetX): Simulation time: 0.0234375   Iterations per second: 20.035   Simulation time per second: 0.0782616
INFO (CarpetX): Grid cells: 4096   Grid cell updates per second: 82063.2
INFO (CarpetX): Performance:
INFO (CarpetX):   total evolution time:            0.299476 sec
INFO (CarpetX):   total evolution compute time:    0.299315 sec
INFO (CarpetX):   total evolution output time:     0.000161409 sec
INFO (CarpetX):   total iterations:                6
INFO (CarpetX):   total cells updated:             24576
INFO (CarpetX):   average iterations per second: 20.035
INFO (CarpetX):   average cell updates per second: 82063.2
INFO (CarpetX): OutputGH: iteration 7, time 0.027344, run time 1 s
INFO (CarpetX): OutputGH done.
INFO (CarpetX): Simulation time: 0.0273438   Iterations per second: 20.0496   Simulation time per second: 0.0783187
INFO (CarpetX): Grid cells: 4096   Grid cell updates per second: 82123.1
INFO (CarpetX): Performance:
INFO (CarpetX):   total evolution time:            0.349134 sec
INFO (CarpetX):   total evolution compute time:    0.348946 sec
INFO (CarpetX):   total evolution output time:     0.000188351 sec
INFO (CarpetX):   total iterations:                7
INFO (CarpetX):   total cells updated:             28672
INFO (CarpetX):   average iterations per second: 20.0496
INFO (CarpetX):   average cell updates per second: 82123.1
INFO (CarpetX): OutputGH: iteration 8, time 0.031250, run time 1 s
INFO (CarpetX): OutputGH done.
INFO (CarpetX): Simulation time: 0.03125   Iterations per second: 20.0698   Simulation time per second: 0.0783978
INFO (CarpetX): Grid cells: 4096   Grid cell updates per second: 82206
INFO (CarpetX): Performance:
INFO (CarpetX):   total evolution time:            0.398608 sec
INFO (CarpetX):   total evolution compute time:    0.398395 sec
INFO (CarpetX):   total evolution output time:     0.000213385 sec
INFO (CarpetX):   total iterations:                8
INFO (CarpetX):   total cells updated:             32768
INFO (CarpetX):   average iterations per second: 20.0698
INFO (CarpetX):   average cell updates per second: 82206
INFO (CarpetX): OutputGH: iteration 9, time 0.035156, run time 1 s
INFO (CarpetX): OutputGH done.
INFO (CarpetX): Simulation time: 0.0351562   Iterations per second: 20.0603   Simulation time per second: 0.0783604
INFO (CarpetX): Grid cells: 4096   Grid cell updates per second: 82166.8
INFO (CarpetX): Performance:
INFO (CarpetX):   total evolution time:            0.448648 sec
INFO (CarpetX):   total evolution compute time:    0.448406 sec
INFO (CarpetX):   total evolution output time:     0.000242233 sec
INFO (CarpetX):   total iterations:                9
INFO (CarpetX):   total cells updated:             36864
INFO (CarpetX):   average iterations per second: 20.0603
INFO (CarpetX):   average cell updates per second: 82166.8
INFO (CarpetX): OutputGH: iteration 10, time 0.039062, run time 1 s
INFO (CarpetX): OutputGH done.
INFO (CarpetX): Simulation time: 0.0390625   Iterations per second: 20.0508   Simulation time per second: 0.0783234
INFO (CarpetX): Grid cells: 4096   Grid cell updates per second: 82128.1
INFO (CarpetX): Performance:
INFO (CarpetX):   total evolution time:            0.498733 sec
INFO (CarpetX):   total evolution compute time:    0.498465 sec
INFO (CarpetX):   total evolution output time:     0.000268221 sec
INFO (CarpetX):   total iterations:                10
INFO (CarpetX):   total cells updated:             40960
INFO (CarpetX):   average iterations per second: 20.0508
INFO (CarpetX):   average cell updates per second: 82128.1
INFO (CarpetX): OutputGH: iteration 11, time 0.042969, run time 1 s
INFO (CarpetX): OutputGH done.
INFO (CarpetX): Simulation time: 0.0429688   Iterations per second: 20.0443   Simulation time per second: 0.0782979
INFO (CarpetX): Grid cells: 4096   Grid cell updates per second: 82101.3
INFO (CarpetX): Performance:
INFO (CarpetX):   total evolution time:            0.548769 sec
INFO (CarpetX):   total evolution compute time:    0.548472 sec
INFO (CarpetX):   total evolution output time:     0.000297308 sec
INFO (CarpetX):   total iterations:                11
INFO (CarpetX):   total cells updated:             45056
INFO (CarpetX):   average iterations per second: 20.0449
INFO (CarpetX):   average cell updates per second: 82103.7
INFO (CarpetX): OutputGH: iteration 12, time 0.046875, run time 1 s
INFO (CarpetX): OutputGH done.
INFO (CarpetX): Simulation time: 0.046875   Iterations per second: 20.0827   Simulation time per second: 0.0784482
INFO (CarpetX): Grid cells: 4096   Grid cell updates per second: 82258.9
INFO (CarpetX): Performance:
INFO (CarpetX):   total evolution time:            0.597703 sec
INFO (CarpetX):   total evolution compute time:    0.597379 sec
INFO (CarpetX):   total evolution output time:     0.000324488 sec
INFO (CarpetX):   total iterations:                12
INFO (CarpetX):   total cells updated:             49152
INFO (CarpetX):   average iterations per second: 20.0769
INFO (CarpetX):   average cell updates per second: 82234.8
INFO (CarpetX): OutputGH: iteration 13, time 0.050781, run time 1 s
INFO (CarpetX): OutputGH done.
INFO (CarpetX): Simulation time: 0.0507812   Iterations per second: 20.1191   Simulation time per second: 0.0785904
INFO (CarpetX): Grid cells: 4096   Grid cell updates per second: 82408
INFO (CarpetX): Performance:
INFO (CarpetX):   total evolution time:            0.646596 sec
INFO (CarpetX):   total evolution compute time:    0.646246 sec
INFO (CarpetX):   total evolution output time:     0.000350475 sec
INFO (CarpetX):   total iterations:                13
INFO (CarpetX):   total cells updated:             53248
INFO (CarpetX):   average iterations per second: 20.1053
INFO (CarpetX):   average cell updates per second: 82351.2
INFO (CarpetX): OutputGH: iteration 14, time 0.054688, run time 1 s
INFO (CarpetX): OutputGH done.
INFO (CarpetX): Simulation time: 0.0546875   Iterations per second: 20.1449   Simulation time per second: 0.078691
INFO (CarpetX): Grid cells: 4096   Grid cell updates per second: 82513.5
INFO (CarpetX): Performance:
INFO (CarpetX):   total evolution time:            0.695664 sec
INFO (CarpetX):   total evolution compute time:    0.695288 sec
INFO (CarpetX):   total evolution output time:     0.000376463 sec
INFO (CarpetX):   total iterations:                14
INFO (CarpetX):   total cells updated:             57344
INFO (CarpetX):   average iterations per second: 20.1246
INFO (CarpetX):   average cell updates per second: 82430.6
INFO (CarpetX): OutputGH: iteration 15, time 0.058594, run time 1 s
INFO (CarpetX): OutputGH done.
INFO (CarpetX): Simulation time: 0.0585938   Iterations per second: 20.1441   Simulation time per second: 0.0786879
INFO (CarpetX): Grid cells: 4096   Grid cell updates per second: 82510.3
INFO (CarpetX): Performance:
INFO (CarpetX):   total evolution time:            0.745324 sec
INFO (CarpetX):   total evolution compute time:    0.74492 sec
INFO (CarpetX):   total evolution output time:     0.000404596 sec
INFO (CarpetX):   total iterations:                15
INFO (CarpetX):   total cells updated:             61440
INFO (CarpetX):   average iterations per second: 20.1255
INFO (CarpetX):   average cell updates per second: 82433.9
INFO (CarpetX): OutputGH: iteration 16, time 0.062500, run time 1 s
INFO (CarpetX): OutputGH done.
INFO (CarpetX): Simulation time: 0.0625   Iterations per second: 20.1367   Simulation time per second: 0.078659
INFO (CarpetX): Grid cells: 4096   Grid cell updates per second: 82479.9
INFO (CarpetX): Performance:
INFO (CarpetX):   total evolution time:            0.795149 sec
INFO (CarpetX):   total evolution compute time:    0.794718 sec
INFO (CarpetX):   total evolution output time:     0.000431538 sec
INFO (CarpetX):   total iterations:                16
INFO (CarpetX):   total cells updated:             65536
INFO (CarpetX):   average iterations per second: 20.122
INFO (CarpetX):   average cell updates per second: 82419.7
INFO (CarpetX): OutputGH: iteration 17, time 0.066406, run time 1 s
INFO (CarpetX): OutputGH done.
INFO (CarpetX): Simulation time: 0.0664062   Iterations per second: 20.1195   Simulation time per second: 0.0785917
INFO (CarpetX): Grid cells: 4096   Grid cell updates per second: 82409.3
INFO (CarpetX): Performance:
INFO (CarpetX):   total evolution time:            0.845235 sec
INFO (CarpetX):   total evolution compute time:    0.844777 sec
INFO (CarpetX):   total evolution output time:     0.000458479 sec
INFO (CarpetX):   total iterations:                17
INFO (CarpetX):   total cells updated:             69632
INFO (CarpetX):   average iterations per second: 20.1127
INFO (CarpetX):   average cell updates per second: 82381.8
INFO (CarpetX): OutputGH: iteration 18, time 0.070312, run time 1 s
INFO (CarpetX): OutputGH done.
INFO (CarpetX): Simulation time: 0.0703125   Iterations per second: 20.1079   Simulation time per second: 0.0785467
INFO (CarpetX): Grid cells: 4096   Grid cell updates per second: 82362.1
INFO (CarpetX): Performance:
INFO (CarpetX):   total evolution time:            0.895223 sec
INFO (CarpetX):   total evolution compute time:    0.894735 sec
INFO (CarpetX):   total evolution output time:     0.00048852 sec
INFO (CarpetX):   total iterations:                18
INFO (CarpetX):   total cells updated:             73728
INFO (CarpetX):   average iterations per second: 20.1067
INFO (CarpetX):   average cell updates per second: 82357.1
INFO (CarpetX): OutputGH: iteration 19, time 0.074219, run time 1 s
INFO (CarpetX): OutputGH done.
INFO (CarpetX): Simulation time: 0.0742188   Iterations per second: 20.0613   Simulation time per second: 0.0783644
INFO (CarpetX): Grid cells: 4096   Grid cell updates per second: 82171.1
INFO (CarpetX): Performance:
INFO (CarpetX):   total evolution time:            0.946111 sec
INFO (CarpetX):   total evolution compute time:    0.945592 sec
INFO (CarpetX):   total evolution output time:     0.000519514 sec
INFO (CarpetX):   total iterations:                19
INFO (CarpetX):   total cells updated:             77824
INFO (CarpetX):   average iterations per second: 20.0822
INFO (CarpetX):   average cell updates per second: 82256.7
INFO (CarpetX): OutputGH: iteration 20, time 0.078125, run time 1 s
INFO (CarpetX): OutputGH done.
INFO (CarpetX): Simulation time: 0.078125   Iterations per second: 20.0469   Simulation time per second: 0.0783082
INFO (CarpetX): Grid cells: 4096   Grid cell updates per second: 82112.1
INFO (CarpetX): Performance:
INFO (CarpetX):   total evolution time:            0.996316 sec
INFO (CarpetX):   total evolution compute time:    0.995769 sec
INFO (CarpetX):   total evolution output time:     0.000547409 sec
INFO (CarpetX):   total iterations:                20
INFO (CarpetX):   total cells updated:             81920
INFO (CarpetX):   average iterations per second: 20.0739
INFO (CarpetX):   average cell updates per second: 82222.9
INFO (CarpetX): OutputGH: iteration 21, time 0.082031, run time 1 s
INFO (CarpetX): OutputGH done.
INFO (CarpetX): Simulation time: 0.0820312   Iterations per second: 20.0177   Simulation time per second: 0.0781941
INFO (CarpetX): Grid cells: 4096   Grid cell updates per second: 81992.5
INFO (CarpetX): Performance:
INFO (CarpetX):   total evolution time:            1.04693 sec
INFO (CarpetX):   total evolution compute time:    1.04635 sec
INFO (CarpetX):   total evolution output time:     0.000573397 sec
INFO (CarpetX):   total iterations:                21
INFO (CarpetX):   total cells updated:             86016
INFO (CarpetX):   average iterations per second: 20.0587
INFO (CarpetX):   average cell updates per second: 82160.4
INFO (CarpetX): OutputGH: iteration 22, time 0.085938, run time 1 s
INFO (CarpetX): OutputGH done.
INFO (CarpetX): Simulation time: 0.0859375   Iterations per second: 19.9947   Simulation time per second: 0.0781041
INFO (CarpetX): Grid cells: 4096   Grid cell updates per second: 81898.1
INFO (CarpetX): Performance:
INFO (CarpetX):   total evolution time:            1.09746 sec
INFO (CarpetX):   total evolution compute time:    1.09686 sec
INFO (CarpetX):   total evolution output time:     0.00060153 sec
INFO (CarpetX):   total iterations:                22
INFO (CarpetX):   total cells updated:             90112
INFO (CarpetX):   average iterations per second: 20.0463
INFO (CarpetX):   average cell updates per second: 82109.7
INFO (CarpetX): OutputGH: iteration 23, time 0.089844, run time 1 s
INFO (CarpetX): OutputGH done.
INFO (CarpetX): Simulation time: 0.0898438   Iterations per second: 19.9882   Simulation time per second: 0.0780791
INFO (CarpetX): Grid cells: 4096   Grid cell updates per second: 81871.8
INFO (CarpetX): Performance:
INFO (CarpetX):   total evolution time:            1.14763 sec
INFO (CarpetX):   total evolution compute time:    1.147 sec
INFO (CarpetX):   total evolution output time:     0.000627518 sec
INFO (CarpetX):   total iterations:                23
INFO (CarpetX):   total cells updated:             94208
INFO (CarpetX):   average iterations per second: 20.0413
INFO (CarpetX):   average cell updates per second: 82089
INFO (CarpetX): OutputGH: iteration 24, time 0.093750, run time 1 s
INFO (CarpetX): OutputGH done.
INFO (CarpetX): Simulation time: 0.09375   Iterations per second: 19.9805   Simulation time per second: 0.0780489
INFO (CarpetX): Grid cells: 4096   Grid cell updates per second: 81840.2
INFO (CarpetX): Performance:
INFO (CarpetX):   total evolution time:            1.19786 sec
INFO (CarpetX):   total evolution compute time:    1.19719 sec
INFO (CarpetX):   total evolution output time:     0.000660658 sec
INFO (CarpetX):   total iterations:                24
INFO (CarpetX):   total cells updated:             98304
INFO (CarpetX):   average iterations per second: 20.0358
INFO (CarpetX):   average cell updates per second: 82066.7
INFO (CarpetX): OutputGH: iteration 25, time 0.097656, run time 2 s
INFO (CarpetX): OutputGH done.
INFO (CarpetX): Simulation time: 0.0976562   Iterations per second: 19.9674   Simulation time per second: 0.0779977
INFO (CarpetX): Grid cells: 4096   Grid cell updates per second: 81786.5
INFO (CarpetX): Performance:
INFO (CarpetX):   total evolution time:            1.24823 sec
INFO (CarpetX):   total evolution compute time:    1.24754 sec
INFO (CarpetX):   total evolution output time:     0.000689507 sec
INFO (CarpetX):   total iterations:                25
INFO (CarpetX):   total cells updated:             102400
INFO (CarpetX):   average iterations per second: 20.0283
INFO (CarpetX):   average cell updates per second: 82036
INFO (CarpetX): OutputGH: iteration 26, time 0.101562, run time 2 s
INFO (CarpetX): OutputGH done.
INFO (CarpetX): Simulation time: 0.101562   Iterations per second: 19.9518   Simulation time per second: 0.0779367
INFO (CarpetX): Grid cells: 4096   Grid cell updates per second: 81722.6
INFO (CarpetX): Performance:
INFO (CarpetX):   total evolution time:            1.29871 sec
INFO (CarpetX):   total evolution compute time:    1.29799 sec
INFO (CarpetX):   total evolution output time:     0.000716686 sec
INFO (CarpetX):   total iterations:                26
INFO (CarpetX):   total cells updated:             106496
INFO (CarpetX):   average iterations per second: 20.0199
INFO (CarpetX):   average cell updates per second: 82001.6
INFO (CarpetX): OutputGH: iteration 27, time 0.105469, run time 2 s
INFO (CarpetX): OutputGH done.
INFO (CarpetX): Simulation time: 0.105469   Iterations per second: 19.9368   Simulation time per second: 0.0778783
INFO (CarpetX): Grid cells: 4096   Grid cell updates per second: 81661.3
INFO (CarpetX): Performance:
INFO (CarpetX):   total evolution time:            1.3492 sec
INFO (CarpetX):   total evolution compute time:    1.34846 sec
INFO (CarpetX):   total evolution output time:     0.000744581 sec
INFO (CarpetX):   total iterations:                27
INFO (CarpetX):   total cells updated:             110592
INFO (CarpetX):   average iterations per second: 20.0118
INFO (CarpetX):   average cell updates per second: 81968.4
INFO (CarpetX): OutputGH: iteration 28, time 0.109375, run time 2 s
INFO (CarpetX): OutputGH done.
INFO (CarpetX): Simulation time: 0.109375   Iterations per second: 19.9308   Simulation time per second: 0.0778546
INFO (CarpetX): Grid cells: 4096   Grid cell updates per second: 81636.5
INFO (CarpetX): Performance:
INFO (CarpetX):   total evolution time:            1.39951 sec
INFO (CarpetX):   total evolution compute time:    1.39874 sec
INFO (CarpetX):   total evolution output time:     0.000772715 sec
INFO (CarpetX):   total iterations:                28
INFO (CarpetX):   total cells updated:             114688
INFO (CarpetX):   average iterations per second: 20.0069
INFO (CarpetX):   average cell updates per second: 81948.5
INFO (CarpetX): OutputGH: iteration 29, time 0.113281, run time 2 s
INFO (CarpetX): OutputGH done.
INFO (CarpetX): Simulation time: 0.113281   Iterations per second: 19.9158   Simulation time per second: 0.0777963
INFO (CarpetX): Grid cells: 4096   Grid cell updates per second: 81575.3
INFO (CarpetX): Performance:
INFO (CarpetX):   total evolution time:            1.45006 sec
INFO (CarpetX):   total evolution compute time:    1.44926 sec
INFO (CarpetX):   total evolution output time:     0.000801802 sec
INFO (CarpetX):   total iterations:                29
INFO (CarpetX):   total cells updated:             118784
INFO (CarpetX):   average iterations per second: 19.9991
INFO (CarpetX):   average cell updates per second: 81916.4
INFO (CarpetX): OutputGH: iteration 30, time 0.117188, run time 2 s
INFO (CarpetX): OutputGH done.
INFO (CarpetX): Simulation time: 0.117188   Iterations per second: 19.8957   Simulation time per second: 0.0777177
INFO (CarpetX): Grid cells: 4096   Grid cell updates per second: 81492.9
INFO (CarpetX): Performance:
INFO (CarpetX):   total evolution time:            1.50078 sec
INFO (CarpetX):   total evolution compute time:    1.49995 sec
INFO (CarpetX):   total evolution output time:     0.000831842 sec
INFO (CarpetX):   total iterations:                30
INFO (CarpetX):   total cells updated:             122880
INFO (CarpetX):   average iterations per second: 19.9896
INFO (CarpetX):   average cell updates per second: 81877.3
INFO (CarpetX): OutputGH: iteration 31, time 0.121094, run time 2 s
INFO (CarpetX): OutputGH done.
INFO (CarpetX): Simulation time: 0.121094   Iterations per second: 19.8454   Simulation time per second: 0.0775211
INFO (CarpetX): Grid cells: 4096   Grid cell updates per second: 81286.7
INFO (CarpetX): Performance:
INFO (CarpetX):   total evolution time:            1.55232 sec
INFO (CarpetX):   total evolution compute time:    1.55146 sec
INFO (CarpetX):   total evolution output time:     0.000860691 sec
INFO (CarpetX):   total iterations:                31
INFO (CarpetX):   total cells updated:             126976
INFO (CarpetX):   average iterations per second: 19.9701
INFO (CarpetX):   average cell updates per second: 81797.6
INFO (CarpetX): OutputGH: iteration 32, time 0.125000, run time 2 s
INFO (CarpetX): OutputGH done.
INFO (CarpetX): Simulation time: 0.125   Iterations per second: 19.8557   Simulation time per second: 0.0775612
INFO (CarpetX): Grid cells: 4096   Grid cell updates per second: 81328.8
INFO (CarpetX): Performance:
INFO (CarpetX):   total evolution time:            1.60245 sec
INFO (CarpetX):   total evolution compute time:    1.60156 sec
INFO (CarpetX):   total evolution output time:     0.00088954 sec
INFO (CarpetX):   total iterations:                32
INFO (CarpetX):   total cells updated:             131072
INFO (CarpetX):   average iterations per second: 19.9694
INFO (CarpetX):   average cell updates per second: 81794.8
INFO (CarpetX): OutputGH: iteration 33, time 0.128906, run time 2 s
INFO (CarpetX): OutputGH done.
INFO (CarpetX): Simulation time: 0.128906   Iterations per second: 19.8489   Simulation time per second: 0.0775348
INFO (CarpetX): Grid cells: 4096   Grid cell updates per second: 81301.1
INFO (CarpetX): Performance:
INFO (CarpetX):   total evolution time:            1.65298 sec
INFO (CarpetX):   total evolution compute time:    1.65207 sec
INFO (CarpetX):   total evolution output time:     0.000916481 sec
INFO (CarpetX):   total iterations:                33
INFO (CarpetX):   total cells updated:             135168
INFO (CarpetX):   average iterations per second: 19.9639
INFO (CarpetX):   average cell updates per second: 81772.1
INFO (CarpetX): OutputGH: iteration 34, time 0.132812, run time 2 s
INFO (CarpetX): OutputGH done.
INFO (CarpetX): Simulation time: 0.132812   Iterations per second: 19.8459   Simulation time per second: 0.0775232
INFO (CarpetX): Grid cells: 4096   Grid cell updates per second: 81288.9
INFO (CarpetX): Performance:
INFO (CarpetX):   total evolution time:            1.70344 sec
INFO (CarpetX):   total evolution compute time:    1.7025 sec
INFO (CarpetX):   total evolution output time:     0.000943422 sec
INFO (CarpetX):   total iterations:                34
INFO (CarpetX):   total cells updated:             139264
INFO (CarpetX):   average iterations per second: 19.9596
INFO (CarpetX):   average cell updates per second: 81754.6
INFO (CarpetX): OutputGH: iteration 35, time 0.136719, run time 2 s
INFO (CarpetX): OutputGH done.
INFO (CarpetX): Simulation time: 0.136719   Iterations per second: 19.8476   Simulation time per second: 0.0775297
INFO (CarpetX): Grid cells: 4096   Grid cell updates per second: 81295.7
INFO (CarpetX): Performance:
INFO (CarpetX):   total evolution time:            1.75379 sec
INFO (CarpetX):   total evolution compute time:    1.75281 sec
INFO (CarpetX):   total evolution output time:     0.000972271 sec
INFO (CarpetX):   total iterations:                35
INFO (CarpetX):   total cells updated:             143360
INFO (CarpetX):   average iterations per second: 19.9568
INFO (CarpetX):   average cell updates per second: 81743.2
INFO (CarpetX): OutputGH: iteration 36, time 0.140625, run time 2 s
INFO (CarpetX): OutputGH done.
INFO (CarpetX): Simulation time: 0.140625   Iterations per second: 19.837   Simulation time per second: 0.0774881
INFO (CarpetX): Grid cells: 4096   Grid cell updates per second: 81252.2
INFO (CarpetX): Performance:
INFO (CarpetX):   total evolution time:            1.80444 sec
INFO (CarpetX):   total evolution compute time:    1.80344 sec
INFO (CarpetX):   total evolution output time:     0.00100017 sec
INFO (CarpetX):   total iterations:                36
INFO (CarpetX):   total cells updated:             147456
INFO (CarpetX):   average iterations per second: 19.9508
INFO (CarpetX):   average cell updates per second: 81718.5
INFO (CarpetX): OutputGH: iteration 37, time 0.144531, run time 2 s
INFO (CarpetX): OutputGH done.
INFO (CarpetX): Simulation time: 0.144531   Iterations per second: 19.8453   Simulation time per second: 0.0775209
INFO (CarpetX): Grid cells: 4096   Grid cell updates per second: 81286.5
INFO (CarpetX): Performance:
INFO (CarpetX):   total evolution time:            1.85464 sec
INFO (CarpetX):   total evolution compute time:    1.85361 sec
INFO (CarpetX):   total evolution output time:     0.00103116 sec
INFO (CarpetX):   total iterations:                37
INFO (CarpetX):   total cells updated:             151552
INFO (CarpetX):   average iterations per second: 19.95
INFO (CarpetX):   average cell updates per second: 81715.2
INFO (CarpetX): OutputGH: iteration 38, time 0.148438, run time 2 s
INFO (CarpetX): OutputGH done.
INFO (CarpetX): Simulation time: 0.148438   Iterations per second: 19.8676   Simulation time per second: 0.077608
INFO (CarpetX): Grid cells: 4096   Grid cell updates per second: 81377.9
INFO (CarpetX): Performance:
INFO (CarpetX):   total evolution time:            1.90446 sec
INFO (CarpetX):   total evolution compute time:    1.9034 sec
INFO (CarpetX):   total evolution output time:     0.00105929 sec
INFO (CarpetX):   total iterations:                38
INFO (CarpetX):   total cells updated:             155648
INFO (CarpetX):   average iterations per second: 19.9531
INFO (CarpetX):   average cell updates per second: 81728.1
INFO (CarpetX): OutputGH: iteration 39, time 0.152344, run time 2 s
INFO (CarpetX): OutputGH done.
INFO (CarpetX): Simulation time: 0.152344   Iterations per second: 19.8412   Simulation time per second: 0.0775047
INFO (CarpetX): Grid cells: 4096   Grid cell updates per second: 81269.6
INFO (CarpetX): Performance:
INFO (CarpetX):   total evolution time:            1.95547 sec
INFO (CarpetX):   total evolution compute time:    1.95438 sec
INFO (CarpetX):   total evolution output time:     0.00108624 sec
INFO (CarpetX):   total iterations:                39
INFO (CarpetX):   total cells updated:             159744
INFO (CarpetX):   average iterations per second: 19.9441
INFO (CarpetX):   average cell updates per second: 81691
INFO (CarpetX): OutputGH: iteration 40, time 0.156250, run time 2 s
INFO (CarpetX): OutputGH done.
INFO (CarpetX): Simulation time: 0.15625   Iterations per second: 19.787   Simulation time per second: 0.0772929
INFO (CarpetX): Grid cells: 4096   Grid cell updates per second: 81047.5
INFO (CarpetX): Performance:
INFO (CarpetX):   total evolution time:            2.00725 sec
INFO (CarpetX):   total evolution compute time:    2.00613 sec
INFO (CarpetX):   total evolution output time:     0.00111723 sec
INFO (CarpetX):   total iterations:                40
INFO (CarpetX):   total cells updated:             163840
INFO (CarpetX):   average iterations per second: 19.9278
INFO (CarpetX):   average cell updates per second: 81624.3
INFO (CarpetX): OutputGH: iteration 41, time 0.160156, run time 2 s
INFO (CarpetX): OutputGH done.
INFO (CarpetX): Simulation time: 0.160156   Iterations per second: 19.8152   Simulation time per second: 0.077403
INFO (CarpetX): Grid cells: 4096   Grid cell updates per second: 81162.9
INFO (CarpetX): Performance:
INFO (CarpetX):   total evolution time:            2.05707 sec
INFO (CarpetX):   total evolution compute time:    2.05592 sec
INFO (CarpetX):   total evolution output time:     0.00114512 sec
INFO (CarpetX):   total iterations:                41
INFO (CarpetX):   total cells updated:             167936
INFO (CarpetX):   average iterations per second: 19.9313
INFO (CarpetX):   average cell updates per second: 81638.6
INFO (CarpetX): OutputGH: iteration 42, time 0.164062, run time 2 s
INFO (CarpetX): OutputGH done.
INFO (CarpetX): Simulation time: 0.164062   Iterations per second: 19.8335   Simulation time per second: 0.0774747
INFO (CarpetX): Grid cells: 4096   Grid cell updates per second: 81238.1
INFO (CarpetX): Performance:
INFO (CarpetX):   total evolution time:            2.10707 sec
INFO (CarpetX):   total evolution compute time:    2.10589 sec
INFO (CarpetX):   total evolution output time:     0.00117326 sec
INFO (CarpetX):   total iterations:                42
INFO (CarpetX):   total cells updated:             172032
INFO (CarpetX):   average iterations per second: 19.9329
INFO (CarpetX):   average cell updates per second: 81645.3
INFO (CarpetX): OutputGH: iteration 43, time 0.167969, run time 2 s
INFO (CarpetX): OutputGH done.
INFO (CarpetX): Simulation time: 0.167969   Iterations per second: 19.8558   Simulation time per second: 0.0775617
INFO (CarpetX): Grid cells: 4096   Grid cell updates per second: 81329.4
INFO (CarpetX): Performance:
INFO (CarpetX):   total evolution time:            2.15692 sec
INFO (CarpetX):   total evolution compute time:    2.15572 sec
INFO (CarpetX):   total evolution output time:     0.00119829 sec
INFO (CarpetX):   total iterations:                43
INFO (CarpetX):   total cells updated:             176128
INFO (CarpetX):   average iterations per second: 19.9358
INFO (CarpetX):   average cell updates per second: 81657.2
INFO (CarpetX): OutputGH: iteration 44, time 0.171875, run time 2 s
INFO (CarpetX): OutputGH done.
INFO (CarpetX): Simulation time: 0.171875   Iterations per second: 19.8373   Simulation time per second: 0.0774893
INFO (CarpetX): Grid cells: 4096   Grid cell updates per second: 81253.4
INFO (CarpetX): Performance:
INFO (CarpetX):   total evolution time:            2.20775 sec
INFO (CarpetX):   total evolution compute time:    2.20653 sec
INFO (CarpetX):   total evolution output time:     0.00122619 sec
INFO (CarpetX):   total iterations:                44
INFO (CarpetX):   total cells updated:             180224
INFO (CarpetX):   average iterations per second: 19.9298
INFO (CarpetX):   average cell updates per second: 81632.3
INFO (CarpetX): OutputGH: iteration 45, time 0.175781, run time 3 s
INFO (CarpetX): OutputGH done.
INFO (CarpetX): Simulation time: 0.175781   Iterations per second: 19.8451   Simulation time per second: 0.0775199
INFO (CarpetX): Grid cells: 4096   Grid cell updates per second: 81285.5
INFO (CarpetX): Performance:
INFO (CarpetX):   total evolution time:            2.25796 sec
INFO (CarpetX):   total evolution compute time:    2.25671 sec
INFO (CarpetX):   total evolution output time:     0.00125527 sec
INFO (CarpetX):   total iterations:                45
INFO (CarpetX):   total cells updated:             184320
INFO (CarpetX):   average iterations per second: 19.9295
INFO (CarpetX):   average cell updates per second: 81631
INFO (CarpetX): OutputGH: iteration 46, time 0.179688, run time 3 s
INFO (CarpetX): OutputGH done.
INFO (CarpetX): Simulation time: 0.179688   Iterations per second: 19.8483   Simulation time per second: 0.0775324
INFO (CarpetX): Grid cells: 4096   Grid cell updates per second: 81298.6
INFO (CarpetX): Performance:
INFO (CarpetX):   total evolution time:            2.30827 sec
INFO (CarpetX):   total evolution compute time:    2.30699 sec
INFO (CarpetX):   total evolution output time:     0.00128412 sec
INFO (CarpetX):   total iterations:                46
INFO (CarpetX):   total cells updated:             188416
INFO (CarpetX):   average iterations per second: 19.9283
INFO (CarpetX):   average cell updates per second: 81626.4
INFO (CarpetX): OutputGH: iteration 47, time 0.183594, run time 3 s
INFO (CarpetX): OutputGH done.
INFO (CarpetX): Simulation time: 0.183594   Iterations per second: 19.8378   Simulation time per second: 0.0774915
INFO (CarpetX): Grid cells: 4096   Grid cell updates per second: 81255.7
INFO (CarpetX): Performance:
INFO (CarpetX):   total evolution time:            2.35892 sec
INFO (CarpetX):   total evolution compute time:    2.35761 sec
INFO (CarpetX):   total evolution output time:     0.00131202 sec
INFO (CarpetX):   total iterations:                47
INFO (CarpetX):   total cells updated:             192512
INFO (CarpetX):   average iterations per second: 19.9244
INFO (CarpetX):   average cell updates per second: 81610.2
INFO (CarpetX): OutputGH: iteration 48, time 0.187500, run time 3 s
INFO (CarpetX): OutputGH done.
INFO (CarpetX): Simulation time: 0.1875   Iterations per second: 19.8439   Simulation time per second: 0.0775153
INFO (CarpetX): Grid cells: 4096   Grid cell updates per second: 81280.7
INFO (CarpetX): Performance:
INFO (CarpetX):   total evolution time:            2.40918 sec
INFO (CarpetX):   total evolution compute time:    2.40783 sec
INFO (CarpetX):   total evolution output time:     0.00134206 sec
INFO (CarpetX):   total iterations:                48
INFO (CarpetX):   total cells updated:             196608
INFO (CarpetX):   average iterations per second: 19.9238
INFO (CarpetX):   average cell updates per second: 81608
INFO (CarpetX): OutputGH: iteration 49, time 0.191406, run time 3 s
INFO (CarpetX): OutputGH done.
INFO (CarpetX): Simulation time: 0.191406   Iterations per second: 19.8508   Simulation time per second: 0.0775423
INFO (CarpetX): Grid cells: 4096   Grid cell updates per second: 81308.9
INFO (CarpetX): Performance:
INFO (CarpetX):   total evolution time:            2.45939 sec
INFO (CarpetX):   total evolution compute time:    2.45802 sec
INFO (CarpetX):   total evolution output time:     0.001369 sec
INFO (CarpetX):   total iterations:                49
INFO (CarpetX):   total cells updated:             200704
INFO (CarpetX):   average iterations per second: 19.9236
INFO (CarpetX):   average cell updates per second: 81607.1
INFO (CarpetX): OutputGH: iteration 50, time 0.195312, run time 3 s
INFO (CarpetX): OutputGH done.
INFO (CarpetX): Simulation time: 0.195312   Iterations per second: 19.8394   Simulation time per second: 0.0774978
INFO (CarpetX): Grid cells: 4096   Grid cell updates per second: 81262.3
INFO (CarpetX): Performance:
INFO (CarpetX):   total evolution time:            2.51006 sec
INFO (CarpetX):   total evolution compute time:    2.50866 sec
INFO (CarpetX):   total evolution output time:     0.00139809 sec
INFO (CarpetX):   total iterations:                50
INFO (CarpetX):   total cells updated:             204800
INFO (CarpetX):   average iterations per second: 19.9199
INFO (CarpetX):   average cell updates per second: 81591.7
INFO (CarpetX): OutputGH: iteration 51, time 0.199219, run time 3 s
INFO (CarpetX): OutputGH done.
INFO (CarpetX): Simulation time: 0.199219   Iterations per second: 19.7795   Simulation time per second: 0.0772635
INFO (CarpetX): Grid cells: 4096   Grid cell updates per second: 81016.6
INFO (CarpetX): Performance:
INFO (CarpetX):   total evolution time:            2.56199 sec
INFO (CarpetX):   total evolution compute time:    2.56057 sec
INFO (CarpetX):   total evolution output time:     0.00142503 sec
INFO (CarpetX):   total iterations:                51
INFO (CarpetX):   total cells updated:             208896
INFO (CarpetX):   average iterations per second: 19.9064
INFO (CarpetX):   average cell updates per second: 81536.6
INFO (CarpetX): OutputGH: iteration 52, time 0.203125, run time 3 s
INFO (CarpetX): OutputGH done.
INFO (CarpetX): Simulation time: 0.203125   Iterations per second: 19.7898   Simulation time per second: 0.0773039
INFO (CarpetX): Grid cells: 4096   Grid cell updates per second: 81059.1
INFO (CarpetX): Performance:
INFO (CarpetX):   total evolution time:            2.61228 sec
INFO (CarpetX):   total evolution compute time:    2.61083 sec
INFO (CarpetX):   total evolution output time:     0.00145102 sec
INFO (CarpetX):   total iterations:                52
INFO (CarpetX):   total cells updated:             212992
INFO (CarpetX):   average iterations per second: 19.9059
INFO (CarpetX):   average cell updates per second: 81534.8
INFO (CarpetX): OutputGH: iteration 53, time 0.207031, run time 3 s
INFO (CarpetX): OutputGH done.
INFO (CarpetX): Simulation time: 0.207031   Iterations per second: 19.7919   Simulation time per second: 0.0773122
INFO (CarpetX): Grid cells: 4096   Grid cell updates per second: 81067.7
INFO (CarpetX): Performance:
INFO (CarpetX):   total evolution time:            2.66276 sec
INFO (CarpetX):   total evolution compute time:    2.66128 sec
INFO (CarpetX):   total evolution output time:     0.00148106 sec
INFO (CarpetX):   total iterations:                53
INFO (CarpetX):   total cells updated:             217088
INFO (CarpetX):   average iterations per second: 19.9041
INFO (CarpetX):   average cell updates per second: 81527.4
INFO (CarpetX): OutputGH: iteration 54, time 0.210938, run time 3 s
INFO (CarpetX): OutputGH done.
INFO (CarpetX): Simulation time: 0.210938   Iterations per second: 19.8036   Simulation time per second: 0.0773576
INFO (CarpetX): Grid cells: 4096   Grid cell updates per second: 81115.3
INFO (CarpetX): Performance:
INFO (CarpetX):   total evolution time:            2.71299 sec
INFO (CarpetX):   total evolution compute time:    2.71148 sec
INFO (CarpetX):   total evolution output time:     0.0015111 sec
INFO (CarpetX):   total iterations:                54
INFO (CarpetX):   total cells updated:             221184
INFO (CarpetX):   average iterations per second: 19.9042
INFO (CarpetX):   average cell updates per second: 81527.7
INFO (CarpetX): OutputGH: iteration 55, time 0.214844, run time 3 s
INFO (CarpetX): OutputGH done.
INFO (CarpetX): Simulation time: 0.214844   Iterations per second: 19.81   Simulation time per second: 0.0773829
INFO (CarpetX): Grid cells: 4096   Grid cell updates per second: 81141.9
INFO (CarpetX): Performance:
INFO (CarpetX):   total evolution time:            2.76332 sec
INFO (CarpetX):   total evolution compute time:    2.76178 sec
INFO (CarpetX):   total evolution output time:     0.00153995 sec
INFO (CarpetX):   total iterations:                55
INFO (CarpetX):   total cells updated:             225280
INFO (CarpetX):   average iterations per second: 19.9036
INFO (CarpetX):   average cell updates per second: 81525.1
INFO (CarpetX): OutputGH: iteration 56, time 0.218750, run time 3 s
INFO (CarpetX): OutputGH done.
INFO (CarpetX): Simulation time: 0.21875   Iterations per second: 19.8203   Simulation time per second: 0.0774229
INFO (CarpetX): Grid cells: 4096   Grid cell updates per second: 81183.8
INFO (CarpetX): Performance:
INFO (CarpetX):   total evolution time:            2.81354 sec
INFO (CarpetX):   total evolution compute time:    2.81197 sec
INFO (CarpetX):   total evolution output time:     0.00156808 sec
INFO (CarpetX):   total iterations:                56
INFO (CarpetX):   total cells updated:             229376
INFO (CarpetX):   average iterations per second: 19.9037
INFO (CarpetX):   average cell updates per second: 81525.8
INFO (CarpetX): OutputGH: iteration 57, time 0.222656, run time 3 s
INFO (CarpetX): OutputGH done.
INFO (CarpetX): Simulation time: 0.222656   Iterations per second: 19.8462   Simulation time per second: 0.0775242
INFO (CarpetX): Grid cells: 4096   Grid cell updates per second: 81290
INFO (CarpetX): Performance:
INFO (CarpetX):   total evolution time:            2.86333 sec
INFO (CarpetX):   total evolution compute time:    2.86174 sec
INFO (CarpetX):   total evolution output time:     0.00159407 sec
INFO (CarpetX):   total iterations:                57
INFO (CarpetX):   total cells updated:             233472
INFO (CarpetX):   average iterations per second: 19.9069
INFO (CarpetX):   average cell updates per second: 81538.5
INFO (CarpetX): OutputGH: iteration 58, time 0.226562, run time 3 s
INFO (CarpetX): OutputGH done.
INFO (CarpetX): Simulation time: 0.226562   Iterations per second: 19.8625   Simulation time per second: 0.077588
INFO (CarpetX): Grid cells: 4096   Grid cell updates per second: 81356.9
INFO (CarpetX): Performance:
INFO (CarpetX):   total evolution time:            2.91331 sec
INFO (CarpetX):   total evolution compute time:    2.91169 sec
INFO (CarpetX):   total evolution output time:     0.00162101 sec
INFO (CarpetX):   total iterations:                58
INFO (CarpetX):   total cells updated:             237568
INFO (CarpetX):   average iterations per second: 19.9086
INFO (CarpetX):   average cell updates per second: 81545.8
INFO (CarpetX): OutputGH: iteration 59, time 0.230469, run time 3 s
INFO (CarpetX): OutputGH done.
INFO (CarpetX): Simulation time: 0.230469   Iterations per second: 19.8752   Simulation time per second: 0.0776377
INFO (CarpetX): Grid cells: 4096   Grid cell updates per second: 81409
INFO (CarpetX): Performance:
INFO (CarpetX):   total evolution time:            2.96333 sec
INFO (CarpetX):   total evolution compute time:    2.96168 sec
INFO (CarpetX):   total evolution output time:     0.0016489 sec
INFO (CarpetX):   total iterations:                59
INFO (CarpetX):   total cells updated:             241664
INFO (CarpetX):   average iterations per second: 19.91
INFO (CarpetX):   average cell updates per second: 81551.5
INFO (CarpetX): OutputGH: iteration 60, time 0.234375, run time 3 s
INFO (CarpetX): OutputGH done.
INFO (CarpetX): Simulation time: 0.234375   Iterations per second: 19.791   Simulation time per second: 0.0773087
INFO (CarpetX): Grid cells: 4096   Grid cell updates per second: 81064
INFO (CarpetX): Performance:
INFO (CarpetX):   total evolution time:            3.01579 sec
INFO (CarpetX):   total evolution compute time:    3.01411 sec
INFO (CarpetX):   total evolution output time:     0.00167608 sec
INFO (CarpetX):   total iterations:                60
INFO (CarpetX):   total cells updated:             245760
INFO (CarpetX):   average iterations per second: 19.8953
INFO (CarpetX):   average cell updates per second: 81491.2
INFO (CarpetX): OutputGH: iteration 61, time 0.238281, run time 3 s
INFO (CarpetX): OutputGH done.
INFO (CarpetX): Simulation time: 0.238281   Iterations per second: 19.8201   Simulation time per second: 0.0774222
INFO (CarpetX): Grid cells: 4096   Grid cell updates per second: 81183.1
INFO (CarpetX): Performance:
INFO (CarpetX):   total evolution time:            3.06557 sec
INFO (CarpetX):   total evolution compute time:    3.06387 sec
INFO (CarpetX):   total evolution output time:     0.00170612 sec
INFO (CarpetX):   total iterations:                61
INFO (CarpetX):   total cells updated:             249856
INFO (CarpetX):   average iterations per second: 19.8984
INFO (CarpetX):   average cell updates per second: 81503.8
INFO (CarpetX): OutputGH: iteration 62, time 0.242188, run time 3 s
INFO (CarpetX): OutputGH done.
INFO (CarpetX): Simulation time: 0.242188   Iterations per second: 19.8371   Simulation time per second: 0.0774888
INFO (CarpetX): Grid cells: 4096   Grid cell updates per second: 81252.9
INFO (CarpetX): Performance:
INFO (CarpetX):   total evolution time:            3.11559 sec
INFO (CarpetX):   total evolution compute time:    3.11386 sec
INFO (CarpetX):   total evolution output time:     0.00173497 sec
INFO (CarpetX):   total iterations:                62
INFO (CarpetX):   total cells updated:             253952
INFO (CarpetX):   average iterations per second: 19.8999
INFO (CarpetX):   average cell updates per second: 81510
INFO (CarpetX): OutputGH: iteration 63, time 0.246094, run time 3 s
INFO (CarpetX): OutputGH done.
INFO (CarpetX): Simulation time: 0.246094   Iterations per second: 19.8387   Simulation time per second: 0.077495
INFO (CarpetX): Grid cells: 4096   Grid cell updates per second: 81259.4
INFO (CarpetX): Performance:
INFO (CarpetX):   total evolution time:            3.16596 sec
INFO (CarpetX):   total evolution compute time:    3.16419 sec
INFO (CarpetX):   total evolution output time:     0.00177884 sec
INFO (CarpetX):   total iterations:                63
INFO (CarpetX):   total cells updated:             258048
INFO (CarpetX):   average iterations per second: 19.8992
INFO (CarpetX):   average cell updates per second: 81506.9
INFO (CarpetX): OutputGH: iteration 64, time 0.250000, run time 3 s
INFO (CarpetX): OutputGH done.
INFO (CarpetX): Simulation time: 0.25   Iterations per second: 19.1642   Simulation time per second: 0.07486
INFO (CarpetX): Grid cells: 4096   Grid cell updates per second: 78496.4
INFO (CarpetX): Performance:
INFO (CarpetX):   total evolution time:            3.23411 sec
INFO (CarpetX):   total evolution compute time:    3.22111 sec
INFO (CarpetX):   total evolution output time:     0.013001 sec
INFO (CarpetX):   total iterations:                64
INFO (CarpetX):   total cells updated:             262144
INFO (CarpetX):   average iterations per second: 19.789
INFO (CarpetX):   average cell updates per second: 81055.9
INFO (CarpetX): Shutting down...
AMReX (25.11) finalized
--------------------------------------------------------------------------------
Done.

real	0m3.630s
user	0m5.615s
sys	0m0.162s
+ echo Stopping:
Stopping:
+ date
Tue Mar 10 03:38:15 PM UTC 2026
+ echo Done.
Done.
  Elapsed time: 3.6 s
