/__w/canudax-tests/workspace/simulations/TestJob01_temp_1/output-0000/TEST/sim/CanudaX_BSSNMoL
Preparing:
+ set -e
+ cd output-0000-active
+ echo Checking:
Checking:
+ pwd
/__w/canudax-tests/workspace/simulations/TestJob01_temp_1/output-0000/TEST/sim/CanudaX_BSSNMoL/output-0000-active
+ hostname
10405e9daaf6
+ date
Thu Apr  9 07:48:48 PM UTC 2026
+ echo Environment:
Environment:
+ export SIMULATION_ID=simulation-TestJob01_temp_1-actions-cpu-real64-actions-root-2026.04.09-19.48.48-15620
+ SIMULATION_ID=simulation-TestJob01_temp_1-actions-cpu-real64-actions-root-2026.04.09-19.48.48-15620
+ export CACTUS_NUM_PROCS=1
+ CACTUS_NUM_PROCS=1
+ export CACTUS_NUM_THREADS=2
+ CACTUS_NUM_THREADS=2
+ export CACTUS_SET_THREAD_BINDINGS=0
+ CACTUS_SET_THREAD_BINDINGS=0
+ export GLIBCXX_FORCE_NEW=1
+ GLIBCXX_FORCE_NEW=1
+ export GMON_OUT_PREFIX=gmon.out
+ GMON_OUT_PREFIX=gmon.out
+ export OMP_DISPLAY_ENV=TRUE
+ OMP_DISPLAY_ENV=TRUE
+ export OMP_MAX_TASKS=100
+ OMP_MAX_TASKS=100
+ export OMP_NUM_THREADS=2
+ OMP_NUM_THREADS=2
+ export OMP_PLACES=cores
+ OMP_PLACES=cores
+ export OMP_PROC_BIND=FALSE
+ OMP_PROC_BIND=FALSE
+ export OMP_STACKSIZE=8192
+ OMP_STACKSIZE=8192
+ env
+ sort
+ echo Starting:
Starting:
++ date +%s
+ export CACTUS_STARTTIME=1775764128
+ CACTUS_STARTTIME=1775764128
+ mpiexec -n 1 /__w/canudax-tests/workspace/simulations/TestJob01_temp_1/SIMFACTORY/exe/cactus_sim -L 3 /__w/canudax-tests/workspace/simulations/TestJob01_temp_1/output-0000/arrangements/CanudaX/CanudaX_BSSNMoL/test/gaugewave.par

OPENMP DISPLAY ENVIRONMENT BEGIN
  _OPENMP = '201511'
  [host] OMP_DYNAMIC = 'FALSE'
  [host] OMP_NESTED = 'FALSE'
  [host] OMP_NUM_THREADS = '2'
  [host] OMP_SCHEDULE = 'DYNAMIC'
  [host] OMP_PROC_BIND = 'FALSE'
  [host] OMP_PLACES = ''
  [host] OMP_STACKSIZE = '8388608'
  [host] OMP_WAIT_POLICY = 'PASSIVE'
  [host] OMP_THREAD_LIMIT = '4294967295'
  [host] OMP_MAX_ACTIVE_LEVELS = '1'
  [host] OMP_NUM_TEAMS = '0'
  [host] OMP_TEAMS_THREAD_LIMIT = '0'
  [all] OMP_CANCELLATION = 'FALSE'
  [all] OMP_DEFAULT_DEVICE = '0'
  [all] OMP_MAX_TASK_PRIORITY = '0'
  [all] OMP_DISPLAY_AFFINITY = 'FALSE'
  [host] OMP_AFFINITY_FORMAT = 'level %L thread %i affinity %A'
  [host] OMP_ALLOCATOR = 'omp_default_mem_alloc'
  [all] OMP_TARGET_OFFLOAD = 'DEFAULT'
OPENMP DISPLAY ENVIRONMENT END
INFO (Cactus): Increased logging level from 0 to 3
--------------------------------------------------------------------------------

       10                                  
  1   0101       ************************  
  01  1010 10      The Cactus Code V4.18.0    
 1010 1101 011      www.cactuscode.org     
  1001 100101    ************************  
    00010101                               
     100011     (c) Copyright The Authors  
      0100      GNU Licensed. No Warranty  
      0101                                 
--------------------------------------------------------------------------------

Cactus version:    4.18.0
Compile date:      Apr 09 2026 (19:48:40)
Run date:          Apr 09 2026 (19:48:49+0000)
Run host:          10405e9daaf6 (pid=15668)
Working directory: /__w/canudax-tests/workspace/simulations/TestJob01_temp_1/output-0000/TEST/sim/CanudaX_BSSNMoL
Executable:        /__w/canudax-tests/workspace/simulations/TestJob01_temp_1/SIMFACTORY/exe/cactus_sim
Parameter file:    /__w/canudax-tests/workspace/simulations/TestJob01_temp_1/output-0000/arrangements/CanudaX/CanudaX_BSSNMoL/test/gaugewave.par
--------------------------------------------------------------------------------

Activating thorn Cactus...Success -> active implementation Cactus
Activation requested for 
--->ADMBaseX CanudaX_BSSNMoL CanudaX_ExactID CarpetX IOUtil ODESolvers TmunuBaseX<---
Thorn ADMBaseX requests automatic activation of Loop
Thorn CarpetX requests automatic activation of AMReX
Thorn CarpetX requests automatic activation of MPI
Thorn CarpetX requests automatic activation of yaml_cpp
Thorn CarpetX requests automatic activation of zlib
Thorn CarpetX requests automatic activation of Arith
Thorn CarpetX requests automatic activation of CarpetXRegrid
Thorn CarpetX requests automatic activation of ADIOS2
Thorn CarpetX requests automatic activation of openPMD
Thorn CarpetX requests automatic activation of Silo
Thorn ODESolvers requests automatic activation of Subcycling
Thorn Arith requests automatic activation of NSIMD
Thorn MPI requests automatic activation of hwloc
Thorn openPMD requests automatic activation of HDF5
Activating thorn ADIOS2...Success -> active implementation ADIOS2
Activating thorn ADMBaseX...Success -> active implementation ADMBaseX
Activating thorn AMReX...Success -> active implementation AMReX
Activating thorn Arith...Success -> active implementation Arith
Activating thorn CanudaX_BSSNMoL...Success -> active implementation CanudaX_BSSNMoL
Activating thorn CanudaX_ExactID...Success -> active implementation CanudaX_ExactID
Activating thorn CarpetX...Success -> active implementation Driver
Activating thorn CarpetXRegrid...Success -> active implementation CarpetXRegrid
Activating thorn HDF5...Success -> active implementation HDF5
Activating thorn hwloc...Success -> active implementation hwloc
Activating thorn IOUtil...Success -> active implementation IO
Activating thorn Loop...Success -> active implementation Loop
Activating thorn MPI...Success -> active implementation MPI
Activating thorn NSIMD...Success -> active implementation NSIMD
Activating thorn ODESolvers...Success -> active implementation ODESolvers
Activating thorn openPMD...Success -> active implementation openPMD
Activating thorn Silo...Success -> active implementation Silo
Activating thorn Subcycling...Success -> active implementation Subcycling
Activating thorn TmunuBaseX...Success -> active implementation TmunuBaseX
Activating thorn yaml_cpp...Success -> active implementation yaml_cpp
Activating thorn zlib...Success -> active implementation zlib
--------------------------------------------------------------------------------
  if (recover initial data)
    Recover parameters
  endif

  Startup routines
    [CCTK_STARTUP]
      CarpetX::Driver_Startup: Start up the driver
      IOUtil::IOUtil_Startup: Startup routine
      GROUP hwloc_startup: hwloc startup group
        hwloc::hwloc_version: Output hwloc version

  Startup routines which need an existing grid hierarchy
    [CCTK_WRAGH]
      Arith::Test_smallvector: [meta] Test small vectors
      Arith::Test_spvect: [meta] Test sparse vectors
      ODESolvers::ODESolvers_InitConstants: [global] Set up dummy loop counters for schedule printout
  Parameter checking routines
    [CCTK_PARAMCHECK]
      CanudaX_BSSNMoL::CanudaX_BSSNMoL_paramcheck: Check CanudaX_BSSNMoL parameters for consistency

  Initialisation
    if (NOT (recover initial data AND recovery_mode is 'strict'))
      [CCTK_PREREGRIDINITIAL]
      Set up grid hierarchy
      [CCTK_POSTREGRIDINITIAL]
      [CCTK_BASEGRID]
        CarpetXRegrid::CarpetXRegrid_InitError: Initialize regridding error to zero
        GROUP ODESolvers_BaseGrid: Set up constants (e.g. coordinates) everywhere on the grid
      [CCTK_INITIAL]
        GROUP TmunuBaseX_SetTmunuVars: Schedule group for setting T_munu
          TmunuBaseX::TmunuBaseX_ZeroTmunu: Set T_munu to zero
          GROUP TmunuBaseX_AddToTmunu: Add to T_munu here
        GROUP ODESolvers_Initial: Set up initial conditions on interior of state vector
          GROUP ADMBaseX_InitialData: Schedule group for calculating ADM initial data
            GROUP CanudaX_ExactIDGroup: CanudaX_ExactID group for setting up initial data
              CanudaX_ExactID::CanudaX_ExactID_GaugeWave: [local] Create gauge wave initial data
          GROUP ADMBaseX_InitialGauge: Schedule group for the ADM initial gauge condition
            ADMBaseX::ADMBaseX_initial_dtlapse: Set dtlapse to zero
            ADMBaseX::ADMBaseX_initial_dtshift: Set dtshift to zero
          GROUP ADMBaseX_PostInitial: Schedule group for modifying the ADM initial data, such as e.g. adding noise
        GROUP Subcycling_RMBndryGroup: Check if the ghost points are at refinement boundary
          Subcycling::Subcycling_SetLevelNeighbor: Set isrmbndry
          Subcycling::Subcycling_SetIsRMBndry: Set isrmbndry
        GROUP CanudaX_BSSNMoL_InitialGroup: CanudaX_BSSNMoL: initial bin
          CanudaX_BSSNMoL::CanudaX_BSSNMoL_adm2bssn: [local] Convert initial data into BSSN variables
          CanudaX_BSSNMoL::CanudaX_BSSNMoL_gammat: [local] Set Gammat initial data
      [CCTK_POSTINITIAL]
        GROUP ODESolvers_PostStep: Apply boundary conditions to state vector, and project if necessary
          GROUP CanudaX_BSSNMoL_PostStepGroup: CanudaX_BSSNMoL: post-step operations
            CanudaX_BSSNMoL::CanudaX_BSSNMoL_impose_conf_fac_floor: Make sure conformal factor does not drop below specified value
            CanudaX_BSSNMoL::CanudaX_BSSNMoL_reset_detmetric: reset dethh = 1
            CanudaX_BSSNMoL::CanudaX_BSSNMoL_remove_trA: Remove trace of A
          GROUP ADMBaseX_SetADMRHS: Set ADM RHS variables in this group
          CanudaX_BSSNMoL::CanudaX_BSSNMoL_sync: [global] Sync state vector
          GROUP ADMBaseX_SetADMVars: Set ADM variables in this group
            CanudaX_BSSNMoL::CanudaX_BSSNMoL_bssn2adm: [local] Convert variables back to the ADM ones
          GROUP TmunuBaseX_SetTmunuVars: Schedule group for setting T_munu
            TmunuBaseX::TmunuBaseX_ZeroTmunu: Set T_munu to zero
            GROUP TmunuBaseX_AddToTmunu: Add to T_munu here
        GROUP ODESolvers_EstimateError: Estimate discretization error (for regridding)
      Initialise finer grids recursively
      Restrict from finer grids
      [CCTK_POSTRESTRICTINITIAL]
      [CCTK_POSTPOSTINITIAL]
      [CCTK_POSTSTEP]
        GROUP ODESolvers_EstimateError: Estimate discretization error (for regridding)
    endif
    if (recover initial data)
      [CCTK_BASEGRID]
        CarpetXRegrid::CarpetXRegrid_InitError: Initialize regridding error to zero
        GROUP ODESolvers_BaseGrid: Set up constants (e.g. coordinates) everywhere on the grid
      [CCTK_RECOVER_VARIABLES]
      [CCTK_POST_RECOVER_VARIABLES]
        GROUP ODESolvers_PostStep: Apply boundary conditions to state vector, and project if necessary
          GROUP CanudaX_BSSNMoL_PostStepGroup: CanudaX_BSSNMoL: post-step operations
            CanudaX_BSSNMoL::CanudaX_BSSNMoL_impose_conf_fac_floor: Make sure conformal factor does not drop below specified value
            CanudaX_BSSNMoL::CanudaX_BSSNMoL_reset_detmetric: reset dethh = 1
            CanudaX_BSSNMoL::CanudaX_BSSNMoL_remove_trA: Remove trace of A
          GROUP ADMBaseX_SetADMRHS: Set ADM RHS variables in this group
          CanudaX_BSSNMoL::CanudaX_BSSNMoL_sync: [global] Sync state vector
          GROUP ADMBaseX_SetADMVars: Set ADM variables in this group
            CanudaX_BSSNMoL::CanudaX_BSSNMoL_bssn2adm: [local] Convert variables back to the ADM ones
          GROUP TmunuBaseX_SetTmunuVars: Schedule group for setting T_munu
            TmunuBaseX::TmunuBaseX_ZeroTmunu: Set T_munu to zero
            GROUP TmunuBaseX_AddToTmunu: Add to T_munu here
        GROUP ODESolvers_EstimateError: Estimate discretization error (for regridding)
        GROUP Subcycling_RMBndryGroup: Check if the ghost points are at refinement boundary
          Subcycling::Subcycling_SetLevelNeighbor: Set isrmbndry
          Subcycling::Subcycling_SetIsRMBndry: Set isrmbndry
    endif
    if (checkpoint initial data)
      [CCTK_CPINITIAL]
        CarpetX::CarpetX_CheckpointInitial: [meta] Checkpoint initial conditions
    endif
    if (analysis)
      [CCTK_ANALYSIS]
        CanudaX_BSSNMoL::CanudaX_BSSNMoL_calc_ricci_for_constraints: MoL ricci tensor and scalar calculation
        CanudaX_BSSNMoL::CanudaX_BSSNMoL_bssn_constraints: Compute constraints
        GROUP ODESolvers_Analysis: Calculate analysis quantities everywhere
  endif
  Output grid variables

  do loop over timesteps
    [CCTK_PREREGRID]
    Change grid hierarchy
    [CCTK_POSTREGRID]
      GROUP ODESolvers_PostStep: Apply boundary conditions to state vector, and project if necessary
        GROUP CanudaX_BSSNMoL_PostStepGroup: CanudaX_BSSNMoL: post-step operations
          CanudaX_BSSNMoL::CanudaX_BSSNMoL_impose_conf_fac_floor: Make sure conformal factor does not drop below specified value
          CanudaX_BSSNMoL::CanudaX_BSSNMoL_reset_detmetric: reset dethh = 1
          CanudaX_BSSNMoL::CanudaX_BSSNMoL_remove_trA: Remove trace of A
        GROUP ADMBaseX_SetADMRHS: Set ADM RHS variables in this group
        CanudaX_BSSNMoL::CanudaX_BSSNMoL_sync: [global] Sync state vector
        GROUP ADMBaseX_SetADMVars: Set ADM variables in this group
          CanudaX_BSSNMoL::CanudaX_BSSNMoL_bssn2adm: [local] Convert variables back to the ADM ones
        GROUP TmunuBaseX_SetTmunuVars: Schedule group for setting T_munu
          TmunuBaseX::TmunuBaseX_ZeroTmunu: Set T_munu to zero
          GROUP TmunuBaseX_AddToTmunu: Add to T_munu here
      GROUP Subcycling_RMBndryGroup: Check if the ghost points are at refinement boundary
        Subcycling::Subcycling_SetLevelNeighbor: Set isrmbndry
        Subcycling::Subcycling_SetIsRMBndry: Set isrmbndry
    Rotate timelevels
    iteration = iteration+1
    t = t+dt
    [CCTK_PRESTEP]
    [CCTK_EVOL]
      ODESolvers::ODESolvers_Solve_Subcycling: [level] Solve ODEs using Subcycling
      while (ODESolvers::do_substeps)
        GROUP ODESolvers_CalledBySolve: Groups internally scheduled by ODESolvers_Solve
          GROUP ODESolvers_RHS: Evaluate the RHS for of state vector everywhere on the grid
            GROUP CanudaX_BSSNMoL_RHSGroup: CanudaX_BSSNMoL: calculate BSSN RHS
              CanudaX_BSSNMoL::CanudaX_BSSNMoL_calc_ricci: MoL ricci tensor and scalar calculation
              CanudaX_BSSNMoL::CanudaX_BSSNMoL_calc_bssn_rhs: MoL RHS calculation
              CanudaX_BSSNMoL::CanudaX_BSSNMoL_apply_boundary_conditions: Apply radiative boundary conditions 
          GROUP ODESolvers_PostStep: Apply boundary conditions to state vector, and project if necessary
            GROUP CanudaX_BSSNMoL_PostStepGroup: CanudaX_BSSNMoL: post-step operations
              CanudaX_BSSNMoL::CanudaX_BSSNMoL_impose_conf_fac_floor: Make sure conformal factor does not drop below specified value
              CanudaX_BSSNMoL::CanudaX_BSSNMoL_reset_detmetric: reset dethh = 1
              CanudaX_BSSNMoL::CanudaX_BSSNMoL_remove_trA: Remove trace of A
            GROUP ADMBaseX_SetADMRHS: Set ADM RHS variables in this group
            CanudaX_BSSNMoL::CanudaX_BSSNMoL_sync: [global] Sync state vector
            GROUP ADMBaseX_SetADMVars: Set ADM variables in this group
              CanudaX_BSSNMoL::CanudaX_BSSNMoL_bssn2adm: [local] Convert variables back to the ADM ones
            GROUP TmunuBaseX_SetTmunuVars: Schedule group for setting T_munu
              TmunuBaseX::TmunuBaseX_ZeroTmunu: Set T_munu to zero
              GROUP TmunuBaseX_AddToTmunu: Add to T_munu here
      end while
    Evolve finer grids recursively
    Restrict from finer grids
    [CCTK_POSTRESTRICT]
      GROUP ODESolvers_PostStep: Apply boundary conditions to state vector, and project if necessary
        GROUP CanudaX_BSSNMoL_PostStepGroup: CanudaX_BSSNMoL: post-step operations
          CanudaX_BSSNMoL::CanudaX_BSSNMoL_impose_conf_fac_floor: Make sure conformal factor does not drop below specified value
          CanudaX_BSSNMoL::CanudaX_BSSNMoL_reset_detmetric: reset dethh = 1
          CanudaX_BSSNMoL::CanudaX_BSSNMoL_remove_trA: Remove trace of A
        GROUP ADMBaseX_SetADMRHS: Set ADM RHS variables in this group
        CanudaX_BSSNMoL::CanudaX_BSSNMoL_sync: [global] Sync state vector
        GROUP ADMBaseX_SetADMVars: Set ADM variables in this group
          CanudaX_BSSNMoL::CanudaX_BSSNMoL_bssn2adm: [local] Convert variables back to the ADM ones
        GROUP TmunuBaseX_SetTmunuVars: Schedule group for setting T_munu
          TmunuBaseX::TmunuBaseX_ZeroTmunu: Set T_munu to zero
          GROUP TmunuBaseX_AddToTmunu: Add to T_munu here
    [CCTK_POSTSTEP]
      GROUP ODESolvers_EstimateError: Estimate discretization error (for regridding)
    if (checkpoint)
      [CCTK_CHECKPOINT]
      CarpetX::CarpetX_Checkpoint: [meta] Checkpoint
    endif
    if (analysis)
      [CCTK_ANALYSIS]
      CanudaX_BSSNMoL::CanudaX_BSSNMoL_calc_ricci_for_constraints: MoL ricci tensor and scalar calculation
      CanudaX_BSSNMoL::CanudaX_BSSNMoL_bssn_constraints: Compute constraints
      GROUP ODESolvers_Analysis: Calculate analysis quantities everywhere
    endif
    Output grid variables
    enddo

  Termination routines
    [CCTK_TERMINATE]
      CarpetX::CarpetX_CheckpointTerminate: [meta] Checkpoint before terminating

  Shutdown routines
    [CCTK_SHUTDOWN]
      CarpetX::Driver_Shutdown: [meta] Shut down the driver

  Routines run after changing the grid hierarchy:
    [CCTK_POSTREGRID]
      GROUP ODESolvers_PostStep: Apply boundary conditions to state vector, and project if necessary
        GROUP CanudaX_BSSNMoL_PostStepGroup: CanudaX_BSSNMoL: post-step operations
          CanudaX_BSSNMoL::CanudaX_BSSNMoL_impose_conf_fac_floor: Make sure conformal factor does not drop below specified value
          CanudaX_BSSNMoL::CanudaX_BSSNMoL_reset_detmetric: reset dethh = 1
          CanudaX_BSSNMoL::CanudaX_BSSNMoL_remove_trA: Remove trace of A
        GROUP ADMBaseX_SetADMRHS: Set ADM RHS variables in this group
        CanudaX_BSSNMoL::CanudaX_BSSNMoL_sync: [global] Sync state vector
        GROUP ADMBaseX_SetADMVars: Set ADM variables in this group
          CanudaX_BSSNMoL::CanudaX_BSSNMoL_bssn2adm: [local] Convert variables back to the ADM ones
        GROUP TmunuBaseX_SetTmunuVars: Schedule group for setting T_munu
          TmunuBaseX::TmunuBaseX_ZeroTmunu: Set T_munu to zero
          GROUP TmunuBaseX_AddToTmunu: Add to T_munu here
      GROUP Subcycling_RMBndryGroup: Check if the ghost points are at refinement boundary
        Subcycling::Subcycling_SetLevelNeighbor: Set isrmbndry
        Subcycling::Subcycling_SetIsRMBndry: Set isrmbndry
--------------------------------------------------------------------------------
INFO (hwloc): library version 2.10.0, API version 0x20800
--------------------------------------------------------------------------------
                                                            
   _______ _______  ______  _____  _______ _______ _     _  
   |       |_____| |_____/ |_____] |______    |     \___/   
   |_____  |     | |    \_ |       |______    |    _/   \_  
                                                            
AMR driver provided by CarpetX,
using AMReX 25.11 (MPI, OpenMP, no accelerators, optimized)
--------------------------------------------------------------------------------

Initializing AMReX (25.11)...
MPI initialized with 1 MPI processes
MPI initialized with thread support level 2
OMP initialized with 2 OMP threads
AMReX (25.11) initialized
INFO (CarpetX): 
Symmetries:
  lower x: periodic
  lower y: periodic
  lower z: periodic
  upper x: periodic
  upper y: periodic
  upper z: periodic
Default boundaries:
  lower x: symmetry_boundary
  lower y: symmetry_boundary
  lower z: symmetry_boundary
  upper x: symmetry_boundary
  upper y: symmetry_boundary
  upper z: symmetry_boundary
INFO (Arith): Test_smallvector
INFO (Arith): Test_spvect
INFO (CarpetX): Setting initial values for max_grid_size values for all levels
INFO (CarpetX): Setting up initial conditions...
INFO (CarpetX): Iteration: 0   time: 0   delta_time: 0.00390625
INFO (CarpetX): Patch 0:
INFO (CarpetX):   Grid extent:
INFO (CarpetX):     gsh=[71,15,15]
INFO (CarpetX):     blocking_factor=[8,8,8]
INFO (CarpetX):     max_grid_size=[10000000,10000000,10000000]
INFO (CarpetX):     max_tile_size=[1024000,16,32]
INFO (CarpetX):   Domain extent:
INFO (CarpetX):     xmin=[-0.5,-0.0625,-0.0625]
INFO (CarpetX):     xmax=[0.5,0.0625,0.0625]
INFO (CarpetX):     base dx=[0.015625,0.015625,0.015625]
INFO (CarpetX): Initializing level 0...
INFO (CanudaX_ExactID): Begin Gauge Wave initial data
INFO (CanudaX_ExactID): === End gauge wave initial data ===
INFO (CarpetX): Regridding...
INFO (CarpetX):   level 0: 1 boxes, 4096 cells (100%)
INFO (CarpetX): Initialized 1 levels
INFO (CarpetX): Starting evolution...
INFO (ODESolvers): Integrator is RK4
INFO (CarpetX): Simulation time: 0.00390625   Iterations per second: 13.9127   Simulation time per second: 0.0543463
INFO (CarpetX): Grid cells: 4096   Grid cell updates per second: 56986.2
INFO (CarpetX): Performance:
INFO (CarpetX):   total evolution time:            0.071877 sec
INFO (CarpetX):   total evolution compute time:    0.0718739 sec
INFO (CarpetX):   total evolution output time:     3.09944e-06 sec
INFO (CarpetX):   total iterations:                1
INFO (CarpetX):   total cells updated:             4096
INFO (CarpetX):   average iterations per second: 13.9127
INFO (CarpetX):   average cell updates per second: 56986.2
INFO (CarpetX): Simulation time: 0.0078125   Iterations per second: 14.5994   Simulation time per second: 0.0570288
INFO (CarpetX): Grid cells: 4096   Grid cell updates per second: 59799
INFO (CarpetX): Performance:
INFO (CarpetX):   total evolution time:            0.136992 sec
INFO (CarpetX):   total evolution compute time:    0.136986 sec
INFO (CarpetX):   total evolution output time:     5.96046e-06 sec
INFO (CarpetX):   total iterations:                2
INFO (CarpetX):   total cells updated:             8192
INFO (CarpetX):   average iterations per second: 14.5994
INFO (CarpetX):   average cell updates per second: 59799
INFO (CarpetX): Simulation time: 0.0117188   Iterations per second: 14.8231   Simulation time per second: 0.0579027
INFO (CarpetX): Grid cells: 4096   Grid cell updates per second: 60715.3
INFO (CarpetX): Performance:
INFO (CarpetX):   total evolution time:            0.202387 sec
INFO (CarpetX):   total evolution compute time:    0.202378 sec
INFO (CarpetX):   total evolution output time:     8.82149e-06 sec
INFO (CarpetX):   total iterations:                3
INFO (CarpetX):   total cells updated:             12288
INFO (CarpetX):   average iterations per second: 14.8231
INFO (CarpetX):   average cell updates per second: 60715.3
INFO (CarpetX): Simulation time: 0.015625   Iterations per second: 14.937   Simulation time per second: 0.0583475
INFO (CarpetX): Grid cells: 4096   Grid cell updates per second: 61181.8
INFO (CarpetX): Performance:
INFO (CarpetX):   total evolution time:            0.267792 sec
INFO (CarpetX):   total evolution compute time:    0.26778 sec
INFO (CarpetX):   total evolution output time:     1.16825e-05 sec
INFO (CarpetX):   total iterations:                4
INFO (CarpetX):   total cells updated:             16384
INFO (CarpetX):   average iterations per second: 14.937
INFO (CarpetX):   average cell updates per second: 61181.8
INFO (CarpetX): Simulation time: 0.0195312   Iterations per second: 15.0115   Simulation time per second: 0.0586385
INFO (CarpetX): Grid cells: 4096   Grid cell updates per second: 61486.9
INFO (CarpetX): Performance:
INFO (CarpetX):   total evolution time:            0.333079 sec
INFO (CarpetX):   total evolution compute time:    0.333064 sec
INFO (CarpetX):   total evolution output time:     1.45435e-05 sec
INFO (CarpetX):   total iterations:                5
INFO (CarpetX):   total cells updated:             20480
INFO (CarpetX):   average iterations per second: 15.0115
INFO (CarpetX):   average cell updates per second: 61486.9
INFO (CarpetX): Simulation time: 0.0234375   Iterations per second: 15.0571   Simulation time per second: 0.0588167
INFO (CarpetX): Grid cells: 4096   Grid cell updates per second: 61673.8
INFO (CarpetX): Performance:
INFO (CarpetX):   total evolution time:            0.398484 sec
INFO (CarpetX):   total evolution compute time:    0.398466 sec
INFO (CarpetX):   total evolution output time:     1.7643e-05 sec
INFO (CarpetX):   total iterations:                6
INFO (CarpetX):   total cells updated:             24576
INFO (CarpetX):   average iterations per second: 15.0571
INFO (CarpetX):   average cell updates per second: 61673.8
INFO (CarpetX): Simulation time: 0.0273438   Iterations per second: 15.0916   Simulation time per second: 0.0589517
INFO (CarpetX): Grid cells: 4096   Grid cell updates per second: 61815.4
INFO (CarpetX): Performance:
INFO (CarpetX):   total evolution time:            0.463833 sec
INFO (CarpetX):   total evolution compute time:    0.463811 sec
INFO (CarpetX):   total evolution output time:     2.16961e-05 sec
INFO (CarpetX):   total iterations:                7
INFO (CarpetX):   total cells updated:             28672
INFO (CarpetX):   average iterations per second: 15.0916
INFO (CarpetX):   average cell updates per second: 61815.4
INFO (CarpetX): Simulation time: 0.03125   Iterations per second: 15.1202   Simulation time per second: 0.0590635
INFO (CarpetX): Grid cells: 4096   Grid cell updates per second: 61932.5
INFO (CarpetX): Performance:
INFO (CarpetX):   total evolution time:            0.529092 sec
INFO (CarpetX):   total evolution compute time:    0.529067 sec
INFO (CarpetX):   total evolution output time:     2.45571e-05 sec
INFO (CarpetX):   total iterations:                8
INFO (CarpetX):   total cells updated:             32768
INFO (CarpetX):   average iterations per second: 15.1202
INFO (CarpetX):   average cell updates per second: 61932.5
INFO (CarpetX): Simulation time: 0.0351562   Iterations per second: 15.1443   Simulation time per second: 0.0591573
INFO (CarpetX): Grid cells: 4096   Grid cell updates per second: 62031
INFO (CarpetX): Performance:
INFO (CarpetX):   total evolution time:            0.594284 sec
INFO (CarpetX):   total evolution compute time:    0.594256 sec
INFO (CarpetX):   total evolution output time:     2.76566e-05 sec
INFO (CarpetX):   total iterations:                9
INFO (CarpetX):   total cells updated:             36864
INFO (CarpetX):   average iterations per second: 15.1443
INFO (CarpetX):   average cell updates per second: 62031
INFO (CarpetX): Simulation time: 0.0390625   Iterations per second: 15.1708   Simulation time per second: 0.059261
INFO (CarpetX): Grid cells: 4096   Grid cell updates per second: 62139.7
INFO (CarpetX): Performance:
INFO (CarpetX):   total evolution time:            0.65916 sec
INFO (CarpetX):   total evolution compute time:    0.659129 sec
INFO (CarpetX):   total evolution output time:     3.0756e-05 sec
INFO (CarpetX):   total iterations:                10
INFO (CarpetX):   total cells updated:             40960
INFO (CarpetX):   average iterations per second: 15.1708
INFO (CarpetX):   average cell updates per second: 62139.7
INFO (CarpetX): Simulation time: 0.0429688   Iterations per second: 15.1907   Simulation time per second: 0.0593386
INFO (CarpetX): Grid cells: 4096   Grid cell updates per second: 62221.1
INFO (CarpetX): Performance:
INFO (CarpetX):   total evolution time:            0.724214 sec
INFO (CarpetX):   total evolution compute time:    0.72418 sec
INFO (CarpetX):   total evolution output time:     3.38554e-05 sec
INFO (CarpetX):   total iterations:                11
INFO (CarpetX):   total cells updated:             45056
INFO (CarpetX):   average iterations per second: 15.1889
INFO (CarpetX):   average cell updates per second: 62213.6
INFO (CarpetX): Simulation time: 0.046875   Iterations per second: 15.2056   Simulation time per second: 0.0593967
INFO (CarpetX): Grid cells: 4096   Grid cell updates per second: 62282
INFO (CarpetX): Performance:
INFO (CarpetX):   total evolution time:            0.7894 sec
INFO (CarpetX):   total evolution compute time:    0.789362 sec
INFO (CarpetX):   total evolution output time:     3.79086e-05 sec
INFO (CarpetX):   total iterations:                12
INFO (CarpetX):   total cells updated:             49152
INFO (CarpetX):   average iterations per second: 15.2014
INFO (CarpetX):   average cell updates per second: 62265
INFO (CarpetX): Simulation time: 0.0507812   Iterations per second: 15.2246   Simulation time per second: 0.0594709
INFO (CarpetX): Grid cells: 4096   Grid cell updates per second: 62359.8
INFO (CarpetX): Performance:
INFO (CarpetX):   total evolution time:            0.854345 sec
INFO (CarpetX):   total evolution compute time:    0.854304 sec
INFO (CarpetX):   total evolution output time:     4.1008e-05 sec
INFO (CarpetX):   total iterations:                13
INFO (CarpetX):   total cells updated:             53248
INFO (CarpetX):   average iterations per second: 15.2163
INFO (CarpetX):   average cell updates per second: 62326.1
INFO (CarpetX): Simulation time: 0.0546875   Iterations per second: 15.2379   Simulation time per second: 0.059523
INFO (CarpetX): Grid cells: 4096   Grid cell updates per second: 62414.4
INFO (CarpetX): Performance:
INFO (CarpetX):   total evolution time:            0.919453 sec
INFO (CarpetX):   total evolution compute time:    0.919409 sec
INFO (CarpetX):   total evolution output time:     4.41074e-05 sec
INFO (CarpetX):   total iterations:                14
INFO (CarpetX):   total cells updated:             57344
INFO (CarpetX):   average iterations per second: 15.2264
INFO (CarpetX):   average cell updates per second: 62367.5
INFO (CarpetX): Simulation time: 0.0585938   Iterations per second: 15.2451   Simulation time per second: 0.0595511
INFO (CarpetX): Grid cells: 4096   Grid cell updates per second: 62443.8
INFO (CarpetX): Performance:
INFO (CarpetX):   total evolution time:            0.98477 sec
INFO (CarpetX):   total evolution compute time:    0.984723 sec
INFO (CarpetX):   total evolution output time:     4.69685e-05 sec
INFO (CarpetX):   total iterations:                15
INFO (CarpetX):   total cells updated:             61440
INFO (CarpetX):   average iterations per second: 15.232
INFO (CarpetX):   average cell updates per second: 62390.2
INFO (CarpetX): Simulation time: 0.0625   Iterations per second: 15.2527   Simulation time per second: 0.0595808
INFO (CarpetX): Grid cells: 4096   Grid cell updates per second: 62475
INFO (CarpetX): Performance:
INFO (CarpetX):   total evolution time:            1.05004 sec
INFO (CarpetX):   total evolution compute time:    1.04999 sec
INFO (CarpetX):   total evolution output time:     5.10216e-05 sec
INFO (CarpetX):   total iterations:                16
INFO (CarpetX):   total cells updated:             65536
INFO (CarpetX):   average iterations per second: 15.2375
INFO (CarpetX):   average cell updates per second: 62413
INFO (CarpetX): Simulation time: 0.0664062   Iterations per second: 15.2556   Simulation time per second: 0.0595922
INFO (CarpetX): Grid cells: 4096   Grid cell updates per second: 62487
INFO (CarpetX): Performance:
INFO (CarpetX):   total evolution time:            1.11547 sec
INFO (CarpetX):   total evolution compute time:    1.11542 sec
INFO (CarpetX):   total evolution output time:     5.4121e-05 sec
INFO (CarpetX):   total iterations:                17
INFO (CarpetX):   total cells updated:             69632
INFO (CarpetX):   average iterations per second: 15.2402
INFO (CarpetX):   average cell updates per second: 62423.7
INFO (CarpetX): Simulation time: 0.0703125   Iterations per second: 15.241   Simulation time per second: 0.0595352
INFO (CarpetX): Grid cells: 4096   Grid cell updates per second: 62427.2
INFO (CarpetX): Performance:
INFO (CarpetX):   total evolution time:            1.18165 sec
INFO (CarpetX):   total evolution compute time:    1.1816 sec
INFO (CarpetX):   total evolution output time:     5.6982e-05 sec
INFO (CarpetX):   total iterations:                18
INFO (CarpetX):   total cells updated:             73728
INFO (CarpetX):   average iterations per second: 15.2329
INFO (CarpetX):   average cell updates per second: 62394
INFO (CarpetX): Simulation time: 0.0742188   Iterations per second: 15.2415   Simulation time per second: 0.0595369
INFO (CarpetX): Grid cells: 4096   Grid cell updates per second: 62429
INFO (CarpetX): Performance:
INFO (CarpetX):   total evolution time:            1.24725 sec
INFO (CarpetX):   total evolution compute time:    1.24718 sec
INFO (CarpetX):   total evolution output time:     6.00815e-05 sec
INFO (CarpetX):   total iterations:                19
INFO (CarpetX):   total cells updated:             77824
INFO (CarpetX):   average iterations per second: 15.2336
INFO (CarpetX):   average cell updates per second: 62396.7
INFO (CarpetX): Simulation time: 0.078125   Iterations per second: 15.2439   Simulation time per second: 0.0595464
INFO (CarpetX): Grid cells: 4096   Grid cell updates per second: 62439
INFO (CarpetX): Performance:
INFO (CarpetX):   total evolution time:            1.31275 sec
INFO (CarpetX):   total evolution compute time:    1.31269 sec
INFO (CarpetX):   total evolution output time:     6.31809e-05 sec
INFO (CarpetX):   total iterations:                20
INFO (CarpetX):   total cells updated:             81920
INFO (CarpetX):   average iterations per second: 15.2352
INFO (CarpetX):   average cell updates per second: 62403.3
INFO (CarpetX): Simulation time: 0.0820312   Iterations per second: 15.2457   Simulation time per second: 0.0595537
INFO (CarpetX): Grid cells: 4096   Grid cell updates per second: 62446.6
INFO (CarpetX): Performance:
INFO (CarpetX):   total evolution time:            1.37827 sec
INFO (CarpetX):   total evolution compute time:    1.37821 sec
INFO (CarpetX):   total evolution output time:     6.60419e-05 sec
INFO (CarpetX):   total iterations:                21
INFO (CarpetX):   total cells updated:             86016
INFO (CarpetX):   average iterations per second: 15.2365
INFO (CarpetX):   average cell updates per second: 62408.6
INFO (CarpetX): Simulation time: 0.0859375   Iterations per second: 15.2613   Simulation time per second: 0.0596143
INFO (CarpetX): Grid cells: 4096   Grid cell updates per second: 62510.2
INFO (CarpetX): Performance:
INFO (CarpetX):   total evolution time:            1.4432 sec
INFO (CarpetX):   total evolution compute time:    1.44313 sec
INFO (CarpetX):   total evolution output time:     6.91414e-05 sec
INFO (CarpetX):   total iterations:                22
INFO (CarpetX):   total cells updated:             90112
INFO (CarpetX):   average iterations per second: 15.2439
INFO (CarpetX):   average cell updates per second: 62439.2
INFO (CarpetX): Simulation time: 0.0898438   Iterations per second: 15.2817   Simulation time per second: 0.0596942
INFO (CarpetX): Grid cells: 4096   Grid cell updates per second: 62593.9
INFO (CarpetX): Performance:
INFO (CarpetX):   total evolution time:            1.50784 sec
INFO (CarpetX):   total evolution compute time:    1.50777 sec
INFO (CarpetX):   total evolution output time:     7.20024e-05 sec
INFO (CarpetX):   total iterations:                23
INFO (CarpetX):   total cells updated:             94208
INFO (CarpetX):   average iterations per second: 15.2536
INFO (CarpetX):   average cell updates per second: 62478.6
INFO (CarpetX): Simulation time: 0.09375   Iterations per second: 15.2854   Simulation time per second: 0.0597085
INFO (CarpetX): Grid cells: 4096   Grid cell updates per second: 62608.9
INFO (CarpetX): Performance:
INFO (CarpetX):   total evolution time:            1.57313 sec
INFO (CarpetX):   total evolution compute time:    1.57305 sec
INFO (CarpetX):   total evolution output time:     7.51019e-05 sec
INFO (CarpetX):   total iterations:                24
INFO (CarpetX):   total cells updated:             98304
INFO (CarpetX):   average iterations per second: 15.2563
INFO (CarpetX):   average cell updates per second: 62489.6
INFO (CarpetX): Simulation time: 0.0976562   Iterations per second: 15.2833   Simulation time per second: 0.0597005
INFO (CarpetX): Grid cells: 4096   Grid cell updates per second: 62600.5
INFO (CarpetX): Performance:
INFO (CarpetX):   total evolution time:            1.63864 sec
INFO (CarpetX):   total evolution compute time:    1.63856 sec
INFO (CarpetX):   total evolution output time:     7.79629e-05 sec
INFO (CarpetX):   total iterations:                25
INFO (CarpetX):   total cells updated:             102400
INFO (CarpetX):   average iterations per second: 15.2566
INFO (CarpetX):   average cell updates per second: 62491
INFO (CarpetX): Simulation time: 0.101562   Iterations per second: 15.2804   Simulation time per second: 0.0596892
INFO (CarpetX): Grid cells: 4096   Grid cell updates per second: 62588.7
INFO (CarpetX): Performance:
INFO (CarpetX):   total evolution time:            1.70419 sec
INFO (CarpetX):   total evolution compute time:    1.70411 sec
INFO (CarpetX):   total evolution output time:     8.08239e-05 sec
INFO (CarpetX):   total iterations:                26
INFO (CarpetX):   total cells updated:             106496
INFO (CarpetX):   average iterations per second: 15.2565
INFO (CarpetX):   average cell updates per second: 62490.7
INFO (CarpetX): Simulation time: 0.105469   Iterations per second: 15.2344   Simulation time per second: 0.0595096
INFO (CarpetX): Grid cells: 4096   Grid cell updates per second: 62400.3
INFO (CarpetX): Performance:
INFO (CarpetX):   total evolution time:            1.77161 sec
INFO (CarpetX):   total evolution compute time:    1.77152 sec
INFO (CarpetX):   total evolution output time:     8.39233e-05 sec
INFO (CarpetX):   total iterations:                27
INFO (CarpetX):   total cells updated:             110592
INFO (CarpetX):   average iterations per second: 15.2404
INFO (CarpetX):   average cell updates per second: 62424.6
INFO (CarpetX): Simulation time: 0.109375   Iterations per second: 15.2326   Simulation time per second: 0.0595022
INFO (CarpetX): Grid cells: 4096   Grid cell updates per second: 62392.6
INFO (CarpetX): Performance:
INFO (CarpetX):   total evolution time:            1.83733 sec
INFO (CarpetX):   total evolution compute time:    1.83724 sec
INFO (CarpetX):   total evolution output time:     8.79765e-05 sec
INFO (CarpetX):   total iterations:                28
INFO (CarpetX):   total cells updated:             114688
INFO (CarpetX):   average iterations per second: 15.2395
INFO (CarpetX):   average cell updates per second: 62421
INFO (CarpetX): Simulation time: 0.113281   Iterations per second: 15.2387   Simulation time per second: 0.0595263
INFO (CarpetX): Grid cells: 4096   Grid cell updates per second: 62417.9
INFO (CarpetX): Performance:
INFO (CarpetX):   total evolution time:            1.90271 sec
INFO (CarpetX):   total evolution compute time:    1.90262 sec
INFO (CarpetX):   total evolution output time:     9.10759e-05 sec
INFO (CarpetX):   total iterations:                29
INFO (CarpetX):   total cells updated:             118784
INFO (CarpetX):   average iterations per second: 15.2414
INFO (CarpetX):   average cell updates per second: 62428.7
INFO (CarpetX): Simulation time: 0.117188   Iterations per second: 15.2473   Simulation time per second: 0.0595596
INFO (CarpetX): Grid cells: 4096   Grid cell updates per second: 62452.8
INFO (CarpetX): Performance:
INFO (CarpetX):   total evolution time:            1.96797 sec
INFO (CarpetX):   total evolution compute time:    1.96787 sec
INFO (CarpetX):   total evolution output time:     9.41753e-05 sec
INFO (CarpetX):   total iterations:                30
INFO (CarpetX):   total cells updated:             122880
INFO (CarpetX):   average iterations per second: 15.2441
INFO (CarpetX):   average cell updates per second: 62440
INFO (CarpetX): Simulation time: 0.121094   Iterations per second: 15.2394   Simulation time per second: 0.0595288
INFO (CarpetX): Grid cells: 4096   Grid cell updates per second: 62420.5
INFO (CarpetX): Performance:
INFO (CarpetX):   total evolution time:            2.03389 sec
INFO (CarpetX):   total evolution compute time:    2.0338 sec
INFO (CarpetX):   total evolution output time:     9.72748e-05 sec
INFO (CarpetX):   total iterations:                31
INFO (CarpetX):   total cells updated:             126976
INFO (CarpetX):   average iterations per second: 15.2417
INFO (CarpetX):   average cell updates per second: 62430
INFO (CarpetX): Simulation time: 0.125   Iterations per second: 15.2208   Simulation time per second: 0.0594562
INFO (CarpetX): Grid cells: 4096   Grid cell updates per second: 62344.3
INFO (CarpetX): Performance:
INFO (CarpetX):   total evolution time:            2.10031 sec
INFO (CarpetX):   total evolution compute time:    2.10021 sec
INFO (CarpetX):   total evolution output time:     0.000100374 sec
INFO (CarpetX):   total iterations:                32
INFO (CarpetX):   total cells updated:             131072
INFO (CarpetX):   average iterations per second: 15.2358
INFO (CarpetX):   average cell updates per second: 62405.9
INFO (CarpetX): Simulation time: 0.128906   Iterations per second: 15.2037   Simulation time per second: 0.0593893
INFO (CarpetX): Grid cells: 4096   Grid cell updates per second: 62274.2
INFO (CarpetX): Performance:
INFO (CarpetX):   total evolution time:            2.16675 sec
INFO (CarpetX):   total evolution compute time:    2.16665 sec
INFO (CarpetX):   total evolution output time:     0.000103235 sec
INFO (CarpetX):   total iterations:                33
INFO (CarpetX):   total cells updated:             135168
INFO (CarpetX):   average iterations per second: 15.2302
INFO (CarpetX):   average cell updates per second: 62382.7
INFO (CarpetX): Simulation time: 0.132812   Iterations per second: 15.1891   Simulation time per second: 0.0593325
INFO (CarpetX): Grid cells: 4096   Grid cell updates per second: 62214.6
INFO (CarpetX): Performance:
INFO (CarpetX):   total evolution time:            2.23316 sec
INFO (CarpetX):   total evolution compute time:    2.23305 sec
INFO (CarpetX):   total evolution output time:     0.000106335 sec
INFO (CarpetX):   total iterations:                34
INFO (CarpetX):   total cells updated:             139264
INFO (CarpetX):   average iterations per second: 15.2251
INFO (CarpetX):   average cell updates per second: 62361.9
INFO (CarpetX): Simulation time: 0.136719   Iterations per second: 15.183   Simulation time per second: 0.0593086
INFO (CarpetX): Grid cells: 4096   Grid cell updates per second: 62189.5
INFO (CarpetX): Performance:
INFO (CarpetX):   total evolution time:            2.29926 sec
INFO (CarpetX):   total evolution compute time:    2.29915 sec
INFO (CarpetX):   total evolution output time:     0.000109196 sec
INFO (CarpetX):   total iterations:                35
INFO (CarpetX):   total cells updated:             143360
INFO (CarpetX):   average iterations per second: 15.2223
INFO (CarpetX):   average cell updates per second: 62350.5
INFO (CarpetX): Simulation time: 0.140625   Iterations per second: 15.1779   Simulation time per second: 0.0592885
INFO (CarpetX): Grid cells: 4096   Grid cell updates per second: 62168.5
INFO (CarpetX): Performance:
INFO (CarpetX):   total evolution time:            2.36535 sec
INFO (CarpetX):   total evolution compute time:    2.36523 sec
INFO (CarpetX):   total evolution output time:     0.000112057 sec
INFO (CarpetX):   total iterations:                36
INFO (CarpetX):   total cells updated:             147456
INFO (CarpetX):   average iterations per second: 15.2198
INFO (CarpetX):   average cell updates per second: 62340.1
INFO (CarpetX): Simulation time: 0.144531   Iterations per second: 15.1769   Simulation time per second: 0.0592848
INFO (CarpetX): Grid cells: 4096   Grid cell updates per second: 62164.6
INFO (CarpetX): Performance:
INFO (CarpetX):   total evolution time:            2.43127 sec
INFO (CarpetX):   total evolution compute time:    2.43116 sec
INFO (CarpetX):   total evolution output time:     0.000114918 sec
INFO (CarpetX):   total iterations:                37
INFO (CarpetX):   total cells updated:             151552
INFO (CarpetX):   average iterations per second: 15.2184
INFO (CarpetX):   average cell updates per second: 62334.4
INFO (CarpetX): Simulation time: 0.148438   Iterations per second: 15.1712   Simulation time per second: 0.0592624
INFO (CarpetX): Grid cells: 4096   Grid cell updates per second: 62141.1
INFO (CarpetX): Performance:
INFO (CarpetX):   total evolution time:            2.49741 sec
INFO (CarpetX):   total evolution compute time:    2.49729 sec
INFO (CarpetX):   total evolution output time:     0.000118017 sec
INFO (CarpetX):   total iterations:                38
INFO (CarpetX):   total cells updated:             155648
INFO (CarpetX):   average iterations per second: 15.2158
INFO (CarpetX):   average cell updates per second: 62323.7
INFO (CarpetX): Simulation time: 0.152344   Iterations per second: 15.1433   Simulation time per second: 0.0591535
INFO (CarpetX): Grid cells: 4096   Grid cell updates per second: 62026.9
INFO (CarpetX): Performance:
INFO (CarpetX):   total evolution time:            2.56454 sec
INFO (CarpetX):   total evolution compute time:    2.56442 sec
INFO (CarpetX):   total evolution output time:     0.00012207 sec
INFO (CarpetX):   total iterations:                39
INFO (CarpetX):   total cells updated:             159744
INFO (CarpetX):   average iterations per second: 15.2074
INFO (CarpetX):   average cell updates per second: 62289.5
INFO (CarpetX): Simulation time: 0.15625   Iterations per second: 15.0949   Simulation time per second: 0.0589643
INFO (CarpetX): Grid cells: 4096   Grid cell updates per second: 61828.6
INFO (CarpetX): Performance:
INFO (CarpetX):   total evolution time:            2.63269 sec
INFO (CarpetX):   total evolution compute time:    2.63257 sec
INFO (CarpetX):   total evolution output time:     0.00012517 sec
INFO (CarpetX):   total iterations:                40
INFO (CarpetX):   total cells updated:             163840
INFO (CarpetX):   average iterations per second: 15.1936
INFO (CarpetX):   average cell updates per second: 62232.8
INFO (CarpetX): Simulation time: 0.160156   Iterations per second: 15.0927   Simulation time per second: 0.0589558
INFO (CarpetX): Grid cells: 4096   Grid cell updates per second: 61819.7
INFO (CarpetX): Performance:
INFO (CarpetX):   total evolution time:            2.69904 sec
INFO (CarpetX):   total evolution compute time:    2.69891 sec
INFO (CarpetX):   total evolution output time:     0.000128984 sec
INFO (CarpetX):   total iterations:                41
INFO (CarpetX):   total cells updated:             167936
INFO (CarpetX):   average iterations per second: 15.1906
INFO (CarpetX):   average cell updates per second: 62220.7
INFO (CarpetX): Simulation time: 0.164062   Iterations per second: 15.0936   Simulation time per second: 0.0589593
INFO (CarpetX): Grid cells: 4096   Grid cell updates per second: 61823.3
INFO (CarpetX): Performance:
INFO (CarpetX):   total evolution time:            2.76525 sec
INFO (CarpetX):   total evolution compute time:    2.76512 sec
INFO (CarpetX):   total evolution output time:     0.000132084 sec
INFO (CarpetX):   total iterations:                42
INFO (CarpetX):   total cells updated:             172032
INFO (CarpetX):   average iterations per second: 15.1885
INFO (CarpetX):   average cell updates per second: 62212
INFO (CarpetX): Simulation time: 0.167969   Iterations per second: 15.1046   Simulation time per second: 0.0590022
INFO (CarpetX): Grid cells: 4096   Grid cell updates per second: 61868.3
INFO (CarpetX): Performance:
INFO (CarpetX):   total evolution time:            2.83103 sec
INFO (CarpetX):   total evolution compute time:    2.83089 sec
INFO (CarpetX):   total evolution output time:     0.000134945 sec
INFO (CarpetX):   total iterations:                43
INFO (CarpetX):   total cells updated:             176128
INFO (CarpetX):   average iterations per second: 15.1888
INFO (CarpetX):   average cell updates per second: 62213.5
INFO (CarpetX): Simulation time: 0.171875   Iterations per second: 15.1175   Simulation time per second: 0.0590527
INFO (CarpetX): Grid cells: 4096   Grid cell updates per second: 61921.2
INFO (CarpetX): Performance:
INFO (CarpetX):   total evolution time:            2.89667 sec
INFO (CarpetX):   total evolution compute time:    2.89653 sec
INFO (CarpetX):   total evolution output time:     0.000138044 sec
INFO (CarpetX):   total iterations:                44
INFO (CarpetX):   total cells updated:             180224
INFO (CarpetX):   average iterations per second: 15.1899
INFO (CarpetX):   average cell updates per second: 62217.7
INFO (CarpetX): Simulation time: 0.175781   Iterations per second: 15.1287   Simulation time per second: 0.0590964
INFO (CarpetX): Grid cells: 4096   Grid cell updates per second: 61967.1
INFO (CarpetX): Performance:
INFO (CarpetX):   total evolution time:            2.96232 sec
INFO (CarpetX):   total evolution compute time:    2.96218 sec
INFO (CarpetX):   total evolution output time:     0.000141144 sec
INFO (CarpetX):   total iterations:                45
INFO (CarpetX):   total cells updated:             184320
INFO (CarpetX):   average iterations per second: 15.1908
INFO (CarpetX):   average cell updates per second: 62221.4
INFO (CarpetX): Simulation time: 0.179688   Iterations per second: 15.135   Simulation time per second: 0.059121
INFO (CarpetX): Grid cells: 4096   Grid cell updates per second: 61992.8
INFO (CarpetX): Performance:
INFO (CarpetX):   total evolution time:            3.02815 sec
INFO (CarpetX):   total evolution compute time:    3.02801 sec
INFO (CarpetX):   total evolution output time:     0.000144005 sec
INFO (CarpetX):   total iterations:                46
INFO (CarpetX):   total cells updated:             188416
INFO (CarpetX):   average iterations per second: 15.1908
INFO (CarpetX):   average cell updates per second: 62221.5
INFO (CarpetX): Simulation time: 0.183594   Iterations per second: 15.1419   Simulation time per second: 0.0591482
INFO (CarpetX): Grid cells: 4096   Grid cell updates per second: 62021.4
INFO (CarpetX): Performance:
INFO (CarpetX):   total evolution time:            3.09392 sec
INFO (CarpetX):   total evolution compute time:    3.09377 sec
INFO (CarpetX):   total evolution output time:     0.000147104 sec
INFO (CarpetX):   total iterations:                47
INFO (CarpetX):   total cells updated:             192512
INFO (CarpetX):   average iterations per second: 15.1911
INFO (CarpetX):   average cell updates per second: 62222.7
INFO (CarpetX): Simulation time: 0.1875   Iterations per second: 15.1396   Simulation time per second: 0.0591389
INFO (CarpetX): Grid cells: 4096   Grid cell updates per second: 62011.7
INFO (CarpetX): Performance:
INFO (CarpetX):   total evolution time:            3.16006 sec
INFO (CarpetX):   total evolution compute time:    3.15991 sec
INFO (CarpetX):   total evolution output time:     0.000151157 sec
INFO (CarpetX):   total iterations:                48
INFO (CarpetX):   total cells updated:             196608
INFO (CarpetX):   average iterations per second: 15.1896
INFO (CarpetX):   average cell updates per second: 62216.5
INFO (CarpetX): Simulation time: 0.191406   Iterations per second: 15.143   Simulation time per second: 0.0591522
INFO (CarpetX): Grid cells: 4096   Grid cell updates per second: 62025.6
INFO (CarpetX): Performance:
INFO (CarpetX):   total evolution time:            3.22597 sec
INFO (CarpetX):   total evolution compute time:    3.22581 sec
INFO (CarpetX):   total evolution output time:     0.000154018 sec
INFO (CarpetX):   total iterations:                49
INFO (CarpetX):   total cells updated:             200704
INFO (CarpetX):   average iterations per second: 15.1892
INFO (CarpetX):   average cell updates per second: 62215.1
INFO (CarpetX): Simulation time: 0.195312   Iterations per second: 15.1516   Simulation time per second: 0.0591858
INFO (CarpetX): Grid cells: 4096   Grid cell updates per second: 62060.8
INFO (CarpetX): Performance:
INFO (CarpetX):   total evolution time:            3.29163 sec
INFO (CarpetX):   total evolution compute time:    3.29147 sec
INFO (CarpetX):   total evolution output time:     0.000156879 sec
INFO (CarpetX):   total iterations:                50
INFO (CarpetX):   total cells updated:             204800
INFO (CarpetX):   average iterations per second: 15.19
INFO (CarpetX):   average cell updates per second: 62218.4
INFO (CarpetX): Simulation time: 0.199219   Iterations per second: 15.1442   Simulation time per second: 0.0591569
INFO (CarpetX): Grid cells: 4096   Grid cell updates per second: 62030.5
INFO (CarpetX): Performance:
INFO (CarpetX):   total evolution time:            3.35795 sec
INFO (CarpetX):   total evolution compute time:    3.35779 sec
INFO (CarpetX):   total evolution output time:     0.000159979 sec
INFO (CarpetX):   total iterations:                51
INFO (CarpetX):   total cells updated:             208896
INFO (CarpetX):   average iterations per second: 15.1878
INFO (CarpetX):   average cell updates per second: 62209.3
INFO (CarpetX): Simulation time: 0.203125   Iterations per second: 15.1425   Simulation time per second: 0.0591505
INFO (CarpetX): Grid cells: 4096   Grid cell updates per second: 62023.8
INFO (CarpetX): Performance:
INFO (CarpetX):   total evolution time:            3.42405 sec
INFO (CarpetX):   total evolution compute time:    3.42389 sec
INFO (CarpetX):   total evolution output time:     0.000164032 sec
INFO (CarpetX):   total iterations:                52
INFO (CarpetX):   total cells updated:             212992
INFO (CarpetX):   average iterations per second: 15.1867
INFO (CarpetX):   average cell updates per second: 62204.6
INFO (CarpetX): Simulation time: 0.207031   Iterations per second: 15.1475   Simulation time per second: 0.0591701
INFO (CarpetX): Grid cells: 4096   Grid cell updates per second: 62044.3
INFO (CarpetX): Performance:
INFO (CarpetX):   total evolution time:            3.48988 sec
INFO (CarpetX):   total evolution compute time:    3.48971 sec
INFO (CarpetX):   total evolution output time:     0.000167131 sec
INFO (CarpetX):   total iterations:                53
INFO (CarpetX):   total cells updated:             217088
INFO (CarpetX):   average iterations per second: 15.1868
INFO (CarpetX):   average cell updates per second: 62205.1
INFO (CarpetX): Simulation time: 0.210938   Iterations per second: 15.157   Simulation time per second: 0.0592071
INFO (CarpetX): Grid cells: 4096   Grid cell updates per second: 62083.2
INFO (CarpetX): Performance:
INFO (CarpetX):   total evolution time:            3.55548 sec
INFO (CarpetX):   total evolution compute time:    3.55531 sec
INFO (CarpetX):   total evolution output time:     0.000170231 sec
INFO (CarpetX):   total iterations:                54
INFO (CarpetX):   total cells updated:             221184
INFO (CarpetX):   average iterations per second: 15.1878
INFO (CarpetX):   average cell updates per second: 62209.3
INFO (CarpetX): Simulation time: 0.214844   Iterations per second: 15.1514   Simulation time per second: 0.0591853
INFO (CarpetX): Grid cells: 4096   Grid cell updates per second: 62060.3
INFO (CarpetX): Performance:
INFO (CarpetX):   total evolution time:            3.6217 sec
INFO (CarpetX):   total evolution compute time:    3.62153 sec
INFO (CarpetX):   total evolution output time:     0.000174046 sec
INFO (CarpetX):   total iterations:                55
INFO (CarpetX):   total cells updated:             225280
INFO (CarpetX):   average iterations per second: 15.1862
INFO (CarpetX):   average cell updates per second: 62202.8
INFO (CarpetX): Simulation time: 0.21875   Iterations per second: 15.1176   Simulation time per second: 0.0590532
INFO (CarpetX): Grid cells: 4096   Grid cell updates per second: 61921.7
INFO (CarpetX): Performance:
INFO (CarpetX):   total evolution time:            3.68918 sec
INFO (CarpetX):   total evolution compute time:    3.689 sec
INFO (CarpetX):   total evolution output time:     0.000178099 sec
INFO (CarpetX):   total iterations:                56
INFO (CarpetX):   total cells updated:             229376
INFO (CarpetX):   average iterations per second: 15.1795
INFO (CarpetX):   average cell updates per second: 62175.4
INFO (CarpetX): Simulation time: 0.222656   Iterations per second: 15.1098   Simulation time per second: 0.0590228
INFO (CarpetX): Grid cells: 4096   Grid cell updates per second: 61889.9
INFO (CarpetX): Performance:
INFO (CarpetX):   total evolution time:            3.75566 sec
INFO (CarpetX):   total evolution compute time:    3.75548 sec
INFO (CarpetX):   total evolution output time:     0.000182152 sec
INFO (CarpetX):   total iterations:                57
INFO (CarpetX):   total cells updated:             233472
INFO (CarpetX):   average iterations per second: 15.1771
INFO (CarpetX):   average cell updates per second: 62165.3
INFO (CarpetX): Simulation time: 0.226562   Iterations per second: 15.1114   Simulation time per second: 0.059029
INFO (CarpetX): Grid cells: 4096   Grid cell updates per second: 61896.4
INFO (CarpetX): Performance:
INFO (CarpetX):   total evolution time:            3.82178 sec
INFO (CarpetX):   total evolution compute time:    3.82159 sec
INFO (CarpetX):   total evolution output time:     0.000185251 sec
INFO (CarpetX):   total iterations:                58
INFO (CarpetX):   total cells updated:             237568
INFO (CarpetX):   average iterations per second: 15.1762
INFO (CarpetX):   average cell updates per second: 62161.6
INFO (CarpetX): Simulation time: 0.230469   Iterations per second: 15.1111   Simulation time per second: 0.0590276
INFO (CarpetX): Grid cells: 4096   Grid cell updates per second: 61895
INFO (CarpetX): Performance:
INFO (CarpetX):   total evolution time:            3.88797 sec
INFO (CarpetX):   total evolution compute time:    3.88778 sec
INFO (CarpetX):   total evolution output time:     0.000188351 sec
INFO (CarpetX):   total iterations:                59
INFO (CarpetX):   total cells updated:             241664
INFO (CarpetX):   average iterations per second: 15.175
INFO (CarpetX):   average cell updates per second: 62156.9
INFO (CarpetX): Simulation time: 0.234375   Iterations per second: 15.1   Simulation time per second: 0.0589845
INFO (CarpetX): Grid cells: 4096   Grid cell updates per second: 61849.7
INFO (CarpetX): Performance:
INFO (CarpetX):   total evolution time:            3.95463 sec
INFO (CarpetX):   total evolution compute time:    3.95444 sec
INFO (CarpetX):   total evolution output time:     0.00019145 sec
INFO (CarpetX):   total iterations:                60
INFO (CarpetX):   total cells updated:             245760
INFO (CarpetX):   average iterations per second: 15.1721
INFO (CarpetX):   average cell updates per second: 62144.9
INFO (CarpetX): Simulation time: 0.238281   Iterations per second: 15.0944   Simulation time per second: 0.0589625
INFO (CarpetX): Grid cells: 4096   Grid cell updates per second: 61826.6
INFO (CarpetX): Performance:
INFO (CarpetX):   total evolution time:            4.0211 sec
INFO (CarpetX):   total evolution compute time:    4.02091 sec
INFO (CarpetX):   total evolution output time:     0.000194311 sec
INFO (CarpetX):   total iterations:                61
INFO (CarpetX):   total cells updated:             249856
INFO (CarpetX):   average iterations per second: 15.17
INFO (CarpetX):   average cell updates per second: 62136.2
INFO (CarpetX): Simulation time: 0.242188   Iterations per second: 15.0872   Simulation time per second: 0.0589345
INFO (CarpetX): Grid cells: 4096   Grid cell updates per second: 61797.3
INFO (CarpetX): Performance:
INFO (CarpetX):   total evolution time:            4.08766 sec
INFO (CarpetX):   total evolution compute time:    4.08747 sec
INFO (CarpetX):   total evolution output time:     0.000197172 sec
INFO (CarpetX):   total iterations:                62
INFO (CarpetX):   total cells updated:             253952
INFO (CarpetX):   average iterations per second: 15.1676
INFO (CarpetX):   average cell updates per second: 62126.4
INFO (CarpetX): Simulation time: 0.246094   Iterations per second: 15.0849   Simulation time per second: 0.0589254
INFO (CarpetX): Grid cells: 4096   Grid cell updates per second: 61787.7
INFO (CarpetX): Performance:
INFO (CarpetX):   total evolution time:            4.15405 sec
INFO (CarpetX):   total evolution compute time:    4.15385 sec
INFO (CarpetX):   total evolution output time:     0.000200272 sec
INFO (CarpetX):   total iterations:                63
INFO (CarpetX):   total cells updated:             258048
INFO (CarpetX):   average iterations per second: 15.1659
INFO (CarpetX):   average cell updates per second: 62119.6
INFO (CarpetX): Simulation time: 0.25   Iterations per second: 14.2558   Simulation time per second: 0.0556866
INFO (CarpetX): Grid cells: 4096   Grid cell updates per second: 58391.7
INFO (CarpetX): Performance:
INFO (CarpetX):   total evolution time:            4.2589 sec
INFO (CarpetX):   total evolution compute time:    4.22712 sec
INFO (CarpetX):   total evolution output time:     0.0317733 sec
INFO (CarpetX):   total iterations:                64
INFO (CarpetX):   total cells updated:             262144
INFO (CarpetX):   average iterations per second: 15.0274
INFO (CarpetX):   average cell updates per second: 61552.1
INFO (CarpetX): Shutting down...
AMReX (25.11) finalized
--------------------------------------------------------------------------------
Done.

real	0m4.838s
user	0m8.786s
sys	0m0.215s
+ echo Stopping:
Stopping:
+ date
Thu Apr  9 07:48:53 PM UTC 2026
+ echo Done.
Done.
  Elapsed time: 4.8 s
