/__w/canudax-tests/workspace/simulations/TestJob01_temp_1/output-0000/TEST/sim/CanudaX_BSSNMoL
Preparing:
+ set -e
+ cd output-0000-active
+ echo Checking:
Checking:
+ pwd
/__w/canudax-tests/workspace/simulations/TestJob01_temp_1/output-0000/TEST/sim/CanudaX_BSSNMoL/output-0000-active
+ hostname
0c921cea513a
+ date
Thu Apr 16 04:16:35 AM UTC 2026
+ echo Environment:
Environment:
+ export SIMULATION_ID=simulation-TestJob01_temp_1-actions-cpu-real64-actions-root-2026.04.16-04.16.35-15620
+ SIMULATION_ID=simulation-TestJob01_temp_1-actions-cpu-real64-actions-root-2026.04.16-04.16.35-15620
+ export CACTUS_NUM_PROCS=1
+ CACTUS_NUM_PROCS=1
+ export CACTUS_NUM_THREADS=2
+ CACTUS_NUM_THREADS=2
+ export CACTUS_SET_THREAD_BINDINGS=0
+ CACTUS_SET_THREAD_BINDINGS=0
+ export GLIBCXX_FORCE_NEW=1
+ GLIBCXX_FORCE_NEW=1
+ export GMON_OUT_PREFIX=gmon.out
+ GMON_OUT_PREFIX=gmon.out
+ export OMP_DISPLAY_ENV=TRUE
+ OMP_DISPLAY_ENV=TRUE
+ export OMP_MAX_TASKS=100
+ OMP_MAX_TASKS=100
+ export OMP_NUM_THREADS=2
+ OMP_NUM_THREADS=2
+ export OMP_PLACES=cores
+ OMP_PLACES=cores
+ export OMP_PROC_BIND=FALSE
+ OMP_PROC_BIND=FALSE
+ export OMP_STACKSIZE=8192
+ OMP_STACKSIZE=8192
+ env
+ sort
+ echo Starting:
Starting:
++ date +%s
+ export CACTUS_STARTTIME=1776312995
+ CACTUS_STARTTIME=1776312995
+ mpiexec -n 1 /__w/canudax-tests/workspace/simulations/TestJob01_temp_1/SIMFACTORY/exe/cactus_sim -L 3 /__w/canudax-tests/workspace/simulations/TestJob01_temp_1/output-0000/arrangements/CanudaX/CanudaX_BSSNMoL/test/gaugewave.par

OPENMP DISPLAY ENVIRONMENT BEGIN
  _OPENMP = '201511'
  [host] OMP_DYNAMIC = 'FALSE'
  [host] OMP_NESTED = 'FALSE'
  [host] OMP_NUM_THREADS = '2'
  [host] OMP_SCHEDULE = 'DYNAMIC'
  [host] OMP_PROC_BIND = 'FALSE'
  [host] OMP_PLACES = ''
  [host] OMP_STACKSIZE = '8388608'
  [host] OMP_WAIT_POLICY = 'PASSIVE'
  [host] OMP_THREAD_LIMIT = '4294967295'
  [host] OMP_MAX_ACTIVE_LEVELS = '1'
  [host] OMP_NUM_TEAMS = '0'
  [host] OMP_TEAMS_THREAD_LIMIT = '0'
  [all] OMP_CANCELLATION = 'FALSE'
  [all] OMP_DEFAULT_DEVICE = '0'
  [all] OMP_MAX_TASK_PRIORITY = '0'
  [all] OMP_DISPLAY_AFFINITY = 'FALSE'
  [host] OMP_AFFINITY_FORMAT = 'level %L thread %i affinity %A'
  [host] OMP_ALLOCATOR = 'omp_default_mem_alloc'
  [all] OMP_TARGET_OFFLOAD = 'DEFAULT'
OPENMP DISPLAY ENVIRONMENT END
INFO (Cactus): Increased logging level from 0 to 3
--------------------------------------------------------------------------------

       10                                  
  1   0101       ************************  
  01  1010 10      The Cactus Code V4.18.0    
 1010 1101 011      www.cactuscode.org     
  1001 100101    ************************  
    00010101                               
     100011     (c) Copyright The Authors  
      0100      GNU Licensed. No Warranty  
      0101                                 
--------------------------------------------------------------------------------

Cactus version:    4.18.0
Compile date:      Apr 16 2026 (04:16:27)
Run date:          Apr 16 2026 (04:16:36+0000)
Run host:          0c921cea513a (pid=15668)
Working directory: /__w/canudax-tests/workspace/simulations/TestJob01_temp_1/output-0000/TEST/sim/CanudaX_BSSNMoL
Executable:        /__w/canudax-tests/workspace/simulations/TestJob01_temp_1/SIMFACTORY/exe/cactus_sim
Parameter file:    /__w/canudax-tests/workspace/simulations/TestJob01_temp_1/output-0000/arrangements/CanudaX/CanudaX_BSSNMoL/test/gaugewave.par
--------------------------------------------------------------------------------

Activating thorn Cactus...Success -> active implementation Cactus
Activation requested for 
--->ADMBaseX CanudaX_BSSNMoL CanudaX_ExactID CarpetX IOUtil ODESolvers TmunuBaseX<---
Thorn ADMBaseX requests automatic activation of Loop
Thorn CarpetX requests automatic activation of AMReX
Thorn CarpetX requests automatic activation of MPI
Thorn CarpetX requests automatic activation of yaml_cpp
Thorn CarpetX requests automatic activation of zlib
Thorn CarpetX requests automatic activation of Arith
Thorn CarpetX requests automatic activation of CarpetXRegrid
Thorn CarpetX requests automatic activation of ADIOS2
Thorn CarpetX requests automatic activation of openPMD
Thorn CarpetX requests automatic activation of Silo
Thorn ODESolvers requests automatic activation of Subcycling
Thorn Arith requests automatic activation of NSIMD
Thorn MPI requests automatic activation of hwloc
Thorn openPMD requests automatic activation of HDF5
Activating thorn ADIOS2...Success -> active implementation ADIOS2
Activating thorn ADMBaseX...Success -> active implementation ADMBaseX
Activating thorn AMReX...Success -> active implementation AMReX
Activating thorn Arith...Success -> active implementation Arith
Activating thorn CanudaX_BSSNMoL...Success -> active implementation CanudaX_BSSNMoL
Activating thorn CanudaX_ExactID...Success -> active implementation CanudaX_ExactID
Activating thorn CarpetX...Success -> active implementation Driver
Activating thorn CarpetXRegrid...Success -> active implementation CarpetXRegrid
Activating thorn HDF5...Success -> active implementation HDF5
Activating thorn hwloc...Success -> active implementation hwloc
Activating thorn IOUtil...Success -> active implementation IO
Activating thorn Loop...Success -> active implementation Loop
Activating thorn MPI...Success -> active implementation MPI
Activating thorn NSIMD...Success -> active implementation NSIMD
Activating thorn ODESolvers...Success -> active implementation ODESolvers
Activating thorn openPMD...Success -> active implementation openPMD
Activating thorn Silo...Success -> active implementation Silo
Activating thorn Subcycling...Success -> active implementation Subcycling
Activating thorn TmunuBaseX...Success -> active implementation TmunuBaseX
Activating thorn yaml_cpp...Success -> active implementation yaml_cpp
Activating thorn zlib...Success -> active implementation zlib
--------------------------------------------------------------------------------
  if (recover initial data)
    Recover parameters
  endif

  Startup routines
    [CCTK_STARTUP]
      CarpetX::Driver_Startup: Start up the driver
      IOUtil::IOUtil_Startup: Startup routine
      GROUP hwloc_startup: hwloc startup group
        hwloc::hwloc_version: Output hwloc version

  Startup routines which need an existing grid hierarchy
    [CCTK_WRAGH]
      Arith::Test_smallvector: [meta] Test small vectors
      Arith::Test_spvect: [meta] Test sparse vectors
      ODESolvers::ODESolvers_InitConstants: [global] Set up dummy loop counters for schedule printout
  Parameter checking routines
    [CCTK_PARAMCHECK]
      CanudaX_BSSNMoL::CanudaX_BSSNMoL_paramcheck: Check CanudaX_BSSNMoL parameters for consistency

  Initialisation
    if (NOT (recover initial data AND recovery_mode is 'strict'))
      [CCTK_PREREGRIDINITIAL]
      Set up grid hierarchy
      [CCTK_POSTREGRIDINITIAL]
      [CCTK_BASEGRID]
        CarpetXRegrid::CarpetXRegrid_InitError: Initialize regridding error to zero
        GROUP ODESolvers_BaseGrid: Set up constants (e.g. coordinates) everywhere on the grid
      [CCTK_INITIAL]
        GROUP TmunuBaseX_SetTmunuVars: Schedule group for setting T_munu
          TmunuBaseX::TmunuBaseX_ZeroTmunu: Set T_munu to zero
          GROUP TmunuBaseX_AddToTmunu: Add to T_munu here
        GROUP ODESolvers_Initial: Set up initial conditions on interior of state vector
          GROUP ADMBaseX_InitialData: Schedule group for calculating ADM initial data
            GROUP CanudaX_ExactIDGroup: CanudaX_ExactID group for setting up initial data
              CanudaX_ExactID::CanudaX_ExactID_GaugeWave: [local] Create gauge wave initial data
          GROUP ADMBaseX_InitialGauge: Schedule group for the ADM initial gauge condition
            ADMBaseX::ADMBaseX_initial_dtlapse: Set dtlapse to zero
            ADMBaseX::ADMBaseX_initial_dtshift: Set dtshift to zero
          GROUP ADMBaseX_PostInitial: Schedule group for modifying the ADM initial data, such as e.g. adding noise
        GROUP Subcycling_RMBndryGroup: Check if the ghost points are at refinement boundary
          Subcycling::Subcycling_SetLevelNeighbor: Set isrmbndry
          Subcycling::Subcycling_SetIsRMBndry: Set isrmbndry
        GROUP CanudaX_BSSNMoL_InitialGroup: CanudaX_BSSNMoL: initial bin
          CanudaX_BSSNMoL::CanudaX_BSSNMoL_adm2bssn: [local] Convert initial data into BSSN variables
          CanudaX_BSSNMoL::CanudaX_BSSNMoL_gammat: [local] Set Gammat initial data
      [CCTK_POSTINITIAL]
        GROUP ODESolvers_PostStep: Apply boundary conditions to state vector, and project if necessary
          GROUP CanudaX_BSSNMoL_PostStepGroup: CanudaX_BSSNMoL: post-step operations
            CanudaX_BSSNMoL::CanudaX_BSSNMoL_impose_conf_fac_floor: Make sure conformal factor does not drop below specified value
            CanudaX_BSSNMoL::CanudaX_BSSNMoL_reset_detmetric: reset dethh = 1
            CanudaX_BSSNMoL::CanudaX_BSSNMoL_remove_trA: Remove trace of A
          GROUP ADMBaseX_SetADMRHS: Set ADM RHS variables in this group
          CanudaX_BSSNMoL::CanudaX_BSSNMoL_sync: [global] Sync state vector
          GROUP ADMBaseX_SetADMVars: Set ADM variables in this group
            CanudaX_BSSNMoL::CanudaX_BSSNMoL_bssn2adm: [local] Convert variables back to the ADM ones
          GROUP TmunuBaseX_SetTmunuVars: Schedule group for setting T_munu
            TmunuBaseX::TmunuBaseX_ZeroTmunu: Set T_munu to zero
            GROUP TmunuBaseX_AddToTmunu: Add to T_munu here
        GROUP ODESolvers_EstimateError: Estimate discretization error (for regridding)
      Initialise finer grids recursively
      Restrict from finer grids
      [CCTK_POSTRESTRICTINITIAL]
      [CCTK_POSTPOSTINITIAL]
      [CCTK_POSTSTEP]
        GROUP ODESolvers_EstimateError: Estimate discretization error (for regridding)
    endif
    if (recover initial data)
      [CCTK_BASEGRID]
        CarpetXRegrid::CarpetXRegrid_InitError: Initialize regridding error to zero
        GROUP ODESolvers_BaseGrid: Set up constants (e.g. coordinates) everywhere on the grid
      [CCTK_RECOVER_VARIABLES]
      [CCTK_POST_RECOVER_VARIABLES]
        GROUP ODESolvers_PostStep: Apply boundary conditions to state vector, and project if necessary
          GROUP CanudaX_BSSNMoL_PostStepGroup: CanudaX_BSSNMoL: post-step operations
            CanudaX_BSSNMoL::CanudaX_BSSNMoL_impose_conf_fac_floor: Make sure conformal factor does not drop below specified value
            CanudaX_BSSNMoL::CanudaX_BSSNMoL_reset_detmetric: reset dethh = 1
            CanudaX_BSSNMoL::CanudaX_BSSNMoL_remove_trA: Remove trace of A
          GROUP ADMBaseX_SetADMRHS: Set ADM RHS variables in this group
          CanudaX_BSSNMoL::CanudaX_BSSNMoL_sync: [global] Sync state vector
          GROUP ADMBaseX_SetADMVars: Set ADM variables in this group
            CanudaX_BSSNMoL::CanudaX_BSSNMoL_bssn2adm: [local] Convert variables back to the ADM ones
          GROUP TmunuBaseX_SetTmunuVars: Schedule group for setting T_munu
            TmunuBaseX::TmunuBaseX_ZeroTmunu: Set T_munu to zero
            GROUP TmunuBaseX_AddToTmunu: Add to T_munu here
        GROUP ODESolvers_EstimateError: Estimate discretization error (for regridding)
        GROUP Subcycling_RMBndryGroup: Check if the ghost points are at refinement boundary
          Subcycling::Subcycling_SetLevelNeighbor: Set isrmbndry
          Subcycling::Subcycling_SetIsRMBndry: Set isrmbndry
    endif
    if (checkpoint initial data)
      [CCTK_CPINITIAL]
        CarpetX::CarpetX_CheckpointInitial: [meta] Checkpoint initial conditions
    endif
    if (analysis)
      [CCTK_ANALYSIS]
        CanudaX_BSSNMoL::CanudaX_BSSNMoL_calc_ricci_for_constraints: MoL ricci tensor and scalar calculation
        CanudaX_BSSNMoL::CanudaX_BSSNMoL_bssn_constraints: Compute constraints
        GROUP ODESolvers_Analysis: Calculate analysis quantities everywhere
  endif
  Output grid variables

  do loop over timesteps
    [CCTK_PREREGRID]
    Change grid hierarchy
    [CCTK_POSTREGRID]
      GROUP ODESolvers_PostStep: Apply boundary conditions to state vector, and project if necessary
        GROUP CanudaX_BSSNMoL_PostStepGroup: CanudaX_BSSNMoL: post-step operations
          CanudaX_BSSNMoL::CanudaX_BSSNMoL_impose_conf_fac_floor: Make sure conformal factor does not drop below specified value
          CanudaX_BSSNMoL::CanudaX_BSSNMoL_reset_detmetric: reset dethh = 1
          CanudaX_BSSNMoL::CanudaX_BSSNMoL_remove_trA: Remove trace of A
        GROUP ADMBaseX_SetADMRHS: Set ADM RHS variables in this group
        CanudaX_BSSNMoL::CanudaX_BSSNMoL_sync: [global] Sync state vector
        GROUP ADMBaseX_SetADMVars: Set ADM variables in this group
          CanudaX_BSSNMoL::CanudaX_BSSNMoL_bssn2adm: [local] Convert variables back to the ADM ones
        GROUP TmunuBaseX_SetTmunuVars: Schedule group for setting T_munu
          TmunuBaseX::TmunuBaseX_ZeroTmunu: Set T_munu to zero
          GROUP TmunuBaseX_AddToTmunu: Add to T_munu here
      GROUP Subcycling_RMBndryGroup: Check if the ghost points are at refinement boundary
        Subcycling::Subcycling_SetLevelNeighbor: Set isrmbndry
        Subcycling::Subcycling_SetIsRMBndry: Set isrmbndry
    Rotate timelevels
    iteration = iteration+1
    t = t+dt
    [CCTK_PRESTEP]
    [CCTK_EVOL]
      ODESolvers::ODESolvers_Solve_Subcycling: [level] Solve ODEs using Subcycling
      while (ODESolvers::do_substeps)
        GROUP ODESolvers_CalledBySolve: Groups internally scheduled by ODESolvers_Solve
          GROUP ODESolvers_RHS: Evaluate the RHS for of state vector everywhere on the grid
            GROUP CanudaX_BSSNMoL_RHSGroup: CanudaX_BSSNMoL: calculate BSSN RHS
              CanudaX_BSSNMoL::CanudaX_BSSNMoL_calc_ricci: MoL ricci tensor and scalar calculation
              CanudaX_BSSNMoL::CanudaX_BSSNMoL_calc_bssn_rhs: MoL RHS calculation
              CanudaX_BSSNMoL::CanudaX_BSSNMoL_apply_boundary_conditions: Apply radiative boundary conditions 
          GROUP ODESolvers_PostStep: Apply boundary conditions to state vector, and project if necessary
            GROUP CanudaX_BSSNMoL_PostStepGroup: CanudaX_BSSNMoL: post-step operations
              CanudaX_BSSNMoL::CanudaX_BSSNMoL_impose_conf_fac_floor: Make sure conformal factor does not drop below specified value
              CanudaX_BSSNMoL::CanudaX_BSSNMoL_reset_detmetric: reset dethh = 1
              CanudaX_BSSNMoL::CanudaX_BSSNMoL_remove_trA: Remove trace of A
            GROUP ADMBaseX_SetADMRHS: Set ADM RHS variables in this group
            CanudaX_BSSNMoL::CanudaX_BSSNMoL_sync: [global] Sync state vector
            GROUP ADMBaseX_SetADMVars: Set ADM variables in this group
              CanudaX_BSSNMoL::CanudaX_BSSNMoL_bssn2adm: [local] Convert variables back to the ADM ones
            GROUP TmunuBaseX_SetTmunuVars: Schedule group for setting T_munu
              TmunuBaseX::TmunuBaseX_ZeroTmunu: Set T_munu to zero
              GROUP TmunuBaseX_AddToTmunu: Add to T_munu here
      end while
    Evolve finer grids recursively
    Restrict from finer grids
    [CCTK_POSTRESTRICT]
      GROUP ODESolvers_PostStep: Apply boundary conditions to state vector, and project if necessary
        GROUP CanudaX_BSSNMoL_PostStepGroup: CanudaX_BSSNMoL: post-step operations
          CanudaX_BSSNMoL::CanudaX_BSSNMoL_impose_conf_fac_floor: Make sure conformal factor does not drop below specified value
          CanudaX_BSSNMoL::CanudaX_BSSNMoL_reset_detmetric: reset dethh = 1
          CanudaX_BSSNMoL::CanudaX_BSSNMoL_remove_trA: Remove trace of A
        GROUP ADMBaseX_SetADMRHS: Set ADM RHS variables in this group
        CanudaX_BSSNMoL::CanudaX_BSSNMoL_sync: [global] Sync state vector
        GROUP ADMBaseX_SetADMVars: Set ADM variables in this group
          CanudaX_BSSNMoL::CanudaX_BSSNMoL_bssn2adm: [local] Convert variables back to the ADM ones
        GROUP TmunuBaseX_SetTmunuVars: Schedule group for setting T_munu
          TmunuBaseX::TmunuBaseX_ZeroTmunu: Set T_munu to zero
          GROUP TmunuBaseX_AddToTmunu: Add to T_munu here
    [CCTK_POSTSTEP]
      GROUP ODESolvers_EstimateError: Estimate discretization error (for regridding)
    if (checkpoint)
      [CCTK_CHECKPOINT]
      CarpetX::CarpetX_Checkpoint: [meta] Checkpoint
    endif
    if (analysis)
      [CCTK_ANALYSIS]
      CanudaX_BSSNMoL::CanudaX_BSSNMoL_calc_ricci_for_constraints: MoL ricci tensor and scalar calculation
      CanudaX_BSSNMoL::CanudaX_BSSNMoL_bssn_constraints: Compute constraints
      GROUP ODESolvers_Analysis: Calculate analysis quantities everywhere
    endif
    Output grid variables
    enddo

  Termination routines
    [CCTK_TERMINATE]
      CarpetX::CarpetX_CheckpointTerminate: [meta] Checkpoint before terminating

  Shutdown routines
    [CCTK_SHUTDOWN]
      CarpetX::Driver_Shutdown: [meta] Shut down the driver

  Routines run after changing the grid hierarchy:
    [CCTK_POSTREGRID]
      GROUP ODESolvers_PostStep: Apply boundary conditions to state vector, and project if necessary
        GROUP CanudaX_BSSNMoL_PostStepGroup: CanudaX_BSSNMoL: post-step operations
          CanudaX_BSSNMoL::CanudaX_BSSNMoL_impose_conf_fac_floor: Make sure conformal factor does not drop below specified value
          CanudaX_BSSNMoL::CanudaX_BSSNMoL_reset_detmetric: reset dethh = 1
          CanudaX_BSSNMoL::CanudaX_BSSNMoL_remove_trA: Remove trace of A
        GROUP ADMBaseX_SetADMRHS: Set ADM RHS variables in this group
        CanudaX_BSSNMoL::CanudaX_BSSNMoL_sync: [global] Sync state vector
        GROUP ADMBaseX_SetADMVars: Set ADM variables in this group
          CanudaX_BSSNMoL::CanudaX_BSSNMoL_bssn2adm: [local] Convert variables back to the ADM ones
        GROUP TmunuBaseX_SetTmunuVars: Schedule group for setting T_munu
          TmunuBaseX::TmunuBaseX_ZeroTmunu: Set T_munu to zero
          GROUP TmunuBaseX_AddToTmunu: Add to T_munu here
      GROUP Subcycling_RMBndryGroup: Check if the ghost points are at refinement boundary
        Subcycling::Subcycling_SetLevelNeighbor: Set isrmbndry
        Subcycling::Subcycling_SetIsRMBndry: Set isrmbndry
--------------------------------------------------------------------------------
INFO (hwloc): library version 2.10.0, API version 0x20800
--------------------------------------------------------------------------------
                                                            
   _______ _______  ______  _____  _______ _______ _     _  
   |       |_____| |_____/ |_____] |______    |     \___/   
   |_____  |     | |    \_ |       |______    |    _/   \_  
                                                            
AMR driver provided by CarpetX,
using AMReX 25.11 (MPI, OpenMP, no accelerators, optimized)
--------------------------------------------------------------------------------

Initializing AMReX (25.11)...
MPI initialized with 1 MPI processes
MPI initialized with thread support level 2
OMP initialized with 2 OMP threads
AMReX (25.11) initialized
INFO (CarpetX): 
Symmetries:
  lower x: periodic
  lower y: periodic
  lower z: periodic
  upper x: periodic
  upper y: periodic
  upper z: periodic
Default boundaries:
  lower x: symmetry_boundary
  lower y: symmetry_boundary
  lower z: symmetry_boundary
  upper x: symmetry_boundary
  upper y: symmetry_boundary
  upper z: symmetry_boundary
INFO (Arith): Test_smallvector
INFO (Arith): Test_spvect
INFO (CarpetX): Setting initial values for max_grid_size values for all levels
INFO (CarpetX): Setting up initial conditions...
INFO (CarpetX): Iteration: 0   time: 0   delta_time: 0.00390625
INFO (CarpetX): Patch 0:
INFO (CarpetX):   Grid extent:
INFO (CarpetX):     gsh=[71,15,15]
INFO (CarpetX):     blocking_factor=[8,8,8]
INFO (CarpetX):     max_grid_size=[10000000,10000000,10000000]
INFO (CarpetX):     max_tile_size=[1024000,16,32]
INFO (CarpetX):   Domain extent:
INFO (CarpetX):     xmin=[-0.5,-0.0625,-0.0625]
INFO (CarpetX):     xmax=[0.5,0.0625,0.0625]
INFO (CarpetX):     base dx=[0.015625,0.015625,0.015625]
INFO (CarpetX): Initializing level 0...
INFO (CanudaX_ExactID): Begin Gauge Wave initial data
INFO (CanudaX_ExactID): === End gauge wave initial data ===
INFO (CarpetX): Regridding...
INFO (CarpetX):   level 0: 1 boxes, 4096 cells (100%)
INFO (CarpetX): Initialized 1 levels
INFO (CarpetX): Starting evolution...
INFO (ODESolvers): Integrator is RK4
INFO (CarpetX): Simulation time: 0.00390625   Iterations per second: 14.2458   Simulation time per second: 0.0556478
INFO (CarpetX): Grid cells: 4096   Grid cell updates per second: 58351
INFO (CarpetX): Performance:
INFO (CarpetX):   total evolution time:            0.0701959 sec
INFO (CarpetX):   total evolution compute time:    0.0701919 sec
INFO (CarpetX):   total evolution output time:     4.05312e-06 sec
INFO (CarpetX):   total iterations:                1
INFO (CarpetX):   total cells updated:             4096
INFO (CarpetX):   average iterations per second: 14.2458
INFO (CarpetX):   average cell updates per second: 58351
INFO (CarpetX): Simulation time: 0.0078125   Iterations per second: 15.138   Simulation time per second: 0.0591328
INFO (CarpetX): Grid cells: 4096   Grid cell updates per second: 62005.2
INFO (CarpetX): Performance:
INFO (CarpetX):   total evolution time:            0.132118 sec
INFO (CarpetX):   total evolution compute time:    0.132111 sec
INFO (CarpetX):   total evolution output time:     7.15256e-06 sec
INFO (CarpetX):   total iterations:                2
INFO (CarpetX):   total cells updated:             8192
INFO (CarpetX):   average iterations per second: 15.138
INFO (CarpetX):   average cell updates per second: 62005.2
INFO (CarpetX): Simulation time: 0.0117188   Iterations per second: 15.4618   Simulation time per second: 0.0603978
INFO (CarpetX): Grid cells: 4096   Grid cell updates per second: 63331.7
INFO (CarpetX): Performance:
INFO (CarpetX):   total evolution time:            0.194026 sec
INFO (CarpetX):   total evolution compute time:    0.194015 sec
INFO (CarpetX):   total evolution output time:     1.12057e-05 sec
INFO (CarpetX):   total iterations:                3
INFO (CarpetX):   total cells updated:             12288
INFO (CarpetX):   average iterations per second: 15.4618
INFO (CarpetX):   average cell updates per second: 63331.7
INFO (CarpetX): Simulation time: 0.015625   Iterations per second: 15.6249   Simulation time per second: 0.0610347
INFO (CarpetX): Grid cells: 4096   Grid cell updates per second: 63999.5
INFO (CarpetX): Performance:
INFO (CarpetX):   total evolution time:            0.256002 sec
INFO (CarpetX):   total evolution compute time:    0.255988 sec
INFO (CarpetX):   total evolution output time:     1.43051e-05 sec
INFO (CarpetX):   total iterations:                4
INFO (CarpetX):   total cells updated:             16384
INFO (CarpetX):   average iterations per second: 15.6249
INFO (CarpetX):   average cell updates per second: 63999.5
INFO (CarpetX): Simulation time: 0.0195312   Iterations per second: 15.7294   Simulation time per second: 0.0614428
INFO (CarpetX): Grid cells: 4096   Grid cell updates per second: 64427.5
INFO (CarpetX): Performance:
INFO (CarpetX):   total evolution time:            0.317877 sec
INFO (CarpetX):   total evolution compute time:    0.317859 sec
INFO (CarpetX):   total evolution output time:     1.81198e-05 sec
INFO (CarpetX):   total iterations:                5
INFO (CarpetX):   total cells updated:             20480
INFO (CarpetX):   average iterations per second: 15.7294
INFO (CarpetX):   average cell updates per second: 64427.5
INFO (CarpetX): Simulation time: 0.0234375   Iterations per second: 15.797   Simulation time per second: 0.061707
INFO (CarpetX): Grid cells: 4096   Grid cell updates per second: 64704.5
INFO (CarpetX): Performance:
INFO (CarpetX):   total evolution time:            0.379819 sec
INFO (CarpetX):   total evolution compute time:    0.379797 sec
INFO (CarpetX):   total evolution output time:     2.19345e-05 sec
INFO (CarpetX):   total iterations:                6
INFO (CarpetX):   total cells updated:             24576
INFO (CarpetX):   average iterations per second: 15.797
INFO (CarpetX):   average cell updates per second: 64704.5
INFO (CarpetX): Simulation time: 0.0273438   Iterations per second: 15.8466   Simulation time per second: 0.0619007
INFO (CarpetX): Grid cells: 4096   Grid cell updates per second: 64907.5
INFO (CarpetX): Performance:
INFO (CarpetX):   total evolution time:            0.441736 sec
INFO (CarpetX):   total evolution compute time:    0.441711 sec
INFO (CarpetX):   total evolution output time:     2.5034e-05 sec
INFO (CarpetX):   total iterations:                7
INFO (CarpetX):   total cells updated:             28672
INFO (CarpetX):   average iterations per second: 15.8466
INFO (CarpetX):   average cell updates per second: 64907.5
INFO (CarpetX): Simulation time: 0.03125   Iterations per second: 15.8811   Simulation time per second: 0.0620355
INFO (CarpetX): Grid cells: 4096   Grid cell updates per second: 65048.9
INFO (CarpetX): Performance:
INFO (CarpetX):   total evolution time:            0.503744 sec
INFO (CarpetX):   total evolution compute time:    0.503715 sec
INFO (CarpetX):   total evolution output time:     2.90871e-05 sec
INFO (CarpetX):   total iterations:                8
INFO (CarpetX):   total cells updated:             32768
INFO (CarpetX):   average iterations per second: 15.8811
INFO (CarpetX):   average cell updates per second: 65048.9
INFO (CarpetX): Simulation time: 0.0351562   Iterations per second: 15.9113   Simulation time per second: 0.0621536
INFO (CarpetX): Grid cells: 4096   Grid cell updates per second: 65172.8
INFO (CarpetX): Performance:
INFO (CarpetX):   total evolution time:            0.565635 sec
INFO (CarpetX):   total evolution compute time:    0.565602 sec
INFO (CarpetX):   total evolution output time:     3.31402e-05 sec
INFO (CarpetX):   total iterations:                9
INFO (CarpetX):   total cells updated:             36864
INFO (CarpetX):   average iterations per second: 15.9113
INFO (CarpetX):   average cell updates per second: 65172.8
INFO (CarpetX): Simulation time: 0.0390625   Iterations per second: 15.9327   Simulation time per second: 0.0622373
INFO (CarpetX): Grid cells: 4096   Grid cell updates per second: 65260.5
INFO (CarpetX): Performance:
INFO (CarpetX):   total evolution time:            0.627638 sec
INFO (CarpetX):   total evolution compute time:    0.627602 sec
INFO (CarpetX):   total evolution output time:     3.60012e-05 sec
INFO (CarpetX):   total iterations:                10
INFO (CarpetX):   total cells updated:             40960
INFO (CarpetX):   average iterations per second: 15.9327
INFO (CarpetX):   average cell updates per second: 65260.5
INFO (CarpetX): Simulation time: 0.0429688   Iterations per second: 15.9507   Simulation time per second: 0.0623075
INFO (CarpetX): Grid cells: 4096   Grid cell updates per second: 65334.1
INFO (CarpetX): Performance:
INFO (CarpetX):   total evolution time:            0.689695 sec
INFO (CarpetX):   total evolution compute time:    0.689656 sec
INFO (CarpetX):   total evolution output time:     3.88622e-05 sec
INFO (CarpetX):   total iterations:                11
INFO (CarpetX):   total cells updated:             45056
INFO (CarpetX):   average iterations per second: 15.9491
INFO (CarpetX):   average cell updates per second: 65327.4
INFO (CarpetX): Simulation time: 0.046875   Iterations per second: 15.9701   Simulation time per second: 0.0623832
INFO (CarpetX): Grid cells: 4096   Grid cell updates per second: 65413.5
INFO (CarpetX): Performance:
INFO (CarpetX):   total evolution time:            0.751627 sec
INFO (CarpetX):   total evolution compute time:    0.751584 sec
INFO (CarpetX):   total evolution output time:     4.29153e-05 sec
INFO (CarpetX):   total iterations:                12
INFO (CarpetX):   total cells updated:             49152
INFO (CarpetX):   average iterations per second: 15.9654
INFO (CarpetX):   average cell updates per second: 65394.1
INFO (CarpetX): Simulation time: 0.0507812   Iterations per second: 15.9886   Simulation time per second: 0.0624556
INFO (CarpetX): Grid cells: 4096   Grid cell updates per second: 65489.4
INFO (CarpetX): Performance:
INFO (CarpetX):   total evolution time:            0.813518 sec
INFO (CarpetX):   total evolution compute time:    0.813471 sec
INFO (CarpetX):   total evolution output time:     4.69685e-05 sec
INFO (CarpetX):   total iterations:                13
INFO (CarpetX):   total cells updated:             53248
INFO (CarpetX):   average iterations per second: 15.98
INFO (CarpetX):   average cell updates per second: 65454
INFO (CarpetX): Simulation time: 0.0546875   Iterations per second: 16.0037   Simulation time per second: 0.0625145
INFO (CarpetX): Grid cells: 4096   Grid cell updates per second: 65551.2
INFO (CarpetX): Performance:
INFO (CarpetX):   total evolution time:            0.875473 sec
INFO (CarpetX):   total evolution compute time:    0.875422 sec
INFO (CarpetX):   total evolution output time:     5.10216e-05 sec
INFO (CarpetX):   total iterations:                14
INFO (CarpetX):   total cells updated:             57344
INFO (CarpetX):   average iterations per second: 15.9914
INFO (CarpetX):   average cell updates per second: 65500.6
INFO (CarpetX): Simulation time: 0.0585938   Iterations per second: 16.019   Simulation time per second: 0.0625742
INFO (CarpetX): Grid cells: 4096   Grid cell updates per second: 65613.8
INFO (CarpetX): Performance:
INFO (CarpetX):   total evolution time:            0.937362 sec
INFO (CarpetX):   total evolution compute time:    0.937307 sec
INFO (CarpetX):   total evolution output time:     5.50747e-05 sec
INFO (CarpetX):   total iterations:                15
INFO (CarpetX):   total cells updated:             61440
INFO (CarpetX):   average iterations per second: 16.0023
INFO (CarpetX):   average cell updates per second: 65545.6
INFO (CarpetX): Simulation time: 0.0625   Iterations per second: 16.0303   Simulation time per second: 0.0626185
INFO (CarpetX): Grid cells: 4096   Grid cell updates per second: 65660.2
INFO (CarpetX): Performance:
INFO (CarpetX):   total evolution time:            0.999347 sec
INFO (CarpetX):   total evolution compute time:    0.999288 sec
INFO (CarpetX):   total evolution output time:     5.91278e-05 sec
INFO (CarpetX):   total iterations:                16
INFO (CarpetX):   total cells updated:             65536
INFO (CarpetX):   average iterations per second: 16.0104
INFO (CarpetX):   average cell updates per second: 65578.8
INFO (CarpetX): Simulation time: 0.0664062   Iterations per second: 16.0389   Simulation time per second: 0.0626521
INFO (CarpetX): Grid cells: 4096   Grid cell updates per second: 65695.5
INFO (CarpetX): Performance:
INFO (CarpetX):   total evolution time:            1.06139 sec
INFO (CarpetX):   total evolution compute time:    1.06133 sec
INFO (CarpetX):   total evolution output time:     6.31809e-05 sec
INFO (CarpetX):   total iterations:                17
INFO (CarpetX):   total cells updated:             69632
INFO (CarpetX):   average iterations per second: 16.0167
INFO (CarpetX):   average cell updates per second: 65604.3
INFO (CarpetX): Simulation time: 0.0703125   Iterations per second: 16.0512   Simulation time per second: 0.0626999
INFO (CarpetX): Grid cells: 4096   Grid cell updates per second: 65745.6
INFO (CarpetX): Performance:
INFO (CarpetX):   total evolution time:            1.12327 sec
INFO (CarpetX):   total evolution compute time:    1.1232 sec
INFO (CarpetX):   total evolution output time:     6.7234e-05 sec
INFO (CarpetX):   total iterations:                18
INFO (CarpetX):   total cells updated:             73728
INFO (CarpetX):   average iterations per second: 16.0247
INFO (CarpetX):   average cell updates per second: 65637.1
INFO (CarpetX): Simulation time: 0.0742188   Iterations per second: 16.0593   Simulation time per second: 0.0627318
INFO (CarpetX): Grid cells: 4096   Grid cell updates per second: 65779
INFO (CarpetX): Performance:
INFO (CarpetX):   total evolution time:            1.18525 sec
INFO (CarpetX):   total evolution compute time:    1.18518 sec
INFO (CarpetX):   total evolution output time:     7.03335e-05 sec
INFO (CarpetX):   total iterations:                19
INFO (CarpetX):   total cells updated:             77824
INFO (CarpetX):   average iterations per second: 16.0304
INFO (CarpetX):   average cell updates per second: 65660.3
INFO (CarpetX): Simulation time: 0.078125   Iterations per second: 16.0663   Simulation time per second: 0.0627589
INFO (CarpetX): Grid cells: 4096   Grid cell updates per second: 65807.5
INFO (CarpetX): Performance:
INFO (CarpetX):   total evolution time:            1.24725 sec
INFO (CarpetX):   total evolution compute time:    1.24718 sec
INFO (CarpetX):   total evolution output time:     7.43866e-05 sec
INFO (CarpetX):   total iterations:                20
INFO (CarpetX):   total cells updated:             81920
INFO (CarpetX):   average iterations per second: 16.0353
INFO (CarpetX):   average cell updates per second: 65680.4
INFO (CarpetX): Simulation time: 0.0820312   Iterations per second: 16.0615   Simulation time per second: 0.0627401
INFO (CarpetX): Grid cells: 4096   Grid cell updates per second: 65787.7
INFO (CarpetX): Performance:
INFO (CarpetX):   total evolution time:            1.30968 sec
INFO (CarpetX):   total evolution compute time:    1.3096 sec
INFO (CarpetX):   total evolution output time:     7.84397e-05 sec
INFO (CarpetX):   total iterations:                21
INFO (CarpetX):   total cells updated:             86016
INFO (CarpetX):   average iterations per second: 16.0344
INFO (CarpetX):   average cell updates per second: 65677.1
INFO (CarpetX): Simulation time: 0.0859375   Iterations per second: 16.0558   Simulation time per second: 0.0627181
INFO (CarpetX): Grid cells: 4096   Grid cell updates per second: 65764.7
INFO (CarpetX): Performance:
INFO (CarpetX):   total evolution time:            1.37216 sec
INFO (CarpetX):   total evolution compute time:    1.37208 sec
INFO (CarpetX):   total evolution output time:     8.24928e-05 sec
INFO (CarpetX):   total iterations:                22
INFO (CarpetX):   total cells updated:             90112
INFO (CarpetX):   average iterations per second: 16.0331
INFO (CarpetX):   average cell updates per second: 65671.7
INFO (CarpetX): Simulation time: 0.0898438   Iterations per second: 16.0514   Simulation time per second: 0.0627008
INFO (CarpetX): Grid cells: 4096   Grid cell updates per second: 65746.6
INFO (CarpetX): Performance:
INFO (CarpetX):   total evolution time:            1.43461 sec
INFO (CarpetX):   total evolution compute time:    1.43453 sec
INFO (CarpetX):   total evolution output time:     8.65459e-05 sec
INFO (CarpetX):   total iterations:                23
INFO (CarpetX):   total cells updated:             94208
INFO (CarpetX):   average iterations per second: 16.0322
INFO (CarpetX):   average cell updates per second: 65667.9
INFO (CarpetX): Simulation time: 0.09375   Iterations per second: 16.0517   Simulation time per second: 0.0627018
INFO (CarpetX): Grid cells: 4096   Grid cell updates per second: 65747.6
INFO (CarpetX): Performance:
INFO (CarpetX):   total evolution time:            1.4969 sec
INFO (CarpetX):   total evolution compute time:    1.49681 sec
INFO (CarpetX):   total evolution output time:     9.05991e-05 sec
INFO (CarpetX):   total iterations:                24
INFO (CarpetX):   total cells updated:             98304
INFO (CarpetX):   average iterations per second: 16.0331
INFO (CarpetX):   average cell updates per second: 65671.6
INFO (CarpetX): Simulation time: 0.0976562   Iterations per second: 16.0525   Simulation time per second: 0.0627051
INFO (CarpetX): Grid cells: 4096   Grid cell updates per second: 65751.1
INFO (CarpetX): Performance:
INFO (CarpetX):   total evolution time:            1.55917 sec
INFO (CarpetX):   total evolution compute time:    1.55907 sec
INFO (CarpetX):   total evolution output time:     9.46522e-05 sec
INFO (CarpetX):   total iterations:                25
INFO (CarpetX):   total cells updated:             102400
INFO (CarpetX):   average iterations per second: 16.0342
INFO (CarpetX):   average cell updates per second: 65676
INFO (CarpetX): Simulation time: 0.101562   Iterations per second: 16.0524   Simulation time per second: 0.0627048
INFO (CarpetX): Grid cells: 4096   Grid cell updates per second: 65750.7
INFO (CarpetX): Performance:
INFO (CarpetX):   total evolution time:            1.62147 sec
INFO (CarpetX):   total evolution compute time:    1.62137 sec
INFO (CarpetX):   total evolution output time:     9.87053e-05 sec
INFO (CarpetX):   total iterations:                26
INFO (CarpetX):   total cells updated:             106496
INFO (CarpetX):   average iterations per second: 16.0348
INFO (CarpetX):   average cell updates per second: 65678.7
INFO (CarpetX): Simulation time: 0.105469   Iterations per second: 16.0499   Simulation time per second: 0.062695
INFO (CarpetX): Grid cells: 4096   Grid cell updates per second: 65740.5
INFO (CarpetX): Performance:
INFO (CarpetX):   total evolution time:            1.68386 sec
INFO (CarpetX):   total evolution compute time:    1.68376 sec
INFO (CarpetX):   total evolution output time:     0.000102758 sec
INFO (CarpetX):   total iterations:                27
INFO (CarpetX):   total cells updated:             110592
INFO (CarpetX):   average iterations per second: 16.0346
INFO (CarpetX):   average cell updates per second: 65677.6
INFO (CarpetX): Simulation time: 0.109375   Iterations per second: 16.0484   Simulation time per second: 0.0626893
INFO (CarpetX): Grid cells: 4096   Grid cell updates per second: 65734.4
INFO (CarpetX): Performance:
INFO (CarpetX):   total evolution time:            1.74622 sec
INFO (CarpetX):   total evolution compute time:    1.74612 sec
INFO (CarpetX):   total evolution output time:     0.000106812 sec
INFO (CarpetX):   total iterations:                28
INFO (CarpetX):   total cells updated:             114688
INFO (CarpetX):   average iterations per second: 16.0346
INFO (CarpetX):   average cell updates per second: 65677.7
INFO (CarpetX): Simulation time: 0.113281   Iterations per second: 16.0536   Simulation time per second: 0.0627095
INFO (CarpetX): Grid cells: 4096   Grid cell updates per second: 65755.7
INFO (CarpetX): Performance:
INFO (CarpetX):   total evolution time:            1.80833 sec
INFO (CarpetX):   total evolution compute time:    1.80822 sec
INFO (CarpetX):   total evolution output time:     0.000111818 sec
INFO (CarpetX):   total iterations:                29
INFO (CarpetX):   total cells updated:             118784
INFO (CarpetX):   average iterations per second: 16.0369
INFO (CarpetX):   average cell updates per second: 65687
INFO (CarpetX): Simulation time: 0.117188   Iterations per second: 16.0567   Simulation time per second: 0.0627216
INFO (CarpetX): Grid cells: 4096   Grid cell updates per second: 65768.4
INFO (CarpetX): Performance:
INFO (CarpetX):   total evolution time:            1.87051 sec
INFO (CarpetX):   total evolution compute time:    1.87039 sec
INFO (CarpetX):   total evolution output time:     0.000115871 sec
INFO (CarpetX):   total iterations:                30
INFO (CarpetX):   total cells updated:             122880
INFO (CarpetX):   average iterations per second: 16.0384
INFO (CarpetX):   average cell updates per second: 65693.5
INFO (CarpetX): Simulation time: 0.121094   Iterations per second: 16.0634   Simulation time per second: 0.0627478
INFO (CarpetX): Grid cells: 4096   Grid cell updates per second: 65795.9
INFO (CarpetX): Performance:
INFO (CarpetX):   total evolution time:            1.93252 sec
INFO (CarpetX):   total evolution compute time:    1.9324 sec
INFO (CarpetX):   total evolution output time:     0.000120878 sec
INFO (CarpetX):   total iterations:                31
INFO (CarpetX):   total cells updated:             126976
INFO (CarpetX):   average iterations per second: 16.0412
INFO (CarpetX):   average cell updates per second: 65704.7
INFO (CarpetX): Simulation time: 0.125   Iterations per second: 16.0677   Simulation time per second: 0.0627646
INFO (CarpetX): Grid cells: 4096   Grid cell updates per second: 65813.4
INFO (CarpetX): Performance:
INFO (CarpetX):   total evolution time:            1.99461 sec
INFO (CarpetX):   total evolution compute time:    1.99449 sec
INFO (CarpetX):   total evolution output time:     0.000124693 sec
INFO (CarpetX):   total iterations:                32
INFO (CarpetX):   total cells updated:             131072
INFO (CarpetX):   average iterations per second: 16.0432
INFO (CarpetX):   average cell updates per second: 65713.1
INFO (CarpetX): Simulation time: 0.128906   Iterations per second: 16.0734   Simulation time per second: 0.0627868
INFO (CarpetX): Grid cells: 4096   Grid cell updates per second: 65836.8
INFO (CarpetX): Performance:
INFO (CarpetX):   total evolution time:            2.05663 sec
INFO (CarpetX):   total evolution compute time:    2.0565 sec
INFO (CarpetX):   total evolution output time:     0.000128508 sec
INFO (CarpetX):   total iterations:                33
INFO (CarpetX):   total cells updated:             135168
INFO (CarpetX):   average iterations per second: 16.0457
INFO (CarpetX):   average cell updates per second: 65723.1
INFO (CarpetX): Simulation time: 0.132812   Iterations per second: 16.0633   Simulation time per second: 0.0627473
INFO (CarpetX): Grid cells: 4096   Grid cell updates per second: 65795.4
INFO (CarpetX): Performance:
INFO (CarpetX):   total evolution time:            2.11923 sec
INFO (CarpetX):   total evolution compute time:    2.1191 sec
INFO (CarpetX):   total evolution output time:     0.000132322 sec
INFO (CarpetX):   total iterations:                34
INFO (CarpetX):   total cells updated:             139264
INFO (CarpetX):   average iterations per second: 16.0435
INFO (CarpetX):   average cell updates per second: 65714.3
INFO (CarpetX): Simulation time: 0.136719   Iterations per second: 16.0601   Simulation time per second: 0.0627349
INFO (CarpetX): Grid cells: 4096   Grid cell updates per second: 65782.3
INFO (CarpetX): Performance:
INFO (CarpetX):   total evolution time:            2.18161 sec
INFO (CarpetX):   total evolution compute time:    2.18147 sec
INFO (CarpetX):   total evolution output time:     0.000135183 sec
INFO (CarpetX):   total iterations:                35
INFO (CarpetX):   total cells updated:             143360
INFO (CarpetX):   average iterations per second: 16.0432
INFO (CarpetX):   average cell updates per second: 65712.9
INFO (CarpetX): Simulation time: 0.140625   Iterations per second: 16.0579   Simulation time per second: 0.0627263
INFO (CarpetX): Grid cells: 4096   Grid cell updates per second: 65773.3
INFO (CarpetX): Performance:
INFO (CarpetX):   total evolution time:            2.24396 sec
INFO (CarpetX):   total evolution compute time:    2.24382 sec
INFO (CarpetX):   total evolution output time:     0.000139236 sec
INFO (CarpetX):   total iterations:                36
INFO (CarpetX):   total cells updated:             147456
INFO (CarpetX):   average iterations per second: 16.0431
INFO (CarpetX):   average cell updates per second: 65712.4
INFO (CarpetX): Simulation time: 0.144531   Iterations per second: 16.0598   Simulation time per second: 0.0627335
INFO (CarpetX): Grid cells: 4096   Grid cell updates per second: 65780.9
INFO (CarpetX): Performance:
INFO (CarpetX):   total evolution time:            2.30616 sec
INFO (CarpetX):   total evolution compute time:    2.30602 sec
INFO (CarpetX):   total evolution output time:     0.000143051 sec
INFO (CarpetX):   total iterations:                37
INFO (CarpetX):   total cells updated:             151552
INFO (CarpetX):   average iterations per second: 16.044
INFO (CarpetX):   average cell updates per second: 65716
INFO (CarpetX): Simulation time: 0.148438   Iterations per second: 16.0595   Simulation time per second: 0.0627325
INFO (CarpetX): Grid cells: 4096   Grid cell updates per second: 65779.7
INFO (CarpetX): Performance:
INFO (CarpetX):   total evolution time:            2.36844 sec
INFO (CarpetX):   total evolution compute time:    2.3683 sec
INFO (CarpetX):   total evolution output time:     0.000147104 sec
INFO (CarpetX):   total iterations:                38
INFO (CarpetX):   total cells updated:             155648
INFO (CarpetX):   average iterations per second: 16.0443
INFO (CarpetX):   average cell updates per second: 65717.5
INFO (CarpetX): Simulation time: 0.152344   Iterations per second: 15.9263   Simulation time per second: 0.0622121
INFO (CarpetX): Grid cells: 4096   Grid cell updates per second: 65234.1
INFO (CarpetX): Performance:
INFO (CarpetX):   total evolution time:            2.43592 sec
INFO (CarpetX):   total evolution compute time:    2.43577 sec
INFO (CarpetX):   total evolution output time:     0.000151157 sec
INFO (CarpetX):   total iterations:                39
INFO (CarpetX):   total cells updated:             159744
INFO (CarpetX):   average iterations per second: 16.0104
INFO (CarpetX):   average cell updates per second: 65578.5
INFO (CarpetX): Simulation time: 0.15625   Iterations per second: 15.9138   Simulation time per second: 0.0621634
INFO (CarpetX): Grid cells: 4096   Grid cell updates per second: 65183
INFO (CarpetX): Performance:
INFO (CarpetX):   total evolution time:            2.4992 sec
INFO (CarpetX):   total evolution compute time:    2.49905 sec
INFO (CarpetX):   total evolution output time:     0.000154972 sec
INFO (CarpetX):   total iterations:                40
INFO (CarpetX):   total cells updated:             163840
INFO (CarpetX):   average iterations per second: 16.0051
INFO (CarpetX):   average cell updates per second: 65557
INFO (CarpetX): Simulation time: 0.160156   Iterations per second: 15.63   Simulation time per second: 0.0610548
INFO (CarpetX): Grid cells: 4096   Grid cell updates per second: 64020.6
INFO (CarpetX): Performance:
INFO (CarpetX):   total evolution time:            2.57345 sec
INFO (CarpetX):   total evolution compute time:    2.57329 sec
INFO (CarpetX):   total evolution output time:     0.000159025 sec
INFO (CarpetX):   total iterations:                41
INFO (CarpetX):   total cells updated:             167936
INFO (CarpetX):   average iterations per second: 15.9319
INFO (CarpetX):   average cell updates per second: 65257.2
INFO (CarpetX): Simulation time: 0.164062   Iterations per second: 15.6652   Simulation time per second: 0.0611924
INFO (CarpetX): Grid cells: 4096   Grid cell updates per second: 64164.9
INFO (CarpetX): Performance:
INFO (CarpetX):   total evolution time:            2.63599 sec
INFO (CarpetX):   total evolution compute time:    2.63583 sec
INFO (CarpetX):   total evolution output time:     0.000163078 sec
INFO (CarpetX):   total iterations:                42
INFO (CarpetX):   total cells updated:             172032
INFO (CarpetX):   average iterations per second: 15.9333
INFO (CarpetX):   average cell updates per second: 65262.8
INFO (CarpetX): Simulation time: 0.167969   Iterations per second: 15.6968   Simulation time per second: 0.0613155
INFO (CarpetX): Grid cells: 4096   Grid cell updates per second: 64293.9
INFO (CarpetX): Performance:
INFO (CarpetX):   total evolution time:            2.69854 sec
INFO (CarpetX):   total evolution compute time:    2.69838 sec
INFO (CarpetX):   total evolution output time:     0.000167131 sec
INFO (CarpetX):   total iterations:                43
INFO (CarpetX):   total cells updated:             176128
INFO (CarpetX):   average iterations per second: 15.9345
INFO (CarpetX):   average cell updates per second: 65267.8
INFO (CarpetX): Simulation time: 0.171875   Iterations per second: 15.725   Simulation time per second: 0.0614256
INFO (CarpetX): Grid cells: 4096   Grid cell updates per second: 64409.5
INFO (CarpetX): Performance:
INFO (CarpetX):   total evolution time:            2.76111 sec
INFO (CarpetX):   total evolution compute time:    2.76094 sec
INFO (CarpetX):   total evolution output time:     0.000171185 sec
INFO (CarpetX):   total iterations:                44
INFO (CarpetX):   total cells updated:             180224
INFO (CarpetX):   average iterations per second: 15.9356
INFO (CarpetX):   average cell updates per second: 65272.3
INFO (CarpetX): Simulation time: 0.175781   Iterations per second: 15.749   Simulation time per second: 0.0615194
INFO (CarpetX): Grid cells: 4096   Grid cell updates per second: 64507.7
INFO (CarpetX): Performance:
INFO (CarpetX):   total evolution time:            2.82373 sec
INFO (CarpetX):   total evolution compute time:    2.82356 sec
INFO (CarpetX):   total evolution output time:     0.000174999 sec
INFO (CarpetX):   total iterations:                45
INFO (CarpetX):   total cells updated:             184320
INFO (CarpetX):   average iterations per second: 15.9364
INFO (CarpetX):   average cell updates per second: 65275.3
INFO (CarpetX): Simulation time: 0.179688   Iterations per second: 15.7796   Simulation time per second: 0.0616391
INFO (CarpetX): Grid cells: 4096   Grid cell updates per second: 64633.3
INFO (CarpetX): Performance:
INFO (CarpetX):   total evolution time:            2.886 sec
INFO (CarpetX):   total evolution compute time:    2.88582 sec
INFO (CarpetX):   total evolution output time:     0.000179052 sec
INFO (CarpetX):   total iterations:                46
INFO (CarpetX):   total cells updated:             188416
INFO (CarpetX):   average iterations per second: 15.939
INFO (CarpetX):   average cell updates per second: 65286.3
INFO (CarpetX): Simulation time: 0.183594   Iterations per second: 15.8078   Simulation time per second: 0.0617493
INFO (CarpetX): Grid cells: 4096   Grid cell updates per second: 64748.8
INFO (CarpetX): Performance:
INFO (CarpetX):   total evolution time:            2.94824 sec
INFO (CarpetX):   total evolution compute time:    2.94805 sec
INFO (CarpetX):   total evolution output time:     0.000184059 sec
INFO (CarpetX):   total iterations:                47
INFO (CarpetX):   total cells updated:             192512
INFO (CarpetX):   average iterations per second: 15.9417
INFO (CarpetX):   average cell updates per second: 65297.3
INFO (CarpetX): Simulation time: 0.1875   Iterations per second: 15.8301   Simulation time per second: 0.0618364
INFO (CarpetX): Grid cells: 4096   Grid cell updates per second: 64840.1
INFO (CarpetX): Performance:
INFO (CarpetX):   total evolution time:            3.01061 sec
INFO (CarpetX):   total evolution compute time:    3.01042 sec
INFO (CarpetX):   total evolution output time:     0.000188112 sec
INFO (CarpetX):   total iterations:                48
INFO (CarpetX):   total cells updated:             196608
INFO (CarpetX):   average iterations per second: 15.9436
INFO (CarpetX):   average cell updates per second: 65305.1
INFO (CarpetX): Simulation time: 0.191406   Iterations per second: 15.8515   Simulation time per second: 0.0619201
INFO (CarpetX): Grid cells: 4096   Grid cell updates per second: 64927.9
INFO (CarpetX): Performance:
INFO (CarpetX):   total evolution time:            3.07292 sec
INFO (CarpetX):   total evolution compute time:    3.07273 sec
INFO (CarpetX):   total evolution output time:     0.000192165 sec
INFO (CarpetX):   total iterations:                49
INFO (CarpetX):   total cells updated:             200704
INFO (CarpetX):   average iterations per second: 15.9457
INFO (CarpetX):   average cell updates per second: 65313.7
INFO (CarpetX): Simulation time: 0.195312   Iterations per second: 15.871   Simulation time per second: 0.061996
INFO (CarpetX): Grid cells: 4096   Grid cell updates per second: 65007.5
INFO (CarpetX): Performance:
INFO (CarpetX):   total evolution time:            3.13524 sec
INFO (CarpetX):   total evolution compute time:    3.13504 sec
INFO (CarpetX):   total evolution output time:     0.000196218 sec
INFO (CarpetX):   total iterations:                50
INFO (CarpetX):   total cells updated:             204800
INFO (CarpetX):   average iterations per second: 15.9478
INFO (CarpetX):   average cell updates per second: 65322
INFO (CarpetX): Simulation time: 0.199219   Iterations per second: 15.8926   Simulation time per second: 0.0620804
INFO (CarpetX): Grid cells: 4096   Grid cell updates per second: 65096
INFO (CarpetX): Performance:
INFO (CarpetX):   total evolution time:            3.19739 sec
INFO (CarpetX):   total evolution compute time:    3.19717 sec
INFO (CarpetX):   total evolution output time:     0.000213146 sec
INFO (CarpetX):   total iterations:                51
INFO (CarpetX):   total cells updated:             208896
INFO (CarpetX):   average iterations per second: 15.9505
INFO (CarpetX):   average cell updates per second: 65333.3
INFO (CarpetX): Simulation time: 0.203125   Iterations per second: 15.9082   Simulation time per second: 0.0621415
INFO (CarpetX): Grid cells: 4096   Grid cell updates per second: 65160.1
INFO (CarpetX): Performance:
INFO (CarpetX):   total evolution time:            3.25969 sec
INFO (CarpetX):   total evolution compute time:    3.25947 sec
INFO (CarpetX):   total evolution output time:     0.000217199 sec
INFO (CarpetX):   total iterations:                52
INFO (CarpetX):   total cells updated:             212992
INFO (CarpetX):   average iterations per second: 15.9524
INFO (CarpetX):   average cell updates per second: 65341.2
INFO (CarpetX): Simulation time: 0.207031   Iterations per second: 15.9253   Simulation time per second: 0.0622081
INFO (CarpetX): Grid cells: 4096   Grid cell updates per second: 65229.9
INFO (CarpetX): Performance:
INFO (CarpetX):   total evolution time:            3.32188 sec
INFO (CarpetX):   total evolution compute time:    3.32166 sec
INFO (CarpetX):   total evolution output time:     0.000220299 sec
INFO (CarpetX):   total iterations:                53
INFO (CarpetX):   total cells updated:             217088
INFO (CarpetX):   average iterations per second: 15.9548
INFO (CarpetX):   average cell updates per second: 65351
INFO (CarpetX): Simulation time: 0.210938   Iterations per second: 15.9394   Simulation time per second: 0.0622632
INFO (CarpetX): Grid cells: 4096   Grid cell updates per second: 65287.7
INFO (CarpetX): Performance:
INFO (CarpetX):   total evolution time:            3.38412 sec
INFO (CarpetX):   total evolution compute time:    3.38389 sec
INFO (CarpetX):   total evolution output time:     0.000224352 sec
INFO (CarpetX):   total iterations:                54
INFO (CarpetX):   total cells updated:             221184
INFO (CarpetX):   average iterations per second: 15.9569
INFO (CarpetX):   average cell updates per second: 65359.5
INFO (CarpetX): Simulation time: 0.214844   Iterations per second: 15.9563   Simulation time per second: 0.0623292
INFO (CarpetX): Grid cells: 4096   Grid cell updates per second: 65356.9
INFO (CarpetX): Performance:
INFO (CarpetX):   total evolution time:            3.44619 sec
INFO (CarpetX):   total evolution compute time:    3.44596 sec
INFO (CarpetX):   total evolution output time:     0.000227213 sec
INFO (CarpetX):   total iterations:                55
INFO (CarpetX):   total cells updated:             225280
INFO (CarpetX):   average iterations per second: 15.9597
INFO (CarpetX):   average cell updates per second: 65370.8
INFO (CarpetX): Simulation time: 0.21875   Iterations per second: 15.9683   Simulation time per second: 0.0623762
INFO (CarpetX): Grid cells: 4096   Grid cell updates per second: 65406.1
INFO (CarpetX): Performance:
INFO (CarpetX):   total evolution time:            3.50839 sec
INFO (CarpetX):   total evolution compute time:    3.50816 sec
INFO (CarpetX):   total evolution output time:     0.000231266 sec
INFO (CarpetX):   total iterations:                56
INFO (CarpetX):   total cells updated:             229376
INFO (CarpetX):   average iterations per second: 15.9617
INFO (CarpetX):   average cell updates per second: 65379.3
INFO (CarpetX): Simulation time: 0.222656   Iterations per second: 15.9741   Simulation time per second: 0.0623989
INFO (CarpetX): Grid cells: 4096   Grid cell updates per second: 65430
INFO (CarpetX): Performance:
INFO (CarpetX):   total evolution time:            3.57079 sec
INFO (CarpetX):   total evolution compute time:    3.57055 sec
INFO (CarpetX):   total evolution output time:     0.000234127 sec
INFO (CarpetX):   total iterations:                57
INFO (CarpetX):   total cells updated:             233472
INFO (CarpetX):   average iterations per second: 15.9629
INFO (CarpetX):   average cell updates per second: 65383.9
INFO (CarpetX): Simulation time: 0.226562   Iterations per second: 15.9866   Simulation time per second: 0.0624475
INFO (CarpetX): Grid cells: 4096   Grid cell updates per second: 65480.9
INFO (CarpetX): Performance:
INFO (CarpetX):   total evolution time:            3.6329 sec
INFO (CarpetX):   total evolution compute time:    3.63266 sec
INFO (CarpetX):   total evolution output time:     0.00023818 sec
INFO (CarpetX):   total iterations:                58
INFO (CarpetX):   total cells updated:             237568
INFO (CarpetX):   average iterations per second: 15.9652
INFO (CarpetX):   average cell updates per second: 65393.5
INFO (CarpetX): Simulation time: 0.230469   Iterations per second: 16.0006   Simulation time per second: 0.0625024
INFO (CarpetX): Grid cells: 4096   Grid cell updates per second: 65538.5
INFO (CarpetX): Performance:
INFO (CarpetX):   total evolution time:            3.6949 sec
INFO (CarpetX):   total evolution compute time:    3.69466 sec
INFO (CarpetX):   total evolution output time:     0.000242233 sec
INFO (CarpetX):   total iterations:                59
INFO (CarpetX):   total cells updated:             241664
INFO (CarpetX):   average iterations per second: 15.9679
INFO (CarpetX):   average cell updates per second: 65404.7
INFO (CarpetX): Simulation time: 0.234375   Iterations per second: 16.0144   Simulation time per second: 0.0625562
INFO (CarpetX): Grid cells: 4096   Grid cell updates per second: 65594.9
INFO (CarpetX): Performance:
INFO (CarpetX):   total evolution time:            3.75686 sec
INFO (CarpetX):   total evolution compute time:    3.75662 sec
INFO (CarpetX):   total evolution output time:     0.000246048 sec
INFO (CarpetX):   total iterations:                60
INFO (CarpetX):   total cells updated:             245760
INFO (CarpetX):   average iterations per second: 15.9708
INFO (CarpetX):   average cell updates per second: 65416.3
INFO (CarpetX): Simulation time: 0.238281   Iterations per second: 16.0198   Simulation time per second: 0.0625775
INFO (CarpetX): Grid cells: 4096   Grid cell updates per second: 65617.3
INFO (CarpetX): Performance:
INFO (CarpetX):   total evolution time:            3.81909 sec
INFO (CarpetX):   total evolution compute time:    3.81884 sec
INFO (CarpetX):   total evolution output time:     0.000250101 sec
INFO (CarpetX):   total iterations:                61
INFO (CarpetX):   total cells updated:             249856
INFO (CarpetX):   average iterations per second: 15.9724
INFO (CarpetX):   average cell updates per second: 65422.9
INFO (CarpetX): Simulation time: 0.242188   Iterations per second: 16.0285   Simulation time per second: 0.0626112
INFO (CarpetX): Grid cells: 4096   Grid cell updates per second: 65652.6
INFO (CarpetX): Performance:
INFO (CarpetX):   total evolution time:            3.88118 sec
INFO (CarpetX):   total evolution compute time:    3.88093 sec
INFO (CarpetX):   total evolution output time:     0.000254154 sec
INFO (CarpetX):   total iterations:                62
INFO (CarpetX):   total cells updated:             253952
INFO (CarpetX):   average iterations per second: 15.9745
INFO (CarpetX):   average cell updates per second: 65431.6
INFO (CarpetX): Simulation time: 0.246094   Iterations per second: 16.0297   Simulation time per second: 0.0626161
INFO (CarpetX): Grid cells: 4096   Grid cell updates per second: 65657.7
INFO (CarpetX): Performance:
INFO (CarpetX):   total evolution time:            3.94352 sec
INFO (CarpetX):   total evolution compute time:    3.94326 sec
INFO (CarpetX):   total evolution output time:     0.000258207 sec
INFO (CarpetX):   total iterations:                63
INFO (CarpetX):   total cells updated:             258048
INFO (CarpetX):   average iterations per second: 15.9756
INFO (CarpetX):   average cell updates per second: 65435.9
INFO (CarpetX): Simulation time: 0.25   Iterations per second: 15.0708   Simulation time per second: 0.0588702
INFO (CarpetX): Grid cells: 4096   Grid cell updates per second: 61729.9
INFO (CarpetX): Performance:
INFO (CarpetX):   total evolution time:            4.0456 sec
INFO (CarpetX):   total evolution compute time:    4.01197 sec
INFO (CarpetX):   total evolution output time:     0.0336332 sec
INFO (CarpetX):   total iterations:                64
INFO (CarpetX):   total cells updated:             262144
INFO (CarpetX):   average iterations per second: 15.8197
INFO (CarpetX):   average cell updates per second: 64797.3
INFO (CarpetX): Shutting down...
AMReX (25.11) finalized
--------------------------------------------------------------------------------
Done.

real	0m4.617s
user	0m8.339s
sys	0m0.221s
+ echo Stopping:
Stopping:
+ date
Thu Apr 16 04:16:40 AM UTC 2026
+ echo Done.
Done.
  Elapsed time: 4.6 s
