/__w/canudax-tests/workspace/simulations/TestJob01_temp_2/output-0000/TEST/sim/CanudaX_BSSNMoL
Preparing:
+ set -e
+ cd output-0000-active
+ echo Checking:
Checking:
+ pwd
/__w/canudax-tests/workspace/simulations/TestJob01_temp_2/output-0000/TEST/sim/CanudaX_BSSNMoL/output-0000-active
+ hostname
bd4e78b6ec5a
+ date
Mon Feb 16 06:17:01 AM UTC 2026
+ echo Environment:
Environment:
+ export SIMULATION_ID=simulation-TestJob01_temp_2-actions-cpu-real64-actions-root-2026.02.16-06.17.01-14236
+ SIMULATION_ID=simulation-TestJob01_temp_2-actions-cpu-real64-actions-root-2026.02.16-06.17.01-14236
+ export CACTUS_NUM_PROCS=2
+ CACTUS_NUM_PROCS=2
+ export CACTUS_NUM_THREADS=1
+ CACTUS_NUM_THREADS=1
+ export CACTUS_SET_THREAD_BINDINGS=0
+ CACTUS_SET_THREAD_BINDINGS=0
+ export GLIBCXX_FORCE_NEW=1
+ GLIBCXX_FORCE_NEW=1
+ export GMON_OUT_PREFIX=gmon.out
+ GMON_OUT_PREFIX=gmon.out
+ export OMP_DISPLAY_ENV=TRUE
+ OMP_DISPLAY_ENV=TRUE
+ export OMP_MAX_TASKS=100
+ OMP_MAX_TASKS=100
+ export OMP_NUM_THREADS=1
+ OMP_NUM_THREADS=1
+ export OMP_PLACES=cores
+ OMP_PLACES=cores
+ export OMP_PROC_BIND=FALSE
+ OMP_PROC_BIND=FALSE
+ export OMP_STACKSIZE=8192
+ OMP_STACKSIZE=8192
+ env
+ sort
+ echo Starting:
Starting:
++ date +%s
+ export CACTUS_STARTTIME=1771222621
+ CACTUS_STARTTIME=1771222621
+ mpiexec -n 2 /__w/canudax-tests/workspace/simulations/TestJob01_temp_2/SIMFACTORY/exe/cactus_sim -L 3 /__w/canudax-tests/workspace/simulations/TestJob01_temp_2/output-0000/arrangements/CanudaX_Lean/CanudaX_BSSNMoL/test/gaugewave.par

OPENMP DISPLAY ENVIRONMENT BEGIN
  _OPENMP = '201511'
  [host] OMP_DYNAMIC = 'FALSE'
  [host] OMP_NESTED = 'FALSE'
  [host] OMP_NUM_THREADS = '1'
  [host] OMP_SCHEDULE = 'DYNAMIC'
  [host] OMP_PROC_BIND = 'FALSE'
  [host] OMP_PLACES = ''
  [host] OMP_STACKSIZE = '8388608'
  [host] OMP_WAIT_POLICY = 'PASSIVE'
  [host] OMP_THREAD_LIMIT = '4294967295'
  [host] OMP_MAX_ACTIVE_LEVELS = '1'
  [host] OMP_NUM_TEAMS = '0'

OPENMP DISPLAY ENVIRONMENT BEGIN
  _OPENMP = '201511'
  [host] OMP_DYNAMIC = 'FALSE'
  [host] OMP_NESTED = 'FALSE'
  [host] OMP_NUM_THREADS = '1'
  [host] OMP_SCHEDULE = 'DYNAMIC'
  [host] OMP_PROC_BIND = 'FALSE'
  [host] OMP_PLACES = ''
  [host] OMP_STACKSIZE = '8388608'
  [host] OMP_WAIT_POLICY = 'PASSIVE'
  [host] OMP_THREAD_LIMIT = '4294967295'
  [host] OMP_MAX_ACTIVE_LEVELS = '1'
  [host] OMP_NUM_TEAMS = '0'
  [host] OMP_TEAMS_THREAD_LIMIT = '0'
  [all] OMP_CANCELLATION = 'FALSE'
  [all] OMP_DEFAULT_DEVICE = '0'
  [all] OMP_MAX_TASK_PRIORITY = '0'
  [all] OMP_DISPLAY_AFFINITY = 'FALSE'
  [host] OMP_TEAMS_THREAD_LIMIT = '0'
  [all] OMP_CANCELLATION = 'FALSE'
  [all] OMP_DEFAULT_DEVICE = '0'
  [all] OMP_MAX_TASK_PRIORITY = '0'
  [all] OMP_DISPLAY_AFFINITY = 'FALSE'
  [host] OMP_AFFINITY_FORMAT = 'level %L thread %i affinity %A'
  [host] OMP_ALLOCATOR = 'omp_default_mem_alloc'
  [all] OMP_TARGET_OFFLOAD = 'DEFAULT'
OPENMP DISPLAY ENVIRONMENT END
  [host] OMP_AFFINITY_FORMAT = 'level %L thread %i affinity %A'
  [host] OMP_ALLOCATOR = 'omp_default_mem_alloc'
  [all] OMP_TARGET_OFFLOAD = 'DEFAULT'
OPENMP DISPLAY ENVIRONMENT END
INFO (Cactus): Increased logging level from 0 to 3
--------------------------------------------------------------------------------

       10                                  
  1   0101       ************************  
  01  1010 10      The Cactus Code V4.18.0    
 1010 1101 011      www.cactuscode.org     
  1001 100101    ************************  
    00010101                               
     100011     (c) Copyright The Authors  
      0100      GNU Licensed. No Warranty  
      0101                                 
--------------------------------------------------------------------------------

Cactus version:    4.18.0
Compile date:      Feb 16 2026 (06:14:02)
Run date:          Feb 16 2026 (06:17:01+0000)
Run host:          bd4e78b6ec5a (pid=14284)
Working directory: /__w/canudax-tests/workspace/simulations/TestJob01_temp_2/output-0000/TEST/sim/CanudaX_BSSNMoL
Executable:        /__w/canudax-tests/workspace/simulations/TestJob01_temp_2/SIMFACTORY/exe/cactus_sim
Parameter file:    /__w/canudax-tests/workspace/simulations/TestJob01_temp_2/output-0000/arrangements/CanudaX_Lean/CanudaX_BSSNMoL/test/gaugewave.par
--------------------------------------------------------------------------------

Activating thorn Cactus...Success -> active implementation Cactus
Activation requested for 
--->ADMBaseX CanudaX_BSSNMoL CanudaX_ExactID CarpetX ErrorEstimator IOUtil ODESolvers TmunuBaseX<---
Thorn ADMBaseX requests automatic activation of Loop
Thorn CanudaX_ExactID requests automatic activation of GSL
Thorn CarpetX requests automatic activation of AMReX
Thorn CarpetX requests automatic activation of MPI
Thorn CarpetX requests automatic activation of yaml_cpp
Thorn CarpetX requests automatic activation of zlib
Thorn CarpetX requests automatic activation of Arith
Thorn CarpetX requests automatic activation of CarpetXRegrid
Thorn CarpetX requests automatic activation of ADIOS2
Thorn CarpetX requests automatic activation of openPMD
Thorn CarpetX requests automatic activation of Silo
Thorn Arith requests automatic activation of NSIMD
Thorn MPI requests automatic activation of hwloc
Thorn openPMD requests automatic activation of HDF5
Activating thorn ADIOS2...Success -> active implementation ADIOS2
Activating thorn ADMBaseX...Success -> active implementation ADMBaseX
Activating thorn AMReX...Success -> active implementation AMReX
Activating thorn Arith...Success -> active implementation Arith
Activating thorn CanudaX_BSSNMoL...Success -> active implementation CanudaX_BSSNMoL
Activating thorn CanudaX_ExactID...Success -> active implementation CanudaX_ExactID
Activating thorn CarpetX...Success -> active implementation Driver
Activating thorn CarpetXRegrid...Success -> active implementation CarpetXRegrid
Activating thorn ErrorEstimator...Success -> active implementation ErrorEstimator
Activating thorn GSL...Success -> active implementation GSL
Activating thorn HDF5...Success -> active implementation HDF5
Activating thorn hwloc...Success -> active implementation hwloc
Activating thorn IOUtil...Success -> active implementation IO
Activating thorn Loop...Success -> active implementation Loop
Activating thorn MPI...Success -> active implementation MPI
Activating thorn NSIMD...Success -> active implementation NSIMD
Activating thorn ODESolvers...Success -> active implementation ODESolvers
Activating thorn openPMD...Success -> active implementation openPMD
Activating thorn Silo...Success -> active implementation Silo
Activating thorn TmunuBaseX...Success -> active implementation TmunuBaseX
Activating thorn yaml_cpp...Success -> active implementation yaml_cpp
Activating thorn zlib...Success -> active implementation zlib
--------------------------------------------------------------------------------
  if (recover initial data)
    Recover parameters
  endif

  Startup routines
    [CCTK_STARTUP]
      CarpetX::Driver_Startup: Start up the driver
      IOUtil::IOUtil_Startup: Startup routine
      GROUP hwloc_startup: hwloc startup group
        hwloc::hwloc_version: Output hwloc version

  Startup routines which need an existing grid hierarchy
    [CCTK_WRAGH]
      Arith::Test_smallvector: [meta] Test small vectors
      Arith::Test_spvect: [meta] Test sparse vectors
      ODESolvers::ODESolvers_InitConstants: [global] Set up dummy loop counters for schedule printout
  Parameter checking routines
    [CCTK_PARAMCHECK]
      CanudaX_BSSNMoL::CanudaX_BSSNMoL_paramcheck: Check CanudaX_BSSNMoL parameters for consistency

  Initialisation
    if (NOT (recover initial data AND recovery_mode is 'strict'))
      [CCTK_PREREGRIDINITIAL]
      Set up grid hierarchy
      [CCTK_POSTREGRIDINITIAL]
      [CCTK_BASEGRID]
        CarpetXRegrid::CarpetXRegrid_InitError: Initialize regridding error to zero
        GROUP ODESolvers_BaseGrid: Set up constants (e.g. coordinates) everywhere on the grid
      [CCTK_INITIAL]
        GROUP ODESolvers_Initial: Set up initial conditions on interior of state vector
          GROUP ADMBaseX_InitialData: Schedule group for calculating ADM initial data
            GROUP ExactID_Group: ExactID initial data group
              CanudaX_ExactID::GaugeWave_ID: [local] Create gauge wave initial data
          GROUP ADMBaseX_InitialGauge: Schedule group for the ADM initial gauge condition
            ADMBaseX::ADMBaseX_initial_dtlapse: Set dtlapse to zero
            ADMBaseX::ADMBaseX_initial_dtshift: Set dtshift to zero
          GROUP ADMBaseX_PostInitial: Schedule group for modifying the ADM initial data, such as e.g. adding noise
          GROUP CanudaX_BSSNMoL_InitialGroup: CanudaX_BSSNMoL: initial bin
            CanudaX_BSSNMoL::CanudaX_BSSNMoL_adm2bssn: [local] Convert initial data into BSSN variables
            CanudaX_BSSNMoL::CanudaX_BSSNMoL_gammat: [local] Set Gammat initial data
        GROUP TmunuBaseX_SetTmunuVars: Schedule group for setting T_munu
          TmunuBaseX::TmunuBaseX_ZeroTmunu: Set T_munu to zero
          GROUP TmunuBaseX_AddToTmunu: Add to T_munu here
        GROUP CanudaX_BSSNMoL_PostStepGroup: CanudaX_BSSNMoL: post-step operations
          CanudaX_BSSNMoL::CanudaX_BSSNMoL_impose_conf_fac_floor: Make sure conformal factor does not drop below specified value
          CanudaX_BSSNMoL::CanudaX_BSSNMoL_reset_detmetric: reset dethh = 1
          CanudaX_BSSNMoL::CanudaX_BSSNMoL_remove_trA: Remove trace of A
          CanudaX_BSSNMoL::CanudaX_BSSNMoL_sync: [global] Sync state vector
          CanudaX_BSSNMoL::CanudaX_BSSNMoL_bssn2adm: [local] Convert variables back to the ADM ones
      [CCTK_POSTINITIAL]
        ErrorEstimator::EstimateError: Estimate error
        GROUP ODESolvers_PostStep: Apply boundary conditions to state vector, and project if necessary
          GROUP CanudaX_BSSNMoL_PostStepGroup: CanudaX_BSSNMoL: post-step operations
            CanudaX_BSSNMoL::CanudaX_BSSNMoL_impose_conf_fac_floor: Make sure conformal factor does not drop below specified value
            CanudaX_BSSNMoL::CanudaX_BSSNMoL_reset_detmetric: reset dethh = 1
            CanudaX_BSSNMoL::CanudaX_BSSNMoL_remove_trA: Remove trace of A
            CanudaX_BSSNMoL::CanudaX_BSSNMoL_sync: [global] Sync state vector
            CanudaX_BSSNMoL::CanudaX_BSSNMoL_bssn2adm: [local] Convert variables back to the ADM ones
          GROUP ADMBaseX_SetADMRHS: Set ADM RHS variables in this group
          GROUP ADMBaseX_SetADMVars: Set ADM variables in this group
          GROUP TmunuBaseX_SetTmunuVars: Schedule group for setting T_munu
            TmunuBaseX::TmunuBaseX_ZeroTmunu: Set T_munu to zero
            GROUP TmunuBaseX_AddToTmunu: Add to T_munu here
        GROUP ODESolvers_EstimateError: Estimate discretization error (for regridding)
      Initialise finer grids recursively
      Restrict from finer grids
      [CCTK_POSTRESTRICTINITIAL]
      [CCTK_POSTPOSTINITIAL]
      [CCTK_POSTSTEP]
        ErrorEstimator::EstimateError: Estimate error
        GROUP ODESolvers_EstimateError: Estimate discretization error (for regridding)
    endif
    if (recover initial data)
      [CCTK_BASEGRID]
        CarpetXRegrid::CarpetXRegrid_InitError: Initialize regridding error to zero
        GROUP ODESolvers_BaseGrid: Set up constants (e.g. coordinates) everywhere on the grid
      [CCTK_RECOVER_VARIABLES]
      [CCTK_POST_RECOVER_VARIABLES]
        GROUP ODESolvers_PostStep: Apply boundary conditions to state vector, and project if necessary
          GROUP CanudaX_BSSNMoL_PostStepGroup: CanudaX_BSSNMoL: post-step operations
            CanudaX_BSSNMoL::CanudaX_BSSNMoL_impose_conf_fac_floor: Make sure conformal factor does not drop below specified value
            CanudaX_BSSNMoL::CanudaX_BSSNMoL_reset_detmetric: reset dethh = 1
            CanudaX_BSSNMoL::CanudaX_BSSNMoL_remove_trA: Remove trace of A
            CanudaX_BSSNMoL::CanudaX_BSSNMoL_sync: [global] Sync state vector
            CanudaX_BSSNMoL::CanudaX_BSSNMoL_bssn2adm: [local] Convert variables back to the ADM ones
          GROUP ADMBaseX_SetADMRHS: Set ADM RHS variables in this group
          GROUP ADMBaseX_SetADMVars: Set ADM variables in this group
          GROUP TmunuBaseX_SetTmunuVars: Schedule group for setting T_munu
            TmunuBaseX::TmunuBaseX_ZeroTmunu: Set T_munu to zero
            GROUP TmunuBaseX_AddToTmunu: Add to T_munu here
        GROUP ODESolvers_EstimateError: Estimate discretization error (for regridding)
    endif
    if (checkpoint initial data)
      [CCTK_CPINITIAL]
        CarpetX::CarpetX_CheckpointInitial: [meta] Checkpoint initial conditions
    endif
    if (analysis)
      [CCTK_ANALYSIS]
        CanudaX_BSSNMoL::CanudaX_BSSNMoL_bssn_constraints: Compute constraints
        GROUP ODESolvers_Analysis: Calculate analysis quantities everywhere
  endif
  Output grid variables

  do loop over timesteps
    [CCTK_PREREGRID]
    Change grid hierarchy
    [CCTK_POSTREGRID]
      GROUP ODESolvers_PostStep: Apply boundary conditions to state vector, and project if necessary
        GROUP CanudaX_BSSNMoL_PostStepGroup: CanudaX_BSSNMoL: post-step operations
          CanudaX_BSSNMoL::CanudaX_BSSNMoL_impose_conf_fac_floor: Make sure conformal factor does not drop below specified value
          CanudaX_BSSNMoL::CanudaX_BSSNMoL_reset_detmetric: reset dethh = 1
          CanudaX_BSSNMoL::CanudaX_BSSNMoL_remove_trA: Remove trace of A
          CanudaX_BSSNMoL::CanudaX_BSSNMoL_sync: [global] Sync state vector
          CanudaX_BSSNMoL::CanudaX_BSSNMoL_bssn2adm: [local] Convert variables back to the ADM ones
        GROUP ADMBaseX_SetADMRHS: Set ADM RHS variables in this group
        GROUP ADMBaseX_SetADMVars: Set ADM variables in this group
        GROUP TmunuBaseX_SetTmunuVars: Schedule group for setting T_munu
          TmunuBaseX::TmunuBaseX_ZeroTmunu: Set T_munu to zero
          GROUP TmunuBaseX_AddToTmunu: Add to T_munu here
    Rotate timelevels
    iteration = iteration+1
    t = t+dt
    [CCTK_PRESTEP]
    [CCTK_EVOL]
      ODESolvers::ODESolvers_Solve: [level] Solve ODEs
      while (ODESolvers::do_substeps)
        GROUP ODESolvers_CalledBySolve: Groups internally scheduled by ODESolvers_Solve
          GROUP ODESolvers_RHS: Evaluate the RHS for of state vector everywhere on the grid
            GROUP CanudaX_BSSNMoL_RHSGroup: CanudaX_BSSNMoL: calculate BSSN RHS
              CanudaX_BSSNMoL::CanudaX_BSSNMoL_calc_bssn_rhs: MoL RHS calculation
              CanudaX_BSSNMoL::CanudaX_BSSNMoL_apply_boundary_conditions: Apply radiative boundary conditions 
          GROUP ODESolvers_PostStep: Apply boundary conditions to state vector, and project if necessary
            GROUP CanudaX_BSSNMoL_PostStepGroup: CanudaX_BSSNMoL: post-step operations
              CanudaX_BSSNMoL::CanudaX_BSSNMoL_impose_conf_fac_floor: Make sure conformal factor does not drop below specified value
              CanudaX_BSSNMoL::CanudaX_BSSNMoL_reset_detmetric: reset dethh = 1
              CanudaX_BSSNMoL::CanudaX_BSSNMoL_remove_trA: Remove trace of A
              CanudaX_BSSNMoL::CanudaX_BSSNMoL_sync: [global] Sync state vector
              CanudaX_BSSNMoL::CanudaX_BSSNMoL_bssn2adm: [local] Convert variables back to the ADM ones
            GROUP ADMBaseX_SetADMRHS: Set ADM RHS variables in this group
            GROUP ADMBaseX_SetADMVars: Set ADM variables in this group
            GROUP TmunuBaseX_SetTmunuVars: Schedule group for setting T_munu
              TmunuBaseX::TmunuBaseX_ZeroTmunu: Set T_munu to zero
              GROUP TmunuBaseX_AddToTmunu: Add to T_munu here
      end while
    Evolve finer grids recursively
    Restrict from finer grids
    [CCTK_POSTRESTRICT]
      GROUP ODESolvers_PostStep: Apply boundary conditions to state vector, and project if necessary
        GROUP CanudaX_BSSNMoL_PostStepGroup: CanudaX_BSSNMoL: post-step operations
          CanudaX_BSSNMoL::CanudaX_BSSNMoL_impose_conf_fac_floor: Make sure conformal factor does not drop below specified value
          CanudaX_BSSNMoL::CanudaX_BSSNMoL_reset_detmetric: reset dethh = 1
          CanudaX_BSSNMoL::CanudaX_BSSNMoL_remove_trA: Remove trace of A
          CanudaX_BSSNMoL::CanudaX_BSSNMoL_sync: [global] Sync state vector
          CanudaX_BSSNMoL::CanudaX_BSSNMoL_bssn2adm: [local] Convert variables back to the ADM ones
        GROUP ADMBaseX_SetADMRHS: Set ADM RHS variables in this group
        GROUP ADMBaseX_SetADMVars: Set ADM variables in this group
        GROUP TmunuBaseX_SetTmunuVars: Schedule group for setting T_munu
          TmunuBaseX::TmunuBaseX_ZeroTmunu: Set T_munu to zero
          GROUP TmunuBaseX_AddToTmunu: Add to T_munu here
    [CCTK_POSTSTEP]
      ErrorEstimator::EstimateError: Estimate error
      GROUP ODESolvers_EstimateError: Estimate discretization error (for regridding)
    if (checkpoint)
      [CCTK_CHECKPOINT]
      CarpetX::CarpetX_Checkpoint: [meta] Checkpoint
    endif
    if (analysis)
      [CCTK_ANALYSIS]
      CanudaX_BSSNMoL::CanudaX_BSSNMoL_bssn_constraints: Compute constraints
      GROUP ODESolvers_Analysis: Calculate analysis quantities everywhere
    endif
    Output grid variables
    enddo

  Termination routines
    [CCTK_TERMINATE]
      CarpetX::CarpetX_CheckpointTerminate: [meta] Checkpoint before terminating

  Shutdown routines
    [CCTK_SHUTDOWN]
      CarpetX::Driver_Shutdown: [meta] Shut down the driver

  Routines run after changing the grid hierarchy:
    [CCTK_POSTREGRID]
      GROUP ODESolvers_PostStep: Apply boundary conditions to state vector, and project if necessary
        GROUP CanudaX_BSSNMoL_PostStepGroup: CanudaX_BSSNMoL: post-step operations
          CanudaX_BSSNMoL::CanudaX_BSSNMoL_impose_conf_fac_floor: Make sure conformal factor does not drop below specified value
          CanudaX_BSSNMoL::CanudaX_BSSNMoL_reset_detmetric: reset dethh = 1
          CanudaX_BSSNMoL::CanudaX_BSSNMoL_remove_trA: Remove trace of A
          CanudaX_BSSNMoL::CanudaX_BSSNMoL_sync: [global] Sync state vector
          CanudaX_BSSNMoL::CanudaX_BSSNMoL_bssn2adm: [local] Convert variables back to the ADM ones
        GROUP ADMBaseX_SetADMRHS: Set ADM RHS variables in this group
        GROUP ADMBaseX_SetADMVars: Set ADM variables in this group
        GROUP TmunuBaseX_SetTmunuVars: Schedule group for setting T_munu
          TmunuBaseX::TmunuBaseX_ZeroTmunu: Set T_munu to zero
          GROUP TmunuBaseX_AddToTmunu: Add to T_munu here
--------------------------------------------------------------------------------
INFO (hwloc): library version 2.10.0, API version 0x20800
--------------------------------------------------------------------------------

  [34m  ▕▏  [34m  ▕▏  [34m  ▕▏  [34m  ▕▏  [34m  ▕▏  [34m  ▕▏  [34m  ▕▏  [34m  ▕▏  [34m  ▕▏  [39m  
  [34m──██──[34m──██──[34m──██──[34m──██──[34m──██──[34m──██──[34m──██──[34m──██──[34m──██──[39m  
  [34m  ▕▏  [34m  ▕▏  [34m  ▕▏  [34m  ▕▏  [34m  ▕▏  [34m  ▕▏  [34m  ▕▏  [34m  ▕▏  [34m  ▕▏  [39m  
  [34m  ▕▏  [32m██████[34m  ▕▏  [34m  ▕▏  [32m██████[34m  ▕▏  [34m  ▕▏  [32m██████[34m  ▕▏  [39m  
  [34m──██──[32m██████[34m──██──[34m──██──[32m██████[34m──██──[34m──██──[32m██████[34m──██──[39m  
  [34m  ▕▏  [32m██████[34m  ▕▏  [34m  ▕▏  [32m██████[34m  ▕▏  [34m  ▕▏  [32m██████[34m  ▕▏  [39m  
  [34m  ▕▏  [34m  ▕▏  [34m  ▕▏  [34m  ▕▏  [34m  ▕▏  [34m  ▕▏  [34m  ▕▏  [34m  ▕▏  [34m  ▕▏  [39m  
  [34m──██──[34m──██──[34m──██──[34m──██──[34m──██──[34m──██──[34m──██──[34m──██──[34m──██──[39m  
  [34m  ▕▏  [34m  ▕▏  [34m  ▕▏  [34m  ▕▏  [34m  ▕▏  [34m  ▕▏  [34m  ▕▏  [34m  ▕▏  [34m  ▕▏  [39m  
  [34m  ▕▏  [34m  ▕▏  [34m  ▕▏  [31m██████[31m██████[31m██████[34m  ▕▏  [34m  ▕▏  [34m  ▕▏  [39m  
  [34m──██──[34m──██──[34m──██──[31m██████[31m██████[31m██████[34m──██──[34m──██──[34m──██──[39m  
  [34m  ▕▏  [34m  ▕▏  [34m  ▕▏  [31m██████[31m██████[31m██████[34m  ▕▏  [34m  ▕▏  [34m  ▕▏  [39m  
  [34m  ▕▏  [32m██████[34m  ▕▏  [31m██████[31m██████[31m██████[34m  ▕▏  [32m██████[34m  ▕▏  [39m  
  [34m──██──[32m██████[34m──██──[31m██████[31m██████[31m██████[34m──██──[32m██████[34m──██──[39m  
  [34m  ▕▏  [32m██████[34m  ▕▏  [31m██████[31m██████[31m██████[34m  ▕▏  [32m██████[34m  ▕▏  [39m  
  [34m  ▕▏  [34m  ▕▏  [34m  ▕▏  [31m██████[31m██████[31m██████[34m  ▕▏  [34m  ▕▏  [34m  ▕▏  [39m  
  [34m──██──[34m──██──[34m──██──[31m██████[31m██████[31m██████[34m──██──[34m──██──[34m──██──[39m  
  [34m  ▕▏  [34m  ▕▏  [34m  ▕▏  [31m██████[31m██████[31m██████[34m  ▕▏  [34m  ▕▏  [34m  ▕▏  [39m  
  [34m  ▕▏  [34m  ▕▏  [34m  ▕▏  [34m  ▕▏  [34m  ▕▏  [34m  ▕▏  [34m  ▕▏  [34m  ▕▏  [34m  ▕▏  [39m  
  [34m──██──[34m──██──[34m──██──[34m──██──[34m──██──[34m──██──[34m──██──[34m──██──[34m──██──[39m  
  [34m  ▕▏  [34m  ▕▏  [34m  ▕▏  [34m  ▕▏  [34m  ▕▏  [34m  ▕▏  [34m  ▕▏  [34m  ▕▏  [34m  ▕▏  [39m  
  [34m  ▕▏  [32m██████[34m  ▕▏  [34m  ▕▏  [32m██████[34m  ▕▏  [34m  ▕▏  [32m██████[34m  ▕▏  [39m  
  [34m──██──[32m██████[34m──██──[34m──██──[32m██████[34m──██──[34m──██──[32m██████[34m──██──[39m  
  [34m  ▕▏  [32m██████[34m  ▕▏  [34m  ▕▏  [32m██████[34m  ▕▏  [34m  ▕▏  [32m██████[34m  ▕▏  [39m  
  [34m  ▕▏  [34m  ▕▏  [34m  ▕▏  [34m  ▕▏  [34m  ▕▏  [34m  ▕▏  [34m  ▕▏  [34m  ▕▏  [34m  ▕▏  [39m  
  [34m──██──[34m──██──[34m──██──[34m──██──[34m──██──[34m──██──[34m──██──[34m──██──[34m──██──[39m  
  [34m  ▕▏  [34m  ▕▏  [34m  ▕▏  [34m  ▕▏  [34m  ▕▏  [34m  ▕▏  [34m  ▕▏  [34m  ▕▏  [34m  ▕▏  [39m  

AMR driver provided by CarpetX,
using AMReX 25.11 (MPI, OpenMP, no accelerators, optimized)
--------------------------------------------------------------------------------

Initializing AMReX (25.11)...
MPI initialized with 2 MPI processes
MPI initialized with thread support level 2
OMP initialized with 1 OMP threads
AMReX (25.11) initialized
INFO (CarpetX): 
Symmetries:
  lower x: periodic
  lower y: periodic
  lower z: periodic
  upper x: periodic
  upper y: periodic
  upper z: periodic
Default boundaries:
  lower x: symmetry_boundary
  lower y: symmetry_boundary
  lower z: symmetry_boundary
  upper x: symmetry_boundary
  upper y: symmetry_boundary
  upper z: symmetry_boundary
INFO (Arith): Test_smallvector
INFO (Arith): Test_spvect
INFO (CarpetX): Setting initial values for max_grid_size values for all levels
INFO (CarpetX): Setting up initial conditions...
INFO (CarpetX): Iteration: 0   time: 0   delta_time: 0.00390625
INFO (CarpetX): Patch 0:
INFO (CarpetX):   Grid extent:
INFO (CarpetX):     gsh=[71,15,15]
INFO (CarpetX):     blocking_factor=[8,8,8]
INFO (CarpetX):     max_grid_size=[10000000,10000000,10000000]
INFO (CarpetX):     max_tile_size=[1024000,16,32]
INFO (CarpetX):   Domain extent:
INFO (CarpetX):     xmin=[-0.5,-0.0625,-0.0625]
INFO (CarpetX):     xmax=[0.5,0.0625,0.0625]
INFO (CarpetX):     base dx=[0.015625,0.015625,0.015625]
INFO (CarpetX): Initializing level 0...
INFO (CanudaX_ExactID): Begin Gauge Wave initial data
INFO (CanudaX_ExactID): === End gauge wave initial data ===
INFO (CarpetX): Regridding...
INFO (CarpetX):   level 0: 2 boxes, 4096 cells (100%)
INFO (CarpetX): Initialized 1 levels
INFO (CarpetX): OutputGH: iteration 0, time 0.000000, run time 0 s
INFO (CarpetX): OutputGH done.
INFO (CarpetX): Starting evolution...
INFO (ODESolvers): ODE integrator is RK4
INFO (CarpetX): OutputGH: iteration 1, time 0.003906, run time 0 s
INFO (CarpetX): OutputGH done.
INFO (CarpetX): Simulation time: 0.00390625   Iterations per second: 38.0053   Simulation time per second: 0.148458
INFO (CarpetX): Grid cells: 4096   Grid cell updates per second: 155670
INFO (CarpetX): Performance:
INFO (CarpetX):   total evolution time:            0.0263121 sec
INFO (CarpetX):   total evolution compute time:    0.0262892 sec
INFO (CarpetX):   total evolution output time:     2.28882e-05 sec
INFO (CarpetX):   total iterations:                1
INFO (CarpetX):   total cells updated:             4096
INFO (CarpetX):   average iterations per second: 38.0053
INFO (CarpetX):   average cell updates per second: 155670
INFO (CarpetX): OutputGH: iteration 2, time 0.007812, run time 0 s
INFO (CarpetX): OutputGH done.
INFO (CarpetX): Simulation time: 0.0078125   Iterations per second: 39.5553   Simulation time per second: 0.154513
INFO (CarpetX): Grid cells: 4096   Grid cell updates per second: 162018
INFO (CarpetX): Performance:
INFO (CarpetX):   total evolution time:            0.0505621 sec
INFO (CarpetX):   total evolution compute time:    0.0505152 sec
INFO (CarpetX):   total evolution output time:     4.69685e-05 sec
INFO (CarpetX):   total iterations:                2
INFO (CarpetX):   total cells updated:             8192
INFO (CarpetX):   average iterations per second: 39.5553
INFO (CarpetX):   average cell updates per second: 162018
INFO (CarpetX): OutputGH: iteration 3, time 0.011719, run time 0 s
INFO (CarpetX): OutputGH done.
INFO (CarpetX): Simulation time: 0.0117188   Iterations per second: 40.1444   Simulation time per second: 0.156814
INFO (CarpetX): Grid cells: 4096   Grid cell updates per second: 164432
INFO (CarpetX): Performance:
INFO (CarpetX):   total evolution time:            0.0747302 sec
INFO (CarpetX):   total evolution compute time:    0.0746601 sec
INFO (CarpetX):   total evolution output time:     7.00951e-05 sec
INFO (CarpetX):   total iterations:                3
INFO (CarpetX):   total cells updated:             12288
INFO (CarpetX):   average iterations per second: 40.1444
INFO (CarpetX):   average cell updates per second: 164432
INFO (CarpetX): OutputGH: iteration 4, time 0.015625, run time 0 s
INFO (CarpetX): OutputGH done.
INFO (CarpetX): Simulation time: 0.015625   Iterations per second: 40.413   Simulation time per second: 0.157863
INFO (CarpetX): Grid cells: 4096   Grid cell updates per second: 165532
INFO (CarpetX): Performance:
INFO (CarpetX):   total evolution time:            0.098978 sec
INFO (CarpetX):   total evolution compute time:    0.0988848 sec
INFO (CarpetX):   total evolution output time:     9.32217e-05 sec
INFO (CarpetX):   total iterations:                4
INFO (CarpetX):   total cells updated:             16384
INFO (CarpetX):   average iterations per second: 40.413
INFO (CarpetX):   average cell updates per second: 165532
INFO (CarpetX): OutputGH: iteration 5, time 0.019531, run time 0 s
INFO (CarpetX): OutputGH done.
INFO (CarpetX): Simulation time: 0.0195312   Iterations per second: 40.6369   Simulation time per second: 0.158738
INFO (CarpetX): Grid cells: 4096   Grid cell updates per second: 166449
INFO (CarpetX): Performance:
INFO (CarpetX):   total evolution time:            0.123041 sec
INFO (CarpetX):   total evolution compute time:    0.122924 sec
INFO (CarpetX):   total evolution output time:     0.000117302 sec
INFO (CarpetX):   total iterations:                5
INFO (CarpetX):   total cells updated:             20480
INFO (CarpetX):   average iterations per second: 40.6369
INFO (CarpetX):   average cell updates per second: 166449
INFO (CarpetX): OutputGH: iteration 6, time 0.023438, run time 0 s
INFO (CarpetX): OutputGH done.
INFO (CarpetX): Simulation time: 0.0234375   Iterations per second: 40.7219   Simulation time per second: 0.15907
INFO (CarpetX): Grid cells: 4096   Grid cell updates per second: 166797
INFO (CarpetX): Performance:
INFO (CarpetX):   total evolution time:            0.147341 sec
INFO (CarpetX):   total evolution compute time:    0.147204 sec
INFO (CarpetX):   total evolution output time:     0.000137329 sec
INFO (CarpetX):   total iterations:                6
INFO (CarpetX):   total cells updated:             24576
INFO (CarpetX):   average iterations per second: 40.7219
INFO (CarpetX):   average cell updates per second: 166797
INFO (CarpetX): OutputGH: iteration 7, time 0.027344, run time 0 s
INFO (CarpetX): OutputGH done.
INFO (CarpetX): Simulation time: 0.0273438   Iterations per second: 40.8346   Simulation time per second: 0.15951
INFO (CarpetX): Grid cells: 4096   Grid cell updates per second: 167259
INFO (CarpetX): Performance:
INFO (CarpetX):   total evolution time:            0.171423 sec
INFO (CarpetX):   total evolution compute time:    0.171263 sec
INFO (CarpetX):   total evolution output time:     0.000160217 sec
INFO (CarpetX):   total iterations:                7
INFO (CarpetX):   total cells updated:             28672
INFO (CarpetX):   average iterations per second: 40.8346
INFO (CarpetX):   average cell updates per second: 167259
INFO (CarpetX): OutputGH: iteration 8, time 0.031250, run time 0 s
INFO (CarpetX): OutputGH done.
INFO (CarpetX): Simulation time: 0.03125   Iterations per second: 40.905   Simulation time per second: 0.159785
INFO (CarpetX): Grid cells: 4096   Grid cell updates per second: 167547
INFO (CarpetX): Performance:
INFO (CarpetX):   total evolution time:            0.195575 sec
INFO (CarpetX):   total evolution compute time:    0.195392 sec
INFO (CarpetX):   total evolution output time:     0.000183344 sec
INFO (CarpetX):   total iterations:                8
INFO (CarpetX):   total cells updated:             32768
INFO (CarpetX):   average iterations per second: 40.905
INFO (CarpetX):   average cell updates per second: 167547
INFO (CarpetX): OutputGH: iteration 9, time 0.035156, run time 0 s
INFO (CarpetX): OutputGH done.
INFO (CarpetX): Simulation time: 0.0351562   Iterations per second: 40.9632   Simulation time per second: 0.160013
INFO (CarpetX): Grid cells: 4096   Grid cell updates per second: 167785
INFO (CarpetX): Performance:
INFO (CarpetX):   total evolution time:            0.219709 sec
INFO (CarpetX):   total evolution compute time:    0.219502 sec
INFO (CarpetX):   total evolution output time:     0.000207424 sec
INFO (CarpetX):   total iterations:                9
INFO (CarpetX):   total cells updated:             36864
INFO (CarpetX):   average iterations per second: 40.9632
INFO (CarpetX):   average cell updates per second: 167785
INFO (CarpetX): OutputGH: iteration 10, time 0.039062, run time 0 s
INFO (CarpetX): OutputGH done.
INFO (CarpetX): Simulation time: 0.0390625   Iterations per second: 41.0237   Simulation time per second: 0.160249
INFO (CarpetX): Grid cells: 4096   Grid cell updates per second: 168033
INFO (CarpetX): Performance:
INFO (CarpetX):   total evolution time:            0.243761 sec
INFO (CarpetX):   total evolution compute time:    0.243532 sec
INFO (CarpetX):   total evolution output time:     0.000229359 sec
INFO (CarpetX):   total iterations:                10
INFO (CarpetX):   total cells updated:             40960
INFO (CarpetX):   average iterations per second: 41.0237
INFO (CarpetX):   average cell updates per second: 168033
INFO (CarpetX): OutputGH: iteration 11, time 0.042969, run time 0 s
INFO (CarpetX): OutputGH done.
INFO (CarpetX): Simulation time: 0.0429688   Iterations per second: 41.0701   Simulation time per second: 0.16043
INFO (CarpetX): Grid cells: 4096   Grid cell updates per second: 168223
INFO (CarpetX): Performance:
INFO (CarpetX):   total evolution time:            0.267862 sec
INFO (CarpetX):   total evolution compute time:    0.267609 sec
INFO (CarpetX):   total evolution output time:     0.000253439 sec
INFO (CarpetX):   total iterations:                11
INFO (CarpetX):   total cells updated:             45056
INFO (CarpetX):   average iterations per second: 41.0659
INFO (CarpetX):   average cell updates per second: 168206
INFO (CarpetX): OutputGH: iteration 12, time 0.046875, run time 0 s
INFO (CarpetX): OutputGH done.
INFO (CarpetX): Simulation time: 0.046875   Iterations per second: 41.1357   Simulation time per second: 0.160686
INFO (CarpetX): Grid cells: 4096   Grid cell updates per second: 168492
INFO (CarpetX): Performance:
INFO (CarpetX):   total evolution time:            0.291822 sec
INFO (CarpetX):   total evolution compute time:    0.291548 sec
INFO (CarpetX):   total evolution output time:     0.00027442 sec
INFO (CarpetX):   total iterations:                12
INFO (CarpetX):   total cells updated:             49152
INFO (CarpetX):   average iterations per second: 41.1209
INFO (CarpetX):   average cell updates per second: 168431
INFO (CarpetX): OutputGH: iteration 13, time 0.050781, run time 0 s
INFO (CarpetX): OutputGH done.
INFO (CarpetX): Simulation time: 0.0507812   Iterations per second: 41.1594   Simulation time per second: 0.160779
INFO (CarpetX): Grid cells: 4096   Grid cell updates per second: 168589
INFO (CarpetX): Performance:
INFO (CarpetX):   total evolution time:            0.315992 sec
INFO (CarpetX):   total evolution compute time:    0.315696 sec
INFO (CarpetX):   total evolution output time:     0.000296354 sec
INFO (CarpetX):   total iterations:                13
INFO (CarpetX):   total cells updated:             53248
INFO (CarpetX):   average iterations per second: 41.1402
INFO (CarpetX):   average cell updates per second: 168510
INFO (CarpetX): OutputGH: iteration 14, time 0.054688, run time 0 s
INFO (CarpetX): OutputGH done.
INFO (CarpetX): Simulation time: 0.0546875   Iterations per second: 41.1999   Simulation time per second: 0.160937
INFO (CarpetX): Grid cells: 4096   Grid cell updates per second: 168755
INFO (CarpetX): Performance:
INFO (CarpetX):   total evolution time:            0.34005 sec
INFO (CarpetX):   total evolution compute time:    0.339727 sec
INFO (CarpetX):   total evolution output time:     0.000322342 sec
INFO (CarpetX):   total iterations:                14
INFO (CarpetX):   total cells updated:             57344
INFO (CarpetX):   average iterations per second: 41.1705
INFO (CarpetX):   average cell updates per second: 168634
INFO (CarpetX): OutputGH: iteration 15, time 0.058594, run time 0 s
INFO (CarpetX): OutputGH done.
INFO (CarpetX): Simulation time: 0.0585938   Iterations per second: 41.2167   Simulation time per second: 0.161003
INFO (CarpetX): Grid cells: 4096   Grid cell updates per second: 168823
INFO (CarpetX): Performance:
INFO (CarpetX):   total evolution time:            0.364223 sec
INFO (CarpetX):   total evolution compute time:    0.363871 sec
INFO (CarpetX):   total evolution output time:     0.000351429 sec
INFO (CarpetX):   total iterations:                15
INFO (CarpetX):   total cells updated:             61440
INFO (CarpetX):   average iterations per second: 41.1836
INFO (CarpetX):   average cell updates per second: 168688
INFO (CarpetX): OutputGH: iteration 16, time 0.062500, run time 0 s
INFO (CarpetX): OutputGH done.
INFO (CarpetX): Simulation time: 0.0625   Iterations per second: 41.2568   Simulation time per second: 0.161159
INFO (CarpetX): Grid cells: 4096   Grid cell updates per second: 168988
INFO (CarpetX): Performance:
INFO (CarpetX):   total evolution time:            0.388248 sec
INFO (CarpetX):   total evolution compute time:    0.387874 sec
INFO (CarpetX):   total evolution output time:     0.000374317 sec
INFO (CarpetX):   total iterations:                16
INFO (CarpetX):   total cells updated:             65536
INFO (CarpetX):   average iterations per second: 41.2107
INFO (CarpetX):   average cell updates per second: 168799
INFO (CarpetX): OutputGH: iteration 17, time 0.066406, run time 0 s
INFO (CarpetX): OutputGH done.
INFO (CarpetX): Simulation time: 0.0664062   Iterations per second: 41.3062   Simulation time per second: 0.161352
INFO (CarpetX): Grid cells: 4096   Grid cell updates per second: 169190
INFO (CarpetX): Performance:
INFO (CarpetX):   total evolution time:            0.412197 sec
INFO (CarpetX):   total evolution compute time:    0.411798 sec
INFO (CarpetX):   total evolution output time:     0.000399113 sec
INFO (CarpetX):   total iterations:                17
INFO (CarpetX):   total cells updated:             69632
INFO (CarpetX):   average iterations per second: 41.2424
INFO (CarpetX):   average cell updates per second: 168929
INFO (CarpetX): OutputGH: iteration 18, time 0.070312, run time 0 s
INFO (CarpetX): OutputGH done.
INFO (CarpetX): Simulation time: 0.0703125   Iterations per second: 41.3375   Simulation time per second: 0.161475
INFO (CarpetX): Grid cells: 4096   Grid cell updates per second: 169318
INFO (CarpetX): Performance:
INFO (CarpetX):   total evolution time:            0.436223 sec
INFO (CarpetX):   total evolution compute time:    0.435807 sec
INFO (CarpetX):   total evolution output time:     0.00041604 sec
INFO (CarpetX):   total iterations:                18
INFO (CarpetX):   total cells updated:             73728
INFO (CarpetX):   average iterations per second: 41.2633
INFO (CarpetX):   average cell updates per second: 169014
INFO (CarpetX): OutputGH: iteration 19, time 0.074219, run time 0 s
INFO (CarpetX): OutputGH done.
INFO (CarpetX): Simulation time: 0.0742188   Iterations per second: 41.3691   Simulation time per second: 0.161598
INFO (CarpetX): Grid cells: 4096   Grid cell updates per second: 169448
INFO (CarpetX): Performance:
INFO (CarpetX):   total evolution time:            0.460229 sec
INFO (CarpetX):   total evolution compute time:    0.459789 sec
INFO (CarpetX):   total evolution output time:     0.000440836 sec
INFO (CarpetX):   total iterations:                19
INFO (CarpetX):   total cells updated:             77824
INFO (CarpetX):   average iterations per second: 41.2838
INFO (CarpetX):   average cell updates per second: 169098
INFO (CarpetX): OutputGH: iteration 20, time 0.078125, run time 0 s
INFO (CarpetX): OutputGH done.
INFO (CarpetX): Simulation time: 0.078125   Iterations per second: 41.4191   Simulation time per second: 0.161793
INFO (CarpetX): Grid cells: 4096   Grid cell updates per second: 169653
INFO (CarpetX): Performance:
INFO (CarpetX):   total evolution time:            0.48411 sec
INFO (CarpetX):   total evolution compute time:    0.483649 sec
INFO (CarpetX):   total evolution output time:     0.000460863 sec
INFO (CarpetX):   total iterations:                20
INFO (CarpetX):   total cells updated:             81920
INFO (CarpetX):   average iterations per second: 41.3129
INFO (CarpetX):   average cell updates per second: 169218
INFO (CarpetX): OutputGH: iteration 21, time 0.082031, run time 1 s
INFO (CarpetX): OutputGH done.
INFO (CarpetX): Simulation time: 0.0820312   Iterations per second: 41.4633   Simulation time per second: 0.161966
INFO (CarpetX): Grid cells: 4096   Grid cell updates per second: 169834
INFO (CarpetX): Performance:
INFO (CarpetX):   total evolution time:            0.507996 sec
INFO (CarpetX):   total evolution compute time:    0.507516 sec
INFO (CarpetX):   total evolution output time:     0.000480652 sec
INFO (CarpetX):   total iterations:                21
INFO (CarpetX):   total cells updated:             86016
INFO (CarpetX):   average iterations per second: 41.3389
INFO (CarpetX):   average cell updates per second: 169324
INFO (CarpetX): OutputGH: iteration 22, time 0.085938, run time 1 s
INFO (CarpetX): OutputGH done.
INFO (CarpetX): Simulation time: 0.0859375   Iterations per second: 41.4746   Simulation time per second: 0.16201
INFO (CarpetX): Grid cells: 4096   Grid cell updates per second: 169880
INFO (CarpetX): Performance:
INFO (CarpetX):   total evolution time:            0.532048 sec
INFO (CarpetX):   total evolution compute time:    0.531549 sec
INFO (CarpetX):   total evolution output time:     0.000499487 sec
INFO (CarpetX):   total iterations:                22
INFO (CarpetX):   total cells updated:             90112
INFO (CarpetX):   average iterations per second: 41.3496
INFO (CarpetX):   average cell updates per second: 169368
INFO (CarpetX): OutputGH: iteration 23, time 0.089844, run time 1 s
INFO (CarpetX): OutputGH done.
INFO (CarpetX): Simulation time: 0.0898438   Iterations per second: 41.4745   Simulation time per second: 0.16201
INFO (CarpetX): Grid cells: 4096   Grid cell updates per second: 169880
INFO (CarpetX): Performance:
INFO (CarpetX):   total evolution time:            0.55616 sec
INFO (CarpetX):   total evolution compute time:    0.555637 sec
INFO (CarpetX):   total evolution output time:     0.000523567 sec
INFO (CarpetX):   total iterations:                23
INFO (CarpetX):   total cells updated:             94208
INFO (CarpetX):   average iterations per second: 41.355
INFO (CarpetX):   average cell updates per second: 169390
INFO (CarpetX): OutputGH: iteration 24, time 0.093750, run time 1 s
INFO (CarpetX): OutputGH done.
INFO (CarpetX): Simulation time: 0.09375   Iterations per second: 41.4988   Simulation time per second: 0.162105
INFO (CarpetX): Grid cells: 4096   Grid cell updates per second: 169979
INFO (CarpetX): Performance:
INFO (CarpetX):   total evolution time:            0.58013 sec
INFO (CarpetX):   total evolution compute time:    0.579586 sec
INFO (CarpetX):   total evolution output time:     0.000544548 sec
INFO (CarpetX):   total iterations:                24
INFO (CarpetX):   total cells updated:             98304
INFO (CarpetX):   average iterations per second: 41.37
INFO (CarpetX):   average cell updates per second: 169452
INFO (CarpetX): OutputGH: iteration 25, time 0.097656, run time 1 s
INFO (CarpetX): OutputGH done.
INFO (CarpetX): Simulation time: 0.0976562   Iterations per second: 41.494   Simulation time per second: 0.162086
INFO (CarpetX): Grid cells: 4096   Grid cell updates per second: 169959
INFO (CarpetX): Performance:
INFO (CarpetX):   total evolution time:            0.604255 sec
INFO (CarpetX):   total evolution compute time:    0.603689 sec
INFO (CarpetX):   total evolution output time:     0.000566483 sec
INFO (CarpetX):   total iterations:                25
INFO (CarpetX):   total cells updated:             102400
INFO (CarpetX):   average iterations per second: 41.3732
INFO (CarpetX):   average cell updates per second: 169465
INFO (CarpetX): OutputGH: iteration 26, time 0.101562, run time 1 s
INFO (CarpetX): OutputGH done.
INFO (CarpetX): Simulation time: 0.101562   Iterations per second: 41.5022   Simulation time per second: 0.162118
INFO (CarpetX): Grid cells: 4096   Grid cell updates per second: 169993
INFO (CarpetX): Performance:
INFO (CarpetX):   total evolution time:            0.628307 sec
INFO (CarpetX):   total evolution compute time:    0.627719 sec
INFO (CarpetX):   total evolution output time:     0.000588417 sec
INFO (CarpetX):   total iterations:                26
INFO (CarpetX):   total cells updated:             106496
INFO (CarpetX):   average iterations per second: 41.381
INFO (CarpetX):   average cell updates per second: 169497
INFO (CarpetX): OutputGH: iteration 27, time 0.105469, run time 1 s
INFO (CarpetX): OutputGH done.
INFO (CarpetX): Simulation time: 0.105469   Iterations per second: 41.4835   Simulation time per second: 0.162045
INFO (CarpetX): Grid cells: 4096   Grid cell updates per second: 169917
INFO (CarpetX): Performance:
INFO (CarpetX):   total evolution time:            0.652511 sec
INFO (CarpetX):   total evolution compute time:    0.651899 sec
INFO (CarpetX):   total evolution output time:     0.000611544 sec
INFO (CarpetX):   total iterations:                27
INFO (CarpetX):   total cells updated:             110592
INFO (CarpetX):   average iterations per second: 41.3786
INFO (CarpetX):   average cell updates per second: 169487
INFO (CarpetX): OutputGH: iteration 28, time 0.109375, run time 1 s
INFO (CarpetX): OutputGH done.
INFO (CarpetX): Simulation time: 0.109375   Iterations per second: 41.502   Simulation time per second: 0.162117
INFO (CarpetX): Grid cells: 4096   Grid cell updates per second: 169992
INFO (CarpetX): Performance:
INFO (CarpetX):   total evolution time:            0.67651 sec
INFO (CarpetX):   total evolution compute time:    0.675878 sec
INFO (CarpetX):   total evolution output time:     0.000631571 sec
INFO (CarpetX):   total iterations:                28
INFO (CarpetX):   total cells updated:             114688
INFO (CarpetX):   average iterations per second: 41.3889
INFO (CarpetX):   average cell updates per second: 169529
INFO (CarpetX): OutputGH: iteration 29, time 0.113281, run time 1 s
INFO (CarpetX): OutputGH done.
INFO (CarpetX): Simulation time: 0.113281   Iterations per second: 41.4955   Simulation time per second: 0.162092
INFO (CarpetX): Grid cells: 4096   Grid cell updates per second: 169965
INFO (CarpetX): Performance:
INFO (CarpetX):   total evolution time:            0.700643 sec
INFO (CarpetX):   total evolution compute time:    0.699987 sec
INFO (CarpetX):   total evolution output time:     0.000655413 sec
INFO (CarpetX):   total iterations:                29
INFO (CarpetX):   total cells updated:             118784
INFO (CarpetX):   average iterations per second: 41.3906
INFO (CarpetX):   average cell updates per second: 169536
INFO (CarpetX): OutputGH: iteration 30, time 0.117188, run time 1 s
INFO (CarpetX): OutputGH done.
INFO (CarpetX): Simulation time: 0.117188   Iterations per second: 41.4984   Simulation time per second: 0.162103
INFO (CarpetX): Grid cells: 4096   Grid cell updates per second: 169977
INFO (CarpetX): Performance:
INFO (CarpetX):   total evolution time:            0.724725 sec
INFO (CarpetX):   total evolution compute time:    0.724043 sec
INFO (CarpetX):   total evolution output time:     0.0006814 sec
INFO (CarpetX):   total iterations:                30
INFO (CarpetX):   total cells updated:             122880
INFO (CarpetX):   average iterations per second: 41.395
INFO (CarpetX):   average cell updates per second: 169554
INFO (CarpetX): OutputGH: iteration 31, time 0.121094, run time 1 s
INFO (CarpetX): OutputGH done.
INFO (CarpetX): Simulation time: 0.121094   Iterations per second: 41.4911   Simulation time per second: 0.162074
INFO (CarpetX): Grid cells: 4096   Grid cell updates per second: 169947
INFO (CarpetX): Performance:
INFO (CarpetX):   total evolution time:            0.748865 sec
INFO (CarpetX):   total evolution compute time:    0.748141 sec
INFO (CarpetX):   total evolution output time:     0.0007236 sec
INFO (CarpetX):   total iterations:                31
INFO (CarpetX):   total cells updated:             126976
INFO (CarpetX):   average iterations per second: 41.396
INFO (CarpetX):   average cell updates per second: 169558
INFO (CarpetX): OutputGH: iteration 32, time 0.125000, run time 1 s
INFO (CarpetX): OutputGH done.
INFO (CarpetX): Simulation time: 0.125   Iterations per second: 41.4796   Simulation time per second: 0.16203
INFO (CarpetX): Grid cells: 4096   Grid cell updates per second: 169901
INFO (CarpetX): Performance:
INFO (CarpetX):   total evolution time:            0.773033 sec
INFO (CarpetX):   total evolution compute time:    0.772287 sec
INFO (CarpetX):   total evolution output time:     0.000745773 sec
INFO (CarpetX):   total iterations:                32
INFO (CarpetX):   total cells updated:             131072
INFO (CarpetX):   average iterations per second: 41.3954
INFO (CarpetX):   average cell updates per second: 169556
INFO (CarpetX): OutputGH: iteration 33, time 0.128906, run time 1 s
INFO (CarpetX): OutputGH done.
INFO (CarpetX): Simulation time: 0.128906   Iterations per second: 41.4632   Simulation time per second: 0.161966
INFO (CarpetX): Grid cells: 4096   Grid cell updates per second: 169833
INFO (CarpetX): Performance:
INFO (CarpetX):   total evolution time:            0.797236 sec
INFO (CarpetX):   total evolution compute time:    0.796468 sec
INFO (CarpetX):   total evolution output time:     0.0007689 sec
INFO (CarpetX):   total iterations:                33
INFO (CarpetX):   total cells updated:             135168
INFO (CarpetX):   average iterations per second: 41.393
INFO (CarpetX):   average cell updates per second: 169546
INFO (CarpetX): OutputGH: iteration 34, time 0.132812, run time 1 s
INFO (CarpetX): OutputGH done.
INFO (CarpetX): Simulation time: 0.132812   Iterations per second: 41.4661   Simulation time per second: 0.161977
INFO (CarpetX): Grid cells: 4096   Grid cell updates per second: 169845
INFO (CarpetX): Performance:
INFO (CarpetX):   total evolution time:            0.821337 sec
INFO (CarpetX):   total evolution compute time:    0.820547 sec
INFO (CarpetX):   total evolution output time:     0.000790834 sec
INFO (CarpetX):   total iterations:                34
INFO (CarpetX):   total cells updated:             139264
INFO (CarpetX):   average iterations per second: 41.3959
INFO (CarpetX):   average cell updates per second: 169558
INFO (CarpetX): OutputGH: iteration 35, time 0.136719, run time 1 s
INFO (CarpetX): OutputGH done.
INFO (CarpetX): Simulation time: 0.136719   Iterations per second: 41.4488   Simulation time per second: 0.161909
INFO (CarpetX): Grid cells: 4096   Grid cell updates per second: 169774
INFO (CarpetX): Performance:
INFO (CarpetX):   total evolution time:            0.845554 sec
INFO (CarpetX):   total evolution compute time:    0.84474 sec
INFO (CarpetX):   total evolution output time:     0.000813961 sec
INFO (CarpetX):   total iterations:                35
INFO (CarpetX):   total cells updated:             143360
INFO (CarpetX):   average iterations per second: 41.393
INFO (CarpetX):   average cell updates per second: 169546
INFO (CarpetX): OutputGH: iteration 36, time 0.140625, run time 1 s
INFO (CarpetX): OutputGH done.
INFO (CarpetX): Simulation time: 0.140625   Iterations per second: 41.445   Simulation time per second: 0.161894
INFO (CarpetX): Grid cells: 4096   Grid cell updates per second: 169759
INFO (CarpetX): Performance:
INFO (CarpetX):   total evolution time:            0.869703 sec
INFO (CarpetX):   total evolution compute time:    0.868869 sec
INFO (CarpetX):   total evolution output time:     0.000833988 sec
INFO (CarpetX):   total iterations:                36
INFO (CarpetX):   total cells updated:             147456
INFO (CarpetX):   average iterations per second: 41.3935
INFO (CarpetX):   average cell updates per second: 169548
INFO (CarpetX): OutputGH: iteration 37, time 0.144531, run time 1 s
INFO (CarpetX): OutputGH done.
INFO (CarpetX): Simulation time: 0.144531   Iterations per second: 41.4181   Simulation time per second: 0.161789
INFO (CarpetX): Grid cells: 4096   Grid cell updates per second: 169649
INFO (CarpetX): Performance:
INFO (CarpetX):   total evolution time:            0.893987 sec
INFO (CarpetX):   total evolution compute time:    0.893129 sec
INFO (CarpetX):   total evolution output time:     0.000858068 sec
INFO (CarpetX):   total iterations:                37
INFO (CarpetX):   total cells updated:             151552
INFO (CarpetX):   average iterations per second: 41.3876
INFO (CarpetX):   average cell updates per second: 169524
INFO (CarpetX): OutputGH: iteration 38, time 0.148438, run time 1 s
INFO (CarpetX): OutputGH done.
INFO (CarpetX): Simulation time: 0.148438   Iterations per second: 41.4116   Simulation time per second: 0.161764
INFO (CarpetX): Grid cells: 4096   Grid cell updates per second: 169622
INFO (CarpetX): Performance:
INFO (CarpetX):   total evolution time:            0.918169 sec
INFO (CarpetX):   total evolution compute time:    0.91729 sec
INFO (CarpetX):   total evolution output time:     0.000879049 sec
INFO (CarpetX):   total iterations:                38
INFO (CarpetX):   total cells updated:             155648
INFO (CarpetX):   average iterations per second: 41.3867
INFO (CarpetX):   average cell updates per second: 169520
INFO (CarpetX): OutputGH: iteration 39, time 0.152344, run time 1 s
INFO (CarpetX): OutputGH done.
INFO (CarpetX): Simulation time: 0.152344   Iterations per second: 41.4246   Simulation time per second: 0.161815
INFO (CarpetX): Grid cells: 4096   Grid cell updates per second: 169675
INFO (CarpetX): Performance:
INFO (CarpetX):   total evolution time:            0.942241 sec
INFO (CarpetX):   total evolution compute time:    0.94134 sec
INFO (CarpetX):   total evolution output time:     0.000900984 sec
INFO (CarpetX):   total iterations:                39
INFO (CarpetX):   total cells updated:             159744
INFO (CarpetX):   average iterations per second: 41.3907
INFO (CarpetX):   average cell updates per second: 169536
INFO (CarpetX): OutputGH: iteration 40, time 0.156250, run time 1 s
INFO (CarpetX): OutputGH done.
INFO (CarpetX): Simulation time: 0.15625   Iterations per second: 41.3722   Simulation time per second: 0.16161
INFO (CarpetX): Grid cells: 4096   Grid cell updates per second: 169461
INFO (CarpetX): Performance:
INFO (CarpetX):   total evolution time:            0.966687 sec
INFO (CarpetX):   total evolution compute time:    0.965766 sec
INFO (CarpetX):   total evolution output time:     0.000921011 sec
INFO (CarpetX):   total iterations:                40
INFO (CarpetX):   total cells updated:             163840
INFO (CarpetX):   average iterations per second: 41.3784
INFO (CarpetX):   average cell updates per second: 169486
INFO (CarpetX): OutputGH: iteration 41, time 0.160156, run time 1 s
INFO (CarpetX): OutputGH done.
INFO (CarpetX): Simulation time: 0.160156   Iterations per second: 41.3788   Simulation time per second: 0.161636
INFO (CarpetX): Grid cells: 4096   Grid cell updates per second: 169488
INFO (CarpetX): Performance:
INFO (CarpetX):   total evolution time:            0.990819 sec
INFO (CarpetX):   total evolution compute time:    0.989877 sec
INFO (CarpetX):   total evolution output time:     0.000941992 sec
INFO (CarpetX):   total iterations:                41
INFO (CarpetX):   total cells updated:             167936
INFO (CarpetX):   average iterations per second: 41.3799
INFO (CarpetX):   average cell updates per second: 169492
INFO (CarpetX): OutputGH: iteration 42, time 0.164062, run time 1 s
INFO (CarpetX): OutputGH done.
INFO (CarpetX): Simulation time: 0.164062   Iterations per second: 41.3412   Simulation time per second: 0.161489
INFO (CarpetX): Grid cells: 4096   Grid cell updates per second: 169333
INFO (CarpetX): Performance:
INFO (CarpetX):   total evolution time:            1.01521 sec
INFO (CarpetX):   total evolution compute time:    1.01424 sec
INFO (CarpetX):   total evolution output time:     0.000969887 sec
INFO (CarpetX):   total iterations:                42
INFO (CarpetX):   total cells updated:             172032
INFO (CarpetX):   average iterations per second: 41.3709
INFO (CarpetX):   average cell updates per second: 169455
INFO (CarpetX): OutputGH: iteration 43, time 0.167969, run time 1 s
INFO (CarpetX): OutputGH done.
INFO (CarpetX): Simulation time: 0.167969   Iterations per second: 41.3239   Simulation time per second: 0.161421
INFO (CarpetX): Grid cells: 4096   Grid cell updates per second: 169263
INFO (CarpetX): Performance:
INFO (CarpetX):   total evolution time:            1.0395 sec
INFO (CarpetX):   total evolution compute time:    1.0385 sec
INFO (CarpetX):   total evolution output time:     0.000996828 sec
INFO (CarpetX):   total iterations:                43
INFO (CarpetX):   total cells updated:             176128
INFO (CarpetX):   average iterations per second: 41.3662
INFO (CarpetX):   average cell updates per second: 169436
INFO (CarpetX): OutputGH: iteration 44, time 0.171875, run time 1 s
INFO (CarpetX): OutputGH done.
INFO (CarpetX): Simulation time: 0.171875   Iterations per second: 41.3497   Simulation time per second: 0.161522
INFO (CarpetX): Grid cells: 4096   Grid cell updates per second: 169368
INFO (CarpetX): Performance:
INFO (CarpetX):   total evolution time:            1.06354 sec
INFO (CarpetX):   total evolution compute time:    1.06253 sec
INFO (CarpetX):   total evolution output time:     0.00101686 sec
INFO (CarpetX):   total iterations:                44
INFO (CarpetX):   total cells updated:             180224
INFO (CarpetX):   average iterations per second: 41.3711
INFO (CarpetX):   average cell updates per second: 169456
INFO (CarpetX): OutputGH: iteration 45, time 0.175781, run time 1 s
INFO (CarpetX): OutputGH done.
INFO (CarpetX): Simulation time: 0.175781   Iterations per second: 41.3229   Simulation time per second: 0.161417
INFO (CarpetX): Grid cells: 4096   Grid cell updates per second: 169258
INFO (CarpetX): Performance:
INFO (CarpetX):   total evolution time:            1.08789 sec
INFO (CarpetX):   total evolution compute time:    1.08684 sec
INFO (CarpetX):   total evolution output time:     0.00104284 sec
INFO (CarpetX):   total iterations:                45
INFO (CarpetX):   total cells updated:             184320
INFO (CarpetX):   average iterations per second: 41.3646
INFO (CarpetX):   average cell updates per second: 169430
INFO (CarpetX): OutputGH: iteration 46, time 0.179688, run time 1 s
INFO (CarpetX): OutputGH done.
INFO (CarpetX): Simulation time: 0.179688   Iterations per second: 41.3103   Simulation time per second: 0.161369
INFO (CarpetX): Grid cells: 4096   Grid cell updates per second: 169207
INFO (CarpetX): Performance:
INFO (CarpetX):   total evolution time:            1.11216 sec
INFO (CarpetX):   total evolution compute time:    1.11109 sec
INFO (CarpetX):   total evolution output time:     0.00106788 sec
INFO (CarpetX):   total iterations:                46
INFO (CarpetX):   total cells updated:             188416
INFO (CarpetX):   average iterations per second: 41.361
INFO (CarpetX):   average cell updates per second: 169415
INFO (CarpetX): OutputGH: iteration 47, time 0.183594, run time 1 s
INFO (CarpetX): OutputGH done.
INFO (CarpetX): Simulation time: 0.183594   Iterations per second: 41.3006   Simulation time per second: 0.161331
INFO (CarpetX): Grid cells: 4096   Grid cell updates per second: 169167
INFO (CarpetX): Performance:
INFO (CarpetX):   total evolution time:            1.13642 sec
INFO (CarpetX):   total evolution compute time:    1.13533 sec
INFO (CarpetX):   total evolution output time:     0.00108886 sec
INFO (CarpetX):   total iterations:                47
INFO (CarpetX):   total cells updated:             192512
INFO (CarpetX):   average iterations per second: 41.3578
INFO (CarpetX):   average cell updates per second: 169402
INFO (CarpetX): OutputGH: iteration 48, time 0.187500, run time 1 s
INFO (CarpetX): OutputGH done.
INFO (CarpetX): Simulation time: 0.1875   Iterations per second: 41.2981   Simulation time per second: 0.161321
INFO (CarpetX): Grid cells: 4096   Grid cell updates per second: 169157
INFO (CarpetX): Performance:
INFO (CarpetX):   total evolution time:            1.16065 sec
INFO (CarpetX):   total evolution compute time:    1.15954 sec
INFO (CarpetX):   total evolution output time:     0.00111485 sec
INFO (CarpetX):   total iterations:                48
INFO (CarpetX):   total cells updated:             196608
INFO (CarpetX):   average iterations per second: 41.3561
INFO (CarpetX):   average cell updates per second: 169395
INFO (CarpetX): OutputGH: iteration 49, time 0.191406, run time 1 s
INFO (CarpetX): OutputGH done.
INFO (CarpetX): Simulation time: 0.191406   Iterations per second: 41.3052   Simulation time per second: 0.161348
INFO (CarpetX): Grid cells: 4096   Grid cell updates per second: 169186
INFO (CarpetX): Performance:
INFO (CarpetX):   total evolution time:            1.18482 sec
INFO (CarpetX):   total evolution compute time:    1.18368 sec
INFO (CarpetX):   total evolution output time:     0.00114584 sec
INFO (CarpetX):   total iterations:                49
INFO (CarpetX):   total cells updated:             200704
INFO (CarpetX):   average iterations per second: 41.3564
INFO (CarpetX):   average cell updates per second: 169396
INFO (CarpetX): OutputGH: iteration 50, time 0.195312, run time 1 s
INFO (CarpetX): OutputGH done.
INFO (CarpetX): Simulation time: 0.195312   Iterations per second: 41.3151   Simulation time per second: 0.161387
INFO (CarpetX): Grid cells: 4096   Grid cell updates per second: 169227
INFO (CarpetX): Performance:
INFO (CarpetX):   total evolution time:            1.20898 sec
INFO (CarpetX):   total evolution compute time:    1.20781 sec
INFO (CarpetX):   total evolution output time:     0.00116682 sec
INFO (CarpetX):   total iterations:                50
INFO (CarpetX):   total cells updated:             204800
INFO (CarpetX):   average iterations per second: 41.3573
INFO (CarpetX):   average cell updates per second: 169400
INFO (CarpetX): OutputGH: iteration 51, time 0.199219, run time 1 s
INFO (CarpetX): OutputGH done.
INFO (CarpetX): Simulation time: 0.199219   Iterations per second: 41.3221   Simulation time per second: 0.161414
INFO (CarpetX): Grid cells: 4096   Grid cell updates per second: 169255
INFO (CarpetX): Performance:
INFO (CarpetX):   total evolution time:            1.23314 sec
INFO (CarpetX):   total evolution compute time:    1.23195 sec
INFO (CarpetX):   total evolution output time:     0.00119281 sec
INFO (CarpetX):   total iterations:                51
INFO (CarpetX):   total cells updated:             208896
INFO (CarpetX):   average iterations per second: 41.3579
INFO (CarpetX):   average cell updates per second: 169402
INFO (CarpetX): OutputGH: iteration 52, time 0.203125, run time 1 s
INFO (CarpetX): OutputGH done.
INFO (CarpetX): Simulation time: 0.203125   Iterations per second: 40.7408   Simulation time per second: 0.159144
INFO (CarpetX): Grid cells: 4096   Grid cell updates per second: 166874
INFO (CarpetX): Performance:
INFO (CarpetX):   total evolution time:            1.26079 sec
INFO (CarpetX):   total evolution compute time:    1.25958 sec
INFO (CarpetX):   total evolution output time:     0.00121474 sec
INFO (CarpetX):   total iterations:                52
INFO (CarpetX):   total cells updated:             212992
INFO (CarpetX):   average iterations per second: 41.2439
INFO (CarpetX):   average cell updates per second: 168935
INFO (CarpetX): OutputGH: iteration 53, time 0.207031, run time 1 s
INFO (CarpetX): OutputGH done.
INFO (CarpetX): Simulation time: 0.207031   Iterations per second: 40.8104   Simulation time per second: 0.159416
INFO (CarpetX): Grid cells: 4096   Grid cell updates per second: 167159
INFO (CarpetX): Performance:
INFO (CarpetX):   total evolution time:            1.28492 sec
INFO (CarpetX):   total evolution compute time:    1.28368 sec
INFO (CarpetX):   total evolution output time:     0.00123358 sec
INFO (CarpetX):   total iterations:                53
INFO (CarpetX):   total cells updated:             217088
INFO (CarpetX):   average iterations per second: 41.2478
INFO (CarpetX):   average cell updates per second: 168951
INFO (CarpetX): OutputGH: iteration 54, time 0.210938, run time 1 s
INFO (CarpetX): OutputGH done.
INFO (CarpetX): Simulation time: 0.210938   Iterations per second: 40.8591   Simulation time per second: 0.159606
INFO (CarpetX): Grid cells: 4096   Grid cell updates per second: 167359
INFO (CarpetX): Performance:
INFO (CarpetX):   total evolution time:            1.30913 sec
INFO (CarpetX):   total evolution compute time:    1.30788 sec
INFO (CarpetX):   total evolution output time:     0.0012536 sec
INFO (CarpetX):   total iterations:                54
INFO (CarpetX):   total cells updated:             221184
INFO (CarpetX):   average iterations per second: 41.2488
INFO (CarpetX):   average cell updates per second: 168955
INFO (CarpetX): OutputGH: iteration 55, time 0.214844, run time 1 s
INFO (CarpetX): OutputGH done.
INFO (CarpetX): Simulation time: 0.214844   Iterations per second: 40.921   Simulation time per second: 0.159848
INFO (CarpetX): Grid cells: 4096   Grid cell updates per second: 167613
INFO (CarpetX): Performance:
INFO (CarpetX):   total evolution time:            1.33323 sec
INFO (CarpetX):   total evolution compute time:    1.33196 sec
INFO (CarpetX):   total evolution output time:     0.00127363 sec
INFO (CarpetX):   total iterations:                55
INFO (CarpetX):   total cells updated:             225280
INFO (CarpetX):   average iterations per second: 41.2531
INFO (CarpetX):   average cell updates per second: 168973
INFO (CarpetX): OutputGH: iteration 56, time 0.218750, run time 1 s
INFO (CarpetX): OutputGH done.
INFO (CarpetX): Simulation time: 0.21875   Iterations per second: 40.9803   Simulation time per second: 0.160079
INFO (CarpetX): Grid cells: 4096   Grid cell updates per second: 167855
INFO (CarpetX): Performance:
INFO (CarpetX):   total evolution time:            1.35732 sec
INFO (CarpetX):   total evolution compute time:    1.35602 sec
INFO (CarpetX):   total evolution output time:     0.00129557 sec
INFO (CarpetX):   total iterations:                56
INFO (CarpetX):   total cells updated:             229376
INFO (CarpetX):   average iterations per second: 41.2579
INFO (CarpetX):   average cell updates per second: 168992
INFO (CarpetX): OutputGH: iteration 57, time 0.222656, run time 1 s
INFO (CarpetX): OutputGH done.
INFO (CarpetX): Simulation time: 0.222656   Iterations per second: 41.0343   Simulation time per second: 0.16029
INFO (CarpetX): Grid cells: 4096   Grid cell updates per second: 168076
INFO (CarpetX): Performance:
INFO (CarpetX):   total evolution time:            1.3814 sec
INFO (CarpetX):   total evolution compute time:    1.38008 sec
INFO (CarpetX):   total evolution output time:     0.00131655 sec
INFO (CarpetX):   total iterations:                57
INFO (CarpetX):   total cells updated:             233472
INFO (CarpetX):   average iterations per second: 41.2625
INFO (CarpetX):   average cell updates per second: 169011
INFO (CarpetX): OutputGH: iteration 58, time 0.226562, run time 1 s
INFO (CarpetX): OutputGH done.
INFO (CarpetX): Simulation time: 0.226562   Iterations per second: 41.0977   Simulation time per second: 0.160538
INFO (CarpetX): Grid cells: 4096   Grid cell updates per second: 168336
INFO (CarpetX): Performance:
INFO (CarpetX):   total evolution time:            1.40539 sec
INFO (CarpetX):   total evolution compute time:    1.40406 sec
INFO (CarpetX):   total evolution output time:     0.00133443 sec
INFO (CarpetX):   total iterations:                58
INFO (CarpetX):   total cells updated:             237568
INFO (CarpetX):   average iterations per second: 41.2696
INFO (CarpetX):   average cell updates per second: 169040
INFO (CarpetX): OutputGH: iteration 59, time 0.230469, run time 1 s
INFO (CarpetX): OutputGH done.
INFO (CarpetX): Simulation time: 0.230469   Iterations per second: 41.1393   Simulation time per second: 0.1607
INFO (CarpetX): Grid cells: 4096   Grid cell updates per second: 168507
INFO (CarpetX): Performance:
INFO (CarpetX):   total evolution time:            1.42948 sec
INFO (CarpetX):   total evolution compute time:    1.42813 sec
INFO (CarpetX):   total evolution output time:     0.00135255 sec
INFO (CarpetX):   total iterations:                59
INFO (CarpetX):   total cells updated:             241664
INFO (CarpetX):   average iterations per second: 41.2738
INFO (CarpetX):   average cell updates per second: 169057
INFO (CarpetX): OutputGH: iteration 60, time 0.234375, run time 1 s
INFO (CarpetX): OutputGH done.
INFO (CarpetX): Simulation time: 0.234375   Iterations per second: 41.1881   Simulation time per second: 0.160891
INFO (CarpetX): Grid cells: 4096   Grid cell updates per second: 168706
INFO (CarpetX): Performance:
INFO (CarpetX):   total evolution time:            1.4535 sec
INFO (CarpetX):   total evolution compute time:    1.45212 sec
INFO (CarpetX):   total evolution output time:     0.00137639 sec
INFO (CarpetX):   total iterations:                60
INFO (CarpetX):   total cells updated:             245760
INFO (CarpetX):   average iterations per second: 41.2797
INFO (CarpetX):   average cell updates per second: 169082
INFO (CarpetX): OutputGH: iteration 61, time 0.238281, run time 1 s
INFO (CarpetX): OutputGH done.
INFO (CarpetX): Simulation time: 0.238281   Iterations per second: 41.231   Simulation time per second: 0.161059
INFO (CarpetX): Grid cells: 4096   Grid cell updates per second: 168882
INFO (CarpetX): Performance:
INFO (CarpetX):   total evolution time:            1.47752 sec
INFO (CarpetX):   total evolution compute time:    1.47613 sec
INFO (CarpetX):   total evolution output time:     0.00139618 sec
INFO (CarpetX):   total iterations:                61
INFO (CarpetX):   total cells updated:             249856
INFO (CarpetX):   average iterations per second: 41.2853
INFO (CarpetX):   average cell updates per second: 169105
INFO (CarpetX): OutputGH: iteration 62, time 0.242188, run time 2 s
INFO (CarpetX): OutputGH done.
INFO (CarpetX): Simulation time: 0.242188   Iterations per second: 41.2764   Simulation time per second: 0.161236
INFO (CarpetX): Grid cells: 4096   Grid cell updates per second: 169068
INFO (CarpetX): Performance:
INFO (CarpetX):   total evolution time:            1.50151 sec
INFO (CarpetX):   total evolution compute time:    1.5001 sec
INFO (CarpetX):   total evolution output time:     0.00141525 sec
INFO (CarpetX):   total iterations:                62
INFO (CarpetX):   total cells updated:             253952
INFO (CarpetX):   average iterations per second: 41.2917
INFO (CarpetX):   average cell updates per second: 169131
INFO (CarpetX): OutputGH: iteration 63, time 0.246094, run time 2 s
INFO (CarpetX): OutputGH done.
INFO (CarpetX): Simulation time: 0.246094   Iterations per second: 41.2701   Simulation time per second: 0.161211
INFO (CarpetX): Grid cells: 4096   Grid cell updates per second: 169042
INFO (CarpetX): Performance:
INFO (CarpetX):   total evolution time:            1.52577 sec
INFO (CarpetX):   total evolution compute time:    1.52433 sec
INFO (CarpetX):   total evolution output time:     0.00144029 sec
INFO (CarpetX):   total iterations:                63
INFO (CarpetX):   total cells updated:             258048
INFO (CarpetX):   average iterations per second: 41.2905
INFO (CarpetX):   average cell updates per second: 169126
INFO (CarpetX): OutputGH: iteration 64, time 0.250000, run time 2 s
INFO (CarpetX): OutputGH done.
INFO (CarpetX): Simulation time: 0.25   Iterations per second: 39.0969   Simulation time per second: 0.152722
INFO (CarpetX): Grid cells: 4096   Grid cell updates per second: 160141
INFO (CarpetX): Performance:
INFO (CarpetX):   total evolution time:            1.56347 sec
INFO (CarpetX):   total evolution compute time:    1.5511 sec
INFO (CarpetX):   total evolution output time:     0.0123734 sec
INFO (CarpetX):   total iterations:                64
INFO (CarpetX):   total cells updated:             262144
INFO (CarpetX):   average iterations per second: 40.9345
INFO (CarpetX):   average cell updates per second: 167668
INFO (CarpetX): Shutting down...
AMReX (25.11) finalized
--------------------------------------------------------------------------------
Done.

real	0m1.943s
user	0m3.144s
sys	0m0.246s
+ echo Stopping:
Stopping:
+ date
Mon Feb 16 06:17:03 AM UTC 2026
+ echo Done.
Done.
  Elapsed time: 2.0 s
