/__w/canudax-tests/workspace/simulations/TestJob01_temp_2/output-0000/TEST/sim/CanudaX_BSSNMoL
Preparing:
+ set -e
+ cd output-0000-active
+ echo Checking:
Checking:
+ pwd
/__w/canudax-tests/workspace/simulations/TestJob01_temp_2/output-0000/TEST/sim/CanudaX_BSSNMoL/output-0000-active
+ hostname
7de5d5aa3475
+ date
Mon Aug  3 08:35:18 PM UTC 2026
+ echo Environment:
Environment:
+ export SIMULATION_ID=simulation-TestJob01_temp_2-actions-cpu-real64-actions-root-2026.08.03-20.35.18-16840
+ SIMULATION_ID=simulation-TestJob01_temp_2-actions-cpu-real64-actions-root-2026.08.03-20.35.18-16840
+ export CACTUS_NUM_PROCS=2
+ CACTUS_NUM_PROCS=2
+ export CACTUS_NUM_THREADS=1
+ CACTUS_NUM_THREADS=1
+ export CACTUS_SET_THREAD_BINDINGS=0
+ CACTUS_SET_THREAD_BINDINGS=0
+ export GLIBCXX_FORCE_NEW=1
+ GLIBCXX_FORCE_NEW=1
+ export GMON_OUT_PREFIX=gmon.out
+ GMON_OUT_PREFIX=gmon.out
+ export OMP_DISPLAY_ENV=TRUE
+ OMP_DISPLAY_ENV=TRUE
+ export OMP_MAX_TASKS=100
+ OMP_MAX_TASKS=100
+ export OMP_NUM_THREADS=1
+ OMP_NUM_THREADS=1
+ export OMP_PLACES=cores
+ OMP_PLACES=cores
+ export OMP_PROC_BIND=FALSE
+ OMP_PROC_BIND=FALSE
+ export OMP_STACKSIZE=8192
+ OMP_STACKSIZE=8192
+ env
+ sort
+ echo Starting:
Starting:
++ date +%s
+ export CACTUS_STARTTIME=1785789318
+ CACTUS_STARTTIME=1785789318
+ mpiexec -n 2 /__w/canudax-tests/workspace/simulations/TestJob01_temp_2/SIMFACTORY/exe/cactus_sim -L 3 /__w/canudax-tests/workspace/simulations/TestJob01_temp_2/output-0000/arrangements/CanudaX/CanudaX_BSSNMoL/test/gaugewave.par

OPENMP DISPLAY ENVIRONMENT BEGIN
  _OPENMP = '201511'
  [host] OMP_DYNAMIC = 'FALSE'
  [host] OMP_NESTED = 'FALSE'
  [host] OMP_NUM_THREADS = '1'
  [host] OMP_SCHEDULE = 'DYNAMIC'
  [host] OMP_PROC_BIND = 'FALSE'
  [host] OMP_PLACES = ''
  [host] OMP_STACKSIZE = '8388608'
  [host] OMP_WAIT_POLICY = 'PASSIVE'
  [host] OMP_THREAD_LIMIT = '4294967295'
  [host] OMP_MAX_ACTIVE_LEVELS = '1'
  [host] OMP_NUM_TEAMS = '0'
  [host] OMP_TEAMS_THREAD_LIMIT = '0'
  [all] OMP_CANCELLATION = 'FALSE'
  [all] OMP_DEFAULT_DEVICE = '0'
  [all] OMP_MAX_TASK_PRIORITY = '0'
  [all] OMP_DISPLAY_AFFINITY = 'FALSE'
  [host] OMP_AFFINITY_FORMAT = 'level %L thread %i affinity %A'
  [host] OMP_ALLOCATOR = 'omp_default_mem_alloc'
  [all] OMP_TARGET_OFFLOAD = '
OPENMP DISPLAY ENVIRONMENT BEGIN
  _OPENMP = '201511'
  [host] OMP_DYNAMIC = 'FALSE'
  [host] OMP_NESTED = 'FALSE'
  [host] OMP_NUM_THREADS = '1'
  [host] OMP_SCHEDULE = 'DYNAMIC'
  [host] OMP_PROC_BIND = 'FALSE'
  [host] OMP_PLACES = ''
  [host] OMP_STACKSIZE = '8388608'
  [host] OMP_WAIT_POLICY = 'PASSIVE'
  [host] OMP_THREAD_LIMIT = '4294967295'
  [host] OMP_MAX_ACTIVE_LEVELS = '1'
  [host] OMP_NUM_TEAMS = '0'
  [host] OMP_TEAMS_THREAD_LIMIT = '0'
  [all] OMP_CANCELLATION = 'FALSE'
  [all] OMP_DEFAULT_DEVICE = '0'
  [all] OMP_MAX_TASK_PRIORITY = '0'
  [all] OMP_DISPLAY_AFFINITY = 'FALSE'
  [host] OMP_AFFINITY_FORMAT = 'level %L thread %i affinity %A'
  [host] OMP_ALLOCATOR = 'omp_default_mem_alloc'
  [all] OMP_TARGET_OFFLOAD = 'DEFAULT'
OPENMP DISPLAY ENVIRONMENT END
DEFAULT'
OPENMP DISPLAY ENVIRONMENT END
INFO (Cactus): Increased logging level from 0 to 3
--------------------------------------------------------------------------------

       10                                  
  1   0101       ************************  
  01  1010 10      The Cactus Code V4.20.0    
 1010 1101 011      www.cactuscode.org     
  1001 100101    ************************  
    00010101                               
     100011     (c) Copyright The Authors  
      0100      GNU Licensed. No Warranty  
      0101                                 
--------------------------------------------------------------------------------

Cactus version:    4.20.0
Compile date:      Aug 03 2026 (20:33:09)
Run date:          Aug 03 2026 (20:35:18+0000)
Run host:          7de5d5aa3475 (pid=16888)
Working directory: /__w/canudax-tests/workspace/simulations/TestJob01_temp_2/output-0000/TEST/sim/CanudaX_BSSNMoL
Executable:        /__w/canudax-tests/workspace/simulations/TestJob01_temp_2/SIMFACTORY/exe/cactus_sim
Parameter file:    /__w/canudax-tests/workspace/simulations/TestJob01_temp_2/output-0000/arrangements/CanudaX/CanudaX_BSSNMoL/test/gaugewave.par
--------------------------------------------------------------------------------

Activating thorn Cactus...Success -> active implementation Cactus
Activation requested for 
--->ADMBaseX CanudaX_BSSNMoL CanudaX_ExactID CarpetX IOUtil ODESolvers TmunuBaseX<---
Thorn ADMBaseX requests automatic activation of Loop
Thorn CarpetX requests automatic activation of AMReX
Thorn CarpetX requests automatic activation of MPI
Thorn CarpetX requests automatic activation of yaml_cpp
Thorn CarpetX requests automatic activation of zlib
Thorn CarpetX requests automatic activation of Arith
Thorn CarpetX requests automatic activation of CarpetXRegrid
Thorn CarpetX requests automatic activation of ADIOS2
Thorn CarpetX requests automatic activation of openPMD
Thorn CarpetX requests automatic activation of Silo
Thorn ODESolvers requests automatic activation of Subcycling
Thorn Arith requests automatic activation of NSIMD
Thorn MPI requests automatic activation of hwloc
Thorn openPMD requests automatic activation of HDF5
Activating thorn ADIOS2...Success -> active implementation ADIOS2
Activating thorn ADMBaseX...Success -> active implementation ADMBaseX
Activating thorn AMReX...Success -> active implementation AMReX
Activating thorn Arith...Success -> active implementation Arith
Activating thorn CanudaX_BSSNMoL...Success -> active implementation CanudaX_BSSNMoL
Activating thorn CanudaX_ExactID...Success -> active implementation CanudaX_ExactID
Activating thorn CarpetX...Success -> active implementation Driver
Activating thorn CarpetXRegrid...Success -> active implementation CarpetXRegrid
Activating thorn HDF5...Success -> active implementation HDF5
Activating thorn hwloc...Success -> active implementation hwloc
Activating thorn IOUtil...Success -> active implementation IO
Activating thorn Loop...Success -> active implementation Loop
Activating thorn MPI...Success -> active implementation MPI
Activating thorn NSIMD...Success -> active implementation NSIMD
Activating thorn ODESolvers...Success -> active implementation ODESolvers
Activating thorn openPMD...Success -> active implementation openPMD
Activating thorn Silo...Success -> active implementation Silo
Activating thorn Subcycling...Success -> active implementation Subcycling
Activating thorn TmunuBaseX...Success -> active implementation TmunuBaseX
Activating thorn yaml_cpp...Success -> active implementation yaml_cpp
Activating thorn zlib...Success -> active implementation zlib
--------------------------------------------------------------------------------
  if (recover initial data)
    Recover parameters
  endif

  Startup routines
    [CCTK_STARTUP]
      CarpetX::Driver_Startup: Start up the driver
      IOUtil::IOUtil_Startup: Startup routine
      GROUP hwloc_startup: hwloc startup group
        hwloc::hwloc_version: Output hwloc version

  Startup routines which need an existing grid hierarchy
    [CCTK_WRAGH]
      Arith::Test_smallvector: [meta] Test small vectors
      Arith::Test_spvect: [meta] Test sparse vectors
      ODESolvers::ODESolvers_InitConstants: [global] Set up dummy loop counters for schedule printout
  Parameter checking routines
    [CCTK_PARAMCHECK]
      CanudaX_BSSNMoL::CanudaX_BSSNMoL_paramcheck: Check CanudaX_BSSNMoL parameters for consistency
      ODESolvers::ODESolvers_CheckTimelevels: [global] Reject multiple timelevels for evolved groups under subcycling

  Initialisation
    if (NOT (recover initial data AND recovery_mode is 'strict'))
      [CCTK_PREREGRIDINITIAL]
      Set up grid hierarchy
      [CCTK_POSTREGRIDINITIAL]
      [CCTK_BASEGRID]
        CarpetXRegrid::CarpetXRegrid_InitError: Initialize regridding error to zero
        GROUP ODESolvers_BaseGrid: Set up constants (e.g. coordinates) everywhere on the grid
      [CCTK_INITIAL]
        GROUP TmunuBaseX_SetTmunuVars: Schedule group for setting T_munu
          TmunuBaseX::TmunuBaseX_ZeroTmunu: Set T_munu to zero
          GROUP TmunuBaseX_AddToTmunu: Add to T_munu here
        GROUP ODESolvers_Initial: Set up initial conditions on interior of state vector
          GROUP ADMBaseX_InitialData: Schedule group for calculating ADM initial data
            GROUP CanudaX_ExactIDGroup: CanudaX_ExactID group for setting up initial data
              CanudaX_ExactID::CanudaX_ExactID_GaugeWave: [local] Create gauge wave initial data
          GROUP ADMBaseX_InitialGauge: Schedule group for the ADM initial gauge condition
            ADMBaseX::ADMBaseX_initial_dtlapse: Set dtlapse to zero
            ADMBaseX::ADMBaseX_initial_dtshift: Set dtshift to zero
          GROUP ADMBaseX_PostInitial: Schedule group for modifying the ADM initial data, such as e.g. adding noise
        GROUP CanudaX_BSSNMoL_InitialGroup: CanudaX_BSSNMoL: initial bin
          CanudaX_BSSNMoL::CanudaX_BSSNMoL_adm2bssn: [local] Convert initial data into BSSN variables
          CanudaX_BSSNMoL::CanudaX_BSSNMoL_gammat: [local] Set Gammat initial data
      [CCTK_POSTINITIAL]
        GROUP ODESolvers_PostStep: Apply boundary conditions to state vector, and project if necessary
          GROUP CanudaX_BSSNMoL_PostStepGroup: CanudaX_BSSNMoL: post-step operations
            CanudaX_BSSNMoL::CanudaX_BSSNMoL_impose_conf_fac_floor: Make sure conformal factor does not drop below specified value
            CanudaX_BSSNMoL::CanudaX_BSSNMoL_reset_detmetric: reset dethh = 1
            CanudaX_BSSNMoL::CanudaX_BSSNMoL_remove_trA: Remove trace of A
          GROUP ADMBaseX_SetADMRHS: Set ADM RHS variables in this group
          CanudaX_BSSNMoL::CanudaX_BSSNMoL_sync: [global] Sync state vector
          GROUP ADMBaseX_SetADMVars: Set ADM variables in this group
            CanudaX_BSSNMoL::CanudaX_BSSNMoL_bssn2adm: [local] Convert variables back to the ADM ones
          GROUP TmunuBaseX_SetTmunuVars: Schedule group for setting T_munu
            TmunuBaseX::TmunuBaseX_ZeroTmunu: Set T_munu to zero
            GROUP TmunuBaseX_AddToTmunu: Add to T_munu here
        GROUP ODESolvers_EstimateError: Estimate discretization error (for regridding)
      Initialise finer grids recursively
      Restrict from finer grids
      [CCTK_POSTRESTRICTINITIAL]
      [CCTK_POSTPOSTINITIAL]
      [CCTK_POSTSTEP]
        GROUP ODESolvers_EstimateError: Estimate discretization error (for regridding)
    endif
    if (recover initial data)
      [CCTK_BASEGRID]
        CarpetXRegrid::CarpetXRegrid_InitError: Initialize regridding error to zero
        GROUP ODESolvers_BaseGrid: Set up constants (e.g. coordinates) everywhere on the grid
      [CCTK_RECOVER_VARIABLES]
      [CCTK_POST_RECOVER_VARIABLES]
        GROUP ODESolvers_PostStep: Apply boundary conditions to state vector, and project if necessary
          GROUP CanudaX_BSSNMoL_PostStepGroup: CanudaX_BSSNMoL: post-step operations
            CanudaX_BSSNMoL::CanudaX_BSSNMoL_impose_conf_fac_floor: Make sure conformal factor does not drop below specified value
            CanudaX_BSSNMoL::CanudaX_BSSNMoL_reset_detmetric: reset dethh = 1
            CanudaX_BSSNMoL::CanudaX_BSSNMoL_remove_trA: Remove trace of A
          GROUP ADMBaseX_SetADMRHS: Set ADM RHS variables in this group
          CanudaX_BSSNMoL::CanudaX_BSSNMoL_sync: [global] Sync state vector
          GROUP ADMBaseX_SetADMVars: Set ADM variables in this group
            CanudaX_BSSNMoL::CanudaX_BSSNMoL_bssn2adm: [local] Convert variables back to the ADM ones
          GROUP TmunuBaseX_SetTmunuVars: Schedule group for setting T_munu
            TmunuBaseX::TmunuBaseX_ZeroTmunu: Set T_munu to zero
            GROUP TmunuBaseX_AddToTmunu: Add to T_munu here
        GROUP ODESolvers_EstimateError: Estimate discretization error (for regridding)
    endif
    if (checkpoint initial data)
      [CCTK_CPINITIAL]
        CarpetX::CarpetX_CheckpointInitial: [meta] Checkpoint initial conditions
        ODESolvers::ODESolvers_Solve_Subcycling_Recovery: [level] Refill refinement-boundary ghosts of evolved state after checkpoint recovery
    endif
    if (analysis)
      [CCTK_ANALYSIS]
        CanudaX_BSSNMoL::CanudaX_BSSNMoL_calc_ricci_for_constraints: MoL ricci tensor and scalar calculation
        CanudaX_BSSNMoL::CanudaX_BSSNMoL_bssn_constraints: Compute constraints
        GROUP ODESolvers_Analysis: Calculate analysis quantities everywhere
  endif
  Output grid variables

  do loop over timesteps
    [CCTK_PREREGRID]
    Change grid hierarchy
    [CCTK_POSTREGRID]
      GROUP ODESolvers_PostStep: Apply boundary conditions to state vector, and project if necessary
        GROUP CanudaX_BSSNMoL_PostStepGroup: CanudaX_BSSNMoL: post-step operations
          CanudaX_BSSNMoL::CanudaX_BSSNMoL_impose_conf_fac_floor: Make sure conformal factor does not drop below specified value
          CanudaX_BSSNMoL::CanudaX_BSSNMoL_reset_detmetric: reset dethh = 1
          CanudaX_BSSNMoL::CanudaX_BSSNMoL_remove_trA: Remove trace of A
        GROUP ADMBaseX_SetADMRHS: Set ADM RHS variables in this group
        CanudaX_BSSNMoL::CanudaX_BSSNMoL_sync: [global] Sync state vector
        GROUP ADMBaseX_SetADMVars: Set ADM variables in this group
          CanudaX_BSSNMoL::CanudaX_BSSNMoL_bssn2adm: [local] Convert variables back to the ADM ones
        GROUP TmunuBaseX_SetTmunuVars: Schedule group for setting T_munu
          TmunuBaseX::TmunuBaseX_ZeroTmunu: Set T_munu to zero
          GROUP TmunuBaseX_AddToTmunu: Add to T_munu here
    Rotate timelevels
    iteration = iteration+1
    t = t+dt
    [CCTK_PRESTEP]
    [CCTK_EVOL]
      ODESolvers::ODESolvers_Solve_Subcycling: [level] Solve ODEs using Subcycling
      while (ODESolvers::do_substeps)
        GROUP ODESolvers_CalledBySolve: Groups internally scheduled by ODESolvers_Solve
          GROUP ODESolvers_RHS: Evaluate the RHS for of state vector everywhere on the grid
            GROUP CanudaX_BSSNMoL_RHSGroup: CanudaX_BSSNMoL: calculate BSSN RHS
              CanudaX_BSSNMoL::CanudaX_BSSNMoL_calc_ricci: MoL ricci tensor and scalar calculation
              CanudaX_BSSNMoL::CanudaX_BSSNMoL_calc_bssn_rhs: MoL RHS calculation
              CanudaX_BSSNMoL::CanudaX_BSSNMoL_apply_boundary_conditions: Apply radiative boundary conditions 
          GROUP ODESolvers_PostStep: Apply boundary conditions to state vector, and project if necessary
            GROUP CanudaX_BSSNMoL_PostStepGroup: CanudaX_BSSNMoL: post-step operations
              CanudaX_BSSNMoL::CanudaX_BSSNMoL_impose_conf_fac_floor: Make sure conformal factor does not drop below specified value
              CanudaX_BSSNMoL::CanudaX_BSSNMoL_reset_detmetric: reset dethh = 1
              CanudaX_BSSNMoL::CanudaX_BSSNMoL_remove_trA: Remove trace of A
            GROUP ADMBaseX_SetADMRHS: Set ADM RHS variables in this group
            CanudaX_BSSNMoL::CanudaX_BSSNMoL_sync: [global] Sync state vector
            GROUP ADMBaseX_SetADMVars: Set ADM variables in this group
              CanudaX_BSSNMoL::CanudaX_BSSNMoL_bssn2adm: [local] Convert variables back to the ADM ones
            GROUP TmunuBaseX_SetTmunuVars: Schedule group for setting T_munu
              TmunuBaseX::TmunuBaseX_ZeroTmunu: Set T_munu to zero
              GROUP TmunuBaseX_AddToTmunu: Add to T_munu here
      end while
    Evolve finer grids recursively
    Restrict from finer grids
    [CCTK_POSTRESTRICT]
      GROUP ODESolvers_PostStep: Apply boundary conditions to state vector, and project if necessary
        GROUP CanudaX_BSSNMoL_PostStepGroup: CanudaX_BSSNMoL: post-step operations
          CanudaX_BSSNMoL::CanudaX_BSSNMoL_impose_conf_fac_floor: Make sure conformal factor does not drop below specified value
          CanudaX_BSSNMoL::CanudaX_BSSNMoL_reset_detmetric: reset dethh = 1
          CanudaX_BSSNMoL::CanudaX_BSSNMoL_remove_trA: Remove trace of A
        GROUP ADMBaseX_SetADMRHS: Set ADM RHS variables in this group
        CanudaX_BSSNMoL::CanudaX_BSSNMoL_sync: [global] Sync state vector
        GROUP ADMBaseX_SetADMVars: Set ADM variables in this group
          CanudaX_BSSNMoL::CanudaX_BSSNMoL_bssn2adm: [local] Convert variables back to the ADM ones
        GROUP TmunuBaseX_SetTmunuVars: Schedule group for setting T_munu
          TmunuBaseX::TmunuBaseX_ZeroTmunu: Set T_munu to zero
          GROUP TmunuBaseX_AddToTmunu: Add to T_munu here
    [CCTK_POSTSTEP]
      GROUP ODESolvers_EstimateError: Estimate discretization error (for regridding)
    if (checkpoint)
      [CCTK_CHECKPOINT]
      CarpetX::CarpetX_Checkpoint: [meta] Checkpoint
    endif
    if (analysis)
      [CCTK_ANALYSIS]
      CanudaX_BSSNMoL::CanudaX_BSSNMoL_calc_ricci_for_constraints: MoL ricci tensor and scalar calculation
      CanudaX_BSSNMoL::CanudaX_BSSNMoL_bssn_constraints: Compute constraints
      GROUP ODESolvers_Analysis: Calculate analysis quantities everywhere
    endif
    Output grid variables
    enddo

  Termination routines
    [CCTK_TERMINATE]
      CarpetX::CarpetX_CheckpointTerminate: [meta] Checkpoint before terminating

  Shutdown routines
    [CCTK_SHUTDOWN]
      CarpetX::Driver_Shutdown: [meta] Shut down the driver

  Routines run after changing the grid hierarchy:
    [CCTK_POSTREGRID]
      GROUP ODESolvers_PostStep: Apply boundary conditions to state vector, and project if necessary
        GROUP CanudaX_BSSNMoL_PostStepGroup: CanudaX_BSSNMoL: post-step operations
          CanudaX_BSSNMoL::CanudaX_BSSNMoL_impose_conf_fac_floor: Make sure conformal factor does not drop below specified value
          CanudaX_BSSNMoL::CanudaX_BSSNMoL_reset_detmetric: reset dethh = 1
          CanudaX_BSSNMoL::CanudaX_BSSNMoL_remove_trA: Remove trace of A
        GROUP ADMBaseX_SetADMRHS: Set ADM RHS variables in this group
        CanudaX_BSSNMoL::CanudaX_BSSNMoL_sync: [global] Sync state vector
        GROUP ADMBaseX_SetADMVars: Set ADM variables in this group
          CanudaX_BSSNMoL::CanudaX_BSSNMoL_bssn2adm: [local] Convert variables back to the ADM ones
        GROUP TmunuBaseX_SetTmunuVars: Schedule group for setting T_munu
          TmunuBaseX::TmunuBaseX_ZeroTmunu: Set T_munu to zero
          GROUP TmunuBaseX_AddToTmunu: Add to T_munu here
--------------------------------------------------------------------------------
INFO (hwloc): library version 2.10.0, API version 0x20800
--------------------------------------------------------------------------------
                                                            
   _______ _______  ______  _____  _______ _______ _     _  
   |       |_____| |_____/ |_____] |______    |     \___/   
   |_____  |     | |    \_ |       |______    |    _/   \_  
                                                            
AMR driver provided by CarpetX,
using AMReX 25.11 (MPI, OpenMP, no accelerators, optimized)
--------------------------------------------------------------------------------

Initializing AMReX (25.11)...
MPI initialized with 2 MPI processes
MPI initialized with thread support level 2
OMP initialized with 1 OMP threads
AMReX (25.11) initialized
INFO (CarpetX): 
Symmetries:
  lower x: periodic
  lower y: periodic
  lower z: periodic
  upper x: periodic
  upper y: periodic
  upper z: periodic
Default boundaries:
  lower x: symmetry_boundary
  lower y: symmetry_boundary
  lower z: symmetry_boundary
  upper x: symmetry_boundary
  upper y: symmetry_boundary
  upper z: symmetry_boundary
INFO (Arith): Test_smallvector
INFO (Arith): Test_spvect
INFO (CarpetX): Setting initial values for max_grid_size values for all levels
INFO (CarpetX): Setting up initial conditions...
INFO (CarpetX): Iteration: 0   time: 0   delta_time: 0.00390625
INFO (CarpetX): Patch 0:
INFO (CarpetX):   Grid extent:
INFO (CarpetX):     gsh=[71,15,15]
INFO (CarpetX):     blocking_factor=[8,8,8]
INFO (CarpetX):     max_grid_size=[10000000,10000000,10000000]
INFO (CarpetX):     max_tile_size=[1024000,16,32]
INFO (CarpetX):   Domain extent:
INFO (CarpetX):     xmin=[-0.5,-0.0625,-0.0625]
INFO (CarpetX):     xmax=[0.5,0.0625,0.0625]
INFO (CarpetX):     base dx=[0.015625,0.015625,0.015625]
INFO (CarpetX): Initializing level 0...
INFO (CanudaX_ExactID): Begin Gauge Wave initial data
INFO (CanudaX_ExactID): === End gauge wave initial data ===
INFO (CarpetX): Regridding...
INFO (CarpetX):   level 0: 2 boxes, 4096 cells (100%)
INFO (CarpetX): Initialized 1 levels
INFO (CarpetX): Starting evolution...
INFO (ODESolvers): Integrator is RK4
INFO (CarpetX): Simulation time: 0.00390625   Iterations per second: 39.4758   Simulation time per second: 0.154202
INFO (CarpetX): Grid cells: 4096   Grid cell updates per second: 161693
INFO (CarpetX): Performance:
INFO (CarpetX):   total evolution time:            0.025332 sec
INFO (CarpetX):   total evolution compute time:    0.0253291 sec
INFO (CarpetX):   total evolution output time:     2.86102e-06 sec
INFO (CarpetX):   total iterations:                1
INFO (CarpetX):   total cells updated:             4096
INFO (CarpetX):   average iterations per second: 39.4758
INFO (CarpetX):   average cell updates per second: 161693
INFO (CarpetX): Simulation time: 0.0078125   Iterations per second: 41.5084   Simulation time per second: 0.162142
INFO (CarpetX): Grid cells: 4096   Grid cell updates per second: 170019
INFO (CarpetX): Performance:
INFO (CarpetX):   total evolution time:            0.048183 sec
INFO (CarpetX):   total evolution compute time:    0.0481782 sec
INFO (CarpetX):   total evolution output time:     4.76837e-06 sec
INFO (CarpetX):   total iterations:                2
INFO (CarpetX):   total cells updated:             8192
INFO (CarpetX):   average iterations per second: 41.5084
INFO (CarpetX):   average cell updates per second: 170019
INFO (CarpetX): Simulation time: 0.0117188   Iterations per second: 42.2054   Simulation time per second: 0.164865
INFO (CarpetX): Grid cells: 4096   Grid cell updates per second: 172873
INFO (CarpetX): Performance:
INFO (CarpetX):   total evolution time:            0.0710809 sec
INFO (CarpetX):   total evolution compute time:    0.0710731 sec
INFO (CarpetX):   total evolution output time:     7.86781e-06 sec
INFO (CarpetX):   total iterations:                3
INFO (CarpetX):   total cells updated:             12288
INFO (CarpetX):   average iterations per second: 42.2054
INFO (CarpetX):   average cell updates per second: 172873
INFO (CarpetX): Simulation time: 0.015625   Iterations per second: 42.6262   Simulation time per second: 0.166509
INFO (CarpetX): Grid cells: 4096   Grid cell updates per second: 174597
INFO (CarpetX): Performance:
INFO (CarpetX):   total evolution time:            0.0938389 sec
INFO (CarpetX):   total evolution compute time:    0.0938282 sec
INFO (CarpetX):   total evolution output time:     1.07288e-05 sec
INFO (CarpetX):   total iterations:                4
INFO (CarpetX):   total cells updated:             16384
INFO (CarpetX):   average iterations per second: 42.6262
INFO (CarpetX):   average cell updates per second: 174597
INFO (CarpetX): Simulation time: 0.0195312   Iterations per second: 42.8581   Simulation time per second: 0.167415
INFO (CarpetX): Grid cells: 4096   Grid cell updates per second: 175547
INFO (CarpetX): Performance:
INFO (CarpetX):   total evolution time:            0.116664 sec
INFO (CarpetX):   total evolution compute time:    0.116651 sec
INFO (CarpetX):   total evolution output time:     1.26362e-05 sec
INFO (CarpetX):   total iterations:                5
INFO (CarpetX):   total cells updated:             20480
INFO (CarpetX):   average iterations per second: 42.8581
INFO (CarpetX):   average cell updates per second: 175547
INFO (CarpetX): Simulation time: 0.0234375   Iterations per second: 43.0021   Simulation time per second: 0.167977
INFO (CarpetX): Grid cells: 4096   Grid cell updates per second: 176137
INFO (CarpetX): Performance:
INFO (CarpetX):   total evolution time:            0.139528 sec
INFO (CarpetX):   total evolution compute time:    0.139512 sec
INFO (CarpetX):   total evolution output time:     1.57356e-05 sec
INFO (CarpetX):   total iterations:                6
INFO (CarpetX):   total cells updated:             24576
INFO (CarpetX):   average iterations per second: 43.0021
INFO (CarpetX):   average cell updates per second: 176137
INFO (CarpetX): Simulation time: 0.0273438   Iterations per second: 43.1026   Simulation time per second: 0.16837
INFO (CarpetX): Grid cells: 4096   Grid cell updates per second: 176548
INFO (CarpetX): Performance:
INFO (CarpetX):   total evolution time:            0.162403 sec
INFO (CarpetX):   total evolution compute time:    0.162385 sec
INFO (CarpetX):   total evolution output time:     1.85966e-05 sec
INFO (CarpetX):   total iterations:                7
INFO (CarpetX):   total cells updated:             28672
INFO (CarpetX):   average iterations per second: 43.1026
INFO (CarpetX):   average cell updates per second: 176548
INFO (CarpetX): Simulation time: 0.03125   Iterations per second: 43.1079   Simulation time per second: 0.16839
INFO (CarpetX): Grid cells: 4096   Grid cell updates per second: 176570
INFO (CarpetX): Performance:
INFO (CarpetX):   total evolution time:            0.185581 sec
INFO (CarpetX):   total evolution compute time:    0.185559 sec
INFO (CarpetX):   total evolution output time:     2.16961e-05 sec
INFO (CarpetX):   total iterations:                8
INFO (CarpetX):   total cells updated:             32768
INFO (CarpetX):   average iterations per second: 43.1079
INFO (CarpetX):   average cell updates per second: 176570
INFO (CarpetX): Simulation time: 0.0351562   Iterations per second: 43.1744   Simulation time per second: 0.16865
INFO (CarpetX): Grid cells: 4096   Grid cell updates per second: 176842
INFO (CarpetX): Performance:
INFO (CarpetX):   total evolution time:            0.208457 sec
INFO (CarpetX):   total evolution compute time:    0.208432 sec
INFO (CarpetX):   total evolution output time:     2.47955e-05 sec
INFO (CarpetX):   total iterations:                9
INFO (CarpetX):   total cells updated:             36864
INFO (CarpetX):   average iterations per second: 43.1744
INFO (CarpetX):   average cell updates per second: 176842
INFO (CarpetX): Simulation time: 0.0390625   Iterations per second: 43.2363   Simulation time per second: 0.168892
INFO (CarpetX): Grid cells: 4096   Grid cell updates per second: 177096
INFO (CarpetX): Performance:
INFO (CarpetX):   total evolution time:            0.231287 sec
INFO (CarpetX):   total evolution compute time:    0.231259 sec
INFO (CarpetX):   total evolution output time:     2.7895e-05 sec
INFO (CarpetX):   total iterations:                10
INFO (CarpetX):   total cells updated:             40960
INFO (CarpetX):   average iterations per second: 43.2363
INFO (CarpetX):   average cell updates per second: 177096
INFO (CarpetX): Simulation time: 0.0429688   Iterations per second: 43.2929   Simulation time per second: 0.169113
INFO (CarpetX): Grid cells: 4096   Grid cell updates per second: 177328
INFO (CarpetX): Performance:
INFO (CarpetX):   total evolution time:            0.254113 sec
INFO (CarpetX):   total evolution compute time:    0.254082 sec
INFO (CarpetX):   total evolution output time:     3.09944e-05 sec
INFO (CarpetX):   total iterations:                11
INFO (CarpetX):   total cells updated:             45056
INFO (CarpetX):   average iterations per second: 43.2878
INFO (CarpetX):   average cell updates per second: 177307
INFO (CarpetX): Simulation time: 0.046875   Iterations per second: 43.3386   Simulation time per second: 0.169291
INFO (CarpetX): Grid cells: 4096   Grid cell updates per second: 177515
INFO (CarpetX): Performance:
INFO (CarpetX):   total evolution time:            0.276968 sec
INFO (CarpetX):   total evolution compute time:    0.276935 sec
INFO (CarpetX):   total evolution output time:     3.31402e-05 sec
INFO (CarpetX):   total iterations:                12
INFO (CarpetX):   total cells updated:             49152
INFO (CarpetX):   average iterations per second: 43.3263
INFO (CarpetX):   average cell updates per second: 177464
INFO (CarpetX): Simulation time: 0.0507812   Iterations per second: 43.376   Simulation time per second: 0.169438
INFO (CarpetX): Grid cells: 4096   Grid cell updates per second: 177668
INFO (CarpetX): Performance:
INFO (CarpetX):   total evolution time:            0.299843 sec
INFO (CarpetX):   total evolution compute time:    0.299807 sec
INFO (CarpetX):   total evolution output time:     3.60012e-05 sec
INFO (CarpetX):   total iterations:                13
INFO (CarpetX):   total cells updated:             53248
INFO (CarpetX):   average iterations per second: 43.356
INFO (CarpetX):   average cell updates per second: 177586
INFO (CarpetX): Simulation time: 0.0546875   Iterations per second: 43.419   Simulation time per second: 0.169606
INFO (CarpetX): Grid cells: 4096   Grid cell updates per second: 177844
INFO (CarpetX): Performance:
INFO (CarpetX):   total evolution time:            0.322669 sec
INFO (CarpetX):   total evolution compute time:    0.32263 sec
INFO (CarpetX):   total evolution output time:     3.91006e-05 sec
INFO (CarpetX):   total iterations:                14
INFO (CarpetX):   total cells updated:             57344
INFO (CarpetX):   average iterations per second: 43.3881
INFO (CarpetX):   average cell updates per second: 177718
INFO (CarpetX): Simulation time: 0.0585938   Iterations per second: 43.4346   Simulation time per second: 0.169666
INFO (CarpetX): Grid cells: 4096   Grid cell updates per second: 177908
INFO (CarpetX): Performance:
INFO (CarpetX):   total evolution time:            0.345618 sec
INFO (CarpetX):   total evolution compute time:    0.345576 sec
INFO (CarpetX):   total evolution output time:     4.19617e-05 sec
INFO (CarpetX):   total iterations:                15
INFO (CarpetX):   total cells updated:             61440
INFO (CarpetX):   average iterations per second: 43.4005
INFO (CarpetX):   average cell updates per second: 177768
INFO (CarpetX): Simulation time: 0.0625   Iterations per second: 43.4649   Simulation time per second: 0.169785
INFO (CarpetX): Grid cells: 4096   Grid cell updates per second: 178032
INFO (CarpetX): Performance:
INFO (CarpetX):   total evolution time:            0.36848 sec
INFO (CarpetX):   total evolution compute time:    0.368436 sec
INFO (CarpetX):   total evolution output time:     4.48227e-05 sec
INFO (CarpetX):   total iterations:                16
INFO (CarpetX):   total cells updated:             65536
INFO (CarpetX):   average iterations per second: 43.4216
INFO (CarpetX):   average cell updates per second: 177855
INFO (CarpetX): Simulation time: 0.0664062   Iterations per second: 43.4608   Simulation time per second: 0.169769
INFO (CarpetX): Grid cells: 4096   Grid cell updates per second: 178015
INFO (CarpetX): Performance:
INFO (CarpetX):   total evolution time:            0.39151 sec
INFO (CarpetX):   total evolution compute time:    0.391462 sec
INFO (CarpetX):   total evolution output time:     4.79221e-05 sec
INFO (CarpetX):   total iterations:                17
INFO (CarpetX):   total cells updated:             69632
INFO (CarpetX):   average iterations per second: 43.4217
INFO (CarpetX):   average cell updates per second: 177855
INFO (CarpetX): Simulation time: 0.0703125   Iterations per second: 43.4712   Simulation time per second: 0.169809
INFO (CarpetX): Grid cells: 4096   Grid cell updates per second: 178058
INFO (CarpetX): Performance:
INFO (CarpetX):   total evolution time:            0.414464 sec
INFO (CarpetX):   total evolution compute time:    0.414413 sec
INFO (CarpetX):   total evolution output time:     5.00679e-05 sec
INFO (CarpetX):   total iterations:                18
INFO (CarpetX):   total cells updated:             73728
INFO (CarpetX):   average iterations per second: 43.4296
INFO (CarpetX):   average cell updates per second: 177888
INFO (CarpetX): Simulation time: 0.0742188   Iterations per second: 43.4693   Simulation time per second: 0.169802
INFO (CarpetX): Grid cells: 4096   Grid cell updates per second: 178050
INFO (CarpetX): Performance:
INFO (CarpetX):   total evolution time:            0.437478 sec
INFO (CarpetX):   total evolution compute time:    0.437425 sec
INFO (CarpetX):   total evolution output time:     5.29289e-05 sec
INFO (CarpetX):   total iterations:                19
INFO (CarpetX):   total cells updated:             77824
INFO (CarpetX):   average iterations per second: 43.4308
INFO (CarpetX):   average cell updates per second: 177893
INFO (CarpetX): Simulation time: 0.078125   Iterations per second: 43.4834   Simulation time per second: 0.169857
INFO (CarpetX): Grid cells: 4096   Grid cell updates per second: 178108
INFO (CarpetX): Performance:
INFO (CarpetX):   total evolution time:            0.460408 sec
INFO (CarpetX):   total evolution compute time:    0.460353 sec
INFO (CarpetX):   total evolution output time:     5.48363e-05 sec
INFO (CarpetX):   total iterations:                20
INFO (CarpetX):   total cells updated:             81920
INFO (CarpetX):   average iterations per second: 43.4398
INFO (CarpetX):   average cell updates per second: 177929
INFO (CarpetX): Simulation time: 0.0820312   Iterations per second: 43.4421   Simulation time per second: 0.169696
INFO (CarpetX): Grid cells: 4096   Grid cell updates per second: 177939
INFO (CarpetX): Performance:
INFO (CarpetX):   total evolution time:            0.483624 sec
INFO (CarpetX):   total evolution compute time:    0.483566 sec
INFO (CarpetX):   total evolution output time:     5.79357e-05 sec
INFO (CarpetX):   total iterations:                21
INFO (CarpetX):   total cells updated:             86016
INFO (CarpetX):   average iterations per second: 43.4222
INFO (CarpetX):   average cell updates per second: 177857
INFO (CarpetX): Simulation time: 0.0859375   Iterations per second: 43.4499   Simulation time per second: 0.169726
INFO (CarpetX): Grid cells: 4096   Grid cell updates per second: 177971
INFO (CarpetX): Performance:
INFO (CarpetX):   total evolution time:            0.506602 sec
INFO (CarpetX):   total evolution compute time:    0.506541 sec
INFO (CarpetX):   total evolution output time:     6.10352e-05 sec
INFO (CarpetX):   total iterations:                22
INFO (CarpetX):   total cells updated:             90112
INFO (CarpetX):   average iterations per second: 43.4266
INFO (CarpetX):   average cell updates per second: 177875
INFO (CarpetX): Simulation time: 0.0898438   Iterations per second: 43.4704   Simulation time per second: 0.169806
INFO (CarpetX): Grid cells: 4096   Grid cell updates per second: 178055
INFO (CarpetX): Performance:
INFO (CarpetX):   total evolution time:            0.529508 sec
INFO (CarpetX):   total evolution compute time:    0.529444 sec
INFO (CarpetX):   total evolution output time:     6.41346e-05 sec
INFO (CarpetX):   total iterations:                23
INFO (CarpetX):   total cells updated:             94208
INFO (CarpetX):   average iterations per second: 43.4366
INFO (CarpetX):   average cell updates per second: 177916
INFO (CarpetX): Simulation time: 0.09375   Iterations per second: 43.4907   Simulation time per second: 0.169886
INFO (CarpetX): Grid cells: 4096   Grid cell updates per second: 178138
INFO (CarpetX): Performance:
INFO (CarpetX):   total evolution time:            0.552405 sec
INFO (CarpetX):   total evolution compute time:    0.552338 sec
INFO (CarpetX):   total evolution output time:     6.69956e-05 sec
INFO (CarpetX):   total iterations:                24
INFO (CarpetX):   total cells updated:             98304
INFO (CarpetX):   average iterations per second: 43.4464
INFO (CarpetX):   average cell updates per second: 177957
INFO (CarpetX): Simulation time: 0.0976562   Iterations per second: 43.5137   Simulation time per second: 0.169975
INFO (CarpetX): Grid cells: 4096   Grid cell updates per second: 178232
INFO (CarpetX): Performance:
INFO (CarpetX):   total evolution time:            0.575277 sec
INFO (CarpetX):   total evolution compute time:    0.575207 sec
INFO (CarpetX):   total evolution output time:     7.00951e-05 sec
INFO (CarpetX):   total iterations:                25
INFO (CarpetX):   total cells updated:             102400
INFO (CarpetX):   average iterations per second: 43.4574
INFO (CarpetX):   average cell updates per second: 178001
INFO (CarpetX): Simulation time: 0.101562   Iterations per second: 43.5333   Simulation time per second: 0.170052
INFO (CarpetX): Grid cells: 4096   Grid cell updates per second: 178312
INFO (CarpetX): Performance:
INFO (CarpetX):   total evolution time:            0.598155 sec
INFO (CarpetX):   total evolution compute time:    0.598082 sec
INFO (CarpetX):   total evolution output time:     7.22408e-05 sec
INFO (CarpetX):   total iterations:                26
INFO (CarpetX):   total cells updated:             106496
INFO (CarpetX):   average iterations per second: 43.467
INFO (CarpetX):   average cell updates per second: 178041
INFO (CarpetX): Simulation time: 0.105469   Iterations per second: 43.4834   Simulation time per second: 0.169857
INFO (CarpetX): Grid cells: 4096   Grid cell updates per second: 178108
INFO (CarpetX): Performance:
INFO (CarpetX):   total evolution time:            0.621389 sec
INFO (CarpetX):   total evolution compute time:    0.621313 sec
INFO (CarpetX):   total evolution output time:     7.53403e-05 sec
INFO (CarpetX):   total iterations:                27
INFO (CarpetX):   total cells updated:             110592
INFO (CarpetX):   average iterations per second: 43.4511
INFO (CarpetX):   average cell updates per second: 177976
INFO (CarpetX): Simulation time: 0.109375   Iterations per second: 43.2784   Simulation time per second: 0.169056
INFO (CarpetX): Grid cells: 4096   Grid cell updates per second: 177268
INFO (CarpetX): Performance:
INFO (CarpetX):   total evolution time:            0.645476 sec
INFO (CarpetX):   total evolution compute time:    0.645397 sec
INFO (CarpetX):   total evolution output time:     7.84397e-05 sec
INFO (CarpetX):   total iterations:                28
INFO (CarpetX):   total cells updated:             114688
INFO (CarpetX):   average iterations per second: 43.3789
INFO (CarpetX):   average cell updates per second: 177680
INFO (CarpetX): Simulation time: 0.113281   Iterations per second: 43.2951   Simulation time per second: 0.169121
INFO (CarpetX): Grid cells: 4096   Grid cell updates per second: 177337
INFO (CarpetX): Performance:
INFO (CarpetX):   total evolution time:            0.668493 sec
INFO (CarpetX):   total evolution compute time:    0.668411 sec
INFO (CarpetX):   total evolution output time:     8.15392e-05 sec
INFO (CarpetX):   total iterations:                29
INFO (CarpetX):   total cells updated:             118784
INFO (CarpetX):   average iterations per second: 43.3812
INFO (CarpetX):   average cell updates per second: 177689
INFO (CarpetX): Simulation time: 0.117188   Iterations per second: 43.3413   Simulation time per second: 0.169302
INFO (CarpetX): Grid cells: 4096   Grid cell updates per second: 177526
INFO (CarpetX): Performance:
INFO (CarpetX):   total evolution time:            0.691344 sec
INFO (CarpetX):   total evolution compute time:    0.691259 sec
INFO (CarpetX):   total evolution output time:     8.46386e-05 sec
INFO (CarpetX):   total iterations:                30
INFO (CarpetX):   total cells updated:             122880
INFO (CarpetX):   average iterations per second: 43.3938
INFO (CarpetX):   average cell updates per second: 177741
INFO (CarpetX): Simulation time: 0.121094   Iterations per second: 43.3087   Simulation time per second: 0.169175
INFO (CarpetX): Grid cells: 4096   Grid cell updates per second: 177393
INFO (CarpetX): Performance:
INFO (CarpetX):   total evolution time:            0.71459 sec
INFO (CarpetX):   total evolution compute time:    0.714502 sec
INFO (CarpetX):   total evolution output time:     8.7738e-05 sec
INFO (CarpetX):   total iterations:                31
INFO (CarpetX):   total cells updated:             126976
INFO (CarpetX):   average iterations per second: 43.3815
INFO (CarpetX):   average cell updates per second: 177691
INFO (CarpetX): Simulation time: 0.125   Iterations per second: 43.3279   Simulation time per second: 0.169249
INFO (CarpetX): Grid cells: 4096   Grid cell updates per second: 177471
INFO (CarpetX): Performance:
INFO (CarpetX):   total evolution time:            0.737578 sec
INFO (CarpetX):   total evolution compute time:    0.737487 sec
INFO (CarpetX):   total evolution output time:     9.05991e-05 sec
INFO (CarpetX):   total iterations:                32
INFO (CarpetX):   total cells updated:             131072
INFO (CarpetX):   average iterations per second: 43.3852
INFO (CarpetX):   average cell updates per second: 177706
INFO (CarpetX): Simulation time: 0.128906   Iterations per second: 43.3624   Simulation time per second: 0.169384
INFO (CarpetX): Grid cells: 4096   Grid cell updates per second: 177612
INFO (CarpetX): Performance:
INFO (CarpetX):   total evolution time:            0.760474 sec
INFO (CarpetX):   total evolution compute time:    0.760381 sec
INFO (CarpetX):   total evolution output time:     9.34601e-05 sec
INFO (CarpetX):   total iterations:                33
INFO (CarpetX):   total cells updated:             135168
INFO (CarpetX):   average iterations per second: 43.394
INFO (CarpetX):   average cell updates per second: 177742
INFO (CarpetX): Simulation time: 0.132812   Iterations per second: 43.3986   Simulation time per second: 0.169526
INFO (CarpetX): Grid cells: 4096   Grid cell updates per second: 177761
INFO (CarpetX): Performance:
INFO (CarpetX):   total evolution time:            0.783343 sec
INFO (CarpetX):   total evolution compute time:    0.783247 sec
INFO (CarpetX):   total evolution output time:     9.65595e-05 sec
INFO (CarpetX):   total iterations:                34
INFO (CarpetX):   total cells updated:             139264
INFO (CarpetX):   average iterations per second: 43.4037
INFO (CarpetX):   average cell updates per second: 177782
INFO (CarpetX): Simulation time: 0.136719   Iterations per second: 43.4286   Simulation time per second: 0.169643
INFO (CarpetX): Grid cells: 4096   Grid cell updates per second: 177884
INFO (CarpetX): Performance:
INFO (CarpetX):   total evolution time:            0.806226 sec
INFO (CarpetX):   total evolution compute time:    0.806126 sec
INFO (CarpetX):   total evolution output time:     9.9659e-05 sec
INFO (CarpetX):   total iterations:                35
INFO (CarpetX):   total cells updated:             143360
INFO (CarpetX):   average iterations per second: 43.4121
INFO (CarpetX):   average cell updates per second: 177816
INFO (CarpetX): Simulation time: 0.140625   Iterations per second: 43.4526   Simulation time per second: 0.169737
INFO (CarpetX): Grid cells: 4096   Grid cell updates per second: 177982
INFO (CarpetX): Performance:
INFO (CarpetX):   total evolution time:            0.829125 sec
INFO (CarpetX):   total evolution compute time:    0.829023 sec
INFO (CarpetX):   total evolution output time:     0.00010252 sec
INFO (CarpetX):   total iterations:                36
INFO (CarpetX):   total cells updated:             147456
INFO (CarpetX):   average iterations per second: 43.4193
INFO (CarpetX):   average cell updates per second: 177845
INFO (CarpetX): Simulation time: 0.144531   Iterations per second: 43.4626   Simulation time per second: 0.169776
INFO (CarpetX): Grid cells: 4096   Grid cell updates per second: 178023
INFO (CarpetX): Performance:
INFO (CarpetX):   total evolution time:            0.852086 sec
INFO (CarpetX):   total evolution compute time:    0.85198 sec
INFO (CarpetX):   total evolution output time:     0.000105619 sec
INFO (CarpetX):   total iterations:                37
INFO (CarpetX):   total cells updated:             151552
INFO (CarpetX):   average iterations per second: 43.4228
INFO (CarpetX):   average cell updates per second: 177860
INFO (CarpetX): Simulation time: 0.148438   Iterations per second: 43.4696   Simulation time per second: 0.169803
INFO (CarpetX): Grid cells: 4096   Grid cell updates per second: 178052
INFO (CarpetX): Performance:
INFO (CarpetX):   total evolution time:            0.875057 sec
INFO (CarpetX):   total evolution compute time:    0.874948 sec
INFO (CarpetX):   total evolution output time:     0.000108719 sec
INFO (CarpetX):   total iterations:                38
INFO (CarpetX):   total cells updated:             155648
INFO (CarpetX):   average iterations per second: 43.4257
INFO (CarpetX):   average cell updates per second: 177872
INFO (CarpetX): Simulation time: 0.152344   Iterations per second: 43.4924   Simulation time per second: 0.169892
INFO (CarpetX): Grid cells: 4096   Grid cell updates per second: 178145
INFO (CarpetX): Performance:
INFO (CarpetX):   total evolution time:            0.897941 sec
INFO (CarpetX):   total evolution compute time:    0.897829 sec
INFO (CarpetX):   total evolution output time:     0.000111818 sec
INFO (CarpetX):   total iterations:                39
INFO (CarpetX):   total cells updated:             159744
INFO (CarpetX):   average iterations per second: 43.4327
INFO (CarpetX):   average cell updates per second: 177900
INFO (CarpetX): Simulation time: 0.15625   Iterations per second: 43.502   Simulation time per second: 0.16993
INFO (CarpetX): Grid cells: 4096   Grid cell updates per second: 178184
INFO (CarpetX): Performance:
INFO (CarpetX):   total evolution time:            0.920883 sec
INFO (CarpetX):   total evolution compute time:    0.920769 sec
INFO (CarpetX):   total evolution output time:     0.000113964 sec
INFO (CarpetX):   total iterations:                40
INFO (CarpetX):   total cells updated:             163840
INFO (CarpetX):   average iterations per second: 43.4366
INFO (CarpetX):   average cell updates per second: 177916
INFO (CarpetX): Simulation time: 0.160156   Iterations per second: 43.5214   Simulation time per second: 0.170006
INFO (CarpetX): Grid cells: 4096   Grid cell updates per second: 178264
INFO (CarpetX): Performance:
INFO (CarpetX):   total evolution time:            0.943768 sec
INFO (CarpetX):   total evolution compute time:    0.943651 sec
INFO (CarpetX):   total evolution output time:     0.000117064 sec
INFO (CarpetX):   total iterations:                41
INFO (CarpetX):   total cells updated:             167936
INFO (CarpetX):   average iterations per second: 43.4429
INFO (CarpetX):   average cell updates per second: 177942
INFO (CarpetX): Simulation time: 0.164062   Iterations per second: 43.5311   Simulation time per second: 0.170043
INFO (CarpetX): Grid cells: 4096   Grid cell updates per second: 178303
INFO (CarpetX): Performance:
INFO (CarpetX):   total evolution time:            0.966694 sec
INFO (CarpetX):   total evolution compute time:    0.966573 sec
INFO (CarpetX):   total evolution output time:     0.000121117 sec
INFO (CarpetX):   total iterations:                42
INFO (CarpetX):   total cells updated:             172032
INFO (CarpetX):   average iterations per second: 43.4471
INFO (CarpetX):   average cell updates per second: 177959
INFO (CarpetX): Simulation time: 0.167969   Iterations per second: 43.5476   Simulation time per second: 0.170108
INFO (CarpetX): Grid cells: 4096   Grid cell updates per second: 178371
INFO (CarpetX): Performance:
INFO (CarpetX):   total evolution time:            0.989579 sec
INFO (CarpetX):   total evolution compute time:    0.989455 sec
INFO (CarpetX):   total evolution output time:     0.000123978 sec
INFO (CarpetX):   total iterations:                43
INFO (CarpetX):   total cells updated:             176128
INFO (CarpetX):   average iterations per second: 43.4528
INFO (CarpetX):   average cell updates per second: 177983
INFO (CarpetX): Simulation time: 0.171875   Iterations per second: 43.5492   Simulation time per second: 0.170114
INFO (CarpetX): Grid cells: 4096   Grid cell updates per second: 178377
INFO (CarpetX): Performance:
INFO (CarpetX):   total evolution time:            1.01253 sec
INFO (CarpetX):   total evolution compute time:    1.01241 sec
INFO (CarpetX):   total evolution output time:     0.000125885 sec
INFO (CarpetX):   total iterations:                44
INFO (CarpetX):   total cells updated:             180224
INFO (CarpetX):   average iterations per second: 43.4553
INFO (CarpetX):   average cell updates per second: 177993
INFO (CarpetX): Simulation time: 0.175781   Iterations per second: 43.543   Simulation time per second: 0.17009
INFO (CarpetX): Grid cells: 4096   Grid cell updates per second: 178352
INFO (CarpetX): Performance:
INFO (CarpetX):   total evolution time:            1.03553 sec
INFO (CarpetX):   total evolution compute time:    1.03538 sec
INFO (CarpetX):   total evolution output time:     0.000144958 sec
INFO (CarpetX):   total iterations:                45
INFO (CarpetX):   total cells updated:             184320
INFO (CarpetX):   average iterations per second: 43.4561
INFO (CarpetX):   average cell updates per second: 177996
INFO (CarpetX): Simulation time: 0.179688   Iterations per second: 43.5472   Simulation time per second: 0.170106
INFO (CarpetX): Grid cells: 4096   Grid cell updates per second: 178369
INFO (CarpetX): Performance:
INFO (CarpetX):   total evolution time:            1.05847 sec
INFO (CarpetX):   total evolution compute time:    1.05833 sec
INFO (CarpetX):   total evolution output time:     0.00014782 sec
INFO (CarpetX):   total iterations:                46
INFO (CarpetX):   total cells updated:             188416
INFO (CarpetX):   average iterations per second: 43.4588
INFO (CarpetX):   average cell updates per second: 178007
INFO (CarpetX): Simulation time: 0.183594   Iterations per second: 43.5596   Simulation time per second: 0.170155
INFO (CarpetX): Grid cells: 4096   Grid cell updates per second: 178420
INFO (CarpetX): Performance:
INFO (CarpetX):   total evolution time:            1.08137 sec
INFO (CarpetX):   total evolution compute time:    1.08122 sec
INFO (CarpetX):   total evolution output time:     0.000150681 sec
INFO (CarpetX):   total iterations:                47
INFO (CarpetX):   total cells updated:             192512
INFO (CarpetX):   average iterations per second: 43.4634
INFO (CarpetX):   average cell updates per second: 178026
INFO (CarpetX): Simulation time: 0.1875   Iterations per second: 43.5555   Simulation time per second: 0.170138
INFO (CarpetX): Grid cells: 4096   Grid cell updates per second: 178403
INFO (CarpetX): Performance:
INFO (CarpetX):   total evolution time:            1.10435 sec
INFO (CarpetX):   total evolution compute time:    1.1042 sec
INFO (CarpetX):   total evolution output time:     0.00015378 sec
INFO (CarpetX):   total iterations:                48
INFO (CarpetX):   total cells updated:             196608
INFO (CarpetX):   average iterations per second: 43.4645
INFO (CarpetX):   average cell updates per second: 178031
INFO (CarpetX): Simulation time: 0.191406   Iterations per second: 43.5737   Simulation time per second: 0.17021
INFO (CarpetX): Grid cells: 4096   Grid cell updates per second: 178478
INFO (CarpetX): Performance:
INFO (CarpetX):   total evolution time:            1.12721 sec
INFO (CarpetX):   total evolution compute time:    1.12706 sec
INFO (CarpetX):   total evolution output time:     0.000156641 sec
INFO (CarpetX):   total iterations:                49
INFO (CarpetX):   total cells updated:             200704
INFO (CarpetX):   average iterations per second: 43.47
INFO (CarpetX):   average cell updates per second: 178053
INFO (CarpetX): Simulation time: 0.195312   Iterations per second: 43.5871   Simulation time per second: 0.170262
INFO (CarpetX): Grid cells: 4096   Grid cell updates per second: 178533
INFO (CarpetX): Performance:
INFO (CarpetX):   total evolution time:            1.15009 sec
INFO (CarpetX):   total evolution compute time:    1.14993 sec
INFO (CarpetX):   total evolution output time:     0.00015974 sec
INFO (CarpetX):   total iterations:                50
INFO (CarpetX):   total cells updated:             204800
INFO (CarpetX):   average iterations per second: 43.4748
INFO (CarpetX):   average cell updates per second: 178073
INFO (CarpetX): Simulation time: 0.199219   Iterations per second: 43.5798   Simulation time per second: 0.170234
INFO (CarpetX): Grid cells: 4096   Grid cell updates per second: 178503
INFO (CarpetX): Performance:
INFO (CarpetX):   total evolution time:            1.17307 sec
INFO (CarpetX):   total evolution compute time:    1.17291 sec
INFO (CarpetX):   total evolution output time:     0.00016284 sec
INFO (CarpetX):   total iterations:                51
INFO (CarpetX):   total cells updated:             208896
INFO (CarpetX):   average iterations per second: 43.4756
INFO (CarpetX):   average cell updates per second: 178076
INFO (CarpetX): Simulation time: 0.203125   Iterations per second: 43.5723   Simulation time per second: 0.170204
INFO (CarpetX): Grid cells: 4096   Grid cell updates per second: 178472
INFO (CarpetX): Performance:
INFO (CarpetX):   total evolution time:            1.19606 sec
INFO (CarpetX):   total evolution compute time:    1.19589 sec
INFO (CarpetX):   total evolution output time:     0.000165701 sec
INFO (CarpetX):   total iterations:                52
INFO (CarpetX):   total cells updated:             212992
INFO (CarpetX):   average iterations per second: 43.4761
INFO (CarpetX):   average cell updates per second: 178078
INFO (CarpetX): Simulation time: 0.207031   Iterations per second: 43.5534   Simulation time per second: 0.17013
INFO (CarpetX): Grid cells: 4096   Grid cell updates per second: 178395
INFO (CarpetX): Performance:
INFO (CarpetX):   total evolution time:            1.21911 sec
INFO (CarpetX):   total evolution compute time:    1.21894 sec
INFO (CarpetX):   total evolution output time:     0.000168562 sec
INFO (CarpetX):   total iterations:                53
INFO (CarpetX):   total cells updated:             217088
INFO (CarpetX):   average iterations per second: 43.4744
INFO (CarpetX):   average cell updates per second: 178071
INFO (CarpetX): Simulation time: 0.210938   Iterations per second: 43.5535   Simulation time per second: 0.170131
INFO (CarpetX): Grid cells: 4096   Grid cell updates per second: 178395
INFO (CarpetX): Performance:
INFO (CarpetX):   total evolution time:            1.24207 sec
INFO (CarpetX):   total evolution compute time:    1.2419 sec
INFO (CarpetX):   total evolution output time:     0.000172377 sec
INFO (CarpetX):   total iterations:                54
INFO (CarpetX):   total cells updated:             221184
INFO (CarpetX):   average iterations per second: 43.4759
INFO (CarpetX):   average cell updates per second: 178077
INFO (CarpetX): Simulation time: 0.214844   Iterations per second: 43.5422   Simulation time per second: 0.170087
INFO (CarpetX): Grid cells: 4096   Grid cell updates per second: 178349
INFO (CarpetX): Performance:
INFO (CarpetX):   total evolution time:            1.26509 sec
INFO (CarpetX):   total evolution compute time:    1.26491 sec
INFO (CarpetX):   total evolution output time:     0.000175476 sec
INFO (CarpetX):   total iterations:                55
INFO (CarpetX):   total cells updated:             225280
INFO (CarpetX):   average iterations per second: 43.4752
INFO (CarpetX):   average cell updates per second: 178074
INFO (CarpetX): Simulation time: 0.21875   Iterations per second: 43.5426   Simulation time per second: 0.170088
INFO (CarpetX): Grid cells: 4096   Grid cell updates per second: 178351
INFO (CarpetX): Performance:
INFO (CarpetX):   total evolution time:            1.28805 sec
INFO (CarpetX):   total evolution compute time:    1.28787 sec
INFO (CarpetX):   total evolution output time:     0.000178576 sec
INFO (CarpetX):   total iterations:                56
INFO (CarpetX):   total cells updated:             229376
INFO (CarpetX):   average iterations per second: 43.4765
INFO (CarpetX):   average cell updates per second: 178080
INFO (CarpetX): Simulation time: 0.222656   Iterations per second: 43.5458   Simulation time per second: 0.170101
INFO (CarpetX): Grid cells: 4096   Grid cell updates per second: 178364
INFO (CarpetX): Performance:
INFO (CarpetX):   total evolution time:            1.311 sec
INFO (CarpetX):   total evolution compute time:    1.31082 sec
INFO (CarpetX):   total evolution output time:     0.000182629 sec
INFO (CarpetX):   total iterations:                57
INFO (CarpetX):   total cells updated:             233472
INFO (CarpetX):   average iterations per second: 43.4782
INFO (CarpetX):   average cell updates per second: 178087
INFO (CarpetX): Simulation time: 0.226562   Iterations per second: 43.5611   Simulation time per second: 0.170161
INFO (CarpetX): Grid cells: 4096   Grid cell updates per second: 178426
INFO (CarpetX): Performance:
INFO (CarpetX):   total evolution time:            1.33389 sec
INFO (CarpetX):   total evolution compute time:    1.3337 sec
INFO (CarpetX):   total evolution output time:     0.000185728 sec
INFO (CarpetX):   total iterations:                58
INFO (CarpetX):   total cells updated:             237568
INFO (CarpetX):   average iterations per second: 43.482
INFO (CarpetX):   average cell updates per second: 178102
INFO (CarpetX): Simulation time: 0.230469   Iterations per second: 43.557   Simulation time per second: 0.170144
INFO (CarpetX): Grid cells: 4096   Grid cell updates per second: 178409
INFO (CarpetX): Performance:
INFO (CarpetX):   total evolution time:            1.35686 sec
INFO (CarpetX):   total evolution compute time:    1.35667 sec
INFO (CarpetX):   total evolution output time:     0.000188589 sec
INFO (CarpetX):   total iterations:                59
INFO (CarpetX):   total cells updated:             241664
INFO (CarpetX):   average iterations per second: 43.4826
INFO (CarpetX):   average cell updates per second: 178105
INFO (CarpetX): Simulation time: 0.234375   Iterations per second: 43.5629   Simulation time per second: 0.170168
INFO (CarpetX): Grid cells: 4096   Grid cell updates per second: 178434
INFO (CarpetX): Performance:
INFO (CarpetX):   total evolution time:            1.37979 sec
INFO (CarpetX):   total evolution compute time:    1.3796 sec
INFO (CarpetX):   total evolution output time:     0.00019145 sec
INFO (CarpetX):   total iterations:                60
INFO (CarpetX):   total cells updated:             245760
INFO (CarpetX):   average iterations per second: 43.4849
INFO (CarpetX):   average cell updates per second: 178114
INFO (CarpetX): Simulation time: 0.238281   Iterations per second: 43.5557   Simulation time per second: 0.17014
INFO (CarpetX): Grid cells: 4096   Grid cell updates per second: 178404
INFO (CarpetX): Performance:
INFO (CarpetX):   total evolution time:            1.40278 sec
INFO (CarpetX):   total evolution compute time:    1.40259 sec
INFO (CarpetX):   total evolution output time:     0.000194311 sec
INFO (CarpetX):   total iterations:                61
INFO (CarpetX):   total cells updated:             249856
INFO (CarpetX):   average iterations per second: 43.485
INFO (CarpetX):   average cell updates per second: 178114
INFO (CarpetX): Simulation time: 0.242188   Iterations per second: 43.5559   Simulation time per second: 0.17014
INFO (CarpetX): Grid cells: 4096   Grid cell updates per second: 178405
INFO (CarpetX): Performance:
INFO (CarpetX):   total evolution time:            1.42574 sec
INFO (CarpetX):   total evolution compute time:    1.42554 sec
INFO (CarpetX):   total evolution output time:     0.000197411 sec
INFO (CarpetX):   total iterations:                62
INFO (CarpetX):   total cells updated:             253952
INFO (CarpetX):   average iterations per second: 43.4861
INFO (CarpetX):   average cell updates per second: 178119
INFO (CarpetX): Simulation time: 0.246094   Iterations per second: 43.5612   Simulation time per second: 0.170161
INFO (CarpetX): Grid cells: 4096   Grid cell updates per second: 178427
INFO (CarpetX): Performance:
INFO (CarpetX):   total evolution time:            1.44867 sec
INFO (CarpetX):   total evolution compute time:    1.44847 sec
INFO (CarpetX):   total evolution output time:     0.000199318 sec
INFO (CarpetX):   total iterations:                63
INFO (CarpetX):   total cells updated:             258048
INFO (CarpetX):   average iterations per second: 43.4881
INFO (CarpetX):   average cell updates per second: 178127
INFO (CarpetX): Simulation time: 0.25   Iterations per second: 38.9509   Simulation time per second: 0.152152
INFO (CarpetX): Grid cells: 4096   Grid cell updates per second: 159543
INFO (CarpetX): Performance:
INFO (CarpetX):   total evolution time:            1.4988 sec
INFO (CarpetX):   total evolution compute time:    1.47396 sec
INFO (CarpetX):   total evolution output time:     0.0248375 sec
INFO (CarpetX):   total iterations:                64
INFO (CarpetX):   total cells updated:             262144
INFO (CarpetX):   average iterations per second: 42.7008
INFO (CarpetX):   average cell updates per second: 174903
INFO (CarpetX): Shutting down...
AMReX (25.11) finalized
--------------------------------------------------------------------------------
Done.

real	0m2.000s
user	0m3.171s
sys	0m0.323s
+ echo Stopping:
Stopping:
+ date
Mon Aug  3 08:35:20 PM UTC 2026
+ echo Done.
Done.
  Elapsed time: 2.0 s
