/__w/canudax-tests/workspace/simulations/TestJob01_temp_2/output-0000/TEST/sim/CanudaX_BSSNMoL
Preparing:
+ set -e
+ cd output-0000-active
+ echo Checking:
Checking:
+ pwd
/__w/canudax-tests/workspace/simulations/TestJob01_temp_2/output-0000/TEST/sim/CanudaX_BSSNMoL/output-0000-active
+ hostname
2d9df36ef53d
+ date
Fri Apr 17 06:11:56 PM UTC 2026
+ echo Environment:
Environment:
+ export SIMULATION_ID=simulation-TestJob01_temp_2-actions-cpu-real64-actions-root-2026.04.17-18.11.56-16820
+ SIMULATION_ID=simulation-TestJob01_temp_2-actions-cpu-real64-actions-root-2026.04.17-18.11.56-16820
+ export CACTUS_NUM_PROCS=2
+ CACTUS_NUM_PROCS=2
+ export CACTUS_NUM_THREADS=1
+ CACTUS_NUM_THREADS=1
+ export CACTUS_SET_THREAD_BINDINGS=0
+ CACTUS_SET_THREAD_BINDINGS=0
+ export GLIBCXX_FORCE_NEW=1
+ GLIBCXX_FORCE_NEW=1
+ export GMON_OUT_PREFIX=gmon.out
+ GMON_OUT_PREFIX=gmon.out
+ export OMP_DISPLAY_ENV=TRUE
+ OMP_DISPLAY_ENV=TRUE
+ export OMP_MAX_TASKS=100
+ OMP_MAX_TASKS=100
+ export OMP_NUM_THREADS=1
+ OMP_NUM_THREADS=1
+ export OMP_PLACES=cores
+ OMP_PLACES=cores
+ export OMP_PROC_BIND=FALSE
+ OMP_PROC_BIND=FALSE
+ export OMP_STACKSIZE=8192
+ OMP_STACKSIZE=8192
+ env
+ sort
+ echo Starting:
Starting:
++ date +%s
+ export CACTUS_STARTTIME=1776449516
+ CACTUS_STARTTIME=1776449516
+ mpiexec -n 2 /__w/canudax-tests/workspace/simulations/TestJob01_temp_2/SIMFACTORY/exe/cactus_sim -L 3 /__w/canudax-tests/workspace/simulations/TestJob01_temp_2/output-0000/arrangements/CanudaX/CanudaX_BSSNMoL/test/gaugewave.par

OPENMP DISPLAY ENVIRONMENT BEGIN
  _OPENMP = '201511'
  [host] OMP_DYNAMIC = 'FALSE'
  [host] OMP_NESTED = 'FALSE'
  [host] OMP_NUM_THREADS = '1'
  [host] OMP_SCHEDULE = 'DYNAMIC'
  [host] OMP_PROC_BIND = 'FALSE'
  [host] OMP_PLACES = ''
  [host] OMP_STACKSIZE = '8388608'
  [host] OMP_WAIT_POLICY = 'PASSIVE'
  [host] OMP_THREAD_LIMIT = '4294967295'
  [host] OMP_MAX_ACTIVE_LEVELS = '1'
  [host] OMP_NUM_TEAMS = '0'
  [host] OMP_TEAMS_THREAD_LIMIT = '0'
  [all] OMP_CANCELLATION = 'FALSE'
  [all] OMP_DEFAULT_DEVICE = '0'
  [all] OMP_MAX_TASK_PRIORITY = '0'
  [all] OMP_DISPLAY_AFFINITY = 'FALSE'
  [host] OMP_AFFINITY_FORMAT = 'level %L thread %i affinity %A'
  [host] OMP_ALLOCATOR = 'omp_default_mem_alloc'
  [all] OMP_TARGET_OFFLOAD = 'DEFAULT'
OPENMP DISPLAY ENVIRONMENT END

OPENMP DISPLAY ENVIRONMENT BEGIN
  _OPENMP = '201511'
  [host] OMP_DYNAMIC = 'FALSE'
  [host] OMP_NESTED = 'FALSE'
  [host] OMP_NUM_THREADS = '1'
  [host] OMP_SCHEDULE = 'DYNAMIC'
  [host] OMP_PROC_BIND = 'FALSE'
  [host] OMP_PLACES = ''
  [host] OMP_STACKSIZE = '8388608'
  [host] OMP_WAIT_POLICY = 'PASSIVE'
  [host] OMP_THREAD_LIMIT = '4294967295'
  [host] OMP_MAX_ACTIVE_LEVELS = '1'
  [host] OMP_NUM_TEAMS = '0'
  [host] OMP_TEAMS_THREAD_LIMIT = '0'
  [all] OMP_CANCELLATION = 'FALSE'
  [all] OMP_DEFAULT_DEVICE = '0'
  [all] OMP_MAX_TASK_PRIORITY = '0'
  [all] OMP_DISPLAY_AFFINITY = 'FALSE'
  [host] OMP_AFFINITY_FORMAT = 'level %L thread %i affinity %A'
  [host] OMP_ALLOCATOR = 'omp_default_mem_alloc'
  [all] OMP_TARGET_OFFLOAD = 'DEFAULT'
OPENMP DISPLAY ENVIRONMENT END
INFO (Cactus): Increased logging level from 0 to 3
--------------------------------------------------------------------------------

       10                                  
  1   0101       ************************  
  01  1010 10      The Cactus Code V4.18.0    
 1010 1101 011      www.cactuscode.org     
  1001 100101    ************************  
    00010101                               
     100011     (c) Copyright The Authors  
      0100      GNU Licensed. No Warranty  
      0101                                 
--------------------------------------------------------------------------------

Cactus version:    4.18.0
Compile date:      Apr 17 2026 (18:09:35)
Run date:          Apr 17 2026 (18:11:56+0000)
Run host:          2d9df36ef53d (pid=16868)
Working directory: /__w/canudax-tests/workspace/simulations/TestJob01_temp_2/output-0000/TEST/sim/CanudaX_BSSNMoL
Executable:        /__w/canudax-tests/workspace/simulations/TestJob01_temp_2/SIMFACTORY/exe/cactus_sim
Parameter file:    /__w/canudax-tests/workspace/simulations/TestJob01_temp_2/output-0000/arrangements/CanudaX/CanudaX_BSSNMoL/test/gaugewave.par
--------------------------------------------------------------------------------

Activating thorn Cactus...Success -> active implementation Cactus
Activation requested for 
--->ADMBaseX CanudaX_BSSNMoL CanudaX_ExactID CarpetX IOUtil ODESolvers TmunuBaseX<---
Thorn ADMBaseX requests automatic activation of Loop
Thorn CarpetX requests automatic activation of AMReX
Thorn CarpetX requests automatic activation of MPI
Thorn CarpetX requests automatic activation of yaml_cpp
Thorn CarpetX requests automatic activation of zlib
Thorn CarpetX requests automatic activation of Arith
Thorn CarpetX requests automatic activation of CarpetXRegrid
Thorn CarpetX requests automatic activation of ADIOS2
Thorn CarpetX requests automatic activation of openPMD
Thorn CarpetX requests automatic activation of Silo
Thorn ODESolvers requests automatic activation of Subcycling
Thorn Arith requests automatic activation of NSIMD
Thorn MPI requests automatic activation of hwloc
Thorn openPMD requests automatic activation of HDF5
Activating thorn ADIOS2...Success -> active implementation ADIOS2
Activating thorn ADMBaseX...Success -> active implementation ADMBaseX
Activating thorn AMReX...Success -> active implementation AMReX
Activating thorn Arith...Success -> active implementation Arith
Activating thorn CanudaX_BSSNMoL...Success -> active implementation CanudaX_BSSNMoL
Activating thorn CanudaX_ExactID...Success -> active implementation CanudaX_ExactID
Activating thorn CarpetX...Success -> active implementation Driver
Activating thorn CarpetXRegrid...Success -> active implementation CarpetXRegrid
Activating thorn HDF5...Success -> active implementation HDF5
Activating thorn hwloc...Success -> active implementation hwloc
Activating thorn IOUtil...Success -> active implementation IO
Activating thorn Loop...Success -> active implementation Loop
Activating thorn MPI...Success -> active implementation MPI
Activating thorn NSIMD...Success -> active implementation NSIMD
Activating thorn ODESolvers...Success -> active implementation ODESolvers
Activating thorn openPMD...Success -> active implementation openPMD
Activating thorn Silo...Success -> active implementation Silo
Activating thorn Subcycling...Success -> active implementation Subcycling
Activating thorn TmunuBaseX...Success -> active implementation TmunuBaseX
Activating thorn yaml_cpp...Success -> active implementation yaml_cpp
Activating thorn zlib...Success -> active implementation zlib
--------------------------------------------------------------------------------
  if (recover initial data)
    Recover parameters
  endif

  Startup routines
    [CCTK_STARTUP]
      CarpetX::Driver_Startup: Start up the driver
      IOUtil::IOUtil_Startup: Startup routine
      GROUP hwloc_startup: hwloc startup group
        hwloc::hwloc_version: Output hwloc version

  Startup routines which need an existing grid hierarchy
    [CCTK_WRAGH]
      Arith::Test_smallvector: [meta] Test small vectors
      Arith::Test_spvect: [meta] Test sparse vectors
      ODESolvers::ODESolvers_InitConstants: [global] Set up dummy loop counters for schedule printout
  Parameter checking routines
    [CCTK_PARAMCHECK]
      CanudaX_BSSNMoL::CanudaX_BSSNMoL_paramcheck: Check CanudaX_BSSNMoL parameters for consistency

  Initialisation
    if (NOT (recover initial data AND recovery_mode is 'strict'))
      [CCTK_PREREGRIDINITIAL]
      Set up grid hierarchy
      [CCTK_POSTREGRIDINITIAL]
      [CCTK_BASEGRID]
        CarpetXRegrid::CarpetXRegrid_InitError: Initialize regridding error to zero
        GROUP ODESolvers_BaseGrid: Set up constants (e.g. coordinates) everywhere on the grid
      [CCTK_INITIAL]
        GROUP TmunuBaseX_SetTmunuVars: Schedule group for setting T_munu
          TmunuBaseX::TmunuBaseX_ZeroTmunu: Set T_munu to zero
          GROUP TmunuBaseX_AddToTmunu: Add to T_munu here
        GROUP ODESolvers_Initial: Set up initial conditions on interior of state vector
          GROUP ADMBaseX_InitialData: Schedule group for calculating ADM initial data
            GROUP CanudaX_ExactIDGroup: CanudaX_ExactID group for setting up initial data
              CanudaX_ExactID::CanudaX_ExactID_GaugeWave: [local] Create gauge wave initial data
          GROUP ADMBaseX_InitialGauge: Schedule group for the ADM initial gauge condition
            ADMBaseX::ADMBaseX_initial_dtlapse: Set dtlapse to zero
            ADMBaseX::ADMBaseX_initial_dtshift: Set dtshift to zero
          GROUP ADMBaseX_PostInitial: Schedule group for modifying the ADM initial data, such as e.g. adding noise
        GROUP Subcycling_RMBndryGroup: Check if the ghost points are at refinement boundary
          Subcycling::Subcycling_SetLevelNeighbor: Set isrmbndry
          Subcycling::Subcycling_SetIsRMBndry: Set isrmbndry
        GROUP CanudaX_BSSNMoL_InitialGroup: CanudaX_BSSNMoL: initial bin
          CanudaX_BSSNMoL::CanudaX_BSSNMoL_adm2bssn: [local] Convert initial data into BSSN variables
          CanudaX_BSSNMoL::CanudaX_BSSNMoL_gammat: [local] Set Gammat initial data
      [CCTK_POSTINITIAL]
        GROUP ODESolvers_PostStep: Apply boundary conditions to state vector, and project if necessary
          GROUP CanudaX_BSSNMoL_PostStepGroup: CanudaX_BSSNMoL: post-step operations
            CanudaX_BSSNMoL::CanudaX_BSSNMoL_impose_conf_fac_floor: Make sure conformal factor does not drop below specified value
            CanudaX_BSSNMoL::CanudaX_BSSNMoL_reset_detmetric: reset dethh = 1
            CanudaX_BSSNMoL::CanudaX_BSSNMoL_remove_trA: Remove trace of A
          GROUP ADMBaseX_SetADMRHS: Set ADM RHS variables in this group
          CanudaX_BSSNMoL::CanudaX_BSSNMoL_sync: [global] Sync state vector
          GROUP ADMBaseX_SetADMVars: Set ADM variables in this group
            CanudaX_BSSNMoL::CanudaX_BSSNMoL_bssn2adm: [local] Convert variables back to the ADM ones
          GROUP TmunuBaseX_SetTmunuVars: Schedule group for setting T_munu
            TmunuBaseX::TmunuBaseX_ZeroTmunu: Set T_munu to zero
            GROUP TmunuBaseX_AddToTmunu: Add to T_munu here
        GROUP ODESolvers_EstimateError: Estimate discretization error (for regridding)
      Initialise finer grids recursively
      Restrict from finer grids
      [CCTK_POSTRESTRICTINITIAL]
      [CCTK_POSTPOSTINITIAL]
      [CCTK_POSTSTEP]
        GROUP ODESolvers_EstimateError: Estimate discretization error (for regridding)
    endif
    if (recover initial data)
      [CCTK_BASEGRID]
        CarpetXRegrid::CarpetXRegrid_InitError: Initialize regridding error to zero
        GROUP ODESolvers_BaseGrid: Set up constants (e.g. coordinates) everywhere on the grid
      [CCTK_RECOVER_VARIABLES]
      [CCTK_POST_RECOVER_VARIABLES]
        GROUP ODESolvers_PostStep: Apply boundary conditions to state vector, and project if necessary
          GROUP CanudaX_BSSNMoL_PostStepGroup: CanudaX_BSSNMoL: post-step operations
            CanudaX_BSSNMoL::CanudaX_BSSNMoL_impose_conf_fac_floor: Make sure conformal factor does not drop below specified value
            CanudaX_BSSNMoL::CanudaX_BSSNMoL_reset_detmetric: reset dethh = 1
            CanudaX_BSSNMoL::CanudaX_BSSNMoL_remove_trA: Remove trace of A
          GROUP ADMBaseX_SetADMRHS: Set ADM RHS variables in this group
          CanudaX_BSSNMoL::CanudaX_BSSNMoL_sync: [global] Sync state vector
          GROUP ADMBaseX_SetADMVars: Set ADM variables in this group
            CanudaX_BSSNMoL::CanudaX_BSSNMoL_bssn2adm: [local] Convert variables back to the ADM ones
          GROUP TmunuBaseX_SetTmunuVars: Schedule group for setting T_munu
            TmunuBaseX::TmunuBaseX_ZeroTmunu: Set T_munu to zero
            GROUP TmunuBaseX_AddToTmunu: Add to T_munu here
        GROUP ODESolvers_EstimateError: Estimate discretization error (for regridding)
        GROUP Subcycling_RMBndryGroup: Check if the ghost points are at refinement boundary
          Subcycling::Subcycling_SetLevelNeighbor: Set isrmbndry
          Subcycling::Subcycling_SetIsRMBndry: Set isrmbndry
    endif
    if (checkpoint initial data)
      [CCTK_CPINITIAL]
        CarpetX::CarpetX_CheckpointInitial: [meta] Checkpoint initial conditions
    endif
    if (analysis)
      [CCTK_ANALYSIS]
        CanudaX_BSSNMoL::CanudaX_BSSNMoL_calc_ricci_for_constraints: MoL ricci tensor and scalar calculation
        CanudaX_BSSNMoL::CanudaX_BSSNMoL_bssn_constraints: Compute constraints
        GROUP ODESolvers_Analysis: Calculate analysis quantities everywhere
  endif
  Output grid variables

  do loop over timesteps
    [CCTK_PREREGRID]
    Change grid hierarchy
    [CCTK_POSTREGRID]
      GROUP ODESolvers_PostStep: Apply boundary conditions to state vector, and project if necessary
        GROUP CanudaX_BSSNMoL_PostStepGroup: CanudaX_BSSNMoL: post-step operations
          CanudaX_BSSNMoL::CanudaX_BSSNMoL_impose_conf_fac_floor: Make sure conformal factor does not drop below specified value
          CanudaX_BSSNMoL::CanudaX_BSSNMoL_reset_detmetric: reset dethh = 1
          CanudaX_BSSNMoL::CanudaX_BSSNMoL_remove_trA: Remove trace of A
        GROUP ADMBaseX_SetADMRHS: Set ADM RHS variables in this group
        CanudaX_BSSNMoL::CanudaX_BSSNMoL_sync: [global] Sync state vector
        GROUP ADMBaseX_SetADMVars: Set ADM variables in this group
          CanudaX_BSSNMoL::CanudaX_BSSNMoL_bssn2adm: [local] Convert variables back to the ADM ones
        GROUP TmunuBaseX_SetTmunuVars: Schedule group for setting T_munu
          TmunuBaseX::TmunuBaseX_ZeroTmunu: Set T_munu to zero
          GROUP TmunuBaseX_AddToTmunu: Add to T_munu here
      GROUP Subcycling_RMBndryGroup: Check if the ghost points are at refinement boundary
        Subcycling::Subcycling_SetLevelNeighbor: Set isrmbndry
        Subcycling::Subcycling_SetIsRMBndry: Set isrmbndry
    Rotate timelevels
    iteration = iteration+1
    t = t+dt
    [CCTK_PRESTEP]
    [CCTK_EVOL]
      ODESolvers::ODESolvers_Solve_Subcycling: [level] Solve ODEs using Subcycling
      while (ODESolvers::do_substeps)
        GROUP ODESolvers_CalledBySolve: Groups internally scheduled by ODESolvers_Solve
          GROUP ODESolvers_RHS: Evaluate the RHS for of state vector everywhere on the grid
            GROUP CanudaX_BSSNMoL_RHSGroup: CanudaX_BSSNMoL: calculate BSSN RHS
              CanudaX_BSSNMoL::CanudaX_BSSNMoL_calc_ricci: MoL ricci tensor and scalar calculation
              CanudaX_BSSNMoL::CanudaX_BSSNMoL_calc_bssn_rhs: MoL RHS calculation
              CanudaX_BSSNMoL::CanudaX_BSSNMoL_apply_boundary_conditions: Apply radiative boundary conditions 
          GROUP ODESolvers_PostStep: Apply boundary conditions to state vector, and project if necessary
            GROUP CanudaX_BSSNMoL_PostStepGroup: CanudaX_BSSNMoL: post-step operations
              CanudaX_BSSNMoL::CanudaX_BSSNMoL_impose_conf_fac_floor: Make sure conformal factor does not drop below specified value
              CanudaX_BSSNMoL::CanudaX_BSSNMoL_reset_detmetric: reset dethh = 1
              CanudaX_BSSNMoL::CanudaX_BSSNMoL_remove_trA: Remove trace of A
            GROUP ADMBaseX_SetADMRHS: Set ADM RHS variables in this group
            CanudaX_BSSNMoL::CanudaX_BSSNMoL_sync: [global] Sync state vector
            GROUP ADMBaseX_SetADMVars: Set ADM variables in this group
              CanudaX_BSSNMoL::CanudaX_BSSNMoL_bssn2adm: [local] Convert variables back to the ADM ones
            GROUP TmunuBaseX_SetTmunuVars: Schedule group for setting T_munu
              TmunuBaseX::TmunuBaseX_ZeroTmunu: Set T_munu to zero
              GROUP TmunuBaseX_AddToTmunu: Add to T_munu here
      end while
    Evolve finer grids recursively
    Restrict from finer grids
    [CCTK_POSTRESTRICT]
      GROUP ODESolvers_PostStep: Apply boundary conditions to state vector, and project if necessary
        GROUP CanudaX_BSSNMoL_PostStepGroup: CanudaX_BSSNMoL: post-step operations
          CanudaX_BSSNMoL::CanudaX_BSSNMoL_impose_conf_fac_floor: Make sure conformal factor does not drop below specified value
          CanudaX_BSSNMoL::CanudaX_BSSNMoL_reset_detmetric: reset dethh = 1
          CanudaX_BSSNMoL::CanudaX_BSSNMoL_remove_trA: Remove trace of A
        GROUP ADMBaseX_SetADMRHS: Set ADM RHS variables in this group
        CanudaX_BSSNMoL::CanudaX_BSSNMoL_sync: [global] Sync state vector
        GROUP ADMBaseX_SetADMVars: Set ADM variables in this group
          CanudaX_BSSNMoL::CanudaX_BSSNMoL_bssn2adm: [local] Convert variables back to the ADM ones
        GROUP TmunuBaseX_SetTmunuVars: Schedule group for setting T_munu
          TmunuBaseX::TmunuBaseX_ZeroTmunu: Set T_munu to zero
          GROUP TmunuBaseX_AddToTmunu: Add to T_munu here
    [CCTK_POSTSTEP]
      GROUP ODESolvers_EstimateError: Estimate discretization error (for regridding)
    if (checkpoint)
      [CCTK_CHECKPOINT]
      CarpetX::CarpetX_Checkpoint: [meta] Checkpoint
    endif
    if (analysis)
      [CCTK_ANALYSIS]
      CanudaX_BSSNMoL::CanudaX_BSSNMoL_calc_ricci_for_constraints: MoL ricci tensor and scalar calculation
      CanudaX_BSSNMoL::CanudaX_BSSNMoL_bssn_constraints: Compute constraints
      GROUP ODESolvers_Analysis: Calculate analysis quantities everywhere
    endif
    Output grid variables
    enddo

  Termination routines
    [CCTK_TERMINATE]
      CarpetX::CarpetX_CheckpointTerminate: [meta] Checkpoint before terminating

  Shutdown routines
    [CCTK_SHUTDOWN]
      CarpetX::Driver_Shutdown: [meta] Shut down the driver

  Routines run after changing the grid hierarchy:
    [CCTK_POSTREGRID]
      GROUP ODESolvers_PostStep: Apply boundary conditions to state vector, and project if necessary
        GROUP CanudaX_BSSNMoL_PostStepGroup: CanudaX_BSSNMoL: post-step operations
          CanudaX_BSSNMoL::CanudaX_BSSNMoL_impose_conf_fac_floor: Make sure conformal factor does not drop below specified value
          CanudaX_BSSNMoL::CanudaX_BSSNMoL_reset_detmetric: reset dethh = 1
          CanudaX_BSSNMoL::CanudaX_BSSNMoL_remove_trA: Remove trace of A
        GROUP ADMBaseX_SetADMRHS: Set ADM RHS variables in this group
        CanudaX_BSSNMoL::CanudaX_BSSNMoL_sync: [global] Sync state vector
        GROUP ADMBaseX_SetADMVars: Set ADM variables in this group
          CanudaX_BSSNMoL::CanudaX_BSSNMoL_bssn2adm: [local] Convert variables back to the ADM ones
        GROUP TmunuBaseX_SetTmunuVars: Schedule group for setting T_munu
          TmunuBaseX::TmunuBaseX_ZeroTmunu: Set T_munu to zero
          GROUP TmunuBaseX_AddToTmunu: Add to T_munu here
      GROUP Subcycling_RMBndryGroup: Check if the ghost points are at refinement boundary
        Subcycling::Subcycling_SetLevelNeighbor: Set isrmbndry
        Subcycling::Subcycling_SetIsRMBndry: Set isrmbndry
--------------------------------------------------------------------------------
INFO (hwloc): library version 2.10.0, API version 0x20800
--------------------------------------------------------------------------------
                                                            
   _______ _______  ______  _____  _______ _______ _     _  
   |       |_____| |_____/ |_____] |______    |     \___/   
   |_____  |     | |    \_ |       |______    |    _/   \_  
                                                            
AMR driver provided by CarpetX,
using AMReX 25.11 (MPI, OpenMP, no accelerators, optimized)
--------------------------------------------------------------------------------

Initializing AMReX (25.11)...
MPI initialized with 2 MPI processes
MPI initialized with thread support level 2
OMP initialized with 1 OMP threads
AMReX (25.11) initialized
INFO (CarpetX): 
Symmetries:
  lower x: periodic
  lower y: periodic
  lower z: periodic
  upper x: periodic
  upper y: periodic
  upper z: periodic
Default boundaries:
  lower x: symmetry_boundary
  lower y: symmetry_boundary
  lower z: symmetry_boundary
  upper x: symmetry_boundary
  upper y: symmetry_boundary
  upper z: symmetry_boundary
INFO (Arith): Test_smallvector
INFO (Arith): Test_spvect
INFO (CarpetX): Setting initial values for max_grid_size values for all levels
INFO (CarpetX): Setting up initial conditions...
INFO (CarpetX): Iteration: 0   time: 0   delta_time: 0.00390625
INFO (CarpetX): Patch 0:
INFO (CarpetX):   Grid extent:
INFO (CarpetX):     gsh=[71,15,15]
INFO (CarpetX):     blocking_factor=[8,8,8]
INFO (CarpetX):     max_grid_size=[10000000,10000000,10000000]
INFO (CarpetX):     max_tile_size=[1024000,16,32]
INFO (CarpetX):   Domain extent:
INFO (CarpetX):     xmin=[-0.5,-0.0625,-0.0625]
INFO (CarpetX):     xmax=[0.5,0.0625,0.0625]
INFO (CarpetX):     base dx=[0.015625,0.015625,0.015625]
INFO (CarpetX): Initializing level 0...
INFO (CanudaX_ExactID): Begin Gauge Wave initial data
INFO (CanudaX_ExactID): === End gauge wave initial data ===
INFO (CarpetX): Regridding...
INFO (CarpetX):   level 0: 2 boxes, 4096 cells (100%)
INFO (CarpetX): Initialized 1 levels
INFO (CarpetX): Starting evolution...
INFO (ODESolvers): Integrator is RK4
INFO (CarpetX): Simulation time: 0.00390625   Iterations per second: 31.3823   Simulation time per second: 0.122587
INFO (CarpetX): Grid cells: 4096   Grid cell updates per second: 128542
INFO (CarpetX): Performance:
INFO (CarpetX):   total evolution time:            0.0318651 sec
INFO (CarpetX):   total evolution compute time:    0.0318632 sec
INFO (CarpetX):   total evolution output time:     1.90735e-06 sec
INFO (CarpetX):   total iterations:                1
INFO (CarpetX):   total cells updated:             4096
INFO (CarpetX):   average iterations per second: 31.3823
INFO (CarpetX):   average cell updates per second: 128542
INFO (CarpetX): Simulation time: 0.0078125   Iterations per second: 33.2827   Simulation time per second: 0.130011
INFO (CarpetX): Grid cells: 4096   Grid cell updates per second: 136326
INFO (CarpetX): Performance:
INFO (CarpetX):   total evolution time:            0.0600913 sec
INFO (CarpetX):   total evolution compute time:    0.0600872 sec
INFO (CarpetX):   total evolution output time:     4.05312e-06 sec
INFO (CarpetX):   total iterations:                2
INFO (CarpetX):   total cells updated:             8192
INFO (CarpetX):   average iterations per second: 33.2827
INFO (CarpetX):   average cell updates per second: 136326
INFO (CarpetX): Simulation time: 0.0117188   Iterations per second: 33.9854   Simulation time per second: 0.132755
INFO (CarpetX): Grid cells: 4096   Grid cell updates per second: 139204
INFO (CarpetX): Performance:
INFO (CarpetX):   total evolution time:            0.0882733 sec
INFO (CarpetX):   total evolution compute time:    0.0882673 sec
INFO (CarpetX):   total evolution output time:     5.96046e-06 sec
INFO (CarpetX):   total iterations:                3
INFO (CarpetX):   total cells updated:             12288
INFO (CarpetX):   average iterations per second: 33.9854
INFO (CarpetX):   average cell updates per second: 139204
INFO (CarpetX): Simulation time: 0.015625   Iterations per second: 34.2011   Simulation time per second: 0.133598
INFO (CarpetX): Grid cells: 4096   Grid cell updates per second: 140088
INFO (CarpetX): Performance:
INFO (CarpetX):   total evolution time:            0.116955 sec
INFO (CarpetX):   total evolution compute time:    0.116946 sec
INFO (CarpetX):   total evolution output time:     9.05991e-06 sec
INFO (CarpetX):   total iterations:                4
INFO (CarpetX):   total cells updated:             16384
INFO (CarpetX):   average iterations per second: 34.2011
INFO (CarpetX):   average cell updates per second: 140088
INFO (CarpetX): Simulation time: 0.0195312   Iterations per second: 34.4281   Simulation time per second: 0.134485
INFO (CarpetX): Grid cells: 4096   Grid cell updates per second: 141017
INFO (CarpetX): Performance:
INFO (CarpetX):   total evolution time:            0.14523 sec
INFO (CarpetX):   total evolution compute time:    0.145218 sec
INFO (CarpetX):   total evolution output time:     1.19209e-05 sec
INFO (CarpetX):   total iterations:                5
INFO (CarpetX):   total cells updated:             20480
INFO (CarpetX):   average iterations per second: 34.4281
INFO (CarpetX):   average cell updates per second: 141017
INFO (CarpetX): Simulation time: 0.0234375   Iterations per second: 34.5911   Simulation time per second: 0.135121
INFO (CarpetX): Grid cells: 4096   Grid cell updates per second: 141685
INFO (CarpetX): Performance:
INFO (CarpetX):   total evolution time:            0.173455 sec
INFO (CarpetX):   total evolution compute time:    0.173441 sec
INFO (CarpetX):   total evolution output time:     1.38283e-05 sec
INFO (CarpetX):   total iterations:                6
INFO (CarpetX):   total cells updated:             24576
INFO (CarpetX):   average iterations per second: 34.5911
INFO (CarpetX):   average cell updates per second: 141685
INFO (CarpetX): Simulation time: 0.0273438   Iterations per second: 34.7194   Simulation time per second: 0.135623
INFO (CarpetX): Grid cells: 4096   Grid cell updates per second: 142211
INFO (CarpetX): Performance:
INFO (CarpetX):   total evolution time:            0.201616 sec
INFO (CarpetX):   total evolution compute time:    0.2016 sec
INFO (CarpetX):   total evolution output time:     1.66893e-05 sec
INFO (CarpetX):   total iterations:                7
INFO (CarpetX):   total cells updated:             28672
INFO (CarpetX):   average iterations per second: 34.7194
INFO (CarpetX):   average cell updates per second: 142211
INFO (CarpetX): Simulation time: 0.03125   Iterations per second: 34.7923   Simulation time per second: 0.135907
INFO (CarpetX): Grid cells: 4096   Grid cell updates per second: 142509
INFO (CarpetX): Performance:
INFO (CarpetX):   total evolution time:            0.229936 sec
INFO (CarpetX):   total evolution compute time:    0.229917 sec
INFO (CarpetX):   total evolution output time:     1.95503e-05 sec
INFO (CarpetX):   total iterations:                8
INFO (CarpetX):   total cells updated:             32768
INFO (CarpetX):   average iterations per second: 34.7923
INFO (CarpetX):   average cell updates per second: 142509
INFO (CarpetX): Simulation time: 0.0351562   Iterations per second: 34.8698   Simulation time per second: 0.13621
INFO (CarpetX): Grid cells: 4096   Grid cell updates per second: 142827
INFO (CarpetX): Performance:
INFO (CarpetX):   total evolution time:            0.258103 sec
INFO (CarpetX):   total evolution compute time:    0.258081 sec
INFO (CarpetX):   total evolution output time:     2.16961e-05 sec
INFO (CarpetX):   total iterations:                9
INFO (CarpetX):   total cells updated:             36864
INFO (CarpetX):   average iterations per second: 34.8698
INFO (CarpetX):   average cell updates per second: 142827
INFO (CarpetX): Simulation time: 0.0390625   Iterations per second: 34.9354   Simulation time per second: 0.136467
INFO (CarpetX): Grid cells: 4096   Grid cell updates per second: 143096
INFO (CarpetX): Performance:
INFO (CarpetX):   total evolution time:            0.286242 sec
INFO (CarpetX):   total evolution compute time:    0.286219 sec
INFO (CarpetX):   total evolution output time:     2.36034e-05 sec
INFO (CarpetX):   total iterations:                10
INFO (CarpetX):   total cells updated:             40960
INFO (CarpetX):   average iterations per second: 34.9354
INFO (CarpetX):   average cell updates per second: 143096
INFO (CarpetX): Simulation time: 0.0429688   Iterations per second: 34.9821   Simulation time per second: 0.136649
INFO (CarpetX): Grid cells: 4096   Grid cell updates per second: 143286
INFO (CarpetX): Performance:
INFO (CarpetX):   total evolution time:            0.314485 sec
INFO (CarpetX):   total evolution compute time:    0.314458 sec
INFO (CarpetX):   total evolution output time:     2.67029e-05 sec
INFO (CarpetX):   total iterations:                11
INFO (CarpetX):   total cells updated:             45056
INFO (CarpetX):   average iterations per second: 34.9778
INFO (CarpetX):   average cell updates per second: 143269
INFO (CarpetX): Simulation time: 0.046875   Iterations per second: 35.0376   Simulation time per second: 0.136866
INFO (CarpetX): Grid cells: 4096   Grid cell updates per second: 143514
INFO (CarpetX): Performance:
INFO (CarpetX):   total evolution time:            0.342618 sec
INFO (CarpetX):   total evolution compute time:    0.342589 sec
INFO (CarpetX):   total evolution output time:     2.95639e-05 sec
INFO (CarpetX):   total iterations:                12
INFO (CarpetX):   total cells updated:             49152
INFO (CarpetX):   average iterations per second: 35.0244
INFO (CarpetX):   average cell updates per second: 143460
INFO (CarpetX): Simulation time: 0.0507812   Iterations per second: 35.0883   Simulation time per second: 0.137064
INFO (CarpetX): Grid cells: 4096   Grid cell updates per second: 143722
INFO (CarpetX): Performance:
INFO (CarpetX):   total evolution time:            0.370746 sec
INFO (CarpetX):   total evolution compute time:    0.370713 sec
INFO (CarpetX):   total evolution output time:     3.26633e-05 sec
INFO (CarpetX):   total iterations:                13
INFO (CarpetX):   total cells updated:             53248
INFO (CarpetX):   average iterations per second: 35.0644
INFO (CarpetX):   average cell updates per second: 143624
INFO (CarpetX): Simulation time: 0.0546875   Iterations per second: 35.115   Simulation time per second: 0.137168
INFO (CarpetX): Grid cells: 4096   Grid cell updates per second: 143831
INFO (CarpetX): Performance:
INFO (CarpetX):   total evolution time:            0.399029 sec
INFO (CarpetX):   total evolution compute time:    0.398995 sec
INFO (CarpetX):   total evolution output time:     3.45707e-05 sec
INFO (CarpetX):   total iterations:                14
INFO (CarpetX):   total cells updated:             57344
INFO (CarpetX):   average iterations per second: 35.0851
INFO (CarpetX):   average cell updates per second: 143709
INFO (CarpetX): Simulation time: 0.0585938   Iterations per second: 35.1483   Simulation time per second: 0.137298
INFO (CarpetX): Grid cells: 4096   Grid cell updates per second: 143967
INFO (CarpetX): Performance:
INFO (CarpetX):   total evolution time:            0.427237 sec
INFO (CarpetX):   total evolution compute time:    0.427201 sec
INFO (CarpetX):   total evolution output time:     3.6478e-05 sec
INFO (CarpetX):   total iterations:                15
INFO (CarpetX):   total cells updated:             61440
INFO (CarpetX):   average iterations per second: 35.1093
INFO (CarpetX):   average cell updates per second: 143808
INFO (CarpetX): Simulation time: 0.0625   Iterations per second: 35.1595   Simulation time per second: 0.137342
INFO (CarpetX): Grid cells: 4096   Grid cell updates per second: 144013
INFO (CarpetX): Performance:
INFO (CarpetX):   total evolution time:            0.455597 sec
INFO (CarpetX):   total evolution compute time:    0.455559 sec
INFO (CarpetX):   total evolution output time:     3.83854e-05 sec
INFO (CarpetX):   total iterations:                16
INFO (CarpetX):   total cells updated:             65536
INFO (CarpetX):   average iterations per second: 35.1187
INFO (CarpetX):   average cell updates per second: 143846
INFO (CarpetX): Simulation time: 0.0664062   Iterations per second: 35.181   Simulation time per second: 0.137426
INFO (CarpetX): Grid cells: 4096   Grid cell updates per second: 144101
INFO (CarpetX): Performance:
INFO (CarpetX):   total evolution time:            0.483865 sec
INFO (CarpetX):   total evolution compute time:    0.483825 sec
INFO (CarpetX):   total evolution output time:     4.02927e-05 sec
INFO (CarpetX):   total iterations:                17
INFO (CarpetX):   total cells updated:             69632
INFO (CarpetX):   average iterations per second: 35.1337
INFO (CarpetX):   average cell updates per second: 143908
INFO (CarpetX): Simulation time: 0.0703125   Iterations per second: 35.2086   Simulation time per second: 0.137533
INFO (CarpetX): Grid cells: 4096   Grid cell updates per second: 144214
INFO (CarpetX): Performance:
INFO (CarpetX):   total evolution time:            0.512067 sec
INFO (CarpetX):   total evolution compute time:    0.512024 sec
INFO (CarpetX):   total evolution output time:     4.31538e-05 sec
INFO (CarpetX):   total iterations:                18
INFO (CarpetX):   total cells updated:             73728
INFO (CarpetX):   average iterations per second: 35.1516
INFO (CarpetX):   average cell updates per second: 143981
INFO (CarpetX): Simulation time: 0.0742188   Iterations per second: 35.2201   Simulation time per second: 0.137579
INFO (CarpetX): Grid cells: 4096   Grid cell updates per second: 144262
INFO (CarpetX): Performance:
INFO (CarpetX):   total evolution time:            0.540376 sec
INFO (CarpetX):   total evolution compute time:    0.540331 sec
INFO (CarpetX):   total evolution output time:     4.50611e-05 sec
INFO (CarpetX):   total iterations:                19
INFO (CarpetX):   total cells updated:             77824
INFO (CarpetX):   average iterations per second: 35.1607
INFO (CarpetX):   average cell updates per second: 144018
INFO (CarpetX): Simulation time: 0.078125   Iterations per second: 35.2314   Simulation time per second: 0.137623
INFO (CarpetX): Grid cells: 4096   Grid cell updates per second: 144308
INFO (CarpetX): Performance:
INFO (CarpetX):   total evolution time:            0.568678 sec
INFO (CarpetX):   total evolution compute time:    0.568631 sec
INFO (CarpetX):   total evolution output time:     4.69685e-05 sec
INFO (CarpetX):   total iterations:                20
INFO (CarpetX):   total cells updated:             81920
INFO (CarpetX):   average iterations per second: 35.1693
INFO (CarpetX):   average cell updates per second: 144053
INFO (CarpetX): Simulation time: 0.0820312   Iterations per second: 35.2514   Simulation time per second: 0.137701
INFO (CarpetX): Grid cells: 4096   Grid cell updates per second: 144390
INFO (CarpetX): Performance:
INFO (CarpetX):   total evolution time:            0.596901 sec
INFO (CarpetX):   total evolution compute time:    0.596852 sec
INFO (CarpetX):   total evolution output time:     4.88758e-05 sec
INFO (CarpetX):   total iterations:                21
INFO (CarpetX):   total cells updated:             86016
INFO (CarpetX):   average iterations per second: 35.1817
INFO (CarpetX):   average cell updates per second: 144104
INFO (CarpetX): Simulation time: 0.0859375   Iterations per second: 35.1411   Simulation time per second: 0.13727
INFO (CarpetX): Grid cells: 4096   Grid cell updates per second: 143938
INFO (CarpetX): Performance:
INFO (CarpetX):   total evolution time:            0.626159 sec
INFO (CarpetX):   total evolution compute time:    0.626108 sec
INFO (CarpetX):   total evolution output time:     5.10216e-05 sec
INFO (CarpetX):   total iterations:                22
INFO (CarpetX):   total cells updated:             90112
INFO (CarpetX):   average iterations per second: 35.1348
INFO (CarpetX):   average cell updates per second: 143912
INFO (CarpetX): Simulation time: 0.0898438   Iterations per second: 35.1311   Simulation time per second: 0.137231
INFO (CarpetX): Grid cells: 4096   Grid cell updates per second: 143897
INFO (CarpetX): Performance:
INFO (CarpetX):   total evolution time:            0.654697 sec
INFO (CarpetX):   total evolution compute time:    0.654643 sec
INFO (CarpetX):   total evolution output time:     5.4121e-05 sec
INFO (CarpetX):   total iterations:                23
INFO (CarpetX):   total cells updated:             94208
INFO (CarpetX):   average iterations per second: 35.1307
INFO (CarpetX):   average cell updates per second: 143896
INFO (CarpetX): Simulation time: 0.09375   Iterations per second: 35.1613   Simulation time per second: 0.137349
INFO (CarpetX): Grid cells: 4096   Grid cell updates per second: 144021
INFO (CarpetX): Performance:
INFO (CarpetX):   total evolution time:            0.682917 sec
INFO (CarpetX):   total evolution compute time:    0.682861 sec
INFO (CarpetX):   total evolution output time:     5.60284e-05 sec
INFO (CarpetX):   total iterations:                24
INFO (CarpetX):   total cells updated:             98304
INFO (CarpetX):   average iterations per second: 35.1434
INFO (CarpetX):   average cell updates per second: 143947
INFO (CarpetX): Simulation time: 0.0976562   Iterations per second: 35.1857   Simulation time per second: 0.137444
INFO (CarpetX): Grid cells: 4096   Grid cell updates per second: 144121
INFO (CarpetX): Performance:
INFO (CarpetX):   total evolution time:            0.71116 sec
INFO (CarpetX):   total evolution compute time:    0.711101 sec
INFO (CarpetX):   total evolution output time:     5.88894e-05 sec
INFO (CarpetX):   total iterations:                25
INFO (CarpetX):   total cells updated:             102400
INFO (CarpetX):   average iterations per second: 35.1538
INFO (CarpetX):   average cell updates per second: 143990
INFO (CarpetX): Simulation time: 0.101562   Iterations per second: 35.1965   Simulation time per second: 0.137486
INFO (CarpetX): Grid cells: 4096   Grid cell updates per second: 144165
INFO (CarpetX): Performance:
INFO (CarpetX):   total evolution time:            0.739493 sec
INFO (CarpetX):   total evolution compute time:    0.739431 sec
INFO (CarpetX):   total evolution output time:     6.19888e-05 sec
INFO (CarpetX):   total iterations:                26
INFO (CarpetX):   total cells updated:             106496
INFO (CarpetX):   average iterations per second: 35.1592
INFO (CarpetX):   average cell updates per second: 144012
INFO (CarpetX): Simulation time: 0.105469   Iterations per second: 35.229   Simulation time per second: 0.137613
INFO (CarpetX): Grid cells: 4096   Grid cell updates per second: 144298
INFO (CarpetX): Performance:
INFO (CarpetX):   total evolution time:            0.767643 sec
INFO (CarpetX):   total evolution compute time:    0.767579 sec
INFO (CarpetX):   total evolution output time:     6.48499e-05 sec
INFO (CarpetX):   total iterations:                27
INFO (CarpetX):   total cells updated:             110592
INFO (CarpetX):   average iterations per second: 35.1726
INFO (CarpetX):   average cell updates per second: 144067
INFO (CarpetX): Simulation time: 0.109375   Iterations per second: 35.2452   Simulation time per second: 0.137677
INFO (CarpetX): Grid cells: 4096   Grid cell updates per second: 144364
INFO (CarpetX): Performance:
INFO (CarpetX):   total evolution time:            0.795898 sec
INFO (CarpetX):   total evolution compute time:    0.795831 sec
INFO (CarpetX):   total evolution output time:     6.77109e-05 sec
INFO (CarpetX):   total iterations:                28
INFO (CarpetX):   total cells updated:             114688
INFO (CarpetX):   average iterations per second: 35.1804
INFO (CarpetX):   average cell updates per second: 144099
INFO (CarpetX): Simulation time: 0.113281   Iterations per second: 35.2633   Simulation time per second: 0.137747
INFO (CarpetX): Grid cells: 4096   Grid cell updates per second: 144439
INFO (CarpetX): Performance:
INFO (CarpetX):   total evolution time:            0.824126 sec
INFO (CarpetX):   total evolution compute time:    0.824055 sec
INFO (CarpetX):   total evolution output time:     7.08103e-05 sec
INFO (CarpetX):   total iterations:                29
INFO (CarpetX):   total cells updated:             118784
INFO (CarpetX):   average iterations per second: 35.1888
INFO (CarpetX):   average cell updates per second: 144133
INFO (CarpetX): Simulation time: 0.117188   Iterations per second: 35.2806   Simulation time per second: 0.137815
INFO (CarpetX): Grid cells: 4096   Grid cell updates per second: 144509
INFO (CarpetX): Performance:
INFO (CarpetX):   total evolution time:            0.852345 sec
INFO (CarpetX):   total evolution compute time:    0.852272 sec
INFO (CarpetX):   total evolution output time:     7.27177e-05 sec
INFO (CarpetX):   total iterations:                30
INFO (CarpetX):   total cells updated:             122880
INFO (CarpetX):   average iterations per second: 35.197
INFO (CarpetX):   average cell updates per second: 144167
INFO (CarpetX): Simulation time: 0.121094   Iterations per second: 35.3007   Simulation time per second: 0.137893
INFO (CarpetX): Grid cells: 4096   Grid cell updates per second: 144592
INFO (CarpetX): Performance:
INFO (CarpetX):   total evolution time:            0.880527 sec
INFO (CarpetX):   total evolution compute time:    0.880453 sec
INFO (CarpetX):   total evolution output time:     7.48634e-05 sec
INFO (CarpetX):   total iterations:                31
INFO (CarpetX):   total cells updated:             126976
INFO (CarpetX):   average iterations per second: 35.2062
INFO (CarpetX):   average cell updates per second: 144204
INFO (CarpetX): Simulation time: 0.125   Iterations per second: 35.3166   Simulation time per second: 0.137955
INFO (CarpetX): Grid cells: 4096   Grid cell updates per second: 144657
INFO (CarpetX): Performance:
INFO (CarpetX):   total evolution time:            0.908728 sec
INFO (CarpetX):   total evolution compute time:    0.908652 sec
INFO (CarpetX):   total evolution output time:     7.67708e-05 sec
INFO (CarpetX):   total iterations:                32
INFO (CarpetX):   total cells updated:             131072
INFO (CarpetX):   average iterations per second: 35.214
INFO (CarpetX):   average cell updates per second: 144237
INFO (CarpetX): Simulation time: 0.128906   Iterations per second: 35.3171   Simulation time per second: 0.137957
INFO (CarpetX): Grid cells: 4096   Grid cell updates per second: 144659
INFO (CarpetX): Performance:
INFO (CarpetX):   total evolution time:            0.937039 sec
INFO (CarpetX):   total evolution compute time:    0.93696 sec
INFO (CarpetX):   total evolution output time:     7.89165e-05 sec
INFO (CarpetX):   total iterations:                33
INFO (CarpetX):   total cells updated:             135168
INFO (CarpetX):   average iterations per second: 35.2173
INFO (CarpetX):   average cell updates per second: 144250
INFO (CarpetX): Simulation time: 0.132812   Iterations per second: 35.3129   Simulation time per second: 0.137941
INFO (CarpetX): Grid cells: 4096   Grid cell updates per second: 144641
INFO (CarpetX): Performance:
INFO (CarpetX):   total evolution time:            0.965388 sec
INFO (CarpetX):   total evolution compute time:    0.965307 sec
INFO (CarpetX):   total evolution output time:     8.08239e-05 sec
INFO (CarpetX):   total iterations:                34
INFO (CarpetX):   total cells updated:             139264
INFO (CarpetX):   average iterations per second: 35.219
INFO (CarpetX):   average cell updates per second: 144257
INFO (CarpetX): Simulation time: 0.136719   Iterations per second: 35.3232   Simulation time per second: 0.137981
INFO (CarpetX): Grid cells: 4096   Grid cell updates per second: 144684
INFO (CarpetX): Performance:
INFO (CarpetX):   total evolution time:            0.993623 sec
INFO (CarpetX):   total evolution compute time:    0.993526 sec
INFO (CarpetX):   total evolution output time:     9.67979e-05 sec
INFO (CarpetX):   total iterations:                35
INFO (CarpetX):   total cells updated:             143360
INFO (CarpetX):   average iterations per second: 35.2246
INFO (CarpetX):   average cell updates per second: 144280
INFO (CarpetX): Simulation time: 0.140625   Iterations per second: 35.3306   Simulation time per second: 0.13801
INFO (CarpetX): Grid cells: 4096   Grid cell updates per second: 144714
INFO (CarpetX): Performance:
INFO (CarpetX):   total evolution time:            1.02187 sec
INFO (CarpetX):   total evolution compute time:    1.02177 sec
INFO (CarpetX):   total evolution output time:     9.98974e-05 sec
INFO (CarpetX):   total iterations:                36
INFO (CarpetX):   total cells updated:             147456
INFO (CarpetX):   average iterations per second: 35.2294
INFO (CarpetX):   average cell updates per second: 144300
INFO (CarpetX): Simulation time: 0.144531   Iterations per second: 35.3083   Simulation time per second: 0.137923
INFO (CarpetX): Grid cells: 4096   Grid cell updates per second: 144623
INFO (CarpetX): Performance:
INFO (CarpetX):   total evolution time:            1.05036 sec
INFO (CarpetX):   total evolution compute time:    1.05026 sec
INFO (CarpetX):   total evolution output time:     0.000102043 sec
INFO (CarpetX):   total iterations:                37
INFO (CarpetX):   total cells updated:             151552
INFO (CarpetX):   average iterations per second: 35.2261
INFO (CarpetX):   average cell updates per second: 144286
INFO (CarpetX): Simulation time: 0.148438   Iterations per second: 35.3245   Simulation time per second: 0.137986
INFO (CarpetX): Grid cells: 4096   Grid cell updates per second: 144689
INFO (CarpetX): Performance:
INFO (CarpetX):   total evolution time:            1.07855 sec
INFO (CarpetX):   total evolution compute time:    1.07844 sec
INFO (CarpetX):   total evolution output time:     0.000105143 sec
INFO (CarpetX):   total iterations:                38
INFO (CarpetX):   total cells updated:             155648
INFO (CarpetX):   average iterations per second: 35.2325
INFO (CarpetX):   average cell updates per second: 144312
INFO (CarpetX): Simulation time: 0.152344   Iterations per second: 35.3114   Simulation time per second: 0.137935
INFO (CarpetX): Grid cells: 4096   Grid cell updates per second: 144636
INFO (CarpetX): Performance:
INFO (CarpetX):   total evolution time:            1.10696 sec
INFO (CarpetX):   total evolution compute time:    1.10685 sec
INFO (CarpetX):   total evolution output time:     0.000108242 sec
INFO (CarpetX):   total iterations:                39
INFO (CarpetX):   total cells updated:             159744
INFO (CarpetX):   average iterations per second: 35.2315
INFO (CarpetX):   average cell updates per second: 144308
INFO (CarpetX): Simulation time: 0.15625   Iterations per second: 35.3269   Simulation time per second: 0.137996
INFO (CarpetX): Grid cells: 4096   Grid cell updates per second: 144699
INFO (CarpetX): Performance:
INFO (CarpetX):   total evolution time:            1.13516 sec
INFO (CarpetX):   total evolution compute time:    1.13505 sec
INFO (CarpetX):   total evolution output time:     0.000111341 sec
INFO (CarpetX):   total iterations:                40
INFO (CarpetX):   total cells updated:             163840
INFO (CarpetX):   average iterations per second: 35.2374
INFO (CarpetX):   average cell updates per second: 144332
INFO (CarpetX): Simulation time: 0.160156   Iterations per second: 35.3223   Simulation time per second: 0.137978
INFO (CarpetX): Grid cells: 4096   Grid cell updates per second: 144680
INFO (CarpetX): Performance:
INFO (CarpetX):   total evolution time:            1.1635 sec
INFO (CarpetX):   total evolution compute time:    1.16339 sec
INFO (CarpetX):   total evolution output time:     0.000114441 sec
INFO (CarpetX):   total iterations:                41
INFO (CarpetX):   total cells updated:             167936
INFO (CarpetX):   average iterations per second: 35.2384
INFO (CarpetX):   average cell updates per second: 144337
INFO (CarpetX): Simulation time: 0.164062   Iterations per second: 35.3372   Simulation time per second: 0.138036
INFO (CarpetX): Grid cells: 4096   Grid cell updates per second: 144741
INFO (CarpetX): Performance:
INFO (CarpetX):   total evolution time:            1.19169 sec
INFO (CarpetX):   total evolution compute time:    1.19158 sec
INFO (CarpetX):   total evolution output time:     0.00011754 sec
INFO (CarpetX):   total iterations:                42
INFO (CarpetX):   total cells updated:             172032
INFO (CarpetX):   average iterations per second: 35.244
INFO (CarpetX):   average cell updates per second: 144359
INFO (CarpetX): Simulation time: 0.167969   Iterations per second: 35.3452   Simulation time per second: 0.138067
INFO (CarpetX): Grid cells: 4096   Grid cell updates per second: 144774
INFO (CarpetX): Performance:
INFO (CarpetX):   total evolution time:            1.21993 sec
INFO (CarpetX):   total evolution compute time:    1.21981 sec
INFO (CarpetX):   total evolution output time:     0.000120401 sec
INFO (CarpetX):   total iterations:                43
INFO (CarpetX):   total cells updated:             176128
INFO (CarpetX):   average iterations per second: 35.248
INFO (CarpetX):   average cell updates per second: 144376
INFO (CarpetX): Simulation time: 0.171875   Iterations per second: 35.3589   Simulation time per second: 0.138121
INFO (CarpetX): Grid cells: 4096   Grid cell updates per second: 144830
INFO (CarpetX): Performance:
INFO (CarpetX):   total evolution time:            1.24811 sec
INFO (CarpetX):   total evolution compute time:    1.24799 sec
INFO (CarpetX):   total evolution output time:     0.000122309 sec
INFO (CarpetX):   total iterations:                44
INFO (CarpetX):   total cells updated:             180224
INFO (CarpetX):   average iterations per second: 35.2533
INFO (CarpetX):   average cell updates per second: 144397
INFO (CarpetX): Simulation time: 0.175781   Iterations per second: 35.3701   Simulation time per second: 0.138164
INFO (CarpetX): Grid cells: 4096   Grid cell updates per second: 144876
INFO (CarpetX): Performance:
INFO (CarpetX):   total evolution time:            1.2763 sec
INFO (CarpetX):   total evolution compute time:    1.27618 sec
INFO (CarpetX):   total evolution output time:     0.000125408 sec
INFO (CarpetX):   total iterations:                45
INFO (CarpetX):   total cells updated:             184320
INFO (CarpetX):   average iterations per second: 35.2581
INFO (CarpetX):   average cell updates per second: 144417
INFO (CarpetX): Simulation time: 0.179688   Iterations per second: 35.3717   Simulation time per second: 0.138171
INFO (CarpetX): Grid cells: 4096   Grid cell updates per second: 144882
INFO (CarpetX): Performance:
INFO (CarpetX):   total evolution time:            1.30456 sec
INFO (CarpetX):   total evolution compute time:    1.30443 sec
INFO (CarpetX):   total evolution output time:     0.000128508 sec
INFO (CarpetX):   total iterations:                46
INFO (CarpetX):   total cells updated:             188416
INFO (CarpetX):   average iterations per second: 35.2608
INFO (CarpetX):   average cell updates per second: 144428
INFO (CarpetX): Simulation time: 0.183594   Iterations per second: 35.3728   Simulation time per second: 0.138175
INFO (CarpetX): Grid cells: 4096   Grid cell updates per second: 144887
INFO (CarpetX): Performance:
INFO (CarpetX):   total evolution time:            1.33283 sec
INFO (CarpetX):   total evolution compute time:    1.33269 sec
INFO (CarpetX):   total evolution output time:     0.000130415 sec
INFO (CarpetX):   total iterations:                47
INFO (CarpetX):   total cells updated:             192512
INFO (CarpetX):   average iterations per second: 35.2634
INFO (CarpetX):   average cell updates per second: 144439
INFO (CarpetX): Simulation time: 0.1875   Iterations per second: 35.3773   Simulation time per second: 0.138193
INFO (CarpetX): Grid cells: 4096   Grid cell updates per second: 144906
INFO (CarpetX): Performance:
INFO (CarpetX):   total evolution time:            1.36106 sec
INFO (CarpetX):   total evolution compute time:    1.36093 sec
INFO (CarpetX):   total evolution output time:     0.000132322 sec
INFO (CarpetX):   total iterations:                48
INFO (CarpetX):   total cells updated:             196608
INFO (CarpetX):   average iterations per second: 35.2667
INFO (CarpetX):   average cell updates per second: 144452
INFO (CarpetX): Simulation time: 0.191406   Iterations per second: 35.3819   Simulation time per second: 0.138211
INFO (CarpetX): Grid cells: 4096   Grid cell updates per second: 144924
INFO (CarpetX): Performance:
INFO (CarpetX):   total evolution time:            1.38929 sec
INFO (CarpetX):   total evolution compute time:    1.38915 sec
INFO (CarpetX):   total evolution output time:     0.000134468 sec
INFO (CarpetX):   total iterations:                49
INFO (CarpetX):   total cells updated:             200704
INFO (CarpetX):   average iterations per second: 35.2698
INFO (CarpetX):   average cell updates per second: 144465
INFO (CarpetX): Simulation time: 0.195312   Iterations per second: 35.3912   Simulation time per second: 0.138247
INFO (CarpetX): Grid cells: 4096   Grid cell updates per second: 144962
INFO (CarpetX): Performance:
INFO (CarpetX):   total evolution time:            1.41748 sec
INFO (CarpetX):   total evolution compute time:    1.41734 sec
INFO (CarpetX):   total evolution output time:     0.000137329 sec
INFO (CarpetX):   total iterations:                50
INFO (CarpetX):   total cells updated:             204800
INFO (CarpetX):   average iterations per second: 35.2739
INFO (CarpetX):   average cell updates per second: 144482
INFO (CarpetX): Simulation time: 0.199219   Iterations per second: 35.3997   Simulation time per second: 0.13828
INFO (CarpetX): Grid cells: 4096   Grid cell updates per second: 144997
INFO (CarpetX): Performance:
INFO (CarpetX):   total evolution time:            1.44567 sec
INFO (CarpetX):   total evolution compute time:    1.44553 sec
INFO (CarpetX):   total evolution output time:     0.00014019 sec
INFO (CarpetX):   total iterations:                51
INFO (CarpetX):   total cells updated:             208896
INFO (CarpetX):   average iterations per second: 35.2779
INFO (CarpetX):   average cell updates per second: 144498
INFO (CarpetX): Simulation time: 0.203125   Iterations per second: 35.3894   Simulation time per second: 0.13824
INFO (CarpetX): Grid cells: 4096   Grid cell updates per second: 144955
INFO (CarpetX): Performance:
INFO (CarpetX):   total evolution time:            1.474 sec
INFO (CarpetX):   total evolution compute time:    1.47386 sec
INFO (CarpetX):   total evolution output time:     0.000142097 sec
INFO (CarpetX):   total iterations:                52
INFO (CarpetX):   total cells updated:             212992
INFO (CarpetX):   average iterations per second: 35.2782
INFO (CarpetX):   average cell updates per second: 144500
INFO (CarpetX): Simulation time: 0.207031   Iterations per second: 35.3988   Simulation time per second: 0.138276
INFO (CarpetX): Grid cells: 4096   Grid cell updates per second: 144993
INFO (CarpetX): Performance:
INFO (CarpetX):   total evolution time:            1.50218 sec
INFO (CarpetX):   total evolution compute time:    1.50204 sec
INFO (CarpetX):   total evolution output time:     0.000144005 sec
INFO (CarpetX):   total iterations:                53
INFO (CarpetX):   total cells updated:             217088
INFO (CarpetX):   average iterations per second: 35.2821
INFO (CarpetX):   average cell updates per second: 144515
INFO (CarpetX): Simulation time: 0.210938   Iterations per second: 35.3783   Simulation time per second: 0.138197
INFO (CarpetX): Grid cells: 4096   Grid cell updates per second: 144910
INFO (CarpetX): Performance:
INFO (CarpetX):   total evolution time:            1.53059 sec
INFO (CarpetX):   total evolution compute time:    1.53045 sec
INFO (CarpetX):   total evolution output time:     0.000146866 sec
INFO (CarpetX):   total iterations:                54
INFO (CarpetX):   total cells updated:             221184
INFO (CarpetX):   average iterations per second: 35.2805
INFO (CarpetX):   average cell updates per second: 144509
INFO (CarpetX): Simulation time: 0.214844   Iterations per second: 35.3741   Simulation time per second: 0.13818
INFO (CarpetX): Grid cells: 4096   Grid cell updates per second: 144892
INFO (CarpetX): Performance:
INFO (CarpetX):   total evolution time:            1.55889 sec
INFO (CarpetX):   total evolution compute time:    1.55874 sec
INFO (CarpetX):   total evolution output time:     0.000148773 sec
INFO (CarpetX):   total iterations:                55
INFO (CarpetX):   total cells updated:             225280
INFO (CarpetX):   average iterations per second: 35.2815
INFO (CarpetX):   average cell updates per second: 144513
INFO (CarpetX): Simulation time: 0.21875   Iterations per second: 35.3809   Simulation time per second: 0.138207
INFO (CarpetX): Grid cells: 4096   Grid cell updates per second: 144920
INFO (CarpetX): Performance:
INFO (CarpetX):   total evolution time:            1.58711 sec
INFO (CarpetX):   total evolution compute time:    1.58696 sec
INFO (CarpetX):   total evolution output time:     0.000151873 sec
INFO (CarpetX):   total iterations:                56
INFO (CarpetX):   total cells updated:             229376
INFO (CarpetX):   average iterations per second: 35.2843
INFO (CarpetX):   average cell updates per second: 144525
INFO (CarpetX): Simulation time: 0.222656   Iterations per second: 35.3908   Simulation time per second: 0.138245
INFO (CarpetX): Grid cells: 4096   Grid cell updates per second: 144961
INFO (CarpetX): Performance:
INFO (CarpetX):   total evolution time:            1.61529 sec
INFO (CarpetX):   total evolution compute time:    1.61514 sec
INFO (CarpetX):   total evolution output time:     0.000154018 sec
INFO (CarpetX):   total iterations:                57
INFO (CarpetX):   total cells updated:             233472
INFO (CarpetX):   average iterations per second: 35.2878
INFO (CarpetX):   average cell updates per second: 144539
INFO (CarpetX): Simulation time: 0.226562   Iterations per second: 35.3903   Simulation time per second: 0.138243
INFO (CarpetX): Grid cells: 4096   Grid cell updates per second: 144959
INFO (CarpetX): Performance:
INFO (CarpetX):   total evolution time:            1.64355 sec
INFO (CarpetX):   total evolution compute time:    1.64339 sec
INFO (CarpetX):   total evolution output time:     0.000156164 sec
INFO (CarpetX):   total iterations:                58
INFO (CarpetX):   total cells updated:             237568
INFO (CarpetX):   average iterations per second: 35.2894
INFO (CarpetX):   average cell updates per second: 144546
INFO (CarpetX): Simulation time: 0.230469   Iterations per second: 35.3856   Simulation time per second: 0.138225
INFO (CarpetX): Grid cells: 4096   Grid cell updates per second: 144939
INFO (CarpetX): Performance:
INFO (CarpetX):   total evolution time:            1.67185 sec
INFO (CarpetX):   total evolution compute time:    1.67169 sec
INFO (CarpetX):   total evolution output time:     0.000159264 sec
INFO (CarpetX):   total iterations:                59
INFO (CarpetX):   total cells updated:             241664
INFO (CarpetX):   average iterations per second: 35.2903
INFO (CarpetX):   average cell updates per second: 144549
INFO (CarpetX): Simulation time: 0.234375   Iterations per second: 35.4014   Simulation time per second: 0.138287
INFO (CarpetX): Grid cells: 4096   Grid cell updates per second: 145004
INFO (CarpetX): Performance:
INFO (CarpetX):   total evolution time:            1.69998 sec
INFO (CarpetX):   total evolution compute time:    1.69982 sec
INFO (CarpetX):   total evolution output time:     0.000162125 sec
INFO (CarpetX):   total iterations:                60
INFO (CarpetX):   total cells updated:             245760
INFO (CarpetX):   average iterations per second: 35.2946
INFO (CarpetX):   average cell updates per second: 144566
INFO (CarpetX): Simulation time: 0.238281   Iterations per second: 35.3852   Simulation time per second: 0.138223
INFO (CarpetX): Grid cells: 4096   Grid cell updates per second: 144938
INFO (CarpetX): Performance:
INFO (CarpetX):   total evolution time:            1.72836 sec
INFO (CarpetX):   total evolution compute time:    1.72819 sec
INFO (CarpetX):   total evolution output time:     0.000165224 sec
INFO (CarpetX):   total iterations:                61
INFO (CarpetX):   total cells updated:             249856
INFO (CarpetX):   average iterations per second: 35.2937
INFO (CarpetX):   average cell updates per second: 144563
INFO (CarpetX): Simulation time: 0.242188   Iterations per second: 35.3911   Simulation time per second: 0.138247
INFO (CarpetX): Grid cells: 4096   Grid cell updates per second: 144962
INFO (CarpetX): Performance:
INFO (CarpetX):   total evolution time:            1.75657 sec
INFO (CarpetX):   total evolution compute time:    1.7564 sec
INFO (CarpetX):   total evolution output time:     0.000167131 sec
INFO (CarpetX):   total iterations:                62
INFO (CarpetX):   total cells updated:             253952
INFO (CarpetX):   average iterations per second: 35.2961
INFO (CarpetX):   average cell updates per second: 144573
INFO (CarpetX): Simulation time: 0.246094   Iterations per second: 35.3766   Simulation time per second: 0.13819
INFO (CarpetX): Grid cells: 4096   Grid cell updates per second: 144903
INFO (CarpetX): Performance:
INFO (CarpetX):   total evolution time:            1.78494 sec
INFO (CarpetX):   total evolution compute time:    1.78477 sec
INFO (CarpetX):   total evolution output time:     0.000170231 sec
INFO (CarpetX):   total iterations:                63
INFO (CarpetX):   total cells updated:             258048
INFO (CarpetX):   average iterations per second: 35.2953
INFO (CarpetX):   average cell updates per second: 144570
INFO (CarpetX): Simulation time: 0.25   Iterations per second: 32.0854   Simulation time per second: 0.125333
INFO (CarpetX): Grid cells: 4096   Grid cell updates per second: 131422
INFO (CarpetX): Performance:
INFO (CarpetX):   total evolution time:            1.8422 sec
INFO (CarpetX):   total evolution compute time:    1.81522 sec
INFO (CarpetX):   total evolution output time:     0.0269794 sec
INFO (CarpetX):   total iterations:                64
INFO (CarpetX):   total cells updated:             262144
INFO (CarpetX):   average iterations per second: 34.741
INFO (CarpetX):   average cell updates per second: 142299
INFO (CarpetX): Shutting down...
AMReX (25.11) finalized
--------------------------------------------------------------------------------
Done.

real	0m2.339s
user	0m3.817s
sys	0m0.356s
+ echo Stopping:
Stopping:
+ date
Fri Apr 17 06:11:58 PM UTC 2026
+ echo Done.
Done.
  Elapsed time: 2.3 s
