/__w/canudax-tests/workspace/simulations/TestJob01_temp_1/output-0000/TEST/sim/CanudaX_BSSNMoL
Preparing:
+ set -e
+ cd output-0000-active
+ echo Checking:
Checking:
+ pwd
/__w/canudax-tests/workspace/simulations/TestJob01_temp_1/output-0000/TEST/sim/CanudaX_BSSNMoL/output-0000-active
+ hostname
0a6854b2e71a
+ date
Sat Feb 14 05:46:11 AM UTC 2026
+ echo Environment:
Environment:
+ export SIMULATION_ID=simulation-TestJob01_temp_1-actions-cpu-real64-actions-root-2026.02.14-05.46.10-13041
+ SIMULATION_ID=simulation-TestJob01_temp_1-actions-cpu-real64-actions-root-2026.02.14-05.46.10-13041
+ export CACTUS_NUM_PROCS=1
+ CACTUS_NUM_PROCS=1
+ export CACTUS_NUM_THREADS=2
+ CACTUS_NUM_THREADS=2
+ export CACTUS_SET_THREAD_BINDINGS=0
+ CACTUS_SET_THREAD_BINDINGS=0
+ export GLIBCXX_FORCE_NEW=1
+ GLIBCXX_FORCE_NEW=1
+ export GMON_OUT_PREFIX=gmon.out
+ GMON_OUT_PREFIX=gmon.out
+ export OMP_DISPLAY_ENV=TRUE
+ OMP_DISPLAY_ENV=TRUE
+ export OMP_MAX_TASKS=100
+ OMP_MAX_TASKS=100
+ export OMP_NUM_THREADS=2
+ OMP_NUM_THREADS=2
+ export OMP_PLACES=cores
+ OMP_PLACES=cores
+ export OMP_PROC_BIND=FALSE
+ OMP_PROC_BIND=FALSE
+ export OMP_STACKSIZE=8192
+ OMP_STACKSIZE=8192
+ env
+ sort
+ echo Starting:
Starting:
++ date +%s
+ export CACTUS_STARTTIME=1771047971
+ CACTUS_STARTTIME=1771047971
+ mpiexec -n 1 /__w/canudax-tests/workspace/simulations/TestJob01_temp_1/SIMFACTORY/exe/cactus_sim -L 3 /__w/canudax-tests/workspace/simulations/TestJob01_temp_1/output-0000/arrangements/CanudaX_Lean/CanudaX_BSSNMoL/test/gaugewave.par

OPENMP DISPLAY ENVIRONMENT BEGIN
  _OPENMP = '201511'
  [host] OMP_DYNAMIC = 'FALSE'
  [host] OMP_NESTED = 'FALSE'
  [host] OMP_NUM_THREADS = '2'
  [host] OMP_SCHEDULE = 'DYNAMIC'
  [host] OMP_PROC_BIND = 'FALSE'
  [host] OMP_PLACES = ''
  [host] OMP_STACKSIZE = '8388608'
  [host] OMP_WAIT_POLICY = 'PASSIVE'
  [host] OMP_THREAD_LIMIT = '4294967295'
  [host] OMP_MAX_ACTIVE_LEVELS = '1'
  [host] OMP_NUM_TEAMS = '0'
  [host] OMP_TEAMS_THREAD_LIMIT = '0'
  [all] OMP_CANCELLATION = 'FALSE'
  [all] OMP_DEFAULT_DEVICE = '0'
  [all] OMP_MAX_TASK_PRIORITY = '0'
  [all] OMP_DISPLAY_AFFINITY = 'FALSE'
  [host] OMP_AFFINITY_FORMAT = 'level %L thread %i affinity %A'
  [host] OMP_ALLOCATOR = 'omp_default_mem_alloc'
  [all] OMP_TARGET_OFFLOAD = 'DEFAULT'
OPENMP DISPLAY ENVIRONMENT END
INFO (Cactus): Increased logging level from 0 to 3
--------------------------------------------------------------------------------

       10                                  
  1   0101       ************************  
  01  1010 10      The Cactus Code V4.18.0    
 1010 1101 011      www.cactuscode.org     
  1001 100101    ************************  
    00010101                               
     100011     (c) Copyright The Authors  
      0100      GNU Licensed. No Warranty  
      0101                                 
--------------------------------------------------------------------------------

Cactus version:    4.18.0
Compile date:      Feb 14 2026 (05:45:59)
Run date:          Feb 14 2026 (05:46:11+0000)
Run host:          0a6854b2e71a (pid=13089)
Working directory: /__w/canudax-tests/workspace/simulations/TestJob01_temp_1/output-0000/TEST/sim/CanudaX_BSSNMoL
Executable:        /__w/canudax-tests/workspace/simulations/TestJob01_temp_1/SIMFACTORY/exe/cactus_sim
Parameter file:    /__w/canudax-tests/workspace/simulations/TestJob01_temp_1/output-0000/arrangements/CanudaX_Lean/CanudaX_BSSNMoL/test/gaugewave.par
--------------------------------------------------------------------------------

Activating thorn Cactus...Success -> active implementation Cactus
Activation requested for 
--->ADMBaseX CanudaX_BSSNMoL CanudaX_ExactID CarpetX ErrorEstimator IOUtil ODESolvers TmunuBaseX<---
Thorn ADMBaseX requests automatic activation of Loop
Thorn CanudaX_ExactID requests automatic activation of GSL
Thorn CarpetX requests automatic activation of AMReX
Thorn CarpetX requests automatic activation of MPI
Thorn CarpetX requests automatic activation of yaml_cpp
Thorn CarpetX requests automatic activation of zlib
Thorn CarpetX requests automatic activation of Arith
Thorn CarpetX requests automatic activation of CarpetXRegrid
Thorn CarpetX requests automatic activation of ADIOS2
Thorn CarpetX requests automatic activation of openPMD
Thorn CarpetX requests automatic activation of Silo
Thorn Arith requests automatic activation of NSIMD
Thorn MPI requests automatic activation of hwloc
Thorn openPMD requests automatic activation of HDF5
Activating thorn ADIOS2...Success -> active implementation ADIOS2
Activating thorn ADMBaseX...Success -> active implementation ADMBaseX
Activating thorn AMReX...Success -> active implementation AMReX
Activating thorn Arith...Success -> active implementation Arith
Activating thorn CanudaX_BSSNMoL...Success -> active implementation CanudaX_BSSNMoL
Activating thorn CanudaX_ExactID...Success -> active implementation CanudaX_ExactID
Activating thorn CarpetX...Success -> active implementation Driver
Activating thorn CarpetXRegrid...Success -> active implementation CarpetXRegrid
Activating thorn ErrorEstimator...Success -> active implementation ErrorEstimator
Activating thorn GSL...Success -> active implementation GSL
Activating thorn HDF5...Success -> active implementation HDF5
Activating thorn hwloc...Success -> active implementation hwloc
Activating thorn IOUtil...Success -> active implementation IO
Activating thorn Loop...Success -> active implementation Loop
Activating thorn MPI...Success -> active implementation MPI
Activating thorn NSIMD...Success -> active implementation NSIMD
Activating thorn ODESolvers...Success -> active implementation ODESolvers
Activating thorn openPMD...Success -> active implementation openPMD
Activating thorn Silo...Success -> active implementation Silo
Activating thorn TmunuBaseX...Success -> active implementation TmunuBaseX
Activating thorn yaml_cpp...Success -> active implementation yaml_cpp
Activating thorn zlib...Success -> active implementation zlib
--------------------------------------------------------------------------------
  if (recover initial data)
    Recover parameters
  endif

  Startup routines
    [CCTK_STARTUP]
      CarpetX::Driver_Startup: Start up the driver
      IOUtil::IOUtil_Startup: Startup routine
      GROUP hwloc_startup: hwloc startup group
        hwloc::hwloc_version: Output hwloc version

  Startup routines which need an existing grid hierarchy
    [CCTK_WRAGH]
      Arith::Test_smallvector: [meta] Test small vectors
      Arith::Test_spvect: [meta] Test sparse vectors
      ODESolvers::ODESolvers_InitConstants: [global] Set up dummy loop counters for schedule printout
  Parameter checking routines
    [CCTK_PARAMCHECK]
      CanudaX_BSSNMoL::CanudaX_BSSNMoL_paramcheck: Check CanudaX_BSSNMoL parameters for consistency

  Initialisation
    if (NOT (recover initial data AND recovery_mode is 'strict'))
      [CCTK_PREREGRIDINITIAL]
      Set up grid hierarchy
      [CCTK_POSTREGRIDINITIAL]
      [CCTK_BASEGRID]
        CarpetXRegrid::CarpetXRegrid_InitError: Initialize regridding error to zero
        GROUP ODESolvers_BaseGrid: Set up constants (e.g. coordinates) everywhere on the grid
      [CCTK_INITIAL]
        GROUP ODESolvers_Initial: Set up initial conditions on interior of state vector
          GROUP ADMBaseX_InitialData: Schedule group for calculating ADM initial data
            GROUP ExactID_Group: ExactID initial data group
              CanudaX_ExactID::GaugeWave_ID: [local] Create gauge wave initial data
          GROUP ADMBaseX_InitialGauge: Schedule group for the ADM initial gauge condition
            ADMBaseX::ADMBaseX_initial_dtlapse: Set dtlapse to zero
            ADMBaseX::ADMBaseX_initial_dtshift: Set dtshift to zero
          GROUP ADMBaseX_PostInitial: Schedule group for modifying the ADM initial data, such as e.g. adding noise
          GROUP CanudaX_BSSNMoL_InitialGroup: CanudaX_BSSNMoL: initial bin
            CanudaX_BSSNMoL::CanudaX_BSSNMoL_adm2bssn: [local] Convert initial data into BSSN variables
            CanudaX_BSSNMoL::CanudaX_BSSNMoL_gammat: [local] Set Gammat initial data
        GROUP TmunuBaseX_SetTmunuVars: Schedule group for setting T_munu
          TmunuBaseX::TmunuBaseX_ZeroTmunu: Set T_munu to zero
          GROUP TmunuBaseX_AddToTmunu: Add to T_munu here
        GROUP CanudaX_BSSNMoL_PostStepGroup: CanudaX_BSSNMoL: post-step operations
          CanudaX_BSSNMoL::CanudaX_BSSNMoL_impose_conf_fac_floor: Make sure conformal factor does not drop below specified value
          CanudaX_BSSNMoL::CanudaX_BSSNMoL_reset_detmetric: reset dethh = 1
          CanudaX_BSSNMoL::CanudaX_BSSNMoL_remove_trA: Remove trace of A
          CanudaX_BSSNMoL::CanudaX_BSSNMoL_sync: [global] Sync state vector
          CanudaX_BSSNMoL::CanudaX_BSSNMoL_bssn2adm: [local] Convert variables back to the ADM ones
      [CCTK_POSTINITIAL]
        ErrorEstimator::EstimateError: Estimate error
        GROUP ODESolvers_PostStep: Apply boundary conditions to state vector, and project if necessary
          GROUP CanudaX_BSSNMoL_PostStepGroup: CanudaX_BSSNMoL: post-step operations
            CanudaX_BSSNMoL::CanudaX_BSSNMoL_impose_conf_fac_floor: Make sure conformal factor does not drop below specified value
            CanudaX_BSSNMoL::CanudaX_BSSNMoL_reset_detmetric: reset dethh = 1
            CanudaX_BSSNMoL::CanudaX_BSSNMoL_remove_trA: Remove trace of A
            CanudaX_BSSNMoL::CanudaX_BSSNMoL_sync: [global] Sync state vector
            CanudaX_BSSNMoL::CanudaX_BSSNMoL_bssn2adm: [local] Convert variables back to the ADM ones
          GROUP ADMBaseX_SetADMRHS: Set ADM RHS variables in this group
          GROUP ADMBaseX_SetADMVars: Set ADM variables in this group
          GROUP TmunuBaseX_SetTmunuVars: Schedule group for setting T_munu
            TmunuBaseX::TmunuBaseX_ZeroTmunu: Set T_munu to zero
            GROUP TmunuBaseX_AddToTmunu: Add to T_munu here
        GROUP ODESolvers_EstimateError: Estimate discretization error (for regridding)
      Initialise finer grids recursively
      Restrict from finer grids
      [CCTK_POSTRESTRICTINITIAL]
      [CCTK_POSTPOSTINITIAL]
      [CCTK_POSTSTEP]
        ErrorEstimator::EstimateError: Estimate error
        GROUP ODESolvers_EstimateError: Estimate discretization error (for regridding)
    endif
    if (recover initial data)
      [CCTK_BASEGRID]
        CarpetXRegrid::CarpetXRegrid_InitError: Initialize regridding error to zero
        GROUP ODESolvers_BaseGrid: Set up constants (e.g. coordinates) everywhere on the grid
      [CCTK_RECOVER_VARIABLES]
      [CCTK_POST_RECOVER_VARIABLES]
        GROUP ODESolvers_PostStep: Apply boundary conditions to state vector, and project if necessary
          GROUP CanudaX_BSSNMoL_PostStepGroup: CanudaX_BSSNMoL: post-step operations
            CanudaX_BSSNMoL::CanudaX_BSSNMoL_impose_conf_fac_floor: Make sure conformal factor does not drop below specified value
            CanudaX_BSSNMoL::CanudaX_BSSNMoL_reset_detmetric: reset dethh = 1
            CanudaX_BSSNMoL::CanudaX_BSSNMoL_remove_trA: Remove trace of A
            CanudaX_BSSNMoL::CanudaX_BSSNMoL_sync: [global] Sync state vector
            CanudaX_BSSNMoL::CanudaX_BSSNMoL_bssn2adm: [local] Convert variables back to the ADM ones
          GROUP ADMBaseX_SetADMRHS: Set ADM RHS variables in this group
          GROUP ADMBaseX_SetADMVars: Set ADM variables in this group
          GROUP TmunuBaseX_SetTmunuVars: Schedule group for setting T_munu
            TmunuBaseX::TmunuBaseX_ZeroTmunu: Set T_munu to zero
            GROUP TmunuBaseX_AddToTmunu: Add to T_munu here
        GROUP ODESolvers_EstimateError: Estimate discretization error (for regridding)
    endif
    if (checkpoint initial data)
      [CCTK_CPINITIAL]
        CarpetX::CarpetX_CheckpointInitial: [meta] Checkpoint initial conditions
    endif
    if (analysis)
      [CCTK_ANALYSIS]
        CanudaX_BSSNMoL::CanudaX_BSSNMoL_bssn_constraints: Compute constraints
        GROUP ODESolvers_Analysis: Calculate analysis quantities everywhere
  endif
  Output grid variables

  do loop over timesteps
    [CCTK_PREREGRID]
    Change grid hierarchy
    [CCTK_POSTREGRID]
      GROUP ODESolvers_PostStep: Apply boundary conditions to state vector, and project if necessary
        GROUP CanudaX_BSSNMoL_PostStepGroup: CanudaX_BSSNMoL: post-step operations
          CanudaX_BSSNMoL::CanudaX_BSSNMoL_impose_conf_fac_floor: Make sure conformal factor does not drop below specified value
          CanudaX_BSSNMoL::CanudaX_BSSNMoL_reset_detmetric: reset dethh = 1
          CanudaX_BSSNMoL::CanudaX_BSSNMoL_remove_trA: Remove trace of A
          CanudaX_BSSNMoL::CanudaX_BSSNMoL_sync: [global] Sync state vector
          CanudaX_BSSNMoL::CanudaX_BSSNMoL_bssn2adm: [local] Convert variables back to the ADM ones
        GROUP ADMBaseX_SetADMRHS: Set ADM RHS variables in this group
        GROUP ADMBaseX_SetADMVars: Set ADM variables in this group
        GROUP TmunuBaseX_SetTmunuVars: Schedule group for setting T_munu
          TmunuBaseX::TmunuBaseX_ZeroTmunu: Set T_munu to zero
          GROUP TmunuBaseX_AddToTmunu: Add to T_munu here
    Rotate timelevels
    iteration = iteration+1
    t = t+dt
    [CCTK_PRESTEP]
    [CCTK_EVOL]
      ODESolvers::ODESolvers_Solve: [level] Solve ODEs
      while (ODESolvers::do_substeps)
        GROUP ODESolvers_CalledBySolve: Groups internally scheduled by ODESolvers_Solve
          GROUP ODESolvers_RHS: Evaluate the RHS for of state vector everywhere on the grid
            GROUP CanudaX_BSSNMoL_RHSGroup: CanudaX_BSSNMoL: calculate BSSN RHS
              CanudaX_BSSNMoL::CanudaX_BSSNMoL_calc_bssn_rhs: MoL RHS calculation
              CanudaX_BSSNMoL::CanudaX_BSSNMoL_apply_boundary_conditions: Apply radiative boundary conditions 
          GROUP ODESolvers_PostStep: Apply boundary conditions to state vector, and project if necessary
            GROUP CanudaX_BSSNMoL_PostStepGroup: CanudaX_BSSNMoL: post-step operations
              CanudaX_BSSNMoL::CanudaX_BSSNMoL_impose_conf_fac_floor: Make sure conformal factor does not drop below specified value
              CanudaX_BSSNMoL::CanudaX_BSSNMoL_reset_detmetric: reset dethh = 1
              CanudaX_BSSNMoL::CanudaX_BSSNMoL_remove_trA: Remove trace of A
              CanudaX_BSSNMoL::CanudaX_BSSNMoL_sync: [global] Sync state vector
              CanudaX_BSSNMoL::CanudaX_BSSNMoL_bssn2adm: [local] Convert variables back to the ADM ones
            GROUP ADMBaseX_SetADMRHS: Set ADM RHS variables in this group
            GROUP ADMBaseX_SetADMVars: Set ADM variables in this group
            GROUP TmunuBaseX_SetTmunuVars: Schedule group for setting T_munu
              TmunuBaseX::TmunuBaseX_ZeroTmunu: Set T_munu to zero
              GROUP TmunuBaseX_AddToTmunu: Add to T_munu here
      end while
    Evolve finer grids recursively
    Restrict from finer grids
    [CCTK_POSTRESTRICT]
      GROUP ODESolvers_PostStep: Apply boundary conditions to state vector, and project if necessary
        GROUP CanudaX_BSSNMoL_PostStepGroup: CanudaX_BSSNMoL: post-step operations
          CanudaX_BSSNMoL::CanudaX_BSSNMoL_impose_conf_fac_floor: Make sure conformal factor does not drop below specified value
          CanudaX_BSSNMoL::CanudaX_BSSNMoL_reset_detmetric: reset dethh = 1
          CanudaX_BSSNMoL::CanudaX_BSSNMoL_remove_trA: Remove trace of A
          CanudaX_BSSNMoL::CanudaX_BSSNMoL_sync: [global] Sync state vector
          CanudaX_BSSNMoL::CanudaX_BSSNMoL_bssn2adm: [local] Convert variables back to the ADM ones
        GROUP ADMBaseX_SetADMRHS: Set ADM RHS variables in this group
        GROUP ADMBaseX_SetADMVars: Set ADM variables in this group
        GROUP TmunuBaseX_SetTmunuVars: Schedule group for setting T_munu
          TmunuBaseX::TmunuBaseX_ZeroTmunu: Set T_munu to zero
          GROUP TmunuBaseX_AddToTmunu: Add to T_munu here
    [CCTK_POSTSTEP]
      ErrorEstimator::EstimateError: Estimate error
      GROUP ODESolvers_EstimateError: Estimate discretization error (for regridding)
    if (checkpoint)
      [CCTK_CHECKPOINT]
      CarpetX::CarpetX_Checkpoint: [meta] Checkpoint
    endif
    if (analysis)
      [CCTK_ANALYSIS]
      CanudaX_BSSNMoL::CanudaX_BSSNMoL_bssn_constraints: Compute constraints
      GROUP ODESolvers_Analysis: Calculate analysis quantities everywhere
    endif
    Output grid variables
    enddo

  Termination routines
    [CCTK_TERMINATE]
      CarpetX::CarpetX_CheckpointTerminate: [meta] Checkpoint before terminating

  Shutdown routines
    [CCTK_SHUTDOWN]
      CarpetX::Driver_Shutdown: [meta] Shut down the driver

  Routines run after changing the grid hierarchy:
    [CCTK_POSTREGRID]
      GROUP ODESolvers_PostStep: Apply boundary conditions to state vector, and project if necessary
        GROUP CanudaX_BSSNMoL_PostStepGroup: CanudaX_BSSNMoL: post-step operations
          CanudaX_BSSNMoL::CanudaX_BSSNMoL_impose_conf_fac_floor: Make sure conformal factor does not drop below specified value
          CanudaX_BSSNMoL::CanudaX_BSSNMoL_reset_detmetric: reset dethh = 1
          CanudaX_BSSNMoL::CanudaX_BSSNMoL_remove_trA: Remove trace of A
          CanudaX_BSSNMoL::CanudaX_BSSNMoL_sync: [global] Sync state vector
          CanudaX_BSSNMoL::CanudaX_BSSNMoL_bssn2adm: [local] Convert variables back to the ADM ones
        GROUP ADMBaseX_SetADMRHS: Set ADM RHS variables in this group
        GROUP ADMBaseX_SetADMVars: Set ADM variables in this group
        GROUP TmunuBaseX_SetTmunuVars: Schedule group for setting T_munu
          TmunuBaseX::TmunuBaseX_ZeroTmunu: Set T_munu to zero
          GROUP TmunuBaseX_AddToTmunu: Add to T_munu here
--------------------------------------------------------------------------------
INFO (hwloc): library version 2.10.0, API version 0x20800
--------------------------------------------------------------------------------

  [34m  ▕▏  [34m  ▕▏  [34m  ▕▏  [34m  ▕▏  [34m  ▕▏  [34m  ▕▏  [34m  ▕▏  [34m  ▕▏  [34m  ▕▏  [39m  
  [34m──██──[34m──██──[34m──██──[34m──██──[34m──██──[34m──██──[34m──██──[34m──██──[34m──██──[39m  
  [34m  ▕▏  [34m  ▕▏  [34m  ▕▏  [34m  ▕▏  [34m  ▕▏  [34m  ▕▏  [34m  ▕▏  [34m  ▕▏  [34m  ▕▏  [39m  
  [34m  ▕▏  [32m██████[34m  ▕▏  [34m  ▕▏  [32m██████[34m  ▕▏  [34m  ▕▏  [32m██████[34m  ▕▏  [39m  
  [34m──██──[32m██████[34m──██──[34m──██──[32m██████[34m──██──[34m──██──[32m██████[34m──██──[39m  
  [34m  ▕▏  [32m██████[34m  ▕▏  [34m  ▕▏  [32m██████[34m  ▕▏  [34m  ▕▏  [32m██████[34m  ▕▏  [39m  
  [34m  ▕▏  [34m  ▕▏  [34m  ▕▏  [34m  ▕▏  [34m  ▕▏  [34m  ▕▏  [34m  ▕▏  [34m  ▕▏  [34m  ▕▏  [39m  
  [34m──██──[34m──██──[34m──██──[34m──██──[34m──██──[34m──██──[34m──██──[34m──██──[34m──██──[39m  
  [34m  ▕▏  [34m  ▕▏  [34m  ▕▏  [34m  ▕▏  [34m  ▕▏  [34m  ▕▏  [34m  ▕▏  [34m  ▕▏  [34m  ▕▏  [39m  
  [34m  ▕▏  [34m  ▕▏  [34m  ▕▏  [31m██████[31m██████[31m██████[34m  ▕▏  [34m  ▕▏  [34m  ▕▏  [39m  
  [34m──██──[34m──██──[34m──██──[31m██████[31m██████[31m██████[34m──██──[34m──██──[34m──██──[39m  
  [34m  ▕▏  [34m  ▕▏  [34m  ▕▏  [31m██████[31m██████[31m██████[34m  ▕▏  [34m  ▕▏  [34m  ▕▏  [39m  
  [34m  ▕▏  [32m██████[34m  ▕▏  [31m██████[31m██████[31m██████[34m  ▕▏  [32m██████[34m  ▕▏  [39m  
  [34m──██──[32m██████[34m──██──[31m██████[31m██████[31m██████[34m──██──[32m██████[34m──██──[39m  
  [34m  ▕▏  [32m██████[34m  ▕▏  [31m██████[31m██████[31m██████[34m  ▕▏  [32m██████[34m  ▕▏  [39m  
  [34m  ▕▏  [34m  ▕▏  [34m  ▕▏  [31m██████[31m██████[31m██████[34m  ▕▏  [34m  ▕▏  [34m  ▕▏  [39m  
  [34m──██──[34m──██──[34m──██──[31m██████[31m██████[31m██████[34m──██──[34m──██──[34m──██──[39m  
  [34m  ▕▏  [34m  ▕▏  [34m  ▕▏  [31m██████[31m██████[31m██████[34m  ▕▏  [34m  ▕▏  [34m  ▕▏  [39m  
  [34m  ▕▏  [34m  ▕▏  [34m  ▕▏  [34m  ▕▏  [34m  ▕▏  [34m  ▕▏  [34m  ▕▏  [34m  ▕▏  [34m  ▕▏  [39m  
  [34m──██──[34m──██──[34m──██──[34m──██──[34m──██──[34m──██──[34m──██──[34m──██──[34m──██──[39m  
  [34m  ▕▏  [34m  ▕▏  [34m  ▕▏  [34m  ▕▏  [34m  ▕▏  [34m  ▕▏  [34m  ▕▏  [34m  ▕▏  [34m  ▕▏  [39m  
  [34m  ▕▏  [32m██████[34m  ▕▏  [34m  ▕▏  [32m██████[34m  ▕▏  [34m  ▕▏  [32m██████[34m  ▕▏  [39m  
  [34m──██──[32m██████[34m──██──[34m──██──[32m██████[34m──██──[34m──██──[32m██████[34m──██──[39m  
  [34m  ▕▏  [32m██████[34m  ▕▏  [34m  ▕▏  [32m██████[34m  ▕▏  [34m  ▕▏  [32m██████[34m  ▕▏  [39m  
  [34m  ▕▏  [34m  ▕▏  [34m  ▕▏  [34m  ▕▏  [34m  ▕▏  [34m  ▕▏  [34m  ▕▏  [34m  ▕▏  [34m  ▕▏  [39m  
  [34m──██──[34m──██──[34m──██──[34m──██──[34m──██──[34m──██──[34m──██──[34m──██──[34m──██──[39m  
  [34m  ▕▏  [34m  ▕▏  [34m  ▕▏  [34m  ▕▏  [34m  ▕▏  [34m  ▕▏  [34m  ▕▏  [34m  ▕▏  [34m  ▕▏  [39m  

AMR driver provided by CarpetX,
using AMReX 25.11 (MPI, OpenMP, no accelerators, optimized)
--------------------------------------------------------------------------------

Initializing AMReX (25.11)...
MPI initialized with 1 MPI processes
MPI initialized with thread support level 2
OMP initialized with 2 OMP threads
AMReX (25.11) initialized
INFO (CarpetX): 
Symmetries:
  lower x: periodic
  lower y: periodic
  lower z: periodic
  upper x: periodic
  upper y: periodic
  upper z: periodic
Default boundaries:
  lower x: symmetry_boundary
  lower y: symmetry_boundary
  lower z: symmetry_boundary
  upper x: symmetry_boundary
  upper y: symmetry_boundary
  upper z: symmetry_boundary
INFO (Arith): Test_smallvector
INFO (Arith): Test_spvect
INFO (CarpetX): Setting initial values for max_grid_size values for all levels
INFO (CarpetX): Setting up initial conditions...
INFO (CarpetX): Iteration: 0   time: 0   delta_time: 0.00390625
INFO (CarpetX): Patch 0:
INFO (CarpetX):   Grid extent:
INFO (CarpetX):     gsh=[71,15,15]
INFO (CarpetX):     blocking_factor=[8,8,8]
INFO (CarpetX):     max_grid_size=[10000000,10000000,10000000]
INFO (CarpetX):     max_tile_size=[1024000,16,32]
INFO (CarpetX):   Domain extent:
INFO (CarpetX):     xmin=[-0.5,-0.0625,-0.0625]
INFO (CarpetX):     xmax=[0.5,0.0625,0.0625]
INFO (CarpetX):     base dx=[0.015625,0.015625,0.015625]
INFO (CarpetX): Initializing level 0...
INFO (CanudaX_ExactID): Begin Gauge Wave initial data
INFO (CanudaX_ExactID): === End gauge wave initial data ===
INFO (CarpetX): Regridding...
INFO (CarpetX):   level 0: 1 boxes, 4096 cells (100%)
INFO (CarpetX): Initialized 1 levels
INFO (CarpetX): OutputGH: iteration 0, time 0.000000, run time 0 s
INFO (CarpetX): OutputGH done.
INFO (CarpetX): Starting evolution...
INFO (ODESolvers): ODE integrator is RK4
INFO (CarpetX): OutputGH: iteration 1, time 0.003906, run time 0 s
INFO (CarpetX): OutputGH done.
INFO (CarpetX): Simulation time: 0.00390625   Iterations per second: 17.3834   Simulation time per second: 0.0679039
INFO (CarpetX): Grid cells: 4096   Grid cell updates per second: 71202.4
INFO (CarpetX): Performance:
INFO (CarpetX):   total evolution time:            0.0575261 sec
INFO (CarpetX):   total evolution compute time:    0.057497 sec
INFO (CarpetX):   total evolution output time:     2.90871e-05 sec
INFO (CarpetX):   total iterations:                1
INFO (CarpetX):   total cells updated:             4096
INFO (CarpetX):   average iterations per second: 17.3834
INFO (CarpetX):   average cell updates per second: 71202.4
INFO (CarpetX): OutputGH: iteration 2, time 0.007812, run time 0 s
INFO (CarpetX): OutputGH done.
INFO (CarpetX): Simulation time: 0.0078125   Iterations per second: 17.8372   Simulation time per second: 0.0696767
INFO (CarpetX): Grid cells: 4096   Grid cell updates per second: 73061.4
INFO (CarpetX): Performance:
INFO (CarpetX):   total evolution time:            0.112125 sec
INFO (CarpetX):   total evolution compute time:    0.112075 sec
INFO (CarpetX):   total evolution output time:     5.00679e-05 sec
INFO (CarpetX):   total iterations:                2
INFO (CarpetX):   total cells updated:             8192
INFO (CarpetX):   average iterations per second: 17.8372
INFO (CarpetX):   average cell updates per second: 73061.4
INFO (CarpetX): OutputGH: iteration 3, time 0.011719, run time 0 s
INFO (CarpetX): OutputGH done.
INFO (CarpetX): Simulation time: 0.0117188   Iterations per second: 17.9994   Simulation time per second: 0.0703103
INFO (CarpetX): Grid cells: 4096   Grid cell updates per second: 73725.6
INFO (CarpetX): Performance:
INFO (CarpetX):   total evolution time:            0.166672 sec
INFO (CarpetX):   total evolution compute time:    0.166603 sec
INFO (CarpetX):   total evolution output time:     6.91414e-05 sec
INFO (CarpetX):   total iterations:                3
INFO (CarpetX):   total cells updated:             12288
INFO (CarpetX):   average iterations per second: 17.9994
INFO (CarpetX):   average cell updates per second: 73725.6
INFO (CarpetX): OutputGH: iteration 4, time 0.015625, run time 0 s
INFO (CarpetX): OutputGH done.
INFO (CarpetX): Simulation time: 0.015625   Iterations per second: 18.0799   Simulation time per second: 0.0706246
INFO (CarpetX): Grid cells: 4096   Grid cell updates per second: 74055.3
INFO (CarpetX): Performance:
INFO (CarpetX):   total evolution time:            0.22124 sec
INFO (CarpetX):   total evolution compute time:    0.221151 sec
INFO (CarpetX):   total evolution output time:     8.91685e-05 sec
INFO (CarpetX):   total iterations:                4
INFO (CarpetX):   total cells updated:             16384
INFO (CarpetX):   average iterations per second: 18.0799
INFO (CarpetX):   average cell updates per second: 74055.3
INFO (CarpetX): OutputGH: iteration 5, time 0.019531, run time 0 s
INFO (CarpetX): OutputGH done.
INFO (CarpetX): Simulation time: 0.0195312   Iterations per second: 18.1466   Simulation time per second: 0.070885
INFO (CarpetX): Grid cells: 4096   Grid cell updates per second: 74328.4
INFO (CarpetX): Performance:
INFO (CarpetX):   total evolution time:            0.275534 sec
INFO (CarpetX):   total evolution compute time:    0.275426 sec
INFO (CarpetX):   total evolution output time:     0.000108242 sec
INFO (CarpetX):   total iterations:                5
INFO (CarpetX):   total cells updated:             20480
INFO (CarpetX):   average iterations per second: 18.1466
INFO (CarpetX):   average cell updates per second: 74328.4
INFO (CarpetX): OutputGH: iteration 6, time 0.023438, run time 0 s
INFO (CarpetX): OutputGH done.
INFO (CarpetX): Simulation time: 0.0234375   Iterations per second: 18.1896   Simulation time per second: 0.0710531
INFO (CarpetX): Grid cells: 4096   Grid cell updates per second: 74504.6
INFO (CarpetX): Performance:
INFO (CarpetX):   total evolution time:            0.329859 sec
INFO (CarpetX):   total evolution compute time:    0.329733 sec
INFO (CarpetX):   total evolution output time:     0.000126123 sec
INFO (CarpetX):   total iterations:                6
INFO (CarpetX):   total cells updated:             24576
INFO (CarpetX):   average iterations per second: 18.1896
INFO (CarpetX):   average cell updates per second: 74504.6
INFO (CarpetX): OutputGH: iteration 7, time 0.027344, run time 1 s
INFO (CarpetX): OutputGH done.
INFO (CarpetX): Simulation time: 0.0273438   Iterations per second: 18.2202   Simulation time per second: 0.0711727
INFO (CarpetX): Grid cells: 4096   Grid cell updates per second: 74630
INFO (CarpetX): Performance:
INFO (CarpetX):   total evolution time:            0.384189 sec
INFO (CarpetX):   total evolution compute time:    0.384043 sec
INFO (CarpetX):   total evolution output time:     0.000145912 sec
INFO (CarpetX):   total iterations:                7
INFO (CarpetX):   total cells updated:             28672
INFO (CarpetX):   average iterations per second: 18.2202
INFO (CarpetX):   average cell updates per second: 74630
INFO (CarpetX): OutputGH: iteration 8, time 0.031250, run time 1 s
INFO (CarpetX): OutputGH done.
INFO (CarpetX): Simulation time: 0.03125   Iterations per second: 18.2421   Simulation time per second: 0.0712581
INFO (CarpetX): Grid cells: 4096   Grid cell updates per second: 74719.5
INFO (CarpetX): Performance:
INFO (CarpetX):   total evolution time:            0.438547 sec
INFO (CarpetX):   total evolution compute time:    0.438383 sec
INFO (CarpetX):   total evolution output time:     0.000163794 sec
INFO (CarpetX):   total iterations:                8
INFO (CarpetX):   total cells updated:             32768
INFO (CarpetX):   average iterations per second: 18.2421
INFO (CarpetX):   average cell updates per second: 74719.5
INFO (CarpetX): OutputGH: iteration 9, time 0.035156, run time 1 s
INFO (CarpetX): OutputGH done.
INFO (CarpetX): Simulation time: 0.0351562   Iterations per second: 18.2578   Simulation time per second: 0.0713195
INFO (CarpetX): Grid cells: 4096   Grid cell updates per second: 74784
INFO (CarpetX): Performance:
INFO (CarpetX):   total evolution time:            0.49294 sec
INFO (CarpetX):   total evolution compute time:    0.492752 sec
INFO (CarpetX):   total evolution output time:     0.000187874 sec
INFO (CarpetX):   total iterations:                9
INFO (CarpetX):   total cells updated:             36864
INFO (CarpetX):   average iterations per second: 18.2578
INFO (CarpetX):   average cell updates per second: 74784
INFO (CarpetX): OutputGH: iteration 10, time 0.039062, run time 1 s
INFO (CarpetX): OutputGH done.
INFO (CarpetX): Simulation time: 0.0390625   Iterations per second: 18.2523   Simulation time per second: 0.0712982
INFO (CarpetX): Grid cells: 4096   Grid cell updates per second: 74761.6
INFO (CarpetX): Performance:
INFO (CarpetX):   total evolution time:            0.547875 sec
INFO (CarpetX):   total evolution compute time:    0.547656 sec
INFO (CarpetX):   total evolution output time:     0.000218868 sec
INFO (CarpetX):   total iterations:                10
INFO (CarpetX):   total cells updated:             40960
INFO (CarpetX):   average iterations per second: 18.2523
INFO (CarpetX):   average cell updates per second: 74761.6
INFO (CarpetX): OutputGH: iteration 11, time 0.042969, run time 1 s
INFO (CarpetX): OutputGH done.
INFO (CarpetX): Simulation time: 0.0429688   Iterations per second: 18.2601   Simulation time per second: 0.0713286
INFO (CarpetX): Grid cells: 4096   Grid cell updates per second: 74793.5
INFO (CarpetX): Performance:
INFO (CarpetX):   total evolution time:            0.602429 sec
INFO (CarpetX):   total evolution compute time:    0.602181 sec
INFO (CarpetX):   total evolution output time:     0.000247955 sec
INFO (CarpetX):   total iterations:                11
INFO (CarpetX):   total cells updated:             45056
INFO (CarpetX):   average iterations per second: 18.2594
INFO (CarpetX):   average cell updates per second: 74790.6
INFO (CarpetX): OutputGH: iteration 12, time 0.046875, run time 1 s
INFO (CarpetX): OutputGH done.
INFO (CarpetX): Simulation time: 0.046875   Iterations per second: 18.2726   Simulation time per second: 0.0713775
INFO (CarpetX): Grid cells: 4096   Grid cell updates per second: 74844.7
INFO (CarpetX): Performance:
INFO (CarpetX):   total evolution time:            0.656818 sec
INFO (CarpetX):   total evolution compute time:    0.656548 sec
INFO (CarpetX):   total evolution output time:     0.000270128 sec
INFO (CarpetX):   total iterations:                12
INFO (CarpetX):   total cells updated:             49152
INFO (CarpetX):   average iterations per second: 18.2699
INFO (CarpetX):   average cell updates per second: 74833.5
INFO (CarpetX): OutputGH: iteration 13, time 0.050781, run time 1 s
INFO (CarpetX): OutputGH done.
INFO (CarpetX): Simulation time: 0.0507812   Iterations per second: 18.2855   Simulation time per second: 0.0714278
INFO (CarpetX): Grid cells: 4096   Grid cell updates per second: 74897.5
INFO (CarpetX): Performance:
INFO (CarpetX):   total evolution time:            0.711159 sec
INFO (CarpetX):   total evolution compute time:    0.710869 sec
INFO (CarpetX):   total evolution output time:     0.000290155 sec
INFO (CarpetX):   total iterations:                13
INFO (CarpetX):   total cells updated:             53248
INFO (CarpetX):   average iterations per second: 18.28
INFO (CarpetX):   average cell updates per second: 74875
INFO (CarpetX): OutputGH: iteration 14, time 0.054688, run time 1 s
INFO (CarpetX): OutputGH done.
INFO (CarpetX): Simulation time: 0.0546875   Iterations per second: 18.2988   Simulation time per second: 0.0714796
INFO (CarpetX): Grid cells: 4096   Grid cell updates per second: 74951.8
INFO (CarpetX): Performance:
INFO (CarpetX):   total evolution time:            0.765451 sec
INFO (CarpetX):   total evolution compute time:    0.765143 sec
INFO (CarpetX):   total evolution output time:     0.000308037 sec
INFO (CarpetX):   total iterations:                14
INFO (CarpetX):   total cells updated:             57344
INFO (CarpetX):   average iterations per second: 18.2899
INFO (CarpetX):   average cell updates per second: 74915.3
INFO (CarpetX): OutputGH: iteration 15, time 0.058594, run time 1 s
INFO (CarpetX): OutputGH done.
INFO (CarpetX): Simulation time: 0.0585938   Iterations per second: 18.309   Simulation time per second: 0.0715197
INFO (CarpetX): Grid cells: 4096   Grid cell updates per second: 74993.8
INFO (CarpetX): Performance:
INFO (CarpetX):   total evolution time:            0.819793 sec
INFO (CarpetX):   total evolution compute time:    0.819468 sec
INFO (CarpetX):   total evolution output time:     0.000324965 sec
INFO (CarpetX):   total iterations:                15
INFO (CarpetX):   total cells updated:             61440
INFO (CarpetX):   average iterations per second: 18.2973
INFO (CarpetX):   average cell updates per second: 74945.7
INFO (CarpetX): OutputGH: iteration 16, time 0.062500, run time 1 s
INFO (CarpetX): OutputGH done.
INFO (CarpetX): Simulation time: 0.0625   Iterations per second: 18.3198   Simulation time per second: 0.0715617
INFO (CarpetX): Grid cells: 4096   Grid cell updates per second: 75037.9
INFO (CarpetX): Performance:
INFO (CarpetX):   total evolution time:            0.87409 sec
INFO (CarpetX):   total evolution compute time:    0.873748 sec
INFO (CarpetX):   total evolution output time:     0.000341892 sec
INFO (CarpetX):   total iterations:                16
INFO (CarpetX):   total cells updated:             65536
INFO (CarpetX):   average iterations per second: 18.3048
INFO (CarpetX):   average cell updates per second: 74976.3
INFO (CarpetX): OutputGH: iteration 17, time 0.066406, run time 1 s
INFO (CarpetX): OutputGH done.
INFO (CarpetX): Simulation time: 0.0664062   Iterations per second: 18.3269   Simulation time per second: 0.0715894
INFO (CarpetX): Grid cells: 4096   Grid cell updates per second: 75066.9
INFO (CarpetX): Performance:
INFO (CarpetX):   total evolution time:            0.928465 sec
INFO (CarpetX):   total evolution compute time:    0.928104 sec
INFO (CarpetX):   total evolution output time:     0.000360966 sec
INFO (CarpetX):   total iterations:                17
INFO (CarpetX):   total cells updated:             69632
INFO (CarpetX):   average iterations per second: 18.3098
INFO (CarpetX):   average cell updates per second: 74996.9
INFO (CarpetX): OutputGH: iteration 18, time 0.070312, run time 1 s
INFO (CarpetX): OutputGH done.
INFO (CarpetX): Simulation time: 0.0703125   Iterations per second: 18.3356   Simulation time per second: 0.0716236
INFO (CarpetX): Grid cells: 4096   Grid cell updates per second: 75102.8
INFO (CarpetX): Performance:
INFO (CarpetX):   total evolution time:            0.982769 sec
INFO (CarpetX):   total evolution compute time:    0.98239 sec
INFO (CarpetX):   total evolution output time:     0.000378847 sec
INFO (CarpetX):   total iterations:                18
INFO (CarpetX):   total cells updated:             73728
INFO (CarpetX):   average iterations per second: 18.3156
INFO (CarpetX):   average cell updates per second: 75020.7
INFO (CarpetX): OutputGH: iteration 19, time 0.074219, run time 1 s
INFO (CarpetX): OutputGH done.
INFO (CarpetX): Simulation time: 0.0742188   Iterations per second: 18.3442   Simulation time per second: 0.0716572
INFO (CarpetX): Grid cells: 4096   Grid cell updates per second: 75138
INFO (CarpetX): Performance:
INFO (CarpetX):   total evolution time:            1.03705 sec
INFO (CarpetX):   total evolution compute time:    1.03665 sec
INFO (CarpetX):   total evolution output time:     0.000396967 sec
INFO (CarpetX):   total iterations:                19
INFO (CarpetX):   total cells updated:             77824
INFO (CarpetX):   average iterations per second: 18.3212
INFO (CarpetX):   average cell updates per second: 75043.5
INFO (CarpetX): OutputGH: iteration 20, time 0.078125, run time 1 s
INFO (CarpetX): OutputGH done.
INFO (CarpetX): Simulation time: 0.078125   Iterations per second: 18.3515   Simulation time per second: 0.0716857
INFO (CarpetX): Grid cells: 4096   Grid cell updates per second: 75167.9
INFO (CarpetX): Performance:
INFO (CarpetX):   total evolution time:            1.09135 sec
INFO (CarpetX):   total evolution compute time:    1.09093 sec
INFO (CarpetX):   total evolution output time:     0.000414848 sec
INFO (CarpetX):   total iterations:                20
INFO (CarpetX):   total cells updated:             81920
INFO (CarpetX):   average iterations per second: 18.326
INFO (CarpetX):   average cell updates per second: 75063.1
INFO (CarpetX): OutputGH: iteration 21, time 0.082031, run time 1 s
INFO (CarpetX): OutputGH done.
INFO (CarpetX): Simulation time: 0.0820312   Iterations per second: 18.3584   Simulation time per second: 0.0717124
INFO (CarpetX): Grid cells: 4096   Grid cell updates per second: 75195.9
INFO (CarpetX): Performance:
INFO (CarpetX):   total evolution time:            1.14564 sec
INFO (CarpetX):   total evolution compute time:    1.14521 sec
INFO (CarpetX):   total evolution output time:     0.000431776 sec
INFO (CarpetX):   total iterations:                21
INFO (CarpetX):   total cells updated:             86016
INFO (CarpetX):   average iterations per second: 18.3304
INFO (CarpetX):   average cell updates per second: 75081.4
INFO (CarpetX): OutputGH: iteration 22, time 0.085938, run time 1 s
INFO (CarpetX): OutputGH done.
INFO (CarpetX): Simulation time: 0.0859375   Iterations per second: 18.3641   Simulation time per second: 0.0717346
INFO (CarpetX): Grid cells: 4096   Grid cell updates per second: 75219.2
INFO (CarpetX): Performance:
INFO (CarpetX):   total evolution time:            1.19994 sec
INFO (CarpetX):   total evolution compute time:    1.19949 sec
INFO (CarpetX):   total evolution output time:     0.00045085 sec
INFO (CarpetX):   total iterations:                22
INFO (CarpetX):   total cells updated:             90112
INFO (CarpetX):   average iterations per second: 18.3343
INFO (CarpetX):   average cell updates per second: 75097.2
INFO (CarpetX): OutputGH: iteration 23, time 0.089844, run time 1 s
INFO (CarpetX): OutputGH done.
INFO (CarpetX): Simulation time: 0.0898438   Iterations per second: 18.3682   Simulation time per second: 0.071751
INFO (CarpetX): Grid cells: 4096   Grid cell updates per second: 75236.4
INFO (CarpetX): Performance:
INFO (CarpetX):   total evolution time:            1.25427 sec
INFO (CarpetX):   total evolution compute time:    1.2538 sec
INFO (CarpetX):   total evolution output time:     0.000469923 sec
INFO (CarpetX):   total iterations:                23
INFO (CarpetX):   total cells updated:             94208
INFO (CarpetX):   average iterations per second: 18.3374
INFO (CarpetX):   average cell updates per second: 75109.9
INFO (CarpetX): OutputGH: iteration 24, time 0.093750, run time 1 s
INFO (CarpetX): OutputGH done.
INFO (CarpetX): Simulation time: 0.09375   Iterations per second: 18.3714   Simulation time per second: 0.0717632
INFO (CarpetX): Grid cells: 4096   Grid cell updates per second: 75249.2
INFO (CarpetX): Performance:
INFO (CarpetX):   total evolution time:            1.30862 sec
INFO (CarpetX):   total evolution compute time:    1.30813 sec
INFO (CarpetX):   total evolution output time:     0.00048995 sec
INFO (CarpetX):   total iterations:                24
INFO (CarpetX):   total cells updated:             98304
INFO (CarpetX):   average iterations per second: 18.34
INFO (CarpetX):   average cell updates per second: 75120.5
INFO (CarpetX): OutputGH: iteration 25, time 0.097656, run time 2 s
INFO (CarpetX): OutputGH done.
INFO (CarpetX): Simulation time: 0.0976562   Iterations per second: 18.3447   Simulation time per second: 0.0716591
INFO (CarpetX): Grid cells: 4096   Grid cell updates per second: 75140.1
INFO (CarpetX): Performance:
INFO (CarpetX):   total evolution time:            1.36384 sec
INFO (CarpetX):   total evolution compute time:    1.36333 sec
INFO (CarpetX):   total evolution output time:     0.000510931 sec
INFO (CarpetX):   total iterations:                25
INFO (CarpetX):   total cells updated:             102400
INFO (CarpetX):   average iterations per second: 18.3306
INFO (CarpetX):   average cell updates per second: 75082.1
INFO (CarpetX): OutputGH: iteration 26, time 0.101562, run time 2 s
INFO (CarpetX): OutputGH done.
INFO (CarpetX): Simulation time: 0.101562   Iterations per second: 18.3492   Simulation time per second: 0.0716764
INFO (CarpetX): Grid cells: 4096   Grid cell updates per second: 75158.2
INFO (CarpetX): Performance:
INFO (CarpetX):   total evolution time:            1.41822 sec
INFO (CarpetX):   total evolution compute time:    1.41769 sec
INFO (CarpetX):   total evolution output time:     0.000535011 sec
INFO (CarpetX):   total iterations:                26
INFO (CarpetX):   total cells updated:             106496
INFO (CarpetX):   average iterations per second: 18.3328
INFO (CarpetX):   average cell updates per second: 75091.3
INFO (CarpetX): OutputGH: iteration 27, time 0.105469, run time 2 s
INFO (CarpetX): OutputGH done.
INFO (CarpetX): Simulation time: 0.105469   Iterations per second: 18.3495   Simulation time per second: 0.0716777
INFO (CarpetX): Grid cells: 4096   Grid cell updates per second: 75159.5
INFO (CarpetX): Performance:
INFO (CarpetX):   total evolution time:            1.47271 sec
INFO (CarpetX):   total evolution compute time:    1.47215 sec
INFO (CarpetX):   total evolution output time:     0.000563145 sec
INFO (CarpetX):   total iterations:                27
INFO (CarpetX):   total cells updated:             110592
INFO (CarpetX):   average iterations per second: 18.3335
INFO (CarpetX):   average cell updates per second: 75094.2
INFO (CarpetX): OutputGH: iteration 28, time 0.109375, run time 2 s
INFO (CarpetX): OutputGH done.
INFO (CarpetX): Simulation time: 0.109375   Iterations per second: 18.3507   Simulation time per second: 0.0716823
INFO (CarpetX): Grid cells: 4096   Grid cell updates per second: 75164.4
INFO (CarpetX): Performance:
INFO (CarpetX):   total evolution time:            1.52717 sec
INFO (CarpetX):   total evolution compute time:    1.52658 sec
INFO (CarpetX):   total evolution output time:     0.000589132 sec
INFO (CarpetX):   total iterations:                28
INFO (CarpetX):   total cells updated:             114688
INFO (CarpetX):   average iterations per second: 18.3345
INFO (CarpetX):   average cell updates per second: 75098.3
INFO (CarpetX): OutputGH: iteration 29, time 0.113281, run time 2 s
INFO (CarpetX): OutputGH done.
INFO (CarpetX): Simulation time: 0.113281   Iterations per second: 18.3547   Simulation time per second: 0.0716982
INFO (CarpetX): Grid cells: 4096   Grid cell updates per second: 75181
INFO (CarpetX): Performance:
INFO (CarpetX):   total evolution time:            1.58154 sec
INFO (CarpetX):   total evolution compute time:    1.58093 sec
INFO (CarpetX):   total evolution output time:     0.000611067 sec
INFO (CarpetX):   total iterations:                29
INFO (CarpetX):   total cells updated:             118784
INFO (CarpetX):   average iterations per second: 18.3365
INFO (CarpetX):   average cell updates per second: 75106.3
INFO (CarpetX): OutputGH: iteration 30, time 0.117188, run time 2 s
INFO (CarpetX): OutputGH done.
INFO (CarpetX): Simulation time: 0.117188   Iterations per second: 18.3601   Simulation time per second: 0.071719
INFO (CarpetX): Grid cells: 4096   Grid cell updates per second: 75202.8
INFO (CarpetX): Performance:
INFO (CarpetX):   total evolution time:            1.63587 sec
INFO (CarpetX):   total evolution compute time:    1.63522 sec
INFO (CarpetX):   total evolution output time:     0.000649214 sec
INFO (CarpetX):   total iterations:                30
INFO (CarpetX):   total cells updated:             122880
INFO (CarpetX):   average iterations per second: 18.3389
INFO (CarpetX):   average cell updates per second: 75116
INFO (CarpetX): OutputGH: iteration 31, time 0.121094, run time 2 s
INFO (CarpetX): OutputGH done.
INFO (CarpetX): Simulation time: 0.121094   Iterations per second: 18.3641   Simulation time per second: 0.0717348
INFO (CarpetX): Grid cells: 4096   Grid cell updates per second: 75219.4
INFO (CarpetX): Performance:
INFO (CarpetX):   total evolution time:            1.69022 sec
INFO (CarpetX):   total evolution compute time:    1.68953 sec
INFO (CarpetX):   total evolution output time:     0.000685215 sec
INFO (CarpetX):   total iterations:                31
INFO (CarpetX):   total cells updated:             126976
INFO (CarpetX):   average iterations per second: 18.3409
INFO (CarpetX):   average cell updates per second: 75124.2
INFO (CarpetX): OutputGH: iteration 32, time 0.125000, run time 2 s
INFO (CarpetX): OutputGH done.
INFO (CarpetX): Simulation time: 0.125   Iterations per second: 18.3681   Simulation time per second: 0.0717505
INFO (CarpetX): Grid cells: 4096   Grid cell updates per second: 75235.8
INFO (CarpetX): Performance:
INFO (CarpetX):   total evolution time:            1.74455 sec
INFO (CarpetX):   total evolution compute time:    1.7438 sec
INFO (CarpetX):   total evolution output time:     0.000748158 sec
INFO (CarpetX):   total iterations:                32
INFO (CarpetX):   total cells updated:             131072
INFO (CarpetX):   average iterations per second: 18.3428
INFO (CarpetX):   average cell updates per second: 75132.3
INFO (CarpetX): OutputGH: iteration 33, time 0.128906, run time 2 s
INFO (CarpetX): OutputGH done.
INFO (CarpetX): Simulation time: 0.128906   Iterations per second: 18.3691   Simulation time per second: 0.0717542
INFO (CarpetX): Grid cells: 4096   Grid cell updates per second: 75239.7
INFO (CarpetX): Performance:
INFO (CarpetX):   total evolution time:            1.79896 sec
INFO (CarpetX):   total evolution compute time:    1.79813 sec
INFO (CarpetX):   total evolution output time:     0.000831127 sec
INFO (CarpetX):   total iterations:                33
INFO (CarpetX):   total cells updated:             135168
INFO (CarpetX):   average iterations per second: 18.3439
INFO (CarpetX):   average cell updates per second: 75136.6
INFO (CarpetX): OutputGH: iteration 34, time 0.132812, run time 2 s
INFO (CarpetX): OutputGH done.
INFO (CarpetX): Simulation time: 0.132812   Iterations per second: 18.3695   Simulation time per second: 0.0717557
INFO (CarpetX): Grid cells: 4096   Grid cell updates per second: 75241.3
INFO (CarpetX): Performance:
INFO (CarpetX):   total evolution time:            1.85339 sec
INFO (CarpetX):   total evolution compute time:    1.85249 sec
INFO (CarpetX):   total evolution output time:     0.000904083 sec
INFO (CarpetX):   total iterations:                34
INFO (CarpetX):   total cells updated:             139264
INFO (CarpetX):   average iterations per second: 18.3447
INFO (CarpetX):   average cell updates per second: 75140.1
INFO (CarpetX): OutputGH: iteration 35, time 0.136719, run time 2 s
INFO (CarpetX): OutputGH done.
INFO (CarpetX): Simulation time: 0.136719   Iterations per second: 18.3707   Simulation time per second: 0.0717606
INFO (CarpetX): Grid cells: 4096   Grid cell updates per second: 75246.4
INFO (CarpetX): Performance:
INFO (CarpetX):   total evolution time:            1.90779 sec
INFO (CarpetX):   total evolution compute time:    1.9068 sec
INFO (CarpetX):   total evolution output time:     0.000992298 sec
INFO (CarpetX):   total iterations:                35
INFO (CarpetX):   total cells updated:             143360
INFO (CarpetX):   average iterations per second: 18.3458
INFO (CarpetX):   average cell updates per second: 75144.4
INFO (CarpetX): OutputGH: iteration 36, time 0.140625, run time 2 s
INFO (CarpetX): OutputGH done.
INFO (CarpetX): Simulation time: 0.140625   Iterations per second: 18.2703   Simulation time per second: 0.0713683
INFO (CarpetX): Grid cells: 4096   Grid cell updates per second: 74835.1
INFO (CarpetX): Performance:
INFO (CarpetX):   total evolution time:            1.96522 sec
INFO (CarpetX):   total evolution compute time:    1.9642 sec
INFO (CarpetX):   total evolution output time:     0.00101542 sec
INFO (CarpetX):   total iterations:                36
INFO (CarpetX):   total cells updated:             147456
INFO (CarpetX):   average iterations per second: 18.3186
INFO (CarpetX):   average cell updates per second: 75032.8
INFO (CarpetX): OutputGH: iteration 37, time 0.144531, run time 2 s
INFO (CarpetX): OutputGH done.
INFO (CarpetX): Simulation time: 0.144531   Iterations per second: 18.2828   Simulation time per second: 0.0714172
INFO (CarpetX): Grid cells: 4096   Grid cell updates per second: 74886.4
INFO (CarpetX): Performance:
INFO (CarpetX):   total evolution time:            2.01958 sec
INFO (CarpetX):   total evolution compute time:    2.01848 sec
INFO (CarpetX):   total evolution output time:     0.00109839 sec
INFO (CarpetX):   total iterations:                37
INFO (CarpetX):   total cells updated:             151552
INFO (CarpetX):   average iterations per second: 18.3207
INFO (CarpetX):   average cell updates per second: 75041.4
INFO (CarpetX): OutputGH: iteration 38, time 0.148438, run time 2 s
INFO (CarpetX): OutputGH done.
INFO (CarpetX): Simulation time: 0.148438   Iterations per second: 18.2927   Simulation time per second: 0.0714559
INFO (CarpetX): Grid cells: 4096   Grid cell updates per second: 74927
INFO (CarpetX): Performance:
INFO (CarpetX):   total evolution time:            2.07398 sec
INFO (CarpetX):   total evolution compute time:    2.07279 sec
INFO (CarpetX):   total evolution output time:     0.00118351 sec
INFO (CarpetX):   total iterations:                38
INFO (CarpetX):   total cells updated:             155648
INFO (CarpetX):   average iterations per second: 18.3223
INFO (CarpetX):   average cell updates per second: 75048
INFO (CarpetX): OutputGH: iteration 39, time 0.152344, run time 2 s
INFO (CarpetX): OutputGH done.
INFO (CarpetX): Simulation time: 0.152344   Iterations per second: 18.3025   Simulation time per second: 0.0714943
INFO (CarpetX): Grid cells: 4096   Grid cell updates per second: 74967.2
INFO (CarpetX): Performance:
INFO (CarpetX):   total evolution time:            2.12835 sec
INFO (CarpetX):   total evolution compute time:    2.12708 sec
INFO (CarpetX):   total evolution output time:     0.00127149 sec
INFO (CarpetX):   total iterations:                39
INFO (CarpetX):   total cells updated:             159744
INFO (CarpetX):   average iterations per second: 18.324
INFO (CarpetX):   average cell updates per second: 75055.3
INFO (CarpetX): OutputGH: iteration 40, time 0.156250, run time 2 s
INFO (CarpetX): OutputGH done.
INFO (CarpetX): Simulation time: 0.15625   Iterations per second: 18.3101   Simulation time per second: 0.0715238
INFO (CarpetX): Grid cells: 4096   Grid cell updates per second: 74998.2
INFO (CarpetX): Performance:
INFO (CarpetX):   total evolution time:            2.18276 sec
INFO (CarpetX):   total evolution compute time:    2.18147 sec
INFO (CarpetX):   total evolution output time:     0.00129437 sec
INFO (CarpetX):   total iterations:                40
INFO (CarpetX):   total cells updated:             163840
INFO (CarpetX):   average iterations per second: 18.3254
INFO (CarpetX):   average cell updates per second: 75060.8
INFO (CarpetX): OutputGH: iteration 41, time 0.160156, run time 2 s
INFO (CarpetX): OutputGH done.
INFO (CarpetX): Simulation time: 0.160156   Iterations per second: 18.2688   Simulation time per second: 0.0713627
INFO (CarpetX): Grid cells: 4096   Grid cell updates per second: 74829.2
INFO (CarpetX): Performance:
INFO (CarpetX):   total evolution time:            2.23861 sec
INFO (CarpetX):   total evolution compute time:    2.23728 sec
INFO (CarpetX):   total evolution output time:     0.00132632 sec
INFO (CarpetX):   total iterations:                41
INFO (CarpetX):   total cells updated:             167936
INFO (CarpetX):   average iterations per second: 18.3149
INFO (CarpetX):   average cell updates per second: 75017.9
INFO (CarpetX): OutputGH: iteration 42, time 0.164062, run time 2 s
INFO (CarpetX): OutputGH done.
INFO (CarpetX): Simulation time: 0.164062   Iterations per second: 18.2784   Simulation time per second: 0.0714001
INFO (CarpetX): Grid cells: 4096   Grid cell updates per second: 74868.4
INFO (CarpetX): Performance:
INFO (CarpetX):   total evolution time:            2.29306 sec
INFO (CarpetX):   total evolution compute time:    2.29171 sec
INFO (CarpetX):   total evolution output time:     0.00134945 sec
INFO (CarpetX):   total iterations:                42
INFO (CarpetX):   total cells updated:             172032
INFO (CarpetX):   average iterations per second: 18.3161
INFO (CarpetX):   average cell updates per second: 75022.8
INFO (CarpetX): OutputGH: iteration 43, time 0.167969, run time 2 s
INFO (CarpetX): OutputGH done.
INFO (CarpetX): Simulation time: 0.167969   Iterations per second: 18.2897   Simulation time per second: 0.0714441
INFO (CarpetX): Grid cells: 4096   Grid cell updates per second: 74914.6
INFO (CarpetX): Performance:
INFO (CarpetX):   total evolution time:            2.34743 sec
INFO (CarpetX):   total evolution compute time:    2.34606 sec
INFO (CarpetX):   total evolution output time:     0.00137162 sec
INFO (CarpetX):   total iterations:                43
INFO (CarpetX):   total cells updated:             176128
INFO (CarpetX):   average iterations per second: 18.3179
INFO (CarpetX):   average cell updates per second: 75030
INFO (CarpetX): OutputGH: iteration 44, time 0.171875, run time 3 s
INFO (CarpetX): OutputGH done.
INFO (CarpetX): Simulation time: 0.171875   Iterations per second: 18.3001   Simulation time per second: 0.0714848
INFO (CarpetX): Grid cells: 4096   Grid cell updates per second: 74957.3
INFO (CarpetX): Performance:
INFO (CarpetX):   total evolution time:            2.4018 sec
INFO (CarpetX):   total evolution compute time:    2.40039 sec
INFO (CarpetX):   total evolution output time:     0.00141072 sec
INFO (CarpetX):   total iterations:                44
INFO (CarpetX):   total cells updated:             180224
INFO (CarpetX):   average iterations per second: 18.3196
INFO (CarpetX):   average cell updates per second: 75037.1
INFO (CarpetX): OutputGH: iteration 45, time 0.175781, run time 3 s
INFO (CarpetX): OutputGH done.
INFO (CarpetX): Simulation time: 0.175781   Iterations per second: 18.3089   Simulation time per second: 0.0715191
INFO (CarpetX): Grid cells: 4096   Grid cell updates per second: 74993.2
INFO (CarpetX): Performance:
INFO (CarpetX):   total evolution time:            2.45618 sec
INFO (CarpetX):   total evolution compute time:    2.45473 sec
INFO (CarpetX):   total evolution output time:     0.00145078 sec
INFO (CarpetX):   total iterations:                45
INFO (CarpetX):   total cells updated:             184320
INFO (CarpetX):   average iterations per second: 18.3211
INFO (CarpetX):   average cell updates per second: 75043.3
INFO (CarpetX): OutputGH: iteration 46, time 0.179688, run time 3 s
INFO (CarpetX): OutputGH done.
INFO (CarpetX): Simulation time: 0.179688   Iterations per second: 18.3133   Simulation time per second: 0.0715364
INFO (CarpetX): Grid cells: 4096   Grid cell updates per second: 75011.3
INFO (CarpetX): Performance:
INFO (CarpetX):   total evolution time:            2.51067 sec
INFO (CarpetX):   total evolution compute time:    2.50919 sec
INFO (CarpetX):   total evolution output time:     0.00147581 sec
INFO (CarpetX):   total iterations:                46
INFO (CarpetX):   total cells updated:             188416
INFO (CarpetX):   average iterations per second: 18.3218
INFO (CarpetX):   average cell updates per second: 75046.2
INFO (CarpetX): OutputGH: iteration 47, time 0.183594, run time 3 s
INFO (CarpetX): OutputGH done.
INFO (CarpetX): Simulation time: 0.183594   Iterations per second: 18.3143   Simulation time per second: 0.0715403
INFO (CarpetX): Grid cells: 4096   Grid cell updates per second: 75015.5
INFO (CarpetX): Performance:
INFO (CarpetX):   total evolution time:            2.56524 sec
INFO (CarpetX):   total evolution compute time:    2.56374 sec
INFO (CarpetX):   total evolution output time:     0.00150585 sec
INFO (CarpetX):   total iterations:                47
INFO (CarpetX):   total cells updated:             192512
INFO (CarpetX):   average iterations per second: 18.3219
INFO (CarpetX):   average cell updates per second: 75046.3
INFO (CarpetX): OutputGH: iteration 48, time 0.187500, run time 3 s
INFO (CarpetX): OutputGH done.
INFO (CarpetX): Simulation time: 0.1875   Iterations per second: 18.3183   Simulation time per second: 0.0715558
INFO (CarpetX): Grid cells: 4096   Grid cell updates per second: 75031.7
INFO (CarpetX): Performance:
INFO (CarpetX):   total evolution time:            2.61973 sec
INFO (CarpetX):   total evolution compute time:    2.61817 sec
INFO (CarpetX):   total evolution output time:     0.00155187 sec
INFO (CarpetX):   total iterations:                48
INFO (CarpetX):   total cells updated:             196608
INFO (CarpetX):   average iterations per second: 18.3225
INFO (CarpetX):   average cell updates per second: 75049.1
INFO (CarpetX): OutputGH: iteration 49, time 0.191406, run time 3 s
INFO (CarpetX): OutputGH done.
INFO (CarpetX): Simulation time: 0.191406   Iterations per second: 18.3227   Simulation time per second: 0.0715731
INFO (CarpetX): Grid cells: 4096   Grid cell updates per second: 75049.9
INFO (CarpetX): Performance:
INFO (CarpetX):   total evolution time:            2.67418 sec
INFO (CarpetX):   total evolution compute time:    2.67258 sec
INFO (CarpetX):   total evolution output time:     0.00159979 sec
INFO (CarpetX):   total iterations:                49
INFO (CarpetX):   total cells updated:             200704
INFO (CarpetX):   average iterations per second: 18.3233
INFO (CarpetX):   average cell updates per second: 75052.4
INFO (CarpetX): OutputGH: iteration 50, time 0.195312, run time 3 s
INFO (CarpetX): OutputGH done.
INFO (CarpetX): Simulation time: 0.195312   Iterations per second: 18.3228   Simulation time per second: 0.0715733
INFO (CarpetX): Grid cells: 4096   Grid cell updates per second: 75050
INFO (CarpetX): Performance:
INFO (CarpetX):   total evolution time:            2.72876 sec
INFO (CarpetX):   total evolution compute time:    2.72713 sec
INFO (CarpetX):   total evolution output time:     0.00162983 sec
INFO (CarpetX):   total iterations:                50
INFO (CarpetX):   total cells updated:             204800
INFO (CarpetX):   average iterations per second: 18.3233
INFO (CarpetX):   average cell updates per second: 75052.4
INFO (CarpetX): OutputGH: iteration 51, time 0.199219, run time 3 s
INFO (CarpetX): OutputGH done.
INFO (CarpetX): Simulation time: 0.199219   Iterations per second: 18.3227   Simulation time per second: 0.0715731
INFO (CarpetX): Grid cells: 4096   Grid cell updates per second: 75049.9
INFO (CarpetX): Performance:
INFO (CarpetX):   total evolution time:            2.78334 sec
INFO (CarpetX):   total evolution compute time:    2.78168 sec
INFO (CarpetX):   total evolution output time:     0.00165892 sec
INFO (CarpetX):   total iterations:                51
INFO (CarpetX):   total cells updated:             208896
INFO (CarpetX):   average iterations per second: 18.3233
INFO (CarpetX):   average cell updates per second: 75052.3
INFO (CarpetX): OutputGH: iteration 52, time 0.203125, run time 3 s
INFO (CarpetX): OutputGH done.
INFO (CarpetX): Simulation time: 0.203125   Iterations per second: 18.3229   Simulation time per second: 0.0715738
INFO (CarpetX): Grid cells: 4096   Grid cell updates per second: 75050.6
INFO (CarpetX): Performance:
INFO (CarpetX):   total evolution time:            2.83791 sec
INFO (CarpetX):   total evolution compute time:    2.83622 sec
INFO (CarpetX):   total evolution output time:     0.00168991 sec
INFO (CarpetX):   total iterations:                52
INFO (CarpetX):   total cells updated:             212992
INFO (CarpetX):   average iterations per second: 18.3233
INFO (CarpetX):   average cell updates per second: 75052.4
INFO (CarpetX): OutputGH: iteration 53, time 0.207031, run time 3 s
INFO (CarpetX): OutputGH done.
INFO (CarpetX): Simulation time: 0.207031   Iterations per second: 18.3166   Simulation time per second: 0.0715492
INFO (CarpetX): Grid cells: 4096   Grid cell updates per second: 75024.8
INFO (CarpetX): Performance:
INFO (CarpetX):   total evolution time:            2.89267 sec
INFO (CarpetX):   total evolution compute time:    2.89094 sec
INFO (CarpetX):   total evolution output time:     0.00173879 sec
INFO (CarpetX):   total iterations:                53
INFO (CarpetX):   total cells updated:             217088
INFO (CarpetX):   average iterations per second: 18.3221
INFO (CarpetX):   average cell updates per second: 75047.5
INFO (CarpetX): OutputGH: iteration 54, time 0.210938, run time 3 s
INFO (CarpetX): OutputGH done.
INFO (CarpetX): Simulation time: 0.210938   Iterations per second: 18.3163   Simulation time per second: 0.0715479
INFO (CarpetX): Grid cells: 4096   Grid cell updates per second: 75023.4
INFO (CarpetX): Performance:
INFO (CarpetX):   total evolution time:            2.94728 sec
INFO (CarpetX):   total evolution compute time:    2.94549 sec
INFO (CarpetX):   total evolution output time:     0.0017879 sec
INFO (CarpetX):   total iterations:                54
INFO (CarpetX):   total cells updated:             221184
INFO (CarpetX):   average iterations per second: 18.322
INFO (CarpetX):   average cell updates per second: 75046.8
INFO (CarpetX): OutputGH: iteration 55, time 0.214844, run time 3 s
INFO (CarpetX): OutputGH done.
INFO (CarpetX): Simulation time: 0.214844   Iterations per second: 18.3094   Simulation time per second: 0.071521
INFO (CarpetX): Grid cells: 4096   Grid cell updates per second: 74995.2
INFO (CarpetX): Performance:
INFO (CarpetX):   total evolution time:            3.00208 sec
INFO (CarpetX):   total evolution compute time:    3.00024 sec
INFO (CarpetX):   total evolution output time:     0.00184107 sec
INFO (CarpetX):   total iterations:                55
INFO (CarpetX):   total cells updated:             225280
INFO (CarpetX):   average iterations per second: 18.3206
INFO (CarpetX):   average cell updates per second: 75041.3
INFO (CarpetX): OutputGH: iteration 56, time 0.218750, run time 3 s
INFO (CarpetX): OutputGH done.
INFO (CarpetX): Simulation time: 0.21875   Iterations per second: 18.308   Simulation time per second: 0.0715156
INFO (CarpetX): Grid cells: 4096   Grid cell updates per second: 74989.5
INFO (CarpetX): Performance:
INFO (CarpetX):   total evolution time:            3.05674 sec
INFO (CarpetX):   total evolution compute time:    3.05485 sec
INFO (CarpetX):   total evolution output time:     0.00189304 sec
INFO (CarpetX):   total iterations:                56
INFO (CarpetX):   total cells updated:             229376
INFO (CarpetX):   average iterations per second: 18.3202
INFO (CarpetX):   average cell updates per second: 75039.4
INFO (CarpetX): OutputGH: iteration 57, time 0.222656, run time 3 s
INFO (CarpetX): OutputGH done.
INFO (CarpetX): Simulation time: 0.222656   Iterations per second: 18.2708   Simulation time per second: 0.0713701
INFO (CarpetX): Grid cells: 4096   Grid cell updates per second: 74837
INFO (CarpetX): Performance:
INFO (CarpetX):   total evolution time:            3.11247 sec
INFO (CarpetX):   total evolution compute time:    3.11055 sec
INFO (CarpetX):   total evolution output time:     0.00192428 sec
INFO (CarpetX):   total iterations:                57
INFO (CarpetX):   total cells updated:             233472
INFO (CarpetX):   average iterations per second: 18.3134
INFO (CarpetX):   average cell updates per second: 75011.7
INFO (CarpetX): OutputGH: iteration 58, time 0.226562, run time 3 s
INFO (CarpetX): OutputGH done.
INFO (CarpetX): Simulation time: 0.226562   Iterations per second: 18.2737   Simulation time per second: 0.0713817
INFO (CarpetX): Grid cells: 4096   Grid cell updates per second: 74849.1
INFO (CarpetX): Performance:
INFO (CarpetX):   total evolution time:            3.16712 sec
INFO (CarpetX):   total evolution compute time:    3.16516 sec
INFO (CarpetX):   total evolution output time:     0.00195622 sec
INFO (CarpetX):   total iterations:                58
INFO (CarpetX):   total cells updated:             237568
INFO (CarpetX):   average iterations per second: 18.3132
INFO (CarpetX):   average cell updates per second: 75010.8
INFO (CarpetX): OutputGH: iteration 59, time 0.230469, run time 3 s
INFO (CarpetX): OutputGH done.
INFO (CarpetX): Simulation time: 0.230469   Iterations per second: 18.2763   Simulation time per second: 0.0713919
INFO (CarpetX): Grid cells: 4096   Grid cell updates per second: 74859.8
INFO (CarpetX): Performance:
INFO (CarpetX):   total evolution time:            3.22176 sec
INFO (CarpetX):   total evolution compute time:    3.21978 sec
INFO (CarpetX):   total evolution output time:     0.00198722 sec
INFO (CarpetX):   total iterations:                59
INFO (CarpetX):   total cells updated:             241664
INFO (CarpetX):   average iterations per second: 18.313
INFO (CarpetX):   average cell updates per second: 75009.9
INFO (CarpetX): OutputGH: iteration 60, time 0.234375, run time 3 s
INFO (CarpetX): OutputGH done.
INFO (CarpetX): Simulation time: 0.234375   Iterations per second: 18.2813   Simulation time per second: 0.0714112
INFO (CarpetX): Grid cells: 4096   Grid cell updates per second: 74880
INFO (CarpetX): Performance:
INFO (CarpetX):   total evolution time:            3.27633 sec
INFO (CarpetX):   total evolution compute time:    3.27431 sec
INFO (CarpetX):   total evolution output time:     0.00201631 sec
INFO (CarpetX):   total iterations:                60
INFO (CarpetX):   total cells updated:             245760
INFO (CarpetX):   average iterations per second: 18.3132
INFO (CarpetX):   average cell updates per second: 75010.7
INFO (CarpetX): OutputGH: iteration 61, time 0.238281, run time 3 s
INFO (CarpetX): OutputGH done.
INFO (CarpetX): Simulation time: 0.238281   Iterations per second: 18.2866   Simulation time per second: 0.071432
INFO (CarpetX): Grid cells: 4096   Grid cell updates per second: 74901.9
INFO (CarpetX): Performance:
INFO (CarpetX):   total evolution time:            3.33087 sec
INFO (CarpetX):   total evolution compute time:    3.32882 sec
INFO (CarpetX):   total evolution output time:     0.00204825 sec
INFO (CarpetX):   total iterations:                61
INFO (CarpetX):   total cells updated:             249856
INFO (CarpetX):   average iterations per second: 18.3135
INFO (CarpetX):   average cell updates per second: 75012.2
INFO (CarpetX): OutputGH: iteration 62, time 0.242188, run time 4 s
INFO (CarpetX): OutputGH done.
INFO (CarpetX): Simulation time: 0.242188   Iterations per second: 18.2892   Simulation time per second: 0.0714424
INFO (CarpetX): Grid cells: 4096   Grid cell updates per second: 74912.7
INFO (CarpetX): Performance:
INFO (CarpetX):   total evolution time:            3.38548 sec
INFO (CarpetX):   total evolution compute time:    3.38338 sec
INFO (CarpetX):   total evolution output time:     0.00209737 sec
INFO (CarpetX):   total iterations:                62
INFO (CarpetX):   total cells updated:             253952
INFO (CarpetX):   average iterations per second: 18.3135
INFO (CarpetX):   average cell updates per second: 75012.2
INFO (CarpetX): OutputGH: iteration 63, time 0.246094, run time 4 s
INFO (CarpetX): OutputGH done.
INFO (CarpetX): Simulation time: 0.246094   Iterations per second: 18.2892   Simulation time per second: 0.0714422
INFO (CarpetX): Grid cells: 4096   Grid cell updates per second: 74912.6
INFO (CarpetX): Performance:
INFO (CarpetX):   total evolution time:            3.44016 sec
INFO (CarpetX):   total evolution compute time:    3.43801 sec
INFO (CarpetX):   total evolution output time:     0.00214934 sec
INFO (CarpetX):   total iterations:                63
INFO (CarpetX):   total cells updated:             258048
INFO (CarpetX):   average iterations per second: 18.3131
INFO (CarpetX):   average cell updates per second: 75010.6
INFO (CarpetX): OutputGH: iteration 64, time 0.250000, run time 4 s
INFO (CarpetX): OutputGH done.
INFO (CarpetX): Simulation time: 0.25   Iterations per second: 17.5624   Simulation time per second: 0.068603
INFO (CarpetX): Grid cells: 4096   Grid cell updates per second: 71935.4
INFO (CarpetX): Performance:
INFO (CarpetX):   total evolution time:            3.51746 sec
INFO (CarpetX):   total evolution compute time:    3.50198 sec
INFO (CarpetX):   total evolution output time:     0.0154793 sec
INFO (CarpetX):   total iterations:                64
INFO (CarpetX):   total cells updated:             262144
INFO (CarpetX):   average iterations per second: 18.1949
INFO (CarpetX):   average cell updates per second: 74526.5
INFO (CarpetX): Shutting down...
AMReX (25.11) finalized
--------------------------------------------------------------------------------
Done.

real	0m3.920s
user	0m6.576s
sys	0m0.112s
+ echo Stopping:
Stopping:
+ date
Sat Feb 14 05:46:15 AM UTC 2026
+ echo Done.
Done.
  Elapsed time: 3.9 s
