/__w/canudax-tests/workspace/simulations/TestJob01_temp_2/output-0000/TEST/sim/CanudaX_BSSNMoL
Preparing:
+ set -e
+ cd output-0000-active
+ echo Checking:
Checking:
+ pwd
/__w/canudax-tests/workspace/simulations/TestJob01_temp_2/output-0000/TEST/sim/CanudaX_BSSNMoL/output-0000-active
+ hostname
0c921cea513a
+ date
Thu Apr 16 04:18:49 AM UTC 2026
+ echo Environment:
Environment:
+ export SIMULATION_ID=simulation-TestJob01_temp_2-actions-cpu-real64-actions-root-2026.04.16-04.18.49-16820
+ SIMULATION_ID=simulation-TestJob01_temp_2-actions-cpu-real64-actions-root-2026.04.16-04.18.49-16820
+ export CACTUS_NUM_PROCS=2
+ CACTUS_NUM_PROCS=2
+ export CACTUS_NUM_THREADS=1
+ CACTUS_NUM_THREADS=1
+ export CACTUS_SET_THREAD_BINDINGS=0
+ CACTUS_SET_THREAD_BINDINGS=0
+ export GLIBCXX_FORCE_NEW=1
+ GLIBCXX_FORCE_NEW=1
+ export GMON_OUT_PREFIX=gmon.out
+ GMON_OUT_PREFIX=gmon.out
+ export OMP_DISPLAY_ENV=TRUE
+ OMP_DISPLAY_ENV=TRUE
+ export OMP_MAX_TASKS=100
+ OMP_MAX_TASKS=100
+ export OMP_NUM_THREADS=1
+ OMP_NUM_THREADS=1
+ export OMP_PLACES=cores
+ OMP_PLACES=cores
+ export OMP_PROC_BIND=FALSE
+ OMP_PROC_BIND=FALSE
+ export OMP_STACKSIZE=8192
+ OMP_STACKSIZE=8192
+ env
+ sort
+ echo Starting:
Starting:
++ date +%s
+ export CACTUS_STARTTIME=1776313129
+ CACTUS_STARTTIME=1776313129
+ mpiexec -n 2 /__w/canudax-tests/workspace/simulations/TestJob01_temp_2/SIMFACTORY/exe/cactus_sim -L 3 /__w/canudax-tests/workspace/simulations/TestJob01_temp_2/output-0000/arrangements/CanudaX/CanudaX_BSSNMoL/test/gaugewave.par

OPENMP DISPLAY ENVIRONMENT BEGIN
  _OPENMP = '201511'
  [host] OMP_DYNAMIC = 'FALSE'
  [host] OMP_NESTED = 'FALSE'
  [host] OMP_NUM_THREADS = '1'
  [host] OMP_SCHEDULE = 'DYNAMIC'
  [host] OMP_PROC_BIND = 'FALSE'
  [host] OMP_PLACES = ''
  [host] OMP_STACKSIZE = '8388608'
  [host] OMP_WAIT_POLICY = 'PASSIVE'
  [host] OMP_THREAD_LIMIT = '4294967295'
  [host] OMP_MAX_ACTIVE_LEVELS = '1'
  [host] OMP_NUM_TEAMS = '0'
  [host] OMP_TEAMS_THREAD_LIMIT = '0'
  [all] OMP_CANCELLATION = 'FALSE'
  [all] OMP_DEFAULT_DEVICE = '0'
  [all] OMP_MAX_TASK_PRIORITY = '0'
  [all] OMP_DISPLAY_AFFINITY = 'FALSE'
  [host] OMP_AFFINITY_FORMAT = 'level %L thread %i affinity %A'
  [host] OMP_ALLOCATOR = 'omp_default_mem_alloc'
  [all] OMP_TARGET_OFFLOAD = 'DEFAULT'
OPENMP DISPLAY ENVIRONMENT END

OPENMP DISPLAY ENVIRONMENT BEGIN
  _OPENMP = '201511'
  [host] OMP_DYNAMIC = 'FALSE'
  [host] OMP_NESTED = 'FALSE'
  [host] OMP_NUM_THREADS = '1'
  [host] OMP_SCHEDULE = 'DYNAMIC'
  [host] OMP_PROC_BIND = 'FALSE'
  [host] OMP_PLACES = ''
  [host] OMP_STACKSIZE = '8388608'
  [host] OMP_WAIT_POLICY = 'PASSIVE'
  [host] OMP_THREAD_LIMIT = '4294967295'
  [host] OMP_MAX_ACTIVE_LEVELS = '1'
  [host] OMP_NUM_TEAMS = '0'
  [host] OMP_TEAMS_THREAD_LIMIT = '0'
  [all] OMP_CANCELLATION = 'FALSE'
  [all] OMP_DEFAULT_DEVICE = '0'
  [all] OMP_MAX_TASK_PRIORITY = '0'
  [all] OMP_DISPLAY_AFFINITY = 'FALSE'
  [host] OMP_AFFINITY_FORMAT = 'level %L thread %i affinity %A'
  [host] OMP_ALLOCATOR = 'omp_default_mem_alloc'
  [all] OMP_TARGET_OFFLOAD = 'DEFAULT'
OPENMP DISPLAY ENVIRONMENT END
INFO (Cactus): Increased logging level from 0 to 3
--------------------------------------------------------------------------------

       10                                  
  1   0101       ************************  
  01  1010 10      The Cactus Code V4.18.0    
 1010 1101 011      www.cactuscode.org     
  1001 100101    ************************  
    00010101                               
     100011     (c) Copyright The Authors  
      0100      GNU Licensed. No Warranty  
      0101                                 
--------------------------------------------------------------------------------

Cactus version:    4.18.0
Compile date:      Apr 16 2026 (04:16:27)
Run date:          Apr 16 2026 (04:18:49+0000)
Run host:          0c921cea513a (pid=16868)
Working directory: /__w/canudax-tests/workspace/simulations/TestJob01_temp_2/output-0000/TEST/sim/CanudaX_BSSNMoL
Executable:        /__w/canudax-tests/workspace/simulations/TestJob01_temp_2/SIMFACTORY/exe/cactus_sim
Parameter file:    /__w/canudax-tests/workspace/simulations/TestJob01_temp_2/output-0000/arrangements/CanudaX/CanudaX_BSSNMoL/test/gaugewave.par
--------------------------------------------------------------------------------

Activating thorn Cactus...Success -> active implementation Cactus
Activation requested for 
--->ADMBaseX CanudaX_BSSNMoL CanudaX_ExactID CarpetX IOUtil ODESolvers TmunuBaseX<---
Thorn ADMBaseX requests automatic activation of Loop
Thorn CarpetX requests automatic activation of AMReX
Thorn CarpetX requests automatic activation of MPI
Thorn CarpetX requests automatic activation of yaml_cpp
Thorn CarpetX requests automatic activation of zlib
Thorn CarpetX requests automatic activation of Arith
Thorn CarpetX requests automatic activation of CarpetXRegrid
Thorn CarpetX requests automatic activation of ADIOS2
Thorn CarpetX requests automatic activation of openPMD
Thorn CarpetX requests automatic activation of Silo
Thorn ODESolvers requests automatic activation of Subcycling
Thorn Arith requests automatic activation of NSIMD
Thorn MPI requests automatic activation of hwloc
Thorn openPMD requests automatic activation of HDF5
Activating thorn ADIOS2...Success -> active implementation ADIOS2
Activating thorn ADMBaseX...Success -> active implementation ADMBaseX
Activating thorn AMReX...Success -> active implementation AMReX
Activating thorn Arith...Success -> active implementation Arith
Activating thorn CanudaX_BSSNMoL...Success -> active implementation CanudaX_BSSNMoL
Activating thorn CanudaX_ExactID...Success -> active implementation CanudaX_ExactID
Activating thorn CarpetX...Success -> active implementation Driver
Activating thorn CarpetXRegrid...Success -> active implementation CarpetXRegrid
Activating thorn HDF5...Success -> active implementation HDF5
Activating thorn hwloc...Success -> active implementation hwloc
Activating thorn IOUtil...Success -> active implementation IO
Activating thorn Loop...Success -> active implementation Loop
Activating thorn MPI...Success -> active implementation MPI
Activating thorn NSIMD...Success -> active implementation NSIMD
Activating thorn ODESolvers...Success -> active implementation ODESolvers
Activating thorn openPMD...Success -> active implementation openPMD
Activating thorn Silo...Success -> active implementation Silo
Activating thorn Subcycling...Success -> active implementation Subcycling
Activating thorn TmunuBaseX...Success -> active implementation TmunuBaseX
Activating thorn yaml_cpp...Success -> active implementation yaml_cpp
Activating thorn zlib...Success -> active implementation zlib
--------------------------------------------------------------------------------
  if (recover initial data)
    Recover parameters
  endif

  Startup routines
    [CCTK_STARTUP]
      CarpetX::Driver_Startup: Start up the driver
      IOUtil::IOUtil_Startup: Startup routine
      GROUP hwloc_startup: hwloc startup group
        hwloc::hwloc_version: Output hwloc version

  Startup routines which need an existing grid hierarchy
    [CCTK_WRAGH]
      Arith::Test_smallvector: [meta] Test small vectors
      Arith::Test_spvect: [meta] Test sparse vectors
      ODESolvers::ODESolvers_InitConstants: [global] Set up dummy loop counters for schedule printout
  Parameter checking routines
    [CCTK_PARAMCHECK]
      CanudaX_BSSNMoL::CanudaX_BSSNMoL_paramcheck: Check CanudaX_BSSNMoL parameters for consistency

  Initialisation
    if (NOT (recover initial data AND recovery_mode is 'strict'))
      [CCTK_PREREGRIDINITIAL]
      Set up grid hierarchy
      [CCTK_POSTREGRIDINITIAL]
      [CCTK_BASEGRID]
        CarpetXRegrid::CarpetXRegrid_InitError: Initialize regridding error to zero
        GROUP ODESolvers_BaseGrid: Set up constants (e.g. coordinates) everywhere on the grid
      [CCTK_INITIAL]
        GROUP TmunuBaseX_SetTmunuVars: Schedule group for setting T_munu
          TmunuBaseX::TmunuBaseX_ZeroTmunu: Set T_munu to zero
          GROUP TmunuBaseX_AddToTmunu: Add to T_munu here
        GROUP ODESolvers_Initial: Set up initial conditions on interior of state vector
          GROUP ADMBaseX_InitialData: Schedule group for calculating ADM initial data
            GROUP CanudaX_ExactIDGroup: CanudaX_ExactID group for setting up initial data
              CanudaX_ExactID::CanudaX_ExactID_GaugeWave: [local] Create gauge wave initial data
          GROUP ADMBaseX_InitialGauge: Schedule group for the ADM initial gauge condition
            ADMBaseX::ADMBaseX_initial_dtlapse: Set dtlapse to zero
            ADMBaseX::ADMBaseX_initial_dtshift: Set dtshift to zero
          GROUP ADMBaseX_PostInitial: Schedule group for modifying the ADM initial data, such as e.g. adding noise
        GROUP Subcycling_RMBndryGroup: Check if the ghost points are at refinement boundary
          Subcycling::Subcycling_SetLevelNeighbor: Set isrmbndry
          Subcycling::Subcycling_SetIsRMBndry: Set isrmbndry
        GROUP CanudaX_BSSNMoL_InitialGroup: CanudaX_BSSNMoL: initial bin
          CanudaX_BSSNMoL::CanudaX_BSSNMoL_adm2bssn: [local] Convert initial data into BSSN variables
          CanudaX_BSSNMoL::CanudaX_BSSNMoL_gammat: [local] Set Gammat initial data
      [CCTK_POSTINITIAL]
        GROUP ODESolvers_PostStep: Apply boundary conditions to state vector, and project if necessary
          GROUP CanudaX_BSSNMoL_PostStepGroup: CanudaX_BSSNMoL: post-step operations
            CanudaX_BSSNMoL::CanudaX_BSSNMoL_impose_conf_fac_floor: Make sure conformal factor does not drop below specified value
            CanudaX_BSSNMoL::CanudaX_BSSNMoL_reset_detmetric: reset dethh = 1
            CanudaX_BSSNMoL::CanudaX_BSSNMoL_remove_trA: Remove trace of A
          GROUP ADMBaseX_SetADMRHS: Set ADM RHS variables in this group
          CanudaX_BSSNMoL::CanudaX_BSSNMoL_sync: [global] Sync state vector
          GROUP ADMBaseX_SetADMVars: Set ADM variables in this group
            CanudaX_BSSNMoL::CanudaX_BSSNMoL_bssn2adm: [local] Convert variables back to the ADM ones
          GROUP TmunuBaseX_SetTmunuVars: Schedule group for setting T_munu
            TmunuBaseX::TmunuBaseX_ZeroTmunu: Set T_munu to zero
            GROUP TmunuBaseX_AddToTmunu: Add to T_munu here
        GROUP ODESolvers_EstimateError: Estimate discretization error (for regridding)
      Initialise finer grids recursively
      Restrict from finer grids
      [CCTK_POSTRESTRICTINITIAL]
      [CCTK_POSTPOSTINITIAL]
      [CCTK_POSTSTEP]
        GROUP ODESolvers_EstimateError: Estimate discretization error (for regridding)
    endif
    if (recover initial data)
      [CCTK_BASEGRID]
        CarpetXRegrid::CarpetXRegrid_InitError: Initialize regridding error to zero
        GROUP ODESolvers_BaseGrid: Set up constants (e.g. coordinates) everywhere on the grid
      [CCTK_RECOVER_VARIABLES]
      [CCTK_POST_RECOVER_VARIABLES]
        GROUP ODESolvers_PostStep: Apply boundary conditions to state vector, and project if necessary
          GROUP CanudaX_BSSNMoL_PostStepGroup: CanudaX_BSSNMoL: post-step operations
            CanudaX_BSSNMoL::CanudaX_BSSNMoL_impose_conf_fac_floor: Make sure conformal factor does not drop below specified value
            CanudaX_BSSNMoL::CanudaX_BSSNMoL_reset_detmetric: reset dethh = 1
            CanudaX_BSSNMoL::CanudaX_BSSNMoL_remove_trA: Remove trace of A
          GROUP ADMBaseX_SetADMRHS: Set ADM RHS variables in this group
          CanudaX_BSSNMoL::CanudaX_BSSNMoL_sync: [global] Sync state vector
          GROUP ADMBaseX_SetADMVars: Set ADM variables in this group
            CanudaX_BSSNMoL::CanudaX_BSSNMoL_bssn2adm: [local] Convert variables back to the ADM ones
          GROUP TmunuBaseX_SetTmunuVars: Schedule group for setting T_munu
            TmunuBaseX::TmunuBaseX_ZeroTmunu: Set T_munu to zero
            GROUP TmunuBaseX_AddToTmunu: Add to T_munu here
        GROUP ODESolvers_EstimateError: Estimate discretization error (for regridding)
        GROUP Subcycling_RMBndryGroup: Check if the ghost points are at refinement boundary
          Subcycling::Subcycling_SetLevelNeighbor: Set isrmbndry
          Subcycling::Subcycling_SetIsRMBndry: Set isrmbndry
    endif
    if (checkpoint initial data)
      [CCTK_CPINITIAL]
        CarpetX::CarpetX_CheckpointInitial: [meta] Checkpoint initial conditions
    endif
    if (analysis)
      [CCTK_ANALYSIS]
        CanudaX_BSSNMoL::CanudaX_BSSNMoL_calc_ricci_for_constraints: MoL ricci tensor and scalar calculation
        CanudaX_BSSNMoL::CanudaX_BSSNMoL_bssn_constraints: Compute constraints
        GROUP ODESolvers_Analysis: Calculate analysis quantities everywhere
  endif
  Output grid variables

  do loop over timesteps
    [CCTK_PREREGRID]
    Change grid hierarchy
    [CCTK_POSTREGRID]
      GROUP ODESolvers_PostStep: Apply boundary conditions to state vector, and project if necessary
        GROUP CanudaX_BSSNMoL_PostStepGroup: CanudaX_BSSNMoL: post-step operations
          CanudaX_BSSNMoL::CanudaX_BSSNMoL_impose_conf_fac_floor: Make sure conformal factor does not drop below specified value
          CanudaX_BSSNMoL::CanudaX_BSSNMoL_reset_detmetric: reset dethh = 1
          CanudaX_BSSNMoL::CanudaX_BSSNMoL_remove_trA: Remove trace of A
        GROUP ADMBaseX_SetADMRHS: Set ADM RHS variables in this group
        CanudaX_BSSNMoL::CanudaX_BSSNMoL_sync: [global] Sync state vector
        GROUP ADMBaseX_SetADMVars: Set ADM variables in this group
          CanudaX_BSSNMoL::CanudaX_BSSNMoL_bssn2adm: [local] Convert variables back to the ADM ones
        GROUP TmunuBaseX_SetTmunuVars: Schedule group for setting T_munu
          TmunuBaseX::TmunuBaseX_ZeroTmunu: Set T_munu to zero
          GROUP TmunuBaseX_AddToTmunu: Add to T_munu here
      GROUP Subcycling_RMBndryGroup: Check if the ghost points are at refinement boundary
        Subcycling::Subcycling_SetLevelNeighbor: Set isrmbndry
        Subcycling::Subcycling_SetIsRMBndry: Set isrmbndry
    Rotate timelevels
    iteration = iteration+1
    t = t+dt
    [CCTK_PRESTEP]
    [CCTK_EVOL]
      ODESolvers::ODESolvers_Solve_Subcycling: [level] Solve ODEs using Subcycling
      while (ODESolvers::do_substeps)
        GROUP ODESolvers_CalledBySolve: Groups internally scheduled by ODESolvers_Solve
          GROUP ODESolvers_RHS: Evaluate the RHS for of state vector everywhere on the grid
            GROUP CanudaX_BSSNMoL_RHSGroup: CanudaX_BSSNMoL: calculate BSSN RHS
              CanudaX_BSSNMoL::CanudaX_BSSNMoL_calc_ricci: MoL ricci tensor and scalar calculation
              CanudaX_BSSNMoL::CanudaX_BSSNMoL_calc_bssn_rhs: MoL RHS calculation
              CanudaX_BSSNMoL::CanudaX_BSSNMoL_apply_boundary_conditions: Apply radiative boundary conditions 
          GROUP ODESolvers_PostStep: Apply boundary conditions to state vector, and project if necessary
            GROUP CanudaX_BSSNMoL_PostStepGroup: CanudaX_BSSNMoL: post-step operations
              CanudaX_BSSNMoL::CanudaX_BSSNMoL_impose_conf_fac_floor: Make sure conformal factor does not drop below specified value
              CanudaX_BSSNMoL::CanudaX_BSSNMoL_reset_detmetric: reset dethh = 1
              CanudaX_BSSNMoL::CanudaX_BSSNMoL_remove_trA: Remove trace of A
            GROUP ADMBaseX_SetADMRHS: Set ADM RHS variables in this group
            CanudaX_BSSNMoL::CanudaX_BSSNMoL_sync: [global] Sync state vector
            GROUP ADMBaseX_SetADMVars: Set ADM variables in this group
              CanudaX_BSSNMoL::CanudaX_BSSNMoL_bssn2adm: [local] Convert variables back to the ADM ones
            GROUP TmunuBaseX_SetTmunuVars: Schedule group for setting T_munu
              TmunuBaseX::TmunuBaseX_ZeroTmunu: Set T_munu to zero
              GROUP TmunuBaseX_AddToTmunu: Add to T_munu here
      end while
    Evolve finer grids recursively
    Restrict from finer grids
    [CCTK_POSTRESTRICT]
      GROUP ODESolvers_PostStep: Apply boundary conditions to state vector, and project if necessary
        GROUP CanudaX_BSSNMoL_PostStepGroup: CanudaX_BSSNMoL: post-step operations
          CanudaX_BSSNMoL::CanudaX_BSSNMoL_impose_conf_fac_floor: Make sure conformal factor does not drop below specified value
          CanudaX_BSSNMoL::CanudaX_BSSNMoL_reset_detmetric: reset dethh = 1
          CanudaX_BSSNMoL::CanudaX_BSSNMoL_remove_trA: Remove trace of A
        GROUP ADMBaseX_SetADMRHS: Set ADM RHS variables in this group
        CanudaX_BSSNMoL::CanudaX_BSSNMoL_sync: [global] Sync state vector
        GROUP ADMBaseX_SetADMVars: Set ADM variables in this group
          CanudaX_BSSNMoL::CanudaX_BSSNMoL_bssn2adm: [local] Convert variables back to the ADM ones
        GROUP TmunuBaseX_SetTmunuVars: Schedule group for setting T_munu
          TmunuBaseX::TmunuBaseX_ZeroTmunu: Set T_munu to zero
          GROUP TmunuBaseX_AddToTmunu: Add to T_munu here
    [CCTK_POSTSTEP]
      GROUP ODESolvers_EstimateError: Estimate discretization error (for regridding)
    if (checkpoint)
      [CCTK_CHECKPOINT]
      CarpetX::CarpetX_Checkpoint: [meta] Checkpoint
    endif
    if (analysis)
      [CCTK_ANALYSIS]
      CanudaX_BSSNMoL::CanudaX_BSSNMoL_calc_ricci_for_constraints: MoL ricci tensor and scalar calculation
      CanudaX_BSSNMoL::CanudaX_BSSNMoL_bssn_constraints: Compute constraints
      GROUP ODESolvers_Analysis: Calculate analysis quantities everywhere
    endif
    Output grid variables
    enddo

  Termination routines
    [CCTK_TERMINATE]
      CarpetX::CarpetX_CheckpointTerminate: [meta] Checkpoint before terminating

  Shutdown routines
    [CCTK_SHUTDOWN]
      CarpetX::Driver_Shutdown: [meta] Shut down the driver

  Routines run after changing the grid hierarchy:
    [CCTK_POSTREGRID]
      GROUP ODESolvers_PostStep: Apply boundary conditions to state vector, and project if necessary
        GROUP CanudaX_BSSNMoL_PostStepGroup: CanudaX_BSSNMoL: post-step operations
          CanudaX_BSSNMoL::CanudaX_BSSNMoL_impose_conf_fac_floor: Make sure conformal factor does not drop below specified value
          CanudaX_BSSNMoL::CanudaX_BSSNMoL_reset_detmetric: reset dethh = 1
          CanudaX_BSSNMoL::CanudaX_BSSNMoL_remove_trA: Remove trace of A
        GROUP ADMBaseX_SetADMRHS: Set ADM RHS variables in this group
        CanudaX_BSSNMoL::CanudaX_BSSNMoL_sync: [global] Sync state vector
        GROUP ADMBaseX_SetADMVars: Set ADM variables in this group
          CanudaX_BSSNMoL::CanudaX_BSSNMoL_bssn2adm: [local] Convert variables back to the ADM ones
        GROUP TmunuBaseX_SetTmunuVars: Schedule group for setting T_munu
          TmunuBaseX::TmunuBaseX_ZeroTmunu: Set T_munu to zero
          GROUP TmunuBaseX_AddToTmunu: Add to T_munu here
      GROUP Subcycling_RMBndryGroup: Check if the ghost points are at refinement boundary
        Subcycling::Subcycling_SetLevelNeighbor: Set isrmbndry
        Subcycling::Subcycling_SetIsRMBndry: Set isrmbndry
--------------------------------------------------------------------------------
INFO (hwloc): library version 2.10.0, API version 0x20800
--------------------------------------------------------------------------------
                                                            
   _______ _______  ______  _____  _______ _______ _     _  
   |       |_____| |_____/ |_____] |______    |     \___/   
   |_____  |     | |    \_ |       |______    |    _/   \_  
                                                            
AMR driver provided by CarpetX,
using AMReX 25.11 (MPI, OpenMP, no accelerators, optimized)
--------------------------------------------------------------------------------

Initializing AMReX (25.11)...
MPI initialized with 2 MPI processes
MPI initialized with thread support level 2
OMP initialized with 1 OMP threads
AMReX (25.11) initialized
INFO (CarpetX): 
Symmetries:
  lower x: periodic
  lower y: periodic
  lower z: periodic
  upper x: periodic
  upper y: periodic
  upper z: periodic
Default boundaries:
  lower x: symmetry_boundary
  lower y: symmetry_boundary
  lower z: symmetry_boundary
  upper x: symmetry_boundary
  upper y: symmetry_boundary
  upper z: symmetry_boundary
INFO (Arith): Test_smallvector
INFO (Arith): Test_spvect
INFO (CarpetX): Setting initial values for max_grid_size values for all levels
INFO (CarpetX): Setting up initial conditions...
INFO (CarpetX): Iteration: 0   time: 0   delta_time: 0.00390625
INFO (CarpetX): Patch 0:
INFO (CarpetX):   Grid extent:
INFO (CarpetX):     gsh=[71,15,15]
INFO (CarpetX):     blocking_factor=[8,8,8]
INFO (CarpetX):     max_grid_size=[10000000,10000000,10000000]
INFO (CarpetX):     max_tile_size=[1024000,16,32]
INFO (CarpetX):   Domain extent:
INFO (CarpetX):     xmin=[-0.5,-0.0625,-0.0625]
INFO (CarpetX):     xmax=[0.5,0.0625,0.0625]
INFO (CarpetX):     base dx=[0.015625,0.015625,0.015625]
INFO (CarpetX): Initializing level 0...
INFO (CanudaX_ExactID): Begin Gauge Wave initial data
INFO (CanudaX_ExactID): === End gauge wave initial data ===
INFO (CarpetX): Regridding...
INFO (CarpetX):   level 0: 2 boxes, 4096 cells (100%)
INFO (CarpetX): Initialized 1 levels
INFO (CarpetX): Starting evolution...
INFO (ODESolvers): Integrator is RK4
INFO (CarpetX): Simulation time: 0.00390625   Iterations per second: 30.1213   Simulation time per second: 0.117661
INFO (CarpetX): Grid cells: 4096   Grid cell updates per second: 123377
INFO (CarpetX): Performance:
INFO (CarpetX):   total evolution time:            0.0331991 sec
INFO (CarpetX):   total evolution compute time:    0.033196 sec
INFO (CarpetX):   total evolution output time:     3.09944e-06 sec
INFO (CarpetX):   total iterations:                1
INFO (CarpetX):   total cells updated:             4096
INFO (CarpetX):   average iterations per second: 30.1213
INFO (CarpetX):   average cell updates per second: 123377
INFO (CarpetX): Simulation time: 0.0078125   Iterations per second: 32.1268   Simulation time per second: 0.125495
INFO (CarpetX): Grid cells: 4096   Grid cell updates per second: 131592
INFO (CarpetX): Performance:
INFO (CarpetX):   total evolution time:            0.0622532 sec
INFO (CarpetX):   total evolution compute time:    0.0622461 sec
INFO (CarpetX):   total evolution output time:     7.15256e-06 sec
INFO (CarpetX):   total iterations:                2
INFO (CarpetX):   total cells updated:             8192
INFO (CarpetX):   average iterations per second: 32.1268
INFO (CarpetX):   average cell updates per second: 131592
INFO (CarpetX): Simulation time: 0.0117188   Iterations per second: 32.8184   Simulation time per second: 0.128197
INFO (CarpetX): Grid cells: 4096   Grid cell updates per second: 134424
INFO (CarpetX): Performance:
INFO (CarpetX):   total evolution time:            0.0914121 sec
INFO (CarpetX):   total evolution compute time:    0.0914009 sec
INFO (CarpetX):   total evolution output time:     1.12057e-05 sec
INFO (CarpetX):   total iterations:                3
INFO (CarpetX):   total cells updated:             12288
INFO (CarpetX):   average iterations per second: 32.8184
INFO (CarpetX):   average cell updates per second: 134424
INFO (CarpetX): Simulation time: 0.015625   Iterations per second: 33.2066   Simulation time per second: 0.129713
INFO (CarpetX): Grid cells: 4096   Grid cell updates per second: 136014
INFO (CarpetX): Performance:
INFO (CarpetX):   total evolution time:            0.120458 sec
INFO (CarpetX):   total evolution compute time:    0.120443 sec
INFO (CarpetX):   total evolution output time:     1.52588e-05 sec
INFO (CarpetX):   total iterations:                4
INFO (CarpetX):   total cells updated:             16384
INFO (CarpetX):   average iterations per second: 33.2066
INFO (CarpetX):   average cell updates per second: 136014
INFO (CarpetX): Simulation time: 0.0195312   Iterations per second: 33.4155   Simulation time per second: 0.130529
INFO (CarpetX): Grid cells: 4096   Grid cell updates per second: 136870
INFO (CarpetX): Performance:
INFO (CarpetX):   total evolution time:            0.149631 sec
INFO (CarpetX):   total evolution compute time:    0.149613 sec
INFO (CarpetX):   total evolution output time:     1.83582e-05 sec
INFO (CarpetX):   total iterations:                5
INFO (CarpetX):   total cells updated:             20480
INFO (CarpetX):   average iterations per second: 33.4155
INFO (CarpetX):   average cell updates per second: 136870
INFO (CarpetX): Simulation time: 0.0234375   Iterations per second: 33.5912   Simulation time per second: 0.131216
INFO (CarpetX): Grid cells: 4096   Grid cell updates per second: 137590
INFO (CarpetX): Performance:
INFO (CarpetX):   total evolution time:            0.178618 sec
INFO (CarpetX):   total evolution compute time:    0.178596 sec
INFO (CarpetX):   total evolution output time:     2.24113e-05 sec
INFO (CarpetX):   total iterations:                6
INFO (CarpetX):   total cells updated:             24576
INFO (CarpetX):   average iterations per second: 33.5912
INFO (CarpetX):   average cell updates per second: 137590
INFO (CarpetX): Simulation time: 0.0273438   Iterations per second: 33.7203   Simulation time per second: 0.13172
INFO (CarpetX): Grid cells: 4096   Grid cell updates per second: 138118
INFO (CarpetX): Performance:
INFO (CarpetX):   total evolution time:            0.20759 sec
INFO (CarpetX):   total evolution compute time:    0.207565 sec
INFO (CarpetX):   total evolution output time:     2.55108e-05 sec
INFO (CarpetX):   total iterations:                7
INFO (CarpetX):   total cells updated:             28672
INFO (CarpetX):   average iterations per second: 33.7203
INFO (CarpetX):   average cell updates per second: 138118
INFO (CarpetX): Simulation time: 0.03125   Iterations per second: 33.8136   Simulation time per second: 0.132084
INFO (CarpetX): Grid cells: 4096   Grid cell updates per second: 138500
INFO (CarpetX): Performance:
INFO (CarpetX):   total evolution time:            0.236591 sec
INFO (CarpetX):   total evolution compute time:    0.236562 sec
INFO (CarpetX):   total evolution output time:     2.95639e-05 sec
INFO (CarpetX):   total iterations:                8
INFO (CarpetX):   total cells updated:             32768
INFO (CarpetX):   average iterations per second: 33.8136
INFO (CarpetX):   average cell updates per second: 138500
INFO (CarpetX): Simulation time: 0.0351562   Iterations per second: 33.8861   Simulation time per second: 0.132368
INFO (CarpetX): Grid cells: 4096   Grid cell updates per second: 138798
INFO (CarpetX): Performance:
INFO (CarpetX):   total evolution time:            0.265595 sec
INFO (CarpetX):   total evolution compute time:    0.265562 sec
INFO (CarpetX):   total evolution output time:     3.33786e-05 sec
INFO (CarpetX):   total iterations:                9
INFO (CarpetX):   total cells updated:             36864
INFO (CarpetX):   average iterations per second: 33.8861
INFO (CarpetX):   average cell updates per second: 138798
INFO (CarpetX): Simulation time: 0.0390625   Iterations per second: 33.9054   Simulation time per second: 0.132443
INFO (CarpetX): Grid cells: 4096   Grid cell updates per second: 138876
INFO (CarpetX): Performance:
INFO (CarpetX):   total evolution time:            0.294938 sec
INFO (CarpetX):   total evolution compute time:    0.294901 sec
INFO (CarpetX):   total evolution output time:     3.74317e-05 sec
INFO (CarpetX):   total iterations:                10
INFO (CarpetX):   total cells updated:             40960
INFO (CarpetX):   average iterations per second: 33.9054
INFO (CarpetX):   average cell updates per second: 138876
INFO (CarpetX): Simulation time: 0.0429688   Iterations per second: 33.9047   Simulation time per second: 0.13244
INFO (CarpetX): Grid cells: 4096   Grid cell updates per second: 138874
INFO (CarpetX): Performance:
INFO (CarpetX):   total evolution time:            0.324438 sec
INFO (CarpetX):   total evolution compute time:    0.324397 sec
INFO (CarpetX):   total evolution output time:     4.14848e-05 sec
INFO (CarpetX):   total iterations:                11
INFO (CarpetX):   total cells updated:             45056
INFO (CarpetX):   average iterations per second: 33.9047
INFO (CarpetX):   average cell updates per second: 138874
INFO (CarpetX): Simulation time: 0.046875   Iterations per second: 33.9179   Simulation time per second: 0.132492
INFO (CarpetX): Grid cells: 4096   Grid cell updates per second: 138928
INFO (CarpetX): Performance:
INFO (CarpetX):   total evolution time:            0.353817 sec
INFO (CarpetX):   total evolution compute time:    0.353773 sec
INFO (CarpetX):   total evolution output time:     4.43459e-05 sec
INFO (CarpetX):   total iterations:                12
INFO (CarpetX):   total cells updated:             49152
INFO (CarpetX):   average iterations per second: 33.9158
INFO (CarpetX):   average cell updates per second: 138919
INFO (CarpetX): Simulation time: 0.0507812   Iterations per second: 33.9698   Simulation time per second: 0.132694
INFO (CarpetX): Grid cells: 4096   Grid cell updates per second: 139140
INFO (CarpetX): Performance:
INFO (CarpetX):   total evolution time:            0.38285 sec
INFO (CarpetX):   total evolution compute time:    0.382802 sec
INFO (CarpetX):   total evolution output time:     4.8399e-05 sec
INFO (CarpetX):   total iterations:                13
INFO (CarpetX):   total cells updated:             53248
INFO (CarpetX):   average iterations per second: 33.9558
INFO (CarpetX):   average cell updates per second: 139083
INFO (CarpetX): Simulation time: 0.0546875   Iterations per second: 34.0188   Simulation time per second: 0.132886
INFO (CarpetX): Grid cells: 4096   Grid cell updates per second: 139341
INFO (CarpetX): Performance:
INFO (CarpetX):   total evolution time:            0.411864 sec
INFO (CarpetX):   total evolution compute time:    0.411812 sec
INFO (CarpetX):   total evolution output time:     5.22137e-05 sec
INFO (CarpetX):   total iterations:                14
INFO (CarpetX):   total cells updated:             57344
INFO (CarpetX):   average iterations per second: 33.9918
INFO (CarpetX):   average cell updates per second: 139230
INFO (CarpetX): Simulation time: 0.0585938   Iterations per second: 34.0732   Simulation time per second: 0.133098
INFO (CarpetX): Grid cells: 4096   Grid cell updates per second: 139564
INFO (CarpetX): Performance:
INFO (CarpetX):   total evolution time:            0.44079 sec
INFO (CarpetX):   total evolution compute time:    0.440735 sec
INFO (CarpetX):   total evolution output time:     5.53131e-05 sec
INFO (CarpetX):   total iterations:                15
INFO (CarpetX):   total cells updated:             61440
INFO (CarpetX):   average iterations per second: 34.0298
INFO (CarpetX):   average cell updates per second: 139386
INFO (CarpetX): Simulation time: 0.0625   Iterations per second: 34.108   Simulation time per second: 0.133234
INFO (CarpetX): Grid cells: 4096   Grid cell updates per second: 139706
INFO (CarpetX): Performance:
INFO (CarpetX):   total evolution time:            0.469839 sec
INFO (CarpetX):   total evolution compute time:    0.469781 sec
INFO (CarpetX):   total evolution output time:     5.81741e-05 sec
INFO (CarpetX):   total iterations:                16
INFO (CarpetX):   total cells updated:             65536
INFO (CarpetX):   average iterations per second: 34.0542
INFO (CarpetX):   average cell updates per second: 139486
INFO (CarpetX): Simulation time: 0.0664062   Iterations per second: 34.1483   Simulation time per second: 0.133392
INFO (CarpetX): Grid cells: 4096   Grid cell updates per second: 139871
INFO (CarpetX): Performance:
INFO (CarpetX):   total evolution time:            0.498812 sec
INFO (CarpetX):   total evolution compute time:    0.498751 sec
INFO (CarpetX):   total evolution output time:     6.12736e-05 sec
INFO (CarpetX):   total iterations:                17
INFO (CarpetX):   total cells updated:             69632
INFO (CarpetX):   average iterations per second: 34.081
INFO (CarpetX):   average cell updates per second: 139596
INFO (CarpetX): Simulation time: 0.0703125   Iterations per second: 34.1875   Simulation time per second: 0.133545
INFO (CarpetX): Grid cells: 4096   Grid cell updates per second: 140032
INFO (CarpetX): Performance:
INFO (CarpetX):   total evolution time:            0.52776 sec
INFO (CarpetX):   total evolution compute time:    0.527696 sec
INFO (CarpetX):   total evolution output time:     6.4373e-05 sec
INFO (CarpetX):   total iterations:                18
INFO (CarpetX):   total cells updated:             73728
INFO (CarpetX):   average iterations per second: 34.1064
INFO (CarpetX):   average cell updates per second: 139700
INFO (CarpetX): Simulation time: 0.0742188   Iterations per second: 34.2327   Simulation time per second: 0.133722
INFO (CarpetX): Grid cells: 4096   Grid cell updates per second: 140217
INFO (CarpetX): Performance:
INFO (CarpetX):   total evolution time:            0.556624 sec
INFO (CarpetX):   total evolution compute time:    0.556557 sec
INFO (CarpetX):   total evolution output time:     6.7234e-05 sec
INFO (CarpetX):   total iterations:                19
INFO (CarpetX):   total cells updated:             77824
INFO (CarpetX):   average iterations per second: 34.1343
INFO (CarpetX):   average cell updates per second: 139814
INFO (CarpetX): Simulation time: 0.078125   Iterations per second: 34.2449   Simulation time per second: 0.133769
INFO (CarpetX): Grid cells: 4096   Grid cell updates per second: 140267
INFO (CarpetX): Performance:
INFO (CarpetX):   total evolution time:            0.585732 sec
INFO (CarpetX):   total evolution compute time:    0.585662 sec
INFO (CarpetX):   total evolution output time:     7.00951e-05 sec
INFO (CarpetX):   total iterations:                20
INFO (CarpetX):   total cells updated:             81920
INFO (CarpetX):   average iterations per second: 34.1453
INFO (CarpetX):   average cell updates per second: 139859
INFO (CarpetX): Simulation time: 0.0820312   Iterations per second: 34.2671   Simulation time per second: 0.133856
INFO (CarpetX): Grid cells: 4096   Grid cell updates per second: 140358
INFO (CarpetX): Performance:
INFO (CarpetX):   total evolution time:            0.614744 sec
INFO (CarpetX):   total evolution compute time:    0.614671 sec
INFO (CarpetX):   total evolution output time:     7.31945e-05 sec
INFO (CarpetX):   total iterations:                21
INFO (CarpetX):   total cells updated:             86016
INFO (CarpetX):   average iterations per second: 34.1605
INFO (CarpetX):   average cell updates per second: 139922
INFO (CarpetX): Simulation time: 0.0859375   Iterations per second: 34.2904   Simulation time per second: 0.133947
INFO (CarpetX): Grid cells: 4096   Grid cell updates per second: 140454
INFO (CarpetX): Performance:
INFO (CarpetX):   total evolution time:            0.643728 sec
INFO (CarpetX):   total evolution compute time:    0.643652 sec
INFO (CarpetX):   total evolution output time:     7.62939e-05 sec
INFO (CarpetX):   total iterations:                22
INFO (CarpetX):   total cells updated:             90112
INFO (CarpetX):   average iterations per second: 34.1759
INFO (CarpetX):   average cell updates per second: 139984
INFO (CarpetX): Simulation time: 0.0898438   Iterations per second: 34.3262   Simulation time per second: 0.134087
INFO (CarpetX): Grid cells: 4096   Grid cell updates per second: 140600
INFO (CarpetX): Performance:
INFO (CarpetX):   total evolution time:            0.672588 sec
INFO (CarpetX):   total evolution compute time:    0.672507 sec
INFO (CarpetX):   total evolution output time:     8.03471e-05 sec
INFO (CarpetX):   total iterations:                23
INFO (CarpetX):   total cells updated:             94208
INFO (CarpetX):   average iterations per second: 34.1963
INFO (CarpetX):   average cell updates per second: 140068
INFO (CarpetX): Simulation time: 0.09375   Iterations per second: 34.3261   Simulation time per second: 0.134086
INFO (CarpetX): Grid cells: 4096   Grid cell updates per second: 140600
INFO (CarpetX): Performance:
INFO (CarpetX):   total evolution time:            0.70172 sec
INFO (CarpetX):   total evolution compute time:    0.701637 sec
INFO (CarpetX):   total evolution output time:     8.34465e-05 sec
INFO (CarpetX):   total iterations:                24
INFO (CarpetX):   total cells updated:             98304
INFO (CarpetX):   average iterations per second: 34.2017
INFO (CarpetX):   average cell updates per second: 140090
INFO (CarpetX): Simulation time: 0.0976562   Iterations per second: 34.3321   Simulation time per second: 0.13411
INFO (CarpetX): Grid cells: 4096   Grid cell updates per second: 140624
INFO (CarpetX): Performance:
INFO (CarpetX):   total evolution time:            0.730802 sec
INFO (CarpetX):   total evolution compute time:    0.730714 sec
INFO (CarpetX):   total evolution output time:     8.72612e-05 sec
INFO (CarpetX):   total iterations:                25
INFO (CarpetX):   total cells updated:             102400
INFO (CarpetX):   average iterations per second: 34.209
INFO (CarpetX):   average cell updates per second: 140120
INFO (CarpetX): Simulation time: 0.101562   Iterations per second: 34.3404   Simulation time per second: 0.134142
INFO (CarpetX): Grid cells: 4096   Grid cell updates per second: 140658
INFO (CarpetX): Performance:
INFO (CarpetX):   total evolution time:            0.759859 sec
INFO (CarpetX):   total evolution compute time:    0.759767 sec
INFO (CarpetX):   total evolution output time:     9.13143e-05 sec
INFO (CarpetX):   total iterations:                26
INFO (CarpetX):   total cells updated:             106496
INFO (CarpetX):   average iterations per second: 34.2169
INFO (CarpetX):   average cell updates per second: 140152
INFO (CarpetX): Simulation time: 0.105469   Iterations per second: 34.2982   Simulation time per second: 0.133977
INFO (CarpetX): Grid cells: 4096   Grid cell updates per second: 140485
INFO (CarpetX): Performance:
INFO (CarpetX):   total evolution time:            0.789337 sec
INFO (CarpetX):   total evolution compute time:    0.789242 sec
INFO (CarpetX):   total evolution output time:     9.53674e-05 sec
INFO (CarpetX):   total iterations:                27
INFO (CarpetX):   total cells updated:             110592
INFO (CarpetX):   average iterations per second: 34.2059
INFO (CarpetX):   average cell updates per second: 140107
INFO (CarpetX): Simulation time: 0.109375   Iterations per second: 34.2649   Simulation time per second: 0.133847
INFO (CarpetX): Grid cells: 4096   Grid cell updates per second: 140349
INFO (CarpetX): Performance:
INFO (CarpetX):   total evolution time:            0.818776 sec
INFO (CarpetX):   total evolution compute time:    0.818678 sec
INFO (CarpetX):   total evolution output time:     9.84669e-05 sec
INFO (CarpetX):   total iterations:                28
INFO (CarpetX):   total cells updated:             114688
INFO (CarpetX):   average iterations per second: 34.1974
INFO (CarpetX):   average cell updates per second: 140072
INFO (CarpetX): Simulation time: 0.113281   Iterations per second: 34.2392   Simulation time per second: 0.133747
INFO (CarpetX): Grid cells: 4096   Grid cell updates per second: 140244
INFO (CarpetX): Performance:
INFO (CarpetX):   total evolution time:            0.84818 sec
INFO (CarpetX):   total evolution compute time:    0.848078 sec
INFO (CarpetX):   total evolution output time:     0.00010252 sec
INFO (CarpetX):   total iterations:                29
INFO (CarpetX):   total cells updated:             118784
INFO (CarpetX):   average iterations per second: 34.1908
INFO (CarpetX):   average cell updates per second: 140046
INFO (CarpetX): Simulation time: 0.117188   Iterations per second: 34.2088   Simulation time per second: 0.133628
INFO (CarpetX): Grid cells: 4096   Grid cell updates per second: 140119
INFO (CarpetX): Performance:
INFO (CarpetX):   total evolution time:            0.877646 sec
INFO (CarpetX):   total evolution compute time:    0.87754 sec
INFO (CarpetX):   total evolution output time:     0.000106573 sec
INFO (CarpetX):   total iterations:                30
INFO (CarpetX):   total cells updated:             122880
INFO (CarpetX):   average iterations per second: 34.1823
INFO (CarpetX):   average cell updates per second: 140011
INFO (CarpetX): Simulation time: 0.121094   Iterations per second: 34.1944   Simulation time per second: 0.133572
INFO (CarpetX): Grid cells: 4096   Grid cell updates per second: 140060
INFO (CarpetX): Performance:
INFO (CarpetX):   total evolution time:            0.907001 sec
INFO (CarpetX):   total evolution compute time:    0.906891 sec
INFO (CarpetX):   total evolution output time:     0.000110388 sec
INFO (CarpetX):   total iterations:                31
INFO (CarpetX):   total cells updated:             126976
INFO (CarpetX):   average iterations per second: 34.1786
INFO (CarpetX):   average cell updates per second: 139995
INFO (CarpetX): Simulation time: 0.125   Iterations per second: 34.2038   Simulation time per second: 0.133609
INFO (CarpetX): Grid cells: 4096   Grid cell updates per second: 140099
INFO (CarpetX): Performance:
INFO (CarpetX):   total evolution time:            0.936165 sec
INFO (CarpetX):   total evolution compute time:    0.936051 sec
INFO (CarpetX):   total evolution output time:     0.000114202 sec
INFO (CarpetX):   total iterations:                32
INFO (CarpetX):   total cells updated:             131072
INFO (CarpetX):   average iterations per second: 34.182
INFO (CarpetX):   average cell updates per second: 140009
INFO (CarpetX): Simulation time: 0.128906   Iterations per second: 34.2073   Simulation time per second: 0.133622
INFO (CarpetX): Grid cells: 4096   Grid cell updates per second: 140113
INFO (CarpetX): Performance:
INFO (CarpetX):   total evolution time:            0.965372 sec
INFO (CarpetX):   total evolution compute time:    0.965255 sec
INFO (CarpetX):   total evolution output time:     0.000117302 sec
INFO (CarpetX):   total iterations:                33
INFO (CarpetX):   total cells updated:             135168
INFO (CarpetX):   average iterations per second: 34.1837
INFO (CarpetX):   average cell updates per second: 140016
INFO (CarpetX): Simulation time: 0.132812   Iterations per second: 34.2344   Simulation time per second: 0.133728
INFO (CarpetX): Grid cells: 4096   Grid cell updates per second: 140224
INFO (CarpetX): Performance:
INFO (CarpetX):   total evolution time:            0.994374 sec
INFO (CarpetX):   total evolution compute time:    0.994253 sec
INFO (CarpetX):   total evolution output time:     0.000121117 sec
INFO (CarpetX):   total iterations:                34
INFO (CarpetX):   total cells updated:             139264
INFO (CarpetX):   average iterations per second: 34.1924
INFO (CarpetX):   average cell updates per second: 140052
INFO (CarpetX): Simulation time: 0.136719   Iterations per second: 34.2477   Simulation time per second: 0.13378
INFO (CarpetX): Grid cells: 4096   Grid cell updates per second: 140278
INFO (CarpetX): Performance:
INFO (CarpetX):   total evolution time:            1.02347 sec
INFO (CarpetX):   total evolution compute time:    1.02335 sec
INFO (CarpetX):   total evolution output time:     0.000124216 sec
INFO (CarpetX):   total iterations:                35
INFO (CarpetX):   total cells updated:             143360
INFO (CarpetX):   average iterations per second: 34.1973
INFO (CarpetX):   average cell updates per second: 140072
INFO (CarpetX): Simulation time: 0.140625   Iterations per second: 34.2615   Simulation time per second: 0.133834
INFO (CarpetX): Grid cells: 4096   Grid cell updates per second: 140335
INFO (CarpetX): Performance:
INFO (CarpetX):   total evolution time:            1.05255 sec
INFO (CarpetX):   total evolution compute time:    1.05242 sec
INFO (CarpetX):   total evolution output time:     0.000128269 sec
INFO (CarpetX):   total iterations:                36
INFO (CarpetX):   total cells updated:             147456
INFO (CarpetX):   average iterations per second: 34.2026
INFO (CarpetX):   average cell updates per second: 140094
INFO (CarpetX): Simulation time: 0.144531   Iterations per second: 34.2551   Simulation time per second: 0.133809
INFO (CarpetX): Grid cells: 4096   Grid cell updates per second: 140309
INFO (CarpetX): Performance:
INFO (CarpetX):   total evolution time:            1.08179 sec
INFO (CarpetX):   total evolution compute time:    1.08166 sec
INFO (CarpetX):   total evolution output time:     0.000131369 sec
INFO (CarpetX):   total iterations:                37
INFO (CarpetX):   total cells updated:             151552
INFO (CarpetX):   average iterations per second: 34.2024
INFO (CarpetX):   average cell updates per second: 140093
INFO (CarpetX): Simulation time: 0.148438   Iterations per second: 34.2718   Simulation time per second: 0.133874
INFO (CarpetX): Grid cells: 4096   Grid cell updates per second: 140377
INFO (CarpetX): Performance:
INFO (CarpetX):   total evolution time:            1.11085 sec
INFO (CarpetX):   total evolution compute time:    1.11071 sec
INFO (CarpetX):   total evolution output time:     0.000135422 sec
INFO (CarpetX):   total iterations:                38
INFO (CarpetX):   total cells updated:             155648
INFO (CarpetX):   average iterations per second: 34.2082
INFO (CarpetX):   average cell updates per second: 140117
INFO (CarpetX): Simulation time: 0.152344   Iterations per second: 34.2801   Simulation time per second: 0.133907
INFO (CarpetX): Grid cells: 4096   Grid cell updates per second: 140411
INFO (CarpetX): Performance:
INFO (CarpetX):   total evolution time:            1.13995 sec
INFO (CarpetX):   total evolution compute time:    1.13981 sec
INFO (CarpetX):   total evolution output time:     0.000139475 sec
INFO (CarpetX):   total iterations:                39
INFO (CarpetX):   total cells updated:             159744
INFO (CarpetX):   average iterations per second: 34.212
INFO (CarpetX):   average cell updates per second: 140132
INFO (CarpetX): Simulation time: 0.15625   Iterations per second: 34.2699   Simulation time per second: 0.133867
INFO (CarpetX): Grid cells: 4096   Grid cell updates per second: 140369
INFO (CarpetX): Performance:
INFO (CarpetX):   total evolution time:            1.16921 sec
INFO (CarpetX):   total evolution compute time:    1.16907 sec
INFO (CarpetX):   total evolution output time:     0.000143528 sec
INFO (CarpetX):   total iterations:                40
INFO (CarpetX):   total cells updated:             163840
INFO (CarpetX):   average iterations per second: 34.2111
INFO (CarpetX):   average cell updates per second: 140129
INFO (CarpetX): Simulation time: 0.160156   Iterations per second: 34.2517   Simulation time per second: 0.133796
INFO (CarpetX): Grid cells: 4096   Grid cell updates per second: 140295
INFO (CarpetX): Performance:
INFO (CarpetX):   total evolution time:            1.19855 sec
INFO (CarpetX):   total evolution compute time:    1.1984 sec
INFO (CarpetX):   total evolution output time:     0.000146389 sec
INFO (CarpetX):   total iterations:                41
INFO (CarpetX):   total cells updated:             167936
INFO (CarpetX):   average iterations per second: 34.2081
INFO (CarpetX):   average cell updates per second: 140116
INFO (CarpetX): Simulation time: 0.164062   Iterations per second: 34.2839   Simulation time per second: 0.133922
INFO (CarpetX): Grid cells: 4096   Grid cell updates per second: 140427
INFO (CarpetX): Performance:
INFO (CarpetX):   total evolution time:            1.22747 sec
INFO (CarpetX):   total evolution compute time:    1.22732 sec
INFO (CarpetX):   total evolution output time:     0.000150442 sec
INFO (CarpetX):   total iterations:                42
INFO (CarpetX):   total cells updated:             172032
INFO (CarpetX):   average iterations per second: 34.2168
INFO (CarpetX):   average cell updates per second: 140152
INFO (CarpetX): Simulation time: 0.167969   Iterations per second: 34.3082   Simulation time per second: 0.134016
INFO (CarpetX): Grid cells: 4096   Grid cell updates per second: 140526
INFO (CarpetX): Performance:
INFO (CarpetX):   total evolution time:            1.25643 sec
INFO (CarpetX):   total evolution compute time:    1.25627 sec
INFO (CarpetX):   total evolution output time:     0.000154257 sec
INFO (CarpetX):   total iterations:                43
INFO (CarpetX):   total cells updated:             176128
INFO (CarpetX):   average iterations per second: 34.224
INFO (CarpetX):   average cell updates per second: 140181
INFO (CarpetX): Simulation time: 0.171875   Iterations per second: 34.3084   Simulation time per second: 0.134017
INFO (CarpetX): Grid cells: 4096   Grid cell updates per second: 140527
INFO (CarpetX): Performance:
INFO (CarpetX):   total evolution time:            1.28558 sec
INFO (CarpetX):   total evolution compute time:    1.28542 sec
INFO (CarpetX):   total evolution output time:     0.00015831 sec
INFO (CarpetX):   total iterations:                44
INFO (CarpetX):   total cells updated:             180224
INFO (CarpetX):   average iterations per second: 34.2259
INFO (CarpetX):   average cell updates per second: 140189
INFO (CarpetX): Simulation time: 0.175781   Iterations per second: 34.3026   Simulation time per second: 0.133994
INFO (CarpetX): Grid cells: 4096   Grid cell updates per second: 140503
INFO (CarpetX): Performance:
INFO (CarpetX):   total evolution time:            1.31477 sec
INFO (CarpetX):   total evolution compute time:    1.31461 sec
INFO (CarpetX):   total evolution output time:     0.000161409 sec
INFO (CarpetX):   total iterations:                45
INFO (CarpetX):   total cells updated:             184320
INFO (CarpetX):   average iterations per second: 34.2265
INFO (CarpetX):   average cell updates per second: 140192
INFO (CarpetX): Simulation time: 0.179688   Iterations per second: 34.3012   Simulation time per second: 0.133989
INFO (CarpetX): Grid cells: 4096   Grid cell updates per second: 140498
INFO (CarpetX): Performance:
INFO (CarpetX):   total evolution time:            1.34394 sec
INFO (CarpetX):   total evolution compute time:    1.34377 sec
INFO (CarpetX):   total evolution output time:     0.000164509 sec
INFO (CarpetX):   total iterations:                46
INFO (CarpetX):   total cells updated:             188416
INFO (CarpetX):   average iterations per second: 34.2278
INFO (CarpetX):   average cell updates per second: 140197
INFO (CarpetX): Simulation time: 0.183594   Iterations per second: 34.3116   Simulation time per second: 0.13403
INFO (CarpetX): Grid cells: 4096   Grid cell updates per second: 140540
INFO (CarpetX): Performance:
INFO (CarpetX):   total evolution time:            1.373 sec
INFO (CarpetX):   total evolution compute time:    1.37283 sec
INFO (CarpetX):   total evolution output time:     0.000167608 sec
INFO (CarpetX):   total iterations:                47
INFO (CarpetX):   total cells updated:             192512
INFO (CarpetX):   average iterations per second: 34.2316
INFO (CarpetX):   average cell updates per second: 140213
INFO (CarpetX): Simulation time: 0.1875   Iterations per second: 34.3233   Simulation time per second: 0.134075
INFO (CarpetX): Grid cells: 4096   Grid cell updates per second: 140588
INFO (CarpetX): Performance:
INFO (CarpetX):   total evolution time:            1.40205 sec
INFO (CarpetX):   total evolution compute time:    1.40188 sec
INFO (CarpetX):   total evolution output time:     0.000170469 sec
INFO (CarpetX):   total iterations:                48
INFO (CarpetX):   total cells updated:             196608
INFO (CarpetX):   average iterations per second: 34.2357
INFO (CarpetX):   average cell updates per second: 140229
INFO (CarpetX): Simulation time: 0.191406   Iterations per second: 34.3393   Simulation time per second: 0.134138
INFO (CarpetX): Grid cells: 4096   Grid cell updates per second: 140654
INFO (CarpetX): Performance:
INFO (CarpetX):   total evolution time:            1.43105 sec
INFO (CarpetX):   total evolution compute time:    1.43087 sec
INFO (CarpetX):   total evolution output time:     0.000174522 sec
INFO (CarpetX):   total iterations:                49
INFO (CarpetX):   total cells updated:             200704
INFO (CarpetX):   average iterations per second: 34.2407
INFO (CarpetX):   average cell updates per second: 140250
INFO (CarpetX): Simulation time: 0.195312   Iterations per second: 34.3339   Simulation time per second: 0.134117
INFO (CarpetX): Grid cells: 4096   Grid cell updates per second: 140632
INFO (CarpetX): Performance:
INFO (CarpetX):   total evolution time:            1.46021 sec
INFO (CarpetX):   total evolution compute time:    1.46003 sec
INFO (CarpetX):   total evolution output time:     0.000178576 sec
INFO (CarpetX):   total iterations:                50
INFO (CarpetX):   total cells updated:             204800
INFO (CarpetX):   average iterations per second: 34.2416
INFO (CarpetX):   average cell updates per second: 140254
INFO (CarpetX): Simulation time: 0.199219   Iterations per second: 34.3318   Simulation time per second: 0.134108
INFO (CarpetX): Grid cells: 4096   Grid cell updates per second: 140623
INFO (CarpetX): Performance:
INFO (CarpetX):   total evolution time:            1.48936 sec
INFO (CarpetX):   total evolution compute time:    1.48917 sec
INFO (CarpetX):   total evolution output time:     0.000181675 sec
INFO (CarpetX):   total iterations:                51
INFO (CarpetX):   total cells updated:             208896
INFO (CarpetX):   average iterations per second: 34.243
INFO (CarpetX):   average cell updates per second: 140259
INFO (CarpetX): Simulation time: 0.203125   Iterations per second: 34.3494   Simulation time per second: 0.134177
INFO (CarpetX): Grid cells: 4096   Grid cell updates per second: 140695
INFO (CarpetX): Performance:
INFO (CarpetX):   total evolution time:            1.51833 sec
INFO (CarpetX):   total evolution compute time:    1.51815 sec
INFO (CarpetX):   total evolution output time:     0.000184536 sec
INFO (CarpetX):   total iterations:                52
INFO (CarpetX):   total cells updated:             212992
INFO (CarpetX):   average iterations per second: 34.2481
INFO (CarpetX):   average cell updates per second: 140280
INFO (CarpetX): Simulation time: 0.207031   Iterations per second: 34.358   Simulation time per second: 0.134211
INFO (CarpetX): Grid cells: 4096   Grid cell updates per second: 140730
INFO (CarpetX): Performance:
INFO (CarpetX):   total evolution time:            1.54737 sec
INFO (CarpetX):   total evolution compute time:    1.54719 sec
INFO (CarpetX):   total evolution output time:     0.000187635 sec
INFO (CarpetX):   total iterations:                53
INFO (CarpetX):   total cells updated:             217088
INFO (CarpetX):   average iterations per second: 34.2516
INFO (CarpetX):   average cell updates per second: 140294
INFO (CarpetX): Simulation time: 0.210938   Iterations per second: 34.3502   Simulation time per second: 0.134181
INFO (CarpetX): Grid cells: 4096   Grid cell updates per second: 140698
INFO (CarpetX): Performance:
INFO (CarpetX):   total evolution time:            1.57655 sec
INFO (CarpetX):   total evolution compute time:    1.57635 sec
INFO (CarpetX):   total evolution output time:     0.000190496 sec
INFO (CarpetX):   total iterations:                54
INFO (CarpetX):   total cells updated:             221184
INFO (CarpetX):   average iterations per second: 34.2521
INFO (CarpetX):   average cell updates per second: 140297
INFO (CarpetX): Simulation time: 0.214844   Iterations per second: 34.3576   Simulation time per second: 0.13421
INFO (CarpetX): Grid cells: 4096   Grid cell updates per second: 140729
INFO (CarpetX): Performance:
INFO (CarpetX):   total evolution time:            1.60559 sec
INFO (CarpetX):   total evolution compute time:    1.6054 sec
INFO (CarpetX):   total evolution output time:     0.000193596 sec
INFO (CarpetX):   total iterations:                55
INFO (CarpetX):   total cells updated:             225280
INFO (CarpetX):   average iterations per second: 34.2552
INFO (CarpetX):   average cell updates per second: 140309
INFO (CarpetX): Simulation time: 0.21875   Iterations per second: 34.3471   Simulation time per second: 0.134168
INFO (CarpetX): Grid cells: 4096   Grid cell updates per second: 140686
INFO (CarpetX): Performance:
INFO (CarpetX):   total evolution time:            1.63479 sec
INFO (CarpetX):   total evolution compute time:    1.63459 sec
INFO (CarpetX):   total evolution output time:     0.000197649 sec
INFO (CarpetX):   total iterations:                56
INFO (CarpetX):   total cells updated:             229376
INFO (CarpetX):   average iterations per second: 34.2552
INFO (CarpetX):   average cell updates per second: 140309
INFO (CarpetX): Simulation time: 0.222656   Iterations per second: 34.3547   Simulation time per second: 0.134198
INFO (CarpetX): Grid cells: 4096   Grid cell updates per second: 140717
INFO (CarpetX): Performance:
INFO (CarpetX):   total evolution time:            1.66384 sec
INFO (CarpetX):   total evolution compute time:    1.66364 sec
INFO (CarpetX):   total evolution output time:     0.000201464 sec
INFO (CarpetX):   total iterations:                57
INFO (CarpetX):   total cells updated:             233472
INFO (CarpetX):   average iterations per second: 34.2581
INFO (CarpetX):   average cell updates per second: 140321
INFO (CarpetX): Simulation time: 0.226562   Iterations per second: 34.365   Simulation time per second: 0.134238
INFO (CarpetX): Grid cells: 4096   Grid cell updates per second: 140759
INFO (CarpetX): Performance:
INFO (CarpetX):   total evolution time:            1.69286 sec
INFO (CarpetX):   total evolution compute time:    1.69265 sec
INFO (CarpetX):   total evolution output time:     0.000205517 sec
INFO (CarpetX):   total iterations:                58
INFO (CarpetX):   total cells updated:             237568
INFO (CarpetX):   average iterations per second: 34.2615
INFO (CarpetX):   average cell updates per second: 140335
INFO (CarpetX): Simulation time: 0.230469   Iterations per second: 34.3759   Simulation time per second: 0.134281
INFO (CarpetX): Grid cells: 4096   Grid cell updates per second: 140804
INFO (CarpetX): Performance:
INFO (CarpetX):   total evolution time:            1.72187 sec
INFO (CarpetX):   total evolution compute time:    1.72166 sec
INFO (CarpetX):   total evolution output time:     0.000208616 sec
INFO (CarpetX):   total iterations:                59
INFO (CarpetX):   total cells updated:             241664
INFO (CarpetX):   average iterations per second: 34.2651
INFO (CarpetX):   average cell updates per second: 140350
INFO (CarpetX): Simulation time: 0.234375   Iterations per second: 34.3926   Simulation time per second: 0.134346
INFO (CarpetX): Grid cells: 4096   Grid cell updates per second: 140872
INFO (CarpetX): Performance:
INFO (CarpetX):   total evolution time:            1.75082 sec
INFO (CarpetX):   total evolution compute time:    1.7506 sec
INFO (CarpetX):   total evolution output time:     0.000212669 sec
INFO (CarpetX):   total iterations:                60
INFO (CarpetX):   total cells updated:             245760
INFO (CarpetX):   average iterations per second: 34.2697
INFO (CarpetX):   average cell updates per second: 140369
INFO (CarpetX): Simulation time: 0.238281   Iterations per second: 34.4034   Simulation time per second: 0.134388
INFO (CarpetX): Grid cells: 4096   Grid cell updates per second: 140916
INFO (CarpetX): Performance:
INFO (CarpetX):   total evolution time:            1.7798 sec
INFO (CarpetX):   total evolution compute time:    1.77958 sec
INFO (CarpetX):   total evolution output time:     0.000216722 sec
INFO (CarpetX):   total iterations:                61
INFO (CarpetX):   total cells updated:             249856
INFO (CarpetX):   average iterations per second: 34.2735
INFO (CarpetX):   average cell updates per second: 140384
INFO (CarpetX): Simulation time: 0.242188   Iterations per second: 34.3535   Simulation time per second: 0.134193
INFO (CarpetX): Grid cells: 4096   Grid cell updates per second: 140712
INFO (CarpetX): Performance:
INFO (CarpetX):   total evolution time:            1.80929 sec
INFO (CarpetX):   total evolution compute time:    1.80907 sec
INFO (CarpetX):   total evolution output time:     0.000219822 sec
INFO (CarpetX):   total iterations:                62
INFO (CarpetX):   total cells updated:             253952
INFO (CarpetX):   average iterations per second: 34.2676
INFO (CarpetX):   average cell updates per second: 140360
INFO (CarpetX): Simulation time: 0.246094   Iterations per second: 34.345   Simulation time per second: 0.13416
INFO (CarpetX): Grid cells: 4096   Grid cell updates per second: 140677
INFO (CarpetX): Performance:
INFO (CarpetX):   total evolution time:            1.83847 sec
INFO (CarpetX):   total evolution compute time:    1.83825 sec
INFO (CarpetX):   total evolution output time:     0.000223637 sec
INFO (CarpetX):   total iterations:                63
INFO (CarpetX):   total cells updated:             258048
INFO (CarpetX):   average iterations per second: 34.2676
INFO (CarpetX):   average cell updates per second: 140360
INFO (CarpetX): Simulation time: 0.25   Iterations per second: 30.8414   Simulation time per second: 0.120474
INFO (CarpetX): Grid cells: 4096   Grid cell updates per second: 126326
INFO (CarpetX): Performance:
INFO (CarpetX):   total evolution time:            1.90066 sec
INFO (CarpetX):   total evolution compute time:    1.86985 sec
INFO (CarpetX):   total evolution output time:     0.0308115 sec
INFO (CarpetX):   total iterations:                64
INFO (CarpetX):   total cells updated:             262144
INFO (CarpetX):   average iterations per second: 33.6724
INFO (CarpetX):   average cell updates per second: 137922
INFO (CarpetX): Shutting down...
AMReX (25.11) finalized
--------------------------------------------------------------------------------
Done.

real	0m2.412s
user	0m3.918s
sys	0m0.398s
+ echo Stopping:
Stopping:
+ date
Thu Apr 16 04:18:51 AM UTC 2026
+ echo Done.
Done.
  Elapsed time: 2.4 s
