/__w/canudax-tests/workspace/simulations/TestJob01_temp_1/output-0000/TEST/sim/CanudaX_BSSNMoL
Preparing:
+ set -e
+ cd output-0000-active
+ echo Checking:
Checking:
+ pwd
/__w/canudax-tests/workspace/simulations/TestJob01_temp_1/output-0000/TEST/sim/CanudaX_BSSNMoL/output-0000-active
+ hostname
a8ce53f622a6
+ date
Tue Mar 10 03:14:02 PM UTC 2026
+ echo Environment:
Environment:
+ export SIMULATION_ID=simulation-TestJob01_temp_1-actions-cpu-real64-actions-root-2026.03.10-15.14.01-13041
+ SIMULATION_ID=simulation-TestJob01_temp_1-actions-cpu-real64-actions-root-2026.03.10-15.14.01-13041
+ export CACTUS_NUM_PROCS=1
+ CACTUS_NUM_PROCS=1
+ export CACTUS_NUM_THREADS=2
+ CACTUS_NUM_THREADS=2
+ export CACTUS_SET_THREAD_BINDINGS=0
+ CACTUS_SET_THREAD_BINDINGS=0
+ export GLIBCXX_FORCE_NEW=1
+ GLIBCXX_FORCE_NEW=1
+ export GMON_OUT_PREFIX=gmon.out
+ GMON_OUT_PREFIX=gmon.out
+ export OMP_DISPLAY_ENV=TRUE
+ OMP_DISPLAY_ENV=TRUE
+ export OMP_MAX_TASKS=100
+ OMP_MAX_TASKS=100
+ export OMP_NUM_THREADS=2
+ OMP_NUM_THREADS=2
+ export OMP_PLACES=cores
+ OMP_PLACES=cores
+ export OMP_PROC_BIND=FALSE
+ OMP_PROC_BIND=FALSE
+ export OMP_STACKSIZE=8192
+ OMP_STACKSIZE=8192
+ env
+ sort
+ echo Starting:
Starting:
++ date +%s
+ export CACTUS_STARTTIME=1773155642
+ CACTUS_STARTTIME=1773155642
+ mpiexec -n 1 /__w/canudax-tests/workspace/simulations/TestJob01_temp_1/SIMFACTORY/exe/cactus_sim -L 3 /__w/canudax-tests/workspace/simulations/TestJob01_temp_1/output-0000/arrangements/CanudaX/CanudaX_BSSNMoL/test/gaugewave.par

OPENMP DISPLAY ENVIRONMENT BEGIN
  _OPENMP = '201511'
  [host] OMP_DYNAMIC = 'FALSE'
  [host] OMP_NESTED = 'FALSE'
  [host] OMP_NUM_THREADS = '2'
  [host] OMP_SCHEDULE = 'DYNAMIC'
  [host] OMP_PROC_BIND = 'FALSE'
  [host] OMP_PLACES = ''
  [host] OMP_STACKSIZE = '8388608'
  [host] OMP_WAIT_POLICY = 'PASSIVE'
  [host] OMP_THREAD_LIMIT = '4294967295'
  [host] OMP_MAX_ACTIVE_LEVELS = '1'
  [host] OMP_NUM_TEAMS = '0'
  [host] OMP_TEAMS_THREAD_LIMIT = '0'
  [all] OMP_CANCELLATION = 'FALSE'
  [all] OMP_DEFAULT_DEVICE = '0'
  [all] OMP_MAX_TASK_PRIORITY = '0'
  [all] OMP_DISPLAY_AFFINITY = 'FALSE'
  [host] OMP_AFFINITY_FORMAT = 'level %L thread %i affinity %A'
  [host] OMP_ALLOCATOR = 'omp_default_mem_alloc'
  [all] OMP_TARGET_OFFLOAD = 'DEFAULT'
OPENMP DISPLAY ENVIRONMENT END
INFO (Cactus): Increased logging level from 0 to 3
--------------------------------------------------------------------------------

       10                                  
  1   0101       ************************  
  01  1010 10      The Cactus Code V4.18.0    
 1010 1101 011      www.cactuscode.org     
  1001 100101    ************************  
    00010101                               
     100011     (c) Copyright The Authors  
      0100      GNU Licensed. No Warranty  
      0101                                 
--------------------------------------------------------------------------------

Cactus version:    4.18.0
Compile date:      Mar 10 2026 (15:13:48)
Run date:          Mar 10 2026 (15:14:02+0000)
Run host:          a8ce53f622a6 (pid=13089)
Working directory: /__w/canudax-tests/workspace/simulations/TestJob01_temp_1/output-0000/TEST/sim/CanudaX_BSSNMoL
Executable:        /__w/canudax-tests/workspace/simulations/TestJob01_temp_1/SIMFACTORY/exe/cactus_sim
Parameter file:    /__w/canudax-tests/workspace/simulations/TestJob01_temp_1/output-0000/arrangements/CanudaX/CanudaX_BSSNMoL/test/gaugewave.par
--------------------------------------------------------------------------------

Activating thorn Cactus...Success -> active implementation Cactus
Activation requested for 
--->ADMBaseX CanudaX_BSSNMoL CanudaX_ExactID CarpetX IOUtil ODESolvers TmunuBaseX<---
Thorn ADMBaseX requests automatic activation of Loop
Thorn CarpetX requests automatic activation of AMReX
Thorn CarpetX requests automatic activation of MPI
Thorn CarpetX requests automatic activation of yaml_cpp
Thorn CarpetX requests automatic activation of zlib
Thorn CarpetX requests automatic activation of Arith
Thorn CarpetX requests automatic activation of CarpetXRegrid
Thorn CarpetX requests automatic activation of ADIOS2
Thorn CarpetX requests automatic activation of openPMD
Thorn CarpetX requests automatic activation of Silo
Thorn Arith requests automatic activation of NSIMD
Thorn MPI requests automatic activation of hwloc
Thorn openPMD requests automatic activation of HDF5
Activating thorn ADIOS2...Success -> active implementation ADIOS2
Activating thorn ADMBaseX...Success -> active implementation ADMBaseX
Activating thorn AMReX...Success -> active implementation AMReX
Activating thorn Arith...Success -> active implementation Arith
Activating thorn CanudaX_BSSNMoL...Success -> active implementation CanudaX_BSSNMoL
Activating thorn CanudaX_ExactID...Success -> active implementation CanudaX_ExactID
Activating thorn CarpetX...Success -> active implementation Driver
Activating thorn CarpetXRegrid...Success -> active implementation CarpetXRegrid
Activating thorn HDF5...Success -> active implementation HDF5
Activating thorn hwloc...Success -> active implementation hwloc
Activating thorn IOUtil...Success -> active implementation IO
Activating thorn Loop...Success -> active implementation Loop
Activating thorn MPI...Success -> active implementation MPI
Activating thorn NSIMD...Success -> active implementation NSIMD
Activating thorn ODESolvers...Success -> active implementation ODESolvers
Activating thorn openPMD...Success -> active implementation openPMD
Activating thorn Silo...Success -> active implementation Silo
Activating thorn TmunuBaseX...Success -> active implementation TmunuBaseX
Activating thorn yaml_cpp...Success -> active implementation yaml_cpp
Activating thorn zlib...Success -> active implementation zlib
--------------------------------------------------------------------------------
  if (recover initial data)
    Recover parameters
  endif

  Startup routines
    [CCTK_STARTUP]
      CarpetX::Driver_Startup: Start up the driver
      IOUtil::IOUtil_Startup: Startup routine
      GROUP hwloc_startup: hwloc startup group
        hwloc::hwloc_version: Output hwloc version

  Startup routines which need an existing grid hierarchy
    [CCTK_WRAGH]
      Arith::Test_smallvector: [meta] Test small vectors
      Arith::Test_spvect: [meta] Test sparse vectors
      ODESolvers::ODESolvers_InitConstants: [global] Set up dummy loop counters for schedule printout
  Parameter checking routines
    [CCTK_PARAMCHECK]
      CanudaX_BSSNMoL::CanudaX_BSSNMoL_paramcheck: Check CanudaX_BSSNMoL parameters for consistency

  Initialisation
    if (NOT (recover initial data AND recovery_mode is 'strict'))
      [CCTK_PREREGRIDINITIAL]
      Set up grid hierarchy
      [CCTK_POSTREGRIDINITIAL]
      [CCTK_BASEGRID]
        CarpetXRegrid::CarpetXRegrid_InitError: Initialize regridding error to zero
        GROUP ODESolvers_BaseGrid: Set up constants (e.g. coordinates) everywhere on the grid
      [CCTK_INITIAL]
        GROUP TmunuBaseX_SetTmunuVars: Schedule group for setting T_munu
          TmunuBaseX::TmunuBaseX_ZeroTmunu: Set T_munu to zero
          GROUP TmunuBaseX_AddToTmunu: Add to T_munu here
        GROUP ODESolvers_Initial: Set up initial conditions on interior of state vector
          GROUP ADMBaseX_InitialData: Schedule group for calculating ADM initial data
            GROUP CanudaX_ExactIDGroup: CanudaX_ExactID group for setting up initial data
              CanudaX_ExactID::CanudaX_ExactID_GaugeWave: [local] Create gauge wave initial data
          GROUP ADMBaseX_InitialGauge: Schedule group for the ADM initial gauge condition
            ADMBaseX::ADMBaseX_initial_dtlapse: Set dtlapse to zero
            ADMBaseX::ADMBaseX_initial_dtshift: Set dtshift to zero
          GROUP ADMBaseX_PostInitial: Schedule group for modifying the ADM initial data, such as e.g. adding noise
        GROUP CanudaX_BSSNMoL_InitialGroup: CanudaX_BSSNMoL: initial bin
          CanudaX_BSSNMoL::CanudaX_BSSNMoL_adm2bssn: [local] Convert initial data into BSSN variables
          CanudaX_BSSNMoL::CanudaX_BSSNMoL_gammat: [local] Set Gammat initial data
      [CCTK_POSTINITIAL]
        GROUP ODESolvers_PostStep: Apply boundary conditions to state vector, and project if necessary
          GROUP CanudaX_BSSNMoL_PostStepGroup: CanudaX_BSSNMoL: post-step operations
            CanudaX_BSSNMoL::CanudaX_BSSNMoL_impose_conf_fac_floor: Make sure conformal factor does not drop below specified value
            CanudaX_BSSNMoL::CanudaX_BSSNMoL_reset_detmetric: reset dethh = 1
            CanudaX_BSSNMoL::CanudaX_BSSNMoL_remove_trA: Remove trace of A
            CanudaX_BSSNMoL::CanudaX_BSSNMoL_sync: [global] Sync state vector
            CanudaX_BSSNMoL::CanudaX_BSSNMoL_bssn2adm: [local] Convert variables back to the ADM ones
          GROUP ADMBaseX_SetADMRHS: Set ADM RHS variables in this group
          GROUP ADMBaseX_SetADMVars: Set ADM variables in this group
          GROUP TmunuBaseX_SetTmunuVars: Schedule group for setting T_munu
            TmunuBaseX::TmunuBaseX_ZeroTmunu: Set T_munu to zero
            GROUP TmunuBaseX_AddToTmunu: Add to T_munu here
        GROUP ODESolvers_EstimateError: Estimate discretization error (for regridding)
      Initialise finer grids recursively
      Restrict from finer grids
      [CCTK_POSTRESTRICTINITIAL]
      [CCTK_POSTPOSTINITIAL]
      [CCTK_POSTSTEP]
        GROUP ODESolvers_EstimateError: Estimate discretization error (for regridding)
    endif
    if (recover initial data)
      [CCTK_BASEGRID]
        CarpetXRegrid::CarpetXRegrid_InitError: Initialize regridding error to zero
        GROUP ODESolvers_BaseGrid: Set up constants (e.g. coordinates) everywhere on the grid
      [CCTK_RECOVER_VARIABLES]
      [CCTK_POST_RECOVER_VARIABLES]
        GROUP ODESolvers_PostStep: Apply boundary conditions to state vector, and project if necessary
          GROUP CanudaX_BSSNMoL_PostStepGroup: CanudaX_BSSNMoL: post-step operations
            CanudaX_BSSNMoL::CanudaX_BSSNMoL_impose_conf_fac_floor: Make sure conformal factor does not drop below specified value
            CanudaX_BSSNMoL::CanudaX_BSSNMoL_reset_detmetric: reset dethh = 1
            CanudaX_BSSNMoL::CanudaX_BSSNMoL_remove_trA: Remove trace of A
            CanudaX_BSSNMoL::CanudaX_BSSNMoL_sync: [global] Sync state vector
            CanudaX_BSSNMoL::CanudaX_BSSNMoL_bssn2adm: [local] Convert variables back to the ADM ones
          GROUP ADMBaseX_SetADMRHS: Set ADM RHS variables in this group
          GROUP ADMBaseX_SetADMVars: Set ADM variables in this group
          GROUP TmunuBaseX_SetTmunuVars: Schedule group for setting T_munu
            TmunuBaseX::TmunuBaseX_ZeroTmunu: Set T_munu to zero
            GROUP TmunuBaseX_AddToTmunu: Add to T_munu here
        GROUP ODESolvers_EstimateError: Estimate discretization error (for regridding)
    endif
    if (checkpoint initial data)
      [CCTK_CPINITIAL]
        CarpetX::CarpetX_CheckpointInitial: [meta] Checkpoint initial conditions
    endif
    if (analysis)
      [CCTK_ANALYSIS]
        CanudaX_BSSNMoL::CanudaX_BSSNMoL_bssn_constraints: Compute constraints
        GROUP ODESolvers_Analysis: Calculate analysis quantities everywhere
  endif
  Output grid variables

  do loop over timesteps
    [CCTK_PREREGRID]
    Change grid hierarchy
    [CCTK_POSTREGRID]
      GROUP ODESolvers_PostStep: Apply boundary conditions to state vector, and project if necessary
        GROUP CanudaX_BSSNMoL_PostStepGroup: CanudaX_BSSNMoL: post-step operations
          CanudaX_BSSNMoL::CanudaX_BSSNMoL_impose_conf_fac_floor: Make sure conformal factor does not drop below specified value
          CanudaX_BSSNMoL::CanudaX_BSSNMoL_reset_detmetric: reset dethh = 1
          CanudaX_BSSNMoL::CanudaX_BSSNMoL_remove_trA: Remove trace of A
          CanudaX_BSSNMoL::CanudaX_BSSNMoL_sync: [global] Sync state vector
          CanudaX_BSSNMoL::CanudaX_BSSNMoL_bssn2adm: [local] Convert variables back to the ADM ones
        GROUP ADMBaseX_SetADMRHS: Set ADM RHS variables in this group
        GROUP ADMBaseX_SetADMVars: Set ADM variables in this group
        GROUP TmunuBaseX_SetTmunuVars: Schedule group for setting T_munu
          TmunuBaseX::TmunuBaseX_ZeroTmunu: Set T_munu to zero
          GROUP TmunuBaseX_AddToTmunu: Add to T_munu here
    Rotate timelevels
    iteration = iteration+1
    t = t+dt
    [CCTK_PRESTEP]
    [CCTK_EVOL]
      ODESolvers::ODESolvers_Solve: [level] Solve ODEs
      while (ODESolvers::do_substeps)
        GROUP ODESolvers_CalledBySolve: Groups internally scheduled by ODESolvers_Solve
          GROUP ODESolvers_RHS: Evaluate the RHS for of state vector everywhere on the grid
            GROUP CanudaX_BSSNMoL_RHSGroup: CanudaX_BSSNMoL: calculate BSSN RHS
              CanudaX_BSSNMoL::CanudaX_BSSNMoL_calc_bssn_rhs: MoL RHS calculation
              CanudaX_BSSNMoL::CanudaX_BSSNMoL_apply_boundary_conditions: Apply radiative boundary conditions 
          GROUP ODESolvers_PostStep: Apply boundary conditions to state vector, and project if necessary
            GROUP CanudaX_BSSNMoL_PostStepGroup: CanudaX_BSSNMoL: post-step operations
              CanudaX_BSSNMoL::CanudaX_BSSNMoL_impose_conf_fac_floor: Make sure conformal factor does not drop below specified value
              CanudaX_BSSNMoL::CanudaX_BSSNMoL_reset_detmetric: reset dethh = 1
              CanudaX_BSSNMoL::CanudaX_BSSNMoL_remove_trA: Remove trace of A
              CanudaX_BSSNMoL::CanudaX_BSSNMoL_sync: [global] Sync state vector
              CanudaX_BSSNMoL::CanudaX_BSSNMoL_bssn2adm: [local] Convert variables back to the ADM ones
            GROUP ADMBaseX_SetADMRHS: Set ADM RHS variables in this group
            GROUP ADMBaseX_SetADMVars: Set ADM variables in this group
            GROUP TmunuBaseX_SetTmunuVars: Schedule group for setting T_munu
              TmunuBaseX::TmunuBaseX_ZeroTmunu: Set T_munu to zero
              GROUP TmunuBaseX_AddToTmunu: Add to T_munu here
      end while
    Evolve finer grids recursively
    Restrict from finer grids
    [CCTK_POSTRESTRICT]
      GROUP ODESolvers_PostStep: Apply boundary conditions to state vector, and project if necessary
        GROUP CanudaX_BSSNMoL_PostStepGroup: CanudaX_BSSNMoL: post-step operations
          CanudaX_BSSNMoL::CanudaX_BSSNMoL_impose_conf_fac_floor: Make sure conformal factor does not drop below specified value
          CanudaX_BSSNMoL::CanudaX_BSSNMoL_reset_detmetric: reset dethh = 1
          CanudaX_BSSNMoL::CanudaX_BSSNMoL_remove_trA: Remove trace of A
          CanudaX_BSSNMoL::CanudaX_BSSNMoL_sync: [global] Sync state vector
          CanudaX_BSSNMoL::CanudaX_BSSNMoL_bssn2adm: [local] Convert variables back to the ADM ones
        GROUP ADMBaseX_SetADMRHS: Set ADM RHS variables in this group
        GROUP ADMBaseX_SetADMVars: Set ADM variables in this group
        GROUP TmunuBaseX_SetTmunuVars: Schedule group for setting T_munu
          TmunuBaseX::TmunuBaseX_ZeroTmunu: Set T_munu to zero
          GROUP TmunuBaseX_AddToTmunu: Add to T_munu here
    [CCTK_POSTSTEP]
      GROUP ODESolvers_EstimateError: Estimate discretization error (for regridding)
    if (checkpoint)
      [CCTK_CHECKPOINT]
      CarpetX::CarpetX_Checkpoint: [meta] Checkpoint
    endif
    if (analysis)
      [CCTK_ANALYSIS]
      CanudaX_BSSNMoL::CanudaX_BSSNMoL_bssn_constraints: Compute constraints
      GROUP ODESolvers_Analysis: Calculate analysis quantities everywhere
    endif
    Output grid variables
    enddo

  Termination routines
    [CCTK_TERMINATE]
      CarpetX::CarpetX_CheckpointTerminate: [meta] Checkpoint before terminating

  Shutdown routines
    [CCTK_SHUTDOWN]
      CarpetX::Driver_Shutdown: [meta] Shut down the driver

  Routines run after changing the grid hierarchy:
    [CCTK_POSTREGRID]
      GROUP ODESolvers_PostStep: Apply boundary conditions to state vector, and project if necessary
        GROUP CanudaX_BSSNMoL_PostStepGroup: CanudaX_BSSNMoL: post-step operations
          CanudaX_BSSNMoL::CanudaX_BSSNMoL_impose_conf_fac_floor: Make sure conformal factor does not drop below specified value
          CanudaX_BSSNMoL::CanudaX_BSSNMoL_reset_detmetric: reset dethh = 1
          CanudaX_BSSNMoL::CanudaX_BSSNMoL_remove_trA: Remove trace of A
          CanudaX_BSSNMoL::CanudaX_BSSNMoL_sync: [global] Sync state vector
          CanudaX_BSSNMoL::CanudaX_BSSNMoL_bssn2adm: [local] Convert variables back to the ADM ones
        GROUP ADMBaseX_SetADMRHS: Set ADM RHS variables in this group
        GROUP ADMBaseX_SetADMVars: Set ADM variables in this group
        GROUP TmunuBaseX_SetTmunuVars: Schedule group for setting T_munu
          TmunuBaseX::TmunuBaseX_ZeroTmunu: Set T_munu to zero
          GROUP TmunuBaseX_AddToTmunu: Add to T_munu here
--------------------------------------------------------------------------------
INFO (hwloc): library version 2.10.0, API version 0x20800
--------------------------------------------------------------------------------

  [34m  ▕▏  [34m  ▕▏  [34m  ▕▏  [34m  ▕▏  [34m  ▕▏  [34m  ▕▏  [34m  ▕▏  [34m  ▕▏  [34m  ▕▏  [39m  
  [34m──██──[34m──██──[34m──██──[34m──██──[34m──██──[34m──██──[34m──██──[34m──██──[34m──██──[39m  
  [34m  ▕▏  [34m  ▕▏  [34m  ▕▏  [34m  ▕▏  [34m  ▕▏  [34m  ▕▏  [34m  ▕▏  [34m  ▕▏  [34m  ▕▏  [39m  
  [34m  ▕▏  [32m██████[34m  ▕▏  [34m  ▕▏  [32m██████[34m  ▕▏  [34m  ▕▏  [32m██████[34m  ▕▏  [39m  
  [34m──██──[32m██████[34m──██──[34m──██──[32m██████[34m──██──[34m──██──[32m██████[34m──██──[39m  
  [34m  ▕▏  [32m██████[34m  ▕▏  [34m  ▕▏  [32m██████[34m  ▕▏  [34m  ▕▏  [32m██████[34m  ▕▏  [39m  
  [34m  ▕▏  [34m  ▕▏  [34m  ▕▏  [34m  ▕▏  [34m  ▕▏  [34m  ▕▏  [34m  ▕▏  [34m  ▕▏  [34m  ▕▏  [39m  
  [34m──██──[34m──██──[34m──██──[34m──██──[34m──██──[34m──██──[34m──██──[34m──██──[34m──██──[39m  
  [34m  ▕▏  [34m  ▕▏  [34m  ▕▏  [34m  ▕▏  [34m  ▕▏  [34m  ▕▏  [34m  ▕▏  [34m  ▕▏  [34m  ▕▏  [39m  
  [34m  ▕▏  [34m  ▕▏  [34m  ▕▏  [31m██████[31m██████[31m██████[34m  ▕▏  [34m  ▕▏  [34m  ▕▏  [39m  
  [34m──██──[34m──██──[34m──██──[31m██████[31m██████[31m██████[34m──██──[34m──██──[34m──██──[39m  
  [34m  ▕▏  [34m  ▕▏  [34m  ▕▏  [31m██████[31m██████[31m██████[34m  ▕▏  [34m  ▕▏  [34m  ▕▏  [39m  
  [34m  ▕▏  [32m██████[34m  ▕▏  [31m██████[31m██████[31m██████[34m  ▕▏  [32m██████[34m  ▕▏  [39m  
  [34m──██──[32m██████[34m──██──[31m██████[31m██████[31m██████[34m──██──[32m██████[34m──██──[39m  
  [34m  ▕▏  [32m██████[34m  ▕▏  [31m██████[31m██████[31m██████[34m  ▕▏  [32m██████[34m  ▕▏  [39m  
  [34m  ▕▏  [34m  ▕▏  [34m  ▕▏  [31m██████[31m██████[31m██████[34m  ▕▏  [34m  ▕▏  [34m  ▕▏  [39m  
  [34m──██──[34m──██──[34m──██──[31m██████[31m██████[31m██████[34m──██──[34m──██──[34m──██──[39m  
  [34m  ▕▏  [34m  ▕▏  [34m  ▕▏  [31m██████[31m██████[31m██████[34m  ▕▏  [34m  ▕▏  [34m  ▕▏  [39m  
  [34m  ▕▏  [34m  ▕▏  [34m  ▕▏  [34m  ▕▏  [34m  ▕▏  [34m  ▕▏  [34m  ▕▏  [34m  ▕▏  [34m  ▕▏  [39m  
  [34m──██──[34m──██──[34m──██──[34m──██──[34m──██──[34m──██──[34m──██──[34m──██──[34m──██──[39m  
  [34m  ▕▏  [34m  ▕▏  [34m  ▕▏  [34m  ▕▏  [34m  ▕▏  [34m  ▕▏  [34m  ▕▏  [34m  ▕▏  [34m  ▕▏  [39m  
  [34m  ▕▏  [32m██████[34m  ▕▏  [34m  ▕▏  [32m██████[34m  ▕▏  [34m  ▕▏  [32m██████[34m  ▕▏  [39m  
  [34m──██──[32m██████[34m──██──[34m──██──[32m██████[34m──██──[34m──██──[32m██████[34m──██──[39m  
  [34m  ▕▏  [32m██████[34m  ▕▏  [34m  ▕▏  [32m██████[34m  ▕▏  [34m  ▕▏  [32m██████[34m  ▕▏  [39m  
  [34m  ▕▏  [34m  ▕▏  [34m  ▕▏  [34m  ▕▏  [34m  ▕▏  [34m  ▕▏  [34m  ▕▏  [34m  ▕▏  [34m  ▕▏  [39m  
  [34m──██──[34m──██──[34m──██──[34m──██──[34m──██──[34m──██──[34m──██──[34m──██──[34m──██──[39m  
  [34m  ▕▏  [34m  ▕▏  [34m  ▕▏  [34m  ▕▏  [34m  ▕▏  [34m  ▕▏  [34m  ▕▏  [34m  ▕▏  [34m  ▕▏  [39m  

AMR driver provided by CarpetX,
using AMReX 25.11 (MPI, OpenMP, no accelerators, optimized)
--------------------------------------------------------------------------------

Initializing AMReX (25.11)...
MPI initialized with 1 MPI processes
MPI initialized with thread support level 2
OMP initialized with 2 OMP threads
AMReX (25.11) initialized
INFO (CarpetX): 
Symmetries:
  lower x: periodic
  lower y: periodic
  lower z: periodic
  upper x: periodic
  upper y: periodic
  upper z: periodic
Default boundaries:
  lower x: symmetry_boundary
  lower y: symmetry_boundary
  lower z: symmetry_boundary
  upper x: symmetry_boundary
  upper y: symmetry_boundary
  upper z: symmetry_boundary
INFO (Arith): Test_smallvector
INFO (Arith): Test_spvect
INFO (CarpetX): Setting initial values for max_grid_size values for all levels
INFO (CarpetX): Setting up initial conditions...
INFO (CarpetX): Iteration: 0   time: 0   delta_time: 0.00390625
INFO (CarpetX): Patch 0:
INFO (CarpetX):   Grid extent:
INFO (CarpetX):     gsh=[71,15,15]
INFO (CarpetX):     blocking_factor=[8,8,8]
INFO (CarpetX):     max_grid_size=[10000000,10000000,10000000]
INFO (CarpetX):     max_tile_size=[1024000,16,32]
INFO (CarpetX):   Domain extent:
INFO (CarpetX):     xmin=[-0.5,-0.0625,-0.0625]
INFO (CarpetX):     xmax=[0.5,0.0625,0.0625]
INFO (CarpetX):     base dx=[0.015625,0.015625,0.015625]
INFO (CarpetX): Initializing level 0...
INFO (CanudaX_ExactID): Begin Gauge Wave initial data
INFO (CanudaX_ExactID): === End gauge wave initial data ===
INFO (CarpetX): Regridding...
INFO (CarpetX):   level 0: 1 boxes, 4096 cells (100%)
INFO (CarpetX): Initialized 1 levels
INFO (CarpetX): OutputGH: iteration 0, time 0.000000, run time 0 s
INFO (CarpetX): OutputGH done.
INFO (CarpetX): Starting evolution...
INFO (ODESolvers): ODE integrator is RK4
INFO (CarpetX): OutputGH: iteration 1, time 0.003906, run time 0 s
INFO (CarpetX): OutputGH done.
INFO (CarpetX): Simulation time: 0.00390625   Iterations per second: 16.9883   Simulation time per second: 0.0663605
INFO (CarpetX): Grid cells: 4096   Grid cell updates per second: 69584
INFO (CarpetX): Performance:
INFO (CarpetX):   total evolution time:            0.0588641 sec
INFO (CarpetX):   total evolution compute time:    0.058836 sec
INFO (CarpetX):   total evolution output time:     2.81334e-05 sec
INFO (CarpetX):   total iterations:                1
INFO (CarpetX):   total cells updated:             4096
INFO (CarpetX):   average iterations per second: 16.9883
INFO (CarpetX):   average cell updates per second: 69584
INFO (CarpetX): OutputGH: iteration 2, time 0.007812, run time 0 s
INFO (CarpetX): OutputGH done.
INFO (CarpetX): Simulation time: 0.0078125   Iterations per second: 17.4019   Simulation time per second: 0.0679761
INFO (CarpetX): Grid cells: 4096   Grid cell updates per second: 71278.1
INFO (CarpetX): Performance:
INFO (CarpetX):   total evolution time:            0.11493 sec
INFO (CarpetX):   total evolution compute time:    0.114871 sec
INFO (CarpetX):   total evolution output time:     5.91278e-05 sec
INFO (CarpetX):   total iterations:                2
INFO (CarpetX):   total cells updated:             8192
INFO (CarpetX):   average iterations per second: 17.4019
INFO (CarpetX):   average cell updates per second: 71278.1
INFO (CarpetX): OutputGH: iteration 3, time 0.011719, run time 0 s
INFO (CarpetX): OutputGH done.
INFO (CarpetX): Simulation time: 0.0117188   Iterations per second: 17.5351   Simulation time per second: 0.0684966
INFO (CarpetX): Grid cells: 4096   Grid cell updates per second: 71823.9
INFO (CarpetX): Performance:
INFO (CarpetX):   total evolution time:            0.171085 sec
INFO (CarpetX):   total evolution compute time:    0.170993 sec
INFO (CarpetX):   total evolution output time:     9.20296e-05 sec
INFO (CarpetX):   total iterations:                3
INFO (CarpetX):   total cells updated:             12288
INFO (CarpetX):   average iterations per second: 17.5351
INFO (CarpetX):   average cell updates per second: 71823.9
INFO (CarpetX): OutputGH: iteration 4, time 0.015625, run time 0 s
INFO (CarpetX): OutputGH done.
INFO (CarpetX): Simulation time: 0.015625   Iterations per second: 17.6141   Simulation time per second: 0.068805
INFO (CarpetX): Grid cells: 4096   Grid cell updates per second: 72147.3
INFO (CarpetX): Performance:
INFO (CarpetX):   total evolution time:            0.227091 sec
INFO (CarpetX):   total evolution compute time:    0.226969 sec
INFO (CarpetX):   total evolution output time:     0.00012207 sec
INFO (CarpetX):   total iterations:                4
INFO (CarpetX):   total cells updated:             16384
INFO (CarpetX):   average iterations per second: 17.6141
INFO (CarpetX):   average cell updates per second: 72147.3
INFO (CarpetX): OutputGH: iteration 5, time 0.019531, run time 0 s
INFO (CarpetX): OutputGH done.
INFO (CarpetX): Simulation time: 0.0195312   Iterations per second: 17.6524   Simulation time per second: 0.0689548
INFO (CarpetX): Grid cells: 4096   Grid cell updates per second: 72304.3
INFO (CarpetX): Performance:
INFO (CarpetX):   total evolution time:            0.283247 sec
INFO (CarpetX):   total evolution compute time:    0.283093 sec
INFO (CarpetX):   total evolution output time:     0.000154018 sec
INFO (CarpetX):   total iterations:                5
INFO (CarpetX):   total cells updated:             20480
INFO (CarpetX):   average iterations per second: 17.6524
INFO (CarpetX):   average cell updates per second: 72304.3
INFO (CarpetX): OutputGH: iteration 6, time 0.023438, run time 0 s
INFO (CarpetX): OutputGH done.
INFO (CarpetX): Simulation time: 0.0234375   Iterations per second: 17.6901   Simulation time per second: 0.0691018
INFO (CarpetX): Grid cells: 4096   Grid cell updates per second: 72458.5
INFO (CarpetX): Performance:
INFO (CarpetX):   total evolution time:            0.339173 sec
INFO (CarpetX):   total evolution compute time:    0.338987 sec
INFO (CarpetX):   total evolution output time:     0.000185966 sec
INFO (CarpetX):   total iterations:                6
INFO (CarpetX):   total cells updated:             24576
INFO (CarpetX):   average iterations per second: 17.6901
INFO (CarpetX):   average cell updates per second: 72458.5
INFO (CarpetX): OutputGH: iteration 7, time 0.027344, run time 0 s
INFO (CarpetX): OutputGH done.
INFO (CarpetX): Simulation time: 0.0273438   Iterations per second: 17.7098   Simulation time per second: 0.0691791
INFO (CarpetX): Grid cells: 4096   Grid cell updates per second: 72539.5
INFO (CarpetX): Performance:
INFO (CarpetX):   total evolution time:            0.39526 sec
INFO (CarpetX):   total evolution compute time:    0.395043 sec
INFO (CarpetX):   total evolution output time:     0.000216961 sec
INFO (CarpetX):   total iterations:                7
INFO (CarpetX):   total cells updated:             28672
INFO (CarpetX):   average iterations per second: 17.7098
INFO (CarpetX):   average cell updates per second: 72539.5
INFO (CarpetX): OutputGH: iteration 8, time 0.031250, run time 0 s
INFO (CarpetX): OutputGH done.
INFO (CarpetX): Simulation time: 0.03125   Iterations per second: 17.729   Simulation time per second: 0.0692537
INFO (CarpetX): Grid cells: 4096   Grid cell updates per second: 72617.8
INFO (CarpetX): Performance:
INFO (CarpetX):   total evolution time:            0.451239 sec
INFO (CarpetX):   total evolution compute time:    0.45099 sec
INFO (CarpetX):   total evolution output time:     0.000248909 sec
INFO (CarpetX):   total iterations:                8
INFO (CarpetX):   total cells updated:             32768
INFO (CarpetX):   average iterations per second: 17.729
INFO (CarpetX):   average cell updates per second: 72617.8
INFO (CarpetX): OutputGH: iteration 9, time 0.035156, run time 0 s
INFO (CarpetX): OutputGH done.
INFO (CarpetX): Simulation time: 0.0351562   Iterations per second: 17.7438   Simulation time per second: 0.0693117
INFO (CarpetX): Grid cells: 4096   Grid cell updates per second: 72678.6
INFO (CarpetX): Performance:
INFO (CarpetX):   total evolution time:            0.507219 sec
INFO (CarpetX):   total evolution compute time:    0.506938 sec
INFO (CarpetX):   total evolution output time:     0.000280857 sec
INFO (CarpetX):   total iterations:                9
INFO (CarpetX):   total cells updated:             36864
INFO (CarpetX):   average iterations per second: 17.7438
INFO (CarpetX):   average cell updates per second: 72678.6
INFO (CarpetX): OutputGH: iteration 10, time 0.039062, run time 1 s
INFO (CarpetX): OutputGH done.
INFO (CarpetX): Simulation time: 0.0390625   Iterations per second: 17.7554   Simulation time per second: 0.0693568
INFO (CarpetX): Grid cells: 4096   Grid cell updates per second: 72725.9
INFO (CarpetX): Performance:
INFO (CarpetX):   total evolution time:            0.56321 sec
INFO (CarpetX):   total evolution compute time:    0.562897 sec
INFO (CarpetX):   total evolution output time:     0.000313759 sec
INFO (CarpetX):   total iterations:                10
INFO (CarpetX):   total cells updated:             40960
INFO (CarpetX):   average iterations per second: 17.7554
INFO (CarpetX):   average cell updates per second: 72725.9
INFO (CarpetX): OutputGH: iteration 11, time 0.042969, run time 1 s
INFO (CarpetX): OutputGH done.
INFO (CarpetX): Simulation time: 0.0429688   Iterations per second: 17.7613   Simulation time per second: 0.0693801
INFO (CarpetX): Grid cells: 4096   Grid cell updates per second: 72750.3
INFO (CarpetX): Performance:
INFO (CarpetX):   total evolution time:            0.619343 sec
INFO (CarpetX):   total evolution compute time:    0.618997 sec
INFO (CarpetX):   total evolution output time:     0.000345707 sec
INFO (CarpetX):   total iterations:                11
INFO (CarpetX):   total cells updated:             45056
INFO (CarpetX):   average iterations per second: 17.7608
INFO (CarpetX):   average cell updates per second: 72748.1
INFO (CarpetX): OutputGH: iteration 12, time 0.046875, run time 1 s
INFO (CarpetX): OutputGH done.
INFO (CarpetX): Simulation time: 0.046875   Iterations per second: 17.7678   Simulation time per second: 0.0694054
INFO (CarpetX): Grid cells: 4096   Grid cell updates per second: 72776.8
INFO (CarpetX): Performance:
INFO (CarpetX):   total evolution time:            0.67544 sec
INFO (CarpetX):   total evolution compute time:    0.675063 sec
INFO (CarpetX):   total evolution output time:     0.000376701 sec
INFO (CarpetX):   total iterations:                12
INFO (CarpetX):   total cells updated:             49152
INFO (CarpetX):   average iterations per second: 17.7662
INFO (CarpetX):   average cell updates per second: 72770.4
INFO (CarpetX): OutputGH: iteration 13, time 0.050781, run time 1 s
INFO (CarpetX): OutputGH done.
INFO (CarpetX): Simulation time: 0.0507812   Iterations per second: 17.7766   Simulation time per second: 0.0694398
INFO (CarpetX): Grid cells: 4096   Grid cell updates per second: 72812.9
INFO (CarpetX): Performance:
INFO (CarpetX):   total evolution time:            0.731442 sec
INFO (CarpetX):   total evolution compute time:    0.731032 sec
INFO (CarpetX):   total evolution output time:     0.000410557 sec
INFO (CarpetX):   total iterations:                13
INFO (CarpetX):   total cells updated:             53248
INFO (CarpetX):   average iterations per second: 17.7731
INFO (CarpetX):   average cell updates per second: 72798.6
INFO (CarpetX): OutputGH: iteration 14, time 0.054688, run time 1 s
INFO (CarpetX): OutputGH done.
INFO (CarpetX): Simulation time: 0.0546875   Iterations per second: 17.7842   Simulation time per second: 0.0694694
INFO (CarpetX): Grid cells: 4096   Grid cell updates per second: 72843.9
INFO (CarpetX): Performance:
INFO (CarpetX):   total evolution time:            0.787457 sec
INFO (CarpetX):   total evolution compute time:    0.787017 sec
INFO (CarpetX):   total evolution output time:     0.000439644 sec
INFO (CarpetX):   total iterations:                14
INFO (CarpetX):   total cells updated:             57344
INFO (CarpetX):   average iterations per second: 17.7788
INFO (CarpetX):   average cell updates per second: 72821.8
INFO (CarpetX): OutputGH: iteration 15, time 0.058594, run time 1 s
INFO (CarpetX): OutputGH done.
INFO (CarpetX): Simulation time: 0.0585938   Iterations per second: 17.7949   Simulation time per second: 0.0695114
INFO (CarpetX): Grid cells: 4096   Grid cell updates per second: 72888
INFO (CarpetX): Performance:
INFO (CarpetX):   total evolution time:            0.843347 sec
INFO (CarpetX):   total evolution compute time:    0.842876 sec
INFO (CarpetX):   total evolution output time:     0.000470638 sec
INFO (CarpetX):   total iterations:                15
INFO (CarpetX):   total cells updated:             61440
INFO (CarpetX):   average iterations per second: 17.7863
INFO (CarpetX):   average cell updates per second: 72852.6
INFO (CarpetX): OutputGH: iteration 16, time 0.062500, run time 1 s
INFO (CarpetX): OutputGH done.
INFO (CarpetX): Simulation time: 0.0625   Iterations per second: 17.7953   Simulation time per second: 0.069513
INFO (CarpetX): Grid cells: 4096   Grid cell updates per second: 72889.6
INFO (CarpetX): Performance:
INFO (CarpetX):   total evolution time:            0.89953 sec
INFO (CarpetX):   total evolution compute time:    0.899027 sec
INFO (CarpetX):   total evolution output time:     0.000502825 sec
INFO (CarpetX):   total iterations:                16
INFO (CarpetX):   total cells updated:             65536
INFO (CarpetX):   average iterations per second: 17.7871
INFO (CarpetX):   average cell updates per second: 72855.8
INFO (CarpetX): OutputGH: iteration 17, time 0.066406, run time 1 s
INFO (CarpetX): OutputGH done.
INFO (CarpetX): Simulation time: 0.0664062   Iterations per second: 17.8006   Simulation time per second: 0.0695336
INFO (CarpetX): Grid cells: 4096   Grid cell updates per second: 72911.2
INFO (CarpetX): Performance:
INFO (CarpetX):   total evolution time:            0.955558 sec
INFO (CarpetX):   total evolution compute time:    0.955023 sec
INFO (CarpetX):   total evolution output time:     0.000534773 sec
INFO (CarpetX):   total iterations:                17
INFO (CarpetX):   total cells updated:             69632
INFO (CarpetX):   average iterations per second: 17.7907
INFO (CarpetX):   average cell updates per second: 72870.5
INFO (CarpetX): OutputGH: iteration 18, time 0.070312, run time 1 s
INFO (CarpetX): OutputGH done.
INFO (CarpetX): Simulation time: 0.0703125   Iterations per second: 17.8109   Simulation time per second: 0.0695739
INFO (CarpetX): Grid cells: 4096   Grid cell updates per second: 72953.6
INFO (CarpetX): Performance:
INFO (CarpetX):   total evolution time:            1.01141 sec
INFO (CarpetX):   total evolution compute time:    1.01085 sec
INFO (CarpetX):   total evolution output time:     0.00056386 sec
INFO (CarpetX):   total iterations:                18
INFO (CarpetX):   total cells updated:             73728
INFO (CarpetX):   average iterations per second: 17.7969
INFO (CarpetX):   average cell updates per second: 72896.3
INFO (CarpetX): OutputGH: iteration 19, time 0.074219, run time 1 s
INFO (CarpetX): OutputGH done.
INFO (CarpetX): Simulation time: 0.0742188   Iterations per second: 17.818   Simulation time per second: 0.0696017
INFO (CarpetX): Grid cells: 4096   Grid cell updates per second: 72982.7
INFO (CarpetX): Performance:
INFO (CarpetX):   total evolution time:            1.06733 sec
INFO (CarpetX):   total evolution compute time:    1.06674 sec
INFO (CarpetX):   total evolution output time:     0.000595808 sec
INFO (CarpetX):   total iterations:                19
INFO (CarpetX):   total cells updated:             77824
INFO (CarpetX):   average iterations per second: 17.8014
INFO (CarpetX):   average cell updates per second: 72914.6
INFO (CarpetX): OutputGH: iteration 20, time 0.078125, run time 1 s
INFO (CarpetX): OutputGH done.
INFO (CarpetX): Simulation time: 0.078125   Iterations per second: 17.8272   Simulation time per second: 0.0696376
INFO (CarpetX): Grid cells: 4096   Grid cell updates per second: 73020.3
INFO (CarpetX): Performance:
INFO (CarpetX):   total evolution time:            1.12316 sec
INFO (CarpetX):   total evolution compute time:    1.12254 sec
INFO (CarpetX):   total evolution output time:     0.000623941 sec
INFO (CarpetX):   total iterations:                20
INFO (CarpetX):   total cells updated:             81920
INFO (CarpetX):   average iterations per second: 17.8068
INFO (CarpetX):   average cell updates per second: 72936.8
INFO (CarpetX): OutputGH: iteration 21, time 0.082031, run time 1 s
INFO (CarpetX): OutputGH done.
INFO (CarpetX): Simulation time: 0.0820312   Iterations per second: 17.83   Simulation time per second: 0.0696484
INFO (CarpetX): Grid cells: 4096   Grid cell updates per second: 73031.6
INFO (CarpetX): Performance:
INFO (CarpetX):   total evolution time:            1.17917 sec
INFO (CarpetX):   total evolution compute time:    1.17852 sec
INFO (CarpetX):   total evolution output time:     0.000654936 sec
INFO (CarpetX):   total iterations:                21
INFO (CarpetX):   total cells updated:             86016
INFO (CarpetX):   average iterations per second: 17.8091
INFO (CarpetX):   average cell updates per second: 72946.1
INFO (CarpetX): OutputGH: iteration 22, time 0.085938, run time 1 s
INFO (CarpetX): OutputGH done.
INFO (CarpetX): Simulation time: 0.0859375   Iterations per second: 17.8395   Simulation time per second: 0.0696856
INFO (CarpetX): Grid cells: 4096   Grid cell updates per second: 73070.6
INFO (CarpetX): Performance:
INFO (CarpetX):   total evolution time:            1.23496 sec
INFO (CarpetX):   total evolution compute time:    1.23427 sec
INFO (CarpetX):   total evolution output time:     0.00068593 sec
INFO (CarpetX):   total iterations:                22
INFO (CarpetX):   total cells updated:             90112
INFO (CarpetX):   average iterations per second: 17.8144
INFO (CarpetX):   average cell updates per second: 72967.7
INFO (CarpetX): OutputGH: iteration 23, time 0.089844, run time 1 s
INFO (CarpetX): OutputGH done.
INFO (CarpetX): Simulation time: 0.0898438   Iterations per second: 17.8405   Simulation time per second: 0.0696896
INFO (CarpetX): Grid cells: 4096   Grid cell updates per second: 73074.9
INFO (CarpetX): Performance:
INFO (CarpetX):   total evolution time:            1.29098 sec
INFO (CarpetX):   total evolution compute time:    1.29026 sec
INFO (CarpetX):   total evolution output time:     0.000716925 sec
INFO (CarpetX):   total iterations:                23
INFO (CarpetX):   total cells updated:             94208
INFO (CarpetX):   average iterations per second: 17.8159
INFO (CarpetX):   average cell updates per second: 72974
INFO (CarpetX): OutputGH: iteration 24, time 0.093750, run time 1 s
INFO (CarpetX): OutputGH done.
INFO (CarpetX): Simulation time: 0.09375   Iterations per second: 17.8475   Simulation time per second: 0.0697166
INFO (CarpetX): Grid cells: 4096   Grid cell updates per second: 73103.2
INFO (CarpetX): Performance:
INFO (CarpetX):   total evolution time:            1.34682 sec
INFO (CarpetX):   total evolution compute time:    1.34607 sec
INFO (CarpetX):   total evolution output time:     0.000746965 sec
INFO (CarpetX):   total iterations:                24
INFO (CarpetX):   total cells updated:             98304
INFO (CarpetX):   average iterations per second: 17.8198
INFO (CarpetX):   average cell updates per second: 72989.9
INFO (CarpetX): OutputGH: iteration 25, time 0.097656, run time 1 s
INFO (CarpetX): OutputGH done.
INFO (CarpetX): Simulation time: 0.0976562   Iterations per second: 17.8473   Simulation time per second: 0.0697159
INFO (CarpetX): Grid cells: 4096   Grid cell updates per second: 73102.4
INFO (CarpetX): Performance:
INFO (CarpetX):   total evolution time:            1.40285 sec
INFO (CarpetX):   total evolution compute time:    1.40207 sec
INFO (CarpetX):   total evolution output time:     0.00077796 sec
INFO (CarpetX):   total iterations:                25
INFO (CarpetX):   total cells updated:             102400
INFO (CarpetX):   average iterations per second: 17.8208
INFO (CarpetX):   average cell updates per second: 72994.2
INFO (CarpetX): OutputGH: iteration 26, time 0.101562, run time 1 s
INFO (CarpetX): OutputGH done.
INFO (CarpetX): Simulation time: 0.101562   Iterations per second: 17.8511   Simulation time per second: 0.069731
INFO (CarpetX): Grid cells: 4096   Grid cell updates per second: 73118.2
INFO (CarpetX): Performance:
INFO (CarpetX):   total evolution time:            1.45876 sec
INFO (CarpetX):   total evolution compute time:    1.45795 sec
INFO (CarpetX):   total evolution output time:     0.000808954 sec
INFO (CarpetX):   total iterations:                26
INFO (CarpetX):   total cells updated:             106496
INFO (CarpetX):   average iterations per second: 17.8233
INFO (CarpetX):   average cell updates per second: 73004.4
INFO (CarpetX): OutputGH: iteration 27, time 0.105469, run time 1 s
INFO (CarpetX): OutputGH done.
INFO (CarpetX): Simulation time: 0.105469   Iterations per second: 17.8524   Simulation time per second: 0.069736
INFO (CarpetX): Grid cells: 4096   Grid cell updates per second: 73123.5
INFO (CarpetX): Performance:
INFO (CarpetX):   total evolution time:            1.51474 sec
INFO (CarpetX):   total evolution compute time:    1.5139 sec
INFO (CarpetX):   total evolution output time:     0.000836849 sec
INFO (CarpetX):   total iterations:                27
INFO (CarpetX):   total cells updated:             110592
INFO (CarpetX):   average iterations per second: 17.8248
INFO (CarpetX):   average cell updates per second: 73010.6
INFO (CarpetX): OutputGH: iteration 28, time 0.109375, run time 2 s
INFO (CarpetX): OutputGH done.
INFO (CarpetX): Simulation time: 0.109375   Iterations per second: 17.856   Simulation time per second: 0.0697501
INFO (CarpetX): Grid cells: 4096   Grid cell updates per second: 73138.3
INFO (CarpetX): Performance:
INFO (CarpetX):   total evolution time:            1.57064 sec
INFO (CarpetX):   total evolution compute time:    1.56977 sec
INFO (CarpetX):   total evolution output time:     0.000868082 sec
INFO (CarpetX):   total iterations:                28
INFO (CarpetX):   total cells updated:             114688
INFO (CarpetX):   average iterations per second: 17.8271
INFO (CarpetX):   average cell updates per second: 73019.8
INFO (CarpetX): OutputGH: iteration 29, time 0.113281, run time 2 s
INFO (CarpetX): OutputGH done.
INFO (CarpetX): Simulation time: 0.113281   Iterations per second: 17.8575   Simulation time per second: 0.069756
INFO (CarpetX): Grid cells: 4096   Grid cell updates per second: 73144.5
INFO (CarpetX): Performance:
INFO (CarpetX):   total evolution time:            1.6266 sec
INFO (CarpetX):   total evolution compute time:    1.6257 sec
INFO (CarpetX):   total evolution output time:     0.00090003 sec
INFO (CarpetX):   total iterations:                29
INFO (CarpetX):   total cells updated:             118784
INFO (CarpetX):   average iterations per second: 17.8286
INFO (CarpetX):   average cell updates per second: 73026
INFO (CarpetX): OutputGH: iteration 30, time 0.117188, run time 2 s
INFO (CarpetX): OutputGH done.
INFO (CarpetX): Simulation time: 0.117188   Iterations per second: 17.8433   Simulation time per second: 0.0697004
INFO (CarpetX): Grid cells: 4096   Grid cell updates per second: 73086.2
INFO (CarpetX): Performance:
INFO (CarpetX):   total evolution time:            1.68304 sec
INFO (CarpetX):   total evolution compute time:    1.68211 sec
INFO (CarpetX):   total evolution output time:     0.00093317 sec
INFO (CarpetX):   total iterations:                30
INFO (CarpetX):   total cells updated:             122880
INFO (CarpetX):   average iterations per second: 17.8249
INFO (CarpetX):   average cell updates per second: 73010.6
INFO (CarpetX): OutputGH: iteration 31, time 0.121094, run time 2 s
INFO (CarpetX): OutputGH done.
INFO (CarpetX): Simulation time: 0.121094   Iterations per second: 17.8489   Simulation time per second: 0.0697224
INFO (CarpetX): Grid cells: 4096   Grid cell updates per second: 73109.2
INFO (CarpetX): Performance:
INFO (CarpetX):   total evolution time:            1.73891 sec
INFO (CarpetX):   total evolution compute time:    1.73795 sec
INFO (CarpetX):   total evolution output time:     0.000964165 sec
INFO (CarpetX):   total iterations:                31
INFO (CarpetX):   total cells updated:             126976
INFO (CarpetX):   average iterations per second: 17.8273
INFO (CarpetX):   average cell updates per second: 73020.4
INFO (CarpetX): OutputGH: iteration 32, time 0.125000, run time 2 s
INFO (CarpetX): OutputGH done.
INFO (CarpetX): Simulation time: 0.125   Iterations per second: 17.8476   Simulation time per second: 0.0697171
INFO (CarpetX): Grid cells: 4096   Grid cell updates per second: 73103.7
INFO (CarpetX): Performance:
INFO (CarpetX):   total evolution time:            1.79498 sec
INFO (CarpetX):   total evolution compute time:    1.79398 sec
INFO (CarpetX):   total evolution output time:     0.000994205 sec
INFO (CarpetX):   total iterations:                32
INFO (CarpetX):   total cells updated:             131072
INFO (CarpetX):   average iterations per second: 17.8275
INFO (CarpetX):   average cell updates per second: 73021.5
INFO (CarpetX): OutputGH: iteration 33, time 0.128906, run time 2 s
INFO (CarpetX): OutputGH done.
INFO (CarpetX): Simulation time: 0.128906   Iterations per second: 17.8492   Simulation time per second: 0.0697235
INFO (CarpetX): Grid cells: 4096   Grid cell updates per second: 73110.3
INFO (CarpetX): Performance:
INFO (CarpetX):   total evolution time:            1.85096 sec
INFO (CarpetX):   total evolution compute time:    1.84993 sec
INFO (CarpetX):   total evolution output time:     0.00102925 sec
INFO (CarpetX):   total iterations:                33
INFO (CarpetX):   total cells updated:             135168
INFO (CarpetX):   average iterations per second: 17.8286
INFO (CarpetX):   average cell updates per second: 73026
INFO (CarpetX): OutputGH: iteration 34, time 0.132812, run time 2 s
INFO (CarpetX): OutputGH done.
INFO (CarpetX): Simulation time: 0.132812   Iterations per second: 17.8472   Simulation time per second: 0.0697157
INFO (CarpetX): Grid cells: 4096   Grid cell updates per second: 73102.2
INFO (CarpetX): Performance:
INFO (CarpetX):   total evolution time:            1.90704 sec
INFO (CarpetX):   total evolution compute time:    1.90598 sec
INFO (CarpetX):   total evolution output time:     0.00106025 sec
INFO (CarpetX):   total iterations:                34
INFO (CarpetX):   total cells updated:             139264
INFO (CarpetX):   average iterations per second: 17.8286
INFO (CarpetX):   average cell updates per second: 73026.1
INFO (CarpetX): OutputGH: iteration 35, time 0.136719, run time 2 s
INFO (CarpetX): OutputGH done.
INFO (CarpetX): Simulation time: 0.136719   Iterations per second: 17.8468   Simulation time per second: 0.069714
INFO (CarpetX): Grid cells: 4096   Grid cell updates per second: 73100.4
INFO (CarpetX): Performance:
INFO (CarpetX):   total evolution time:            1.96309 sec
INFO (CarpetX):   total evolution compute time:    1.96199 sec
INFO (CarpetX):   total evolution output time:     0.00109529 sec
INFO (CarpetX):   total iterations:                35
INFO (CarpetX):   total cells updated:             143360
INFO (CarpetX):   average iterations per second: 17.829
INFO (CarpetX):   average cell updates per second: 73027.8
INFO (CarpetX): OutputGH: iteration 36, time 0.140625, run time 2 s
INFO (CarpetX): OutputGH done.
INFO (CarpetX): Simulation time: 0.140625   Iterations per second: 17.8457   Simulation time per second: 0.0697099
INFO (CarpetX): Grid cells: 4096   Grid cell updates per second: 73096.2
INFO (CarpetX): Performance:
INFO (CarpetX):   total evolution time:            2.01915 sec
INFO (CarpetX):   total evolution compute time:    2.01803 sec
INFO (CarpetX):   total evolution output time:     0.00112534 sec
INFO (CarpetX):   total iterations:                36
INFO (CarpetX):   total cells updated:             147456
INFO (CarpetX):   average iterations per second: 17.8292
INFO (CarpetX):   average cell updates per second: 73028.6
INFO (CarpetX): OutputGH: iteration 37, time 0.144531, run time 2 s
INFO (CarpetX): OutputGH done.
INFO (CarpetX): Simulation time: 0.144531   Iterations per second: 17.8465   Simulation time per second: 0.0697129
INFO (CarpetX): Grid cells: 4096   Grid cell updates per second: 73099.3
INFO (CarpetX): Performance:
INFO (CarpetX):   total evolution time:            2.07517 sec
INFO (CarpetX):   total evolution compute time:    2.07401 sec
INFO (CarpetX):   total evolution output time:     0.00115824 sec
INFO (CarpetX):   total iterations:                37
INFO (CarpetX):   total cells updated:             151552
INFO (CarpetX):   average iterations per second: 17.8299
INFO (CarpetX):   average cell updates per second: 73031.3
INFO (CarpetX): OutputGH: iteration 38, time 0.148438, run time 2 s
INFO (CarpetX): OutputGH done.
INFO (CarpetX): Simulation time: 0.148438   Iterations per second: 17.8525   Simulation time per second: 0.0697362
INFO (CarpetX): Grid cells: 4096   Grid cell updates per second: 73123.7
INFO (CarpetX): Performance:
INFO (CarpetX):   total evolution time:            2.13101 sec
INFO (CarpetX):   total evolution compute time:    2.12983 sec
INFO (CarpetX):   total evolution output time:     0.00118423 sec
INFO (CarpetX):   total iterations:                38
INFO (CarpetX):   total cells updated:             155648
INFO (CarpetX):   average iterations per second: 17.8319
INFO (CarpetX):   average cell updates per second: 73039.5
INFO (CarpetX): OutputGH: iteration 39, time 0.152344, run time 2 s
INFO (CarpetX): OutputGH done.
INFO (CarpetX): Simulation time: 0.152344   Iterations per second: 17.8487   Simulation time per second: 0.0697215
INFO (CarpetX): Grid cells: 4096   Grid cell updates per second: 73108.3
INFO (CarpetX): Performance:
INFO (CarpetX):   total evolution time:            2.18715 sec
INFO (CarpetX):   total evolution compute time:    2.18593 sec
INFO (CarpetX):   total evolution output time:     0.00121713 sec
INFO (CarpetX):   total iterations:                39
INFO (CarpetX):   total cells updated:             159744
INFO (CarpetX):   average iterations per second: 17.8315
INFO (CarpetX):   average cell updates per second: 73037.7
INFO (CarpetX): OutputGH: iteration 40, time 0.156250, run time 2 s
INFO (CarpetX): OutputGH done.
INFO (CarpetX): Simulation time: 0.15625   Iterations per second: 17.8565   Simulation time per second: 0.0697519
INFO (CarpetX): Grid cells: 4096   Grid cell updates per second: 73140.2
INFO (CarpetX): Performance:
INFO (CarpetX):   total evolution time:            2.24293 sec
INFO (CarpetX):   total evolution compute time:    2.24168 sec
INFO (CarpetX):   total evolution output time:     0.00125027 sec
INFO (CarpetX):   total iterations:                40
INFO (CarpetX):   total cells updated:             163840
INFO (CarpetX):   average iterations per second: 17.8338
INFO (CarpetX):   average cell updates per second: 73047.4
INFO (CarpetX): OutputGH: iteration 41, time 0.160156, run time 2 s
INFO (CarpetX): OutputGH done.
INFO (CarpetX): Simulation time: 0.160156   Iterations per second: 17.8561   Simulation time per second: 0.0697505
INFO (CarpetX): Grid cells: 4096   Grid cell updates per second: 73138.7
INFO (CarpetX): Performance:
INFO (CarpetX):   total evolution time:            2.29894 sec
INFO (CarpetX):   total evolution compute time:    2.29766 sec
INFO (CarpetX):   total evolution output time:     0.00128126 sec
INFO (CarpetX):   total iterations:                41
INFO (CarpetX):   total cells updated:             167936
INFO (CarpetX):   average iterations per second: 17.8343
INFO (CarpetX):   average cell updates per second: 73049.3
INFO (CarpetX): OutputGH: iteration 42, time 0.164062, run time 2 s
INFO (CarpetX): OutputGH done.
INFO (CarpetX): Simulation time: 0.164062   Iterations per second: 17.8484   Simulation time per second: 0.0697202
INFO (CarpetX): Grid cells: 4096   Grid cell updates per second: 73107
INFO (CarpetX): Performance:
INFO (CarpetX):   total evolution time:            2.35519 sec
INFO (CarpetX):   total evolution compute time:    2.35387 sec
INFO (CarpetX):   total evolution output time:     0.00131226 sec
INFO (CarpetX):   total iterations:                42
INFO (CarpetX):   total cells updated:             172032
INFO (CarpetX):   average iterations per second: 17.833
INFO (CarpetX):   average cell updates per second: 73043.9
INFO (CarpetX): OutputGH: iteration 43, time 0.167969, run time 2 s
INFO (CarpetX): OutputGH done.
INFO (CarpetX): Simulation time: 0.167969   Iterations per second: 17.8524   Simulation time per second: 0.0697361
INFO (CarpetX): Grid cells: 4096   Grid cell updates per second: 73123.6
INFO (CarpetX): Performance:
INFO (CarpetX):   total evolution time:            2.41109 sec
INFO (CarpetX):   total evolution compute time:    2.40974 sec
INFO (CarpetX):   total evolution output time:     0.00134325 sec
INFO (CarpetX):   total iterations:                43
INFO (CarpetX):   total cells updated:             176128
INFO (CarpetX):   average iterations per second: 17.8343
INFO (CarpetX):   average cell updates per second: 73049.2
INFO (CarpetX): OutputGH: iteration 44, time 0.171875, run time 2 s
INFO (CarpetX): OutputGH done.
INFO (CarpetX): Simulation time: 0.171875   Iterations per second: 17.853   Simulation time per second: 0.0697385
INFO (CarpetX): Grid cells: 4096   Grid cell updates per second: 73126.1
INFO (CarpetX): Performance:
INFO (CarpetX):   total evolution time:            2.46708 sec
INFO (CarpetX):   total evolution compute time:    2.46571 sec
INFO (CarpetX):   total evolution output time:     0.0013752 sec
INFO (CarpetX):   total iterations:                44
INFO (CarpetX):   total cells updated:             180224
INFO (CarpetX):   average iterations per second: 17.8348
INFO (CarpetX):   average cell updates per second: 73051.5
INFO (CarpetX): OutputGH: iteration 45, time 0.175781, run time 2 s
INFO (CarpetX): OutputGH done.
INFO (CarpetX): Simulation time: 0.175781   Iterations per second: 17.8554   Simulation time per second: 0.0697475
INFO (CarpetX): Grid cells: 4096   Grid cell updates per second: 73135.6
INFO (CarpetX): Performance:
INFO (CarpetX):   total evolution time:            2.52302 sec
INFO (CarpetX):   total evolution compute time:    2.52162 sec
INFO (CarpetX):   total evolution output time:     0.00140524 sec
INFO (CarpetX):   total iterations:                45
INFO (CarpetX):   total cells updated:             184320
INFO (CarpetX):   average iterations per second: 17.8357
INFO (CarpetX):   average cell updates per second: 73055.2
INFO (CarpetX): OutputGH: iteration 46, time 0.179688, run time 3 s
INFO (CarpetX): OutputGH done.
INFO (CarpetX): Simulation time: 0.179688   Iterations per second: 17.8583   Simulation time per second: 0.0697589
INFO (CarpetX): Grid cells: 4096   Grid cell updates per second: 73147.5
INFO (CarpetX): Performance:
INFO (CarpetX):   total evolution time:            2.57894 sec
INFO (CarpetX):   total evolution compute time:    2.5775 sec
INFO (CarpetX):   total evolution output time:     0.00143719 sec
INFO (CarpetX):   total iterations:                46
INFO (CarpetX):   total cells updated:             188416
INFO (CarpetX):   average iterations per second: 17.8368
INFO (CarpetX):   average cell updates per second: 73059.6
INFO (CarpetX): OutputGH: iteration 47, time 0.183594, run time 3 s
INFO (CarpetX): OutputGH done.
INFO (CarpetX): Simulation time: 0.183594   Iterations per second: 17.8588   Simulation time per second: 0.0697608
INFO (CarpetX): Grid cells: 4096   Grid cell updates per second: 73149.5
INFO (CarpetX): Performance:
INFO (CarpetX):   total evolution time:            2.63492 sec
INFO (CarpetX):   total evolution compute time:    2.63345 sec
INFO (CarpetX):   total evolution output time:     0.00147033 sec
INFO (CarpetX):   total iterations:                47
INFO (CarpetX):   total cells updated:             192512
INFO (CarpetX):   average iterations per second: 17.8374
INFO (CarpetX):   average cell updates per second: 73061.9
INFO (CarpetX): OutputGH: iteration 48, time 0.187500, run time 3 s
INFO (CarpetX): OutputGH done.
INFO (CarpetX): Simulation time: 0.1875   Iterations per second: 17.8609   Simulation time per second: 0.069769
INFO (CarpetX): Grid cells: 4096   Grid cell updates per second: 73158.1
INFO (CarpetX): Performance:
INFO (CarpetX):   total evolution time:            2.69085 sec
INFO (CarpetX):   total evolution compute time:    2.68934 sec
INFO (CarpetX):   total evolution output time:     0.00150251 sec
INFO (CarpetX):   total iterations:                48
INFO (CarpetX):   total cells updated:             196608
INFO (CarpetX):   average iterations per second: 17.8382
INFO (CarpetX):   average cell updates per second: 73065.5
INFO (CarpetX): OutputGH: iteration 49, time 0.191406, run time 3 s
INFO (CarpetX): OutputGH done.
INFO (CarpetX): Simulation time: 0.191406   Iterations per second: 17.8747   Simulation time per second: 0.0698231
INFO (CarpetX): Grid cells: 4096   Grid cell updates per second: 73214.8
INFO (CarpetX): Performance:
INFO (CarpetX):   total evolution time:            2.7464 sec
INFO (CarpetX):   total evolution compute time:    2.74487 sec
INFO (CarpetX):   total evolution output time:     0.00153446 sec
INFO (CarpetX):   total iterations:                49
INFO (CarpetX):   total cells updated:             200704
INFO (CarpetX):   average iterations per second: 17.8415
INFO (CarpetX):   average cell updates per second: 73078.9
INFO (CarpetX): OutputGH: iteration 50, time 0.195312, run time 3 s
INFO (CarpetX): OutputGH done.
INFO (CarpetX): Simulation time: 0.195312   Iterations per second: 17.8791   Simulation time per second: 0.0698402
INFO (CarpetX): Grid cells: 4096   Grid cell updates per second: 73232.7
INFO (CarpetX): Performance:
INFO (CarpetX):   total evolution time:            2.80221 sec
INFO (CarpetX):   total evolution compute time:    2.80065 sec
INFO (CarpetX):   total evolution output time:     0.00156331 sec
INFO (CarpetX):   total iterations:                50
INFO (CarpetX):   total cells updated:             204800
INFO (CarpetX):   average iterations per second: 17.8431
INFO (CarpetX):   average cell updates per second: 73085.2
INFO (CarpetX): OutputGH: iteration 51, time 0.199219, run time 3 s
INFO (CarpetX): OutputGH done.
INFO (CarpetX): Simulation time: 0.199219   Iterations per second: 17.8792   Simulation time per second: 0.0698406
INFO (CarpetX): Grid cells: 4096   Grid cell updates per second: 73233.2
INFO (CarpetX): Performance:
INFO (CarpetX):   total evolution time:            2.85814 sec
INFO (CarpetX):   total evolution compute time:    2.85654 sec
INFO (CarpetX):   total evolution output time:     0.00159526 sec
INFO (CarpetX):   total iterations:                51
INFO (CarpetX):   total cells updated:             208896
INFO (CarpetX):   average iterations per second: 17.8438
INFO (CarpetX):   average cell updates per second: 73088.1
INFO (CarpetX): OutputGH: iteration 52, time 0.203125, run time 3 s
INFO (CarpetX): OutputGH done.
INFO (CarpetX): Simulation time: 0.203125   Iterations per second: 17.8843   Simulation time per second: 0.0698607
INFO (CarpetX): Grid cells: 4096   Grid cell updates per second: 73254.3
INFO (CarpetX): Performance:
INFO (CarpetX):   total evolution time:            2.91391 sec
INFO (CarpetX):   total evolution compute time:    2.91228 sec
INFO (CarpetX):   total evolution output time:     0.0016253 sec
INFO (CarpetX):   total iterations:                52
INFO (CarpetX):   total cells updated:             212992
INFO (CarpetX):   average iterations per second: 17.8455
INFO (CarpetX):   average cell updates per second: 73095
INFO (CarpetX): OutputGH: iteration 53, time 0.207031, run time 3 s
INFO (CarpetX): OutputGH done.
INFO (CarpetX): Simulation time: 0.207031   Iterations per second: 17.889   Simulation time per second: 0.0698789
INFO (CarpetX): Grid cells: 4096   Grid cell updates per second: 73273.4
INFO (CarpetX): Performance:
INFO (CarpetX):   total evolution time:            2.96968 sec
INFO (CarpetX):   total evolution compute time:    2.96802 sec
INFO (CarpetX):   total evolution output time:     0.00165319 sec
INFO (CarpetX):   total iterations:                53
INFO (CarpetX):   total cells updated:             217088
INFO (CarpetX):   average iterations per second: 17.8471
INFO (CarpetX):   average cell updates per second: 73101.6
INFO (CarpetX): OutputGH: iteration 54, time 0.210938, run time 3 s
INFO (CarpetX): OutputGH done.
INFO (CarpetX): Simulation time: 0.210938   Iterations per second: 17.8986   Simulation time per second: 0.0699162
INFO (CarpetX): Grid cells: 4096   Grid cell updates per second: 73312.5
INFO (CarpetX): Performance:
INFO (CarpetX):   total evolution time:            3.02528 sec
INFO (CarpetX):   total evolution compute time:    3.0236 sec
INFO (CarpetX):   total evolution output time:     0.00167942 sec
INFO (CarpetX):   total iterations:                54
INFO (CarpetX):   total cells updated:             221184
INFO (CarpetX):   average iterations per second: 17.8496
INFO (CarpetX):   average cell updates per second: 73111.9
INFO (CarpetX): OutputGH: iteration 55, time 0.214844, run time 3 s
INFO (CarpetX): OutputGH done.
INFO (CarpetX): Simulation time: 0.214844   Iterations per second: 17.9037   Simulation time per second: 0.0699365
INFO (CarpetX): Grid cells: 4096   Grid cell updates per second: 73333.7
INFO (CarpetX): Performance:
INFO (CarpetX):   total evolution time:            3.08099 sec
INFO (CarpetX):   total evolution compute time:    3.07928 sec
INFO (CarpetX):   total evolution output time:     0.00171041 sec
INFO (CarpetX):   total iterations:                55
INFO (CarpetX):   total cells updated:             225280
INFO (CarpetX):   average iterations per second: 17.8514
INFO (CarpetX):   average cell updates per second: 73119.4
INFO (CarpetX): OutputGH: iteration 56, time 0.218750, run time 3 s
INFO (CarpetX): OutputGH done.
INFO (CarpetX): Simulation time: 0.21875   Iterations per second: 17.912   Simulation time per second: 0.0699686
INFO (CarpetX): Grid cells: 4096   Grid cell updates per second: 73367.3
INFO (CarpetX): Performance:
INFO (CarpetX):   total evolution time:            3.13659 sec
INFO (CarpetX):   total evolution compute time:    3.13485 sec
INFO (CarpetX):   total evolution output time:     0.0017395 sec
INFO (CarpetX):   total iterations:                56
INFO (CarpetX):   total cells updated:             229376
INFO (CarpetX):   average iterations per second: 17.8538
INFO (CarpetX):   average cell updates per second: 73129.2
INFO (CarpetX): OutputGH: iteration 57, time 0.222656, run time 3 s
INFO (CarpetX): OutputGH done.
INFO (CarpetX): Simulation time: 0.222656   Iterations per second: 17.9137   Simulation time per second: 0.0699753
INFO (CarpetX): Grid cells: 4096   Grid cell updates per second: 73374.4
INFO (CarpetX): Performance:
INFO (CarpetX):   total evolution time:            3.19236 sec
INFO (CarpetX):   total evolution compute time:    3.19059 sec
INFO (CarpetX):   total evolution output time:     0.0017705 sec
INFO (CarpetX):   total iterations:                57
INFO (CarpetX):   total cells updated:             233472
INFO (CarpetX):   average iterations per second: 17.8551
INFO (CarpetX):   average cell updates per second: 73134.6
INFO (CarpetX): OutputGH: iteration 58, time 0.226562, run time 3 s
INFO (CarpetX): OutputGH done.
INFO (CarpetX): Simulation time: 0.226562   Iterations per second: 17.9218   Simulation time per second: 0.0700069
INFO (CarpetX): Grid cells: 4096   Grid cell updates per second: 73407.5
INFO (CarpetX): Performance:
INFO (CarpetX):   total evolution time:            3.24793 sec
INFO (CarpetX):   total evolution compute time:    3.24613 sec
INFO (CarpetX):   total evolution output time:     0.00180054 sec
INFO (CarpetX):   total iterations:                58
INFO (CarpetX):   total cells updated:             237568
INFO (CarpetX):   average iterations per second: 17.8575
INFO (CarpetX):   average cell updates per second: 73144.4
INFO (CarpetX): OutputGH: iteration 59, time 0.230469, run time 3 s
INFO (CarpetX): OutputGH done.
INFO (CarpetX): Simulation time: 0.230469   Iterations per second: 17.924   Simulation time per second: 0.0700158
INFO (CarpetX): Grid cells: 4096   Grid cell updates per second: 73416.9
INFO (CarpetX): Performance:
INFO (CarpetX):   total evolution time:            3.30366 sec
INFO (CarpetX):   total evolution compute time:    3.30183 sec
INFO (CarpetX):   total evolution output time:     0.00183249 sec
INFO (CarpetX):   total iterations:                59
INFO (CarpetX):   total cells updated:             241664
INFO (CarpetX):   average iterations per second: 17.859
INFO (CarpetX):   average cell updates per second: 73150.4
INFO (CarpetX): OutputGH: iteration 60, time 0.234375, run time 3 s
INFO (CarpetX): OutputGH done.
INFO (CarpetX): Simulation time: 0.234375   Iterations per second: 17.9296   Simulation time per second: 0.0700374
INFO (CarpetX): Grid cells: 4096   Grid cell updates per second: 73439.5
INFO (CarpetX): Performance:
INFO (CarpetX):   total evolution time:            3.35928 sec
INFO (CarpetX):   total evolution compute time:    3.35741 sec
INFO (CarpetX):   total evolution output time:     0.00186348 sec
INFO (CarpetX):   total iterations:                60
INFO (CarpetX):   total cells updated:             245760
INFO (CarpetX):   average iterations per second: 17.861
INFO (CarpetX):   average cell updates per second: 73158.6
INFO (CarpetX): OutputGH: iteration 61, time 0.238281, run time 3 s
INFO (CarpetX): OutputGH done.
INFO (CarpetX): Simulation time: 0.238281   Iterations per second: 17.9217   Simulation time per second: 0.0700065
INFO (CarpetX): Grid cells: 4096   Grid cell updates per second: 73407.1
INFO (CarpetX): Performance:
INFO (CarpetX):   total evolution time:            3.4153 sec
INFO (CarpetX):   total evolution compute time:    3.41341 sec
INFO (CarpetX):   total evolution output time:     0.00189233 sec
INFO (CarpetX):   total iterations:                61
INFO (CarpetX):   total cells updated:             249856
INFO (CarpetX):   average iterations per second: 17.8608
INFO (CarpetX):   average cell updates per second: 73157.9
INFO (CarpetX): OutputGH: iteration 62, time 0.242188, run time 3 s
INFO (CarpetX): OutputGH done.
INFO (CarpetX): Simulation time: 0.242188   Iterations per second: 17.9239   Simulation time per second: 0.0700151
INFO (CarpetX): Grid cells: 4096   Grid cell updates per second: 73416.1
INFO (CarpetX): Performance:
INFO (CarpetX):   total evolution time:            3.47103 sec
INFO (CarpetX):   total evolution compute time:    3.46911 sec
INFO (CarpetX):   total evolution output time:     0.00192118 sec
INFO (CarpetX):   total iterations:                62
INFO (CarpetX):   total cells updated:             253952
INFO (CarpetX):   average iterations per second: 17.8621
INFO (CarpetX):   average cell updates per second: 73163.3
INFO (CarpetX): OutputGH: iteration 63, time 0.246094, run time 3 s
INFO (CarpetX): OutputGH done.
INFO (CarpetX): Simulation time: 0.246094   Iterations per second: 17.9302   Simulation time per second: 0.0700397
INFO (CarpetX): Grid cells: 4096   Grid cell updates per second: 73441.9
INFO (CarpetX): Performance:
INFO (CarpetX):   total evolution time:            3.52662 sec
INFO (CarpetX):   total evolution compute time:    3.52467 sec
INFO (CarpetX):   total evolution output time:     0.00195122 sec
INFO (CarpetX):   total iterations:                63
INFO (CarpetX):   total cells updated:             258048
INFO (CarpetX):   average iterations per second: 17.8641
INFO (CarpetX):   average cell updates per second: 73171.4
INFO (CarpetX): OutputGH: iteration 64, time 0.250000, run time 4 s
INFO (CarpetX): OutputGH done.
INFO (CarpetX): Simulation time: 0.25   Iterations per second: 17.2726   Simulation time per second: 0.0674709
INFO (CarpetX): Grid cells: 4096   Grid cell updates per second: 70748.4
INFO (CarpetX): Performance:
INFO (CarpetX):   total evolution time:            3.60363 sec
INFO (CarpetX):   total evolution compute time:    3.58787 sec
INFO (CarpetX):   total evolution output time:     0.0157614 sec
INFO (CarpetX):   total iterations:                64
INFO (CarpetX):   total cells updated:             262144
INFO (CarpetX):   average iterations per second: 17.7599
INFO (CarpetX):   average cell updates per second: 72744.4
INFO (CarpetX): Shutting down...
AMReX (25.11) finalized
--------------------------------------------------------------------------------
Done.

real	0m4.038s
user	0m6.756s
sys	0m0.193s
+ echo Stopping:
Stopping:
+ date
Tue Mar 10 03:14:06 PM UTC 2026
+ echo Done.
Done.
  Elapsed time: 4.0 s
