/__w/canudax-tests/workspace/simulations/TestJob01_temp_2/output-0000/TEST/sim/CanudaX_BSSNMoL
Preparing:
+ set -e
+ cd output-0000-active
+ echo Checking:
Checking:
+ pwd
/__w/canudax-tests/workspace/simulations/TestJob01_temp_2/output-0000/TEST/sim/CanudaX_BSSNMoL/output-0000-active
+ hostname
725245581ce7
+ date
Fri Apr  3 09:33:53 PM UTC 2026
+ echo Environment:
Environment:
+ export SIMULATION_ID=simulation-TestJob01_temp_2-actions-cpu-real64-actions-root-2026.04.03-21.33.53-14238
+ SIMULATION_ID=simulation-TestJob01_temp_2-actions-cpu-real64-actions-root-2026.04.03-21.33.53-14238
+ export CACTUS_NUM_PROCS=2
+ CACTUS_NUM_PROCS=2
+ export CACTUS_NUM_THREADS=1
+ CACTUS_NUM_THREADS=1
+ export CACTUS_SET_THREAD_BINDINGS=0
+ CACTUS_SET_THREAD_BINDINGS=0
+ export GLIBCXX_FORCE_NEW=1
+ GLIBCXX_FORCE_NEW=1
+ export GMON_OUT_PREFIX=gmon.out
+ GMON_OUT_PREFIX=gmon.out
+ export OMP_DISPLAY_ENV=TRUE
+ OMP_DISPLAY_ENV=TRUE
+ export OMP_MAX_TASKS=100
+ OMP_MAX_TASKS=100
+ export OMP_NUM_THREADS=1
+ OMP_NUM_THREADS=1
+ export OMP_PLACES=cores
+ OMP_PLACES=cores
+ export OMP_PROC_BIND=FALSE
+ OMP_PROC_BIND=FALSE
+ export OMP_STACKSIZE=8192
+ OMP_STACKSIZE=8192
+ env
+ sort
+ echo Starting:
Starting:
++ date +%s
+ export CACTUS_STARTTIME=1775252033
+ CACTUS_STARTTIME=1775252033
+ mpiexec -n 2 /__w/canudax-tests/workspace/simulations/TestJob01_temp_2/SIMFACTORY/exe/cactus_sim -L 3 /__w/canudax-tests/workspace/simulations/TestJob01_temp_2/output-0000/arrangements/CanudaX/CanudaX_BSSNMoL/test/gaugewave.par

OPENMP DISPLAY ENVIRONMENT BEGIN
  _OPENMP = '201511'
  [host] OMP_DYNAMIC = 'FALSE'
  [host] OMP_NESTED = 'FALSE'
  [host] OMP_NUM_THREADS = '1'
  [host] OMP_SCHEDULE = 'DYNAMIC'
  [host] OMP_PROC_BIND = 'FALSE'
  [host] OMP_PLACES = ''
  [host] OMP_STACKSIZE = '8388608'
  [host] OMP_WAIT_POLICY = 'PASSIVE'
  [host] OMP_THREAD_LIMIT = '4294967295'
  [host] OMP_MAX_ACTIVE_LEVELS = '1'
  [host] OMP_NUM_TEAMS = '0'
  [host] OMP_TEAMS_THREAD_LIMIT = '0'
  [all] OMP_CANCELLATION = 'FALSE'
  [all] OMP_DEFAULT_DEVICE = '0'
  [all] OMP_MAX_TASK_PRIORITY = '0'
  [all] OMP_DISPLAY_AFFINITY = 'FALSE'
  [host] OMP_AFFINITY_FORMAT = 'level %L thread %i affinity %A'
  [host] OMP_ALLOCATOR = 'omp_default_mem_alloc'
  [all] OMP_TARGET_OFFLOAD = 'DEFAULT'
OPENMP DISPLAY ENVIRONMENT END

OPENMP DISPLAY ENVIRONMENT BEGIN
  _OPENMP = '201511'
  [host] OMP_DYNAMIC = 'FALSE'
  [host] OMP_NESTED = 'FALSE'
  [host] OMP_NUM_THREADS = '1'
  [host] OMP_SCHEDULE = 'DYNAMIC'
  [host] OMP_PROC_BIND = 'FALSE'
  [host] OMP_PLACES = ''
  [host] OMP_STACKSIZE = '8388608'
  [host] OMP_WAIT_POLICY = 'PASSIVE'
  [host] OMP_THREAD_LIMIT = '4294967295'
  [host] OMP_MAX_ACTIVE_LEVELS = '1'
  [host] OMP_NUM_TEAMS = '0'
  [host] OMP_TEAMS_THREAD_LIMIT = '0'
  [all] OMP_CANCELLATION = 'FALSE'
  [all] OMP_DEFAULT_DEVICE = '0'
  [all] OMP_MAX_TASK_PRIORITY = '0'
  [all] OMP_DISPLAY_AFFINITY = 'FALSE'
  [host] OMP_AFFINITY_FORMAT = 'level %L thread %i affinity %A'
  [host] OMP_ALLOCATOR = 'omp_default_mem_alloc'
  [all] OMP_TARGET_OFFLOAD = 'DEFAULT'
OPENMP DISPLAY ENVIRONMENT END
INFO (Cactus): Increased logging level from 0 to 3
--------------------------------------------------------------------------------

       10                                  
  1   0101       ************************  
  01  1010 10      The Cactus Code V4.18.0    
 1010 1101 011      www.cactuscode.org     
  1001 100101    ************************  
    00010101                               
     100011     (c) Copyright The Authors  
      0100      GNU Licensed. No Warranty  
      0101                                 
--------------------------------------------------------------------------------

Cactus version:    4.18.0
Compile date:      Apr 03 2026 (21:30:56)
Run date:          Apr 03 2026 (21:33:53+0000)
Run host:          725245581ce7 (pid=14286)
Working directory: /__w/canudax-tests/workspace/simulations/TestJob01_temp_2/output-0000/TEST/sim/CanudaX_BSSNMoL
Executable:        /__w/canudax-tests/workspace/simulations/TestJob01_temp_2/SIMFACTORY/exe/cactus_sim
Parameter file:    /__w/canudax-tests/workspace/simulations/TestJob01_temp_2/output-0000/arrangements/CanudaX/CanudaX_BSSNMoL/test/gaugewave.par
--------------------------------------------------------------------------------

Activating thorn Cactus...Success -> active implementation Cactus
Activation requested for 
--->ADMBaseX CanudaX_BSSNMoL CanudaX_ExactID CarpetX IOUtil ODESolvers TmunuBaseX<---
Thorn ADMBaseX requests automatic activation of Loop
Thorn CarpetX requests automatic activation of AMReX
Thorn CarpetX requests automatic activation of MPI
Thorn CarpetX requests automatic activation of yaml_cpp
Thorn CarpetX requests automatic activation of zlib
Thorn CarpetX requests automatic activation of Arith
Thorn CarpetX requests automatic activation of CarpetXRegrid
Thorn CarpetX requests automatic activation of ADIOS2
Thorn CarpetX requests automatic activation of openPMD
Thorn CarpetX requests automatic activation of Silo
Thorn Arith requests automatic activation of NSIMD
Thorn MPI requests automatic activation of hwloc
Thorn openPMD requests automatic activation of HDF5
Activating thorn ADIOS2...Success -> active implementation ADIOS2
Activating thorn ADMBaseX...Success -> active implementation ADMBaseX
Activating thorn AMReX...Success -> active implementation AMReX
Activating thorn Arith...Success -> active implementation Arith
Activating thorn CanudaX_BSSNMoL...Success -> active implementation CanudaX_BSSNMoL
Activating thorn CanudaX_ExactID...Success -> active implementation CanudaX_ExactID
Activating thorn CarpetX...Success -> active implementation Driver
Activating thorn CarpetXRegrid...Success -> active implementation CarpetXRegrid
Activating thorn HDF5...Success -> active implementation HDF5
Activating thorn hwloc...Success -> active implementation hwloc
Activating thorn IOUtil...Success -> active implementation IO
Activating thorn Loop...Success -> active implementation Loop
Activating thorn MPI...Success -> active implementation MPI
Activating thorn NSIMD...Success -> active implementation NSIMD
Activating thorn ODESolvers...Success -> active implementation ODESolvers
Activating thorn openPMD...Success -> active implementation openPMD
Activating thorn Silo...Success -> active implementation Silo
Activating thorn TmunuBaseX...Success -> active implementation TmunuBaseX
Activating thorn yaml_cpp...Success -> active implementation yaml_cpp
Activating thorn zlib...Success -> active implementation zlib
--------------------------------------------------------------------------------
  if (recover initial data)
    Recover parameters
  endif

  Startup routines
    [CCTK_STARTUP]
      CarpetX::Driver_Startup: Start up the driver
      IOUtil::IOUtil_Startup: Startup routine
      GROUP hwloc_startup: hwloc startup group
        hwloc::hwloc_version: Output hwloc version

  Startup routines which need an existing grid hierarchy
    [CCTK_WRAGH]
      Arith::Test_smallvector: [meta] Test small vectors
      Arith::Test_spvect: [meta] Test sparse vectors
      ODESolvers::ODESolvers_InitConstants: [global] Set up dummy loop counters for schedule printout
  Parameter checking routines
    [CCTK_PARAMCHECK]
      CanudaX_BSSNMoL::CanudaX_BSSNMoL_paramcheck: Check CanudaX_BSSNMoL parameters for consistency

  Initialisation
    if (NOT (recover initial data AND recovery_mode is 'strict'))
      [CCTK_PREREGRIDINITIAL]
      Set up grid hierarchy
      [CCTK_POSTREGRIDINITIAL]
      [CCTK_BASEGRID]
        CarpetXRegrid::CarpetXRegrid_InitError: Initialize regridding error to zero
        GROUP ODESolvers_BaseGrid: Set up constants (e.g. coordinates) everywhere on the grid
      [CCTK_INITIAL]
        GROUP TmunuBaseX_SetTmunuVars: Schedule group for setting T_munu
          TmunuBaseX::TmunuBaseX_ZeroTmunu: Set T_munu to zero
          GROUP TmunuBaseX_AddToTmunu: Add to T_munu here
        GROUP ODESolvers_Initial: Set up initial conditions on interior of state vector
          GROUP ADMBaseX_InitialData: Schedule group for calculating ADM initial data
            GROUP CanudaX_ExactIDGroup: CanudaX_ExactID group for setting up initial data
              CanudaX_ExactID::CanudaX_ExactID_GaugeWave: [local] Create gauge wave initial data
          GROUP ADMBaseX_InitialGauge: Schedule group for the ADM initial gauge condition
            ADMBaseX::ADMBaseX_initial_dtlapse: Set dtlapse to zero
            ADMBaseX::ADMBaseX_initial_dtshift: Set dtshift to zero
          GROUP ADMBaseX_PostInitial: Schedule group for modifying the ADM initial data, such as e.g. adding noise
        GROUP CanudaX_BSSNMoL_InitialGroup: CanudaX_BSSNMoL: initial bin
          CanudaX_BSSNMoL::CanudaX_BSSNMoL_adm2bssn: [local] Convert initial data into BSSN variables
          CanudaX_BSSNMoL::CanudaX_BSSNMoL_gammat: [local] Set Gammat initial data
      [CCTK_POSTINITIAL]
        GROUP ODESolvers_PostStep: Apply boundary conditions to state vector, and project if necessary
          GROUP CanudaX_BSSNMoL_PostStepGroup: CanudaX_BSSNMoL: post-step operations
            CanudaX_BSSNMoL::CanudaX_BSSNMoL_impose_conf_fac_floor: Make sure conformal factor does not drop below specified value
            CanudaX_BSSNMoL::CanudaX_BSSNMoL_reset_detmetric: reset dethh = 1
            CanudaX_BSSNMoL::CanudaX_BSSNMoL_remove_trA: Remove trace of A
            CanudaX_BSSNMoL::CanudaX_BSSNMoL_sync: [global] Sync state vector
            CanudaX_BSSNMoL::CanudaX_BSSNMoL_bssn2adm: [local] Convert variables back to the ADM ones
          GROUP ADMBaseX_SetADMRHS: Set ADM RHS variables in this group
          GROUP ADMBaseX_SetADMVars: Set ADM variables in this group
          GROUP TmunuBaseX_SetTmunuVars: Schedule group for setting T_munu
            TmunuBaseX::TmunuBaseX_ZeroTmunu: Set T_munu to zero
            GROUP TmunuBaseX_AddToTmunu: Add to T_munu here
        GROUP ODESolvers_EstimateError: Estimate discretization error (for regridding)
      Initialise finer grids recursively
      Restrict from finer grids
      [CCTK_POSTRESTRICTINITIAL]
      [CCTK_POSTPOSTINITIAL]
      [CCTK_POSTSTEP]
        GROUP ODESolvers_EstimateError: Estimate discretization error (for regridding)
    endif
    if (recover initial data)
      [CCTK_BASEGRID]
        CarpetXRegrid::CarpetXRegrid_InitError: Initialize regridding error to zero
        GROUP ODESolvers_BaseGrid: Set up constants (e.g. coordinates) everywhere on the grid
      [CCTK_RECOVER_VARIABLES]
      [CCTK_POST_RECOVER_VARIABLES]
        GROUP ODESolvers_PostStep: Apply boundary conditions to state vector, and project if necessary
          GROUP CanudaX_BSSNMoL_PostStepGroup: CanudaX_BSSNMoL: post-step operations
            CanudaX_BSSNMoL::CanudaX_BSSNMoL_impose_conf_fac_floor: Make sure conformal factor does not drop below specified value
            CanudaX_BSSNMoL::CanudaX_BSSNMoL_reset_detmetric: reset dethh = 1
            CanudaX_BSSNMoL::CanudaX_BSSNMoL_remove_trA: Remove trace of A
            CanudaX_BSSNMoL::CanudaX_BSSNMoL_sync: [global] Sync state vector
            CanudaX_BSSNMoL::CanudaX_BSSNMoL_bssn2adm: [local] Convert variables back to the ADM ones
          GROUP ADMBaseX_SetADMRHS: Set ADM RHS variables in this group
          GROUP ADMBaseX_SetADMVars: Set ADM variables in this group
          GROUP TmunuBaseX_SetTmunuVars: Schedule group for setting T_munu
            TmunuBaseX::TmunuBaseX_ZeroTmunu: Set T_munu to zero
            GROUP TmunuBaseX_AddToTmunu: Add to T_munu here
        GROUP ODESolvers_EstimateError: Estimate discretization error (for regridding)
    endif
    if (checkpoint initial data)
      [CCTK_CPINITIAL]
        CarpetX::CarpetX_CheckpointInitial: [meta] Checkpoint initial conditions
    endif
    if (analysis)
      [CCTK_ANALYSIS]
        CanudaX_BSSNMoL::CanudaX_BSSNMoL_bssn_constraints: Compute constraints
        GROUP ODESolvers_Analysis: Calculate analysis quantities everywhere
  endif
  Output grid variables

  do loop over timesteps
    [CCTK_PREREGRID]
    Change grid hierarchy
    [CCTK_POSTREGRID]
      GROUP ODESolvers_PostStep: Apply boundary conditions to state vector, and project if necessary
        GROUP CanudaX_BSSNMoL_PostStepGroup: CanudaX_BSSNMoL: post-step operations
          CanudaX_BSSNMoL::CanudaX_BSSNMoL_impose_conf_fac_floor: Make sure conformal factor does not drop below specified value
          CanudaX_BSSNMoL::CanudaX_BSSNMoL_reset_detmetric: reset dethh = 1
          CanudaX_BSSNMoL::CanudaX_BSSNMoL_remove_trA: Remove trace of A
          CanudaX_BSSNMoL::CanudaX_BSSNMoL_sync: [global] Sync state vector
          CanudaX_BSSNMoL::CanudaX_BSSNMoL_bssn2adm: [local] Convert variables back to the ADM ones
        GROUP ADMBaseX_SetADMRHS: Set ADM RHS variables in this group
        GROUP ADMBaseX_SetADMVars: Set ADM variables in this group
        GROUP TmunuBaseX_SetTmunuVars: Schedule group for setting T_munu
          TmunuBaseX::TmunuBaseX_ZeroTmunu: Set T_munu to zero
          GROUP TmunuBaseX_AddToTmunu: Add to T_munu here
    Rotate timelevels
    iteration = iteration+1
    t = t+dt
    [CCTK_PRESTEP]
    [CCTK_EVOL]
      ODESolvers::ODESolvers_Solve: [level] Solve ODEs
      while (ODESolvers::do_substeps)
        GROUP ODESolvers_CalledBySolve: Groups internally scheduled by ODESolvers_Solve
          GROUP ODESolvers_RHS: Evaluate the RHS for of state vector everywhere on the grid
            GROUP CanudaX_BSSNMoL_RHSGroup: CanudaX_BSSNMoL: calculate BSSN RHS
              CanudaX_BSSNMoL::CanudaX_BSSNMoL_calc_bssn_rhs: MoL RHS calculation
              CanudaX_BSSNMoL::CanudaX_BSSNMoL_apply_boundary_conditions: Apply radiative boundary conditions 
          GROUP ODESolvers_PostStep: Apply boundary conditions to state vector, and project if necessary
            GROUP CanudaX_BSSNMoL_PostStepGroup: CanudaX_BSSNMoL: post-step operations
              CanudaX_BSSNMoL::CanudaX_BSSNMoL_impose_conf_fac_floor: Make sure conformal factor does not drop below specified value
              CanudaX_BSSNMoL::CanudaX_BSSNMoL_reset_detmetric: reset dethh = 1
              CanudaX_BSSNMoL::CanudaX_BSSNMoL_remove_trA: Remove trace of A
              CanudaX_BSSNMoL::CanudaX_BSSNMoL_sync: [global] Sync state vector
              CanudaX_BSSNMoL::CanudaX_BSSNMoL_bssn2adm: [local] Convert variables back to the ADM ones
            GROUP ADMBaseX_SetADMRHS: Set ADM RHS variables in this group
            GROUP ADMBaseX_SetADMVars: Set ADM variables in this group
            GROUP TmunuBaseX_SetTmunuVars: Schedule group for setting T_munu
              TmunuBaseX::TmunuBaseX_ZeroTmunu: Set T_munu to zero
              GROUP TmunuBaseX_AddToTmunu: Add to T_munu here
      end while
    Evolve finer grids recursively
    Restrict from finer grids
    [CCTK_POSTRESTRICT]
      GROUP ODESolvers_PostStep: Apply boundary conditions to state vector, and project if necessary
        GROUP CanudaX_BSSNMoL_PostStepGroup: CanudaX_BSSNMoL: post-step operations
          CanudaX_BSSNMoL::CanudaX_BSSNMoL_impose_conf_fac_floor: Make sure conformal factor does not drop below specified value
          CanudaX_BSSNMoL::CanudaX_BSSNMoL_reset_detmetric: reset dethh = 1
          CanudaX_BSSNMoL::CanudaX_BSSNMoL_remove_trA: Remove trace of A
          CanudaX_BSSNMoL::CanudaX_BSSNMoL_sync: [global] Sync state vector
          CanudaX_BSSNMoL::CanudaX_BSSNMoL_bssn2adm: [local] Convert variables back to the ADM ones
        GROUP ADMBaseX_SetADMRHS: Set ADM RHS variables in this group
        GROUP ADMBaseX_SetADMVars: Set ADM variables in this group
        GROUP TmunuBaseX_SetTmunuVars: Schedule group for setting T_munu
          TmunuBaseX::TmunuBaseX_ZeroTmunu: Set T_munu to zero
          GROUP TmunuBaseX_AddToTmunu: Add to T_munu here
    [CCTK_POSTSTEP]
      GROUP ODESolvers_EstimateError: Estimate discretization error (for regridding)
    if (checkpoint)
      [CCTK_CHECKPOINT]
      CarpetX::CarpetX_Checkpoint: [meta] Checkpoint
    endif
    if (analysis)
      [CCTK_ANALYSIS]
      CanudaX_BSSNMoL::CanudaX_BSSNMoL_bssn_constraints: Compute constraints
      GROUP ODESolvers_Analysis: Calculate analysis quantities everywhere
    endif
    Output grid variables
    enddo

  Termination routines
    [CCTK_TERMINATE]
      CarpetX::CarpetX_CheckpointTerminate: [meta] Checkpoint before terminating

  Shutdown routines
    [CCTK_SHUTDOWN]
      CarpetX::Driver_Shutdown: [meta] Shut down the driver

  Routines run after changing the grid hierarchy:
    [CCTK_POSTREGRID]
      GROUP ODESolvers_PostStep: Apply boundary conditions to state vector, and project if necessary
        GROUP CanudaX_BSSNMoL_PostStepGroup: CanudaX_BSSNMoL: post-step operations
          CanudaX_BSSNMoL::CanudaX_BSSNMoL_impose_conf_fac_floor: Make sure conformal factor does not drop below specified value
          CanudaX_BSSNMoL::CanudaX_BSSNMoL_reset_detmetric: reset dethh = 1
          CanudaX_BSSNMoL::CanudaX_BSSNMoL_remove_trA: Remove trace of A
          CanudaX_BSSNMoL::CanudaX_BSSNMoL_sync: [global] Sync state vector
          CanudaX_BSSNMoL::CanudaX_BSSNMoL_bssn2adm: [local] Convert variables back to the ADM ones
        GROUP ADMBaseX_SetADMRHS: Set ADM RHS variables in this group
        GROUP ADMBaseX_SetADMVars: Set ADM variables in this group
        GROUP TmunuBaseX_SetTmunuVars: Schedule group for setting T_munu
          TmunuBaseX::TmunuBaseX_ZeroTmunu: Set T_munu to zero
          GROUP TmunuBaseX_AddToTmunu: Add to T_munu here
--------------------------------------------------------------------------------
INFO (hwloc): library version 2.10.0, API version 0x20800
--------------------------------------------------------------------------------

  [34m  ▕▏  [34m  ▕▏  [34m  ▕▏  [34m  ▕▏  [34m  ▕▏  [34m  ▕▏  [34m  ▕▏  [34m  ▕▏  [34m  ▕▏  [39m  
  [34m──██──[34m──██──[34m──██──[34m──██──[34m──██──[34m──██──[34m──██──[34m──██──[34m──██──[39m  
  [34m  ▕▏  [34m  ▕▏  [34m  ▕▏  [34m  ▕▏  [34m  ▕▏  [34m  ▕▏  [34m  ▕▏  [34m  ▕▏  [34m  ▕▏  [39m  
  [34m  ▕▏  [32m██████[34m  ▕▏  [34m  ▕▏  [32m██████[34m  ▕▏  [34m  ▕▏  [32m██████[34m  ▕▏  [39m  
  [34m──██──[32m██████[34m──██──[34m──██──[32m██████[34m──██──[34m──██──[32m██████[34m──██──[39m  
  [34m  ▕▏  [32m██████[34m  ▕▏  [34m  ▕▏  [32m██████[34m  ▕▏  [34m  ▕▏  [32m██████[34m  ▕▏  [39m  
  [34m  ▕▏  [34m  ▕▏  [34m  ▕▏  [34m  ▕▏  [34m  ▕▏  [34m  ▕▏  [34m  ▕▏  [34m  ▕▏  [34m  ▕▏  [39m  
  [34m──██──[34m──██──[34m──██──[34m──██──[34m──██──[34m──██──[34m──██──[34m──██──[34m──██──[39m  
  [34m  ▕▏  [34m  ▕▏  [34m  ▕▏  [34m  ▕▏  [34m  ▕▏  [34m  ▕▏  [34m  ▕▏  [34m  ▕▏  [34m  ▕▏  [39m  
  [34m  ▕▏  [34m  ▕▏  [34m  ▕▏  [31m██████[31m██████[31m██████[34m  ▕▏  [34m  ▕▏  [34m  ▕▏  [39m  
  [34m──██──[34m──██──[34m──██──[31m██████[31m██████[31m██████[34m──██──[34m──██──[34m──██──[39m  
  [34m  ▕▏  [34m  ▕▏  [34m  ▕▏  [31m██████[31m██████[31m██████[34m  ▕▏  [34m  ▕▏  [34m  ▕▏  [39m  
  [34m  ▕▏  [32m██████[34m  ▕▏  [31m██████[31m██████[31m██████[34m  ▕▏  [32m██████[34m  ▕▏  [39m  
  [34m──██──[32m██████[34m──██──[31m██████[31m██████[31m██████[34m──██──[32m██████[34m──██──[39m  
  [34m  ▕▏  [32m██████[34m  ▕▏  [31m██████[31m██████[31m██████[34m  ▕▏  [32m██████[34m  ▕▏  [39m  
  [34m  ▕▏  [34m  ▕▏  [34m  ▕▏  [31m██████[31m██████[31m██████[34m  ▕▏  [34m  ▕▏  [34m  ▕▏  [39m  
  [34m──██──[34m──██──[34m──██──[31m██████[31m██████[31m██████[34m──██──[34m──██──[34m──██──[39m  
  [34m  ▕▏  [34m  ▕▏  [34m  ▕▏  [31m██████[31m██████[31m██████[34m  ▕▏  [34m  ▕▏  [34m  ▕▏  [39m  
  [34m  ▕▏  [34m  ▕▏  [34m  ▕▏  [34m  ▕▏  [34m  ▕▏  [34m  ▕▏  [34m  ▕▏  [34m  ▕▏  [34m  ▕▏  [39m  
  [34m──██──[34m──██──[34m──██──[34m──██──[34m──██──[34m──██──[34m──██──[34m──██──[34m──██──[39m  
  [34m  ▕▏  [34m  ▕▏  [34m  ▕▏  [34m  ▕▏  [34m  ▕▏  [34m  ▕▏  [34m  ▕▏  [34m  ▕▏  [34m  ▕▏  [39m  
  [34m  ▕▏  [32m██████[34m  ▕▏  [34m  ▕▏  [32m██████[34m  ▕▏  [34m  ▕▏  [32m██████[34m  ▕▏  [39m  
  [34m──██──[32m██████[34m──██──[34m──██──[32m██████[34m──██──[34m──██──[32m██████[34m──██──[39m  
  [34m  ▕▏  [32m██████[34m  ▕▏  [34m  ▕▏  [32m██████[34m  ▕▏  [34m  ▕▏  [32m██████[34m  ▕▏  [39m  
  [34m  ▕▏  [34m  ▕▏  [34m  ▕▏  [34m  ▕▏  [34m  ▕▏  [34m  ▕▏  [34m  ▕▏  [34m  ▕▏  [34m  ▕▏  [39m  
  [34m──██──[34m──██──[34m──██──[34m──██──[34m──██──[34m──██──[34m──██──[34m──██──[34m──██──[39m  
  [34m  ▕▏  [34m  ▕▏  [34m  ▕▏  [34m  ▕▏  [34m  ▕▏  [34m  ▕▏  [34m  ▕▏  [34m  ▕▏  [34m  ▕▏  [39m  

AMR driver provided by CarpetX,
using AMReX 25.11 (MPI, OpenMP, no accelerators, optimized)
--------------------------------------------------------------------------------

Initializing AMReX (25.11)...
MPI initialized with 2 MPI processes
MPI initialized with thread support level 2
OMP initialized with 1 OMP threads
AMReX (25.11) initialized
INFO (CarpetX): 
Symmetries:
  lower x: periodic
  lower y: periodic
  lower z: periodic
  upper x: periodic
  upper y: periodic
  upper z: periodic
Default boundaries:
  lower x: symmetry_boundary
  lower y: symmetry_boundary
  lower z: symmetry_boundary
  upper x: symmetry_boundary
  upper y: symmetry_boundary
  upper z: symmetry_boundary
INFO (Arith): Test_smallvector
INFO (Arith): Test_spvect
INFO (CarpetX): Setting initial values for max_grid_size values for all levels
INFO (CarpetX): Setting up initial conditions...
INFO (CarpetX): Iteration: 0   time: 0   delta_time: 0.00390625
INFO (CarpetX): Patch 0:
INFO (CarpetX):   Grid extent:
INFO (CarpetX):     gsh=[71,15,15]
INFO (CarpetX):     blocking_factor=[8,8,8]
INFO (CarpetX):     max_grid_size=[10000000,10000000,10000000]
INFO (CarpetX):     max_tile_size=[1024000,16,32]
INFO (CarpetX):   Domain extent:
INFO (CarpetX):     xmin=[-0.5,-0.0625,-0.0625]
INFO (CarpetX):     xmax=[0.5,0.0625,0.0625]
INFO (CarpetX):     base dx=[0.015625,0.015625,0.015625]
INFO (CarpetX): Initializing level 0...
INFO (CanudaX_ExactID): Begin Gauge Wave initial data
INFO (CanudaX_ExactID): === End gauge wave initial data ===
INFO (CarpetX): Regridding...
INFO (CarpetX):   level 0: 2 boxes, 4096 cells (100%)
INFO (CarpetX): Initialized 1 levels
INFO (CarpetX): OutputGH: iteration 0, time 0.000000, run time 0 s
INFO (CarpetX): OutputGH done.
INFO (CarpetX): Starting evolution...
INFO (ODESolvers): ODE integrator is RK4
INFO (CarpetX): OutputGH: iteration 1, time 0.003906, run time 0 s
INFO (CarpetX): OutputGH done.
INFO (CarpetX): Simulation time: 0.00390625   Iterations per second: 37.3664   Simulation time per second: 0.145963
INFO (CarpetX): Grid cells: 4096   Grid cell updates per second: 153053
INFO (CarpetX): Performance:
INFO (CarpetX):   total evolution time:            0.026762 sec
INFO (CarpetX):   total evolution compute time:    0.0267389 sec
INFO (CarpetX):   total evolution output time:     2.31266e-05 sec
INFO (CarpetX):   total iterations:                1
INFO (CarpetX):   total cells updated:             4096
INFO (CarpetX):   average iterations per second: 37.3664
INFO (CarpetX):   average cell updates per second: 153053
INFO (CarpetX): OutputGH: iteration 2, time 0.007812, run time 1 s
INFO (CarpetX): OutputGH done.
INFO (CarpetX): Simulation time: 0.0078125   Iterations per second: 39.3584   Simulation time per second: 0.153744
INFO (CarpetX): Grid cells: 4096   Grid cell updates per second: 161212
INFO (CarpetX): Performance:
INFO (CarpetX):   total evolution time:            0.0508151 sec
INFO (CarpetX):   total evolution compute time:    0.0507641 sec
INFO (CarpetX):   total evolution output time:     5.10216e-05 sec
INFO (CarpetX):   total iterations:                2
INFO (CarpetX):   total cells updated:             8192
INFO (CarpetX):   average iterations per second: 39.3584
INFO (CarpetX):   average cell updates per second: 161212
INFO (CarpetX): OutputGH: iteration 3, time 0.011719, run time 1 s
INFO (CarpetX): OutputGH done.
INFO (CarpetX): Simulation time: 0.0117188   Iterations per second: 40.0726   Simulation time per second: 0.156534
INFO (CarpetX): Grid cells: 4096   Grid cell updates per second: 164137
INFO (CarpetX): Performance:
INFO (CarpetX):   total evolution time:            0.0748641 sec
INFO (CarpetX):   total evolution compute time:    0.0747902 sec
INFO (CarpetX):   total evolution output time:     7.39098e-05 sec
INFO (CarpetX):   total iterations:                3
INFO (CarpetX):   total cells updated:             12288
INFO (CarpetX):   average iterations per second: 40.0726
INFO (CarpetX):   average cell updates per second: 164137
INFO (CarpetX): OutputGH: iteration 4, time 0.015625, run time 1 s
INFO (CarpetX): OutputGH done.
INFO (CarpetX): Simulation time: 0.015625   Iterations per second: 40.4637   Simulation time per second: 0.158061
INFO (CarpetX): Grid cells: 4096   Grid cell updates per second: 165739
INFO (CarpetX): Performance:
INFO (CarpetX):   total evolution time:            0.0988541 sec
INFO (CarpetX):   total evolution compute time:    0.098758 sec
INFO (CarpetX):   total evolution output time:     9.60827e-05 sec
INFO (CarpetX):   total iterations:                4
INFO (CarpetX):   total cells updated:             16384
INFO (CarpetX):   average iterations per second: 40.4637
INFO (CarpetX):   average cell updates per second: 165739
INFO (CarpetX): OutputGH: iteration 5, time 0.019531, run time 1 s
INFO (CarpetX): OutputGH done.
INFO (CarpetX): Simulation time: 0.0195312   Iterations per second: 40.6656   Simulation time per second: 0.15885
INFO (CarpetX): Grid cells: 4096   Grid cell updates per second: 166566
INFO (CarpetX): Performance:
INFO (CarpetX):   total evolution time:            0.122954 sec
INFO (CarpetX):   total evolution compute time:    0.122831 sec
INFO (CarpetX):   total evolution output time:     0.000123024 sec
INFO (CarpetX):   total iterations:                5
INFO (CarpetX):   total cells updated:             20480
INFO (CarpetX):   average iterations per second: 40.6656
INFO (CarpetX):   average cell updates per second: 166566
INFO (CarpetX): OutputGH: iteration 6, time 0.023438, run time 1 s
INFO (CarpetX): OutputGH done.
INFO (CarpetX): Simulation time: 0.0234375   Iterations per second: 40.8107   Simulation time per second: 0.159417
INFO (CarpetX): Grid cells: 4096   Grid cell updates per second: 167161
INFO (CarpetX): Performance:
INFO (CarpetX):   total evolution time:            0.14702 sec
INFO (CarpetX):   total evolution compute time:    0.146873 sec
INFO (CarpetX):   total evolution output time:     0.000146866 sec
INFO (CarpetX):   total iterations:                6
INFO (CarpetX):   total cells updated:             24576
INFO (CarpetX):   average iterations per second: 40.8107
INFO (CarpetX):   average cell updates per second: 167161
INFO (CarpetX): OutputGH: iteration 7, time 0.027344, run time 1 s
INFO (CarpetX): OutputGH done.
INFO (CarpetX): Simulation time: 0.0273438   Iterations per second: 40.9694   Simulation time per second: 0.160037
INFO (CarpetX): Grid cells: 4096   Grid cell updates per second: 167811
INFO (CarpetX): Performance:
INFO (CarpetX):   total evolution time:            0.170859 sec
INFO (CarpetX):   total evolution compute time:    0.170693 sec
INFO (CarpetX):   total evolution output time:     0.000165939 sec
INFO (CarpetX):   total iterations:                7
INFO (CarpetX):   total cells updated:             28672
INFO (CarpetX):   average iterations per second: 40.9694
INFO (CarpetX):   average cell updates per second: 167811
INFO (CarpetX): OutputGH: iteration 8, time 0.031250, run time 1 s
INFO (CarpetX): OutputGH done.
INFO (CarpetX): Simulation time: 0.03125   Iterations per second: 41.014   Simulation time per second: 0.160211
INFO (CarpetX): Grid cells: 4096   Grid cell updates per second: 167993
INFO (CarpetX): Performance:
INFO (CarpetX):   total evolution time:            0.195055 sec
INFO (CarpetX):   total evolution compute time:    0.194859 sec
INFO (CarpetX):   total evolution output time:     0.00019598 sec
INFO (CarpetX):   total iterations:                8
INFO (CarpetX):   total cells updated:             32768
INFO (CarpetX):   average iterations per second: 41.014
INFO (CarpetX):   average cell updates per second: 167993
INFO (CarpetX): OutputGH: iteration 9, time 0.035156, run time 1 s
INFO (CarpetX): OutputGH done.
INFO (CarpetX): Simulation time: 0.0351562   Iterations per second: 41.0426   Simulation time per second: 0.160323
INFO (CarpetX): Grid cells: 4096   Grid cell updates per second: 168111
INFO (CarpetX): Performance:
INFO (CarpetX):   total evolution time:            0.219284 sec
INFO (CarpetX):   total evolution compute time:    0.219062 sec
INFO (CarpetX):   total evolution output time:     0.000221968 sec
INFO (CarpetX):   total iterations:                9
INFO (CarpetX):   total cells updated:             36864
INFO (CarpetX):   average iterations per second: 41.0426
INFO (CarpetX):   average cell updates per second: 168111
INFO (CarpetX): OutputGH: iteration 10, time 0.039062, run time 1 s
INFO (CarpetX): OutputGH done.
INFO (CarpetX): Simulation time: 0.0390625   Iterations per second: 41.0758   Simulation time per second: 0.160452
INFO (CarpetX): Grid cells: 4096   Grid cell updates per second: 168247
INFO (CarpetX): Performance:
INFO (CarpetX):   total evolution time:            0.243452 sec
INFO (CarpetX):   total evolution compute time:    0.243201 sec
INFO (CarpetX):   total evolution output time:     0.000250816 sec
INFO (CarpetX):   total iterations:                10
INFO (CarpetX):   total cells updated:             40960
INFO (CarpetX):   average iterations per second: 41.0758
INFO (CarpetX):   average cell updates per second: 168247
INFO (CarpetX): OutputGH: iteration 11, time 0.042969, run time 1 s
INFO (CarpetX): OutputGH done.
INFO (CarpetX): Simulation time: 0.0429688   Iterations per second: 41.136   Simulation time per second: 0.160688
INFO (CarpetX): Grid cells: 4096   Grid cell updates per second: 168493
INFO (CarpetX): Performance:
INFO (CarpetX):   total evolution time:            0.267441 sec
INFO (CarpetX):   total evolution compute time:    0.267165 sec
INFO (CarpetX):   total evolution output time:     0.00027585 sec
INFO (CarpetX):   total iterations:                11
INFO (CarpetX):   total cells updated:             45056
INFO (CarpetX):   average iterations per second: 41.1305
INFO (CarpetX):   average cell updates per second: 168471
INFO (CarpetX): OutputGH: iteration 12, time 0.046875, run time 1 s
INFO (CarpetX): OutputGH done.
INFO (CarpetX): Simulation time: 0.046875   Iterations per second: 41.1669   Simulation time per second: 0.160808
INFO (CarpetX): Grid cells: 4096   Grid cell updates per second: 168620
INFO (CarpetX): Performance:
INFO (CarpetX):   total evolution time:            0.291568 sec
INFO (CarpetX):   total evolution compute time:    0.291263 sec
INFO (CarpetX):   total evolution output time:     0.000305653 sec
INFO (CarpetX):   total iterations:                12
INFO (CarpetX):   total cells updated:             49152
INFO (CarpetX):   average iterations per second: 41.1567
INFO (CarpetX):   average cell updates per second: 168578
INFO (CarpetX): OutputGH: iteration 13, time 0.050781, run time 1 s
INFO (CarpetX): OutputGH done.
INFO (CarpetX): Simulation time: 0.0507812   Iterations per second: 41.2155   Simulation time per second: 0.160998
INFO (CarpetX): Grid cells: 4096   Grid cell updates per second: 168819
INFO (CarpetX): Performance:
INFO (CarpetX):   total evolution time:            0.315573 sec
INFO (CarpetX):   total evolution compute time:    0.31524 sec
INFO (CarpetX):   total evolution output time:     0.000332832 sec
INFO (CarpetX):   total iterations:                13
INFO (CarpetX):   total cells updated:             53248
INFO (CarpetX):   average iterations per second: 41.1949
INFO (CarpetX):   average cell updates per second: 168734
INFO (CarpetX): OutputGH: iteration 14, time 0.054688, run time 1 s
INFO (CarpetX): OutputGH done.
INFO (CarpetX): Simulation time: 0.0546875   Iterations per second: 41.2728   Simulation time per second: 0.161222
INFO (CarpetX): Grid cells: 4096   Grid cell updates per second: 169053
INFO (CarpetX): Performance:
INFO (CarpetX):   total evolution time:            0.339499 sec
INFO (CarpetX):   total evolution compute time:    0.339139 sec
INFO (CarpetX):   total evolution output time:     0.000360727 sec
INFO (CarpetX):   total iterations:                14
INFO (CarpetX):   total cells updated:             57344
INFO (CarpetX):   average iterations per second: 41.2372
INFO (CarpetX):   average cell updates per second: 168908
INFO (CarpetX): OutputGH: iteration 15, time 0.058594, run time 1 s
INFO (CarpetX): OutputGH done.
INFO (CarpetX): Simulation time: 0.0585938   Iterations per second: 41.2876   Simulation time per second: 0.16128
INFO (CarpetX): Grid cells: 4096   Grid cell updates per second: 169114
INFO (CarpetX): Performance:
INFO (CarpetX):   total evolution time:            0.363641 sec
INFO (CarpetX):   total evolution compute time:    0.363258 sec
INFO (CarpetX):   total evolution output time:     0.000383615 sec
INFO (CarpetX):   total iterations:                15
INFO (CarpetX):   total cells updated:             61440
INFO (CarpetX):   average iterations per second: 41.2494
INFO (CarpetX):   average cell updates per second: 168958
INFO (CarpetX): OutputGH: iteration 16, time 0.062500, run time 1 s
INFO (CarpetX): OutputGH done.
INFO (CarpetX): Simulation time: 0.0625   Iterations per second: 41.307   Simulation time per second: 0.161355
INFO (CarpetX): Grid cells: 4096   Grid cell updates per second: 169193
INFO (CarpetX): Performance:
INFO (CarpetX):   total evolution time:            0.387748 sec
INFO (CarpetX):   total evolution compute time:    0.387341 sec
INFO (CarpetX):   total evolution output time:     0.000407696 sec
INFO (CarpetX):   total iterations:                16
INFO (CarpetX):   total cells updated:             65536
INFO (CarpetX):   average iterations per second: 41.2639
INFO (CarpetX):   average cell updates per second: 169017
INFO (CarpetX): OutputGH: iteration 17, time 0.066406, run time 1 s
INFO (CarpetX): OutputGH done.
INFO (CarpetX): Simulation time: 0.0664062   Iterations per second: 41.3524   Simulation time per second: 0.161533
INFO (CarpetX): Grid cells: 4096   Grid cell updates per second: 169379
INFO (CarpetX): Performance:
INFO (CarpetX):   total evolution time:            0.411691 sec
INFO (CarpetX):   total evolution compute time:    0.411254 sec
INFO (CarpetX):   total evolution output time:     0.000436783 sec
INFO (CarpetX):   total iterations:                17
INFO (CarpetX):   total cells updated:             69632
INFO (CarpetX):   average iterations per second: 41.2931
INFO (CarpetX):   average cell updates per second: 169136
INFO (CarpetX): OutputGH: iteration 18, time 0.070312, run time 1 s
INFO (CarpetX): OutputGH done.
INFO (CarpetX): Simulation time: 0.0703125   Iterations per second: 41.3814   Simulation time per second: 0.161646
INFO (CarpetX): Grid cells: 4096   Grid cell updates per second: 169498
INFO (CarpetX): Performance:
INFO (CarpetX):   total evolution time:            0.435704 sec
INFO (CarpetX):   total evolution compute time:    0.435245 sec
INFO (CarpetX):   total evolution output time:     0.000459671 sec
INFO (CarpetX):   total iterations:                18
INFO (CarpetX):   total cells updated:             73728
INFO (CarpetX):   average iterations per second: 41.3124
INFO (CarpetX):   average cell updates per second: 169216
INFO (CarpetX): OutputGH: iteration 19, time 0.074219, run time 1 s
INFO (CarpetX): OutputGH done.
INFO (CarpetX): Simulation time: 0.0742188   Iterations per second: 41.3894   Simulation time per second: 0.161677
INFO (CarpetX): Grid cells: 4096   Grid cell updates per second: 169531
INFO (CarpetX): Performance:
INFO (CarpetX):   total evolution time:            0.459823 sec
INFO (CarpetX):   total evolution compute time:    0.45934 sec
INFO (CarpetX):   total evolution output time:     0.000482798 sec
INFO (CarpetX):   total iterations:                19
INFO (CarpetX):   total cells updated:             77824
INFO (CarpetX):   average iterations per second: 41.3202
INFO (CarpetX):   average cell updates per second: 169248
INFO (CarpetX): OutputGH: iteration 20, time 0.078125, run time 1 s
INFO (CarpetX): OutputGH done.
INFO (CarpetX): Simulation time: 0.078125   Iterations per second: 41.4226   Simulation time per second: 0.161807
INFO (CarpetX): Grid cells: 4096   Grid cell updates per second: 169667
INFO (CarpetX): Performance:
INFO (CarpetX):   total evolution time:            0.48379 sec
INFO (CarpetX):   total evolution compute time:    0.483284 sec
INFO (CarpetX):   total evolution output time:     0.000505924 sec
INFO (CarpetX):   total iterations:                20
INFO (CarpetX):   total cells updated:             81920
INFO (CarpetX):   average iterations per second: 41.3402
INFO (CarpetX):   average cell updates per second: 169330
INFO (CarpetX): OutputGH: iteration 21, time 0.082031, run time 1 s
INFO (CarpetX): OutputGH done.
INFO (CarpetX): Simulation time: 0.0820312   Iterations per second: 41.4811   Simulation time per second: 0.162035
INFO (CarpetX): Grid cells: 4096   Grid cell updates per second: 169906
INFO (CarpetX): Performance:
INFO (CarpetX):   total evolution time:            0.507591 sec
INFO (CarpetX):   total evolution compute time:    0.507059 sec
INFO (CarpetX):   total evolution output time:     0.000531912 sec
INFO (CarpetX):   total iterations:                21
INFO (CarpetX):   total cells updated:             86016
INFO (CarpetX):   average iterations per second: 41.3719
INFO (CarpetX):   average cell updates per second: 169459
INFO (CarpetX): OutputGH: iteration 22, time 0.085938, run time 1 s
INFO (CarpetX): OutputGH done.
INFO (CarpetX): Simulation time: 0.0859375   Iterations per second: 41.4529   Simulation time per second: 0.161925
INFO (CarpetX): Grid cells: 4096   Grid cell updates per second: 169791
INFO (CarpetX): Performance:
INFO (CarpetX):   total evolution time:            0.531862 sec
INFO (CarpetX):   total evolution compute time:    0.531307 sec
INFO (CarpetX):   total evolution output time:     0.000555754 sec
INFO (CarpetX):   total iterations:                22
INFO (CarpetX):   total cells updated:             90112
INFO (CarpetX):   average iterations per second: 41.3641
INFO (CarpetX):   average cell updates per second: 169427
INFO (CarpetX): OutputGH: iteration 23, time 0.089844, run time 1 s
INFO (CarpetX): OutputGH done.
INFO (CarpetX): Simulation time: 0.0898438   Iterations per second: 41.4764   Simulation time per second: 0.162017
INFO (CarpetX): Grid cells: 4096   Grid cell updates per second: 169887
INFO (CarpetX): Performance:
INFO (CarpetX):   total evolution time:            0.555849 sec
INFO (CarpetX):   total evolution compute time:    0.555271 sec
INFO (CarpetX):   total evolution output time:     0.000578642 sec
INFO (CarpetX):   total iterations:                23
INFO (CarpetX):   total cells updated:             94208
INFO (CarpetX):   average iterations per second: 41.3781
INFO (CarpetX):   average cell updates per second: 169485
INFO (CarpetX): OutputGH: iteration 24, time 0.093750, run time 1 s
INFO (CarpetX): OutputGH done.
INFO (CarpetX): Simulation time: 0.09375   Iterations per second: 41.5065   Simulation time per second: 0.162135
INFO (CarpetX): Grid cells: 4096   Grid cell updates per second: 170011
INFO (CarpetX): Performance:
INFO (CarpetX):   total evolution time:            0.579784 sec
INFO (CarpetX):   total evolution compute time:    0.579178 sec
INFO (CarpetX):   total evolution output time:     0.000606537 sec
INFO (CarpetX):   total iterations:                24
INFO (CarpetX):   total cells updated:             98304
INFO (CarpetX):   average iterations per second: 41.3947
INFO (CarpetX):   average cell updates per second: 169553
INFO (CarpetX): OutputGH: iteration 25, time 0.097656, run time 1 s
INFO (CarpetX): OutputGH done.
INFO (CarpetX): Simulation time: 0.0976562   Iterations per second: 41.5136   Simulation time per second: 0.162162
INFO (CarpetX): Grid cells: 4096   Grid cell updates per second: 170040
INFO (CarpetX): Performance:
INFO (CarpetX):   total evolution time:            0.603836 sec
INFO (CarpetX):   total evolution compute time:    0.6032 sec
INFO (CarpetX):   total evolution output time:     0.000636578 sec
INFO (CarpetX):   total iterations:                25
INFO (CarpetX):   total cells updated:             102400
INFO (CarpetX):   average iterations per second: 41.4019
INFO (CarpetX):   average cell updates per second: 169582
INFO (CarpetX): OutputGH: iteration 26, time 0.101562, run time 1 s
INFO (CarpetX): OutputGH done.
INFO (CarpetX): Simulation time: 0.101562   Iterations per second: 41.5385   Simulation time per second: 0.16226
INFO (CarpetX): Grid cells: 4096   Grid cell updates per second: 170142
INFO (CarpetX): Performance:
INFO (CarpetX):   total evolution time:            0.62778 sec
INFO (CarpetX):   total evolution compute time:    0.627116 sec
INFO (CarpetX):   total evolution output time:     0.000664473 sec
INFO (CarpetX):   total iterations:                26
INFO (CarpetX):   total cells updated:             106496
INFO (CarpetX):   average iterations per second: 41.4158
INFO (CarpetX):   average cell updates per second: 169639
INFO (CarpetX): OutputGH: iteration 27, time 0.105469, run time 1 s
INFO (CarpetX): OutputGH done.
INFO (CarpetX): Simulation time: 0.105469   Iterations per second: 41.52   Simulation time per second: 0.162188
INFO (CarpetX): Grid cells: 4096   Grid cell updates per second: 170066
INFO (CarpetX): Performance:
INFO (CarpetX):   total evolution time:            0.651961 sec
INFO (CarpetX):   total evolution compute time:    0.651268 sec
INFO (CarpetX):   total evolution output time:     0.00069356 sec
INFO (CarpetX):   total iterations:                27
INFO (CarpetX):   total cells updated:             110592
INFO (CarpetX):   average iterations per second: 41.4135
INFO (CarpetX):   average cell updates per second: 169630
INFO (CarpetX): OutputGH: iteration 28, time 0.109375, run time 1 s
INFO (CarpetX): OutputGH done.
INFO (CarpetX): Simulation time: 0.109375   Iterations per second: 41.4377   Simulation time per second: 0.161866
INFO (CarpetX): Grid cells: 4096   Grid cell updates per second: 169729
INFO (CarpetX): Performance:
INFO (CarpetX):   total evolution time:            0.676524 sec
INFO (CarpetX):   total evolution compute time:    0.675801 sec
INFO (CarpetX):   total evolution output time:     0.0007236 sec
INFO (CarpetX):   total iterations:                28
INFO (CarpetX):   total cells updated:             114688
INFO (CarpetX):   average iterations per second: 41.388
INFO (CarpetX):   average cell updates per second: 169525
INFO (CarpetX): OutputGH: iteration 29, time 0.113281, run time 1 s
INFO (CarpetX): OutputGH done.
INFO (CarpetX): Simulation time: 0.113281   Iterations per second: 41.4689   Simulation time per second: 0.161988
INFO (CarpetX): Grid cells: 4096   Grid cell updates per second: 169857
INFO (CarpetX): Performance:
INFO (CarpetX):   total evolution time:            0.700475 sec
INFO (CarpetX):   total evolution compute time:    0.699725 sec
INFO (CarpetX):   total evolution output time:     0.000750542 sec
INFO (CarpetX):   total iterations:                29
INFO (CarpetX):   total cells updated:             118784
INFO (CarpetX):   average iterations per second: 41.4005
INFO (CarpetX):   average cell updates per second: 169576
INFO (CarpetX): OutputGH: iteration 30, time 0.117188, run time 1 s
INFO (CarpetX): OutputGH done.
INFO (CarpetX): Simulation time: 0.117188   Iterations per second: 41.468   Simulation time per second: 0.161984
INFO (CarpetX): Grid cells: 4096   Grid cell updates per second: 169853
INFO (CarpetX): Performance:
INFO (CarpetX):   total evolution time:            0.724595 sec
INFO (CarpetX):   total evolution compute time:    0.723815 sec
INFO (CarpetX):   total evolution output time:     0.000780582 sec
INFO (CarpetX):   total iterations:                30
INFO (CarpetX):   total cells updated:             122880
INFO (CarpetX):   average iterations per second: 41.4024
INFO (CarpetX):   average cell updates per second: 169584
INFO (CarpetX): OutputGH: iteration 31, time 0.121094, run time 1 s
INFO (CarpetX): OutputGH done.
INFO (CarpetX): Simulation time: 0.121094   Iterations per second: 41.4786   Simulation time per second: 0.162026
INFO (CarpetX): Grid cells: 4096   Grid cell updates per second: 169897
INFO (CarpetX): Performance:
INFO (CarpetX):   total evolution time:            0.748648 sec
INFO (CarpetX):   total evolution compute time:    0.74784 sec
INFO (CarpetX):   total evolution output time:     0.000808477 sec
INFO (CarpetX):   total iterations:                31
INFO (CarpetX):   total cells updated:             126976
INFO (CarpetX):   average iterations per second: 41.408
INFO (CarpetX):   average cell updates per second: 169607
INFO (CarpetX): OutputGH: iteration 32, time 0.125000, run time 1 s
INFO (CarpetX): OutputGH done.
INFO (CarpetX): Simulation time: 0.125   Iterations per second: 41.5172   Simulation time per second: 0.162176
INFO (CarpetX): Grid cells: 4096   Grid cell updates per second: 170054
INFO (CarpetX): Performance:
INFO (CarpetX):   total evolution time:            0.772533 sec
INFO (CarpetX):   total evolution compute time:    0.771698 sec
INFO (CarpetX):   total evolution output time:     0.000835419 sec
INFO (CarpetX):   total iterations:                32
INFO (CarpetX):   total cells updated:             131072
INFO (CarpetX):   average iterations per second: 41.4222
INFO (CarpetX):   average cell updates per second: 169665
INFO (CarpetX): OutputGH: iteration 33, time 0.128906, run time 1 s
INFO (CarpetX): OutputGH done.
INFO (CarpetX): Simulation time: 0.128906   Iterations per second: 41.5444   Simulation time per second: 0.162283
INFO (CarpetX): Grid cells: 4096   Grid cell updates per second: 170166
INFO (CarpetX): Performance:
INFO (CarpetX):   total evolution time:            0.796462 sec
INFO (CarpetX):   total evolution compute time:    0.795597 sec
INFO (CarpetX):   total evolution output time:     0.000865459 sec
INFO (CarpetX):   total iterations:                33
INFO (CarpetX):   total cells updated:             135168
INFO (CarpetX):   average iterations per second: 41.4332
INFO (CarpetX):   average cell updates per second: 169710
INFO (CarpetX): OutputGH: iteration 34, time 0.132812, run time 1 s
INFO (CarpetX): OutputGH done.
INFO (CarpetX): Simulation time: 0.132812   Iterations per second: 41.5674   Simulation time per second: 0.162373
INFO (CarpetX): Grid cells: 4096   Grid cell updates per second: 170260
INFO (CarpetX): Performance:
INFO (CarpetX):   total evolution time:            0.820399 sec
INFO (CarpetX):   total evolution compute time:    0.819505 sec
INFO (CarpetX):   total evolution output time:     0.000894547 sec
INFO (CarpetX):   total iterations:                34
INFO (CarpetX):   total cells updated:             139264
INFO (CarpetX):   average iterations per second: 41.4432
INFO (CarpetX):   average cell updates per second: 169751
INFO (CarpetX): OutputGH: iteration 35, time 0.136719, run time 1 s
INFO (CarpetX): OutputGH done.
INFO (CarpetX): Simulation time: 0.136719   Iterations per second: 41.5967   Simulation time per second: 0.162487
INFO (CarpetX): Grid cells: 4096   Grid cell updates per second: 170380
INFO (CarpetX): Performance:
INFO (CarpetX):   total evolution time:            0.844287 sec
INFO (CarpetX):   total evolution compute time:    0.843369 sec
INFO (CarpetX):   total evolution output time:     0.000918388 sec
INFO (CarpetX):   total iterations:                35
INFO (CarpetX):   total cells updated:             143360
INFO (CarpetX):   average iterations per second: 41.4551
INFO (CarpetX):   average cell updates per second: 169800
INFO (CarpetX): OutputGH: iteration 36, time 0.140625, run time 1 s
INFO (CarpetX): OutputGH done.
INFO (CarpetX): Simulation time: 0.140625   Iterations per second: 41.6191   Simulation time per second: 0.162575
INFO (CarpetX): Grid cells: 4096   Grid cell updates per second: 170472
INFO (CarpetX): Performance:
INFO (CarpetX):   total evolution time:            0.868198 sec
INFO (CarpetX):   total evolution compute time:    0.867255 sec
INFO (CarpetX):   total evolution output time:     0.000943422 sec
INFO (CarpetX):   total iterations:                36
INFO (CarpetX):   total cells updated:             147456
INFO (CarpetX):   average iterations per second: 41.4652
INFO (CarpetX):   average cell updates per second: 169841
INFO (CarpetX): OutputGH: iteration 37, time 0.144531, run time 1 s
INFO (CarpetX): OutputGH done.
INFO (CarpetX): Simulation time: 0.144531   Iterations per second: 41.6445   Simulation time per second: 0.162674
INFO (CarpetX): Grid cells: 4096   Grid cell updates per second: 170576
INFO (CarpetX): Performance:
INFO (CarpetX):   total evolution time:            0.892079 sec
INFO (CarpetX):   total evolution compute time:    0.891108 sec
INFO (CarpetX):   total evolution output time:     0.000971317 sec
INFO (CarpetX):   total iterations:                37
INFO (CarpetX):   total cells updated:             151552
INFO (CarpetX):   average iterations per second: 41.4761
INFO (CarpetX):   average cell updates per second: 169886
INFO (CarpetX): OutputGH: iteration 38, time 0.148438, run time 1 s
INFO (CarpetX): OutputGH done.
INFO (CarpetX): Simulation time: 0.148438   Iterations per second: 41.6793   Simulation time per second: 0.16281
INFO (CarpetX): Grid cells: 4096   Grid cell updates per second: 170718
INFO (CarpetX): Performance:
INFO (CarpetX):   total evolution time:            0.915891 sec
INFO (CarpetX):   total evolution compute time:    0.914896 sec
INFO (CarpetX):   total evolution output time:     0.000995398 sec
INFO (CarpetX):   total iterations:                38
INFO (CarpetX):   total cells updated:             155648
INFO (CarpetX):   average iterations per second: 41.4896
INFO (CarpetX):   average cell updates per second: 169942
INFO (CarpetX): OutputGH: iteration 39, time 0.152344, run time 1 s
INFO (CarpetX): OutputGH done.
INFO (CarpetX): Simulation time: 0.152344   Iterations per second: 41.6675   Simulation time per second: 0.162764
INFO (CarpetX): Grid cells: 4096   Grid cell updates per second: 170670
INFO (CarpetX): Performance:
INFO (CarpetX):   total evolution time:            0.939952 sec
INFO (CarpetX):   total evolution compute time:    0.938928 sec
INFO (CarpetX):   total evolution output time:     0.00102425 sec
INFO (CarpetX):   total iterations:                39
INFO (CarpetX):   total cells updated:             159744
INFO (CarpetX):   average iterations per second: 41.4915
INFO (CarpetX):   average cell updates per second: 169949
INFO (CarpetX): OutputGH: iteration 40, time 0.156250, run time 1 s
INFO (CarpetX): OutputGH done.
INFO (CarpetX): Simulation time: 0.15625   Iterations per second: 41.7047   Simulation time per second: 0.162909
INFO (CarpetX): Grid cells: 4096   Grid cell updates per second: 170823
INFO (CarpetX): Performance:
INFO (CarpetX):   total evolution time:            0.963737 sec
INFO (CarpetX):   total evolution compute time:    0.962688 sec
INFO (CarpetX):   total evolution output time:     0.00104928 sec
INFO (CarpetX):   total iterations:                40
INFO (CarpetX):   total cells updated:             163840
INFO (CarpetX):   average iterations per second: 41.5051
INFO (CarpetX):   average cell updates per second: 170005
INFO (CarpetX): OutputGH: iteration 41, time 0.160156, run time 1 s
INFO (CarpetX): OutputGH done.
INFO (CarpetX): Simulation time: 0.160156   Iterations per second: 41.6971   Simulation time per second: 0.162879
INFO (CarpetX): Grid cells: 4096   Grid cell updates per second: 170791
INFO (CarpetX): Performance:
INFO (CarpetX):   total evolution time:            0.987759 sec
INFO (CarpetX):   total evolution compute time:    0.986682 sec
INFO (CarpetX):   total evolution output time:     0.00107741 sec
INFO (CarpetX):   total iterations:                41
INFO (CarpetX):   total cells updated:             167936
INFO (CarpetX):   average iterations per second: 41.5081
INFO (CarpetX):   average cell updates per second: 170017
INFO (CarpetX): OutputGH: iteration 42, time 0.164062, run time 1 s
INFO (CarpetX): OutputGH done.
INFO (CarpetX): Simulation time: 0.164062   Iterations per second: 41.7168   Simulation time per second: 0.162956
INFO (CarpetX): Grid cells: 4096   Grid cell updates per second: 170872
INFO (CarpetX): Performance:
INFO (CarpetX):   total evolution time:            1.01163 sec
INFO (CarpetX):   total evolution compute time:    1.01053 sec
INFO (CarpetX):   total evolution output time:     0.00110221 sec
INFO (CarpetX):   total iterations:                42
INFO (CarpetX):   total cells updated:             172032
INFO (CarpetX):   average iterations per second: 41.5172
INFO (CarpetX):   average cell updates per second: 170055
INFO (CarpetX): OutputGH: iteration 43, time 0.167969, run time 1 s
INFO (CarpetX): OutputGH done.
INFO (CarpetX): Simulation time: 0.167969   Iterations per second: 41.7156   Simulation time per second: 0.162952
INFO (CarpetX): Grid cells: 4096   Grid cell updates per second: 170867
INFO (CarpetX): Performance:
INFO (CarpetX):   total evolution time:            1.03561 sec
INFO (CarpetX):   total evolution compute time:    1.03448 sec
INFO (CarpetX):   total evolution output time:     0.00112915 sec
INFO (CarpetX):   total iterations:                43
INFO (CarpetX):   total cells updated:             176128
INFO (CarpetX):   average iterations per second: 41.5216
INFO (CarpetX):   average cell updates per second: 170072
INFO (CarpetX): OutputGH: iteration 44, time 0.171875, run time 2 s
INFO (CarpetX): OutputGH done.
INFO (CarpetX): Simulation time: 0.171875   Iterations per second: 41.7347   Simulation time per second: 0.163026
INFO (CarpetX): Grid cells: 4096   Grid cell updates per second: 170946
INFO (CarpetX): Performance:
INFO (CarpetX):   total evolution time:            1.05947 sec
INFO (CarpetX):   total evolution compute time:    1.0583 sec
INFO (CarpetX):   total evolution output time:     0.0011692 sec
INFO (CarpetX):   total iterations:                44
INFO (CarpetX):   total cells updated:             180224
INFO (CarpetX):   average iterations per second: 41.5303
INFO (CarpetX):   average cell updates per second: 170108
INFO (CarpetX): OutputGH: iteration 45, time 0.175781, run time 2 s
INFO (CarpetX): OutputGH done.
INFO (CarpetX): Simulation time: 0.175781   Iterations per second: 41.7419   Simulation time per second: 0.163054
INFO (CarpetX): Grid cells: 4096   Grid cell updates per second: 170975
INFO (CarpetX): Performance:
INFO (CarpetX):   total evolution time:            1.08339 sec
INFO (CarpetX):   total evolution compute time:    1.08219 sec
INFO (CarpetX):   total evolution output time:     0.00119829 sec
INFO (CarpetX):   total iterations:                45
INFO (CarpetX):   total cells updated:             184320
INFO (CarpetX):   average iterations per second: 41.5364
INFO (CarpetX):   average cell updates per second: 170133
INFO (CarpetX): OutputGH: iteration 46, time 0.179688, run time 2 s
INFO (CarpetX): OutputGH done.
INFO (CarpetX): Simulation time: 0.179688   Iterations per second: 41.7626   Simulation time per second: 0.163135
INFO (CarpetX): Grid cells: 4096   Grid cell updates per second: 171060
INFO (CarpetX): Performance:
INFO (CarpetX):   total evolution time:            1.10723 sec
INFO (CarpetX):   total evolution compute time:    1.106 sec
INFO (CarpetX):   total evolution output time:     0.00122643 sec
INFO (CarpetX):   total iterations:                46
INFO (CarpetX):   total cells updated:             188416
INFO (CarpetX):   average iterations per second: 41.5453
INFO (CarpetX):   average cell updates per second: 170169
INFO (CarpetX): OutputGH: iteration 47, time 0.183594, run time 2 s
INFO (CarpetX): OutputGH done.
INFO (CarpetX): Simulation time: 0.183594   Iterations per second: 41.7847   Simulation time per second: 0.163222
INFO (CarpetX): Grid cells: 4096   Grid cell updates per second: 171150
INFO (CarpetX): Performance:
INFO (CarpetX):   total evolution time:            1.13104 sec
INFO (CarpetX):   total evolution compute time:    1.1298 sec
INFO (CarpetX):   total evolution output time:     0.00124836 sec
INFO (CarpetX):   total iterations:                47
INFO (CarpetX):   total cells updated:             192512
INFO (CarpetX):   average iterations per second: 41.5545
INFO (CarpetX):   average cell updates per second: 170207
INFO (CarpetX): OutputGH: iteration 48, time 0.187500, run time 2 s
INFO (CarpetX): OutputGH done.
INFO (CarpetX): Simulation time: 0.1875   Iterations per second: 41.7624   Simulation time per second: 0.163134
INFO (CarpetX): Grid cells: 4096   Grid cell updates per second: 171059
INFO (CarpetX): Performance:
INFO (CarpetX):   total evolution time:            1.1551 sec
INFO (CarpetX):   total evolution compute time:    1.15383 sec
INFO (CarpetX):   total evolution output time:     0.00127339 sec
INFO (CarpetX):   total iterations:                48
INFO (CarpetX):   total cells updated:             196608
INFO (CarpetX):   average iterations per second: 41.5547
INFO (CarpetX):   average cell updates per second: 170208
INFO (CarpetX): OutputGH: iteration 49, time 0.191406, run time 2 s
INFO (CarpetX): OutputGH done.
INFO (CarpetX): Simulation time: 0.191406   Iterations per second: 41.7645   Simulation time per second: 0.163143
INFO (CarpetX): Grid cells: 4096   Grid cell updates per second: 171067
INFO (CarpetX): Performance:
INFO (CarpetX):   total evolution time:            1.17904 sec
INFO (CarpetX):   total evolution compute time:    1.17774 sec
INFO (CarpetX):   total evolution output time:     0.00129938 sec
INFO (CarpetX):   total iterations:                49
INFO (CarpetX):   total cells updated:             200704
INFO (CarpetX):   average iterations per second: 41.5593
INFO (CarpetX):   average cell updates per second: 170227
INFO (CarpetX): OutputGH: iteration 50, time 0.195312, run time 2 s
INFO (CarpetX): OutputGH done.
INFO (CarpetX): Simulation time: 0.195312   Iterations per second: 41.7389   Simulation time per second: 0.163042
INFO (CarpetX): Grid cells: 4096   Grid cell updates per second: 170962
INFO (CarpetX): Performance:
INFO (CarpetX):   total evolution time:            1.20313 sec
INFO (CarpetX):   total evolution compute time:    1.20181 sec
INFO (CarpetX):   total evolution output time:     0.00132132 sec
INFO (CarpetX):   total iterations:                50
INFO (CarpetX):   total cells updated:             204800
INFO (CarpetX):   average iterations per second: 41.5583
INFO (CarpetX):   average cell updates per second: 170223
INFO (CarpetX): OutputGH: iteration 51, time 0.199219, run time 2 s
INFO (CarpetX): OutputGH done.
INFO (CarpetX): Simulation time: 0.199219   Iterations per second: 41.7339   Simulation time per second: 0.163023
INFO (CarpetX): Grid cells: 4096   Grid cell updates per second: 170942
INFO (CarpetX): Performance:
INFO (CarpetX):   total evolution time:            1.22712 sec
INFO (CarpetX):   total evolution compute time:    1.22577 sec
INFO (CarpetX):   total evolution output time:     0.0013454 sec
INFO (CarpetX):   total iterations:                51
INFO (CarpetX):   total cells updated:             208896
INFO (CarpetX):   average iterations per second: 41.5609
INFO (CarpetX):   average cell updates per second: 170233
INFO (CarpetX): OutputGH: iteration 52, time 0.203125, run time 2 s
INFO (CarpetX): OutputGH done.
INFO (CarpetX): Simulation time: 0.203125   Iterations per second: 41.7133   Simulation time per second: 0.162942
INFO (CarpetX): Grid cells: 4096   Grid cell updates per second: 170857
INFO (CarpetX): Performance:
INFO (CarpetX):   total evolution time:            1.2512 sec
INFO (CarpetX):   total evolution compute time:    1.24982 sec
INFO (CarpetX):   total evolution output time:     0.00137424 sec
INFO (CarpetX):   total iterations:                52
INFO (CarpetX):   total cells updated:             212992
INFO (CarpetX):   average iterations per second: 41.5603
INFO (CarpetX):   average cell updates per second: 170231
INFO (CarpetX): OutputGH: iteration 53, time 0.207031, run time 2 s
INFO (CarpetX): OutputGH done.
INFO (CarpetX): Simulation time: 0.207031   Iterations per second: 41.6931   Simulation time per second: 0.162864
INFO (CarpetX): Grid cells: 4096   Grid cell updates per second: 170775
INFO (CarpetX): Performance:
INFO (CarpetX):   total evolution time:            1.27528 sec
INFO (CarpetX):   total evolution compute time:    1.27388 sec
INFO (CarpetX):   total evolution output time:     0.00140142 sec
INFO (CarpetX):   total iterations:                53
INFO (CarpetX):   total cells updated:             217088
INFO (CarpetX):   average iterations per second: 41.5594
INFO (CarpetX):   average cell updates per second: 170227
INFO (CarpetX): OutputGH: iteration 54, time 0.210938, run time 2 s
INFO (CarpetX): OutputGH done.
INFO (CarpetX): Simulation time: 0.210938   Iterations per second: 41.6634   Simulation time per second: 0.162748
INFO (CarpetX): Grid cells: 4096   Grid cell updates per second: 170653
INFO (CarpetX): Performance:
INFO (CarpetX):   total evolution time:            1.29944 sec
INFO (CarpetX):   total evolution compute time:    1.29801 sec
INFO (CarpetX):   total evolution output time:     0.0014255 sec
INFO (CarpetX):   total iterations:                54
INFO (CarpetX):   total cells updated:             221184
INFO (CarpetX):   average iterations per second: 41.5564
INFO (CarpetX):   average cell updates per second: 170215
INFO (CarpetX): OutputGH: iteration 55, time 0.214844, run time 2 s
INFO (CarpetX): OutputGH done.
INFO (CarpetX): Simulation time: 0.214844   Iterations per second: 41.7079   Simulation time per second: 0.162921
INFO (CarpetX): Grid cells: 4096   Grid cell updates per second: 170835
INFO (CarpetX): Performance:
INFO (CarpetX):   total evolution time:            1.32319 sec
INFO (CarpetX):   total evolution compute time:    1.32174 sec
INFO (CarpetX):   total evolution output time:     0.00144958 sec
INFO (CarpetX):   total iterations:                55
INFO (CarpetX):   total cells updated:             225280
INFO (CarpetX):   average iterations per second: 41.5663
INFO (CarpetX):   average cell updates per second: 170256
INFO (CarpetX): OutputGH: iteration 56, time 0.218750, run time 2 s
INFO (CarpetX): OutputGH done.
INFO (CarpetX): Simulation time: 0.21875   Iterations per second: 41.7077   Simulation time per second: 0.162921
INFO (CarpetX): Grid cells: 4096   Grid cell updates per second: 170835
INFO (CarpetX): Performance:
INFO (CarpetX):   total evolution time:            1.34716 sec
INFO (CarpetX):   total evolution compute time:    1.34568 sec
INFO (CarpetX):   total evolution output time:     0.00147867 sec
INFO (CarpetX):   total iterations:                56
INFO (CarpetX):   total cells updated:             229376
INFO (CarpetX):   average iterations per second: 41.5688
INFO (CarpetX):   average cell updates per second: 170266
INFO (CarpetX): OutputGH: iteration 57, time 0.222656, run time 2 s
INFO (CarpetX): OutputGH done.
INFO (CarpetX): Simulation time: 0.222656   Iterations per second: 41.7327   Simulation time per second: 0.163018
INFO (CarpetX): Grid cells: 4096   Grid cell updates per second: 170937
INFO (CarpetX): Performance:
INFO (CarpetX):   total evolution time:            1.371 sec
INFO (CarpetX):   total evolution compute time:    1.36949 sec
INFO (CarpetX):   total evolution output time:     0.00150156 sec
INFO (CarpetX):   total iterations:                57
INFO (CarpetX):   total cells updated:             233472
INFO (CarpetX):   average iterations per second: 41.5756
INFO (CarpetX):   average cell updates per second: 170294
INFO (CarpetX): OutputGH: iteration 58, time 0.226562, run time 2 s
INFO (CarpetX): OutputGH done.
INFO (CarpetX): Simulation time: 0.226562   Iterations per second: 41.7379   Simulation time per second: 0.163039
INFO (CarpetX): Grid cells: 4096   Grid cell updates per second: 170959
INFO (CarpetX): Performance:
INFO (CarpetX):   total evolution time:            1.39493 sec
INFO (CarpetX):   total evolution compute time:    1.3934 sec
INFO (CarpetX):   total evolution output time:     0.00152445 sec
INFO (CarpetX):   total iterations:                58
INFO (CarpetX):   total cells updated:             237568
INFO (CarpetX):   average iterations per second: 41.5792
INFO (CarpetX):   average cell updates per second: 170308
INFO (CarpetX): OutputGH: iteration 59, time 0.230469, run time 2 s
INFO (CarpetX): OutputGH done.
INFO (CarpetX): Simulation time: 0.230469   Iterations per second: 41.7475   Simulation time per second: 0.163076
INFO (CarpetX): Grid cells: 4096   Grid cell updates per second: 170998
INFO (CarpetX): Performance:
INFO (CarpetX):   total evolution time:            1.41883 sec
INFO (CarpetX):   total evolution compute time:    1.41729 sec
INFO (CarpetX):   total evolution output time:     0.00154638 sec
INFO (CarpetX):   total iterations:                59
INFO (CarpetX):   total cells updated:             241664
INFO (CarpetX):   average iterations per second: 41.5835
INFO (CarpetX):   average cell updates per second: 170326
INFO (CarpetX): OutputGH: iteration 60, time 0.234375, run time 2 s
INFO (CarpetX): OutputGH done.
INFO (CarpetX): Simulation time: 0.234375   Iterations per second: 41.7656   Simulation time per second: 0.163147
INFO (CarpetX): Grid cells: 4096   Grid cell updates per second: 171072
INFO (CarpetX): Performance:
INFO (CarpetX):   total evolution time:            1.44268 sec
INFO (CarpetX):   total evolution compute time:    1.44111 sec
INFO (CarpetX):   total evolution output time:     0.00157237 sec
INFO (CarpetX):   total iterations:                60
INFO (CarpetX):   total cells updated:             245760
INFO (CarpetX):   average iterations per second: 41.5892
INFO (CarpetX):   average cell updates per second: 170349
INFO (CarpetX): OutputGH: iteration 61, time 0.238281, run time 2 s
INFO (CarpetX): OutputGH done.
INFO (CarpetX): Simulation time: 0.238281   Iterations per second: 41.7076   Simulation time per second: 0.16292
INFO (CarpetX): Grid cells: 4096   Grid cell updates per second: 170834
INFO (CarpetX): Performance:
INFO (CarpetX):   total evolution time:            1.46696 sec
INFO (CarpetX):   total evolution compute time:    1.46536 sec
INFO (CarpetX):   total evolution output time:     0.00159645 sec
INFO (CarpetX):   total iterations:                61
INFO (CarpetX):   total cells updated:             249856
INFO (CarpetX):   average iterations per second: 41.5827
INFO (CarpetX):   average cell updates per second: 170323
INFO (CarpetX): OutputGH: iteration 62, time 0.242188, run time 2 s
INFO (CarpetX): OutputGH done.
INFO (CarpetX): Simulation time: 0.242188   Iterations per second: 41.6491   Simulation time per second: 0.162692
INFO (CarpetX): Grid cells: 4096   Grid cell updates per second: 170595
INFO (CarpetX): Performance:
INFO (CarpetX):   total evolution time:            1.49127 sec
INFO (CarpetX):   total evolution compute time:    1.48965 sec
INFO (CarpetX):   total evolution output time:     0.00161934 sec
INFO (CarpetX):   total iterations:                62
INFO (CarpetX):   total cells updated:             253952
INFO (CarpetX):   average iterations per second: 41.5753
INFO (CarpetX):   average cell updates per second: 170292
INFO (CarpetX): OutputGH: iteration 63, time 0.246094, run time 2 s
INFO (CarpetX): OutputGH done.
INFO (CarpetX): Simulation time: 0.246094   Iterations per second: 41.6093   Simulation time per second: 0.162536
INFO (CarpetX): Grid cells: 4096   Grid cell updates per second: 170432
INFO (CarpetX): Performance:
INFO (CarpetX):   total evolution time:            1.51551 sec
INFO (CarpetX):   total evolution compute time:    1.51386 sec
INFO (CarpetX):   total evolution output time:     0.00164843 sec
INFO (CarpetX):   total iterations:                63
INFO (CarpetX):   total cells updated:             258048
INFO (CarpetX):   average iterations per second: 41.5701
INFO (CarpetX):   average cell updates per second: 170271
INFO (CarpetX): OutputGH: iteration 64, time 0.250000, run time 2 s
INFO (CarpetX): OutputGH done.
INFO (CarpetX): Simulation time: 0.25   Iterations per second: 39.4138   Simulation time per second: 0.15396
INFO (CarpetX): Grid cells: 4096   Grid cell updates per second: 161439
INFO (CarpetX): Performance:
INFO (CarpetX):   total evolution time:            1.55293 sec
INFO (CarpetX):   total evolution compute time:    1.54045 sec
INFO (CarpetX):   total evolution output time:     0.0124815 sec
INFO (CarpetX):   total iterations:                64
INFO (CarpetX):   total cells updated:             262144
INFO (CarpetX):   average iterations per second: 41.2124
INFO (CarpetX):   average cell updates per second: 168806
INFO (CarpetX): Shutting down...
AMReX (25.11) finalized
--------------------------------------------------------------------------------
Done.

real	0m1.947s
user	0m3.192s
sys	0m0.198s
+ echo Stopping:
Stopping:
+ date
Fri Apr  3 09:33:55 PM UTC 2026
+ echo Done.
Done.
  Elapsed time: 2.0 s
