/__w/canudax-tests/workspace/simulations/TestJob01_temp_2/output-0000/TEST/sim/CanudaX_BSSNMoL
Preparing:
+ set -e
+ cd output-0000-active
+ echo Checking:
Checking:
+ pwd
/__w/canudax-tests/workspace/simulations/TestJob01_temp_2/output-0000/TEST/sim/CanudaX_BSSNMoL/output-0000-active
+ hostname
ecd397536846
+ date
Wed Jan 28 09:21:18 PM UTC 2026
+ echo Environment:
Environment:
+ export SIMULATION_ID=simulation-TestJob01_temp_2-actions-cpu-real64-actions-root-2026.01.28-21.21.18-13993
+ SIMULATION_ID=simulation-TestJob01_temp_2-actions-cpu-real64-actions-root-2026.01.28-21.21.18-13993
+ export CACTUS_NUM_PROCS=2
+ CACTUS_NUM_PROCS=2
+ export CACTUS_NUM_THREADS=1
+ CACTUS_NUM_THREADS=1
+ export CACTUS_SET_THREAD_BINDINGS=0
+ CACTUS_SET_THREAD_BINDINGS=0
+ export GLIBCXX_FORCE_NEW=1
+ GLIBCXX_FORCE_NEW=1
+ export GMON_OUT_PREFIX=gmon.out
+ GMON_OUT_PREFIX=gmon.out
+ export OMP_DISPLAY_ENV=TRUE
+ OMP_DISPLAY_ENV=TRUE
+ export OMP_MAX_TASKS=100
+ OMP_MAX_TASKS=100
+ export OMP_NUM_THREADS=1
+ OMP_NUM_THREADS=1
+ export OMP_PLACES=cores
+ OMP_PLACES=cores
+ export OMP_PROC_BIND=FALSE
+ OMP_PROC_BIND=FALSE
+ export OMP_STACKSIZE=8192
+ OMP_STACKSIZE=8192
+ env
+ sort
+ echo Starting:
Starting:
++ date +%s
+ export CACTUS_STARTTIME=1769635278
+ CACTUS_STARTTIME=1769635278
+ mpiexec -n 2 /__w/canudax-tests/workspace/simulations/TestJob01_temp_2/SIMFACTORY/exe/cactus_sim -L 3 /__w/canudax-tests/workspace/simulations/TestJob01_temp_2/output-0000/arrangements/CanudaX_Lean/CanudaX_BSSNMoL/test/gaugewave.par

OPENMP DISPLAY ENVIRONMENT BEGIN
  _OPENMP = '201511'
  [host] OMP_DYNAMIC = 'FALSE'
  [host] OMP_NESTED = 'FALSE'
  [host] OMP_NUM_THREADS = '1'
  [host] OMP_SCHEDULE = 'DYNAMIC'
  [host] OMP_PROC_BIND = 'FALSE'
  [host] OMP_PLACES = ''
  [host] OMP_STACKSIZE = '8388608'
  [host] OMP_WAIT_POLICY = 'PASSIVE'
  [host] OMP_THREAD_LIMIT = '4294967295'
  [host] OMP_MAX_ACTIVE_LEVELS = '1'
  [host] OMP_NUM_TEAMS = '0'
  [host] OMP_TEAMS_THREAD_LIMIT = '0'
  [all] OMP_CANCELLATION = 'FALSE'
  [all] OMP_DEFAULT_DEVICE = '0'
  [all] OMP_MAX_TASK_PRIORITY = '0'
  [all] OMP_DISPLAY_AFFINITY = 'FALSE'
  [host] OMP_AFFINITY_FORMAT = 'level %L thread %i affinity %A'
  [host] OMP_ALLOCATOR = 'omp_default_mem_alloc'
  [all] OMP_TARGET_OFFLOAD = 'DEFAULT'
OPENMP DISPLAY ENVIRONMENT END

OPENMP DISPLAY ENVIRONMENT BEGIN
  _OPENMP = '201511'
  [host] OMP_DYNAMIC = 'FALSE'
  [host] OMP_NESTED = 'FALSE'
  [host] OMP_NUM_THREADS = '1'
  [host] OMP_SCHEDULE = 'DYNAMIC'
  [host] OMP_PROC_BIND = 'FALSE'
  [host] OMP_PLACES = ''
  [host] OMP_STACKSIZE = '8388608'
  [host] OMP_WAIT_POLICY = 'PASSIVE'
  [host] OMP_THREAD_LIMIT = '4294967295'
  [host] OMP_MAX_ACTIVE_LEVELS = '1'
  [host] OMP_NUM_TEAMS = '0'
  [host] OMP_TEAMS_THREAD_LIMIT = '0'
  [all] OMP_CANCELLATION = 'FALSE'
  [all] OMP_DEFAULT_DEVICE = '0'
  [all] OMP_MAX_TASK_PRIORITY = '0'
  [all] OMP_DISPLAY_AFFINITY = 'FALSE'
  [host] OMP_AFFINITY_FORMAT = 'level %L thread %i affinity %A'
  [host] OMP_ALLOCATOR = 'omp_default_mem_alloc'
  [all] OMP_TARGET_OFFLOAD = 'DEFAULT'
OPENMP DISPLAY ENVIRONMENT END
INFO (Cactus): Increased logging level from 0 to 3
--------------------------------------------------------------------------------

       10                                  
  1   0101       ************************  
  01  1010 10      The Cactus Code V4.18.0    
 1010 1101 011      www.cactuscode.org     
  1001 100101    ************************  
    00010101                               
     100011     (c) Copyright The Authors  
      0100      GNU Licensed. No Warranty  
      0101                                 
--------------------------------------------------------------------------------

Cactus version:    4.18.0
Compile date:      Jan 28 2026 (21:19:10)
Run date:          Jan 28 2026 (21:21:18+0000)
Run host:          ecd397536846 (pid=14041)
Working directory: /__w/canudax-tests/workspace/simulations/TestJob01_temp_2/output-0000/TEST/sim/CanudaX_BSSNMoL
Executable:        /__w/canudax-tests/workspace/simulations/TestJob01_temp_2/SIMFACTORY/exe/cactus_sim
Parameter file:    /__w/canudax-tests/workspace/simulations/TestJob01_temp_2/output-0000/arrangements/CanudaX_Lean/CanudaX_BSSNMoL/test/gaugewave.par
--------------------------------------------------------------------------------

Activating thorn Cactus...Success -> active implementation Cactus
Activation requested for 
--->ADMBaseX CanudaX_BSSNMoL CanudaX_ExactID CarpetX ErrorEstimator IOUtil ODESolvers TmunuBaseX<---
Thorn ADMBaseX requests automatic activation of Loop
Thorn CanudaX_ExactID requests automatic activation of GSL
Thorn CarpetX requests automatic activation of AMReX
Thorn CarpetX requests automatic activation of MPI
Thorn CarpetX requests automatic activation of yaml_cpp
Thorn CarpetX requests automatic activation of zlib
Thorn CarpetX requests automatic activation of Arith
Thorn CarpetX requests automatic activation of CarpetXRegrid
Thorn CarpetX requests automatic activation of ADIOS2
Thorn CarpetX requests automatic activation of openPMD
Thorn CarpetX requests automatic activation of Silo
Thorn Arith requests automatic activation of NSIMD
Thorn MPI requests automatic activation of hwloc
Thorn openPMD requests automatic activation of HDF5
Activating thorn ADIOS2...Success -> active implementation ADIOS2
Activating thorn ADMBaseX...Success -> active implementation ADMBaseX
Activating thorn AMReX...Success -> active implementation AMReX
Activating thorn Arith...Success -> active implementation Arith
Activating thorn CanudaX_BSSNMoL...Success -> active implementation CanudaX_BSSNMoL
Activating thorn CanudaX_ExactID...Success -> active implementation CanudaX_ExactID
Activating thorn CarpetX...Success -> active implementation Driver
Activating thorn CarpetXRegrid...Success -> active implementation CarpetXRegrid
Activating thorn ErrorEstimator...Success -> active implementation ErrorEstimator
Activating thorn GSL...Success -> active implementation GSL
Activating thorn HDF5...Success -> active implementation HDF5
Activating thorn hwloc...Success -> active implementation hwloc
Activating thorn IOUtil...Success -> active implementation IO
Activating thorn Loop...Success -> active implementation Loop
Activating thorn MPI...Success -> active implementation MPI
Activating thorn NSIMD...Success -> active implementation NSIMD
Activating thorn ODESolvers...Success -> active implementation ODESolvers
Activating thorn openPMD...Success -> active implementation openPMD
Activating thorn Silo...Success -> active implementation Silo
Activating thorn TmunuBaseX...Success -> active implementation TmunuBaseX
Activating thorn yaml_cpp...Success -> active implementation yaml_cpp
Activating thorn zlib...Success -> active implementation zlib
--------------------------------------------------------------------------------
  if (recover initial data)
    Recover parameters
  endif

  Startup routines
    [CCTK_STARTUP]
      CarpetX::Driver_Startup: Start up the driver
      IOUtil::IOUtil_Startup: Startup routine
      GROUP hwloc_startup: hwloc startup group
        hwloc::hwloc_version: Output hwloc version

  Startup routines which need an existing grid hierarchy
    [CCTK_WRAGH]
      Arith::Test_smallvector: [meta] Test small vectors
      Arith::Test_spvect: [meta] Test sparse vectors
      ODESolvers::ODESolvers_InitConstants: [global] Set up dummy loop counters for schedule printout
  Parameter checking routines
    [CCTK_PARAMCHECK]
      CanudaX_BSSNMoL::CanudaX_BSSNMoL_paramcheck: Check CanudaX_BSSNMoL parameters for consistency

  Initialisation
    if (NOT (recover initial data AND recovery_mode is 'strict'))
      [CCTK_PREREGRIDINITIAL]
      Set up grid hierarchy
      [CCTK_POSTREGRIDINITIAL]
      [CCTK_BASEGRID]
        CarpetXRegrid::CarpetXRegrid_InitError: Initialize regridding error to zero
        GROUP ODESolvers_BaseGrid: Set up constants (e.g. coordinates) everywhere on the grid
      [CCTK_INITIAL]
        GROUP ODESolvers_Initial: Set up initial conditions on interior of state vector
          GROUP ADMBaseX_InitialData: Schedule group for calculating ADM initial data
            GROUP ExactID_Group: ExactID initial data group
              CanudaX_ExactID::GaugeWave_ID: [local] Create gauge wave initial data
          GROUP ADMBaseX_InitialGauge: Schedule group for the ADM initial gauge condition
            ADMBaseX::ADMBaseX_initial_dtlapse: Set dtlapse to zero
            ADMBaseX::ADMBaseX_initial_dtshift: Set dtshift to zero
          GROUP ADMBaseX_PostInitial: Schedule group for modifying the ADM initial data, such as e.g. adding noise
          GROUP CanudaX_BSSNMoL_InitialGroup: CanudaX_BSSNMoL: initial bin
            CanudaX_BSSNMoL::CanudaX_BSSNMoL_adm2bssn: [local] Convert initial data into BSSN variables
            CanudaX_BSSNMoL::CanudaX_BSSNMoL_gammat: [local] Set Gammat initial data
        GROUP TmunuBaseX_SetTmunuVars: Schedule group for setting T_munu
          TmunuBaseX::TmunuBaseX_ZeroTmunu: Set T_munu to zero
          GROUP TmunuBaseX_AddToTmunu: Add to T_munu here
      [CCTK_POSTINITIAL]
        ErrorEstimator::EstimateError: Estimate error
        GROUP ODESolvers_PostStep: Apply boundary conditions to state vector, and project if necessary
          GROUP CanudaX_BSSNMoL_PostStepGroup: CanudaX_BSSNMoL: post-step operations
            CanudaX_BSSNMoL::CanudaX_BSSNMoL_impose_conf_fac_floor: Make sure conformal factor does not drop below specified value
            CanudaX_BSSNMoL::CanudaX_BSSNMoL_reset_detmetric: reset dethh = 1
            CanudaX_BSSNMoL::CanudaX_BSSNMoL_remove_trA: Remove trace of A
            CanudaX_BSSNMoL::CanudaX_BSSNMoL_sync: [global] Sync state vector
            CanudaX_BSSNMoL::CanudaX_BSSNMoL_bssn2adm: [local] Convert variables back to the ADM ones
          GROUP ADMBaseX_SetADMRHS: Set ADM RHS variables in this group
          GROUP ADMBaseX_SetADMVars: Set ADM variables in this group
          GROUP TmunuBaseX_SetTmunuVars: Schedule group for setting T_munu
            TmunuBaseX::TmunuBaseX_ZeroTmunu: Set T_munu to zero
            GROUP TmunuBaseX_AddToTmunu: Add to T_munu here
        GROUP ODESolvers_EstimateError: Estimate discretization error (for regridding)
      Initialise finer grids recursively
      Restrict from finer grids
      [CCTK_POSTRESTRICTINITIAL]
      [CCTK_POSTPOSTINITIAL]
      [CCTK_POSTSTEP]
        ErrorEstimator::EstimateError: Estimate error
        GROUP ODESolvers_EstimateError: Estimate discretization error (for regridding)
    endif
    if (recover initial data)
      [CCTK_BASEGRID]
        CarpetXRegrid::CarpetXRegrid_InitError: Initialize regridding error to zero
        GROUP ODESolvers_BaseGrid: Set up constants (e.g. coordinates) everywhere on the grid
      [CCTK_RECOVER_VARIABLES]
      [CCTK_POST_RECOVER_VARIABLES]
        GROUP ODESolvers_PostStep: Apply boundary conditions to state vector, and project if necessary
          GROUP CanudaX_BSSNMoL_PostStepGroup: CanudaX_BSSNMoL: post-step operations
            CanudaX_BSSNMoL::CanudaX_BSSNMoL_impose_conf_fac_floor: Make sure conformal factor does not drop below specified value
            CanudaX_BSSNMoL::CanudaX_BSSNMoL_reset_detmetric: reset dethh = 1
            CanudaX_BSSNMoL::CanudaX_BSSNMoL_remove_trA: Remove trace of A
            CanudaX_BSSNMoL::CanudaX_BSSNMoL_sync: [global] Sync state vector
            CanudaX_BSSNMoL::CanudaX_BSSNMoL_bssn2adm: [local] Convert variables back to the ADM ones
          GROUP ADMBaseX_SetADMRHS: Set ADM RHS variables in this group
          GROUP ADMBaseX_SetADMVars: Set ADM variables in this group
          GROUP TmunuBaseX_SetTmunuVars: Schedule group for setting T_munu
            TmunuBaseX::TmunuBaseX_ZeroTmunu: Set T_munu to zero
            GROUP TmunuBaseX_AddToTmunu: Add to T_munu here
        GROUP ODESolvers_EstimateError: Estimate discretization error (for regridding)
    endif
    if (checkpoint initial data)
      [CCTK_CPINITIAL]
        CarpetX::CarpetX_CheckpointInitial: [meta] Checkpoint initial conditions
    endif
    if (analysis)
      [CCTK_ANALYSIS]
        CanudaX_BSSNMoL::CanudaX_BSSNMoL_bssn_constraints: Compute constraints
        GROUP ODESolvers_Analysis: Calculate analysis quantities everywhere
  endif
  Output grid variables

  do loop over timesteps
    [CCTK_PREREGRID]
    Change grid hierarchy
    [CCTK_POSTREGRID]
      GROUP ODESolvers_PostStep: Apply boundary conditions to state vector, and project if necessary
        GROUP CanudaX_BSSNMoL_PostStepGroup: CanudaX_BSSNMoL: post-step operations
          CanudaX_BSSNMoL::CanudaX_BSSNMoL_impose_conf_fac_floor: Make sure conformal factor does not drop below specified value
          CanudaX_BSSNMoL::CanudaX_BSSNMoL_reset_detmetric: reset dethh = 1
          CanudaX_BSSNMoL::CanudaX_BSSNMoL_remove_trA: Remove trace of A
          CanudaX_BSSNMoL::CanudaX_BSSNMoL_sync: [global] Sync state vector
          CanudaX_BSSNMoL::CanudaX_BSSNMoL_bssn2adm: [local] Convert variables back to the ADM ones
        GROUP ADMBaseX_SetADMRHS: Set ADM RHS variables in this group
        GROUP ADMBaseX_SetADMVars: Set ADM variables in this group
        GROUP TmunuBaseX_SetTmunuVars: Schedule group for setting T_munu
          TmunuBaseX::TmunuBaseX_ZeroTmunu: Set T_munu to zero
          GROUP TmunuBaseX_AddToTmunu: Add to T_munu here
    Rotate timelevels
    iteration = iteration+1
    t = t+dt
    [CCTK_PRESTEP]
    [CCTK_EVOL]
      ODESolvers::ODESolvers_Solve: [level] Solve ODEs
      while (ODESolvers::do_substeps)
        GROUP ODESolvers_CalledBySolve: Groups internally scheduled by ODESolvers_Solve
          GROUP ODESolvers_RHS: Evaluate the RHS for of state vector everywhere on the grid
            GROUP CanudaX_BSSNMoL_RHSGroup: CanudaX_BSSNMoL: calculate BSSN RHS
              CanudaX_BSSNMoL::CanudaX_BSSNMoL_calc_bssn_rhs: MoL RHS calculation
              CanudaX_BSSNMoL::CanudaX_BSSNMoL_apply_boundary_conditions: Apply radiative boundary conditions 
          GROUP ODESolvers_PostStep: Apply boundary conditions to state vector, and project if necessary
            GROUP CanudaX_BSSNMoL_PostStepGroup: CanudaX_BSSNMoL: post-step operations
              CanudaX_BSSNMoL::CanudaX_BSSNMoL_impose_conf_fac_floor: Make sure conformal factor does not drop below specified value
              CanudaX_BSSNMoL::CanudaX_BSSNMoL_reset_detmetric: reset dethh = 1
              CanudaX_BSSNMoL::CanudaX_BSSNMoL_remove_trA: Remove trace of A
              CanudaX_BSSNMoL::CanudaX_BSSNMoL_sync: [global] Sync state vector
              CanudaX_BSSNMoL::CanudaX_BSSNMoL_bssn2adm: [local] Convert variables back to the ADM ones
            GROUP ADMBaseX_SetADMRHS: Set ADM RHS variables in this group
            GROUP ADMBaseX_SetADMVars: Set ADM variables in this group
            GROUP TmunuBaseX_SetTmunuVars: Schedule group for setting T_munu
              TmunuBaseX::TmunuBaseX_ZeroTmunu: Set T_munu to zero
              GROUP TmunuBaseX_AddToTmunu: Add to T_munu here
      end while
    Evolve finer grids recursively
    Restrict from finer grids
    [CCTK_POSTRESTRICT]
      GROUP ODESolvers_PostStep: Apply boundary conditions to state vector, and project if necessary
        GROUP CanudaX_BSSNMoL_PostStepGroup: CanudaX_BSSNMoL: post-step operations
          CanudaX_BSSNMoL::CanudaX_BSSNMoL_impose_conf_fac_floor: Make sure conformal factor does not drop below specified value
          CanudaX_BSSNMoL::CanudaX_BSSNMoL_reset_detmetric: reset dethh = 1
          CanudaX_BSSNMoL::CanudaX_BSSNMoL_remove_trA: Remove trace of A
          CanudaX_BSSNMoL::CanudaX_BSSNMoL_sync: [global] Sync state vector
          CanudaX_BSSNMoL::CanudaX_BSSNMoL_bssn2adm: [local] Convert variables back to the ADM ones
        GROUP ADMBaseX_SetADMRHS: Set ADM RHS variables in this group
        GROUP ADMBaseX_SetADMVars: Set ADM variables in this group
        GROUP TmunuBaseX_SetTmunuVars: Schedule group for setting T_munu
          TmunuBaseX::TmunuBaseX_ZeroTmunu: Set T_munu to zero
          GROUP TmunuBaseX_AddToTmunu: Add to T_munu here
    [CCTK_POSTSTEP]
      ErrorEstimator::EstimateError: Estimate error
      GROUP ODESolvers_EstimateError: Estimate discretization error (for regridding)
    if (checkpoint)
      [CCTK_CHECKPOINT]
      CarpetX::CarpetX_Checkpoint: [meta] Checkpoint
    endif
    if (analysis)
      [CCTK_ANALYSIS]
      CanudaX_BSSNMoL::CanudaX_BSSNMoL_bssn_constraints: Compute constraints
      GROUP ODESolvers_Analysis: Calculate analysis quantities everywhere
    endif
    Output grid variables
    enddo

  Termination routines
    [CCTK_TERMINATE]
      CarpetX::CarpetX_CheckpointTerminate: [meta] Checkpoint before terminating

  Shutdown routines
    [CCTK_SHUTDOWN]
      CarpetX::Driver_Shutdown: [meta] Shut down the driver

  Routines run after changing the grid hierarchy:
    [CCTK_POSTREGRID]
      GROUP ODESolvers_PostStep: Apply boundary conditions to state vector, and project if necessary
        GROUP CanudaX_BSSNMoL_PostStepGroup: CanudaX_BSSNMoL: post-step operations
          CanudaX_BSSNMoL::CanudaX_BSSNMoL_impose_conf_fac_floor: Make sure conformal factor does not drop below specified value
          CanudaX_BSSNMoL::CanudaX_BSSNMoL_reset_detmetric: reset dethh = 1
          CanudaX_BSSNMoL::CanudaX_BSSNMoL_remove_trA: Remove trace of A
          CanudaX_BSSNMoL::CanudaX_BSSNMoL_sync: [global] Sync state vector
          CanudaX_BSSNMoL::CanudaX_BSSNMoL_bssn2adm: [local] Convert variables back to the ADM ones
        GROUP ADMBaseX_SetADMRHS: Set ADM RHS variables in this group
        GROUP ADMBaseX_SetADMVars: Set ADM variables in this group
        GROUP TmunuBaseX_SetTmunuVars: Schedule group for setting T_munu
          TmunuBaseX::TmunuBaseX_ZeroTmunu: Set T_munu to zero
          GROUP TmunuBaseX_AddToTmunu: Add to T_munu here
--------------------------------------------------------------------------------
INFO (hwloc): library version 2.10.0, API version 0x20800
--------------------------------------------------------------------------------

  [34m  ▕▏  [34m  ▕▏  [34m  ▕▏  [34m  ▕▏  [34m  ▕▏  [34m  ▕▏  [34m  ▕▏  [34m  ▕▏  [34m  ▕▏  [39m  
  [34m──██──[34m──██──[34m──██──[34m──██──[34m──██──[34m──██──[34m──██──[34m──██──[34m──██──[39m  
  [34m  ▕▏  [34m  ▕▏  [34m  ▕▏  [34m  ▕▏  [34m  ▕▏  [34m  ▕▏  [34m  ▕▏  [34m  ▕▏  [34m  ▕▏  [39m  
  [34m  ▕▏  [32m██████[34m  ▕▏  [34m  ▕▏  [32m██████[34m  ▕▏  [34m  ▕▏  [32m██████[34m  ▕▏  [39m  
  [34m──██──[32m██████[34m──██──[34m──██──[32m██████[34m──██──[34m──██──[32m██████[34m──██──[39m  
  [34m  ▕▏  [32m██████[34m  ▕▏  [34m  ▕▏  [32m██████[34m  ▕▏  [34m  ▕▏  [32m██████[34m  ▕▏  [39m  
  [34m  ▕▏  [34m  ▕▏  [34m  ▕▏  [34m  ▕▏  [34m  ▕▏  [34m  ▕▏  [34m  ▕▏  [34m  ▕▏  [34m  ▕▏  [39m  
  [34m──██──[34m──██──[34m──██──[34m──██──[34m──██──[34m──██──[34m──██──[34m──██──[34m──██──[39m  
  [34m  ▕▏  [34m  ▕▏  [34m  ▕▏  [34m  ▕▏  [34m  ▕▏  [34m  ▕▏  [34m  ▕▏  [34m  ▕▏  [34m  ▕▏  [39m  
  [34m  ▕▏  [34m  ▕▏  [34m  ▕▏  [31m██████[31m██████[31m██████[34m  ▕▏  [34m  ▕▏  [34m  ▕▏  [39m  
  [34m──██──[34m──██──[34m──██──[31m██████[31m██████[31m██████[34m──██──[34m──██──[34m──██──[39m  
  [34m  ▕▏  [34m  ▕▏  [34m  ▕▏  [31m██████[31m██████[31m██████[34m  ▕▏  [34m  ▕▏  [34m  ▕▏  [39m  
  [34m  ▕▏  [32m██████[34m  ▕▏  [31m██████[31m██████[31m██████[34m  ▕▏  [32m██████[34m  ▕▏  [39m  
  [34m──██──[32m██████[34m──██──[31m██████[31m██████[31m██████[34m──██──[32m██████[34m──██──[39m  
  [34m  ▕▏  [32m██████[34m  ▕▏  [31m██████[31m██████[31m██████[34m  ▕▏  [32m██████[34m  ▕▏  [39m  
  [34m  ▕▏  [34m  ▕▏  [34m  ▕▏  [31m██████[31m██████[31m██████[34m  ▕▏  [34m  ▕▏  [34m  ▕▏  [39m  
  [34m──██──[34m──██──[34m──██──[31m██████[31m██████[31m██████[34m──██──[34m──██──[34m──██──[39m  
  [34m  ▕▏  [34m  ▕▏  [34m  ▕▏  [31m██████[31m██████[31m██████[34m  ▕▏  [34m  ▕▏  [34m  ▕▏  [39m  
  [34m  ▕▏  [34m  ▕▏  [34m  ▕▏  [34m  ▕▏  [34m  ▕▏  [34m  ▕▏  [34m  ▕▏  [34m  ▕▏  [34m  ▕▏  [39m  
  [34m──██──[34m──██──[34m──██──[34m──██──[34m──██──[34m──██──[34m──██──[34m──██──[34m──██──[39m  
  [34m  ▕▏  [34m  ▕▏  [34m  ▕▏  [34m  ▕▏  [34m  ▕▏  [34m  ▕▏  [34m  ▕▏  [34m  ▕▏  [34m  ▕▏  [39m  
  [34m  ▕▏  [32m██████[34m  ▕▏  [34m  ▕▏  [32m██████[34m  ▕▏  [34m  ▕▏  [32m██████[34m  ▕▏  [39m  
  [34m──██──[32m██████[34m──██──[34m──██──[32m██████[34m──██──[34m──██──[32m██████[34m──██──[39m  
  [34m  ▕▏  [32m██████[34m  ▕▏  [34m  ▕▏  [32m██████[34m  ▕▏  [34m  ▕▏  [32m██████[34m  ▕▏  [39m  
  [34m  ▕▏  [34m  ▕▏  [34m  ▕▏  [34m  ▕▏  [34m  ▕▏  [34m  ▕▏  [34m  ▕▏  [34m  ▕▏  [34m  ▕▏  [39m  
  [34m──██──[34m──██──[34m──██──[34m──██──[34m──██──[34m──██──[34m──██──[34m──██──[34m──██──[39m  
  [34m  ▕▏  [34m  ▕▏  [34m  ▕▏  [34m  ▕▏  [34m  ▕▏  [34m  ▕▏  [34m  ▕▏  [34m  ▕▏  [34m  ▕▏  [39m  

AMR driver provided by CarpetX,
using AMReX 25.11 (MPI, OpenMP, no accelerators, optimized)
--------------------------------------------------------------------------------

Initializing AMReX (25.11)...
MPI initialized with 2 MPI processes
MPI initialized with thread support level 2
OMP initialized with 1 OMP threads
AMReX (25.11) initialized
INFO (CarpetX): 
Symmetries:
  lower x: periodic
  lower y: periodic
  lower z: periodic
  upper x: periodic
  upper y: periodic
  upper z: periodic
Default boundaries:
  lower x: symmetry_boundary
  lower y: symmetry_boundary
  lower z: symmetry_boundary
  upper x: symmetry_boundary
  upper y: symmetry_boundary
  upper z: symmetry_boundary
INFO (Arith): Test_smallvector
INFO (Arith): Test_spvect
INFO (CarpetX): Setting initial values for max_grid_size values for all levels
INFO (CarpetX): Setting up initial conditions...
INFO (CarpetX): Iteration: 0   time: 0   delta_time: 0.00390625
INFO (CarpetX): Patch 0:
INFO (CarpetX):   Grid extent:
INFO (CarpetX):     gsh=[71,15,15]
INFO (CarpetX):     blocking_factor=[8,8,8]
INFO (CarpetX):     max_grid_size=[10000000,10000000,10000000]
INFO (CarpetX):     max_tile_size=[1024000,16,32]
INFO (CarpetX):   Domain extent:
INFO (CarpetX):     xmin=[-0.5,-0.0625,-0.0625]
INFO (CarpetX):     xmax=[0.5,0.0625,0.0625]
INFO (CarpetX):     base dx=[0.015625,0.015625,0.015625]
INFO (CarpetX): Initializing level 0...
INFO (CanudaX_ExactID): Begin Gauge Wave initial data
INFO (CanudaX_ExactID): === End gauge wave initial data ===
INFO (CarpetX): Regridding...
INFO (CarpetX):   level 0: 2 boxes, 4096 cells (100%)
INFO (CarpetX): Initialized 1 levels
INFO (CarpetX): OutputGH: iteration 0, time 0.000000, run time 0 s
INFO (CarpetX): OutputGH done.
INFO (CarpetX): Starting evolution...
INFO (ODESolvers): ODE integrator is RK4
INFO (CarpetX): OutputGH: iteration 1, time 0.003906, run time 0 s
INFO (CarpetX): OutputGH done.
INFO (CarpetX): Simulation time: 0.00390625   Iterations per second: 37.1681   Simulation time per second: 0.145188
INFO (CarpetX): Grid cells: 4096   Grid cell updates per second: 152240
INFO (CarpetX): Performance:
INFO (CarpetX):   total evolution time:            0.0269048 sec
INFO (CarpetX):   total evolution compute time:    0.0268817 sec
INFO (CarpetX):   total evolution output time:     2.31266e-05 sec
INFO (CarpetX):   total iterations:                1
INFO (CarpetX):   total cells updated:             4096
INFO (CarpetX):   average iterations per second: 37.1681
INFO (CarpetX):   average cell updates per second: 152240
INFO (CarpetX): OutputGH: iteration 2, time 0.007812, run time 0 s
INFO (CarpetX): OutputGH done.
INFO (CarpetX): Simulation time: 0.0078125   Iterations per second: 37.2691   Simulation time per second: 0.145582
INFO (CarpetX): Grid cells: 4096   Grid cell updates per second: 152654
INFO (CarpetX): Performance:
INFO (CarpetX):   total evolution time:            0.0536637 sec
INFO (CarpetX):   total evolution compute time:    0.0536168 sec
INFO (CarpetX):   total evolution output time:     4.69685e-05 sec
INFO (CarpetX):   total iterations:                2
INFO (CarpetX):   total cells updated:             8192
INFO (CarpetX):   average iterations per second: 37.2691
INFO (CarpetX):   average cell updates per second: 152654
INFO (CarpetX): OutputGH: iteration 3, time 0.011719, run time 0 s
INFO (CarpetX): OutputGH done.
INFO (CarpetX): Simulation time: 0.0117188   Iterations per second: 38.106   Simulation time per second: 0.148852
INFO (CarpetX): Grid cells: 4096   Grid cell updates per second: 156082
INFO (CarpetX): Performance:
INFO (CarpetX):   total evolution time:            0.0787277 sec
INFO (CarpetX):   total evolution compute time:    0.0786607 sec
INFO (CarpetX):   total evolution output time:     6.69956e-05 sec
INFO (CarpetX):   total iterations:                3
INFO (CarpetX):   total cells updated:             12288
INFO (CarpetX):   average iterations per second: 38.106
INFO (CarpetX):   average cell updates per second: 156082
INFO (CarpetX): OutputGH: iteration 4, time 0.015625, run time 0 s
INFO (CarpetX): OutputGH done.
INFO (CarpetX): Simulation time: 0.015625   Iterations per second: 38.6804   Simulation time per second: 0.151095
INFO (CarpetX): Grid cells: 4096   Grid cell updates per second: 158435
INFO (CarpetX): Performance:
INFO (CarpetX):   total evolution time:            0.103412 sec
INFO (CarpetX):   total evolution compute time:    0.103324 sec
INFO (CarpetX):   total evolution output time:     8.79765e-05 sec
INFO (CarpetX):   total iterations:                4
INFO (CarpetX):   total cells updated:             16384
INFO (CarpetX):   average iterations per second: 38.6804
INFO (CarpetX):   average cell updates per second: 158435
INFO (CarpetX): OutputGH: iteration 5, time 0.019531, run time 0 s
INFO (CarpetX): OutputGH done.
INFO (CarpetX): Simulation time: 0.0195312   Iterations per second: 38.8706   Simulation time per second: 0.151838
INFO (CarpetX): Grid cells: 4096   Grid cell updates per second: 159214
INFO (CarpetX): Performance:
INFO (CarpetX):   total evolution time:            0.128632 sec
INFO (CarpetX):   total evolution compute time:    0.12851 sec
INFO (CarpetX):   total evolution output time:     0.00012207 sec
INFO (CarpetX):   total iterations:                5
INFO (CarpetX):   total cells updated:             20480
INFO (CarpetX):   average iterations per second: 38.8706
INFO (CarpetX):   average cell updates per second: 159214
INFO (CarpetX): OutputGH: iteration 6, time 0.023438, run time 0 s
INFO (CarpetX): OutputGH done.
INFO (CarpetX): Simulation time: 0.0234375   Iterations per second: 39.0763   Simulation time per second: 0.152642
INFO (CarpetX): Grid cells: 4096   Grid cell updates per second: 160056
INFO (CarpetX): Performance:
INFO (CarpetX):   total evolution time:            0.153546 sec
INFO (CarpetX):   total evolution compute time:    0.153397 sec
INFO (CarpetX):   total evolution output time:     0.000149012 sec
INFO (CarpetX):   total iterations:                6
INFO (CarpetX):   total cells updated:             24576
INFO (CarpetX):   average iterations per second: 39.0763
INFO (CarpetX):   average cell updates per second: 160056
INFO (CarpetX): OutputGH: iteration 7, time 0.027344, run time 0 s
INFO (CarpetX): OutputGH done.
INFO (CarpetX): Simulation time: 0.0273438   Iterations per second: 39.1911   Simulation time per second: 0.15309
INFO (CarpetX): Grid cells: 4096   Grid cell updates per second: 160527
INFO (CarpetX): Performance:
INFO (CarpetX):   total evolution time:            0.178612 sec
INFO (CarpetX):   total evolution compute time:    0.17844 sec
INFO (CarpetX):   total evolution output time:     0.0001719 sec
INFO (CarpetX):   total iterations:                7
INFO (CarpetX):   total cells updated:             28672
INFO (CarpetX):   average iterations per second: 39.1911
INFO (CarpetX):   average cell updates per second: 160527
INFO (CarpetX): OutputGH: iteration 8, time 0.031250, run time 0 s
INFO (CarpetX): OutputGH done.
INFO (CarpetX): Simulation time: 0.03125   Iterations per second: 39.2086   Simulation time per second: 0.153159
INFO (CarpetX): Grid cells: 4096   Grid cell updates per second: 160599
INFO (CarpetX): Performance:
INFO (CarpetX):   total evolution time:            0.204037 sec
INFO (CarpetX):   total evolution compute time:    0.20384 sec
INFO (CarpetX):   total evolution output time:     0.000196934 sec
INFO (CarpetX):   total iterations:                8
INFO (CarpetX):   total cells updated:             32768
INFO (CarpetX):   average iterations per second: 39.2086
INFO (CarpetX):   average cell updates per second: 160599
INFO (CarpetX): OutputGH: iteration 9, time 0.035156, run time 0 s
INFO (CarpetX): OutputGH done.
INFO (CarpetX): Simulation time: 0.0351562   Iterations per second: 39.2432   Simulation time per second: 0.153294
INFO (CarpetX): Grid cells: 4096   Grid cell updates per second: 160740
INFO (CarpetX): Performance:
INFO (CarpetX):   total evolution time:            0.229339 sec
INFO (CarpetX):   total evolution compute time:    0.229118 sec
INFO (CarpetX):   total evolution output time:     0.000221014 sec
INFO (CarpetX):   total iterations:                9
INFO (CarpetX):   total cells updated:             36864
INFO (CarpetX):   average iterations per second: 39.2432
INFO (CarpetX):   average cell updates per second: 160740
INFO (CarpetX): OutputGH: iteration 10, time 0.039062, run time 0 s
INFO (CarpetX): OutputGH done.
INFO (CarpetX): Simulation time: 0.0390625   Iterations per second: 39.3085   Simulation time per second: 0.153549
INFO (CarpetX): Grid cells: 4096   Grid cell updates per second: 161008
INFO (CarpetX): Performance:
INFO (CarpetX):   total evolution time:            0.254398 sec
INFO (CarpetX):   total evolution compute time:    0.254152 sec
INFO (CarpetX):   total evolution output time:     0.00024581 sec
INFO (CarpetX):   total iterations:                10
INFO (CarpetX):   total cells updated:             40960
INFO (CarpetX):   average iterations per second: 39.3085
INFO (CarpetX):   average cell updates per second: 161008
INFO (CarpetX): OutputGH: iteration 11, time 0.042969, run time 0 s
INFO (CarpetX): OutputGH done.
INFO (CarpetX): Simulation time: 0.0429688   Iterations per second: 39.3343   Simulation time per second: 0.15365
INFO (CarpetX): Grid cells: 4096   Grid cell updates per second: 161113
INFO (CarpetX): Performance:
INFO (CarpetX):   total evolution time:            0.279671 sec
INFO (CarpetX):   total evolution compute time:    0.2794 sec
INFO (CarpetX):   total evolution output time:     0.000270844 sec
INFO (CarpetX):   total iterations:                11
INFO (CarpetX):   total cells updated:             45056
INFO (CarpetX):   average iterations per second: 39.3319
INFO (CarpetX):   average cell updates per second: 161104
INFO (CarpetX): OutputGH: iteration 12, time 0.046875, run time 0 s
INFO (CarpetX): OutputGH done.
INFO (CarpetX): Simulation time: 0.046875   Iterations per second: 39.3225   Simulation time per second: 0.153604
INFO (CarpetX): Grid cells: 4096   Grid cell updates per second: 161065
INFO (CarpetX): Performance:
INFO (CarpetX):   total evolution time:            0.30517 sec
INFO (CarpetX):   total evolution compute time:    0.304873 sec
INFO (CarpetX):   total evolution output time:     0.000296831 sec
INFO (CarpetX):   total iterations:                12
INFO (CarpetX):   total cells updated:             49152
INFO (CarpetX):   average iterations per second: 39.3223
INFO (CarpetX):   average cell updates per second: 161064
INFO (CarpetX): OutputGH: iteration 13, time 0.050781, run time 1 s
INFO (CarpetX): OutputGH done.
INFO (CarpetX): Simulation time: 0.0507812   Iterations per second: 39.3061   Simulation time per second: 0.153539
INFO (CarpetX): Grid cells: 4096   Grid cell updates per second: 160998
INFO (CarpetX): Performance:
INFO (CarpetX):   total evolution time:            0.330707 sec
INFO (CarpetX):   total evolution compute time:    0.330387 sec
INFO (CarpetX):   total evolution output time:     0.000319719 sec
INFO (CarpetX):   total iterations:                13
INFO (CarpetX):   total cells updated:             53248
INFO (CarpetX):   average iterations per second: 39.3097
INFO (CarpetX):   average cell updates per second: 161013
INFO (CarpetX): OutputGH: iteration 14, time 0.054688, run time 1 s
INFO (CarpetX): OutputGH done.
INFO (CarpetX): Simulation time: 0.0546875   Iterations per second: 39.3567   Simulation time per second: 0.153737
INFO (CarpetX): Grid cells: 4096   Grid cell updates per second: 161205
INFO (CarpetX): Performance:
INFO (CarpetX):   total evolution time:            0.355821 sec
INFO (CarpetX):   total evolution compute time:    0.355478 sec
INFO (CarpetX):   total evolution output time:     0.000342846 sec
INFO (CarpetX):   total iterations:                14
INFO (CarpetX):   total cells updated:             57344
INFO (CarpetX):   average iterations per second: 39.3456
INFO (CarpetX):   average cell updates per second: 161160
INFO (CarpetX): OutputGH: iteration 15, time 0.058594, run time 1 s
INFO (CarpetX): OutputGH done.
INFO (CarpetX): Simulation time: 0.0585938   Iterations per second: 39.3787   Simulation time per second: 0.153823
INFO (CarpetX): Grid cells: 4096   Grid cell updates per second: 161295
INFO (CarpetX): Performance:
INFO (CarpetX):   total evolution time:            0.381088 sec
INFO (CarpetX):   total evolution compute time:    0.380723 sec
INFO (CarpetX):   total evolution output time:     0.000365734 sec
INFO (CarpetX):   total iterations:                15
INFO (CarpetX):   total cells updated:             61440
INFO (CarpetX):   average iterations per second: 39.361
INFO (CarpetX):   average cell updates per second: 161222
INFO (CarpetX): OutputGH: iteration 16, time 0.062500, run time 1 s
INFO (CarpetX): OutputGH done.
INFO (CarpetX): Simulation time: 0.0625   Iterations per second: 39.3408   Simulation time per second: 0.153675
INFO (CarpetX): Grid cells: 4096   Grid cell updates per second: 161140
INFO (CarpetX): Performance:
INFO (CarpetX):   total evolution time:            0.406727 sec
INFO (CarpetX):   total evolution compute time:    0.406338 sec
INFO (CarpetX):   total evolution output time:     0.000388861 sec
INFO (CarpetX):   total iterations:                16
INFO (CarpetX):   total cells updated:             65536
INFO (CarpetX):   average iterations per second: 39.3384
INFO (CarpetX):   average cell updates per second: 161130
INFO (CarpetX): OutputGH: iteration 17, time 0.066406, run time 1 s
INFO (CarpetX): OutputGH done.
INFO (CarpetX): Simulation time: 0.0664062   Iterations per second: 39.3988   Simulation time per second: 0.153901
INFO (CarpetX): Grid cells: 4096   Grid cell updates per second: 161377
INFO (CarpetX): Performance:
INFO (CarpetX):   total evolution time:            0.431772 sec
INFO (CarpetX):   total evolution compute time:    0.431359 sec
INFO (CarpetX):   total evolution output time:     0.000412941 sec
INFO (CarpetX):   total iterations:                17
INFO (CarpetX):   total cells updated:             69632
INFO (CarpetX):   average iterations per second: 39.3726
INFO (CarpetX):   average cell updates per second: 161270
INFO (CarpetX): OutputGH: iteration 18, time 0.070312, run time 1 s
INFO (CarpetX): OutputGH done.
INFO (CarpetX): Simulation time: 0.0703125   Iterations per second: 39.468   Simulation time per second: 0.154172
INFO (CarpetX): Grid cells: 4096   Grid cell updates per second: 161661
INFO (CarpetX): Performance:
INFO (CarpetX):   total evolution time:            0.456708 sec
INFO (CarpetX):   total evolution compute time:    0.456271 sec
INFO (CarpetX):   total evolution output time:     0.000437021 sec
INFO (CarpetX):   total iterations:                18
INFO (CarpetX):   total cells updated:             73728
INFO (CarpetX):   average iterations per second: 39.4125
INFO (CarpetX):   average cell updates per second: 161433
INFO (CarpetX): OutputGH: iteration 19, time 0.074219, run time 1 s
INFO (CarpetX): OutputGH done.
INFO (CarpetX): Simulation time: 0.0742188   Iterations per second: 39.5129   Simulation time per second: 0.154347
INFO (CarpetX): Grid cells: 4096   Grid cell updates per second: 161845
INFO (CarpetX): Performance:
INFO (CarpetX):   total evolution time:            0.481757 sec
INFO (CarpetX):   total evolution compute time:    0.481299 sec
INFO (CarpetX):   total evolution output time:     0.000458002 sec
INFO (CarpetX):   total iterations:                19
INFO (CarpetX):   total cells updated:             77824
INFO (CarpetX):   average iterations per second: 39.439
INFO (CarpetX):   average cell updates per second: 161542
INFO (CarpetX): OutputGH: iteration 20, time 0.078125, run time 1 s
INFO (CarpetX): OutputGH done.
INFO (CarpetX): Simulation time: 0.078125   Iterations per second: 39.5713   Simulation time per second: 0.154575
INFO (CarpetX): Grid cells: 4096   Grid cell updates per second: 162084
INFO (CarpetX): Performance:
INFO (CarpetX):   total evolution time:            0.506692 sec
INFO (CarpetX):   total evolution compute time:    0.50621 sec
INFO (CarpetX):   total evolution output time:     0.000482082 sec
INFO (CarpetX):   total iterations:                20
INFO (CarpetX):   total cells updated:             81920
INFO (CarpetX):   average iterations per second: 39.4717
INFO (CarpetX):   average cell updates per second: 161676
INFO (CarpetX): OutputGH: iteration 21, time 0.082031, run time 1 s
INFO (CarpetX): OutputGH done.
INFO (CarpetX): Simulation time: 0.0820312   Iterations per second: 39.6941   Simulation time per second: 0.155055
INFO (CarpetX): Grid cells: 4096   Grid cell updates per second: 162587
INFO (CarpetX): Performance:
INFO (CarpetX):   total evolution time:            0.531181 sec
INFO (CarpetX):   total evolution compute time:    0.530678 sec
INFO (CarpetX):   total evolution output time:     0.000503063 sec
INFO (CarpetX):   total iterations:                21
INFO (CarpetX):   total cells updated:             86016
INFO (CarpetX):   average iterations per second: 39.5345
INFO (CarpetX):   average cell updates per second: 161933
INFO (CarpetX): OutputGH: iteration 22, time 0.085938, run time 1 s
INFO (CarpetX): OutputGH done.
INFO (CarpetX): Simulation time: 0.0859375   Iterations per second: 39.811   Simulation time per second: 0.155512
INFO (CarpetX): Grid cells: 4096   Grid cell updates per second: 163066
INFO (CarpetX): Performance:
INFO (CarpetX):   total evolution time:            0.555634 sec
INFO (CarpetX):   total evolution compute time:    0.555111 sec
INFO (CarpetX):   total evolution output time:     0.00052309 sec
INFO (CarpetX):   total iterations:                22
INFO (CarpetX):   total cells updated:             90112
INFO (CarpetX):   average iterations per second: 39.5944
INFO (CarpetX):   average cell updates per second: 162179
INFO (CarpetX): OutputGH: iteration 23, time 0.089844, run time 1 s
INFO (CarpetX): OutputGH done.
INFO (CarpetX): Simulation time: 0.0898438   Iterations per second: 39.848   Simulation time per second: 0.155656
INFO (CarpetX): Grid cells: 4096   Grid cell updates per second: 163218
INFO (CarpetX): Performance:
INFO (CarpetX):   total evolution time:            0.580519 sec
INFO (CarpetX):   total evolution compute time:    0.579975 sec
INFO (CarpetX):   total evolution output time:     0.000544071 sec
INFO (CarpetX):   total iterations:                23
INFO (CarpetX):   total cells updated:             94208
INFO (CarpetX):   average iterations per second: 39.6197
INFO (CarpetX):   average cell updates per second: 162282
INFO (CarpetX): OutputGH: iteration 24, time 0.093750, run time 1 s
INFO (CarpetX): OutputGH done.
INFO (CarpetX): Simulation time: 0.09375   Iterations per second: 39.8061   Simulation time per second: 0.155493
INFO (CarpetX): Grid cells: 4096   Grid cell updates per second: 163046
INFO (CarpetX): Performance:
INFO (CarpetX):   total evolution time:            0.605879 sec
INFO (CarpetX):   total evolution compute time:    0.605311 sec
INFO (CarpetX):   total evolution output time:     0.000567913 sec
INFO (CarpetX):   total iterations:                24
INFO (CarpetX):   total cells updated:             98304
INFO (CarpetX):   average iterations per second: 39.6119
INFO (CarpetX):   average cell updates per second: 162250
INFO (CarpetX): OutputGH: iteration 25, time 0.097656, run time 1 s
INFO (CarpetX): OutputGH done.
INFO (CarpetX): Simulation time: 0.0976562   Iterations per second: 39.8384   Simulation time per second: 0.155619
INFO (CarpetX): Grid cells: 4096   Grid cell updates per second: 163178
INFO (CarpetX): Performance:
INFO (CarpetX):   total evolution time:            0.630797 sec
INFO (CarpetX):   total evolution compute time:    0.630203 sec
INFO (CarpetX):   total evolution output time:     0.000593901 sec
INFO (CarpetX):   total iterations:                25
INFO (CarpetX):   total cells updated:             102400
INFO (CarpetX):   average iterations per second: 39.6324
INFO (CarpetX):   average cell updates per second: 162334
INFO (CarpetX): OutputGH: iteration 26, time 0.101562, run time 1 s
INFO (CarpetX): OutputGH done.
INFO (CarpetX): Simulation time: 0.101562   Iterations per second: 39.8542   Simulation time per second: 0.15568
INFO (CarpetX): Grid cells: 4096   Grid cell updates per second: 163243
INFO (CarpetX): Performance:
INFO (CarpetX):   total evolution time:            0.655799 sec
INFO (CarpetX):   total evolution compute time:    0.65518 sec
INFO (CarpetX):   total evolution output time:     0.000618935 sec
INFO (CarpetX):   total iterations:                26
INFO (CarpetX):   total cells updated:             106496
INFO (CarpetX):   average iterations per second: 39.6463
INFO (CarpetX):   average cell updates per second: 162391
INFO (CarpetX): OutputGH: iteration 27, time 0.105469, run time 1 s
INFO (CarpetX): OutputGH done.
INFO (CarpetX): Simulation time: 0.105469   Iterations per second: 39.8763   Simulation time per second: 0.155767
INFO (CarpetX): Grid cells: 4096   Grid cell updates per second: 163333
INFO (CarpetX): Performance:
INFO (CarpetX):   total evolution time:            0.680751 sec
INFO (CarpetX):   total evolution compute time:    0.680108 sec
INFO (CarpetX):   total evolution output time:     0.000643015 sec
INFO (CarpetX):   total iterations:                27
INFO (CarpetX):   total cells updated:             110592
INFO (CarpetX):   average iterations per second: 39.6621
INFO (CarpetX):   average cell updates per second: 162456
INFO (CarpetX): OutputGH: iteration 28, time 0.109375, run time 1 s
INFO (CarpetX): OutputGH done.
INFO (CarpetX): Simulation time: 0.109375   Iterations per second: 39.852   Simulation time per second: 0.155672
INFO (CarpetX): Grid cells: 4096   Grid cell updates per second: 163234
INFO (CarpetX): Performance:
INFO (CarpetX):   total evolution time:            0.705982 sec
INFO (CarpetX):   total evolution compute time:    0.705317 sec
INFO (CarpetX):   total evolution output time:     0.000665188 sec
INFO (CarpetX):   total iterations:                28
INFO (CarpetX):   total cells updated:             114688
INFO (CarpetX):   average iterations per second: 39.6611
INFO (CarpetX):   average cell updates per second: 162452
INFO (CarpetX): OutputGH: iteration 29, time 0.113281, run time 1 s
INFO (CarpetX): OutputGH done.
INFO (CarpetX): Simulation time: 0.113281   Iterations per second: 39.8692   Simulation time per second: 0.155739
INFO (CarpetX): Grid cells: 4096   Grid cell updates per second: 163304
INFO (CarpetX): Performance:
INFO (CarpetX):   total evolution time:            0.730966 sec
INFO (CarpetX):   total evolution compute time:    0.73028 sec
INFO (CarpetX):   total evolution output time:     0.000686169 sec
INFO (CarpetX):   total iterations:                29
INFO (CarpetX):   total cells updated:             118784
INFO (CarpetX):   average iterations per second: 39.6735
INFO (CarpetX):   average cell updates per second: 162503
INFO (CarpetX): OutputGH: iteration 30, time 0.117188, run time 1 s
INFO (CarpetX): OutputGH done.
INFO (CarpetX): Simulation time: 0.117188   Iterations per second: 39.8839   Simulation time per second: 0.155796
INFO (CarpetX): Grid cells: 4096   Grid cell updates per second: 163364
INFO (CarpetX): Performance:
INFO (CarpetX):   total evolution time:            0.755956 sec
INFO (CarpetX):   total evolution compute time:    0.755249 sec
INFO (CarpetX):   total evolution output time:     0.00070715 sec
INFO (CarpetX):   total iterations:                30
INFO (CarpetX):   total cells updated:             122880
INFO (CarpetX):   average iterations per second: 39.6849
INFO (CarpetX):   average cell updates per second: 162549
INFO (CarpetX): OutputGH: iteration 31, time 0.121094, run time 1 s
INFO (CarpetX): OutputGH done.
INFO (CarpetX): Simulation time: 0.121094   Iterations per second: 39.9347   Simulation time per second: 0.155995
INFO (CarpetX): Grid cells: 4096   Grid cell updates per second: 163572
INFO (CarpetX): Performance:
INFO (CarpetX):   total evolution time:            0.78071 sec
INFO (CarpetX):   total evolution compute time:    0.779969 sec
INFO (CarpetX):   total evolution output time:     0.000741005 sec
INFO (CarpetX):   total iterations:                31
INFO (CarpetX):   total cells updated:             126976
INFO (CarpetX):   average iterations per second: 39.7074
INFO (CarpetX):   average cell updates per second: 162642
INFO (CarpetX): OutputGH: iteration 32, time 0.125000, run time 1 s
INFO (CarpetX): OutputGH done.
INFO (CarpetX): Simulation time: 0.125   Iterations per second: 39.9025   Simulation time per second: 0.155869
INFO (CarpetX): Grid cells: 4096   Grid cell updates per second: 163440
INFO (CarpetX): Performance:
INFO (CarpetX):   total evolution time:            0.805953 sec
INFO (CarpetX):   total evolution compute time:    0.805192 sec
INFO (CarpetX):   total evolution output time:     0.000761032 sec
INFO (CarpetX):   total iterations:                32
INFO (CarpetX):   total cells updated:             131072
INFO (CarpetX):   average iterations per second: 39.7045
INFO (CarpetX):   average cell updates per second: 162630
INFO (CarpetX): OutputGH: iteration 33, time 0.128906, run time 1 s
INFO (CarpetX): OutputGH done.
INFO (CarpetX): Simulation time: 0.128906   Iterations per second: 39.9211   Simulation time per second: 0.155942
INFO (CarpetX): Grid cells: 4096   Grid cell updates per second: 163517
INFO (CarpetX): Performance:
INFO (CarpetX):   total evolution time:            0.830897 sec
INFO (CarpetX):   total evolution compute time:    0.830114 sec
INFO (CarpetX):   total evolution output time:     0.000782967 sec
INFO (CarpetX):   total iterations:                33
INFO (CarpetX):   total cells updated:             135168
INFO (CarpetX):   average iterations per second: 39.7161
INFO (CarpetX):   average cell updates per second: 162677
INFO (CarpetX): OutputGH: iteration 34, time 0.132812, run time 1 s
INFO (CarpetX): OutputGH done.
INFO (CarpetX): Simulation time: 0.132812   Iterations per second: 39.9826   Simulation time per second: 0.156182
INFO (CarpetX): Grid cells: 4096   Grid cell updates per second: 163769
INFO (CarpetX): Performance:
INFO (CarpetX):   total evolution time:            0.855561 sec
INFO (CarpetX):   total evolution compute time:    0.854754 sec
INFO (CarpetX):   total evolution output time:     0.000807047 sec
INFO (CarpetX):   total iterations:                34
INFO (CarpetX):   total cells updated:             139264
INFO (CarpetX):   average iterations per second: 39.74
INFO (CarpetX):   average cell updates per second: 162775
INFO (CarpetX): OutputGH: iteration 35, time 0.136719, run time 1 s
INFO (CarpetX): OutputGH done.
INFO (CarpetX): Simulation time: 0.136719   Iterations per second: 39.9489   Simulation time per second: 0.15605
INFO (CarpetX): Grid cells: 4096   Grid cell updates per second: 163631
INFO (CarpetX): Performance:
INFO (CarpetX):   total evolution time:            0.880783 sec
INFO (CarpetX):   total evolution compute time:    0.879955 sec
INFO (CarpetX):   total evolution output time:     0.000828028 sec
INFO (CarpetX):   total iterations:                35
INFO (CarpetX):   total cells updated:             143360
INFO (CarpetX):   average iterations per second: 39.7374
INFO (CarpetX):   average cell updates per second: 162764
INFO (CarpetX): OutputGH: iteration 36, time 0.140625, run time 1 s
INFO (CarpetX): OutputGH done.
INFO (CarpetX): Simulation time: 0.140625   Iterations per second: 39.9722   Simulation time per second: 0.156141
INFO (CarpetX): Grid cells: 4096   Grid cell updates per second: 163726
INFO (CarpetX): Performance:
INFO (CarpetX):   total evolution time:            0.905669 sec
INFO (CarpetX):   total evolution compute time:    0.90482 sec
INFO (CarpetX):   total evolution output time:     0.000849009 sec
INFO (CarpetX):   total iterations:                36
INFO (CarpetX):   total cells updated:             147456
INFO (CarpetX):   average iterations per second: 39.7496
INFO (CarpetX):   average cell updates per second: 162814
INFO (CarpetX): OutputGH: iteration 37, time 0.144531, run time 1 s
INFO (CarpetX): OutputGH done.
INFO (CarpetX): Simulation time: 0.144531   Iterations per second: 40.0398   Simulation time per second: 0.156405
INFO (CarpetX): Grid cells: 4096   Grid cell updates per second: 164003
INFO (CarpetX): Performance:
INFO (CarpetX):   total evolution time:            0.930264 sec
INFO (CarpetX):   total evolution compute time:    0.929391 sec
INFO (CarpetX):   total evolution output time:     0.00087285 sec
INFO (CarpetX):   total iterations:                37
INFO (CarpetX):   total cells updated:             151552
INFO (CarpetX):   average iterations per second: 39.7736
INFO (CarpetX):   average cell updates per second: 162913
INFO (CarpetX): OutputGH: iteration 38, time 0.148438, run time 1 s
INFO (CarpetX): OutputGH done.
INFO (CarpetX): Simulation time: 0.148438   Iterations per second: 40.1085   Simulation time per second: 0.156674
INFO (CarpetX): Grid cells: 4096   Grid cell updates per second: 164285
INFO (CarpetX): Performance:
INFO (CarpetX):   total evolution time:            0.954811 sec
INFO (CarpetX):   total evolution compute time:    0.953915 sec
INFO (CarpetX):   total evolution output time:     0.000895977 sec
INFO (CarpetX):   total iterations:                38
INFO (CarpetX):   total cells updated:             155648
INFO (CarpetX):   average iterations per second: 39.7984
INFO (CarpetX):   average cell updates per second: 163014
INFO (CarpetX): OutputGH: iteration 39, time 0.152344, run time 1 s
INFO (CarpetX): OutputGH done.
INFO (CarpetX): Simulation time: 0.152344   Iterations per second: 40.1194   Simulation time per second: 0.156716
INFO (CarpetX): Grid cells: 4096   Grid cell updates per second: 164329
INFO (CarpetX): Performance:
INFO (CarpetX):   total evolution time:            0.979676 sec
INFO (CarpetX):   total evolution compute time:    0.978761 sec
INFO (CarpetX):   total evolution output time:     0.000914812 sec
INFO (CarpetX):   total iterations:                39
INFO (CarpetX):   total cells updated:             159744
INFO (CarpetX):   average iterations per second: 39.8091
INFO (CarpetX):   average cell updates per second: 163058
INFO (CarpetX): OutputGH: iteration 40, time 0.156250, run time 1 s
INFO (CarpetX): OutputGH done.
INFO (CarpetX): Simulation time: 0.15625   Iterations per second: 40.1422   Simulation time per second: 0.156806
INFO (CarpetX): Grid cells: 4096   Grid cell updates per second: 164423
INFO (CarpetX): Performance:
INFO (CarpetX):   total evolution time:            1.00446 sec
INFO (CarpetX):   total evolution compute time:    1.00353 sec
INFO (CarpetX):   total evolution output time:     0.000933647 sec
INFO (CarpetX):   total iterations:                40
INFO (CarpetX):   total cells updated:             163840
INFO (CarpetX):   average iterations per second: 39.8224
INFO (CarpetX):   average cell updates per second: 163113
INFO (CarpetX): OutputGH: iteration 41, time 0.160156, run time 1 s
INFO (CarpetX): OutputGH done.
INFO (CarpetX): Simulation time: 0.160156   Iterations per second: 40.1788   Simulation time per second: 0.156948
INFO (CarpetX): Grid cells: 4096   Grid cell updates per second: 164572
INFO (CarpetX): Performance:
INFO (CarpetX):   total evolution time:            1.02915 sec
INFO (CarpetX):   total evolution compute time:    1.02819 sec
INFO (CarpetX):   total evolution output time:     0.000956535 sec
INFO (CarpetX):   total iterations:                41
INFO (CarpetX):   total cells updated:             167936
INFO (CarpetX):   average iterations per second: 39.8389
INFO (CarpetX):   average cell updates per second: 163180
INFO (CarpetX): OutputGH: iteration 42, time 0.164062, run time 1 s
INFO (CarpetX): OutputGH done.
INFO (CarpetX): Simulation time: 0.164062   Iterations per second: 40.2199   Simulation time per second: 0.157109
INFO (CarpetX): Grid cells: 4096   Grid cell updates per second: 164741
INFO (CarpetX): Performance:
INFO (CarpetX):   total evolution time:            1.05378 sec
INFO (CarpetX):   total evolution compute time:    1.0528 sec
INFO (CarpetX):   total evolution output time:     0.00097847 sec
INFO (CarpetX):   total iterations:                42
INFO (CarpetX):   total cells updated:             172032
INFO (CarpetX):   average iterations per second: 39.8565
INFO (CarpetX):   average cell updates per second: 163252
INFO (CarpetX): OutputGH: iteration 43, time 0.167969, run time 1 s
INFO (CarpetX): OutputGH done.
INFO (CarpetX): Simulation time: 0.167969   Iterations per second: 40.1897   Simulation time per second: 0.156991
INFO (CarpetX): Grid cells: 4096   Grid cell updates per second: 164617
INFO (CarpetX): Performance:
INFO (CarpetX):   total evolution time:            1.07883 sec
INFO (CarpetX):   total evolution compute time:    1.07783 sec
INFO (CarpetX):   total evolution output time:     0.00100231 sec
INFO (CarpetX):   total iterations:                43
INFO (CarpetX):   total cells updated:             176128
INFO (CarpetX):   average iterations per second: 39.858
INFO (CarpetX):   average cell updates per second: 163258
INFO (CarpetX): OutputGH: iteration 44, time 0.171875, run time 1 s
INFO (CarpetX): OutputGH done.
INFO (CarpetX): Simulation time: 0.171875   Iterations per second: 40.2334   Simulation time per second: 0.157162
INFO (CarpetX): Grid cells: 4096   Grid cell updates per second: 164796
INFO (CarpetX): Performance:
INFO (CarpetX):   total evolution time:            1.10344 sec
INFO (CarpetX):   total evolution compute time:    1.10242 sec
INFO (CarpetX):   total evolution output time:     0.00102448 sec
INFO (CarpetX):   total iterations:                44
INFO (CarpetX):   total cells updated:             180224
INFO (CarpetX):   average iterations per second: 39.8753
INFO (CarpetX):   average cell updates per second: 163329
INFO (CarpetX): OutputGH: iteration 45, time 0.175781, run time 1 s
INFO (CarpetX): OutputGH done.
INFO (CarpetX): Simulation time: 0.175781   Iterations per second: 40.2491   Simulation time per second: 0.157223
INFO (CarpetX): Grid cells: 4096   Grid cell updates per second: 164860
INFO (CarpetX): Performance:
INFO (CarpetX):   total evolution time:            1.1282 sec
INFO (CarpetX):   total evolution compute time:    1.12715 sec
INFO (CarpetX):   total evolution output time:     0.00104928 sec
INFO (CarpetX):   total iterations:                45
INFO (CarpetX):   total cells updated:             184320
INFO (CarpetX):   average iterations per second: 39.8866
INFO (CarpetX):   average cell updates per second: 163375
INFO (CarpetX): OutputGH: iteration 46, time 0.179688, run time 1 s
INFO (CarpetX): OutputGH done.
INFO (CarpetX): Simulation time: 0.179688   Iterations per second: 40.26   Simulation time per second: 0.157266
INFO (CarpetX): Grid cells: 4096   Grid cell updates per second: 164905
INFO (CarpetX): Performance:
INFO (CarpetX):   total evolution time:            1.15298 sec
INFO (CarpetX):   total evolution compute time:    1.1519 sec
INFO (CarpetX):   total evolution output time:     0.00107527 sec
INFO (CarpetX):   total iterations:                46
INFO (CarpetX):   total cells updated:             188416
INFO (CarpetX):   average iterations per second: 39.8967
INFO (CarpetX):   average cell updates per second: 163417
INFO (CarpetX): OutputGH: iteration 47, time 0.183594, run time 1 s
INFO (CarpetX): OutputGH done.
INFO (CarpetX): Simulation time: 0.183594   Iterations per second: 40.3099   Simulation time per second: 0.157461
INFO (CarpetX): Grid cells: 4096   Grid cell updates per second: 165109
INFO (CarpetX): Performance:
INFO (CarpetX):   total evolution time:            1.17751 sec
INFO (CarpetX):   total evolution compute time:    1.17641 sec
INFO (CarpetX):   total evolution output time:     0.00109529 sec
INFO (CarpetX):   total iterations:                47
INFO (CarpetX):   total cells updated:             192512
INFO (CarpetX):   average iterations per second: 39.9148
INFO (CarpetX):   average cell updates per second: 163491
INFO (CarpetX): OutputGH: iteration 48, time 0.187500, run time 1 s
INFO (CarpetX): OutputGH done.
INFO (CarpetX): Simulation time: 0.1875   Iterations per second: 40.323   Simulation time per second: 0.157512
INFO (CarpetX): Grid cells: 4096   Grid cell updates per second: 165163
INFO (CarpetX): Performance:
INFO (CarpetX):   total evolution time:            1.20223 sec
INFO (CarpetX):   total evolution compute time:    1.20112 sec
INFO (CarpetX):   total evolution output time:     0.00111532 sec
INFO (CarpetX):   total iterations:                48
INFO (CarpetX):   total cells updated:             196608
INFO (CarpetX):   average iterations per second: 39.9256
INFO (CarpetX):   average cell updates per second: 163535
INFO (CarpetX): OutputGH: iteration 49, time 0.191406, run time 1 s
INFO (CarpetX): OutputGH done.
INFO (CarpetX): Simulation time: 0.191406   Iterations per second: 40.2967   Simulation time per second: 0.157409
INFO (CarpetX): Grid cells: 4096   Grid cell updates per second: 165055
INFO (CarpetX): Performance:
INFO (CarpetX):   total evolution time:            1.2272 sec
INFO (CarpetX):   total evolution compute time:    1.22606 sec
INFO (CarpetX):   total evolution output time:     0.00114036 sec
INFO (CarpetX):   total iterations:                49
INFO (CarpetX):   total cells updated:             200704
INFO (CarpetX):   average iterations per second: 39.9284
INFO (CarpetX):   average cell updates per second: 163547
INFO (CarpetX): OutputGH: iteration 50, time 0.195312, run time 1 s
INFO (CarpetX): OutputGH done.
INFO (CarpetX): Simulation time: 0.195312   Iterations per second: 40.2803   Simulation time per second: 0.157345
INFO (CarpetX): Grid cells: 4096   Grid cell updates per second: 164988
INFO (CarpetX): Performance:
INFO (CarpetX):   total evolution time:            1.25211 sec
INFO (CarpetX):   total evolution compute time:    1.25095 sec
INFO (CarpetX):   total evolution output time:     0.0011642 sec
INFO (CarpetX):   total iterations:                50
INFO (CarpetX):   total cells updated:             204800
INFO (CarpetX):   average iterations per second: 39.9325
INFO (CarpetX):   average cell updates per second: 163563
INFO (CarpetX): OutputGH: iteration 51, time 0.199219, run time 1 s
INFO (CarpetX): OutputGH done.
INFO (CarpetX): Simulation time: 0.199219   Iterations per second: 40.2837   Simulation time per second: 0.157358
INFO (CarpetX): Grid cells: 4096   Grid cell updates per second: 165002
INFO (CarpetX): Performance:
INFO (CarpetX):   total evolution time:            1.27692 sec
INFO (CarpetX):   total evolution compute time:    1.27573 sec
INFO (CarpetX):   total evolution output time:     0.00118613 sec
INFO (CarpetX):   total iterations:                51
INFO (CarpetX):   total cells updated:             208896
INFO (CarpetX):   average iterations per second: 39.9399
INFO (CarpetX):   average cell updates per second: 163594
INFO (CarpetX): OutputGH: iteration 52, time 0.203125, run time 1 s
INFO (CarpetX): OutputGH done.
INFO (CarpetX): Simulation time: 0.203125   Iterations per second: 40.2727   Simulation time per second: 0.157315
INFO (CarpetX): Grid cells: 4096   Grid cell updates per second: 164957
INFO (CarpetX): Performance:
INFO (CarpetX):   total evolution time:            1.30181 sec
INFO (CarpetX):   total evolution compute time:    1.3006 sec
INFO (CarpetX):   total evolution output time:     0.00120902 sec
INFO (CarpetX):   total iterations:                52
INFO (CarpetX):   total cells updated:             212992
INFO (CarpetX):   average iterations per second: 39.9444
INFO (CarpetX):   average cell updates per second: 163612
INFO (CarpetX): OutputGH: iteration 53, time 0.207031, run time 2 s
INFO (CarpetX): OutputGH done.
INFO (CarpetX): Simulation time: 0.207031   Iterations per second: 40.1721   Simulation time per second: 0.156922
INFO (CarpetX): Grid cells: 4096   Grid cell updates per second: 164545
INFO (CarpetX): Performance:
INFO (CarpetX):   total evolution time:            1.32726 sec
INFO (CarpetX):   total evolution compute time:    1.32603 sec
INFO (CarpetX):   total evolution output time:     0.0012331 sec
INFO (CarpetX):   total iterations:                53
INFO (CarpetX):   total cells updated:             217088
INFO (CarpetX):   average iterations per second: 39.9318
INFO (CarpetX):   average cell updates per second: 163561
INFO (CarpetX): OutputGH: iteration 54, time 0.210938, run time 2 s
INFO (CarpetX): OutputGH done.
INFO (CarpetX): Simulation time: 0.210938   Iterations per second: 40.1703   Simulation time per second: 0.156915
INFO (CarpetX): Grid cells: 4096   Grid cell updates per second: 164538
INFO (CarpetX): Performance:
INFO (CarpetX):   total evolution time:            1.35217 sec
INFO (CarpetX):   total evolution compute time:    1.35091 sec
INFO (CarpetX):   total evolution output time:     0.00125599 sec
INFO (CarpetX):   total iterations:                54
INFO (CarpetX):   total cells updated:             221184
INFO (CarpetX):   average iterations per second: 39.9359
INFO (CarpetX):   average cell updates per second: 163577
INFO (CarpetX): OutputGH: iteration 55, time 0.214844, run time 2 s
INFO (CarpetX): OutputGH done.
INFO (CarpetX): Simulation time: 0.214844   Iterations per second: 40.1099   Simulation time per second: 0.156679
INFO (CarpetX): Grid cells: 4096   Grid cell updates per second: 164290
INFO (CarpetX): Performance:
INFO (CarpetX):   total evolution time:            1.37744 sec
INFO (CarpetX):   total evolution compute time:    1.37616 sec
INFO (CarpetX):   total evolution output time:     0.00127912 sec
INFO (CarpetX):   total iterations:                55
INFO (CarpetX):   total cells updated:             225280
INFO (CarpetX):   average iterations per second: 39.9293
INFO (CarpetX):   average cell updates per second: 163550
INFO (CarpetX): OutputGH: iteration 56, time 0.218750, run time 2 s
INFO (CarpetX): OutputGH done.
INFO (CarpetX): Simulation time: 0.21875   Iterations per second: 40.083   Simulation time per second: 0.156574
INFO (CarpetX): Grid cells: 4096   Grid cell updates per second: 164180
INFO (CarpetX): Performance:
INFO (CarpetX):   total evolution time:            1.40253 sec
INFO (CarpetX):   total evolution compute time:    1.40123 sec
INFO (CarpetX):   total evolution output time:     0.0013051 sec
INFO (CarpetX):   total iterations:                56
INFO (CarpetX):   total cells updated:             229376
INFO (CarpetX):   average iterations per second: 39.9277
INFO (CarpetX):   average cell updates per second: 163544
INFO (CarpetX): OutputGH: iteration 57, time 0.222656, run time 2 s
INFO (CarpetX): OutputGH done.
INFO (CarpetX): Simulation time: 0.222656   Iterations per second: 40.0503   Simulation time per second: 0.156446
INFO (CarpetX): Grid cells: 4096   Grid cell updates per second: 164046
INFO (CarpetX): Performance:
INFO (CarpetX):   total evolution time:            1.42769 sec
INFO (CarpetX):   total evolution compute time:    1.42636 sec
INFO (CarpetX):   total evolution output time:     0.00132704 sec
INFO (CarpetX):   total iterations:                57
INFO (CarpetX):   total cells updated:             233472
INFO (CarpetX):   average iterations per second: 39.9247
INFO (CarpetX):   average cell updates per second: 163532
INFO (CarpetX): OutputGH: iteration 58, time 0.226562, run time 2 s
INFO (CarpetX): OutputGH done.
INFO (CarpetX): Simulation time: 0.226562   Iterations per second: 39.9282   Simulation time per second: 0.15597
INFO (CarpetX): Grid cells: 4096   Grid cell updates per second: 163546
INFO (CarpetX): Performance:
INFO (CarpetX):   total evolution time:            1.45342 sec
INFO (CarpetX):   total evolution compute time:    1.45207 sec
INFO (CarpetX):   total evolution output time:     0.00135016 sec
INFO (CarpetX):   total iterations:                58
INFO (CarpetX):   total cells updated:             237568
INFO (CarpetX):   average iterations per second: 39.9059
INFO (CarpetX):   average cell updates per second: 163455
INFO (CarpetX): OutputGH: iteration 59, time 0.230469, run time 2 s
INFO (CarpetX): OutputGH done.
INFO (CarpetX): Simulation time: 0.230469   Iterations per second: 39.9812   Simulation time per second: 0.156176
INFO (CarpetX): Grid cells: 4096   Grid cell updates per second: 163763
INFO (CarpetX): Performance:
INFO (CarpetX):   total evolution time:            1.47813 sec
INFO (CarpetX):   total evolution compute time:    1.47676 sec
INFO (CarpetX):   total evolution output time:     0.00137329 sec
INFO (CarpetX):   total iterations:                59
INFO (CarpetX):   total cells updated:             241664
INFO (CarpetX):   average iterations per second: 39.9152
INFO (CarpetX):   average cell updates per second: 163493
INFO (CarpetX): OutputGH: iteration 60, time 0.234375, run time 2 s
INFO (CarpetX): OutputGH done.
INFO (CarpetX): Simulation time: 0.234375   Iterations per second: 40.055   Simulation time per second: 0.156465
INFO (CarpetX): Grid cells: 4096   Grid cell updates per second: 164065
INFO (CarpetX): Performance:
INFO (CarpetX):   total evolution time:            1.50268 sec
INFO (CarpetX):   total evolution compute time:    1.50129 sec
INFO (CarpetX):   total evolution output time:     0.00139642 sec
INFO (CarpetX):   total iterations:                60
INFO (CarpetX):   total cells updated:             245760
INFO (CarpetX):   average iterations per second: 39.9286
INFO (CarpetX):   average cell updates per second: 163547
INFO (CarpetX): OutputGH: iteration 61, time 0.238281, run time 2 s
INFO (CarpetX): OutputGH done.
INFO (CarpetX): Simulation time: 0.238281   Iterations per second: 40.0541   Simulation time per second: 0.156461
INFO (CarpetX): Grid cells: 4096   Grid cell updates per second: 164062
INFO (CarpetX): Performance:
INFO (CarpetX):   total evolution time:            1.52765 sec
INFO (CarpetX):   total evolution compute time:    1.52623 sec
INFO (CarpetX):   total evolution output time:     0.00141954 sec
INFO (CarpetX):   total iterations:                61
INFO (CarpetX):   total cells updated:             249856
INFO (CarpetX):   average iterations per second: 39.9305
INFO (CarpetX):   average cell updates per second: 163555
INFO (CarpetX): OutputGH: iteration 62, time 0.242188, run time 2 s
INFO (CarpetX): OutputGH done.
INFO (CarpetX): Simulation time: 0.242188   Iterations per second: 40.0848   Simulation time per second: 0.156581
INFO (CarpetX): Grid cells: 4096   Grid cell updates per second: 164187
INFO (CarpetX): Performance:
INFO (CarpetX):   total evolution time:            1.55243 sec
INFO (CarpetX):   total evolution compute time:    1.55098 sec
INFO (CarpetX):   total evolution output time:     0.00144458 sec
INFO (CarpetX):   total iterations:                62
INFO (CarpetX):   total cells updated:             253952
INFO (CarpetX):   average iterations per second: 39.9374
INFO (CarpetX):   average cell updates per second: 163584
INFO (CarpetX): OutputGH: iteration 63, time 0.246094, run time 2 s
INFO (CarpetX): OutputGH done.
INFO (CarpetX): Simulation time: 0.246094   Iterations per second: 40.071   Simulation time per second: 0.156527
INFO (CarpetX): Grid cells: 4096   Grid cell updates per second: 164131
INFO (CarpetX): Performance:
INFO (CarpetX):   total evolution time:            1.57746 sec
INFO (CarpetX):   total evolution compute time:    1.57599 sec
INFO (CarpetX):   total evolution output time:     0.00147057 sec
INFO (CarpetX):   total iterations:                63
INFO (CarpetX):   total cells updated:             258048
INFO (CarpetX):   average iterations per second: 39.9376
INFO (CarpetX):   average cell updates per second: 163584
INFO (CarpetX): OutputGH: iteration 64, time 0.250000, run time 2 s
INFO (CarpetX): OutputGH done.
INFO (CarpetX): Simulation time: 0.25   Iterations per second: 38.2769   Simulation time per second: 0.149519
INFO (CarpetX): Grid cells: 4096   Grid cell updates per second: 156782
INFO (CarpetX): Performance:
INFO (CarpetX):   total evolution time:            1.61411 sec
INFO (CarpetX):   total evolution compute time:    1.6029 sec
INFO (CarpetX):   total evolution output time:     0.0112176 sec
INFO (CarpetX):   total iterations:                64
INFO (CarpetX):   total cells updated:             262144
INFO (CarpetX):   average iterations per second: 39.6502
INFO (CarpetX):   average cell updates per second: 162407
INFO (CarpetX): Shutting down...
AMReX (25.11) finalized
--------------------------------------------------------------------------------
Done.

real	0m1.978s
user	0m3.221s
sys	0m0.233s
+ echo Stopping:
Stopping:
+ date
Wed Jan 28 09:21:20 PM UTC 2026
+ echo Done.
Done.
  Elapsed time: 2.0 s
