/__w/canudax-tests/workspace/simulations/TestJob01_temp_2/output-0000/TEST/sim/CanudaX_BSSNMoL
Preparing:
+ set -e
+ cd output-0000-active
+ echo Checking:
Checking:
+ pwd
/__w/canudax-tests/workspace/simulations/TestJob01_temp_2/output-0000/TEST/sim/CanudaX_BSSNMoL/output-0000-active
+ hostname
fe4a5cacbf60
+ date
Mon Feb  9 03:25:41 AM UTC 2026
+ echo Environment:
Environment:
+ export SIMULATION_ID=simulation-TestJob01_temp_2-actions-cpu-real64-actions-root-2026.02.09-03.25.40-14233
+ SIMULATION_ID=simulation-TestJob01_temp_2-actions-cpu-real64-actions-root-2026.02.09-03.25.40-14233
+ export CACTUS_NUM_PROCS=2
+ CACTUS_NUM_PROCS=2
+ export CACTUS_NUM_THREADS=1
+ CACTUS_NUM_THREADS=1
+ export CACTUS_SET_THREAD_BINDINGS=0
+ CACTUS_SET_THREAD_BINDINGS=0
+ export GLIBCXX_FORCE_NEW=1
+ GLIBCXX_FORCE_NEW=1
+ export GMON_OUT_PREFIX=gmon.out
+ GMON_OUT_PREFIX=gmon.out
+ export OMP_DISPLAY_ENV=TRUE
+ OMP_DISPLAY_ENV=TRUE
+ export OMP_MAX_TASKS=100
+ OMP_MAX_TASKS=100
+ export OMP_NUM_THREADS=1
+ OMP_NUM_THREADS=1
+ export OMP_PLACES=cores
+ OMP_PLACES=cores
+ export OMP_PROC_BIND=FALSE
+ OMP_PROC_BIND=FALSE
+ export OMP_STACKSIZE=8192
+ OMP_STACKSIZE=8192
+ env
+ sort
+ echo Starting:
Starting:
++ date +%s
+ export CACTUS_STARTTIME=1770607541
+ CACTUS_STARTTIME=1770607541
+ mpiexec -n 2 /__w/canudax-tests/workspace/simulations/TestJob01_temp_2/SIMFACTORY/exe/cactus_sim -L 3 /__w/canudax-tests/workspace/simulations/TestJob01_temp_2/output-0000/arrangements/CanudaX_Lean/CanudaX_BSSNMoL/test/gaugewave.par

OPENMP DISPLAY ENVIRONMENT BEGIN
  _OPENMP = '201511'
  [host] OMP_DYNAMIC = 'FALSE'
  [host] OMP_NESTED = 'FALSE'
  [host] OMP_NUM_THREADS = '1'
  [host] OMP_SCHEDULE = 'DYNAMIC'
  [host] OMP_PROC_BIND = 'FALSE'
  [host] OMP_PLACES = ''
  [host] OMP_STACKSIZE = '8388608'
  [host] OMP_WAIT_POLICY = 'PASSIVE'
  [host] OMP_THREAD_LIMIT = '4294967295'
  [host] OMP_MAX_ACTIVE_LEVELS = '1'
  [host] OMP_NUM_TEAMS = '0'
  [host] OMP_TEAMS_THREAD_LIMIT = '0'
  [all] OMP_CANCELLATION = 'FALSE'
  [all] OMP_DEFAULT_DEVICE = '0'
  [all] OMP_MAX_TASK_PRIORITY = '0'
  [all] OMP_DISPLAY_AFFINITY = 'FALSE'
  [host] OMP_AFFINITY_FORMAT = 'level %L thread %i affinity %A'
  [host] OMP_ALLOCATOR = 'omp_default_mem_alloc'
  [all] OMP_TARGET_OFFLOAD = 'DEFAULT'
OPENMP DISPLAY ENVIRONMENT END

OPENMP DISPLAY ENVIRONMENT BEGIN
  _OPENMP = '201511'
  [host] OMP_DYNAMIC = 'FALSE'
  [host] OMP_NESTED = 'FALSE'
  [host] OMP_NUM_THREADS = '1'
  [host] OMP_SCHEDULE = 'DYNAMIC'
  [host] OMP_PROC_BIND = 'FALSE'
  [host] OMP_PLACES = ''
  [host] OMP_STACKSIZE = '8388608'
  [host] OMP_WAIT_POLICY = 'PASSIVE'
  [host] OMP_THREAD_LIMIT = '4294967295'
  [host] OMP_MAX_ACTIVE_LEVELS = '1'
  [host] OMP_NUM_TEAMS = '0'
  [host] OMP_TEAMS_THREAD_LIMIT = '0'
  [all] OMP_CANCELLATION = 'FALSE'
  [all] OMP_DEFAULT_DEVICE = '0'
  [all] OMP_MAX_TASK_PRIORITY = '0'
  [all] OMP_DISPLAY_AFFINITY = 'FALSE'
  [host] OMP_AFFINITY_FORMAT = 'level %L thread %i affinity %A'
  [host] OMP_ALLOCATOR = 'omp_default_mem_alloc'
  [all] OMP_TARGET_OFFLOAD = 'DEFAULT'
OPENMP DISPLAY ENVIRONMENT END
INFO (Cactus): Increased logging level from 0 to 3
--------------------------------------------------------------------------------

       10                                  
  1   0101       ************************  
  01  1010 10      The Cactus Code V4.18.0    
 1010 1101 011      www.cactuscode.org     
  1001 100101    ************************  
    00010101                               
     100011     (c) Copyright The Authors  
      0100      GNU Licensed. No Warranty  
      0101                                 
--------------------------------------------------------------------------------

Cactus version:    4.18.0
Compile date:      Feb 09 2026 (03:22:41)
Run date:          Feb 09 2026 (03:25:41+0000)
Run host:          fe4a5cacbf60 (pid=14281)
Working directory: /__w/canudax-tests/workspace/simulations/TestJob01_temp_2/output-0000/TEST/sim/CanudaX_BSSNMoL
Executable:        /__w/canudax-tests/workspace/simulations/TestJob01_temp_2/SIMFACTORY/exe/cactus_sim
Parameter file:    /__w/canudax-tests/workspace/simulations/TestJob01_temp_2/output-0000/arrangements/CanudaX_Lean/CanudaX_BSSNMoL/test/gaugewave.par
--------------------------------------------------------------------------------

Activating thorn Cactus...Success -> active implementation Cactus
Activation requested for 
--->ADMBaseX CanudaX_BSSNMoL CanudaX_ExactID CarpetX ErrorEstimator IOUtil ODESolvers TmunuBaseX<---
Thorn ADMBaseX requests automatic activation of Loop
Thorn CanudaX_ExactID requests automatic activation of GSL
Thorn CarpetX requests automatic activation of AMReX
Thorn CarpetX requests automatic activation of MPI
Thorn CarpetX requests automatic activation of yaml_cpp
Thorn CarpetX requests automatic activation of zlib
Thorn CarpetX requests automatic activation of Arith
Thorn CarpetX requests automatic activation of CarpetXRegrid
Thorn CarpetX requests automatic activation of ADIOS2
Thorn CarpetX requests automatic activation of openPMD
Thorn CarpetX requests automatic activation of Silo
Thorn Arith requests automatic activation of NSIMD
Thorn MPI requests automatic activation of hwloc
Thorn openPMD requests automatic activation of HDF5
Activating thorn ADIOS2...Success -> active implementation ADIOS2
Activating thorn ADMBaseX...Success -> active implementation ADMBaseX
Activating thorn AMReX...Success -> active implementation AMReX
Activating thorn Arith...Success -> active implementation Arith
Activating thorn CanudaX_BSSNMoL...Success -> active implementation CanudaX_BSSNMoL
Activating thorn CanudaX_ExactID...Success -> active implementation CanudaX_ExactID
Activating thorn CarpetX...Success -> active implementation Driver
Activating thorn CarpetXRegrid...Success -> active implementation CarpetXRegrid
Activating thorn ErrorEstimator...Success -> active implementation ErrorEstimator
Activating thorn GSL...Success -> active implementation GSL
Activating thorn HDF5...Success -> active implementation HDF5
Activating thorn hwloc...Success -> active implementation hwloc
Activating thorn IOUtil...Success -> active implementation IO
Activating thorn Loop...Success -> active implementation Loop
Activating thorn MPI...Success -> active implementation MPI
Activating thorn NSIMD...Success -> active implementation NSIMD
Activating thorn ODESolvers...Success -> active implementation ODESolvers
Activating thorn openPMD...Success -> active implementation openPMD
Activating thorn Silo...Success -> active implementation Silo
Activating thorn TmunuBaseX...Success -> active implementation TmunuBaseX
Activating thorn yaml_cpp...Success -> active implementation yaml_cpp
Activating thorn zlib...Success -> active implementation zlib
--------------------------------------------------------------------------------
  if (recover initial data)
    Recover parameters
  endif

  Startup routines
    [CCTK_STARTUP]
      CarpetX::Driver_Startup: Start up the driver
      IOUtil::IOUtil_Startup: Startup routine
      GROUP hwloc_startup: hwloc startup group
        hwloc::hwloc_version: Output hwloc version

  Startup routines which need an existing grid hierarchy
    [CCTK_WRAGH]
      Arith::Test_smallvector: [meta] Test small vectors
      Arith::Test_spvect: [meta] Test sparse vectors
      ODESolvers::ODESolvers_InitConstants: [global] Set up dummy loop counters for schedule printout
  Parameter checking routines
    [CCTK_PARAMCHECK]
      CanudaX_BSSNMoL::CanudaX_BSSNMoL_paramcheck: Check CanudaX_BSSNMoL parameters for consistency

  Initialisation
    if (NOT (recover initial data AND recovery_mode is 'strict'))
      [CCTK_PREREGRIDINITIAL]
      Set up grid hierarchy
      [CCTK_POSTREGRIDINITIAL]
      [CCTK_BASEGRID]
        CarpetXRegrid::CarpetXRegrid_InitError: Initialize regridding error to zero
        GROUP ODESolvers_BaseGrid: Set up constants (e.g. coordinates) everywhere on the grid
      [CCTK_INITIAL]
        GROUP ODESolvers_Initial: Set up initial conditions on interior of state vector
          GROUP ADMBaseX_InitialData: Schedule group for calculating ADM initial data
            GROUP ExactID_Group: ExactID initial data group
              CanudaX_ExactID::GaugeWave_ID: [local] Create gauge wave initial data
          GROUP ADMBaseX_InitialGauge: Schedule group for the ADM initial gauge condition
            ADMBaseX::ADMBaseX_initial_dtlapse: Set dtlapse to zero
            ADMBaseX::ADMBaseX_initial_dtshift: Set dtshift to zero
          GROUP ADMBaseX_PostInitial: Schedule group for modifying the ADM initial data, such as e.g. adding noise
          GROUP CanudaX_BSSNMoL_InitialGroup: CanudaX_BSSNMoL: initial bin
            CanudaX_BSSNMoL::CanudaX_BSSNMoL_adm2bssn: [local] Convert initial data into BSSN variables
            CanudaX_BSSNMoL::CanudaX_BSSNMoL_gammat: [local] Set Gammat initial data
        GROUP TmunuBaseX_SetTmunuVars: Schedule group for setting T_munu
          TmunuBaseX::TmunuBaseX_ZeroTmunu: Set T_munu to zero
          GROUP TmunuBaseX_AddToTmunu: Add to T_munu here
        GROUP CanudaX_BSSNMoL_PostStepGroup: CanudaX_BSSNMoL: post-step operations
          CanudaX_BSSNMoL::CanudaX_BSSNMoL_impose_conf_fac_floor: Make sure conformal factor does not drop below specified value
          CanudaX_BSSNMoL::CanudaX_BSSNMoL_reset_detmetric: reset dethh = 1
          CanudaX_BSSNMoL::CanudaX_BSSNMoL_remove_trA: Remove trace of A
          CanudaX_BSSNMoL::CanudaX_BSSNMoL_sync: [global] Sync state vector
          CanudaX_BSSNMoL::CanudaX_BSSNMoL_bssn2adm: [local] Convert variables back to the ADM ones
      [CCTK_POSTINITIAL]
        ErrorEstimator::EstimateError: Estimate error
        GROUP ODESolvers_PostStep: Apply boundary conditions to state vector, and project if necessary
          GROUP CanudaX_BSSNMoL_PostStepGroup: CanudaX_BSSNMoL: post-step operations
            CanudaX_BSSNMoL::CanudaX_BSSNMoL_impose_conf_fac_floor: Make sure conformal factor does not drop below specified value
            CanudaX_BSSNMoL::CanudaX_BSSNMoL_reset_detmetric: reset dethh = 1
            CanudaX_BSSNMoL::CanudaX_BSSNMoL_remove_trA: Remove trace of A
            CanudaX_BSSNMoL::CanudaX_BSSNMoL_sync: [global] Sync state vector
            CanudaX_BSSNMoL::CanudaX_BSSNMoL_bssn2adm: [local] Convert variables back to the ADM ones
          GROUP ADMBaseX_SetADMRHS: Set ADM RHS variables in this group
          GROUP ADMBaseX_SetADMVars: Set ADM variables in this group
          GROUP TmunuBaseX_SetTmunuVars: Schedule group for setting T_munu
            TmunuBaseX::TmunuBaseX_ZeroTmunu: Set T_munu to zero
            GROUP TmunuBaseX_AddToTmunu: Add to T_munu here
        GROUP ODESolvers_EstimateError: Estimate discretization error (for regridding)
      Initialise finer grids recursively
      Restrict from finer grids
      [CCTK_POSTRESTRICTINITIAL]
      [CCTK_POSTPOSTINITIAL]
      [CCTK_POSTSTEP]
        ErrorEstimator::EstimateError: Estimate error
        GROUP ODESolvers_EstimateError: Estimate discretization error (for regridding)
    endif
    if (recover initial data)
      [CCTK_BASEGRID]
        CarpetXRegrid::CarpetXRegrid_InitError: Initialize regridding error to zero
        GROUP ODESolvers_BaseGrid: Set up constants (e.g. coordinates) everywhere on the grid
      [CCTK_RECOVER_VARIABLES]
      [CCTK_POST_RECOVER_VARIABLES]
        GROUP ODESolvers_PostStep: Apply boundary conditions to state vector, and project if necessary
          GROUP CanudaX_BSSNMoL_PostStepGroup: CanudaX_BSSNMoL: post-step operations
            CanudaX_BSSNMoL::CanudaX_BSSNMoL_impose_conf_fac_floor: Make sure conformal factor does not drop below specified value
            CanudaX_BSSNMoL::CanudaX_BSSNMoL_reset_detmetric: reset dethh = 1
            CanudaX_BSSNMoL::CanudaX_BSSNMoL_remove_trA: Remove trace of A
            CanudaX_BSSNMoL::CanudaX_BSSNMoL_sync: [global] Sync state vector
            CanudaX_BSSNMoL::CanudaX_BSSNMoL_bssn2adm: [local] Convert variables back to the ADM ones
          GROUP ADMBaseX_SetADMRHS: Set ADM RHS variables in this group
          GROUP ADMBaseX_SetADMVars: Set ADM variables in this group
          GROUP TmunuBaseX_SetTmunuVars: Schedule group for setting T_munu
            TmunuBaseX::TmunuBaseX_ZeroTmunu: Set T_munu to zero
            GROUP TmunuBaseX_AddToTmunu: Add to T_munu here
        GROUP ODESolvers_EstimateError: Estimate discretization error (for regridding)
    endif
    if (checkpoint initial data)
      [CCTK_CPINITIAL]
        CarpetX::CarpetX_CheckpointInitial: [meta] Checkpoint initial conditions
    endif
    if (analysis)
      [CCTK_ANALYSIS]
        CanudaX_BSSNMoL::CanudaX_BSSNMoL_bssn_constraints: Compute constraints
        GROUP ODESolvers_Analysis: Calculate analysis quantities everywhere
  endif
  Output grid variables

  do loop over timesteps
    [CCTK_PREREGRID]
    Change grid hierarchy
    [CCTK_POSTREGRID]
      GROUP ODESolvers_PostStep: Apply boundary conditions to state vector, and project if necessary
        GROUP CanudaX_BSSNMoL_PostStepGroup: CanudaX_BSSNMoL: post-step operations
          CanudaX_BSSNMoL::CanudaX_BSSNMoL_impose_conf_fac_floor: Make sure conformal factor does not drop below specified value
          CanudaX_BSSNMoL::CanudaX_BSSNMoL_reset_detmetric: reset dethh = 1
          CanudaX_BSSNMoL::CanudaX_BSSNMoL_remove_trA: Remove trace of A
          CanudaX_BSSNMoL::CanudaX_BSSNMoL_sync: [global] Sync state vector
          CanudaX_BSSNMoL::CanudaX_BSSNMoL_bssn2adm: [local] Convert variables back to the ADM ones
        GROUP ADMBaseX_SetADMRHS: Set ADM RHS variables in this group
        GROUP ADMBaseX_SetADMVars: Set ADM variables in this group
        GROUP TmunuBaseX_SetTmunuVars: Schedule group for setting T_munu
          TmunuBaseX::TmunuBaseX_ZeroTmunu: Set T_munu to zero
          GROUP TmunuBaseX_AddToTmunu: Add to T_munu here
    Rotate timelevels
    iteration = iteration+1
    t = t+dt
    [CCTK_PRESTEP]
    [CCTK_EVOL]
      ODESolvers::ODESolvers_Solve: [level] Solve ODEs
      while (ODESolvers::do_substeps)
        GROUP ODESolvers_CalledBySolve: Groups internally scheduled by ODESolvers_Solve
          GROUP ODESolvers_RHS: Evaluate the RHS for of state vector everywhere on the grid
            GROUP CanudaX_BSSNMoL_RHSGroup: CanudaX_BSSNMoL: calculate BSSN RHS
              CanudaX_BSSNMoL::CanudaX_BSSNMoL_calc_bssn_rhs: MoL RHS calculation
              CanudaX_BSSNMoL::CanudaX_BSSNMoL_apply_boundary_conditions: Apply radiative boundary conditions 
          GROUP ODESolvers_PostStep: Apply boundary conditions to state vector, and project if necessary
            GROUP CanudaX_BSSNMoL_PostStepGroup: CanudaX_BSSNMoL: post-step operations
              CanudaX_BSSNMoL::CanudaX_BSSNMoL_impose_conf_fac_floor: Make sure conformal factor does not drop below specified value
              CanudaX_BSSNMoL::CanudaX_BSSNMoL_reset_detmetric: reset dethh = 1
              CanudaX_BSSNMoL::CanudaX_BSSNMoL_remove_trA: Remove trace of A
              CanudaX_BSSNMoL::CanudaX_BSSNMoL_sync: [global] Sync state vector
              CanudaX_BSSNMoL::CanudaX_BSSNMoL_bssn2adm: [local] Convert variables back to the ADM ones
            GROUP ADMBaseX_SetADMRHS: Set ADM RHS variables in this group
            GROUP ADMBaseX_SetADMVars: Set ADM variables in this group
            GROUP TmunuBaseX_SetTmunuVars: Schedule group for setting T_munu
              TmunuBaseX::TmunuBaseX_ZeroTmunu: Set T_munu to zero
              GROUP TmunuBaseX_AddToTmunu: Add to T_munu here
      end while
    Evolve finer grids recursively
    Restrict from finer grids
    [CCTK_POSTRESTRICT]
      GROUP ODESolvers_PostStep: Apply boundary conditions to state vector, and project if necessary
        GROUP CanudaX_BSSNMoL_PostStepGroup: CanudaX_BSSNMoL: post-step operations
          CanudaX_BSSNMoL::CanudaX_BSSNMoL_impose_conf_fac_floor: Make sure conformal factor does not drop below specified value
          CanudaX_BSSNMoL::CanudaX_BSSNMoL_reset_detmetric: reset dethh = 1
          CanudaX_BSSNMoL::CanudaX_BSSNMoL_remove_trA: Remove trace of A
          CanudaX_BSSNMoL::CanudaX_BSSNMoL_sync: [global] Sync state vector
          CanudaX_BSSNMoL::CanudaX_BSSNMoL_bssn2adm: [local] Convert variables back to the ADM ones
        GROUP ADMBaseX_SetADMRHS: Set ADM RHS variables in this group
        GROUP ADMBaseX_SetADMVars: Set ADM variables in this group
        GROUP TmunuBaseX_SetTmunuVars: Schedule group for setting T_munu
          TmunuBaseX::TmunuBaseX_ZeroTmunu: Set T_munu to zero
          GROUP TmunuBaseX_AddToTmunu: Add to T_munu here
    [CCTK_POSTSTEP]
      ErrorEstimator::EstimateError: Estimate error
      GROUP ODESolvers_EstimateError: Estimate discretization error (for regridding)
    if (checkpoint)
      [CCTK_CHECKPOINT]
      CarpetX::CarpetX_Checkpoint: [meta] Checkpoint
    endif
    if (analysis)
      [CCTK_ANALYSIS]
      CanudaX_BSSNMoL::CanudaX_BSSNMoL_bssn_constraints: Compute constraints
      GROUP ODESolvers_Analysis: Calculate analysis quantities everywhere
    endif
    Output grid variables
    enddo

  Termination routines
    [CCTK_TERMINATE]
      CarpetX::CarpetX_CheckpointTerminate: [meta] Checkpoint before terminating

  Shutdown routines
    [CCTK_SHUTDOWN]
      CarpetX::Driver_Shutdown: [meta] Shut down the driver

  Routines run after changing the grid hierarchy:
    [CCTK_POSTREGRID]
      GROUP ODESolvers_PostStep: Apply boundary conditions to state vector, and project if necessary
        GROUP CanudaX_BSSNMoL_PostStepGroup: CanudaX_BSSNMoL: post-step operations
          CanudaX_BSSNMoL::CanudaX_BSSNMoL_impose_conf_fac_floor: Make sure conformal factor does not drop below specified value
          CanudaX_BSSNMoL::CanudaX_BSSNMoL_reset_detmetric: reset dethh = 1
          CanudaX_BSSNMoL::CanudaX_BSSNMoL_remove_trA: Remove trace of A
          CanudaX_BSSNMoL::CanudaX_BSSNMoL_sync: [global] Sync state vector
          CanudaX_BSSNMoL::CanudaX_BSSNMoL_bssn2adm: [local] Convert variables back to the ADM ones
        GROUP ADMBaseX_SetADMRHS: Set ADM RHS variables in this group
        GROUP ADMBaseX_SetADMVars: Set ADM variables in this group
        GROUP TmunuBaseX_SetTmunuVars: Schedule group for setting T_munu
          TmunuBaseX::TmunuBaseX_ZeroTmunu: Set T_munu to zero
          GROUP TmunuBaseX_AddToTmunu: Add to T_munu here
--------------------------------------------------------------------------------
INFO (hwloc): library version 2.10.0, API version 0x20800
--------------------------------------------------------------------------------

  [34m  ▕▏  [34m  ▕▏  [34m  ▕▏  [34m  ▕▏  [34m  ▕▏  [34m  ▕▏  [34m  ▕▏  [34m  ▕▏  [34m  ▕▏  [39m  
  [34m──██──[34m──██──[34m──██──[34m──██──[34m──██──[34m──██──[34m──██──[34m──██──[34m──██──[39m  
  [34m  ▕▏  [34m  ▕▏  [34m  ▕▏  [34m  ▕▏  [34m  ▕▏  [34m  ▕▏  [34m  ▕▏  [34m  ▕▏  [34m  ▕▏  [39m  
  [34m  ▕▏  [32m██████[34m  ▕▏  [34m  ▕▏  [32m██████[34m  ▕▏  [34m  ▕▏  [32m██████[34m  ▕▏  [39m  
  [34m──██──[32m██████[34m──██──[34m──██──[32m██████[34m──██──[34m──██──[32m██████[34m──██──[39m  
  [34m  ▕▏  [32m██████[34m  ▕▏  [34m  ▕▏  [32m██████[34m  ▕▏  [34m  ▕▏  [32m██████[34m  ▕▏  [39m  
  [34m  ▕▏  [34m  ▕▏  [34m  ▕▏  [34m  ▕▏  [34m  ▕▏  [34m  ▕▏  [34m  ▕▏  [34m  ▕▏  [34m  ▕▏  [39m  
  [34m──██──[34m──██──[34m──██──[34m──██──[34m──██──[34m──██──[34m──██──[34m──██──[34m──██──[39m  
  [34m  ▕▏  [34m  ▕▏  [34m  ▕▏  [34m  ▕▏  [34m  ▕▏  [34m  ▕▏  [34m  ▕▏  [34m  ▕▏  [34m  ▕▏  [39m  
  [34m  ▕▏  [34m  ▕▏  [34m  ▕▏  [31m██████[31m██████[31m██████[34m  ▕▏  [34m  ▕▏  [34m  ▕▏  [39m  
  [34m──██──[34m──██──[34m──██──[31m██████[31m██████[31m██████[34m──██──[34m──██──[34m──██──[39m  
  [34m  ▕▏  [34m  ▕▏  [34m  ▕▏  [31m██████[31m██████[31m██████[34m  ▕▏  [34m  ▕▏  [34m  ▕▏  [39m  
  [34m  ▕▏  [32m██████[34m  ▕▏  [31m██████[31m██████[31m██████[34m  ▕▏  [32m██████[34m  ▕▏  [39m  
  [34m──██──[32m██████[34m──██──[31m██████[31m██████[31m██████[34m──██──[32m██████[34m──██──[39m  
  [34m  ▕▏  [32m██████[34m  ▕▏  [31m██████[31m██████[31m██████[34m  ▕▏  [32m██████[34m  ▕▏  [39m  
  [34m  ▕▏  [34m  ▕▏  [34m  ▕▏  [31m██████[31m██████[31m██████[34m  ▕▏  [34m  ▕▏  [34m  ▕▏  [39m  
  [34m──██──[34m──██──[34m──██──[31m██████[31m██████[31m██████[34m──██──[34m──██──[34m──██──[39m  
  [34m  ▕▏  [34m  ▕▏  [34m  ▕▏  [31m██████[31m██████[31m██████[34m  ▕▏  [34m  ▕▏  [34m  ▕▏  [39m  
  [34m  ▕▏  [34m  ▕▏  [34m  ▕▏  [34m  ▕▏  [34m  ▕▏  [34m  ▕▏  [34m  ▕▏  [34m  ▕▏  [34m  ▕▏  [39m  
  [34m──██──[34m──██──[34m──██──[34m──██──[34m──██──[34m──██──[34m──██──[34m──██──[34m──██──[39m  
  [34m  ▕▏  [34m  ▕▏  [34m  ▕▏  [34m  ▕▏  [34m  ▕▏  [34m  ▕▏  [34m  ▕▏  [34m  ▕▏  [34m  ▕▏  [39m  
  [34m  ▕▏  [32m██████[34m  ▕▏  [34m  ▕▏  [32m██████[34m  ▕▏  [34m  ▕▏  [32m██████[34m  ▕▏  [39m  
  [34m──██──[32m██████[34m──██──[34m──██──[32m██████[34m──██──[34m──██──[32m██████[34m──██──[39m  
  [34m  ▕▏  [32m██████[34m  ▕▏  [34m  ▕▏  [32m██████[34m  ▕▏  [34m  ▕▏  [32m██████[34m  ▕▏  [39m  
  [34m  ▕▏  [34m  ▕▏  [34m  ▕▏  [34m  ▕▏  [34m  ▕▏  [34m  ▕▏  [34m  ▕▏  [34m  ▕▏  [34m  ▕▏  [39m  
  [34m──██──[34m──██──[34m──██──[34m──██──[34m──██──[34m──██──[34m──██──[34m──██──[34m──██──[39m  
  [34m  ▕▏  [34m  ▕▏  [34m  ▕▏  [34m  ▕▏  [34m  ▕▏  [34m  ▕▏  [34m  ▕▏  [34m  ▕▏  [34m  ▕▏  [39m  

AMR driver provided by CarpetX,
using AMReX 25.11 (MPI, OpenMP, no accelerators, optimized)
--------------------------------------------------------------------------------

Initializing AMReX (25.11)...
MPI initialized with 2 MPI processes
MPI initialized with thread support level 2
OMP initialized with 1 OMP threads
AMReX (25.11) initialized
INFO (CarpetX): 
Symmetries:
  lower x: periodic
  lower y: periodic
  lower z: periodic
  upper x: periodic
  upper y: periodic
  upper z: periodic
Default boundaries:
  lower x: symmetry_boundary
  lower y: symmetry_boundary
  lower z: symmetry_boundary
  upper x: symmetry_boundary
  upper y: symmetry_boundary
  upper z: symmetry_boundary
INFO (Arith): Test_smallvector
INFO (Arith): Test_spvect
INFO (CarpetX): Setting initial values for max_grid_size values for all levels
INFO (CarpetX): Setting up initial conditions...
INFO (CarpetX): Iteration: 0   time: 0   delta_time: 0.00390625
INFO (CarpetX): Patch 0:
INFO (CarpetX):   Grid extent:
INFO (CarpetX):     gsh=[71,15,15]
INFO (CarpetX):     blocking_factor=[8,8,8]
INFO (CarpetX):     max_grid_size=[10000000,10000000,10000000]
INFO (CarpetX):     max_tile_size=[1024000,16,32]
INFO (CarpetX):   Domain extent:
INFO (CarpetX):     xmin=[-0.5,-0.0625,-0.0625]
INFO (CarpetX):     xmax=[0.5,0.0625,0.0625]
INFO (CarpetX):     base dx=[0.015625,0.015625,0.015625]
INFO (CarpetX): Initializing level 0...
INFO (CanudaX_ExactID): Begin Gauge Wave initial data
INFO (CanudaX_ExactID): === End gauge wave initial data ===
INFO (CarpetX): Regridding...
INFO (CarpetX):   level 0: 2 boxes, 4096 cells (100%)
INFO (CarpetX): Initialized 1 levels
INFO (CarpetX): OutputGH: iteration 0, time 0.000000, run time 0 s
INFO (CarpetX): OutputGH done.
INFO (CarpetX): Starting evolution...
INFO (ODESolvers): ODE integrator is RK4
INFO (CarpetX): OutputGH: iteration 1, time 0.003906, run time 0 s
INFO (CarpetX): OutputGH done.
INFO (CarpetX): Simulation time: 0.00390625   Iterations per second: 38.8394   Simulation time per second: 0.151716
INFO (CarpetX): Grid cells: 4096   Grid cell updates per second: 159086
INFO (CarpetX): Performance:
INFO (CarpetX):   total evolution time:            0.0257471 sec
INFO (CarpetX):   total evolution compute time:    0.025723 sec
INFO (CarpetX):   total evolution output time:     2.40803e-05 sec
INFO (CarpetX):   total iterations:                1
INFO (CarpetX):   total cells updated:             4096
INFO (CarpetX):   average iterations per second: 38.8394
INFO (CarpetX):   average cell updates per second: 159086
INFO (CarpetX): OutputGH: iteration 2, time 0.007812, run time 0 s
INFO (CarpetX): OutputGH done.
INFO (CarpetX): Simulation time: 0.0078125   Iterations per second: 40.057   Simulation time per second: 0.156472
INFO (CarpetX): Grid cells: 4096   Grid cell updates per second: 164073
INFO (CarpetX): Performance:
INFO (CarpetX):   total evolution time:            0.0499289 sec
INFO (CarpetX):   total evolution compute time:    0.0498757 sec
INFO (CarpetX):   total evolution output time:     5.31673e-05 sec
INFO (CarpetX):   total iterations:                2
INFO (CarpetX):   total cells updated:             8192
INFO (CarpetX):   average iterations per second: 40.057
INFO (CarpetX):   average cell updates per second: 164073
INFO (CarpetX): OutputGH: iteration 3, time 0.011719, run time 0 s
INFO (CarpetX): OutputGH done.
INFO (CarpetX): Simulation time: 0.0117188   Iterations per second: 40.5542   Simulation time per second: 0.158415
INFO (CarpetX): Grid cells: 4096   Grid cell updates per second: 166110
INFO (CarpetX): Performance:
INFO (CarpetX):   total evolution time:            0.0739751 sec
INFO (CarpetX):   total evolution compute time:    0.0738959 sec
INFO (CarpetX):   total evolution output time:     7.9155e-05 sec
INFO (CarpetX):   total iterations:                3
INFO (CarpetX):   total cells updated:             12288
INFO (CarpetX):   average iterations per second: 40.5542
INFO (CarpetX):   average cell updates per second: 166110
INFO (CarpetX): OutputGH: iteration 4, time 0.015625, run time 0 s
INFO (CarpetX): OutputGH done.
INFO (CarpetX): Simulation time: 0.015625   Iterations per second: 41.002   Simulation time per second: 0.160164
INFO (CarpetX): Grid cells: 4096   Grid cell updates per second: 167944
INFO (CarpetX): Performance:
INFO (CarpetX):   total evolution time:            0.0975561 sec
INFO (CarpetX):   total evolution compute time:    0.0974541 sec
INFO (CarpetX):   total evolution output time:     0.000102043 sec
INFO (CarpetX):   total iterations:                4
INFO (CarpetX):   total cells updated:             16384
INFO (CarpetX):   average iterations per second: 41.002
INFO (CarpetX):   average cell updates per second: 167944
INFO (CarpetX): OutputGH: iteration 5, time 0.019531, run time 0 s
INFO (CarpetX): OutputGH done.
INFO (CarpetX): Simulation time: 0.0195312   Iterations per second: 40.4135   Simulation time per second: 0.157865
INFO (CarpetX): Grid cells: 4096   Grid cell updates per second: 165534
INFO (CarpetX): Performance:
INFO (CarpetX):   total evolution time:            0.123721 sec
INFO (CarpetX):   total evolution compute time:    0.123591 sec
INFO (CarpetX):   total evolution output time:     0.000129938 sec
INFO (CarpetX):   total iterations:                5
INFO (CarpetX):   total cells updated:             20480
INFO (CarpetX):   average iterations per second: 40.4135
INFO (CarpetX):   average cell updates per second: 165534
INFO (CarpetX): OutputGH: iteration 6, time 0.023438, run time 0 s
INFO (CarpetX): OutputGH done.
INFO (CarpetX): Simulation time: 0.0234375   Iterations per second: 40.6903   Simulation time per second: 0.158947
INFO (CarpetX): Grid cells: 4096   Grid cell updates per second: 166668
INFO (CarpetX): Performance:
INFO (CarpetX):   total evolution time:            0.147455 sec
INFO (CarpetX):   total evolution compute time:    0.147305 sec
INFO (CarpetX):   total evolution output time:     0.000149965 sec
INFO (CarpetX):   total iterations:                6
INFO (CarpetX):   total cells updated:             24576
INFO (CarpetX):   average iterations per second: 40.6903
INFO (CarpetX):   average cell updates per second: 166668
INFO (CarpetX): OutputGH: iteration 7, time 0.027344, run time 0 s
INFO (CarpetX): OutputGH done.
INFO (CarpetX): Simulation time: 0.0273438   Iterations per second: 40.9098   Simulation time per second: 0.159804
INFO (CarpetX): Grid cells: 4096   Grid cell updates per second: 167566
INFO (CarpetX): Performance:
INFO (CarpetX):   total evolution time:            0.171108 sec
INFO (CarpetX):   total evolution compute time:    0.170937 sec
INFO (CarpetX):   total evolution output time:     0.000170946 sec
INFO (CarpetX):   total iterations:                7
INFO (CarpetX):   total cells updated:             28672
INFO (CarpetX):   average iterations per second: 40.9098
INFO (CarpetX):   average cell updates per second: 167566
INFO (CarpetX): OutputGH: iteration 8, time 0.031250, run time 0 s
INFO (CarpetX): OutputGH done.
INFO (CarpetX): Simulation time: 0.03125   Iterations per second: 41.041   Simulation time per second: 0.160316
INFO (CarpetX): Grid cells: 4096   Grid cell updates per second: 168104
INFO (CarpetX): Performance:
INFO (CarpetX):   total evolution time:            0.194927 sec
INFO (CarpetX):   total evolution compute time:    0.194731 sec
INFO (CarpetX):   total evolution output time:     0.00019598 sec
INFO (CarpetX):   total iterations:                8
INFO (CarpetX):   total cells updated:             32768
INFO (CarpetX):   average iterations per second: 41.041
INFO (CarpetX):   average cell updates per second: 168104
INFO (CarpetX): OutputGH: iteration 9, time 0.035156, run time 0 s
INFO (CarpetX): OutputGH done.
INFO (CarpetX): Simulation time: 0.0351562   Iterations per second: 40.9511   Simulation time per second: 0.159965
INFO (CarpetX): Grid cells: 4096   Grid cell updates per second: 167736
INFO (CarpetX): Performance:
INFO (CarpetX):   total evolution time:            0.219774 sec
INFO (CarpetX):   total evolution compute time:    0.219548 sec
INFO (CarpetX):   total evolution output time:     0.000225782 sec
INFO (CarpetX):   total iterations:                9
INFO (CarpetX):   total cells updated:             36864
INFO (CarpetX):   average iterations per second: 40.9511
INFO (CarpetX):   average cell updates per second: 167736
INFO (CarpetX): OutputGH: iteration 10, time 0.039062, run time 0 s
INFO (CarpetX): OutputGH done.
INFO (CarpetX): Simulation time: 0.0390625   Iterations per second: 41.0716   Simulation time per second: 0.160436
INFO (CarpetX): Grid cells: 4096   Grid cell updates per second: 168229
INFO (CarpetX): Performance:
INFO (CarpetX):   total evolution time:            0.243477 sec
INFO (CarpetX):   total evolution compute time:    0.243226 sec
INFO (CarpetX):   total evolution output time:     0.00025177 sec
INFO (CarpetX):   total iterations:                10
INFO (CarpetX):   total cells updated:             40960
INFO (CarpetX):   average iterations per second: 41.0716
INFO (CarpetX):   average cell updates per second: 168229
INFO (CarpetX): OutputGH: iteration 11, time 0.042969, run time 0 s
INFO (CarpetX): OutputGH done.
INFO (CarpetX): Simulation time: 0.0429688   Iterations per second: 41.1737   Simulation time per second: 0.160835
INFO (CarpetX): Grid cells: 4096   Grid cell updates per second: 168647
INFO (CarpetX): Performance:
INFO (CarpetX):   total evolution time:            0.267221 sec
INFO (CarpetX):   total evolution compute time:    0.266943 sec
INFO (CarpetX):   total evolution output time:     0.000278711 sec
INFO (CarpetX):   total iterations:                11
INFO (CarpetX):   total cells updated:             45056
INFO (CarpetX):   average iterations per second: 41.1644
INFO (CarpetX):   average cell updates per second: 168609
INFO (CarpetX): OutputGH: iteration 12, time 0.046875, run time 0 s
INFO (CarpetX): OutputGH done.
INFO (CarpetX): Simulation time: 0.046875   Iterations per second: 41.274   Simulation time per second: 0.161227
INFO (CarpetX): Grid cells: 4096   Grid cell updates per second: 169058
INFO (CarpetX): Performance:
INFO (CarpetX):   total evolution time:            0.290918 sec
INFO (CarpetX):   total evolution compute time:    0.290615 sec
INFO (CarpetX):   total evolution output time:     0.000303745 sec
INFO (CarpetX):   total iterations:                12
INFO (CarpetX):   total cells updated:             49152
INFO (CarpetX):   average iterations per second: 41.2487
INFO (CarpetX):   average cell updates per second: 168955
INFO (CarpetX): OutputGH: iteration 13, time 0.050781, run time 0 s
INFO (CarpetX): OutputGH done.
INFO (CarpetX): Simulation time: 0.0507812   Iterations per second: 41.3416   Simulation time per second: 0.161491
INFO (CarpetX): Grid cells: 4096   Grid cell updates per second: 169335
INFO (CarpetX): Performance:
INFO (CarpetX):   total evolution time:            0.31475 sec
INFO (CarpetX):   total evolution compute time:    0.314419 sec
INFO (CarpetX):   total evolution output time:     0.00033164 sec
INFO (CarpetX):   total iterations:                13
INFO (CarpetX):   total cells updated:             53248
INFO (CarpetX):   average iterations per second: 41.3026
INFO (CarpetX):   average cell updates per second: 169175
INFO (CarpetX): OutputGH: iteration 14, time 0.054688, run time 0 s
INFO (CarpetX): OutputGH done.
INFO (CarpetX): Simulation time: 0.0546875   Iterations per second: 41.401   Simulation time per second: 0.161723
INFO (CarpetX): Grid cells: 4096   Grid cell updates per second: 169578
INFO (CarpetX): Performance:
INFO (CarpetX):   total evolution time:            0.338592 sec
INFO (CarpetX):   total evolution compute time:    0.338233 sec
INFO (CarpetX):   total evolution output time:     0.000359774 sec
INFO (CarpetX):   total iterations:                14
INFO (CarpetX):   total cells updated:             57344
INFO (CarpetX):   average iterations per second: 41.3477
INFO (CarpetX):   average cell updates per second: 169360
INFO (CarpetX): OutputGH: iteration 15, time 0.058594, run time 0 s
INFO (CarpetX): OutputGH done.
INFO (CarpetX): Simulation time: 0.0585938   Iterations per second: 41.4681   Simulation time per second: 0.161985
INFO (CarpetX): Grid cells: 4096   Grid cell updates per second: 169853
INFO (CarpetX): Performance:
INFO (CarpetX):   total evolution time:            0.362355 sec
INFO (CarpetX):   total evolution compute time:    0.361969 sec
INFO (CarpetX):   total evolution output time:     0.000386715 sec
INFO (CarpetX):   total iterations:                15
INFO (CarpetX):   total cells updated:             61440
INFO (CarpetX):   average iterations per second: 41.3958
INFO (CarpetX):   average cell updates per second: 169557
INFO (CarpetX): OutputGH: iteration 16, time 0.062500, run time 0 s
INFO (CarpetX): OutputGH done.
INFO (CarpetX): Simulation time: 0.0625   Iterations per second: 41.5008   Simulation time per second: 0.162112
INFO (CarpetX): Grid cells: 4096   Grid cell updates per second: 169987
INFO (CarpetX): Performance:
INFO (CarpetX):   total evolution time:            0.38628 sec
INFO (CarpetX):   total evolution compute time:    0.385847 sec
INFO (CarpetX):   total evolution output time:     0.000433683 sec
INFO (CarpetX):   total iterations:                16
INFO (CarpetX):   total cells updated:             65536
INFO (CarpetX):   average iterations per second: 41.4207
INFO (CarpetX):   average cell updates per second: 169659
INFO (CarpetX): OutputGH: iteration 17, time 0.066406, run time 0 s
INFO (CarpetX): OutputGH done.
INFO (CarpetX): Simulation time: 0.0664062   Iterations per second: 41.553   Simulation time per second: 0.162317
INFO (CarpetX): Grid cells: 4096   Grid cell updates per second: 170201
INFO (CarpetX): Performance:
INFO (CarpetX):   total evolution time:            0.410073 sec
INFO (CarpetX):   total evolution compute time:    0.409614 sec
INFO (CarpetX):   total evolution output time:     0.000459671 sec
INFO (CarpetX):   total iterations:                17
INFO (CarpetX):   total cells updated:             69632
INFO (CarpetX):   average iterations per second: 41.456
INFO (CarpetX):   average cell updates per second: 169804
INFO (CarpetX): OutputGH: iteration 18, time 0.070312, run time 0 s
INFO (CarpetX): OutputGH done.
INFO (CarpetX): Simulation time: 0.0703125   Iterations per second: 41.586   Simulation time per second: 0.162445
INFO (CarpetX): Grid cells: 4096   Grid cell updates per second: 170336
INFO (CarpetX): Performance:
INFO (CarpetX):   total evolution time:            0.433948 sec
INFO (CarpetX):   total evolution compute time:    0.433458 sec
INFO (CarpetX):   total evolution output time:     0.000490665 sec
INFO (CarpetX):   total iterations:                18
INFO (CarpetX):   total cells updated:             73728
INFO (CarpetX):   average iterations per second: 41.4796
INFO (CarpetX):   average cell updates per second: 169900
INFO (CarpetX): OutputGH: iteration 19, time 0.074219, run time 0 s
INFO (CarpetX): OutputGH done.
INFO (CarpetX): Simulation time: 0.0742188   Iterations per second: 41.6082   Simulation time per second: 0.162532
INFO (CarpetX): Grid cells: 4096   Grid cell updates per second: 170427
INFO (CarpetX): Performance:
INFO (CarpetX):   total evolution time:            0.457866 sec
INFO (CarpetX):   total evolution compute time:    0.457347 sec
INFO (CarpetX):   total evolution output time:     0.000518799 sec
INFO (CarpetX):   total iterations:                19
INFO (CarpetX):   total cells updated:             77824
INFO (CarpetX):   average iterations per second: 41.4968
INFO (CarpetX):   average cell updates per second: 169971
INFO (CarpetX): OutputGH: iteration 20, time 0.078125, run time 0 s
INFO (CarpetX): OutputGH done.
INFO (CarpetX): Simulation time: 0.078125   Iterations per second: 41.6414   Simulation time per second: 0.162662
INFO (CarpetX): Grid cells: 4096   Grid cell updates per second: 170563
INFO (CarpetX): Performance:
INFO (CarpetX):   total evolution time:            0.481708 sec
INFO (CarpetX):   total evolution compute time:    0.481164 sec
INFO (CarpetX):   total evolution output time:     0.000543833 sec
INFO (CarpetX):   total iterations:                20
INFO (CarpetX):   total cells updated:             81920
INFO (CarpetX):   average iterations per second: 41.5189
INFO (CarpetX):   average cell updates per second: 170061
INFO (CarpetX): OutputGH: iteration 21, time 0.082031, run time 0 s
INFO (CarpetX): OutputGH done.
INFO (CarpetX): Simulation time: 0.0820312   Iterations per second: 41.6888   Simulation time per second: 0.162847
INFO (CarpetX): Grid cells: 4096   Grid cell updates per second: 170757
INFO (CarpetX): Performance:
INFO (CarpetX):   total evolution time:            0.50545 sec
INFO (CarpetX):   total evolution compute time:    0.504878 sec
INFO (CarpetX):   total evolution output time:     0.000571966 sec
INFO (CarpetX):   total iterations:                21
INFO (CarpetX):   total cells updated:             86016
INFO (CarpetX):   average iterations per second: 41.5471
INFO (CarpetX):   average cell updates per second: 170177
INFO (CarpetX): OutputGH: iteration 22, time 0.085938, run time 0 s
INFO (CarpetX): OutputGH done.
INFO (CarpetX): Simulation time: 0.0859375   Iterations per second: 41.6985   Simulation time per second: 0.162885
INFO (CarpetX): Grid cells: 4096   Grid cell updates per second: 170797
INFO (CarpetX): Performance:
INFO (CarpetX):   total evolution time:            0.529381 sec
INFO (CarpetX):   total evolution compute time:    0.52878 sec
INFO (CarpetX):   total evolution output time:     0.000601053 sec
INFO (CarpetX):   total iterations:                22
INFO (CarpetX):   total cells updated:             90112
INFO (CarpetX):   average iterations per second: 41.5579
INFO (CarpetX):   average cell updates per second: 170221
INFO (CarpetX): OutputGH: iteration 23, time 0.089844, run time 0 s
INFO (CarpetX): OutputGH done.
INFO (CarpetX): Simulation time: 0.0898438   Iterations per second: 41.7101   Simulation time per second: 0.16293
INFO (CarpetX): Grid cells: 4096   Grid cell updates per second: 170845
INFO (CarpetX): Performance:
INFO (CarpetX):   total evolution time:            0.553296 sec
INFO (CarpetX):   total evolution compute time:    0.552665 sec
INFO (CarpetX):   total evolution output time:     0.000631094 sec
INFO (CarpetX):   total iterations:                23
INFO (CarpetX):   total cells updated:             94208
INFO (CarpetX):   average iterations per second: 41.569
INFO (CarpetX):   average cell updates per second: 170267
INFO (CarpetX): OutputGH: iteration 24, time 0.093750, run time 0 s
INFO (CarpetX): OutputGH done.
INFO (CarpetX): Simulation time: 0.09375   Iterations per second: 41.724   Simulation time per second: 0.162985
INFO (CarpetX): Grid cells: 4096   Grid cell updates per second: 170902
INFO (CarpetX): Performance:
INFO (CarpetX):   total evolution time:            0.577191 sec
INFO (CarpetX):   total evolution compute time:    0.576535 sec
INFO (CarpetX):   total evolution output time:     0.000656128 sec
INFO (CarpetX):   total iterations:                24
INFO (CarpetX):   total cells updated:             98304
INFO (CarpetX):   average iterations per second: 41.5807
INFO (CarpetX):   average cell updates per second: 170314
INFO (CarpetX): OutputGH: iteration 25, time 0.097656, run time 0 s
INFO (CarpetX): OutputGH done.
INFO (CarpetX): Simulation time: 0.0976562   Iterations per second: 41.7685   Simulation time per second: 0.163158
INFO (CarpetX): Grid cells: 4096   Grid cell updates per second: 171084
INFO (CarpetX): Performance:
INFO (CarpetX):   total evolution time:            0.600903 sec
INFO (CarpetX):   total evolution compute time:    0.60022 sec
INFO (CarpetX):   total evolution output time:     0.000683308 sec
INFO (CarpetX):   total iterations:                25
INFO (CarpetX):   total cells updated:             102400
INFO (CarpetX):   average iterations per second: 41.604
INFO (CarpetX):   average cell updates per second: 170410
INFO (CarpetX): OutputGH: iteration 26, time 0.101562, run time 1 s
INFO (CarpetX): OutputGH done.
INFO (CarpetX): Simulation time: 0.101562   Iterations per second: 41.8262   Simulation time per second: 0.163384
INFO (CarpetX): Grid cells: 4096   Grid cell updates per second: 171320
INFO (CarpetX): Performance:
INFO (CarpetX):   total evolution time:            0.624514 sec
INFO (CarpetX):   total evolution compute time:    0.623808 sec
INFO (CarpetX):   total evolution output time:     0.000706196 sec
INFO (CarpetX):   total iterations:                26
INFO (CarpetX):   total cells updated:             106496
INFO (CarpetX):   average iterations per second: 41.6324
INFO (CarpetX):   average cell updates per second: 170526
INFO (CarpetX): OutputGH: iteration 27, time 0.105469, run time 1 s
INFO (CarpetX): OutputGH done.
INFO (CarpetX): Simulation time: 0.105469   Iterations per second: 41.8783   Simulation time per second: 0.163587
INFO (CarpetX): Grid cells: 4096   Grid cell updates per second: 171534
INFO (CarpetX): Performance:
INFO (CarpetX):   total evolution time:            0.648125 sec
INFO (CarpetX):   total evolution compute time:    0.647395 sec
INFO (CarpetX):   total evolution output time:     0.000730276 sec
INFO (CarpetX):   total iterations:                27
INFO (CarpetX):   total cells updated:             110592
INFO (CarpetX):   average iterations per second: 41.6586
INFO (CarpetX):   average cell updates per second: 170634
INFO (CarpetX): OutputGH: iteration 28, time 0.109375, run time 1 s
INFO (CarpetX): OutputGH done.
INFO (CarpetX): Simulation time: 0.109375   Iterations per second: 41.8655   Simulation time per second: 0.163537
INFO (CarpetX): Grid cells: 4096   Grid cell updates per second: 171481
INFO (CarpetX): Performance:
INFO (CarpetX):   total evolution time:            0.672077 sec
INFO (CarpetX):   total evolution compute time:    0.671312 sec
INFO (CarpetX):   total evolution output time:     0.000765085 sec
INFO (CarpetX):   total iterations:                28
INFO (CarpetX):   total cells updated:             114688
INFO (CarpetX):   average iterations per second: 41.6619
INFO (CarpetX):   average cell updates per second: 170647
INFO (CarpetX): OutputGH: iteration 29, time 0.113281, run time 1 s
INFO (CarpetX): OutputGH done.
INFO (CarpetX): Simulation time: 0.113281   Iterations per second: 41.8476   Simulation time per second: 0.163467
INFO (CarpetX): Grid cells: 4096   Grid cell updates per second: 171408
INFO (CarpetX): Performance:
INFO (CarpetX):   total evolution time:            0.696065 sec
INFO (CarpetX):   total evolution compute time:    0.695269 sec
INFO (CarpetX):   total evolution output time:     0.00079608 sec
INFO (CarpetX):   total iterations:                29
INFO (CarpetX):   total cells updated:             118784
INFO (CarpetX):   average iterations per second: 41.6628
INFO (CarpetX):   average cell updates per second: 170651
INFO (CarpetX): OutputGH: iteration 30, time 0.117188, run time 1 s
INFO (CarpetX): OutputGH done.
INFO (CarpetX): Simulation time: 0.117188   Iterations per second: 41.794   Simulation time per second: 0.163258
INFO (CarpetX): Grid cells: 4096   Grid cell updates per second: 171188
INFO (CarpetX): Performance:
INFO (CarpetX):   total evolution time:            0.720268 sec
INFO (CarpetX):   total evolution compute time:    0.719433 sec
INFO (CarpetX):   total evolution output time:     0.00083518 sec
INFO (CarpetX):   total iterations:                30
INFO (CarpetX):   total cells updated:             122880
INFO (CarpetX):   average iterations per second: 41.6511
INFO (CarpetX):   average cell updates per second: 170603
INFO (CarpetX): OutputGH: iteration 31, time 0.121094, run time 1 s
INFO (CarpetX): OutputGH done.
INFO (CarpetX): Simulation time: 0.121094   Iterations per second: 41.832   Simulation time per second: 0.163406
INFO (CarpetX): Grid cells: 4096   Grid cell updates per second: 171344
INFO (CarpetX): Performance:
INFO (CarpetX):   total evolution time:            0.743977 sec
INFO (CarpetX):   total evolution compute time:    0.743115 sec
INFO (CarpetX):   total evolution output time:     0.000862122 sec
INFO (CarpetX):   total iterations:                31
INFO (CarpetX):   total cells updated:             126976
INFO (CarpetX):   average iterations per second: 41.6679
INFO (CarpetX):   average cell updates per second: 170672
INFO (CarpetX): OutputGH: iteration 32, time 0.125000, run time 1 s
INFO (CarpetX): OutputGH done.
INFO (CarpetX): Simulation time: 0.125   Iterations per second: 41.7898   Simulation time per second: 0.163241
INFO (CarpetX): Grid cells: 4096   Grid cell updates per second: 171171
INFO (CarpetX): Performance:
INFO (CarpetX):   total evolution time:            0.768124 sec
INFO (CarpetX):   total evolution compute time:    0.767229 sec
INFO (CarpetX):   total evolution output time:     0.000895023 sec
INFO (CarpetX):   total iterations:                32
INFO (CarpetX):   total cells updated:             131072
INFO (CarpetX):   average iterations per second: 41.6599
INFO (CarpetX):   average cell updates per second: 170639
INFO (CarpetX): OutputGH: iteration 33, time 0.128906, run time 1 s
INFO (CarpetX): OutputGH done.
INFO (CarpetX): Simulation time: 0.128906   Iterations per second: 41.7787   Simulation time per second: 0.163198
INFO (CarpetX): Grid cells: 4096   Grid cell updates per second: 171125
INFO (CarpetX): Performance:
INFO (CarpetX):   total evolution time:            0.792117 sec
INFO (CarpetX):   total evolution compute time:    0.79119 sec
INFO (CarpetX):   total evolution output time:     0.000926971 sec
INFO (CarpetX):   total iterations:                33
INFO (CarpetX):   total cells updated:             135168
INFO (CarpetX):   average iterations per second: 41.6605
INFO (CarpetX):   average cell updates per second: 170641
INFO (CarpetX): OutputGH: iteration 34, time 0.132812, run time 1 s
INFO (CarpetX): OutputGH done.
INFO (CarpetX): Simulation time: 0.132812   Iterations per second: 41.7868   Simulation time per second: 0.16323
INFO (CarpetX): Grid cells: 4096   Grid cell updates per second: 171159
INFO (CarpetX): Performance:
INFO (CarpetX):   total evolution time:            0.816006 sec
INFO (CarpetX):   total evolution compute time:    0.815051 sec
INFO (CarpetX):   total evolution output time:     0.000955105 sec
INFO (CarpetX):   total iterations:                34
INFO (CarpetX):   total cells updated:             139264
INFO (CarpetX):   average iterations per second: 41.6664
INFO (CarpetX):   average cell updates per second: 170665
INFO (CarpetX): OutputGH: iteration 35, time 0.136719, run time 1 s
INFO (CarpetX): OutputGH done.
INFO (CarpetX): Simulation time: 0.136719   Iterations per second: 41.804   Simulation time per second: 0.163297
INFO (CarpetX): Grid cells: 4096   Grid cell updates per second: 171229
INFO (CarpetX): Performance:
INFO (CarpetX):   total evolution time:            0.839839 sec
INFO (CarpetX):   total evolution compute time:    0.838856 sec
INFO (CarpetX):   total evolution output time:     0.000983238 sec
INFO (CarpetX):   total iterations:                35
INFO (CarpetX):   total cells updated:             143360
INFO (CarpetX):   average iterations per second: 41.6747
INFO (CarpetX):   average cell updates per second: 170699
INFO (CarpetX): OutputGH: iteration 36, time 0.140625, run time 1 s
INFO (CarpetX): OutputGH done.
INFO (CarpetX): Simulation time: 0.140625   Iterations per second: 41.8206   Simulation time per second: 0.163362
INFO (CarpetX): Grid cells: 4096   Grid cell updates per second: 171297
INFO (CarpetX): Performance:
INFO (CarpetX):   total evolution time:            0.863665 sec
INFO (CarpetX):   total evolution compute time:    0.862653 sec
INFO (CarpetX):   total evolution output time:     0.00101209 sec
INFO (CarpetX):   total iterations:                36
INFO (CarpetX):   total cells updated:             147456
INFO (CarpetX):   average iterations per second: 41.6828
INFO (CarpetX):   average cell updates per second: 170733
INFO (CarpetX): OutputGH: iteration 37, time 0.144531, run time 1 s
INFO (CarpetX): OutputGH done.
INFO (CarpetX): Simulation time: 0.144531   Iterations per second: 41.8221   Simulation time per second: 0.163368
INFO (CarpetX): Grid cells: 4096   Grid cell updates per second: 171304
INFO (CarpetX): Performance:
INFO (CarpetX):   total evolution time:            0.887568 sec
INFO (CarpetX):   total evolution compute time:    0.886526 sec
INFO (CarpetX):   total evolution output time:     0.00104213 sec
INFO (CarpetX):   total iterations:                37
INFO (CarpetX):   total cells updated:             151552
INFO (CarpetX):   average iterations per second: 41.687
INFO (CarpetX):   average cell updates per second: 170750
INFO (CarpetX): OutputGH: iteration 38, time 0.148438, run time 1 s
INFO (CarpetX): OutputGH done.
INFO (CarpetX): Simulation time: 0.148438   Iterations per second: 41.8515   Simulation time per second: 0.163483
INFO (CarpetX): Grid cells: 4096   Grid cell updates per second: 171424
INFO (CarpetX): Performance:
INFO (CarpetX):   total evolution time:            0.911311 sec
INFO (CarpetX):   total evolution compute time:    0.910242 sec
INFO (CarpetX):   total evolution output time:     0.00106907 sec
INFO (CarpetX):   total iterations:                38
INFO (CarpetX):   total cells updated:             155648
INFO (CarpetX):   average iterations per second: 41.6982
INFO (CarpetX):   average cell updates per second: 170796
INFO (CarpetX): OutputGH: iteration 39, time 0.152344, run time 1 s
INFO (CarpetX): OutputGH done.
INFO (CarpetX): Simulation time: 0.152344   Iterations per second: 41.8789   Simulation time per second: 0.163589
INFO (CarpetX): Grid cells: 4096   Grid cell updates per second: 171536
INFO (CarpetX): Performance:
INFO (CarpetX):   total evolution time:            0.935049 sec
INFO (CarpetX):   total evolution compute time:    0.933954 sec
INFO (CarpetX):   total evolution output time:     0.0010941 sec
INFO (CarpetX):   total iterations:                39
INFO (CarpetX):   total cells updated:             159744
INFO (CarpetX):   average iterations per second: 41.7091
INFO (CarpetX):   average cell updates per second: 170840
INFO (CarpetX): OutputGH: iteration 40, time 0.156250, run time 1 s
INFO (CarpetX): OutputGH done.
INFO (CarpetX): Simulation time: 0.15625   Iterations per second: 41.467   Simulation time per second: 0.161981
INFO (CarpetX): Grid cells: 4096   Grid cell updates per second: 169849
INFO (CarpetX): Performance:
INFO (CarpetX):   total evolution time:            0.961299 sec
INFO (CarpetX):   total evolution compute time:    0.960184 sec
INFO (CarpetX):   total evolution output time:     0.00111508 sec
INFO (CarpetX):   total iterations:                40
INFO (CarpetX):   total cells updated:             163840
INFO (CarpetX):   average iterations per second: 41.6104
INFO (CarpetX):   average cell updates per second: 170436
INFO (CarpetX): OutputGH: iteration 41, time 0.160156, run time 1 s
INFO (CarpetX): OutputGH done.
INFO (CarpetX): Simulation time: 0.160156   Iterations per second: 41.5238   Simulation time per second: 0.162202
INFO (CarpetX): Grid cells: 4096   Grid cell updates per second: 170081
INFO (CarpetX): Performance:
INFO (CarpetX):   total evolution time:            0.985085 sec
INFO (CarpetX):   total evolution compute time:    0.983945 sec
INFO (CarpetX):   total evolution output time:     0.00113916 sec
INFO (CarpetX):   total iterations:                41
INFO (CarpetX):   total cells updated:             167936
INFO (CarpetX):   average iterations per second: 41.6208
INFO (CarpetX):   average cell updates per second: 170479
INFO (CarpetX): OutputGH: iteration 42, time 0.164062, run time 1 s
INFO (CarpetX): OutputGH done.
INFO (CarpetX): Simulation time: 0.164062   Iterations per second: 41.5899   Simulation time per second: 0.16246
INFO (CarpetX): Grid cells: 4096   Grid cell updates per second: 170352
INFO (CarpetX): Performance:
INFO (CarpetX):   total evolution time:            1.00878 sec
INFO (CarpetX):   total evolution compute time:    1.00762 sec
INFO (CarpetX):   total evolution output time:     0.00116014 sec
INFO (CarpetX):   total iterations:                42
INFO (CarpetX):   total cells updated:             172032
INFO (CarpetX):   average iterations per second: 41.6343
INFO (CarpetX):   average cell updates per second: 170534
INFO (CarpetX): OutputGH: iteration 43, time 0.167969, run time 1 s
INFO (CarpetX): OutputGH done.
INFO (CarpetX): Simulation time: 0.167969   Iterations per second: 41.6145   Simulation time per second: 0.162557
INFO (CarpetX): Grid cells: 4096   Grid cell updates per second: 170453
INFO (CarpetX): Performance:
INFO (CarpetX):   total evolution time:            1.03269 sec
INFO (CarpetX):   total evolution compute time:    1.0315 sec
INFO (CarpetX):   total evolution output time:     0.00118423 sec
INFO (CarpetX):   total iterations:                43
INFO (CarpetX):   total cells updated:             176128
INFO (CarpetX):   average iterations per second: 41.639
INFO (CarpetX):   average cell updates per second: 170553
INFO (CarpetX): OutputGH: iteration 44, time 0.171875, run time 1 s
INFO (CarpetX): OutputGH done.
INFO (CarpetX): Simulation time: 0.171875   Iterations per second: 41.6176   Simulation time per second: 0.162569
INFO (CarpetX): Grid cells: 4096   Grid cell updates per second: 170466
INFO (CarpetX): Performance:
INFO (CarpetX):   total evolution time:            1.0567 sec
INFO (CarpetX):   total evolution compute time:    1.05549 sec
INFO (CarpetX):   total evolution output time:     0.00120616 sec
INFO (CarpetX):   total iterations:                44
INFO (CarpetX):   total cells updated:             180224
INFO (CarpetX):   average iterations per second: 41.6391
INFO (CarpetX):   average cell updates per second: 170554
INFO (CarpetX): OutputGH: iteration 45, time 0.175781, run time 1 s
INFO (CarpetX): OutputGH done.
INFO (CarpetX): Simulation time: 0.175781   Iterations per second: 41.6528   Simulation time per second: 0.162706
INFO (CarpetX): Grid cells: 4096   Grid cell updates per second: 170610
INFO (CarpetX): Performance:
INFO (CarpetX):   total evolution time:            1.08052 sec
INFO (CarpetX):   total evolution compute time:    1.0793 sec
INFO (CarpetX):   total evolution output time:     0.00122714 sec
INFO (CarpetX):   total iterations:                45
INFO (CarpetX):   total cells updated:             184320
INFO (CarpetX):   average iterations per second: 41.6465
INFO (CarpetX):   average cell updates per second: 170584
INFO (CarpetX): OutputGH: iteration 46, time 0.179688, run time 1 s
INFO (CarpetX): OutputGH done.
INFO (CarpetX): Simulation time: 0.179688   Iterations per second: 41.702   Simulation time per second: 0.162898
INFO (CarpetX): Grid cells: 4096   Grid cell updates per second: 170811
INFO (CarpetX): Performance:
INFO (CarpetX):   total evolution time:            1.10425 sec
INFO (CarpetX):   total evolution compute time:    1.103 sec
INFO (CarpetX):   total evolution output time:     0.00125194 sec
INFO (CarpetX):   total iterations:                46
INFO (CarpetX):   total cells updated:             188416
INFO (CarpetX):   average iterations per second: 41.6573
INFO (CarpetX):   average cell updates per second: 170628
INFO (CarpetX): OutputGH: iteration 47, time 0.183594, run time 1 s
INFO (CarpetX): OutputGH done.
INFO (CarpetX): Simulation time: 0.183594   Iterations per second: 41.7556   Simulation time per second: 0.163108
INFO (CarpetX): Grid cells: 4096   Grid cell updates per second: 171031
INFO (CarpetX): Performance:
INFO (CarpetX):   total evolution time:            1.12792 sec
INFO (CarpetX):   total evolution compute time:    1.12665 sec
INFO (CarpetX):   total evolution output time:     0.00127482 sec
INFO (CarpetX):   total iterations:                47
INFO (CarpetX):   total cells updated:             192512
INFO (CarpetX):   average iterations per second: 41.6696
INFO (CarpetX):   average cell updates per second: 170679
INFO (CarpetX): OutputGH: iteration 48, time 0.187500, run time 1 s
INFO (CarpetX): OutputGH done.
INFO (CarpetX): Simulation time: 0.1875   Iterations per second: 41.7821   Simulation time per second: 0.163211
INFO (CarpetX): Grid cells: 4096   Grid cell updates per second: 171139
INFO (CarpetX): Performance:
INFO (CarpetX):   total evolution time:            1.15172 sec
INFO (CarpetX):   total evolution compute time:    1.15042 sec
INFO (CarpetX):   total evolution output time:     0.00129867 sec
INFO (CarpetX):   total iterations:                48
INFO (CarpetX):   total cells updated:             196608
INFO (CarpetX):   average iterations per second: 41.6769
INFO (CarpetX):   average cell updates per second: 170709
INFO (CarpetX): OutputGH: iteration 49, time 0.191406, run time 1 s
INFO (CarpetX): OutputGH done.
INFO (CarpetX): Simulation time: 0.191406   Iterations per second: 41.8227   Simulation time per second: 0.16337
INFO (CarpetX): Grid cells: 4096   Grid cell updates per second: 171306
INFO (CarpetX): Performance:
INFO (CarpetX):   total evolution time:            1.17542 sec
INFO (CarpetX):   total evolution compute time:    1.1741 sec
INFO (CarpetX):   total evolution output time:     0.00132275 sec
INFO (CarpetX):   total iterations:                49
INFO (CarpetX):   total cells updated:             200704
INFO (CarpetX):   average iterations per second: 41.6873
INFO (CarpetX):   average cell updates per second: 170751
INFO (CarpetX): OutputGH: iteration 50, time 0.195312, run time 1 s
INFO (CarpetX): OutputGH done.
INFO (CarpetX): Simulation time: 0.195312   Iterations per second: 41.8422   Simulation time per second: 0.163446
INFO (CarpetX): Grid cells: 4096   Grid cell updates per second: 171386
INFO (CarpetX): Performance:
INFO (CarpetX):   total evolution time:            1.19922 sec
INFO (CarpetX):   total evolution compute time:    1.19787 sec
INFO (CarpetX):   total evolution output time:     0.00134969 sec
INFO (CarpetX):   total iterations:                50
INFO (CarpetX):   total cells updated:             204800
INFO (CarpetX):   average iterations per second: 41.6938
INFO (CarpetX):   average cell updates per second: 170778
INFO (CarpetX): OutputGH: iteration 51, time 0.199219, run time 1 s
INFO (CarpetX): OutputGH done.
INFO (CarpetX): Simulation time: 0.199219   Iterations per second: 41.8583   Simulation time per second: 0.163509
INFO (CarpetX): Grid cells: 4096   Grid cell updates per second: 171452
INFO (CarpetX): Performance:
INFO (CarpetX):   total evolution time:            1.22303 sec
INFO (CarpetX):   total evolution compute time:    1.22165 sec
INFO (CarpetX):   total evolution output time:     0.00137854 sec
INFO (CarpetX):   total iterations:                51
INFO (CarpetX):   total cells updated:             208896
INFO (CarpetX):   average iterations per second: 41.6999
INFO (CarpetX):   average cell updates per second: 170803
INFO (CarpetX): OutputGH: iteration 52, time 0.203125, run time 1 s
INFO (CarpetX): OutputGH done.
INFO (CarpetX): Simulation time: 0.203125   Iterations per second: 41.8566   Simulation time per second: 0.163502
INFO (CarpetX): Grid cells: 4096   Grid cell updates per second: 171445
INFO (CarpetX): Performance:
INFO (CarpetX):   total evolution time:            1.24693 sec
INFO (CarpetX):   total evolution compute time:    1.24552 sec
INFO (CarpetX):   total evolution output time:     0.00140858 sec
INFO (CarpetX):   total iterations:                52
INFO (CarpetX):   total cells updated:             212992
INFO (CarpetX):   average iterations per second: 41.7026
INFO (CarpetX):   average cell updates per second: 170814
INFO (CarpetX): OutputGH: iteration 53, time 0.207031, run time 1 s
INFO (CarpetX): OutputGH done.
INFO (CarpetX): Simulation time: 0.207031   Iterations per second: 41.8817   Simulation time per second: 0.1636
INFO (CarpetX): Grid cells: 4096   Grid cell updates per second: 171547
INFO (CarpetX): Performance:
INFO (CarpetX):   total evolution time:            1.27067 sec
INFO (CarpetX):   total evolution compute time:    1.26924 sec
INFO (CarpetX):   total evolution output time:     0.00143361 sec
INFO (CarpetX):   total iterations:                53
INFO (CarpetX):   total cells updated:             217088
INFO (CarpetX):   average iterations per second: 41.7102
INFO (CarpetX):   average cell updates per second: 170845
INFO (CarpetX): OutputGH: iteration 54, time 0.210938, run time 1 s
INFO (CarpetX): OutputGH done.
INFO (CarpetX): Simulation time: 0.210938   Iterations per second: 41.8808   Simulation time per second: 0.163597
INFO (CarpetX): Grid cells: 4096   Grid cell updates per second: 171544
INFO (CarpetX): Performance:
INFO (CarpetX):   total evolution time:            1.29455 sec
INFO (CarpetX):   total evolution compute time:    1.29309 sec
INFO (CarpetX):   total evolution output time:     0.00146365 sec
INFO (CarpetX):   total iterations:                54
INFO (CarpetX):   total cells updated:             221184
INFO (CarpetX):   average iterations per second: 41.7132
INFO (CarpetX):   average cell updates per second: 170857
INFO (CarpetX): OutputGH: iteration 55, time 0.214844, run time 1 s
INFO (CarpetX): OutputGH done.
INFO (CarpetX): Simulation time: 0.214844   Iterations per second: 41.8909   Simulation time per second: 0.163636
INFO (CarpetX): Grid cells: 4096   Grid cell updates per second: 171585
INFO (CarpetX): Performance:
INFO (CarpetX):   total evolution time:            1.31837 sec
INFO (CarpetX):   total evolution compute time:    1.31688 sec
INFO (CarpetX):   total evolution output time:     0.00149465 sec
INFO (CarpetX):   total iterations:                55
INFO (CarpetX):   total cells updated:             225280
INFO (CarpetX):   average iterations per second: 41.718
INFO (CarpetX):   average cell updates per second: 170877
INFO (CarpetX): OutputGH: iteration 56, time 0.218750, run time 1 s
INFO (CarpetX): OutputGH done.
INFO (CarpetX): Simulation time: 0.21875   Iterations per second: 41.8552   Simulation time per second: 0.163497
INFO (CarpetX): Grid cells: 4096   Grid cell updates per second: 171439
INFO (CarpetX): Performance:
INFO (CarpetX):   total evolution time:            1.34245 sec
INFO (CarpetX):   total evolution compute time:    1.34093 sec
INFO (CarpetX):   total evolution output time:     0.00152373 sec
INFO (CarpetX):   total iterations:                56
INFO (CarpetX):   total cells updated:             229376
INFO (CarpetX):   average iterations per second: 41.7148
INFO (CarpetX):   average cell updates per second: 170864
INFO (CarpetX): OutputGH: iteration 57, time 0.222656, run time 1 s
INFO (CarpetX): OutputGH done.
INFO (CarpetX): Simulation time: 0.222656   Iterations per second: 41.6288   Simulation time per second: 0.162613
INFO (CarpetX): Grid cells: 4096   Grid cell updates per second: 170512
INFO (CarpetX): Performance:
INFO (CarpetX):   total evolution time:            1.36764 sec
INFO (CarpetX):   total evolution compute time:    1.36609 sec
INFO (CarpetX):   total evolution output time:     0.00155187 sec
INFO (CarpetX):   total iterations:                57
INFO (CarpetX):   total cells updated:             233472
INFO (CarpetX):   average iterations per second: 41.6776
INFO (CarpetX):   average cell updates per second: 170711
INFO (CarpetX): OutputGH: iteration 58, time 0.226562, run time 1 s
INFO (CarpetX): OutputGH done.
INFO (CarpetX): Simulation time: 0.226562   Iterations per second: 41.6821   Simulation time per second: 0.162821
INFO (CarpetX): Grid cells: 4096   Grid cell updates per second: 170730
INFO (CarpetX): Performance:
INFO (CarpetX):   total evolution time:            1.39136 sec
INFO (CarpetX):   total evolution compute time:    1.38979 sec
INFO (CarpetX):   total evolution output time:     0.00156975 sec
INFO (CarpetX):   total iterations:                58
INFO (CarpetX):   total cells updated:             237568
INFO (CarpetX):   average iterations per second: 41.686
INFO (CarpetX):   average cell updates per second: 170746
INFO (CarpetX): OutputGH: iteration 59, time 0.230469, run time 1 s
INFO (CarpetX): OutputGH done.
INFO (CarpetX): Simulation time: 0.230469   Iterations per second: 41.724   Simulation time per second: 0.162984
INFO (CarpetX): Grid cells: 4096   Grid cell updates per second: 170901
INFO (CarpetX): Performance:
INFO (CarpetX):   total evolution time:            1.41511 sec
INFO (CarpetX):   total evolution compute time:    1.41352 sec
INFO (CarpetX):   total evolution output time:     0.00158882 sec
INFO (CarpetX):   total iterations:                59
INFO (CarpetX):   total cells updated:             241664
INFO (CarpetX):   average iterations per second: 41.693
INFO (CarpetX):   average cell updates per second: 170774
INFO (CarpetX): OutputGH: iteration 60, time 0.234375, run time 1 s
INFO (CarpetX): OutputGH done.
INFO (CarpetX): Simulation time: 0.234375   Iterations per second: 41.7444   Simulation time per second: 0.163064
INFO (CarpetX): Grid cells: 4096   Grid cell updates per second: 170985
INFO (CarpetX): Performance:
INFO (CarpetX):   total evolution time:            1.43896 sec
INFO (CarpetX):   total evolution compute time:    1.43734 sec
INFO (CarpetX):   total evolution output time:     0.00161576 sec
INFO (CarpetX):   total iterations:                60
INFO (CarpetX):   total cells updated:             245760
INFO (CarpetX):   average iterations per second: 41.6969
INFO (CarpetX):   average cell updates per second: 170790
INFO (CarpetX): OutputGH: iteration 61, time 0.238281, run time 1 s
INFO (CarpetX): OutputGH done.
INFO (CarpetX): Simulation time: 0.238281   Iterations per second: 41.7732   Simulation time per second: 0.163176
INFO (CarpetX): Grid cells: 4096   Grid cell updates per second: 171103
INFO (CarpetX): Performance:
INFO (CarpetX):   total evolution time:            1.46275 sec
INFO (CarpetX):   total evolution compute time:    1.4611 sec
INFO (CarpetX):   total evolution output time:     0.0016427 sec
INFO (CarpetX):   total iterations:                61
INFO (CarpetX):   total cells updated:             249856
INFO (CarpetX):   average iterations per second: 41.7024
INFO (CarpetX):   average cell updates per second: 170813
INFO (CarpetX): OutputGH: iteration 62, time 0.242188, run time 1 s
INFO (CarpetX): OutputGH done.
INFO (CarpetX): Simulation time: 0.242188   Iterations per second: 41.8201   Simulation time per second: 0.16336
INFO (CarpetX): Grid cells: 4096   Grid cell updates per second: 171295
INFO (CarpetX): Performance:
INFO (CarpetX):   total evolution time:            1.48642 sec
INFO (CarpetX):   total evolution compute time:    1.48475 sec
INFO (CarpetX):   total evolution output time:     0.00166464 sec
INFO (CarpetX):   total iterations:                62
INFO (CarpetX):   total cells updated:             253952
INFO (CarpetX):   average iterations per second: 41.7111
INFO (CarpetX):   average cell updates per second: 170849
INFO (CarpetX): OutputGH: iteration 63, time 0.246094, run time 1 s
INFO (CarpetX): OutputGH done.
INFO (CarpetX): Simulation time: 0.246094   Iterations per second: 41.8625   Simulation time per second: 0.163525
INFO (CarpetX): Grid cells: 4096   Grid cell updates per second: 171469
INFO (CarpetX): Performance:
INFO (CarpetX):   total evolution time:            1.51009 sec
INFO (CarpetX):   total evolution compute time:    1.5084 sec
INFO (CarpetX):   total evolution output time:     0.00169063 sec
INFO (CarpetX):   total iterations:                63
INFO (CarpetX):   total cells updated:             258048
INFO (CarpetX):   average iterations per second: 41.7195
INFO (CarpetX):   average cell updates per second: 170883
INFO (CarpetX): OutputGH: iteration 64, time 0.250000, run time 1 s
INFO (CarpetX): OutputGH done.
INFO (CarpetX): Simulation time: 0.25   Iterations per second: 39.6453   Simulation time per second: 0.154864
INFO (CarpetX): Grid cells: 4096   Grid cell updates per second: 162387
INFO (CarpetX): Performance:
INFO (CarpetX):   total evolution time:            1.54733 sec
INFO (CarpetX):   total evolution compute time:    1.53475 sec
INFO (CarpetX):   total evolution output time:     0.0125837 sec
INFO (CarpetX):   total iterations:                64
INFO (CarpetX):   total cells updated:             262144
INFO (CarpetX):   average iterations per second: 41.3615
INFO (CarpetX):   average cell updates per second: 169417
INFO (CarpetX): Shutting down...
AMReX (25.11) finalized
--------------------------------------------------------------------------------
Done.

real	0m1.926s
user	0m3.072s
sys	0m0.279s
+ echo Stopping:
Stopping:
+ date
Mon Feb  9 03:25:42 AM UTC 2026
+ echo Done.
Done.
  Elapsed time: 1.9 s
