/__w/canudax-tests/workspace/simulations/TestJob01_temp_1/output-0000/TEST/sim/CanudaX_BSSNMoL
Preparing:
+ set -e
+ cd output-0000-active
+ echo Checking:
Checking:
+ pwd
/__w/canudax-tests/workspace/simulations/TestJob01_temp_1/output-0000/TEST/sim/CanudaX_BSSNMoL/output-0000-active
+ hostname
34c2c922cfbb
+ date
Fri Apr 17 04:53:32 PM UTC 2026
+ echo Environment:
Environment:
+ export SIMULATION_ID=simulation-TestJob01_temp_1-actions-cpu-real64-actions-root-2026.04.17-16.53.31-15620
+ SIMULATION_ID=simulation-TestJob01_temp_1-actions-cpu-real64-actions-root-2026.04.17-16.53.31-15620
+ export CACTUS_NUM_PROCS=1
+ CACTUS_NUM_PROCS=1
+ export CACTUS_NUM_THREADS=2
+ CACTUS_NUM_THREADS=2
+ export CACTUS_SET_THREAD_BINDINGS=0
+ CACTUS_SET_THREAD_BINDINGS=0
+ export GLIBCXX_FORCE_NEW=1
+ GLIBCXX_FORCE_NEW=1
+ export GMON_OUT_PREFIX=gmon.out
+ GMON_OUT_PREFIX=gmon.out
+ export OMP_DISPLAY_ENV=TRUE
+ OMP_DISPLAY_ENV=TRUE
+ export OMP_MAX_TASKS=100
+ OMP_MAX_TASKS=100
+ export OMP_NUM_THREADS=2
+ OMP_NUM_THREADS=2
+ export OMP_PLACES=cores
+ OMP_PLACES=cores
+ export OMP_PROC_BIND=FALSE
+ OMP_PROC_BIND=FALSE
+ export OMP_STACKSIZE=8192
+ OMP_STACKSIZE=8192
+ env
+ sort
+ echo Starting:
Starting:
++ date +%s
+ export CACTUS_STARTTIME=1776444812
+ CACTUS_STARTTIME=1776444812
+ mpiexec -n 1 /__w/canudax-tests/workspace/simulations/TestJob01_temp_1/SIMFACTORY/exe/cactus_sim -L 3 /__w/canudax-tests/workspace/simulations/TestJob01_temp_1/output-0000/arrangements/CanudaX/CanudaX_BSSNMoL/test/gaugewave.par

OPENMP DISPLAY ENVIRONMENT BEGIN
  _OPENMP = '201511'
  [host] OMP_DYNAMIC = 'FALSE'
  [host] OMP_NESTED = 'FALSE'
  [host] OMP_NUM_THREADS = '2'
  [host] OMP_SCHEDULE = 'DYNAMIC'
  [host] OMP_PROC_BIND = 'FALSE'
  [host] OMP_PLACES = ''
  [host] OMP_STACKSIZE = '8388608'
  [host] OMP_WAIT_POLICY = 'PASSIVE'
  [host] OMP_THREAD_LIMIT = '4294967295'
  [host] OMP_MAX_ACTIVE_LEVELS = '1'
  [host] OMP_NUM_TEAMS = '0'
  [host] OMP_TEAMS_THREAD_LIMIT = '0'
  [all] OMP_CANCELLATION = 'FALSE'
  [all] OMP_DEFAULT_DEVICE = '0'
  [all] OMP_MAX_TASK_PRIORITY = '0'
  [all] OMP_DISPLAY_AFFINITY = 'FALSE'
  [host] OMP_AFFINITY_FORMAT = 'level %L thread %i affinity %A'
  [host] OMP_ALLOCATOR = 'omp_default_mem_alloc'
  [all] OMP_TARGET_OFFLOAD = 'DEFAULT'
OPENMP DISPLAY ENVIRONMENT END
INFO (Cactus): Increased logging level from 0 to 3
--------------------------------------------------------------------------------

       10                                  
  1   0101       ************************  
  01  1010 10      The Cactus Code V4.18.0    
 1010 1101 011      www.cactuscode.org     
  1001 100101    ************************  
    00010101                               
     100011     (c) Copyright The Authors  
      0100      GNU Licensed. No Warranty  
      0101                                 
--------------------------------------------------------------------------------

Cactus version:    4.18.0
Compile date:      Apr 17 2026 (16:53:24)
Run date:          Apr 17 2026 (16:53:32+0000)
Run host:          34c2c922cfbb (pid=15668)
Working directory: /__w/canudax-tests/workspace/simulations/TestJob01_temp_1/output-0000/TEST/sim/CanudaX_BSSNMoL
Executable:        /__w/canudax-tests/workspace/simulations/TestJob01_temp_1/SIMFACTORY/exe/cactus_sim
Parameter file:    /__w/canudax-tests/workspace/simulations/TestJob01_temp_1/output-0000/arrangements/CanudaX/CanudaX_BSSNMoL/test/gaugewave.par
--------------------------------------------------------------------------------

Activating thorn Cactus...Success -> active implementation Cactus
Activation requested for 
--->ADMBaseX CanudaX_BSSNMoL CanudaX_ExactID CarpetX IOUtil ODESolvers TmunuBaseX<---
Thorn ADMBaseX requests automatic activation of Loop
Thorn CarpetX requests automatic activation of AMReX
Thorn CarpetX requests automatic activation of MPI
Thorn CarpetX requests automatic activation of yaml_cpp
Thorn CarpetX requests automatic activation of zlib
Thorn CarpetX requests automatic activation of Arith
Thorn CarpetX requests automatic activation of CarpetXRegrid
Thorn CarpetX requests automatic activation of ADIOS2
Thorn CarpetX requests automatic activation of openPMD
Thorn CarpetX requests automatic activation of Silo
Thorn ODESolvers requests automatic activation of Subcycling
Thorn Arith requests automatic activation of NSIMD
Thorn MPI requests automatic activation of hwloc
Thorn openPMD requests automatic activation of HDF5
Activating thorn ADIOS2...Success -> active implementation ADIOS2
Activating thorn ADMBaseX...Success -> active implementation ADMBaseX
Activating thorn AMReX...Success -> active implementation AMReX
Activating thorn Arith...Success -> active implementation Arith
Activating thorn CanudaX_BSSNMoL...Success -> active implementation CanudaX_BSSNMoL
Activating thorn CanudaX_ExactID...Success -> active implementation CanudaX_ExactID
Activating thorn CarpetX...Success -> active implementation Driver
Activating thorn CarpetXRegrid...Success -> active implementation CarpetXRegrid
Activating thorn HDF5...Success -> active implementation HDF5
Activating thorn hwloc...Success -> active implementation hwloc
Activating thorn IOUtil...Success -> active implementation IO
Activating thorn Loop...Success -> active implementation Loop
Activating thorn MPI...Success -> active implementation MPI
Activating thorn NSIMD...Success -> active implementation NSIMD
Activating thorn ODESolvers...Success -> active implementation ODESolvers
Activating thorn openPMD...Success -> active implementation openPMD
Activating thorn Silo...Success -> active implementation Silo
Activating thorn Subcycling...Success -> active implementation Subcycling
Activating thorn TmunuBaseX...Success -> active implementation TmunuBaseX
Activating thorn yaml_cpp...Success -> active implementation yaml_cpp
Activating thorn zlib...Success -> active implementation zlib
--------------------------------------------------------------------------------
  if (recover initial data)
    Recover parameters
  endif

  Startup routines
    [CCTK_STARTUP]
      CarpetX::Driver_Startup: Start up the driver
      IOUtil::IOUtil_Startup: Startup routine
      GROUP hwloc_startup: hwloc startup group
        hwloc::hwloc_version: Output hwloc version

  Startup routines which need an existing grid hierarchy
    [CCTK_WRAGH]
      Arith::Test_smallvector: [meta] Test small vectors
      Arith::Test_spvect: [meta] Test sparse vectors
      ODESolvers::ODESolvers_InitConstants: [global] Set up dummy loop counters for schedule printout
  Parameter checking routines
    [CCTK_PARAMCHECK]
      CanudaX_BSSNMoL::CanudaX_BSSNMoL_paramcheck: Check CanudaX_BSSNMoL parameters for consistency

  Initialisation
    if (NOT (recover initial data AND recovery_mode is 'strict'))
      [CCTK_PREREGRIDINITIAL]
      Set up grid hierarchy
      [CCTK_POSTREGRIDINITIAL]
      [CCTK_BASEGRID]
        CarpetXRegrid::CarpetXRegrid_InitError: Initialize regridding error to zero
        GROUP ODESolvers_BaseGrid: Set up constants (e.g. coordinates) everywhere on the grid
      [CCTK_INITIAL]
        GROUP TmunuBaseX_SetTmunuVars: Schedule group for setting T_munu
          TmunuBaseX::TmunuBaseX_ZeroTmunu: Set T_munu to zero
          GROUP TmunuBaseX_AddToTmunu: Add to T_munu here
        GROUP ODESolvers_Initial: Set up initial conditions on interior of state vector
          GROUP ADMBaseX_InitialData: Schedule group for calculating ADM initial data
            GROUP CanudaX_ExactIDGroup: CanudaX_ExactID group for setting up initial data
              CanudaX_ExactID::CanudaX_ExactID_GaugeWave: [local] Create gauge wave initial data
          GROUP ADMBaseX_InitialGauge: Schedule group for the ADM initial gauge condition
            ADMBaseX::ADMBaseX_initial_dtlapse: Set dtlapse to zero
            ADMBaseX::ADMBaseX_initial_dtshift: Set dtshift to zero
          GROUP ADMBaseX_PostInitial: Schedule group for modifying the ADM initial data, such as e.g. adding noise
        GROUP Subcycling_RMBndryGroup: Check if the ghost points are at refinement boundary
          Subcycling::Subcycling_SetLevelNeighbor: Set isrmbndry
          Subcycling::Subcycling_SetIsRMBndry: Set isrmbndry
        GROUP CanudaX_BSSNMoL_InitialGroup: CanudaX_BSSNMoL: initial bin
          CanudaX_BSSNMoL::CanudaX_BSSNMoL_adm2bssn: [local] Convert initial data into BSSN variables
          CanudaX_BSSNMoL::CanudaX_BSSNMoL_gammat: [local] Set Gammat initial data
      [CCTK_POSTINITIAL]
        GROUP ODESolvers_PostStep: Apply boundary conditions to state vector, and project if necessary
          GROUP CanudaX_BSSNMoL_PostStepGroup: CanudaX_BSSNMoL: post-step operations
            CanudaX_BSSNMoL::CanudaX_BSSNMoL_impose_conf_fac_floor: Make sure conformal factor does not drop below specified value
            CanudaX_BSSNMoL::CanudaX_BSSNMoL_reset_detmetric: reset dethh = 1
            CanudaX_BSSNMoL::CanudaX_BSSNMoL_remove_trA: Remove trace of A
          GROUP ADMBaseX_SetADMRHS: Set ADM RHS variables in this group
          CanudaX_BSSNMoL::CanudaX_BSSNMoL_sync: [global] Sync state vector
          GROUP ADMBaseX_SetADMVars: Set ADM variables in this group
            CanudaX_BSSNMoL::CanudaX_BSSNMoL_bssn2adm: [local] Convert variables back to the ADM ones
          GROUP TmunuBaseX_SetTmunuVars: Schedule group for setting T_munu
            TmunuBaseX::TmunuBaseX_ZeroTmunu: Set T_munu to zero
            GROUP TmunuBaseX_AddToTmunu: Add to T_munu here
        GROUP ODESolvers_EstimateError: Estimate discretization error (for regridding)
      Initialise finer grids recursively
      Restrict from finer grids
      [CCTK_POSTRESTRICTINITIAL]
      [CCTK_POSTPOSTINITIAL]
      [CCTK_POSTSTEP]
        GROUP ODESolvers_EstimateError: Estimate discretization error (for regridding)
    endif
    if (recover initial data)
      [CCTK_BASEGRID]
        CarpetXRegrid::CarpetXRegrid_InitError: Initialize regridding error to zero
        GROUP ODESolvers_BaseGrid: Set up constants (e.g. coordinates) everywhere on the grid
      [CCTK_RECOVER_VARIABLES]
      [CCTK_POST_RECOVER_VARIABLES]
        GROUP ODESolvers_PostStep: Apply boundary conditions to state vector, and project if necessary
          GROUP CanudaX_BSSNMoL_PostStepGroup: CanudaX_BSSNMoL: post-step operations
            CanudaX_BSSNMoL::CanudaX_BSSNMoL_impose_conf_fac_floor: Make sure conformal factor does not drop below specified value
            CanudaX_BSSNMoL::CanudaX_BSSNMoL_reset_detmetric: reset dethh = 1
            CanudaX_BSSNMoL::CanudaX_BSSNMoL_remove_trA: Remove trace of A
          GROUP ADMBaseX_SetADMRHS: Set ADM RHS variables in this group
          CanudaX_BSSNMoL::CanudaX_BSSNMoL_sync: [global] Sync state vector
          GROUP ADMBaseX_SetADMVars: Set ADM variables in this group
            CanudaX_BSSNMoL::CanudaX_BSSNMoL_bssn2adm: [local] Convert variables back to the ADM ones
          GROUP TmunuBaseX_SetTmunuVars: Schedule group for setting T_munu
            TmunuBaseX::TmunuBaseX_ZeroTmunu: Set T_munu to zero
            GROUP TmunuBaseX_AddToTmunu: Add to T_munu here
        GROUP ODESolvers_EstimateError: Estimate discretization error (for regridding)
        GROUP Subcycling_RMBndryGroup: Check if the ghost points are at refinement boundary
          Subcycling::Subcycling_SetLevelNeighbor: Set isrmbndry
          Subcycling::Subcycling_SetIsRMBndry: Set isrmbndry
    endif
    if (checkpoint initial data)
      [CCTK_CPINITIAL]
        CarpetX::CarpetX_CheckpointInitial: [meta] Checkpoint initial conditions
    endif
    if (analysis)
      [CCTK_ANALYSIS]
        CanudaX_BSSNMoL::CanudaX_BSSNMoL_calc_ricci_for_constraints: MoL ricci tensor and scalar calculation
        CanudaX_BSSNMoL::CanudaX_BSSNMoL_bssn_constraints: Compute constraints
        GROUP ODESolvers_Analysis: Calculate analysis quantities everywhere
  endif
  Output grid variables

  do loop over timesteps
    [CCTK_PREREGRID]
    Change grid hierarchy
    [CCTK_POSTREGRID]
      GROUP ODESolvers_PostStep: Apply boundary conditions to state vector, and project if necessary
        GROUP CanudaX_BSSNMoL_PostStepGroup: CanudaX_BSSNMoL: post-step operations
          CanudaX_BSSNMoL::CanudaX_BSSNMoL_impose_conf_fac_floor: Make sure conformal factor does not drop below specified value
          CanudaX_BSSNMoL::CanudaX_BSSNMoL_reset_detmetric: reset dethh = 1
          CanudaX_BSSNMoL::CanudaX_BSSNMoL_remove_trA: Remove trace of A
        GROUP ADMBaseX_SetADMRHS: Set ADM RHS variables in this group
        CanudaX_BSSNMoL::CanudaX_BSSNMoL_sync: [global] Sync state vector
        GROUP ADMBaseX_SetADMVars: Set ADM variables in this group
          CanudaX_BSSNMoL::CanudaX_BSSNMoL_bssn2adm: [local] Convert variables back to the ADM ones
        GROUP TmunuBaseX_SetTmunuVars: Schedule group for setting T_munu
          TmunuBaseX::TmunuBaseX_ZeroTmunu: Set T_munu to zero
          GROUP TmunuBaseX_AddToTmunu: Add to T_munu here
      GROUP Subcycling_RMBndryGroup: Check if the ghost points are at refinement boundary
        Subcycling::Subcycling_SetLevelNeighbor: Set isrmbndry
        Subcycling::Subcycling_SetIsRMBndry: Set isrmbndry
    Rotate timelevels
    iteration = iteration+1
    t = t+dt
    [CCTK_PRESTEP]
    [CCTK_EVOL]
      ODESolvers::ODESolvers_Solve_Subcycling: [level] Solve ODEs using Subcycling
      while (ODESolvers::do_substeps)
        GROUP ODESolvers_CalledBySolve: Groups internally scheduled by ODESolvers_Solve
          GROUP ODESolvers_RHS: Evaluate the RHS for of state vector everywhere on the grid
            GROUP CanudaX_BSSNMoL_RHSGroup: CanudaX_BSSNMoL: calculate BSSN RHS
              CanudaX_BSSNMoL::CanudaX_BSSNMoL_calc_ricci: MoL ricci tensor and scalar calculation
              CanudaX_BSSNMoL::CanudaX_BSSNMoL_calc_bssn_rhs: MoL RHS calculation
              CanudaX_BSSNMoL::CanudaX_BSSNMoL_apply_boundary_conditions: Apply radiative boundary conditions 
          GROUP ODESolvers_PostStep: Apply boundary conditions to state vector, and project if necessary
            GROUP CanudaX_BSSNMoL_PostStepGroup: CanudaX_BSSNMoL: post-step operations
              CanudaX_BSSNMoL::CanudaX_BSSNMoL_impose_conf_fac_floor: Make sure conformal factor does not drop below specified value
              CanudaX_BSSNMoL::CanudaX_BSSNMoL_reset_detmetric: reset dethh = 1
              CanudaX_BSSNMoL::CanudaX_BSSNMoL_remove_trA: Remove trace of A
            GROUP ADMBaseX_SetADMRHS: Set ADM RHS variables in this group
            CanudaX_BSSNMoL::CanudaX_BSSNMoL_sync: [global] Sync state vector
            GROUP ADMBaseX_SetADMVars: Set ADM variables in this group
              CanudaX_BSSNMoL::CanudaX_BSSNMoL_bssn2adm: [local] Convert variables back to the ADM ones
            GROUP TmunuBaseX_SetTmunuVars: Schedule group for setting T_munu
              TmunuBaseX::TmunuBaseX_ZeroTmunu: Set T_munu to zero
              GROUP TmunuBaseX_AddToTmunu: Add to T_munu here
      end while
    Evolve finer grids recursively
    Restrict from finer grids
    [CCTK_POSTRESTRICT]
      GROUP ODESolvers_PostStep: Apply boundary conditions to state vector, and project if necessary
        GROUP CanudaX_BSSNMoL_PostStepGroup: CanudaX_BSSNMoL: post-step operations
          CanudaX_BSSNMoL::CanudaX_BSSNMoL_impose_conf_fac_floor: Make sure conformal factor does not drop below specified value
          CanudaX_BSSNMoL::CanudaX_BSSNMoL_reset_detmetric: reset dethh = 1
          CanudaX_BSSNMoL::CanudaX_BSSNMoL_remove_trA: Remove trace of A
        GROUP ADMBaseX_SetADMRHS: Set ADM RHS variables in this group
        CanudaX_BSSNMoL::CanudaX_BSSNMoL_sync: [global] Sync state vector
        GROUP ADMBaseX_SetADMVars: Set ADM variables in this group
          CanudaX_BSSNMoL::CanudaX_BSSNMoL_bssn2adm: [local] Convert variables back to the ADM ones
        GROUP TmunuBaseX_SetTmunuVars: Schedule group for setting T_munu
          TmunuBaseX::TmunuBaseX_ZeroTmunu: Set T_munu to zero
          GROUP TmunuBaseX_AddToTmunu: Add to T_munu here
    [CCTK_POSTSTEP]
      GROUP ODESolvers_EstimateError: Estimate discretization error (for regridding)
    if (checkpoint)
      [CCTK_CHECKPOINT]
      CarpetX::CarpetX_Checkpoint: [meta] Checkpoint
    endif
    if (analysis)
      [CCTK_ANALYSIS]
      CanudaX_BSSNMoL::CanudaX_BSSNMoL_calc_ricci_for_constraints: MoL ricci tensor and scalar calculation
      CanudaX_BSSNMoL::CanudaX_BSSNMoL_bssn_constraints: Compute constraints
      GROUP ODESolvers_Analysis: Calculate analysis quantities everywhere
    endif
    Output grid variables
    enddo

  Termination routines
    [CCTK_TERMINATE]
      CarpetX::CarpetX_CheckpointTerminate: [meta] Checkpoint before terminating

  Shutdown routines
    [CCTK_SHUTDOWN]
      CarpetX::Driver_Shutdown: [meta] Shut down the driver

  Routines run after changing the grid hierarchy:
    [CCTK_POSTREGRID]
      GROUP ODESolvers_PostStep: Apply boundary conditions to state vector, and project if necessary
        GROUP CanudaX_BSSNMoL_PostStepGroup: CanudaX_BSSNMoL: post-step operations
          CanudaX_BSSNMoL::CanudaX_BSSNMoL_impose_conf_fac_floor: Make sure conformal factor does not drop below specified value
          CanudaX_BSSNMoL::CanudaX_BSSNMoL_reset_detmetric: reset dethh = 1
          CanudaX_BSSNMoL::CanudaX_BSSNMoL_remove_trA: Remove trace of A
        GROUP ADMBaseX_SetADMRHS: Set ADM RHS variables in this group
        CanudaX_BSSNMoL::CanudaX_BSSNMoL_sync: [global] Sync state vector
        GROUP ADMBaseX_SetADMVars: Set ADM variables in this group
          CanudaX_BSSNMoL::CanudaX_BSSNMoL_bssn2adm: [local] Convert variables back to the ADM ones
        GROUP TmunuBaseX_SetTmunuVars: Schedule group for setting T_munu
          TmunuBaseX::TmunuBaseX_ZeroTmunu: Set T_munu to zero
          GROUP TmunuBaseX_AddToTmunu: Add to T_munu here
      GROUP Subcycling_RMBndryGroup: Check if the ghost points are at refinement boundary
        Subcycling::Subcycling_SetLevelNeighbor: Set isrmbndry
        Subcycling::Subcycling_SetIsRMBndry: Set isrmbndry
--------------------------------------------------------------------------------
INFO (hwloc): library version 2.10.0, API version 0x20800
--------------------------------------------------------------------------------
                                                            
   _______ _______  ______  _____  _______ _______ _     _  
   |       |_____| |_____/ |_____] |______    |     \___/   
   |_____  |     | |    \_ |       |______    |    _/   \_  
                                                            
AMR driver provided by CarpetX,
using AMReX 25.11 (MPI, OpenMP, no accelerators, optimized)
--------------------------------------------------------------------------------

Initializing AMReX (25.11)...
MPI initialized with 1 MPI processes
MPI initialized with thread support level 2
OMP initialized with 2 OMP threads
AMReX (25.11) initialized
INFO (CarpetX): 
Symmetries:
  lower x: periodic
  lower y: periodic
  lower z: periodic
  upper x: periodic
  upper y: periodic
  upper z: periodic
Default boundaries:
  lower x: symmetry_boundary
  lower y: symmetry_boundary
  lower z: symmetry_boundary
  upper x: symmetry_boundary
  upper y: symmetry_boundary
  upper z: symmetry_boundary
INFO (Arith): Test_smallvector
INFO (Arith): Test_spvect
INFO (CarpetX): Setting initial values for max_grid_size values for all levels
INFO (CarpetX): Setting up initial conditions...
INFO (CarpetX): Iteration: 0   time: 0   delta_time: 0.00390625
INFO (CarpetX): Patch 0:
INFO (CarpetX):   Grid extent:
INFO (CarpetX):     gsh=[71,15,15]
INFO (CarpetX):     blocking_factor=[8,8,8]
INFO (CarpetX):     max_grid_size=[10000000,10000000,10000000]
INFO (CarpetX):     max_tile_size=[1024000,16,32]
INFO (CarpetX):   Domain extent:
INFO (CarpetX):     xmin=[-0.5,-0.0625,-0.0625]
INFO (CarpetX):     xmax=[0.5,0.0625,0.0625]
INFO (CarpetX):     base dx=[0.015625,0.015625,0.015625]
INFO (CarpetX): Initializing level 0...
INFO (CanudaX_ExactID): Begin Gauge Wave initial data
INFO (CanudaX_ExactID): === End gauge wave initial data ===
INFO (CarpetX): Regridding...
INFO (CarpetX):   level 0: 1 boxes, 4096 cells (100%)
INFO (CarpetX): Initialized 1 levels
INFO (CarpetX): Starting evolution...
INFO (ODESolvers): Integrator is RK4
INFO (CarpetX): Simulation time: 0.00390625   Iterations per second: 13.9542   Simulation time per second: 0.0545087
INFO (CarpetX): Grid cells: 4096   Grid cell updates per second: 57156.5
INFO (CarpetX): Performance:
INFO (CarpetX):   total evolution time:            0.0716629 sec
INFO (CarpetX):   total evolution compute time:    0.0716579 sec
INFO (CarpetX):   total evolution output time:     5.00679e-06 sec
INFO (CarpetX):   total iterations:                1
INFO (CarpetX):   total cells updated:             4096
INFO (CarpetX):   average iterations per second: 13.9542
INFO (CarpetX):   average cell updates per second: 57156.5
INFO (CarpetX): Simulation time: 0.0078125   Iterations per second: 14.8332   Simulation time per second: 0.0579421
INFO (CarpetX): Grid cells: 4096   Grid cell updates per second: 60756.7
INFO (CarpetX): Performance:
INFO (CarpetX):   total evolution time:            0.134833 sec
INFO (CarpetX):   total evolution compute time:    0.134824 sec
INFO (CarpetX):   total evolution output time:     9.05991e-06 sec
INFO (CarpetX):   total iterations:                2
INFO (CarpetX):   total cells updated:             8192
INFO (CarpetX):   average iterations per second: 14.8332
INFO (CarpetX):   average cell updates per second: 60756.7
INFO (CarpetX): Simulation time: 0.0117188   Iterations per second: 15.1646   Simulation time per second: 0.0592368
INFO (CarpetX): Grid cells: 4096   Grid cell updates per second: 62114.3
INFO (CarpetX): Performance:
INFO (CarpetX):   total evolution time:            0.197829 sec
INFO (CarpetX):   total evolution compute time:    0.197815 sec
INFO (CarpetX):   total evolution output time:     1.38283e-05 sec
INFO (CarpetX):   total iterations:                3
INFO (CarpetX):   total cells updated:             12288
INFO (CarpetX):   average iterations per second: 15.1646
INFO (CarpetX):   average cell updates per second: 62114.3
INFO (CarpetX): Simulation time: 0.015625   Iterations per second: 15.312   Simulation time per second: 0.0598124
INFO (CarpetX): Grid cells: 4096   Grid cell updates per second: 62717.8
INFO (CarpetX): Performance:
INFO (CarpetX):   total evolution time:            0.261234 sec
INFO (CarpetX):   total evolution compute time:    0.261216 sec
INFO (CarpetX):   total evolution output time:     1.7643e-05 sec
INFO (CarpetX):   total iterations:                4
INFO (CarpetX):   total cells updated:             16384
INFO (CarpetX):   average iterations per second: 15.312
INFO (CarpetX):   average cell updates per second: 62717.8
INFO (CarpetX): Simulation time: 0.0195312   Iterations per second: 15.4144   Simulation time per second: 0.0602124
INFO (CarpetX): Grid cells: 4096   Grid cell updates per second: 63137.3
INFO (CarpetX): Performance:
INFO (CarpetX):   total evolution time:            0.324373 sec
INFO (CarpetX):   total evolution compute time:    0.324351 sec
INFO (CarpetX):   total evolution output time:     2.16961e-05 sec
INFO (CarpetX):   total iterations:                5
INFO (CarpetX):   total cells updated:             20480
INFO (CarpetX):   average iterations per second: 15.4144
INFO (CarpetX):   average cell updates per second: 63137.3
INFO (CarpetX): Simulation time: 0.0234375   Iterations per second: 15.4854   Simulation time per second: 0.06049
INFO (CarpetX): Grid cells: 4096   Grid cell updates per second: 63428.4
INFO (CarpetX): Performance:
INFO (CarpetX):   total evolution time:            0.387461 sec
INFO (CarpetX):   total evolution compute time:    0.387435 sec
INFO (CarpetX):   total evolution output time:     2.55108e-05 sec
INFO (CarpetX):   total iterations:                6
INFO (CarpetX):   total cells updated:             24576
INFO (CarpetX):   average iterations per second: 15.4854
INFO (CarpetX):   average cell updates per second: 63428.4
INFO (CarpetX): Simulation time: 0.0273438   Iterations per second: 15.5429   Simulation time per second: 0.0607143
INFO (CarpetX): Grid cells: 4096   Grid cell updates per second: 63663.5
INFO (CarpetX): Performance:
INFO (CarpetX):   total evolution time:            0.450368 sec
INFO (CarpetX):   total evolution compute time:    0.450338 sec
INFO (CarpetX):   total evolution output time:     2.95639e-05 sec
INFO (CarpetX):   total iterations:                7
INFO (CarpetX):   total cells updated:             28672
INFO (CarpetX):   average iterations per second: 15.5429
INFO (CarpetX):   average cell updates per second: 63663.5
INFO (CarpetX): Simulation time: 0.03125   Iterations per second: 15.5831   Simulation time per second: 0.0608716
INFO (CarpetX): Grid cells: 4096   Grid cell updates per second: 63828.5
INFO (CarpetX): Performance:
INFO (CarpetX):   total evolution time:            0.513376 sec
INFO (CarpetX):   total evolution compute time:    0.513342 sec
INFO (CarpetX):   total evolution output time:     3.3617e-05 sec
INFO (CarpetX):   total iterations:                8
INFO (CarpetX):   total cells updated:             32768
INFO (CarpetX):   average iterations per second: 15.5831
INFO (CarpetX):   average cell updates per second: 63828.5
INFO (CarpetX): Simulation time: 0.0351562   Iterations per second: 15.608   Simulation time per second: 0.0609686
INFO (CarpetX): Grid cells: 4096   Grid cell updates per second: 63930.2
INFO (CarpetX): Performance:
INFO (CarpetX):   total evolution time:            0.576628 sec
INFO (CarpetX):   total evolution compute time:    0.576591 sec
INFO (CarpetX):   total evolution output time:     3.76701e-05 sec
INFO (CarpetX):   total iterations:                9
INFO (CarpetX):   total cells updated:             36864
INFO (CarpetX):   average iterations per second: 15.608
INFO (CarpetX):   average cell updates per second: 63930.2
INFO (CarpetX): Simulation time: 0.0390625   Iterations per second: 15.6279   Simulation time per second: 0.0610467
INFO (CarpetX): Grid cells: 4096   Grid cell updates per second: 64012.1
INFO (CarpetX): Performance:
INFO (CarpetX):   total evolution time:            0.639879 sec
INFO (CarpetX):   total evolution compute time:    0.639838 sec
INFO (CarpetX):   total evolution output time:     4.14848e-05 sec
INFO (CarpetX):   total iterations:                10
INFO (CarpetX):   total cells updated:             40960
INFO (CarpetX):   average iterations per second: 15.6279
INFO (CarpetX):   average cell updates per second: 64012.1
INFO (CarpetX): Simulation time: 0.0429688   Iterations per second: 15.6474   Simulation time per second: 0.0611225
INFO (CarpetX): Grid cells: 4096   Grid cell updates per second: 64091.6
INFO (CarpetX): Performance:
INFO (CarpetX):   total evolution time:            0.703074 sec
INFO (CarpetX):   total evolution compute time:    0.703028 sec
INFO (CarpetX):   total evolution output time:     4.55379e-05 sec
INFO (CarpetX):   total iterations:                11
INFO (CarpetX):   total cells updated:             45056
INFO (CarpetX):   average iterations per second: 15.6456
INFO (CarpetX):   average cell updates per second: 64084.3
INFO (CarpetX): Simulation time: 0.046875   Iterations per second: 15.6642   Simulation time per second: 0.0611882
INFO (CarpetX): Grid cells: 4096   Grid cell updates per second: 64160.5
INFO (CarpetX): Performance:
INFO (CarpetX):   total evolution time:            0.766295 sec
INFO (CarpetX):   total evolution compute time:    0.766246 sec
INFO (CarpetX):   total evolution output time:     4.95911e-05 sec
INFO (CarpetX):   total iterations:                12
INFO (CarpetX):   total cells updated:             49152
INFO (CarpetX):   average iterations per second: 15.6598
INFO (CarpetX):   average cell updates per second: 64142.4
INFO (CarpetX): Simulation time: 0.0507812   Iterations per second: 15.6815   Simulation time per second: 0.0612557
INFO (CarpetX): Grid cells: 4096   Grid cell updates per second: 64231.2
INFO (CarpetX): Performance:
INFO (CarpetX):   total evolution time:            0.829432 sec
INFO (CarpetX):   total evolution compute time:    0.829378 sec
INFO (CarpetX):   total evolution output time:     5.45979e-05 sec
INFO (CarpetX):   total iterations:                13
INFO (CarpetX):   total cells updated:             53248
INFO (CarpetX):   average iterations per second: 15.6734
INFO (CarpetX):   average cell updates per second: 64198.1
INFO (CarpetX): Simulation time: 0.0546875   Iterations per second: 15.6908   Simulation time per second: 0.0612922
INFO (CarpetX): Grid cells: 4096   Grid cell updates per second: 64269.5
INFO (CarpetX): Performance:
INFO (CarpetX):   total evolution time:            0.892823 sec
INFO (CarpetX):   total evolution compute time:    0.892764 sec
INFO (CarpetX):   total evolution output time:     5.8651e-05 sec
INFO (CarpetX):   total iterations:                14
INFO (CarpetX):   total cells updated:             57344
INFO (CarpetX):   average iterations per second: 15.6806
INFO (CarpetX):   average cell updates per second: 64227.8
INFO (CarpetX): Simulation time: 0.0585938   Iterations per second: 15.7028   Simulation time per second: 0.061339
INFO (CarpetX): Grid cells: 4096   Grid cell updates per second: 64318.6
INFO (CarpetX): Performance:
INFO (CarpetX):   total evolution time:            0.956067 sec
INFO (CarpetX):   total evolution compute time:    0.956005 sec
INFO (CarpetX):   total evolution output time:     6.24657e-05 sec
INFO (CarpetX):   total iterations:                15
INFO (CarpetX):   total cells updated:             61440
INFO (CarpetX):   average iterations per second: 15.6893
INFO (CarpetX):   average cell updates per second: 64263.3
INFO (CarpetX): Simulation time: 0.0625   Iterations per second: 15.7148   Simulation time per second: 0.061386
INFO (CarpetX): Grid cells: 4096   Grid cell updates per second: 64367.9
INFO (CarpetX): Performance:
INFO (CarpetX):   total evolution time:            1.01926 sec
INFO (CarpetX):   total evolution compute time:    1.0192 sec
INFO (CarpetX):   total evolution output time:     6.62804e-05 sec
INFO (CarpetX):   total iterations:                16
INFO (CarpetX):   total cells updated:             65536
INFO (CarpetX):   average iterations per second: 15.6976
INFO (CarpetX):   average cell updates per second: 64297.5
INFO (CarpetX): Simulation time: 0.0664062   Iterations per second: 15.7239   Simulation time per second: 0.0614214
INFO (CarpetX): Grid cells: 4096   Grid cell updates per second: 64405
INFO (CarpetX): Performance:
INFO (CarpetX):   total evolution time:            1.08253 sec
INFO (CarpetX):   total evolution compute time:    1.08246 sec
INFO (CarpetX):   total evolution output time:     7.03335e-05 sec
INFO (CarpetX):   total iterations:                17
INFO (CarpetX):   total cells updated:             69632
INFO (CarpetX):   average iterations per second: 15.7039
INFO (CarpetX):   average cell updates per second: 64323.4
INFO (CarpetX): Simulation time: 0.0703125   Iterations per second: 15.7303   Simulation time per second: 0.0614465
INFO (CarpetX): Grid cells: 4096   Grid cell updates per second: 64431.4
INFO (CarpetX): Performance:
INFO (CarpetX):   total evolution time:            1.14587 sec
INFO (CarpetX):   total evolution compute time:    1.14579 sec
INFO (CarpetX):   total evolution output time:     7.43866e-05 sec
INFO (CarpetX):   total iterations:                18
INFO (CarpetX):   total cells updated:             73728
INFO (CarpetX):   average iterations per second: 15.7086
INFO (CarpetX):   average cell updates per second: 64342.5
INFO (CarpetX): Simulation time: 0.0742188   Iterations per second: 15.7317   Simulation time per second: 0.061452
INFO (CarpetX): Grid cells: 4096   Grid cell updates per second: 64437.1
INFO (CarpetX): Performance:
INFO (CarpetX):   total evolution time:            1.20938 sec
INFO (CarpetX):   total evolution compute time:    1.2093 sec
INFO (CarpetX):   total evolution output time:     7.93934e-05 sec
INFO (CarpetX):   total iterations:                19
INFO (CarpetX):   total cells updated:             77824
INFO (CarpetX):   average iterations per second: 15.7105
INFO (CarpetX):   average cell updates per second: 64350.2
INFO (CarpetX): Simulation time: 0.078125   Iterations per second: 15.7304   Simulation time per second: 0.0614469
INFO (CarpetX): Grid cells: 4096   Grid cell updates per second: 64431.7
INFO (CarpetX): Performance:
INFO (CarpetX):   total evolution time:            1.273 sec
INFO (CarpetX):   total evolution compute time:    1.27292 sec
INFO (CarpetX):   total evolution output time:     8.34465e-05 sec
INFO (CarpetX):   total iterations:                20
INFO (CarpetX):   total cells updated:             81920
INFO (CarpetX):   average iterations per second: 15.7109
INFO (CarpetX):   average cell updates per second: 64351.9
INFO (CarpetX): Simulation time: 0.0820312   Iterations per second: 15.73   Simulation time per second: 0.0614453
INFO (CarpetX): Grid cells: 4096   Grid cell updates per second: 64430
INFO (CarpetX): Performance:
INFO (CarpetX):   total evolution time:            1.33659 sec
INFO (CarpetX):   total evolution compute time:    1.3365 sec
INFO (CarpetX):   total evolution output time:     8.74996e-05 sec
INFO (CarpetX):   total iterations:                21
INFO (CarpetX):   total cells updated:             86016
INFO (CarpetX):   average iterations per second: 15.7116
INFO (CarpetX):   average cell updates per second: 64354.8
INFO (CarpetX): Simulation time: 0.0859375   Iterations per second: 15.7379   Simulation time per second: 0.061476
INFO (CarpetX): Grid cells: 4096   Grid cell updates per second: 64462.2
INFO (CarpetX): Performance:
INFO (CarpetX):   total evolution time:            1.39984 sec
INFO (CarpetX):   total evolution compute time:    1.39975 sec
INFO (CarpetX):   total evolution output time:     9.13143e-05 sec
INFO (CarpetX):   total iterations:                22
INFO (CarpetX):   total cells updated:             90112
INFO (CarpetX):   average iterations per second: 15.716
INFO (CarpetX):   average cell updates per second: 64372.9
INFO (CarpetX): Simulation time: 0.0898438   Iterations per second: 15.7317   Simulation time per second: 0.061452
INFO (CarpetX): Grid cells: 4096   Grid cell updates per second: 64437.1
INFO (CarpetX): Performance:
INFO (CarpetX):   total evolution time:            1.46363 sec
INFO (CarpetX):   total evolution compute time:    1.46354 sec
INFO (CarpetX):   total evolution output time:     9.53674e-05 sec
INFO (CarpetX):   total iterations:                23
INFO (CarpetX):   total cells updated:             94208
INFO (CarpetX):   average iterations per second: 15.7143
INFO (CarpetX):   average cell updates per second: 64365.8
INFO (CarpetX): Simulation time: 0.09375   Iterations per second: 15.7239   Simulation time per second: 0.0614215
INFO (CarpetX): Grid cells: 4096   Grid cell updates per second: 64405.1
INFO (CarpetX): Performance:
INFO (CarpetX):   total evolution time:            1.52752 sec
INFO (CarpetX):   total evolution compute time:    1.52742 sec
INFO (CarpetX):   total evolution output time:     9.91821e-05 sec
INFO (CarpetX):   total iterations:                24
INFO (CarpetX):   total cells updated:             98304
INFO (CarpetX):   average iterations per second: 15.7118
INFO (CarpetX):   average cell updates per second: 64355.5
INFO (CarpetX): Simulation time: 0.0976562   Iterations per second: 15.7269   Simulation time per second: 0.0614331
INFO (CarpetX): Grid cells: 4096   Grid cell updates per second: 64417.3
INFO (CarpetX): Performance:
INFO (CarpetX):   total evolution time:            1.59099 sec
INFO (CarpetX):   total evolution compute time:    1.59089 sec
INFO (CarpetX):   total evolution output time:     0.000104189 sec
INFO (CarpetX):   total iterations:                25
INFO (CarpetX):   total cells updated:             102400
INFO (CarpetX):   average iterations per second: 15.7135
INFO (CarpetX):   average cell updates per second: 64362.4
INFO (CarpetX): Simulation time: 0.101562   Iterations per second: 15.7295   Simulation time per second: 0.0614434
INFO (CarpetX): Grid cells: 4096   Grid cell updates per second: 64428.1
INFO (CarpetX): Performance:
INFO (CarpetX):   total evolution time:            1.65447 sec
INFO (CarpetX):   total evolution compute time:    1.65436 sec
INFO (CarpetX):   total evolution output time:     0.000108242 sec
INFO (CarpetX):   total iterations:                26
INFO (CarpetX):   total cells updated:             106496
INFO (CarpetX):   average iterations per second: 15.715
INFO (CarpetX):   average cell updates per second: 64368.6
INFO (CarpetX): Simulation time: 0.105469   Iterations per second: 15.7235   Simulation time per second: 0.0614201
INFO (CarpetX): Grid cells: 4096   Grid cell updates per second: 64403.6
INFO (CarpetX): Performance:
INFO (CarpetX):   total evolution time:            1.71829 sec
INFO (CarpetX):   total evolution compute time:    1.71817 sec
INFO (CarpetX):   total evolution output time:     0.000112295 sec
INFO (CarpetX):   total iterations:                27
INFO (CarpetX):   total cells updated:             110592
INFO (CarpetX):   average iterations per second: 15.7133
INFO (CarpetX):   average cell updates per second: 64361.8
INFO (CarpetX): Simulation time: 0.109375   Iterations per second: 15.7208   Simulation time per second: 0.0614094
INFO (CarpetX): Grid cells: 4096   Grid cell updates per second: 64392.4
INFO (CarpetX): Performance:
INFO (CarpetX):   total evolution time:            1.782 sec
INFO (CarpetX):   total evolution compute time:    1.78188 sec
INFO (CarpetX):   total evolution output time:     0.000117302 sec
INFO (CarpetX):   total iterations:                28
INFO (CarpetX):   total cells updated:             114688
INFO (CarpetX):   average iterations per second: 15.7127
INFO (CarpetX):   average cell updates per second: 64359.2
INFO (CarpetX): Simulation time: 0.113281   Iterations per second: 15.7178   Simulation time per second: 0.0613977
INFO (CarpetX): Grid cells: 4096   Grid cell updates per second: 64380.1
INFO (CarpetX): Performance:
INFO (CarpetX):   total evolution time:            1.84573 sec
INFO (CarpetX):   total evolution compute time:    1.84561 sec
INFO (CarpetX):   total evolution output time:     0.000121117 sec
INFO (CarpetX):   total iterations:                29
INFO (CarpetX):   total cells updated:             118784
INFO (CarpetX):   average iterations per second: 15.712
INFO (CarpetX):   average cell updates per second: 64356.2
INFO (CarpetX): Simulation time: 0.117188   Iterations per second: 15.7211   Simulation time per second: 0.0614105
INFO (CarpetX): Grid cells: 4096   Grid cell updates per second: 64393.6
INFO (CarpetX): Performance:
INFO (CarpetX):   total evolution time:            1.90922 sec
INFO (CarpetX):   total evolution compute time:    1.90909 sec
INFO (CarpetX):   total evolution output time:     0.000124931 sec
INFO (CarpetX):   total iterations:                30
INFO (CarpetX):   total cells updated:             122880
INFO (CarpetX):   average iterations per second: 15.7132
INFO (CarpetX):   average cell updates per second: 64361.4
INFO (CarpetX): Simulation time: 0.121094   Iterations per second: 15.7233   Simulation time per second: 0.0614193
INFO (CarpetX): Grid cells: 4096   Grid cell updates per second: 64402.8
INFO (CarpetX): Performance:
INFO (CarpetX):   total evolution time:            1.97274 sec
INFO (CarpetX):   total evolution compute time:    1.97261 sec
INFO (CarpetX):   total evolution output time:     0.000128984 sec
INFO (CarpetX):   total iterations:                31
INFO (CarpetX):   total cells updated:             126976
INFO (CarpetX):   average iterations per second: 15.7142
INFO (CarpetX):   average cell updates per second: 64365.4
INFO (CarpetX): Simulation time: 0.125   Iterations per second: 15.7258   Simulation time per second: 0.0614288
INFO (CarpetX): Grid cells: 4096   Grid cell updates per second: 64412.8
INFO (CarpetX): Performance:
INFO (CarpetX):   total evolution time:            2.03624 sec
INFO (CarpetX):   total evolution compute time:    2.0361 sec
INFO (CarpetX):   total evolution output time:     0.000132799 sec
INFO (CarpetX):   total iterations:                32
INFO (CarpetX):   total cells updated:             131072
INFO (CarpetX):   average iterations per second: 15.7153
INFO (CarpetX):   average cell updates per second: 64369.7
INFO (CarpetX): Simulation time: 0.128906   Iterations per second: 15.7171   Simulation time per second: 0.0613948
INFO (CarpetX): Grid cells: 4096   Grid cell updates per second: 64377.1
INFO (CarpetX): Performance:
INFO (CarpetX):   total evolution time:            2.10018 sec
INFO (CarpetX):   total evolution compute time:    2.10004 sec
INFO (CarpetX):   total evolution output time:     0.000136852 sec
INFO (CarpetX):   total iterations:                33
INFO (CarpetX):   total cells updated:             135168
INFO (CarpetX):   average iterations per second: 15.7129
INFO (CarpetX):   average cell updates per second: 64360.2
INFO (CarpetX): Simulation time: 0.132812   Iterations per second: 15.7141   Simulation time per second: 0.0613832
INFO (CarpetX): Grid cells: 4096   Grid cell updates per second: 64365
INFO (CarpetX): Performance:
INFO (CarpetX):   total evolution time:            2.16392 sec
INFO (CarpetX):   total evolution compute time:    2.16377 sec
INFO (CarpetX):   total evolution output time:     0.00015378 sec
INFO (CarpetX):   total iterations:                34
INFO (CarpetX):   total cells updated:             139264
INFO (CarpetX):   average iterations per second: 15.7122
INFO (CarpetX):   average cell updates per second: 64357.2
INFO (CarpetX): Simulation time: 0.136719   Iterations per second: 15.7102   Simulation time per second: 0.0613679
INFO (CarpetX): Grid cells: 4096   Grid cell updates per second: 64348.9
INFO (CarpetX): Performance:
INFO (CarpetX):   total evolution time:            2.22772 sec
INFO (CarpetX):   total evolution compute time:    2.22756 sec
INFO (CarpetX):   total evolution output time:     0.000157833 sec
INFO (CarpetX):   total iterations:                35
INFO (CarpetX):   total cells updated:             143360
INFO (CarpetX):   average iterations per second: 15.7111
INFO (CarpetX):   average cell updates per second: 64352.8
INFO (CarpetX): Simulation time: 0.140625   Iterations per second: 15.7066   Simulation time per second: 0.0613539
INFO (CarpetX): Grid cells: 4096   Grid cell updates per second: 64334.2
INFO (CarpetX): Performance:
INFO (CarpetX):   total evolution time:            2.29152 sec
INFO (CarpetX):   total evolution compute time:    2.29136 sec
INFO (CarpetX):   total evolution output time:     0.000161648 sec
INFO (CarpetX):   total iterations:                36
INFO (CarpetX):   total cells updated:             147456
INFO (CarpetX):   average iterations per second: 15.7101
INFO (CarpetX):   average cell updates per second: 64348.6
INFO (CarpetX): Simulation time: 0.144531   Iterations per second: 15.7076   Simulation time per second: 0.0613578
INFO (CarpetX): Grid cells: 4096   Grid cell updates per second: 64338.3
INFO (CarpetX): Performance:
INFO (CarpetX):   total evolution time:            2.35514 sec
INFO (CarpetX):   total evolution compute time:    2.35498 sec
INFO (CarpetX):   total evolution output time:     0.000165701 sec
INFO (CarpetX):   total iterations:                37
INFO (CarpetX):   total cells updated:             151552
INFO (CarpetX):   average iterations per second: 15.7103
INFO (CarpetX):   average cell updates per second: 64349.3
INFO (CarpetX): Simulation time: 0.148438   Iterations per second: 15.7157   Simulation time per second: 0.0613894
INFO (CarpetX): Grid cells: 4096   Grid cell updates per second: 64371.4
INFO (CarpetX): Performance:
INFO (CarpetX):   total evolution time:            2.41848 sec
INFO (CarpetX):   total evolution compute time:    2.41831 sec
INFO (CarpetX):   total evolution output time:     0.000169754 sec
INFO (CarpetX):   total iterations:                38
INFO (CarpetX):   total cells updated:             155648
INFO (CarpetX):   average iterations per second: 15.7123
INFO (CarpetX):   average cell updates per second: 64357.8
INFO (CarpetX): Simulation time: 0.152344   Iterations per second: 15.7262   Simulation time per second: 0.0614303
INFO (CarpetX): Grid cells: 4096   Grid cell updates per second: 64414.3
INFO (CarpetX): Performance:
INFO (CarpetX):   total evolution time:            2.48169 sec
INFO (CarpetX):   total evolution compute time:    2.48151 sec
INFO (CarpetX):   total evolution output time:     0.000173569 sec
INFO (CarpetX):   total iterations:                39
INFO (CarpetX):   total cells updated:             159744
INFO (CarpetX):   average iterations per second: 15.7151
INFO (CarpetX):   average cell updates per second: 64369.1
INFO (CarpetX): Simulation time: 0.15625   Iterations per second: 15.7378   Simulation time per second: 0.0614758
INFO (CarpetX): Grid cells: 4096   Grid cell updates per second: 64462
INFO (CarpetX): Performance:
INFO (CarpetX):   total evolution time:            2.54481 sec
INFO (CarpetX):   total evolution compute time:    2.54463 sec
INFO (CarpetX):   total evolution output time:     0.000177622 sec
INFO (CarpetX):   total iterations:                40
INFO (CarpetX):   total cells updated:             163840
INFO (CarpetX):   average iterations per second: 15.7183
INFO (CarpetX):   average cell updates per second: 64382.1
INFO (CarpetX): Simulation time: 0.160156   Iterations per second: 15.747   Simulation time per second: 0.0615118
INFO (CarpetX): Grid cells: 4096   Grid cell updates per second: 64499.8
INFO (CarpetX): Performance:
INFO (CarpetX):   total evolution time:            2.60798 sec
INFO (CarpetX):   total evolution compute time:    2.60779 sec
INFO (CarpetX):   total evolution output time:     0.000181675 sec
INFO (CarpetX):   total iterations:                41
INFO (CarpetX):   total cells updated:             167936
INFO (CarpetX):   average iterations per second: 15.721
INFO (CarpetX):   average cell updates per second: 64393.3
INFO (CarpetX): Simulation time: 0.164062   Iterations per second: 15.7547   Simulation time per second: 0.0615418
INFO (CarpetX): Grid cells: 4096   Grid cell updates per second: 64531.3
INFO (CarpetX): Performance:
INFO (CarpetX):   total evolution time:            2.67117 sec
INFO (CarpetX):   total evolution compute time:    2.67098 sec
INFO (CarpetX):   total evolution output time:     0.000185728 sec
INFO (CarpetX):   total iterations:                42
INFO (CarpetX):   total cells updated:             172032
INFO (CarpetX):   average iterations per second: 15.7235
INFO (CarpetX):   average cell updates per second: 64403.3
INFO (CarpetX): Simulation time: 0.167969   Iterations per second: 15.764   Simulation time per second: 0.0615779
INFO (CarpetX): Grid cells: 4096   Grid cell updates per second: 64569.1
INFO (CarpetX): Performance:
INFO (CarpetX):   total evolution time:            2.73427 sec
INFO (CarpetX):   total evolution compute time:    2.73408 sec
INFO (CarpetX):   total evolution output time:     0.000189781 sec
INFO (CarpetX):   total iterations:                43
INFO (CarpetX):   total cells updated:             176128
INFO (CarpetX):   average iterations per second: 15.7263
INFO (CarpetX):   average cell updates per second: 64415
INFO (CarpetX): Simulation time: 0.171875   Iterations per second: 15.7707   Simulation time per second: 0.0616044
INFO (CarpetX): Grid cells: 4096   Grid cell updates per second: 64596.9
INFO (CarpetX): Performance:
INFO (CarpetX):   total evolution time:            2.79743 sec
INFO (CarpetX):   total evolution compute time:    2.79724 sec
INFO (CarpetX):   total evolution output time:     0.000193834 sec
INFO (CarpetX):   total iterations:                44
INFO (CarpetX):   total cells updated:             180224
INFO (CarpetX):   average iterations per second: 15.7287
INFO (CarpetX):   average cell updates per second: 64424.8
INFO (CarpetX): Simulation time: 0.175781   Iterations per second: 15.7789   Simulation time per second: 0.0616362
INFO (CarpetX): Grid cells: 4096   Grid cell updates per second: 64630.2
INFO (CarpetX): Performance:
INFO (CarpetX):   total evolution time:            2.86052 sec
INFO (CarpetX):   total evolution compute time:    2.86032 sec
INFO (CarpetX):   total evolution output time:     0.000198841 sec
INFO (CarpetX):   total iterations:                45
INFO (CarpetX):   total cells updated:             184320
INFO (CarpetX):   average iterations per second: 15.7314
INFO (CarpetX):   average cell updates per second: 64435.9
INFO (CarpetX): Simulation time: 0.179688   Iterations per second: 15.7826   Simulation time per second: 0.0616508
INFO (CarpetX): Grid cells: 4096   Grid cell updates per second: 64645.5
INFO (CarpetX): Performance:
INFO (CarpetX):   total evolution time:            2.92374 sec
INFO (CarpetX):   total evolution compute time:    2.92354 sec
INFO (CarpetX):   total evolution output time:     0.000202894 sec
INFO (CarpetX):   total iterations:                46
INFO (CarpetX):   total cells updated:             188416
INFO (CarpetX):   average iterations per second: 15.7333
INFO (CarpetX):   average cell updates per second: 64443.5
INFO (CarpetX): Simulation time: 0.183594   Iterations per second: 15.7848   Simulation time per second: 0.0616595
INFO (CarpetX): Grid cells: 4096   Grid cell updates per second: 64654.7
INFO (CarpetX): Performance:
INFO (CarpetX):   total evolution time:            2.98701 sec
INFO (CarpetX):   total evolution compute time:    2.98681 sec
INFO (CarpetX):   total evolution output time:     0.000206709 sec
INFO (CarpetX):   total iterations:                47
INFO (CarpetX):   total cells updated:             192512
INFO (CarpetX):   average iterations per second: 15.7348
INFO (CarpetX):   average cell updates per second: 64449.7
INFO (CarpetX): Simulation time: 0.1875   Iterations per second: 15.7863   Simulation time per second: 0.0616653
INFO (CarpetX): Grid cells: 4096   Grid cell updates per second: 64660.7
INFO (CarpetX): Performance:
INFO (CarpetX):   total evolution time:            3.05031 sec
INFO (CarpetX):   total evolution compute time:    3.05009 sec
INFO (CarpetX):   total evolution output time:     0.000210762 sec
INFO (CarpetX):   total iterations:                48
INFO (CarpetX):   total cells updated:             196608
INFO (CarpetX):   average iterations per second: 15.7361
INFO (CarpetX):   average cell updates per second: 64455.2
INFO (CarpetX): Simulation time: 0.191406   Iterations per second: 15.7894   Simulation time per second: 0.0616774
INFO (CarpetX): Grid cells: 4096   Grid cell updates per second: 64673.5
INFO (CarpetX): Performance:
INFO (CarpetX):   total evolution time:            3.11353 sec
INFO (CarpetX):   total evolution compute time:    3.11331 sec
INFO (CarpetX):   total evolution output time:     0.000214577 sec
INFO (CarpetX):   total iterations:                49
INFO (CarpetX):   total cells updated:             200704
INFO (CarpetX):   average iterations per second: 15.7378
INFO (CarpetX):   average cell updates per second: 64462
INFO (CarpetX): Simulation time: 0.195312   Iterations per second: 15.7934   Simulation time per second: 0.0616931
INFO (CarpetX): Grid cells: 4096   Grid cell updates per second: 64689.9
INFO (CarpetX): Performance:
INFO (CarpetX):   total evolution time:            3.1767 sec
INFO (CarpetX):   total evolution compute time:    3.17648 sec
INFO (CarpetX):   total evolution output time:     0.000219584 sec
INFO (CarpetX):   total iterations:                50
INFO (CarpetX):   total cells updated:             204800
INFO (CarpetX):   average iterations per second: 15.7396
INFO (CarpetX):   average cell updates per second: 64469.4
INFO (CarpetX): Simulation time: 0.199219   Iterations per second: 15.7909   Simulation time per second: 0.0616833
INFO (CarpetX): Grid cells: 4096   Grid cell updates per second: 64679.6
INFO (CarpetX): Performance:
INFO (CarpetX):   total evolution time:            3.24012 sec
INFO (CarpetX):   total evolution compute time:    3.23989 sec
INFO (CarpetX):   total evolution output time:     0.000223637 sec
INFO (CarpetX):   total iterations:                51
INFO (CarpetX):   total cells updated:             208896
INFO (CarpetX):   average iterations per second: 15.7402
INFO (CarpetX):   average cell updates per second: 64471.7
INFO (CarpetX): Simulation time: 0.203125   Iterations per second: 15.7896   Simulation time per second: 0.061678
INFO (CarpetX): Grid cells: 4096   Grid cell updates per second: 64674.1
INFO (CarpetX): Performance:
INFO (CarpetX):   total evolution time:            3.3035 sec
INFO (CarpetX):   total evolution compute time:    3.30327 sec
INFO (CarpetX):   total evolution output time:     0.00022769 sec
INFO (CarpetX):   total iterations:                52
INFO (CarpetX):   total cells updated:             212992
INFO (CarpetX):   average iterations per second: 15.7409
INFO (CarpetX):   average cell updates per second: 64474.7
INFO (CarpetX): Simulation time: 0.207031   Iterations per second: 15.79   Simulation time per second: 0.0616798
INFO (CarpetX): Grid cells: 4096   Grid cell updates per second: 64676
INFO (CarpetX): Performance:
INFO (CarpetX):   total evolution time:            3.36681 sec
INFO (CarpetX):   total evolution compute time:    3.36658 sec
INFO (CarpetX):   total evolution output time:     0.000230789 sec
INFO (CarpetX):   total iterations:                53
INFO (CarpetX):   total cells updated:             217088
INFO (CarpetX):   average iterations per second: 15.7419
INFO (CarpetX):   average cell updates per second: 64478.8
INFO (CarpetX): Simulation time: 0.210938   Iterations per second: 15.7933   Simulation time per second: 0.0616925
INFO (CarpetX): Grid cells: 4096   Grid cell updates per second: 64689.3
INFO (CarpetX): Performance:
INFO (CarpetX):   total evolution time:            3.43001 sec
INFO (CarpetX):   total evolution compute time:    3.42978 sec
INFO (CarpetX):   total evolution output time:     0.000234842 sec
INFO (CarpetX):   total iterations:                54
INFO (CarpetX):   total cells updated:             221184
INFO (CarpetX):   average iterations per second: 15.7434
INFO (CarpetX):   average cell updates per second: 64484.9
INFO (CarpetX): Simulation time: 0.214844   Iterations per second: 15.8003   Simulation time per second: 0.0617201
INFO (CarpetX): Grid cells: 4096   Grid cell updates per second: 64718.2
INFO (CarpetX): Performance:
INFO (CarpetX):   total evolution time:            3.49305 sec
INFO (CarpetX):   total evolution compute time:    3.49281 sec
INFO (CarpetX):   total evolution output time:     0.000238657 sec
INFO (CarpetX):   total iterations:                55
INFO (CarpetX):   total cells updated:             225280
INFO (CarpetX):   average iterations per second: 15.7456
INFO (CarpetX):   average cell updates per second: 64493.8
INFO (CarpetX): Simulation time: 0.21875   Iterations per second: 15.8085   Simulation time per second: 0.061752
INFO (CarpetX): Grid cells: 4096   Grid cell updates per second: 64751.6
INFO (CarpetX): Performance:
INFO (CarpetX):   total evolution time:            3.55601 sec
INFO (CarpetX):   total evolution compute time:    3.55577 sec
INFO (CarpetX):   total evolution output time:     0.00024271 sec
INFO (CarpetX):   total iterations:                56
INFO (CarpetX):   total cells updated:             229376
INFO (CarpetX):   average iterations per second: 15.748
INFO (CarpetX):   average cell updates per second: 64503.7
INFO (CarpetX): Simulation time: 0.222656   Iterations per second: 15.8114   Simulation time per second: 0.0617632
INFO (CarpetX): Grid cells: 4096   Grid cell updates per second: 64763.4
INFO (CarpetX): Performance:
INFO (CarpetX):   total evolution time:            3.61915 sec
INFO (CarpetX):   total evolution compute time:    3.61891 sec
INFO (CarpetX):   total evolution output time:     0.000246763 sec
INFO (CarpetX):   total iterations:                57
INFO (CarpetX):   total cells updated:             233472
INFO (CarpetX):   average iterations per second: 15.7495
INFO (CarpetX):   average cell updates per second: 64510.1
INFO (CarpetX): Simulation time: 0.226562   Iterations per second: 15.806   Simulation time per second: 0.0617424
INFO (CarpetX): Grid cells: 4096   Grid cell updates per second: 64741.6
INFO (CarpetX): Performance:
INFO (CarpetX):   total evolution time:            3.68261 sec
INFO (CarpetX):   total evolution compute time:    3.68236 sec
INFO (CarpetX):   total evolution output time:     0.000250578 sec
INFO (CarpetX):   total iterations:                58
INFO (CarpetX):   total cells updated:             237568
INFO (CarpetX):   average iterations per second: 15.7497
INFO (CarpetX):   average cell updates per second: 64510.7
INFO (CarpetX): Simulation time: 0.230469   Iterations per second: 15.8011   Simulation time per second: 0.0617232
INFO (CarpetX): Grid cells: 4096   Grid cell updates per second: 64721.5
INFO (CarpetX): Performance:
INFO (CarpetX):   total evolution time:            3.74608 sec
INFO (CarpetX):   total evolution compute time:    3.74582 sec
INFO (CarpetX):   total evolution output time:     0.000254393 sec
INFO (CarpetX):   total iterations:                59
INFO (CarpetX):   total cells updated:             241664
INFO (CarpetX):   average iterations per second: 15.7498
INFO (CarpetX):   average cell updates per second: 64511.2
INFO (CarpetX): Simulation time: 0.234375   Iterations per second: 15.8026   Simulation time per second: 0.061729
INFO (CarpetX): Grid cells: 4096   Grid cell updates per second: 64727.6
INFO (CarpetX): Performance:
INFO (CarpetX):   total evolution time:            3.8093 sec
INFO (CarpetX):   total evolution compute time:    3.80904 sec
INFO (CarpetX):   total evolution output time:     0.000258446 sec
INFO (CarpetX):   total iterations:                60
INFO (CarpetX):   total cells updated:             245760
INFO (CarpetX):   average iterations per second: 15.7509
INFO (CarpetX):   average cell updates per second: 64515.7
INFO (CarpetX): Simulation time: 0.238281   Iterations per second: 15.8062   Simulation time per second: 0.0617428
INFO (CarpetX): Grid cells: 4096   Grid cell updates per second: 64742
INFO (CarpetX): Performance:
INFO (CarpetX):   total evolution time:            3.87244 sec
INFO (CarpetX):   total evolution compute time:    3.87218 sec
INFO (CarpetX):   total evolution output time:     0.000262499 sec
INFO (CarpetX):   total iterations:                61
INFO (CarpetX):   total cells updated:             249856
INFO (CarpetX):   average iterations per second: 15.7523
INFO (CarpetX):   average cell updates per second: 64521.5
INFO (CarpetX): Simulation time: 0.242188   Iterations per second: 15.8095   Simulation time per second: 0.0617557
INFO (CarpetX): Grid cells: 4096   Grid cell updates per second: 64755.6
INFO (CarpetX): Performance:
INFO (CarpetX):   total evolution time:            3.93558 sec
INFO (CarpetX):   total evolution compute time:    3.93531 sec
INFO (CarpetX):   total evolution output time:     0.000266314 sec
INFO (CarpetX):   total iterations:                62
INFO (CarpetX):   total cells updated:             253952
INFO (CarpetX):   average iterations per second: 15.7537
INFO (CarpetX):   average cell updates per second: 64527.3
INFO (CarpetX): Simulation time: 0.246094   Iterations per second: 15.8085   Simulation time per second: 0.0617521
INFO (CarpetX): Grid cells: 4096   Grid cell updates per second: 64751.8
INFO (CarpetX): Performance:
INFO (CarpetX):   total evolution time:            3.99887 sec
INFO (CarpetX):   total evolution compute time:    3.9986 sec
INFO (CarpetX):   total evolution output time:     0.000270128 sec
INFO (CarpetX):   total iterations:                63
INFO (CarpetX):   total cells updated:             258048
INFO (CarpetX):   average iterations per second: 15.7545
INFO (CarpetX):   average cell updates per second: 64530.3
INFO (CarpetX): Simulation time: 0.25   Iterations per second: 14.8606   Simulation time per second: 0.0580493
INFO (CarpetX): Grid cells: 4096   Grid cell updates per second: 60869.1
INFO (CarpetX): Performance:
INFO (CarpetX):   total evolution time:            4.10247 sec
INFO (CarpetX):   total evolution compute time:    4.06841 sec
INFO (CarpetX):   total evolution output time:     0.034065 sec
INFO (CarpetX):   total iterations:                64
INFO (CarpetX):   total cells updated:             262144
INFO (CarpetX):   average iterations per second: 15.6003
INFO (CarpetX):   average cell updates per second: 63899
INFO (CarpetX): Shutting down...
AMReX (25.11) finalized
--------------------------------------------------------------------------------
Done.

real	0m4.673s
user	0m8.471s
sys	0m0.207s
+ echo Stopping:
Stopping:
+ date
Fri Apr 17 04:53:36 PM UTC 2026
+ echo Done.
Done.
  Elapsed time: 4.7 s
