/__w/canudax-tests/workspace/simulations/TestJob01_temp_1/output-0000/TEST/sim/CanudaX_BSSNMoL
Preparing:
+ set -e
+ cd output-0000-active
+ echo Checking:
Checking:
+ pwd
/__w/canudax-tests/workspace/simulations/TestJob01_temp_1/output-0000/TEST/sim/CanudaX_BSSNMoL/output-0000-active
+ hostname
725245581ce7
+ date
Fri Apr  3 09:31:04 PM UTC 2026
+ echo Environment:
Environment:
+ export SIMULATION_ID=simulation-TestJob01_temp_1-actions-cpu-real64-actions-root-2026.04.03-21.31.04-13038
+ SIMULATION_ID=simulation-TestJob01_temp_1-actions-cpu-real64-actions-root-2026.04.03-21.31.04-13038
+ export CACTUS_NUM_PROCS=1
+ CACTUS_NUM_PROCS=1
+ export CACTUS_NUM_THREADS=2
+ CACTUS_NUM_THREADS=2
+ export CACTUS_SET_THREAD_BINDINGS=0
+ CACTUS_SET_THREAD_BINDINGS=0
+ export GLIBCXX_FORCE_NEW=1
+ GLIBCXX_FORCE_NEW=1
+ export GMON_OUT_PREFIX=gmon.out
+ GMON_OUT_PREFIX=gmon.out
+ export OMP_DISPLAY_ENV=TRUE
+ OMP_DISPLAY_ENV=TRUE
+ export OMP_MAX_TASKS=100
+ OMP_MAX_TASKS=100
+ export OMP_NUM_THREADS=2
+ OMP_NUM_THREADS=2
+ export OMP_PLACES=cores
+ OMP_PLACES=cores
+ export OMP_PROC_BIND=FALSE
+ OMP_PROC_BIND=FALSE
+ export OMP_STACKSIZE=8192
+ OMP_STACKSIZE=8192
+ env
+ sort
+ echo Starting:
Starting:
++ date +%s
+ export CACTUS_STARTTIME=1775251864
+ CACTUS_STARTTIME=1775251864
+ mpiexec -n 1 /__w/canudax-tests/workspace/simulations/TestJob01_temp_1/SIMFACTORY/exe/cactus_sim -L 3 /__w/canudax-tests/workspace/simulations/TestJob01_temp_1/output-0000/arrangements/CanudaX/CanudaX_BSSNMoL/test/gaugewave.par

OPENMP DISPLAY ENVIRONMENT BEGIN
  _OPENMP = '201511'
  [host] OMP_DYNAMIC = 'FALSE'
  [host] OMP_NESTED = 'FALSE'
  [host] OMP_NUM_THREADS = '2'
  [host] OMP_SCHEDULE = 'DYNAMIC'
  [host] OMP_PROC_BIND = 'FALSE'
  [host] OMP_PLACES = ''
  [host] OMP_STACKSIZE = '8388608'
  [host] OMP_WAIT_POLICY = 'PASSIVE'
  [host] OMP_THREAD_LIMIT = '4294967295'
  [host] OMP_MAX_ACTIVE_LEVELS = '1'
  [host] OMP_NUM_TEAMS = '0'
  [host] OMP_TEAMS_THREAD_LIMIT = '0'
  [all] OMP_CANCELLATION = 'FALSE'
  [all] OMP_DEFAULT_DEVICE = '0'
  [all] OMP_MAX_TASK_PRIORITY = '0'
  [all] OMP_DISPLAY_AFFINITY = 'FALSE'
  [host] OMP_AFFINITY_FORMAT = 'level %L thread %i affinity %A'
  [host] OMP_ALLOCATOR = 'omp_default_mem_alloc'
  [all] OMP_TARGET_OFFLOAD = 'DEFAULT'
OPENMP DISPLAY ENVIRONMENT END
INFO (Cactus): Increased logging level from 0 to 3
--------------------------------------------------------------------------------

       10                                  
  1   0101       ************************  
  01  1010 10      The Cactus Code V4.18.0    
 1010 1101 011      www.cactuscode.org     
  1001 100101    ************************  
    00010101                               
     100011     (c) Copyright The Authors  
      0100      GNU Licensed. No Warranty  
      0101                                 
--------------------------------------------------------------------------------

Cactus version:    4.18.0
Compile date:      Apr 03 2026 (21:30:56)
Run date:          Apr 03 2026 (21:31:04+0000)
Run host:          725245581ce7 (pid=13086)
Working directory: /__w/canudax-tests/workspace/simulations/TestJob01_temp_1/output-0000/TEST/sim/CanudaX_BSSNMoL
Executable:        /__w/canudax-tests/workspace/simulations/TestJob01_temp_1/SIMFACTORY/exe/cactus_sim
Parameter file:    /__w/canudax-tests/workspace/simulations/TestJob01_temp_1/output-0000/arrangements/CanudaX/CanudaX_BSSNMoL/test/gaugewave.par
--------------------------------------------------------------------------------

Activating thorn Cactus...Success -> active implementation Cactus
Activation requested for 
--->ADMBaseX CanudaX_BSSNMoL CanudaX_ExactID CarpetX IOUtil ODESolvers TmunuBaseX<---
Thorn ADMBaseX requests automatic activation of Loop
Thorn CarpetX requests automatic activation of AMReX
Thorn CarpetX requests automatic activation of MPI
Thorn CarpetX requests automatic activation of yaml_cpp
Thorn CarpetX requests automatic activation of zlib
Thorn CarpetX requests automatic activation of Arith
Thorn CarpetX requests automatic activation of CarpetXRegrid
Thorn CarpetX requests automatic activation of ADIOS2
Thorn CarpetX requests automatic activation of openPMD
Thorn CarpetX requests automatic activation of Silo
Thorn Arith requests automatic activation of NSIMD
Thorn MPI requests automatic activation of hwloc
Thorn openPMD requests automatic activation of HDF5
Activating thorn ADIOS2...Success -> active implementation ADIOS2
Activating thorn ADMBaseX...Success -> active implementation ADMBaseX
Activating thorn AMReX...Success -> active implementation AMReX
Activating thorn Arith...Success -> active implementation Arith
Activating thorn CanudaX_BSSNMoL...Success -> active implementation CanudaX_BSSNMoL
Activating thorn CanudaX_ExactID...Success -> active implementation CanudaX_ExactID
Activating thorn CarpetX...Success -> active implementation Driver
Activating thorn CarpetXRegrid...Success -> active implementation CarpetXRegrid
Activating thorn HDF5...Success -> active implementation HDF5
Activating thorn hwloc...Success -> active implementation hwloc
Activating thorn IOUtil...Success -> active implementation IO
Activating thorn Loop...Success -> active implementation Loop
Activating thorn MPI...Success -> active implementation MPI
Activating thorn NSIMD...Success -> active implementation NSIMD
Activating thorn ODESolvers...Success -> active implementation ODESolvers
Activating thorn openPMD...Success -> active implementation openPMD
Activating thorn Silo...Success -> active implementation Silo
Activating thorn TmunuBaseX...Success -> active implementation TmunuBaseX
Activating thorn yaml_cpp...Success -> active implementation yaml_cpp
Activating thorn zlib...Success -> active implementation zlib
--------------------------------------------------------------------------------
  if (recover initial data)
    Recover parameters
  endif

  Startup routines
    [CCTK_STARTUP]
      CarpetX::Driver_Startup: Start up the driver
      IOUtil::IOUtil_Startup: Startup routine
      GROUP hwloc_startup: hwloc startup group
        hwloc::hwloc_version: Output hwloc version

  Startup routines which need an existing grid hierarchy
    [CCTK_WRAGH]
      Arith::Test_smallvector: [meta] Test small vectors
      Arith::Test_spvect: [meta] Test sparse vectors
      ODESolvers::ODESolvers_InitConstants: [global] Set up dummy loop counters for schedule printout
  Parameter checking routines
    [CCTK_PARAMCHECK]
      CanudaX_BSSNMoL::CanudaX_BSSNMoL_paramcheck: Check CanudaX_BSSNMoL parameters for consistency

  Initialisation
    if (NOT (recover initial data AND recovery_mode is 'strict'))
      [CCTK_PREREGRIDINITIAL]
      Set up grid hierarchy
      [CCTK_POSTREGRIDINITIAL]
      [CCTK_BASEGRID]
        CarpetXRegrid::CarpetXRegrid_InitError: Initialize regridding error to zero
        GROUP ODESolvers_BaseGrid: Set up constants (e.g. coordinates) everywhere on the grid
      [CCTK_INITIAL]
        GROUP TmunuBaseX_SetTmunuVars: Schedule group for setting T_munu
          TmunuBaseX::TmunuBaseX_ZeroTmunu: Set T_munu to zero
          GROUP TmunuBaseX_AddToTmunu: Add to T_munu here
        GROUP ODESolvers_Initial: Set up initial conditions on interior of state vector
          GROUP ADMBaseX_InitialData: Schedule group for calculating ADM initial data
            GROUP CanudaX_ExactIDGroup: CanudaX_ExactID group for setting up initial data
              CanudaX_ExactID::CanudaX_ExactID_GaugeWave: [local] Create gauge wave initial data
          GROUP ADMBaseX_InitialGauge: Schedule group for the ADM initial gauge condition
            ADMBaseX::ADMBaseX_initial_dtlapse: Set dtlapse to zero
            ADMBaseX::ADMBaseX_initial_dtshift: Set dtshift to zero
          GROUP ADMBaseX_PostInitial: Schedule group for modifying the ADM initial data, such as e.g. adding noise
        GROUP CanudaX_BSSNMoL_InitialGroup: CanudaX_BSSNMoL: initial bin
          CanudaX_BSSNMoL::CanudaX_BSSNMoL_adm2bssn: [local] Convert initial data into BSSN variables
          CanudaX_BSSNMoL::CanudaX_BSSNMoL_gammat: [local] Set Gammat initial data
      [CCTK_POSTINITIAL]
        GROUP ODESolvers_PostStep: Apply boundary conditions to state vector, and project if necessary
          GROUP CanudaX_BSSNMoL_PostStepGroup: CanudaX_BSSNMoL: post-step operations
            CanudaX_BSSNMoL::CanudaX_BSSNMoL_impose_conf_fac_floor: Make sure conformal factor does not drop below specified value
            CanudaX_BSSNMoL::CanudaX_BSSNMoL_reset_detmetric: reset dethh = 1
            CanudaX_BSSNMoL::CanudaX_BSSNMoL_remove_trA: Remove trace of A
            CanudaX_BSSNMoL::CanudaX_BSSNMoL_sync: [global] Sync state vector
            CanudaX_BSSNMoL::CanudaX_BSSNMoL_bssn2adm: [local] Convert variables back to the ADM ones
          GROUP ADMBaseX_SetADMRHS: Set ADM RHS variables in this group
          GROUP ADMBaseX_SetADMVars: Set ADM variables in this group
          GROUP TmunuBaseX_SetTmunuVars: Schedule group for setting T_munu
            TmunuBaseX::TmunuBaseX_ZeroTmunu: Set T_munu to zero
            GROUP TmunuBaseX_AddToTmunu: Add to T_munu here
        GROUP ODESolvers_EstimateError: Estimate discretization error (for regridding)
      Initialise finer grids recursively
      Restrict from finer grids
      [CCTK_POSTRESTRICTINITIAL]
      [CCTK_POSTPOSTINITIAL]
      [CCTK_POSTSTEP]
        GROUP ODESolvers_EstimateError: Estimate discretization error (for regridding)
    endif
    if (recover initial data)
      [CCTK_BASEGRID]
        CarpetXRegrid::CarpetXRegrid_InitError: Initialize regridding error to zero
        GROUP ODESolvers_BaseGrid: Set up constants (e.g. coordinates) everywhere on the grid
      [CCTK_RECOVER_VARIABLES]
      [CCTK_POST_RECOVER_VARIABLES]
        GROUP ODESolvers_PostStep: Apply boundary conditions to state vector, and project if necessary
          GROUP CanudaX_BSSNMoL_PostStepGroup: CanudaX_BSSNMoL: post-step operations
            CanudaX_BSSNMoL::CanudaX_BSSNMoL_impose_conf_fac_floor: Make sure conformal factor does not drop below specified value
            CanudaX_BSSNMoL::CanudaX_BSSNMoL_reset_detmetric: reset dethh = 1
            CanudaX_BSSNMoL::CanudaX_BSSNMoL_remove_trA: Remove trace of A
            CanudaX_BSSNMoL::CanudaX_BSSNMoL_sync: [global] Sync state vector
            CanudaX_BSSNMoL::CanudaX_BSSNMoL_bssn2adm: [local] Convert variables back to the ADM ones
          GROUP ADMBaseX_SetADMRHS: Set ADM RHS variables in this group
          GROUP ADMBaseX_SetADMVars: Set ADM variables in this group
          GROUP TmunuBaseX_SetTmunuVars: Schedule group for setting T_munu
            TmunuBaseX::TmunuBaseX_ZeroTmunu: Set T_munu to zero
            GROUP TmunuBaseX_AddToTmunu: Add to T_munu here
        GROUP ODESolvers_EstimateError: Estimate discretization error (for regridding)
    endif
    if (checkpoint initial data)
      [CCTK_CPINITIAL]
        CarpetX::CarpetX_CheckpointInitial: [meta] Checkpoint initial conditions
    endif
    if (analysis)
      [CCTK_ANALYSIS]
        CanudaX_BSSNMoL::CanudaX_BSSNMoL_bssn_constraints: Compute constraints
        GROUP ODESolvers_Analysis: Calculate analysis quantities everywhere
  endif
  Output grid variables

  do loop over timesteps
    [CCTK_PREREGRID]
    Change grid hierarchy
    [CCTK_POSTREGRID]
      GROUP ODESolvers_PostStep: Apply boundary conditions to state vector, and project if necessary
        GROUP CanudaX_BSSNMoL_PostStepGroup: CanudaX_BSSNMoL: post-step operations
          CanudaX_BSSNMoL::CanudaX_BSSNMoL_impose_conf_fac_floor: Make sure conformal factor does not drop below specified value
          CanudaX_BSSNMoL::CanudaX_BSSNMoL_reset_detmetric: reset dethh = 1
          CanudaX_BSSNMoL::CanudaX_BSSNMoL_remove_trA: Remove trace of A
          CanudaX_BSSNMoL::CanudaX_BSSNMoL_sync: [global] Sync state vector
          CanudaX_BSSNMoL::CanudaX_BSSNMoL_bssn2adm: [local] Convert variables back to the ADM ones
        GROUP ADMBaseX_SetADMRHS: Set ADM RHS variables in this group
        GROUP ADMBaseX_SetADMVars: Set ADM variables in this group
        GROUP TmunuBaseX_SetTmunuVars: Schedule group for setting T_munu
          TmunuBaseX::TmunuBaseX_ZeroTmunu: Set T_munu to zero
          GROUP TmunuBaseX_AddToTmunu: Add to T_munu here
    Rotate timelevels
    iteration = iteration+1
    t = t+dt
    [CCTK_PRESTEP]
    [CCTK_EVOL]
      ODESolvers::ODESolvers_Solve: [level] Solve ODEs
      while (ODESolvers::do_substeps)
        GROUP ODESolvers_CalledBySolve: Groups internally scheduled by ODESolvers_Solve
          GROUP ODESolvers_RHS: Evaluate the RHS for of state vector everywhere on the grid
            GROUP CanudaX_BSSNMoL_RHSGroup: CanudaX_BSSNMoL: calculate BSSN RHS
              CanudaX_BSSNMoL::CanudaX_BSSNMoL_calc_bssn_rhs: MoL RHS calculation
              CanudaX_BSSNMoL::CanudaX_BSSNMoL_apply_boundary_conditions: Apply radiative boundary conditions 
          GROUP ODESolvers_PostStep: Apply boundary conditions to state vector, and project if necessary
            GROUP CanudaX_BSSNMoL_PostStepGroup: CanudaX_BSSNMoL: post-step operations
              CanudaX_BSSNMoL::CanudaX_BSSNMoL_impose_conf_fac_floor: Make sure conformal factor does not drop below specified value
              CanudaX_BSSNMoL::CanudaX_BSSNMoL_reset_detmetric: reset dethh = 1
              CanudaX_BSSNMoL::CanudaX_BSSNMoL_remove_trA: Remove trace of A
              CanudaX_BSSNMoL::CanudaX_BSSNMoL_sync: [global] Sync state vector
              CanudaX_BSSNMoL::CanudaX_BSSNMoL_bssn2adm: [local] Convert variables back to the ADM ones
            GROUP ADMBaseX_SetADMRHS: Set ADM RHS variables in this group
            GROUP ADMBaseX_SetADMVars: Set ADM variables in this group
            GROUP TmunuBaseX_SetTmunuVars: Schedule group for setting T_munu
              TmunuBaseX::TmunuBaseX_ZeroTmunu: Set T_munu to zero
              GROUP TmunuBaseX_AddToTmunu: Add to T_munu here
      end while
    Evolve finer grids recursively
    Restrict from finer grids
    [CCTK_POSTRESTRICT]
      GROUP ODESolvers_PostStep: Apply boundary conditions to state vector, and project if necessary
        GROUP CanudaX_BSSNMoL_PostStepGroup: CanudaX_BSSNMoL: post-step operations
          CanudaX_BSSNMoL::CanudaX_BSSNMoL_impose_conf_fac_floor: Make sure conformal factor does not drop below specified value
          CanudaX_BSSNMoL::CanudaX_BSSNMoL_reset_detmetric: reset dethh = 1
          CanudaX_BSSNMoL::CanudaX_BSSNMoL_remove_trA: Remove trace of A
          CanudaX_BSSNMoL::CanudaX_BSSNMoL_sync: [global] Sync state vector
          CanudaX_BSSNMoL::CanudaX_BSSNMoL_bssn2adm: [local] Convert variables back to the ADM ones
        GROUP ADMBaseX_SetADMRHS: Set ADM RHS variables in this group
        GROUP ADMBaseX_SetADMVars: Set ADM variables in this group
        GROUP TmunuBaseX_SetTmunuVars: Schedule group for setting T_munu
          TmunuBaseX::TmunuBaseX_ZeroTmunu: Set T_munu to zero
          GROUP TmunuBaseX_AddToTmunu: Add to T_munu here
    [CCTK_POSTSTEP]
      GROUP ODESolvers_EstimateError: Estimate discretization error (for regridding)
    if (checkpoint)
      [CCTK_CHECKPOINT]
      CarpetX::CarpetX_Checkpoint: [meta] Checkpoint
    endif
    if (analysis)
      [CCTK_ANALYSIS]
      CanudaX_BSSNMoL::CanudaX_BSSNMoL_bssn_constraints: Compute constraints
      GROUP ODESolvers_Analysis: Calculate analysis quantities everywhere
    endif
    Output grid variables
    enddo

  Termination routines
    [CCTK_TERMINATE]
      CarpetX::CarpetX_CheckpointTerminate: [meta] Checkpoint before terminating

  Shutdown routines
    [CCTK_SHUTDOWN]
      CarpetX::Driver_Shutdown: [meta] Shut down the driver

  Routines run after changing the grid hierarchy:
    [CCTK_POSTREGRID]
      GROUP ODESolvers_PostStep: Apply boundary conditions to state vector, and project if necessary
        GROUP CanudaX_BSSNMoL_PostStepGroup: CanudaX_BSSNMoL: post-step operations
          CanudaX_BSSNMoL::CanudaX_BSSNMoL_impose_conf_fac_floor: Make sure conformal factor does not drop below specified value
          CanudaX_BSSNMoL::CanudaX_BSSNMoL_reset_detmetric: reset dethh = 1
          CanudaX_BSSNMoL::CanudaX_BSSNMoL_remove_trA: Remove trace of A
          CanudaX_BSSNMoL::CanudaX_BSSNMoL_sync: [global] Sync state vector
          CanudaX_BSSNMoL::CanudaX_BSSNMoL_bssn2adm: [local] Convert variables back to the ADM ones
        GROUP ADMBaseX_SetADMRHS: Set ADM RHS variables in this group
        GROUP ADMBaseX_SetADMVars: Set ADM variables in this group
        GROUP TmunuBaseX_SetTmunuVars: Schedule group for setting T_munu
          TmunuBaseX::TmunuBaseX_ZeroTmunu: Set T_munu to zero
          GROUP TmunuBaseX_AddToTmunu: Add to T_munu here
--------------------------------------------------------------------------------
INFO (hwloc): library version 2.10.0, API version 0x20800
--------------------------------------------------------------------------------

  [34m  ▕▏  [34m  ▕▏  [34m  ▕▏  [34m  ▕▏  [34m  ▕▏  [34m  ▕▏  [34m  ▕▏  [34m  ▕▏  [34m  ▕▏  [39m  
  [34m──██──[34m──██──[34m──██──[34m──██──[34m──██──[34m──██──[34m──██──[34m──██──[34m──██──[39m  
  [34m  ▕▏  [34m  ▕▏  [34m  ▕▏  [34m  ▕▏  [34m  ▕▏  [34m  ▕▏  [34m  ▕▏  [34m  ▕▏  [34m  ▕▏  [39m  
  [34m  ▕▏  [32m██████[34m  ▕▏  [34m  ▕▏  [32m██████[34m  ▕▏  [34m  ▕▏  [32m██████[34m  ▕▏  [39m  
  [34m──██──[32m██████[34m──██──[34m──██──[32m██████[34m──██──[34m──██──[32m██████[34m──██──[39m  
  [34m  ▕▏  [32m██████[34m  ▕▏  [34m  ▕▏  [32m██████[34m  ▕▏  [34m  ▕▏  [32m██████[34m  ▕▏  [39m  
  [34m  ▕▏  [34m  ▕▏  [34m  ▕▏  [34m  ▕▏  [34m  ▕▏  [34m  ▕▏  [34m  ▕▏  [34m  ▕▏  [34m  ▕▏  [39m  
  [34m──██──[34m──██──[34m──██──[34m──██──[34m──██──[34m──██──[34m──██──[34m──██──[34m──██──[39m  
  [34m  ▕▏  [34m  ▕▏  [34m  ▕▏  [34m  ▕▏  [34m  ▕▏  [34m  ▕▏  [34m  ▕▏  [34m  ▕▏  [34m  ▕▏  [39m  
  [34m  ▕▏  [34m  ▕▏  [34m  ▕▏  [31m██████[31m██████[31m██████[34m  ▕▏  [34m  ▕▏  [34m  ▕▏  [39m  
  [34m──██──[34m──██──[34m──██──[31m██████[31m██████[31m██████[34m──██──[34m──██──[34m──██──[39m  
  [34m  ▕▏  [34m  ▕▏  [34m  ▕▏  [31m██████[31m██████[31m██████[34m  ▕▏  [34m  ▕▏  [34m  ▕▏  [39m  
  [34m  ▕▏  [32m██████[34m  ▕▏  [31m██████[31m██████[31m██████[34m  ▕▏  [32m██████[34m  ▕▏  [39m  
  [34m──██──[32m██████[34m──██──[31m██████[31m██████[31m██████[34m──██──[32m██████[34m──██──[39m  
  [34m  ▕▏  [32m██████[34m  ▕▏  [31m██████[31m██████[31m██████[34m  ▕▏  [32m██████[34m  ▕▏  [39m  
  [34m  ▕▏  [34m  ▕▏  [34m  ▕▏  [31m██████[31m██████[31m██████[34m  ▕▏  [34m  ▕▏  [34m  ▕▏  [39m  
  [34m──██──[34m──██──[34m──██──[31m██████[31m██████[31m██████[34m──██──[34m──██──[34m──██──[39m  
  [34m  ▕▏  [34m  ▕▏  [34m  ▕▏  [31m██████[31m██████[31m██████[34m  ▕▏  [34m  ▕▏  [34m  ▕▏  [39m  
  [34m  ▕▏  [34m  ▕▏  [34m  ▕▏  [34m  ▕▏  [34m  ▕▏  [34m  ▕▏  [34m  ▕▏  [34m  ▕▏  [34m  ▕▏  [39m  
  [34m──██──[34m──██──[34m──██──[34m──██──[34m──██──[34m──██──[34m──██──[34m──██──[34m──██──[39m  
  [34m  ▕▏  [34m  ▕▏  [34m  ▕▏  [34m  ▕▏  [34m  ▕▏  [34m  ▕▏  [34m  ▕▏  [34m  ▕▏  [34m  ▕▏  [39m  
  [34m  ▕▏  [32m██████[34m  ▕▏  [34m  ▕▏  [32m██████[34m  ▕▏  [34m  ▕▏  [32m██████[34m  ▕▏  [39m  
  [34m──██──[32m██████[34m──██──[34m──██──[32m██████[34m──██──[34m──██──[32m██████[34m──██──[39m  
  [34m  ▕▏  [32m██████[34m  ▕▏  [34m  ▕▏  [32m██████[34m  ▕▏  [34m  ▕▏  [32m██████[34m  ▕▏  [39m  
  [34m  ▕▏  [34m  ▕▏  [34m  ▕▏  [34m  ▕▏  [34m  ▕▏  [34m  ▕▏  [34m  ▕▏  [34m  ▕▏  [34m  ▕▏  [39m  
  [34m──██──[34m──██──[34m──██──[34m──██──[34m──██──[34m──██──[34m──██──[34m──██──[34m──██──[39m  
  [34m  ▕▏  [34m  ▕▏  [34m  ▕▏  [34m  ▕▏  [34m  ▕▏  [34m  ▕▏  [34m  ▕▏  [34m  ▕▏  [34m  ▕▏  [39m  

AMR driver provided by CarpetX,
using AMReX 25.11 (MPI, OpenMP, no accelerators, optimized)
--------------------------------------------------------------------------------

Initializing AMReX (25.11)...
MPI initialized with 1 MPI processes
MPI initialized with thread support level 2
OMP initialized with 2 OMP threads
AMReX (25.11) initialized
INFO (CarpetX): 
Symmetries:
  lower x: periodic
  lower y: periodic
  lower z: periodic
  upper x: periodic
  upper y: periodic
  upper z: periodic
Default boundaries:
  lower x: symmetry_boundary
  lower y: symmetry_boundary
  lower z: symmetry_boundary
  upper x: symmetry_boundary
  upper y: symmetry_boundary
  upper z: symmetry_boundary
INFO (Arith): Test_smallvector
INFO (Arith): Test_spvect
INFO (CarpetX): Setting initial values for max_grid_size values for all levels
INFO (CarpetX): Setting up initial conditions...
INFO (CarpetX): Iteration: 0   time: 0   delta_time: 0.00390625
INFO (CarpetX): Patch 0:
INFO (CarpetX):   Grid extent:
INFO (CarpetX):     gsh=[71,15,15]
INFO (CarpetX):     blocking_factor=[8,8,8]
INFO (CarpetX):     max_grid_size=[10000000,10000000,10000000]
INFO (CarpetX):     max_tile_size=[1024000,16,32]
INFO (CarpetX):   Domain extent:
INFO (CarpetX):     xmin=[-0.5,-0.0625,-0.0625]
INFO (CarpetX):     xmax=[0.5,0.0625,0.0625]
INFO (CarpetX):     base dx=[0.015625,0.015625,0.015625]
INFO (CarpetX): Initializing level 0...
INFO (CanudaX_ExactID): Begin Gauge Wave initial data
INFO (CanudaX_ExactID): === End gauge wave initial data ===
INFO (CarpetX): Regridding...
INFO (CarpetX):   level 0: 1 boxes, 4096 cells (100%)
INFO (CarpetX): Initialized 1 levels
INFO (CarpetX): OutputGH: iteration 0, time 0.000000, run time 0 s
INFO (CarpetX): OutputGH done.
INFO (CarpetX): Starting evolution...
INFO (ODESolvers): ODE integrator is RK4
INFO (CarpetX): OutputGH: iteration 1, time 0.003906, run time 0 s
INFO (CarpetX): OutputGH done.
INFO (CarpetX): Simulation time: 0.00390625   Iterations per second: 17.2598   Simulation time per second: 0.0674211
INFO (CarpetX): Grid cells: 4096   Grid cell updates per second: 70696.1
INFO (CarpetX): Performance:
INFO (CarpetX):   total evolution time:            0.0579381 sec
INFO (CarpetX):   total evolution compute time:    0.05792 sec
INFO (CarpetX):   total evolution output time:     1.81198e-05 sec
INFO (CarpetX):   total iterations:                1
INFO (CarpetX):   total cells updated:             4096
INFO (CarpetX):   average iterations per second: 17.2598
INFO (CarpetX):   average cell updates per second: 70696.1
INFO (CarpetX): OutputGH: iteration 2, time 0.007812, run time 0 s
INFO (CarpetX): OutputGH done.
INFO (CarpetX): Simulation time: 0.0078125   Iterations per second: 17.6336   Simulation time per second: 0.0688811
INFO (CarpetX): Grid cells: 4096   Grid cell updates per second: 72227.1
INFO (CarpetX): Performance:
INFO (CarpetX):   total evolution time:            0.11342 sec
INFO (CarpetX):   total evolution compute time:    0.113385 sec
INFO (CarpetX):   total evolution output time:     3.50475e-05 sec
INFO (CarpetX):   total iterations:                2
INFO (CarpetX):   total cells updated:             8192
INFO (CarpetX):   average iterations per second: 17.6336
INFO (CarpetX):   average cell updates per second: 72227.1
INFO (CarpetX): OutputGH: iteration 3, time 0.011719, run time 0 s
INFO (CarpetX): OutputGH done.
INFO (CarpetX): Simulation time: 0.0117188   Iterations per second: 17.7819   Simulation time per second: 0.0694604
INFO (CarpetX): Grid cells: 4096   Grid cell updates per second: 72834.5
INFO (CarpetX): Performance:
INFO (CarpetX):   total evolution time:            0.168711 sec
INFO (CarpetX):   total evolution compute time:    0.168661 sec
INFO (CarpetX):   total evolution output time:     5.00679e-05 sec
INFO (CarpetX):   total iterations:                3
INFO (CarpetX):   total cells updated:             12288
INFO (CarpetX):   average iterations per second: 17.7819
INFO (CarpetX):   average cell updates per second: 72834.5
INFO (CarpetX): OutputGH: iteration 4, time 0.015625, run time 0 s
INFO (CarpetX): OutputGH done.
INFO (CarpetX): Simulation time: 0.015625   Iterations per second: 17.854   Simulation time per second: 0.0697422
INFO (CarpetX): Grid cells: 4096   Grid cell updates per second: 73130
INFO (CarpetX): Performance:
INFO (CarpetX):   total evolution time:            0.224039 sec
INFO (CarpetX):   total evolution compute time:    0.223973 sec
INFO (CarpetX):   total evolution output time:     6.60419e-05 sec
INFO (CarpetX):   total iterations:                4
INFO (CarpetX):   total cells updated:             16384
INFO (CarpetX):   average iterations per second: 17.854
INFO (CarpetX):   average cell updates per second: 73130
INFO (CarpetX): OutputGH: iteration 5, time 0.019531, run time 1 s
INFO (CarpetX): OutputGH done.
INFO (CarpetX): Simulation time: 0.0195312   Iterations per second: 17.8979   Simulation time per second: 0.0699135
INFO (CarpetX): Grid cells: 4096   Grid cell updates per second: 73309.6
INFO (CarpetX): Performance:
INFO (CarpetX):   total evolution time:            0.279363 sec
INFO (CarpetX):   total evolution compute time:    0.279281 sec
INFO (CarpetX):   total evolution output time:     8.2016e-05 sec
INFO (CarpetX):   total iterations:                5
INFO (CarpetX):   total cells updated:             20480
INFO (CarpetX):   average iterations per second: 17.8979
INFO (CarpetX):   average cell updates per second: 73309.6
INFO (CarpetX): OutputGH: iteration 6, time 0.023438, run time 1 s
INFO (CarpetX): OutputGH done.
INFO (CarpetX): Simulation time: 0.0234375   Iterations per second: 17.9268   Simulation time per second: 0.0700266
INFO (CarpetX): Grid cells: 4096   Grid cell updates per second: 73428.2
INFO (CarpetX): Performance:
INFO (CarpetX):   total evolution time:            0.334694 sec
INFO (CarpetX):   total evolution compute time:    0.334597 sec
INFO (CarpetX):   total evolution output time:     9.70364e-05 sec
INFO (CarpetX):   total iterations:                6
INFO (CarpetX):   total cells updated:             24576
INFO (CarpetX):   average iterations per second: 17.9268
INFO (CarpetX):   average cell updates per second: 73428.2
INFO (CarpetX): OutputGH: iteration 7, time 0.027344, run time 1 s
INFO (CarpetX): OutputGH done.
INFO (CarpetX): Simulation time: 0.0273438   Iterations per second: 17.9504   Simulation time per second: 0.0701186
INFO (CarpetX): Grid cells: 4096   Grid cell updates per second: 73524.7
INFO (CarpetX): Performance:
INFO (CarpetX):   total evolution time:            0.389964 sec
INFO (CarpetX):   total evolution compute time:    0.389851 sec
INFO (CarpetX):   total evolution output time:     0.00011301 sec
INFO (CarpetX):   total iterations:                7
INFO (CarpetX):   total cells updated:             28672
INFO (CarpetX):   average iterations per second: 17.9504
INFO (CarpetX):   average cell updates per second: 73524.7
INFO (CarpetX): OutputGH: iteration 8, time 0.031250, run time 1 s
INFO (CarpetX): OutputGH done.
INFO (CarpetX): Simulation time: 0.03125   Iterations per second: 17.9653   Simulation time per second: 0.0701769
INFO (CarpetX): Grid cells: 4096   Grid cell updates per second: 73585.9
INFO (CarpetX): Performance:
INFO (CarpetX):   total evolution time:            0.445303 sec
INFO (CarpetX):   total evolution compute time:    0.445173 sec
INFO (CarpetX):   total evolution output time:     0.000129938 sec
INFO (CarpetX):   total iterations:                8
INFO (CarpetX):   total cells updated:             32768
INFO (CarpetX):   average iterations per second: 17.9653
INFO (CarpetX):   average cell updates per second: 73585.9
INFO (CarpetX): OutputGH: iteration 9, time 0.035156, run time 1 s
INFO (CarpetX): OutputGH done.
INFO (CarpetX): Simulation time: 0.0351562   Iterations per second: 17.9772   Simulation time per second: 0.0702233
INFO (CarpetX): Grid cells: 4096   Grid cell updates per second: 73634.5
INFO (CarpetX): Performance:
INFO (CarpetX):   total evolution time:            0.500635 sec
INFO (CarpetX):   total evolution compute time:    0.500488 sec
INFO (CarpetX):   total evolution output time:     0.000147104 sec
INFO (CarpetX):   total iterations:                9
INFO (CarpetX):   total cells updated:             36864
INFO (CarpetX):   average iterations per second: 17.9772
INFO (CarpetX):   average cell updates per second: 73634.5
INFO (CarpetX): OutputGH: iteration 10, time 0.039062, run time 1 s
INFO (CarpetX): OutputGH done.
INFO (CarpetX): Simulation time: 0.0390625   Iterations per second: 17.9872   Simulation time per second: 0.0702624
INFO (CarpetX): Grid cells: 4096   Grid cell updates per second: 73675.4
INFO (CarpetX): Performance:
INFO (CarpetX):   total evolution time:            0.555952 sec
INFO (CarpetX):   total evolution compute time:    0.555789 sec
INFO (CarpetX):   total evolution output time:     0.000163317 sec
INFO (CarpetX):   total iterations:                10
INFO (CarpetX):   total cells updated:             40960
INFO (CarpetX):   average iterations per second: 17.9872
INFO (CarpetX):   average cell updates per second: 73675.4
INFO (CarpetX): OutputGH: iteration 11, time 0.042969, run time 1 s
INFO (CarpetX): OutputGH done.
INFO (CarpetX): Simulation time: 0.0429688   Iterations per second: 17.9954   Simulation time per second: 0.0702945
INFO (CarpetX): Grid cells: 4096   Grid cell updates per second: 73709.1
INFO (CarpetX): Performance:
INFO (CarpetX):   total evolution time:            0.611293 sec
INFO (CarpetX):   total evolution compute time:    0.611113 sec
INFO (CarpetX):   total evolution output time:     0.000180244 sec
INFO (CarpetX):   total iterations:                11
INFO (CarpetX):   total cells updated:             45056
INFO (CarpetX):   average iterations per second: 17.9946
INFO (CarpetX):   average cell updates per second: 73706.1
INFO (CarpetX): OutputGH: iteration 12, time 0.046875, run time 1 s
INFO (CarpetX): OutputGH done.
INFO (CarpetX): Simulation time: 0.046875   Iterations per second: 18.0029   Simulation time per second: 0.0703237
INFO (CarpetX): Grid cells: 4096   Grid cell updates per second: 73739.8
INFO (CarpetX): Performance:
INFO (CarpetX):   total evolution time:            0.666632 sec
INFO (CarpetX):   total evolution compute time:    0.666436 sec
INFO (CarpetX):   total evolution output time:     0.000196218 sec
INFO (CarpetX):   total iterations:                12
INFO (CarpetX):   total cells updated:             49152
INFO (CarpetX):   average iterations per second: 18.0009
INFO (CarpetX):   average cell updates per second: 73731.8
INFO (CarpetX): OutputGH: iteration 13, time 0.050781, run time 1 s
INFO (CarpetX): OutputGH done.
INFO (CarpetX): Simulation time: 0.0507812   Iterations per second: 18.0065   Simulation time per second: 0.0703377
INFO (CarpetX): Grid cells: 4096   Grid cell updates per second: 73754.5
INFO (CarpetX): Performance:
INFO (CarpetX):   total evolution time:            0.722068 sec
INFO (CarpetX):   total evolution compute time:    0.721853 sec
INFO (CarpetX):   total evolution output time:     0.000215054 sec
INFO (CarpetX):   total iterations:                13
INFO (CarpetX):   total cells updated:             53248
INFO (CarpetX):   average iterations per second: 18.0038
INFO (CarpetX):   average cell updates per second: 73743.8
INFO (CarpetX): OutputGH: iteration 14, time 0.054688, run time 1 s
INFO (CarpetX): OutputGH done.
INFO (CarpetX): Simulation time: 0.0546875   Iterations per second: 18.0126   Simulation time per second: 0.0703616
INFO (CarpetX): Grid cells: 4096   Grid cell updates per second: 73779.5
INFO (CarpetX): Performance:
INFO (CarpetX):   total evolution time:            0.777415 sec
INFO (CarpetX):   total evolution compute time:    0.777184 sec
INFO (CarpetX):   total evolution output time:     0.000231028 sec
INFO (CarpetX):   total iterations:                14
INFO (CarpetX):   total cells updated:             57344
INFO (CarpetX):   average iterations per second: 18.0084
INFO (CarpetX):   average cell updates per second: 73762.4
INFO (CarpetX): OutputGH: iteration 15, time 0.058594, run time 1 s
INFO (CarpetX): OutputGH done.
INFO (CarpetX): Simulation time: 0.0585938   Iterations per second: 18.0189   Simulation time per second: 0.0703863
INFO (CarpetX): Grid cells: 4096   Grid cell updates per second: 73805.4
INFO (CarpetX): Performance:
INFO (CarpetX):   total evolution time:            0.832737 sec
INFO (CarpetX):   total evolution compute time:    0.832489 sec
INFO (CarpetX):   total evolution output time:     0.000248194 sec
INFO (CarpetX):   total iterations:                15
INFO (CarpetX):   total cells updated:             61440
INFO (CarpetX):   average iterations per second: 18.0129
INFO (CarpetX):   average cell updates per second: 73780.8
INFO (CarpetX): OutputGH: iteration 16, time 0.062500, run time 1 s
INFO (CarpetX): OutputGH done.
INFO (CarpetX): Simulation time: 0.0625   Iterations per second: 18.0268   Simulation time per second: 0.0704172
INFO (CarpetX): Grid cells: 4096   Grid cell updates per second: 73837.8
INFO (CarpetX): Performance:
INFO (CarpetX):   total evolution time:            0.887991 sec
INFO (CarpetX):   total evolution compute time:    0.887727 sec
INFO (CarpetX):   total evolution output time:     0.000264168 sec
INFO (CarpetX):   total iterations:                16
INFO (CarpetX):   total cells updated:             65536
INFO (CarpetX):   average iterations per second: 18.0182
INFO (CarpetX):   average cell updates per second: 73802.6
INFO (CarpetX): OutputGH: iteration 17, time 0.066406, run time 1 s
INFO (CarpetX): OutputGH done.
INFO (CarpetX): Simulation time: 0.0664062   Iterations per second: 18.0327   Simulation time per second: 0.0704404
INFO (CarpetX): Grid cells: 4096   Grid cell updates per second: 73862.1
INFO (CarpetX): Performance:
INFO (CarpetX):   total evolution time:            0.943281 sec
INFO (CarpetX):   total evolution compute time:    0.943001 sec
INFO (CarpetX):   total evolution output time:     0.000280142 sec
INFO (CarpetX):   total iterations:                17
INFO (CarpetX):   total cells updated:             69632
INFO (CarpetX):   average iterations per second: 18.0222
INFO (CarpetX):   average cell updates per second: 73818.9
INFO (CarpetX): OutputGH: iteration 18, time 0.070312, run time 1 s
INFO (CarpetX): OutputGH done.
INFO (CarpetX): Simulation time: 0.0703125   Iterations per second: 18.0358   Simulation time per second: 0.0704523
INFO (CarpetX): Grid cells: 4096   Grid cell updates per second: 73874.6
INFO (CarpetX): Performance:
INFO (CarpetX):   total evolution time:            0.998642 sec
INFO (CarpetX):   total evolution compute time:    0.998327 sec
INFO (CarpetX):   total evolution output time:     0.000315189 sec
INFO (CarpetX):   total iterations:                18
INFO (CarpetX):   total cells updated:             73728
INFO (CarpetX):   average iterations per second: 18.0245
INFO (CarpetX):   average cell updates per second: 73828.3
INFO (CarpetX): OutputGH: iteration 19, time 0.074219, run time 1 s
INFO (CarpetX): OutputGH done.
INFO (CarpetX): Simulation time: 0.0742188   Iterations per second: 18.038   Simulation time per second: 0.0704608
INFO (CarpetX): Grid cells: 4096   Grid cell updates per second: 73883.5
INFO (CarpetX): Performance:
INFO (CarpetX):   total evolution time:            1.05402 sec
INFO (CarpetX):   total evolution compute time:    1.05367 sec
INFO (CarpetX):   total evolution output time:     0.000348091 sec
INFO (CarpetX):   total iterations:                19
INFO (CarpetX):   total cells updated:             77824
INFO (CarpetX):   average iterations per second: 18.0262
INFO (CarpetX):   average cell updates per second: 73835.3
INFO (CarpetX): OutputGH: iteration 20, time 0.078125, run time 1 s
INFO (CarpetX): OutputGH done.
INFO (CarpetX): Simulation time: 0.078125   Iterations per second: 18.0432   Simulation time per second: 0.0704813
INFO (CarpetX): Grid cells: 4096   Grid cell updates per second: 73905
INFO (CarpetX): Performance:
INFO (CarpetX):   total evolution time:            1.1093 sec
INFO (CarpetX):   total evolution compute time:    1.10892 sec
INFO (CarpetX):   total evolution output time:     0.000380278 sec
INFO (CarpetX):   total iterations:                20
INFO (CarpetX):   total cells updated:             81920
INFO (CarpetX):   average iterations per second: 18.0294
INFO (CarpetX):   average cell updates per second: 73848.5
INFO (CarpetX): OutputGH: iteration 21, time 0.082031, run time 1 s
INFO (CarpetX): OutputGH done.
INFO (CarpetX): Simulation time: 0.0820312   Iterations per second: 18.0474   Simulation time per second: 0.0704975
INFO (CarpetX): Grid cells: 4096   Grid cell updates per second: 73922
INFO (CarpetX): Performance:
INFO (CarpetX):   total evolution time:            1.16459 sec
INFO (CarpetX):   total evolution compute time:    1.16418 sec
INFO (CarpetX):   total evolution output time:     0.000412226 sec
INFO (CarpetX):   total iterations:                21
INFO (CarpetX):   total cells updated:             86016
INFO (CarpetX):   average iterations per second: 18.0321
INFO (CarpetX):   average cell updates per second: 73859.3
INFO (CarpetX): OutputGH: iteration 22, time 0.085938, run time 1 s
INFO (CarpetX): OutputGH done.
INFO (CarpetX): Simulation time: 0.0859375   Iterations per second: 18.0512   Simulation time per second: 0.0705125
INFO (CarpetX): Grid cells: 4096   Grid cell updates per second: 73937.7
INFO (CarpetX): Performance:
INFO (CarpetX):   total evolution time:            1.21989 sec
INFO (CarpetX):   total evolution compute time:    1.21944 sec
INFO (CarpetX):   total evolution output time:     0.000445366 sec
INFO (CarpetX):   total iterations:                22
INFO (CarpetX):   total cells updated:             90112
INFO (CarpetX):   average iterations per second: 18.0345
INFO (CarpetX):   average cell updates per second: 73869.3
INFO (CarpetX): OutputGH: iteration 23, time 0.089844, run time 2 s
INFO (CarpetX): OutputGH done.
INFO (CarpetX): Simulation time: 0.0898438   Iterations per second: 18.0518   Simulation time per second: 0.070515
INFO (CarpetX): Grid cells: 4096   Grid cell updates per second: 73940.4
INFO (CarpetX): Performance:
INFO (CarpetX):   total evolution time:            1.27526 sec
INFO (CarpetX):   total evolution compute time:    1.27478 sec
INFO (CarpetX):   total evolution output time:     0.000478268 sec
INFO (CarpetX):   total iterations:                23
INFO (CarpetX):   total cells updated:             94208
INFO (CarpetX):   average iterations per second: 18.0355
INFO (CarpetX):   average cell updates per second: 73873.4
INFO (CarpetX): OutputGH: iteration 24, time 0.093750, run time 2 s
INFO (CarpetX): OutputGH done.
INFO (CarpetX): Simulation time: 0.09375   Iterations per second: 18.055   Simulation time per second: 0.0705274
INFO (CarpetX): Grid cells: 4096   Grid cell updates per second: 73953.3
INFO (CarpetX): Performance:
INFO (CarpetX):   total evolution time:            1.33056 sec
INFO (CarpetX):   total evolution compute time:    1.33007 sec
INFO (CarpetX):   total evolution output time:     0.000494242 sec
INFO (CarpetX):   total iterations:                24
INFO (CarpetX):   total cells updated:             98304
INFO (CarpetX):   average iterations per second: 18.0375
INFO (CarpetX):   average cell updates per second: 73881.6
INFO (CarpetX): OutputGH: iteration 25, time 0.097656, run time 2 s
INFO (CarpetX): OutputGH done.
INFO (CarpetX): Simulation time: 0.0976562   Iterations per second: 18.0585   Simulation time per second: 0.0705412
INFO (CarpetX): Grid cells: 4096   Grid cell updates per second: 73967.8
INFO (CarpetX): Performance:
INFO (CarpetX):   total evolution time:            1.38584 sec
INFO (CarpetX):   total evolution compute time:    1.38533 sec
INFO (CarpetX):   total evolution output time:     0.000511169 sec
INFO (CarpetX):   total iterations:                25
INFO (CarpetX):   total cells updated:             102400
INFO (CarpetX):   average iterations per second: 18.0396
INFO (CarpetX):   average cell updates per second: 73890.2
INFO (CarpetX): OutputGH: iteration 26, time 0.101562, run time 2 s
INFO (CarpetX): OutputGH done.
INFO (CarpetX): Simulation time: 0.101562   Iterations per second: 18.06   Simulation time per second: 0.0705469
INFO (CarpetX): Grid cells: 4096   Grid cell updates per second: 73973.7
INFO (CarpetX): Performance:
INFO (CarpetX):   total evolution time:            1.44117 sec
INFO (CarpetX):   total evolution compute time:    1.44064 sec
INFO (CarpetX):   total evolution output time:     0.00052619 sec
INFO (CarpetX):   total iterations:                26
INFO (CarpetX):   total cells updated:             106496
INFO (CarpetX):   average iterations per second: 18.0409
INFO (CarpetX):   average cell updates per second: 73895.5
INFO (CarpetX): OutputGH: iteration 27, time 0.105469, run time 2 s
INFO (CarpetX): OutputGH done.
INFO (CarpetX): Simulation time: 0.105469   Iterations per second: 18.061   Simulation time per second: 0.0705509
INFO (CarpetX): Grid cells: 4096   Grid cell updates per second: 73978
INFO (CarpetX): Performance:
INFO (CarpetX):   total evolution time:            1.49651 sec
INFO (CarpetX):   total evolution compute time:    1.49597 sec
INFO (CarpetX):   total evolution output time:     0.000543118 sec
INFO (CarpetX):   total iterations:                27
INFO (CarpetX):   total cells updated:             110592
INFO (CarpetX):   average iterations per second: 18.042
INFO (CarpetX):   average cell updates per second: 73900
INFO (CarpetX): OutputGH: iteration 28, time 0.109375, run time 2 s
INFO (CarpetX): OutputGH done.
INFO (CarpetX): Simulation time: 0.109375   Iterations per second: 18.0628   Simulation time per second: 0.0705578
INFO (CarpetX): Grid cells: 4096   Grid cell updates per second: 73985.2
INFO (CarpetX): Performance:
INFO (CarpetX):   total evolution time:            1.55182 sec
INFO (CarpetX):   total evolution compute time:    1.55126 sec
INFO (CarpetX):   total evolution output time:     0.000560284 sec
INFO (CarpetX):   total iterations:                28
INFO (CarpetX):   total cells updated:             114688
INFO (CarpetX):   average iterations per second: 18.0433
INFO (CarpetX):   average cell updates per second: 73905.3
INFO (CarpetX): OutputGH: iteration 29, time 0.113281, run time 2 s
INFO (CarpetX): OutputGH done.
INFO (CarpetX): Simulation time: 0.113281   Iterations per second: 18.0634   Simulation time per second: 0.0705603
INFO (CarpetX): Grid cells: 4096   Grid cell updates per second: 73987.8
INFO (CarpetX): Performance:
INFO (CarpetX):   total evolution time:            1.60717 sec
INFO (CarpetX):   total evolution compute time:    1.60659 sec
INFO (CarpetX):   total evolution output time:     0.000576258 sec
INFO (CarpetX):   total iterations:                29
INFO (CarpetX):   total cells updated:             118784
INFO (CarpetX):   average iterations per second: 18.0442
INFO (CarpetX):   average cell updates per second: 73908.9
INFO (CarpetX): OutputGH: iteration 30, time 0.117188, run time 2 s
INFO (CarpetX): OutputGH done.
INFO (CarpetX): Simulation time: 0.117188   Iterations per second: 18.0618   Simulation time per second: 0.0705541
INFO (CarpetX): Grid cells: 4096   Grid cell updates per second: 73981.3
INFO (CarpetX): Performance:
INFO (CarpetX):   total evolution time:            1.66258 sec
INFO (CarpetX):   total evolution compute time:    1.66198 sec
INFO (CarpetX):   total evolution output time:     0.000592232 sec
INFO (CarpetX):   total iterations:                30
INFO (CarpetX):   total cells updated:             122880
INFO (CarpetX):   average iterations per second: 18.0443
INFO (CarpetX):   average cell updates per second: 73909.4
INFO (CarpetX): OutputGH: iteration 31, time 0.121094, run time 2 s
INFO (CarpetX): OutputGH done.
INFO (CarpetX): Simulation time: 0.121094   Iterations per second: 18.0587   Simulation time per second: 0.0705416
INFO (CarpetX): Grid cells: 4096   Grid cell updates per second: 73968.3
INFO (CarpetX): Performance:
INFO (CarpetX):   total evolution time:            1.71804 sec
INFO (CarpetX):   total evolution compute time:    1.71743 sec
INFO (CarpetX):   total evolution output time:     0.000609159 sec
INFO (CarpetX):   total iterations:                31
INFO (CarpetX):   total cells updated:             126976
INFO (CarpetX):   average iterations per second: 18.0438
INFO (CarpetX):   average cell updates per second: 73907.5
INFO (CarpetX): OutputGH: iteration 32, time 0.125000, run time 2 s
INFO (CarpetX): OutputGH done.
INFO (CarpetX): Simulation time: 0.125   Iterations per second: 18.0606   Simulation time per second: 0.0705493
INFO (CarpetX): Grid cells: 4096   Grid cell updates per second: 73976.3
INFO (CarpetX): Performance:
INFO (CarpetX):   total evolution time:            1.77335 sec
INFO (CarpetX):   total evolution compute time:    1.77273 sec
INFO (CarpetX):   total evolution output time:     0.000626087 sec
INFO (CarpetX):   total iterations:                32
INFO (CarpetX):   total cells updated:             131072
INFO (CarpetX):   average iterations per second: 18.0449
INFO (CarpetX):   average cell updates per second: 73911.9
INFO (CarpetX): OutputGH: iteration 33, time 0.128906, run time 2 s
INFO (CarpetX): OutputGH done.
INFO (CarpetX): Simulation time: 0.128906   Iterations per second: 18.056   Simulation time per second: 0.0705313
INFO (CarpetX): Grid cells: 4096   Grid cell updates per second: 73957.5
INFO (CarpetX): Performance:
INFO (CarpetX):   total evolution time:            1.82886 sec
INFO (CarpetX):   total evolution compute time:    1.82822 sec
INFO (CarpetX):   total evolution output time:     0.000642061 sec
INFO (CarpetX):   total iterations:                33
INFO (CarpetX):   total cells updated:             135168
INFO (CarpetX):   average iterations per second: 18.044
INFO (CarpetX):   average cell updates per second: 73908.2
INFO (CarpetX): OutputGH: iteration 34, time 0.132812, run time 2 s
INFO (CarpetX): OutputGH done.
INFO (CarpetX): Simulation time: 0.132812   Iterations per second: 18.058   Simulation time per second: 0.0705389
INFO (CarpetX): Grid cells: 4096   Grid cell updates per second: 73965.4
INFO (CarpetX): Performance:
INFO (CarpetX):   total evolution time:            1.88419 sec
INFO (CarpetX):   total evolution compute time:    1.88353 sec
INFO (CarpetX):   total evolution output time:     0.000659943 sec
INFO (CarpetX):   total iterations:                34
INFO (CarpetX):   total cells updated:             139264
INFO (CarpetX):   average iterations per second: 18.0449
INFO (CarpetX):   average cell updates per second: 73911.9
INFO (CarpetX): OutputGH: iteration 35, time 0.136719, run time 2 s
INFO (CarpetX): OutputGH done.
INFO (CarpetX): Simulation time: 0.136719   Iterations per second: 18.0556   Simulation time per second: 0.0705297
INFO (CarpetX): Grid cells: 4096   Grid cell updates per second: 73955.8
INFO (CarpetX): Performance:
INFO (CarpetX):   total evolution time:            1.93964 sec
INFO (CarpetX):   total evolution compute time:    1.93895 sec
INFO (CarpetX):   total evolution output time:     0.000691891 sec
INFO (CarpetX):   total iterations:                35
INFO (CarpetX):   total cells updated:             143360
INFO (CarpetX):   average iterations per second: 18.0446
INFO (CarpetX):   average cell updates per second: 73910.7
INFO (CarpetX): OutputGH: iteration 36, time 0.140625, run time 2 s
INFO (CarpetX): OutputGH done.
INFO (CarpetX): Simulation time: 0.140625   Iterations per second: 18.0573   Simulation time per second: 0.0705363
INFO (CarpetX): Grid cells: 4096   Grid cell updates per second: 73962.6
INFO (CarpetX): Performance:
INFO (CarpetX):   total evolution time:            1.99497 sec
INFO (CarpetX):   total evolution compute time:    1.99426 sec
INFO (CarpetX):   total evolution output time:     0.000708818 sec
INFO (CarpetX):   total iterations:                36
INFO (CarpetX):   total cells updated:             147456
INFO (CarpetX):   average iterations per second: 18.0454
INFO (CarpetX):   average cell updates per second: 73913.9
INFO (CarpetX): OutputGH: iteration 37, time 0.144531, run time 2 s
INFO (CarpetX): OutputGH done.
INFO (CarpetX): Simulation time: 0.144531   Iterations per second: 18.0592   Simulation time per second: 0.0705436
INFO (CarpetX): Grid cells: 4096   Grid cell updates per second: 73970.3
INFO (CarpetX): Performance:
INFO (CarpetX):   total evolution time:            2.05029 sec
INFO (CarpetX):   total evolution compute time:    2.04957 sec
INFO (CarpetX):   total evolution output time:     0.000725985 sec
INFO (CarpetX):   total iterations:                37
INFO (CarpetX):   total cells updated:             151552
INFO (CarpetX):   average iterations per second: 18.0462
INFO (CarpetX):   average cell updates per second: 73917.3
INFO (CarpetX): OutputGH: iteration 38, time 0.148438, run time 2 s
INFO (CarpetX): OutputGH done.
INFO (CarpetX): Simulation time: 0.148438   Iterations per second: 18.0596   Simulation time per second: 0.0705453
INFO (CarpetX): Grid cells: 4096   Grid cell updates per second: 73972.1
INFO (CarpetX): Performance:
INFO (CarpetX):   total evolution time:            2.10565 sec
INFO (CarpetX):   total evolution compute time:    2.10491 sec
INFO (CarpetX):   total evolution output time:     0.000743151 sec
INFO (CarpetX):   total iterations:                38
INFO (CarpetX):   total cells updated:             155648
INFO (CarpetX):   average iterations per second: 18.0467
INFO (CarpetX):   average cell updates per second: 73919.1
INFO (CarpetX): OutputGH: iteration 39, time 0.152344, run time 2 s
INFO (CarpetX): OutputGH done.
INFO (CarpetX): Simulation time: 0.152344   Iterations per second: 18.0595   Simulation time per second: 0.0705448
INFO (CarpetX): Grid cells: 4096   Grid cell updates per second: 73971.6
INFO (CarpetX): Performance:
INFO (CarpetX):   total evolution time:            2.16103 sec
INFO (CarpetX):   total evolution compute time:    2.16025 sec
INFO (CarpetX):   total evolution output time:     0.000776052 sec
INFO (CarpetX):   total iterations:                39
INFO (CarpetX):   total cells updated:             159744
INFO (CarpetX):   average iterations per second: 18.047
INFO (CarpetX):   average cell updates per second: 73920.4
INFO (CarpetX): OutputGH: iteration 40, time 0.156250, run time 2 s
INFO (CarpetX): OutputGH done.
INFO (CarpetX): Simulation time: 0.15625   Iterations per second: 18.0609   Simulation time per second: 0.0705502
INFO (CarpetX): Grid cells: 4096   Grid cell updates per second: 73977.3
INFO (CarpetX): Performance:
INFO (CarpetX):   total evolution time:            2.21636 sec
INFO (CarpetX):   total evolution compute time:    2.21555 sec
INFO (CarpetX):   total evolution output time:     0.000808954 sec
INFO (CarpetX):   total iterations:                40
INFO (CarpetX):   total cells updated:             163840
INFO (CarpetX):   average iterations per second: 18.0476
INFO (CarpetX):   average cell updates per second: 73923.1
INFO (CarpetX): OutputGH: iteration 41, time 0.160156, run time 3 s
INFO (CarpetX): OutputGH done.
INFO (CarpetX): Simulation time: 0.160156   Iterations per second: 18.0618   Simulation time per second: 0.0705537
INFO (CarpetX): Grid cells: 4096   Grid cell updates per second: 73980.9
INFO (CarpetX): Performance:
INFO (CarpetX):   total evolution time:            2.2717 sec
INFO (CarpetX):   total evolution compute time:    2.27086 sec
INFO (CarpetX):   total evolution output time:     0.000843048 sec
INFO (CarpetX):   total iterations:                41
INFO (CarpetX):   total cells updated:             167936
INFO (CarpetX):   average iterations per second: 18.0482
INFO (CarpetX):   average cell updates per second: 73925.3
INFO (CarpetX): OutputGH: iteration 42, time 0.164062, run time 3 s
INFO (CarpetX): OutputGH done.
INFO (CarpetX): Simulation time: 0.164062   Iterations per second: 18.0566   Simulation time per second: 0.0705337
INFO (CarpetX): Grid cells: 4096   Grid cell updates per second: 73959.9
INFO (CarpetX): Performance:
INFO (CarpetX):   total evolution time:            2.32722 sec
INFO (CarpetX):   total evolution compute time:    2.32634 sec
INFO (CarpetX):   total evolution output time:     0.000880003 sec
INFO (CarpetX):   total iterations:                42
INFO (CarpetX):   total cells updated:             172032
INFO (CarpetX):   average iterations per second: 18.0473
INFO (CarpetX):   average cell updates per second: 73921.6
INFO (CarpetX): OutputGH: iteration 43, time 0.167969, run time 3 s
INFO (CarpetX): OutputGH done.
INFO (CarpetX): Simulation time: 0.167969   Iterations per second: 18.0588   Simulation time per second: 0.0705424
INFO (CarpetX): Grid cells: 4096   Grid cell updates per second: 73969
INFO (CarpetX): Performance:
INFO (CarpetX):   total evolution time:            2.38254 sec
INFO (CarpetX):   total evolution compute time:    2.38164 sec
INFO (CarpetX):   total evolution output time:     0.000896931 sec
INFO (CarpetX):   total iterations:                43
INFO (CarpetX):   total cells updated:             176128
INFO (CarpetX):   average iterations per second: 18.048
INFO (CarpetX):   average cell updates per second: 73924.6
INFO (CarpetX): OutputGH: iteration 44, time 0.171875, run time 3 s
INFO (CarpetX): OutputGH done.
INFO (CarpetX): Simulation time: 0.171875   Iterations per second: 18.0605   Simulation time per second: 0.0705487
INFO (CarpetX): Grid cells: 4096   Grid cell updates per second: 73975.7
INFO (CarpetX): Performance:
INFO (CarpetX):   total evolution time:            2.43786 sec
INFO (CarpetX):   total evolution compute time:    2.43693 sec
INFO (CarpetX):   total evolution output time:     0.000928879 sec
INFO (CarpetX):   total iterations:                44
INFO (CarpetX):   total cells updated:             180224
INFO (CarpetX):   average iterations per second: 18.0486
INFO (CarpetX):   average cell updates per second: 73927.1
INFO (CarpetX): OutputGH: iteration 45, time 0.175781, run time 3 s
INFO (CarpetX): OutputGH done.
INFO (CarpetX): Simulation time: 0.175781   Iterations per second: 18.0595   Simulation time per second: 0.0705451
INFO (CarpetX): Grid cells: 4096   Grid cell updates per second: 73971.9
INFO (CarpetX): Performance:
INFO (CarpetX):   total evolution time:            2.49326 sec
INFO (CarpetX):   total evolution compute time:    2.4923 sec
INFO (CarpetX):   total evolution output time:     0.000960827 sec
INFO (CarpetX):   total iterations:                45
INFO (CarpetX):   total cells updated:             184320
INFO (CarpetX):   average iterations per second: 18.0487
INFO (CarpetX):   average cell updates per second: 73927.4
INFO (CarpetX): OutputGH: iteration 46, time 0.179688, run time 3 s
INFO (CarpetX): OutputGH done.
INFO (CarpetX): Simulation time: 0.179688   Iterations per second: 18.0604   Simulation time per second: 0.0705483
INFO (CarpetX): Grid cells: 4096   Grid cell updates per second: 73975.3
INFO (CarpetX): Performance:
INFO (CarpetX):   total evolution time:            2.54861 sec
INFO (CarpetX):   total evolution compute time:    2.54761 sec
INFO (CarpetX):   total evolution output time:     0.000994921 sec
INFO (CarpetX):   total iterations:                46
INFO (CarpetX):   total cells updated:             188416
INFO (CarpetX):   average iterations per second: 18.0491
INFO (CarpetX):   average cell updates per second: 73929.1
INFO (CarpetX): OutputGH: iteration 47, time 0.183594, run time 3 s
INFO (CarpetX): OutputGH done.
INFO (CarpetX): Simulation time: 0.183594   Iterations per second: 18.0616   Simulation time per second: 0.0705533
INFO (CarpetX): Grid cells: 4096   Grid cell updates per second: 73980.5
INFO (CarpetX): Performance:
INFO (CarpetX):   total evolution time:            2.60394 sec
INFO (CarpetX):   total evolution compute time:    2.60291 sec
INFO (CarpetX):   total evolution output time:     0.00102782 sec
INFO (CarpetX):   total iterations:                47
INFO (CarpetX):   total cells updated:             192512
INFO (CarpetX):   average iterations per second: 18.0496
INFO (CarpetX):   average cell updates per second: 73931.2
INFO (CarpetX): OutputGH: iteration 48, time 0.187500, run time 3 s
INFO (CarpetX): OutputGH done.
INFO (CarpetX): Simulation time: 0.1875   Iterations per second: 18.057   Simulation time per second: 0.0705353
INFO (CarpetX): Grid cells: 4096   Grid cell updates per second: 73961.6
INFO (CarpetX): Performance:
INFO (CarpetX):   total evolution time:            2.65944 sec
INFO (CarpetX):   total evolution compute time:    2.6584 sec
INFO (CarpetX):   total evolution output time:     0.0010438 sec
INFO (CarpetX):   total iterations:                48
INFO (CarpetX):   total cells updated:             196608
INFO (CarpetX):   average iterations per second: 18.0489
INFO (CarpetX):   average cell updates per second: 73928.3
INFO (CarpetX): OutputGH: iteration 49, time 0.191406, run time 3 s
INFO (CarpetX): OutputGH done.
INFO (CarpetX): Simulation time: 0.191406   Iterations per second: 18.0446   Simulation time per second: 0.0704868
INFO (CarpetX): Grid cells: 4096   Grid cell updates per second: 73910.8
INFO (CarpetX): Performance:
INFO (CarpetX):   total evolution time:            2.7152 sec
INFO (CarpetX):   total evolution compute time:    2.71413 sec
INFO (CarpetX):   total evolution output time:     0.00107765 sec
INFO (CarpetX):   total iterations:                49
INFO (CarpetX):   total cells updated:             200704
INFO (CarpetX):   average iterations per second: 18.0465
INFO (CarpetX):   average cell updates per second: 73918.6
INFO (CarpetX): OutputGH: iteration 50, time 0.195312, run time 3 s
INFO (CarpetX): OutputGH done.
INFO (CarpetX): Simulation time: 0.195312   Iterations per second: 18.0456   Simulation time per second: 0.0704905
INFO (CarpetX): Grid cells: 4096   Grid cell updates per second: 73914.7
INFO (CarpetX): Performance:
INFO (CarpetX):   total evolution time:            2.77059 sec
INFO (CarpetX):   total evolution compute time:    2.76948 sec
INFO (CarpetX):   total evolution output time:     0.00110984 sec
INFO (CarpetX):   total iterations:                50
INFO (CarpetX):   total cells updated:             204800
INFO (CarpetX):   average iterations per second: 18.0467
INFO (CarpetX):   average cell updates per second: 73919.2
INFO (CarpetX): OutputGH: iteration 51, time 0.199219, run time 3 s
INFO (CarpetX): OutputGH done.
INFO (CarpetX): Simulation time: 0.199219   Iterations per second: 18.0455   Simulation time per second: 0.0704902
INFO (CarpetX): Grid cells: 4096   Grid cell updates per second: 73914.3
INFO (CarpetX): Performance:
INFO (CarpetX):   total evolution time:            2.82601 sec
INFO (CarpetX):   total evolution compute time:    2.82487 sec
INFO (CarpetX):   total evolution output time:     0.00114274 sec
INFO (CarpetX):   total iterations:                51
INFO (CarpetX):   total cells updated:             208896
INFO (CarpetX):   average iterations per second: 18.0466
INFO (CarpetX):   average cell updates per second: 73919
INFO (CarpetX): OutputGH: iteration 52, time 0.203125, run time 3 s
INFO (CarpetX): OutputGH done.
INFO (CarpetX): Simulation time: 0.203125   Iterations per second: 18.0323   Simulation time per second: 0.0704386
INFO (CarpetX): Grid cells: 4096   Grid cell updates per second: 73860.2
INFO (CarpetX): Performance:
INFO (CarpetX):   total evolution time:            2.88183 sec
INFO (CarpetX):   total evolution compute time:    2.88067 sec
INFO (CarpetX):   total evolution output time:     0.00116181 sec
INFO (CarpetX):   total iterations:                52
INFO (CarpetX):   total cells updated:             212992
INFO (CarpetX):   average iterations per second: 18.0441
INFO (CarpetX):   average cell updates per second: 73908.5
INFO (CarpetX): OutputGH: iteration 53, time 0.207031, run time 3 s
INFO (CarpetX): OutputGH done.
INFO (CarpetX): Simulation time: 0.207031   Iterations per second: 18.0267   Simulation time per second: 0.0704168
INFO (CarpetX): Grid cells: 4096   Grid cell updates per second: 73837.3
INFO (CarpetX): Performance:
INFO (CarpetX):   total evolution time:            2.93746 sec
INFO (CarpetX):   total evolution compute time:    2.93628 sec
INFO (CarpetX):   total evolution output time:     0.00117779 sec
INFO (CarpetX):   total iterations:                53
INFO (CarpetX):   total cells updated:             217088
INFO (CarpetX):   average iterations per second: 18.0428
INFO (CarpetX):   average cell updates per second: 73903.3
INFO (CarpetX): OutputGH: iteration 54, time 0.210938, run time 3 s
INFO (CarpetX): OutputGH done.
INFO (CarpetX): Simulation time: 0.210938   Iterations per second: 18.0294   Simulation time per second: 0.0704275
INFO (CarpetX): Grid cells: 4096   Grid cell updates per second: 73848.6
INFO (CarpetX): Performance:
INFO (CarpetX):   total evolution time:            2.99285 sec
INFO (CarpetX):   total evolution compute time:    2.99161 sec
INFO (CarpetX):   total evolution output time:     0.00123668 sec
INFO (CarpetX):   total iterations:                54
INFO (CarpetX):   total cells updated:             221184
INFO (CarpetX):   average iterations per second: 18.043
INFO (CarpetX):   average cell updates per second: 73904.2
INFO (CarpetX): OutputGH: iteration 55, time 0.214844, run time 3 s
INFO (CarpetX): OutputGH done.
INFO (CarpetX): Simulation time: 0.214844   Iterations per second: 18.0067   Simulation time per second: 0.0703388
INFO (CarpetX): Grid cells: 4096   Grid cell updates per second: 73755.6
INFO (CarpetX): Performance:
INFO (CarpetX):   total evolution time:            3.04901 sec
INFO (CarpetX):   total evolution compute time:    3.04774 sec
INFO (CarpetX):   total evolution output time:     0.00127053 sec
INFO (CarpetX):   total iterations:                55
INFO (CarpetX):   total cells updated:             225280
INFO (CarpetX):   average iterations per second: 18.0386
INFO (CarpetX):   average cell updates per second: 73886.2
INFO (CarpetX): OutputGH: iteration 56, time 0.218750, run time 3 s
INFO (CarpetX): OutputGH done.
INFO (CarpetX): Simulation time: 0.21875   Iterations per second: 18.0025   Simulation time per second: 0.0703224
INFO (CarpetX): Grid cells: 4096   Grid cell updates per second: 73738.4
INFO (CarpetX): Performance:
INFO (CarpetX):   total evolution time:            3.10468 sec
INFO (CarpetX):   total evolution compute time:    3.10335 sec
INFO (CarpetX):   total evolution output time:     0.00132251 sec
INFO (CarpetX):   total iterations:                56
INFO (CarpetX):   total cells updated:             229376
INFO (CarpetX):   average iterations per second: 18.0373
INFO (CarpetX):   average cell updates per second: 73880.8
INFO (CarpetX): OutputGH: iteration 57, time 0.222656, run time 3 s
INFO (CarpetX): OutputGH done.
INFO (CarpetX): Simulation time: 0.222656   Iterations per second: 18.0095   Simulation time per second: 0.0703495
INFO (CarpetX): Grid cells: 4096   Grid cell updates per second: 73766.8
INFO (CarpetX): Performance:
INFO (CarpetX):   total evolution time:            3.16001 sec
INFO (CarpetX):   total evolution compute time:    3.15866 sec
INFO (CarpetX):   total evolution output time:     0.00135541 sec
INFO (CarpetX):   total iterations:                57
INFO (CarpetX):   total cells updated:             233472
INFO (CarpetX):   average iterations per second: 18.0379
INFO (CarpetX):   average cell updates per second: 73883.3
INFO (CarpetX): OutputGH: iteration 58, time 0.226562, run time 3 s
INFO (CarpetX): OutputGH done.
INFO (CarpetX): Simulation time: 0.226562   Iterations per second: 18.0145   Simulation time per second: 0.0703693
INFO (CarpetX): Grid cells: 4096   Grid cell updates per second: 73787.6
INFO (CarpetX): Performance:
INFO (CarpetX):   total evolution time:            3.21538 sec
INFO (CarpetX):   total evolution compute time:    3.21399 sec
INFO (CarpetX):   total evolution output time:     0.00138831 sec
INFO (CarpetX):   total iterations:                58
INFO (CarpetX):   total cells updated:             237568
INFO (CarpetX):   average iterations per second: 18.0383
INFO (CarpetX):   average cell updates per second: 73884.9
INFO (CarpetX): OutputGH: iteration 59, time 0.230469, run time 4 s
INFO (CarpetX): OutputGH done.
INFO (CarpetX): Simulation time: 0.230469   Iterations per second: 18.0154   Simulation time per second: 0.0703728
INFO (CarpetX): Grid cells: 4096   Grid cell updates per second: 73791.3
INFO (CarpetX): Performance:
INFO (CarpetX):   total evolution time:            3.27086 sec
INFO (CarpetX):   total evolution compute time:    3.26944 sec
INFO (CarpetX):   total evolution output time:     0.00142217 sec
INFO (CarpetX):   total iterations:                59
INFO (CarpetX):   total cells updated:             241664
INFO (CarpetX):   average iterations per second: 18.038
INFO (CarpetX):   average cell updates per second: 73883.8
INFO (CarpetX): OutputGH: iteration 60, time 0.234375, run time 4 s
INFO (CarpetX): OutputGH done.
INFO (CarpetX): Simulation time: 0.234375   Iterations per second: 18.021   Simulation time per second: 0.0703946
INFO (CarpetX): Grid cells: 4096   Grid cell updates per second: 73814.1
INFO (CarpetX): Performance:
INFO (CarpetX):   total evolution time:            3.3262 sec
INFO (CarpetX):   total evolution compute time:    3.32475 sec
INFO (CarpetX):   total evolution output time:     0.00145531 sec
INFO (CarpetX):   total iterations:                60
INFO (CarpetX):   total cells updated:             245760
INFO (CarpetX):   average iterations per second: 18.0386
INFO (CarpetX):   average cell updates per second: 73886.1
INFO (CarpetX): OutputGH: iteration 61, time 0.238281, run time 4 s
INFO (CarpetX): OutputGH done.
INFO (CarpetX): Simulation time: 0.238281   Iterations per second: 18.0257   Simulation time per second: 0.0704129
INFO (CarpetX): Grid cells: 4096   Grid cell updates per second: 73833.3
INFO (CarpetX): Performance:
INFO (CarpetX):   total evolution time:            3.38155 sec
INFO (CarpetX):   total evolution compute time:    3.38006 sec
INFO (CarpetX):   total evolution output time:     0.00148916 sec
INFO (CarpetX):   total iterations:                61
INFO (CarpetX):   total cells updated:             249856
INFO (CarpetX):   average iterations per second: 18.0391
INFO (CarpetX):   average cell updates per second: 73888.1
INFO (CarpetX): OutputGH: iteration 62, time 0.242188, run time 4 s
INFO (CarpetX): OutputGH done.
INFO (CarpetX): Simulation time: 0.242188   Iterations per second: 18.0273   Simulation time per second: 0.0704191
INFO (CarpetX): Grid cells: 4096   Grid cell updates per second: 73839.8
INFO (CarpetX): Performance:
INFO (CarpetX):   total evolution time:            3.43697 sec
INFO (CarpetX):   total evolution compute time:    3.43545 sec
INFO (CarpetX):   total evolution output time:     0.00152326 sec
INFO (CarpetX):   total iterations:                62
INFO (CarpetX):   total cells updated:             253952
INFO (CarpetX):   average iterations per second: 18.0391
INFO (CarpetX):   average cell updates per second: 73888.2
INFO (CarpetX): OutputGH: iteration 63, time 0.246094, run time 4 s
INFO (CarpetX): OutputGH done.
INFO (CarpetX): Simulation time: 0.246094   Iterations per second: 18.0313   Simulation time per second: 0.0704347
INFO (CarpetX): Grid cells: 4096   Grid cell updates per second: 73856.1
INFO (CarpetX): Performance:
INFO (CarpetX):   total evolution time:            3.49232 sec
INFO (CarpetX):   total evolution compute time:    3.49077 sec
INFO (CarpetX):   total evolution output time:     0.00155616 sec
INFO (CarpetX):   total iterations:                63
INFO (CarpetX):   total cells updated:             258048
INFO (CarpetX):   average iterations per second: 18.0396
INFO (CarpetX):   average cell updates per second: 73890.1
INFO (CarpetX): OutputGH: iteration 64, time 0.250000, run time 4 s
INFO (CarpetX): OutputGH done.
INFO (CarpetX): Simulation time: 0.25   Iterations per second: 17.3794   Simulation time per second: 0.0678884
INFO (CarpetX): Grid cells: 4096   Grid cell updates per second: 71186.2
INFO (CarpetX): Performance:
INFO (CarpetX):   total evolution time:            3.56858 sec
INFO (CarpetX):   total evolution compute time:    3.55333 sec
INFO (CarpetX):   total evolution output time:     0.0152512 sec
INFO (CarpetX):   total iterations:                64
INFO (CarpetX):   total cells updated:             262144
INFO (CarpetX):   average iterations per second: 17.9343
INFO (CarpetX):   average cell updates per second: 73458.8
INFO (CarpetX): Shutting down...
AMReX (25.11) finalized
--------------------------------------------------------------------------------
Done.

real	0m3.993s
user	0m6.682s
sys	0m0.188s
+ echo Stopping:
Stopping:
+ date
Fri Apr  3 09:31:08 PM UTC 2026
+ echo Done.
Done.
  Elapsed time: 4.0 s
