/__w/canudax-tests/workspace/simulations/TestJob01_temp_2/output-0000/TEST/sim/CanudaX_BSSNMoL
Preparing:
+ set -e
+ cd output-0000-active
+ echo Checking:
Checking:
+ pwd
/__w/canudax-tests/workspace/simulations/TestJob01_temp_2/output-0000/TEST/sim/CanudaX_BSSNMoL/output-0000-active
+ hostname
2062d5045d00
+ date
Thu Apr 16 03:42:45 AM UTC 2026
+ echo Environment:
Environment:
+ export SIMULATION_ID=simulation-TestJob01_temp_2-actions-cpu-real64-actions-root-2026.04.16-03.42.45-16820
+ SIMULATION_ID=simulation-TestJob01_temp_2-actions-cpu-real64-actions-root-2026.04.16-03.42.45-16820
+ export CACTUS_NUM_PROCS=2
+ CACTUS_NUM_PROCS=2
+ export CACTUS_NUM_THREADS=1
+ CACTUS_NUM_THREADS=1
+ export CACTUS_SET_THREAD_BINDINGS=0
+ CACTUS_SET_THREAD_BINDINGS=0
+ export GLIBCXX_FORCE_NEW=1
+ GLIBCXX_FORCE_NEW=1
+ export GMON_OUT_PREFIX=gmon.out
+ GMON_OUT_PREFIX=gmon.out
+ export OMP_DISPLAY_ENV=TRUE
+ OMP_DISPLAY_ENV=TRUE
+ export OMP_MAX_TASKS=100
+ OMP_MAX_TASKS=100
+ export OMP_NUM_THREADS=1
+ OMP_NUM_THREADS=1
+ export OMP_PLACES=cores
+ OMP_PLACES=cores
+ export OMP_PROC_BIND=FALSE
+ OMP_PROC_BIND=FALSE
+ export OMP_STACKSIZE=8192
+ OMP_STACKSIZE=8192
+ env
+ sort
+ echo Starting:
Starting:
++ date +%s
+ export CACTUS_STARTTIME=1776310965
+ CACTUS_STARTTIME=1776310965
+ mpiexec -n 2 /__w/canudax-tests/workspace/simulations/TestJob01_temp_2/SIMFACTORY/exe/cactus_sim -L 3 /__w/canudax-tests/workspace/simulations/TestJob01_temp_2/output-0000/arrangements/CanudaX/CanudaX_BSSNMoL/test/gaugewave.par

OPENMP DISPLAY ENVIRONMENT BEGIN
  _OPENMP = '201511'
  [host] OMP_DYNAMIC = 'FALSE'
  [host] OMP_NESTED = 'FALSE'
  [host] OMP_NUM_THREADS = '1'
  [host] OMP_SCHEDULE = 'DYNAMIC'
  [host] OMP_PROC_BIND = 'FALSE'
  [host] OMP_PLACES = ''
  [host] OMP_STACKSIZE = '8388608'
  [host] OMP_WAIT_POLICY = 'PASSIVE'
  [host] OMP_THREAD_LIMIT = '4294967295'
  [host] OMP_MAX_ACTIVE_LEVELS = '1'
  [host] OMP_NUM_TEAMS = '0'
  [host] OMP_TEAMS_THREAD_LIMIT = '0'
  [all] OMP_CANCELLATION = 'FALSE'
  [all] OMP_DEFAULT_DEVICE = '0'
  [all] OMP_MAX_TASK_PRIORITY = '0'
  [all] OMP_DISPLAY_AFFINITY = 'FALSE'
  [host] OMP_AFFINITY_FORMAT = 'level %L thread %i affinity %A'
  [host] OMP_ALLOCATOR = 'omp_default_mem_alloc'
  [all] OMP_TARGET_OFFLOAD = 'DEFAULT'
OPENMP DISPLAY ENVIRONMENT END

OPENMP DISPLAY ENVIRONMENT BEGIN
  _OPENMP = '201511'
  [host] OMP_DYNAMIC = 'FALSE'
  [host] OMP_NESTED = 'FALSE'
  [host] OMP_NUM_THREADS = '1'
  [host] OMP_SCHEDULE = 'DYNAMIC'
  [host] OMP_PROC_BIND = 'FALSE'
  [host] OMP_PLACES = ''
  [host] OMP_STACKSIZE = '8388608'
  [host] OMP_WAIT_POLICY = 'PASSIVE'
  [host] OMP_THREAD_LIMIT = '4294967295'
  [host] OMP_MAX_ACTIVE_LEVELS = '1'
  [host] OMP_NUM_TEAMS = '0'
  [host] OMP_TEAMS_THREAD_LIMIT = '0'
  [all] OMP_CANCELLATION = 'FALSE'
  [all] OMP_DEFAULT_DEVICE = '0'
  [all] OMP_MAX_TASK_PRIORITY = '0'
  [all] OMP_DISPLAY_AFFINITY = 'FALSE'
  [host] OMP_AFFINITY_FORMAT = 'level %L thread %i affinity %A'
  [host] OMP_ALLOCATOR = 'omp_default_mem_alloc'
  [all] OMP_TARGET_OFFLOAD = 'DEFAULT'
OPENMP DISPLAY ENVIRONMENT END
INFO (Cactus): Increased logging level from 0 to 3
--------------------------------------------------------------------------------

       10                                  
  1   0101       ************************  
  01  1010 10      The Cactus Code V4.18.0    
 1010 1101 011      www.cactuscode.org     
  1001 100101    ************************  
    00010101                               
     100011     (c) Copyright The Authors  
      0100      GNU Licensed. No Warranty  
      0101                                 
--------------------------------------------------------------------------------

Cactus version:    4.18.0
Compile date:      Apr 16 2026 (03:40:24)
Run date:          Apr 16 2026 (03:42:45+0000)
Run host:          2062d5045d00 (pid=16868)
Working directory: /__w/canudax-tests/workspace/simulations/TestJob01_temp_2/output-0000/TEST/sim/CanudaX_BSSNMoL
Executable:        /__w/canudax-tests/workspace/simulations/TestJob01_temp_2/SIMFACTORY/exe/cactus_sim
Parameter file:    /__w/canudax-tests/workspace/simulations/TestJob01_temp_2/output-0000/arrangements/CanudaX/CanudaX_BSSNMoL/test/gaugewave.par
--------------------------------------------------------------------------------

Activating thorn Cactus...Success -> active implementation Cactus
Activation requested for 
--->ADMBaseX CanudaX_BSSNMoL CanudaX_ExactID CarpetX IOUtil ODESolvers TmunuBaseX<---
Thorn ADMBaseX requests automatic activation of Loop
Thorn CarpetX requests automatic activation of AMReX
Thorn CarpetX requests automatic activation of MPI
Thorn CarpetX requests automatic activation of yaml_cpp
Thorn CarpetX requests automatic activation of zlib
Thorn CarpetX requests automatic activation of Arith
Thorn CarpetX requests automatic activation of CarpetXRegrid
Thorn CarpetX requests automatic activation of ADIOS2
Thorn CarpetX requests automatic activation of openPMD
Thorn CarpetX requests automatic activation of Silo
Thorn ODESolvers requests automatic activation of Subcycling
Thorn Arith requests automatic activation of NSIMD
Thorn MPI requests automatic activation of hwloc
Thorn openPMD requests automatic activation of HDF5
Activating thorn ADIOS2...Success -> active implementation ADIOS2
Activating thorn ADMBaseX...Success -> active implementation ADMBaseX
Activating thorn AMReX...Success -> active implementation AMReX
Activating thorn Arith...Success -> active implementation Arith
Activating thorn CanudaX_BSSNMoL...Success -> active implementation CanudaX_BSSNMoL
Activating thorn CanudaX_ExactID...Success -> active implementation CanudaX_ExactID
Activating thorn CarpetX...Success -> active implementation Driver
Activating thorn CarpetXRegrid...Success -> active implementation CarpetXRegrid
Activating thorn HDF5...Success -> active implementation HDF5
Activating thorn hwloc...Success -> active implementation hwloc
Activating thorn IOUtil...Success -> active implementation IO
Activating thorn Loop...Success -> active implementation Loop
Activating thorn MPI...Success -> active implementation MPI
Activating thorn NSIMD...Success -> active implementation NSIMD
Activating thorn ODESolvers...Success -> active implementation ODESolvers
Activating thorn openPMD...Success -> active implementation openPMD
Activating thorn Silo...Success -> active implementation Silo
Activating thorn Subcycling...Success -> active implementation Subcycling
Activating thorn TmunuBaseX...Success -> active implementation TmunuBaseX
Activating thorn yaml_cpp...Success -> active implementation yaml_cpp
Activating thorn zlib...Success -> active implementation zlib
--------------------------------------------------------------------------------
  if (recover initial data)
    Recover parameters
  endif

  Startup routines
    [CCTK_STARTUP]
      CarpetX::Driver_Startup: Start up the driver
      IOUtil::IOUtil_Startup: Startup routine
      GROUP hwloc_startup: hwloc startup group
        hwloc::hwloc_version: Output hwloc version

  Startup routines which need an existing grid hierarchy
    [CCTK_WRAGH]
      Arith::Test_smallvector: [meta] Test small vectors
      Arith::Test_spvect: [meta] Test sparse vectors
      ODESolvers::ODESolvers_InitConstants: [global] Set up dummy loop counters for schedule printout
  Parameter checking routines
    [CCTK_PARAMCHECK]
      CanudaX_BSSNMoL::CanudaX_BSSNMoL_paramcheck: Check CanudaX_BSSNMoL parameters for consistency

  Initialisation
    if (NOT (recover initial data AND recovery_mode is 'strict'))
      [CCTK_PREREGRIDINITIAL]
      Set up grid hierarchy
      [CCTK_POSTREGRIDINITIAL]
      [CCTK_BASEGRID]
        CarpetXRegrid::CarpetXRegrid_InitError: Initialize regridding error to zero
        GROUP ODESolvers_BaseGrid: Set up constants (e.g. coordinates) everywhere on the grid
      [CCTK_INITIAL]
        GROUP TmunuBaseX_SetTmunuVars: Schedule group for setting T_munu
          TmunuBaseX::TmunuBaseX_ZeroTmunu: Set T_munu to zero
          GROUP TmunuBaseX_AddToTmunu: Add to T_munu here
        GROUP ODESolvers_Initial: Set up initial conditions on interior of state vector
          GROUP ADMBaseX_InitialData: Schedule group for calculating ADM initial data
            GROUP CanudaX_ExactIDGroup: CanudaX_ExactID group for setting up initial data
              CanudaX_ExactID::CanudaX_ExactID_GaugeWave: [local] Create gauge wave initial data
          GROUP ADMBaseX_InitialGauge: Schedule group for the ADM initial gauge condition
            ADMBaseX::ADMBaseX_initial_dtlapse: Set dtlapse to zero
            ADMBaseX::ADMBaseX_initial_dtshift: Set dtshift to zero
          GROUP ADMBaseX_PostInitial: Schedule group for modifying the ADM initial data, such as e.g. adding noise
        GROUP Subcycling_RMBndryGroup: Check if the ghost points are at refinement boundary
          Subcycling::Subcycling_SetLevelNeighbor: Set isrmbndry
          Subcycling::Subcycling_SetIsRMBndry: Set isrmbndry
        GROUP CanudaX_BSSNMoL_InitialGroup: CanudaX_BSSNMoL: initial bin
          CanudaX_BSSNMoL::CanudaX_BSSNMoL_adm2bssn: [local] Convert initial data into BSSN variables
          CanudaX_BSSNMoL::CanudaX_BSSNMoL_gammat: [local] Set Gammat initial data
      [CCTK_POSTINITIAL]
        GROUP ODESolvers_PostStep: Apply boundary conditions to state vector, and project if necessary
          GROUP CanudaX_BSSNMoL_PostStepGroup: CanudaX_BSSNMoL: post-step operations
            CanudaX_BSSNMoL::CanudaX_BSSNMoL_impose_conf_fac_floor: Make sure conformal factor does not drop below specified value
            CanudaX_BSSNMoL::CanudaX_BSSNMoL_reset_detmetric: reset dethh = 1
            CanudaX_BSSNMoL::CanudaX_BSSNMoL_remove_trA: Remove trace of A
          GROUP ADMBaseX_SetADMRHS: Set ADM RHS variables in this group
          CanudaX_BSSNMoL::CanudaX_BSSNMoL_sync: [global] Sync state vector
          GROUP ADMBaseX_SetADMVars: Set ADM variables in this group
            CanudaX_BSSNMoL::CanudaX_BSSNMoL_bssn2adm: [local] Convert variables back to the ADM ones
          GROUP TmunuBaseX_SetTmunuVars: Schedule group for setting T_munu
            TmunuBaseX::TmunuBaseX_ZeroTmunu: Set T_munu to zero
            GROUP TmunuBaseX_AddToTmunu: Add to T_munu here
        GROUP ODESolvers_EstimateError: Estimate discretization error (for regridding)
      Initialise finer grids recursively
      Restrict from finer grids
      [CCTK_POSTRESTRICTINITIAL]
      [CCTK_POSTPOSTINITIAL]
      [CCTK_POSTSTEP]
        GROUP ODESolvers_EstimateError: Estimate discretization error (for regridding)
    endif
    if (recover initial data)
      [CCTK_BASEGRID]
        CarpetXRegrid::CarpetXRegrid_InitError: Initialize regridding error to zero
        GROUP ODESolvers_BaseGrid: Set up constants (e.g. coordinates) everywhere on the grid
      [CCTK_RECOVER_VARIABLES]
      [CCTK_POST_RECOVER_VARIABLES]
        GROUP ODESolvers_PostStep: Apply boundary conditions to state vector, and project if necessary
          GROUP CanudaX_BSSNMoL_PostStepGroup: CanudaX_BSSNMoL: post-step operations
            CanudaX_BSSNMoL::CanudaX_BSSNMoL_impose_conf_fac_floor: Make sure conformal factor does not drop below specified value
            CanudaX_BSSNMoL::CanudaX_BSSNMoL_reset_detmetric: reset dethh = 1
            CanudaX_BSSNMoL::CanudaX_BSSNMoL_remove_trA: Remove trace of A
          GROUP ADMBaseX_SetADMRHS: Set ADM RHS variables in this group
          CanudaX_BSSNMoL::CanudaX_BSSNMoL_sync: [global] Sync state vector
          GROUP ADMBaseX_SetADMVars: Set ADM variables in this group
            CanudaX_BSSNMoL::CanudaX_BSSNMoL_bssn2adm: [local] Convert variables back to the ADM ones
          GROUP TmunuBaseX_SetTmunuVars: Schedule group for setting T_munu
            TmunuBaseX::TmunuBaseX_ZeroTmunu: Set T_munu to zero
            GROUP TmunuBaseX_AddToTmunu: Add to T_munu here
        GROUP ODESolvers_EstimateError: Estimate discretization error (for regridding)
        GROUP Subcycling_RMBndryGroup: Check if the ghost points are at refinement boundary
          Subcycling::Subcycling_SetLevelNeighbor: Set isrmbndry
          Subcycling::Subcycling_SetIsRMBndry: Set isrmbndry
    endif
    if (checkpoint initial data)
      [CCTK_CPINITIAL]
        CarpetX::CarpetX_CheckpointInitial: [meta] Checkpoint initial conditions
    endif
    if (analysis)
      [CCTK_ANALYSIS]
        CanudaX_BSSNMoL::CanudaX_BSSNMoL_calc_ricci_for_constraints: MoL ricci tensor and scalar calculation
        CanudaX_BSSNMoL::CanudaX_BSSNMoL_bssn_constraints: Compute constraints
        GROUP ODESolvers_Analysis: Calculate analysis quantities everywhere
  endif
  Output grid variables

  do loop over timesteps
    [CCTK_PREREGRID]
    Change grid hierarchy
    [CCTK_POSTREGRID]
      GROUP ODESolvers_PostStep: Apply boundary conditions to state vector, and project if necessary
        GROUP CanudaX_BSSNMoL_PostStepGroup: CanudaX_BSSNMoL: post-step operations
          CanudaX_BSSNMoL::CanudaX_BSSNMoL_impose_conf_fac_floor: Make sure conformal factor does not drop below specified value
          CanudaX_BSSNMoL::CanudaX_BSSNMoL_reset_detmetric: reset dethh = 1
          CanudaX_BSSNMoL::CanudaX_BSSNMoL_remove_trA: Remove trace of A
        GROUP ADMBaseX_SetADMRHS: Set ADM RHS variables in this group
        CanudaX_BSSNMoL::CanudaX_BSSNMoL_sync: [global] Sync state vector
        GROUP ADMBaseX_SetADMVars: Set ADM variables in this group
          CanudaX_BSSNMoL::CanudaX_BSSNMoL_bssn2adm: [local] Convert variables back to the ADM ones
        GROUP TmunuBaseX_SetTmunuVars: Schedule group for setting T_munu
          TmunuBaseX::TmunuBaseX_ZeroTmunu: Set T_munu to zero
          GROUP TmunuBaseX_AddToTmunu: Add to T_munu here
      GROUP Subcycling_RMBndryGroup: Check if the ghost points are at refinement boundary
        Subcycling::Subcycling_SetLevelNeighbor: Set isrmbndry
        Subcycling::Subcycling_SetIsRMBndry: Set isrmbndry
    Rotate timelevels
    iteration = iteration+1
    t = t+dt
    [CCTK_PRESTEP]
    [CCTK_EVOL]
      ODESolvers::ODESolvers_Solve_Subcycling: [level] Solve ODEs using Subcycling
      while (ODESolvers::do_substeps)
        GROUP ODESolvers_CalledBySolve: Groups internally scheduled by ODESolvers_Solve
          GROUP ODESolvers_RHS: Evaluate the RHS for of state vector everywhere on the grid
            GROUP CanudaX_BSSNMoL_RHSGroup: CanudaX_BSSNMoL: calculate BSSN RHS
              CanudaX_BSSNMoL::CanudaX_BSSNMoL_calc_ricci: MoL ricci tensor and scalar calculation
              CanudaX_BSSNMoL::CanudaX_BSSNMoL_calc_bssn_rhs: MoL RHS calculation
              CanudaX_BSSNMoL::CanudaX_BSSNMoL_apply_boundary_conditions: Apply radiative boundary conditions 
          GROUP ODESolvers_PostStep: Apply boundary conditions to state vector, and project if necessary
            GROUP CanudaX_BSSNMoL_PostStepGroup: CanudaX_BSSNMoL: post-step operations
              CanudaX_BSSNMoL::CanudaX_BSSNMoL_impose_conf_fac_floor: Make sure conformal factor does not drop below specified value
              CanudaX_BSSNMoL::CanudaX_BSSNMoL_reset_detmetric: reset dethh = 1
              CanudaX_BSSNMoL::CanudaX_BSSNMoL_remove_trA: Remove trace of A
            GROUP ADMBaseX_SetADMRHS: Set ADM RHS variables in this group
            CanudaX_BSSNMoL::CanudaX_BSSNMoL_sync: [global] Sync state vector
            GROUP ADMBaseX_SetADMVars: Set ADM variables in this group
              CanudaX_BSSNMoL::CanudaX_BSSNMoL_bssn2adm: [local] Convert variables back to the ADM ones
            GROUP TmunuBaseX_SetTmunuVars: Schedule group for setting T_munu
              TmunuBaseX::TmunuBaseX_ZeroTmunu: Set T_munu to zero
              GROUP TmunuBaseX_AddToTmunu: Add to T_munu here
      end while
    Evolve finer grids recursively
    Restrict from finer grids
    [CCTK_POSTRESTRICT]
      GROUP ODESolvers_PostStep: Apply boundary conditions to state vector, and project if necessary
        GROUP CanudaX_BSSNMoL_PostStepGroup: CanudaX_BSSNMoL: post-step operations
          CanudaX_BSSNMoL::CanudaX_BSSNMoL_impose_conf_fac_floor: Make sure conformal factor does not drop below specified value
          CanudaX_BSSNMoL::CanudaX_BSSNMoL_reset_detmetric: reset dethh = 1
          CanudaX_BSSNMoL::CanudaX_BSSNMoL_remove_trA: Remove trace of A
        GROUP ADMBaseX_SetADMRHS: Set ADM RHS variables in this group
        CanudaX_BSSNMoL::CanudaX_BSSNMoL_sync: [global] Sync state vector
        GROUP ADMBaseX_SetADMVars: Set ADM variables in this group
          CanudaX_BSSNMoL::CanudaX_BSSNMoL_bssn2adm: [local] Convert variables back to the ADM ones
        GROUP TmunuBaseX_SetTmunuVars: Schedule group for setting T_munu
          TmunuBaseX::TmunuBaseX_ZeroTmunu: Set T_munu to zero
          GROUP TmunuBaseX_AddToTmunu: Add to T_munu here
    [CCTK_POSTSTEP]
      GROUP ODESolvers_EstimateError: Estimate discretization error (for regridding)
    if (checkpoint)
      [CCTK_CHECKPOINT]
      CarpetX::CarpetX_Checkpoint: [meta] Checkpoint
    endif
    if (analysis)
      [CCTK_ANALYSIS]
      CanudaX_BSSNMoL::CanudaX_BSSNMoL_calc_ricci_for_constraints: MoL ricci tensor and scalar calculation
      CanudaX_BSSNMoL::CanudaX_BSSNMoL_bssn_constraints: Compute constraints
      GROUP ODESolvers_Analysis: Calculate analysis quantities everywhere
    endif
    Output grid variables
    enddo

  Termination routines
    [CCTK_TERMINATE]
      CarpetX::CarpetX_CheckpointTerminate: [meta] Checkpoint before terminating

  Shutdown routines
    [CCTK_SHUTDOWN]
      CarpetX::Driver_Shutdown: [meta] Shut down the driver

  Routines run after changing the grid hierarchy:
    [CCTK_POSTREGRID]
      GROUP ODESolvers_PostStep: Apply boundary conditions to state vector, and project if necessary
        GROUP CanudaX_BSSNMoL_PostStepGroup: CanudaX_BSSNMoL: post-step operations
          CanudaX_BSSNMoL::CanudaX_BSSNMoL_impose_conf_fac_floor: Make sure conformal factor does not drop below specified value
          CanudaX_BSSNMoL::CanudaX_BSSNMoL_reset_detmetric: reset dethh = 1
          CanudaX_BSSNMoL::CanudaX_BSSNMoL_remove_trA: Remove trace of A
        GROUP ADMBaseX_SetADMRHS: Set ADM RHS variables in this group
        CanudaX_BSSNMoL::CanudaX_BSSNMoL_sync: [global] Sync state vector
        GROUP ADMBaseX_SetADMVars: Set ADM variables in this group
          CanudaX_BSSNMoL::CanudaX_BSSNMoL_bssn2adm: [local] Convert variables back to the ADM ones
        GROUP TmunuBaseX_SetTmunuVars: Schedule group for setting T_munu
          TmunuBaseX::TmunuBaseX_ZeroTmunu: Set T_munu to zero
          GROUP TmunuBaseX_AddToTmunu: Add to T_munu here
      GROUP Subcycling_RMBndryGroup: Check if the ghost points are at refinement boundary
        Subcycling::Subcycling_SetLevelNeighbor: Set isrmbndry
        Subcycling::Subcycling_SetIsRMBndry: Set isrmbndry
--------------------------------------------------------------------------------
INFO (hwloc): library version 2.10.0, API version 0x20800
--------------------------------------------------------------------------------
                                                            
   _______ _______  ______  _____  _______ _______ _     _  
   |       |_____| |_____/ |_____] |______    |     \___/   
   |_____  |     | |    \_ |       |______    |    _/   \_  
                                                            
AMR driver provided by CarpetX,
using AMReX 25.11 (MPI, OpenMP, no accelerators, optimized)
--------------------------------------------------------------------------------

Initializing AMReX (25.11)...
MPI initialized with 2 MPI processes
MPI initialized with thread support level 2
OMP initialized with 1 OMP threads
AMReX (25.11) initialized
INFO (CarpetX): 
Symmetries:
  lower x: periodic
  lower y: periodic
  lower z: periodic
  upper x: periodic
  upper y: periodic
  upper z: periodic
Default boundaries:
  lower x: symmetry_boundary
  lower y: symmetry_boundary
  lower z: symmetry_boundary
  upper x: symmetry_boundary
  upper y: symmetry_boundary
  upper z: symmetry_boundary
INFO (Arith): Test_smallvector
INFO (Arith): Test_spvect
INFO (CarpetX): Setting initial values for max_grid_size values for all levels
INFO (CarpetX): Setting up initial conditions...
INFO (CarpetX): Iteration: 0   time: 0   delta_time: 0.00390625
INFO (CarpetX): Patch 0:
INFO (CarpetX):   Grid extent:
INFO (CarpetX):     gsh=[71,15,15]
INFO (CarpetX):     blocking_factor=[8,8,8]
INFO (CarpetX):     max_grid_size=[10000000,10000000,10000000]
INFO (CarpetX):     max_tile_size=[1024000,16,32]
INFO (CarpetX):   Domain extent:
INFO (CarpetX):     xmin=[-0.5,-0.0625,-0.0625]
INFO (CarpetX):     xmax=[0.5,0.0625,0.0625]
INFO (CarpetX):     base dx=[0.015625,0.015625,0.015625]
INFO (CarpetX): Initializing level 0...
INFO (CanudaX_ExactID): Begin Gauge Wave initial data
INFO (CanudaX_ExactID): === End gauge wave initial data ===
INFO (CarpetX): Regridding...
INFO (CarpetX):   level 0: 2 boxes, 4096 cells (100%)
INFO (CarpetX): Initialized 1 levels
INFO (CarpetX): Starting evolution...
INFO (ODESolvers): Integrator is RK4
INFO (CarpetX): Simulation time: 0.00390625   Iterations per second: 30.5652   Simulation time per second: 0.119395
INFO (CarpetX): Grid cells: 4096   Grid cell updates per second: 125195
INFO (CarpetX): Performance:
INFO (CarpetX):   total evolution time:            0.032717 sec
INFO (CarpetX):   total evolution compute time:    0.0327139 sec
INFO (CarpetX):   total evolution output time:     3.09944e-06 sec
INFO (CarpetX):   total iterations:                1
INFO (CarpetX):   total cells updated:             4096
INFO (CarpetX):   average iterations per second: 30.5652
INFO (CarpetX):   average cell updates per second: 125195
INFO (CarpetX): Simulation time: 0.0078125   Iterations per second: 32.4776   Simulation time per second: 0.126866
INFO (CarpetX): Grid cells: 4096   Grid cell updates per second: 133028
INFO (CarpetX): Performance:
INFO (CarpetX):   total evolution time:            0.0615809 sec
INFO (CarpetX):   total evolution compute time:    0.0615747 sec
INFO (CarpetX):   total evolution output time:     6.19888e-06 sec
INFO (CarpetX):   total iterations:                2
INFO (CarpetX):   total cells updated:             8192
INFO (CarpetX):   average iterations per second: 32.4776
INFO (CarpetX):   average cell updates per second: 133028
INFO (CarpetX): Simulation time: 0.0117188   Iterations per second: 33.1141   Simulation time per second: 0.129352
INFO (CarpetX): Grid cells: 4096   Grid cell updates per second: 135635
INFO (CarpetX): Performance:
INFO (CarpetX):   total evolution time:            0.090596 sec
INFO (CarpetX):   total evolution compute time:    0.0905876 sec
INFO (CarpetX):   total evolution output time:     8.34465e-06 sec
INFO (CarpetX):   total iterations:                3
INFO (CarpetX):   total cells updated:             12288
INFO (CarpetX):   average iterations per second: 33.1141
INFO (CarpetX):   average cell updates per second: 135635
INFO (CarpetX): Simulation time: 0.015625   Iterations per second: 33.4207   Simulation time per second: 0.13055
INFO (CarpetX): Grid cells: 4096   Grid cell updates per second: 136891
INFO (CarpetX): Performance:
INFO (CarpetX):   total evolution time:            0.119686 sec
INFO (CarpetX):   total evolution compute time:    0.119675 sec
INFO (CarpetX):   total evolution output time:     1.14441e-05 sec
INFO (CarpetX):   total iterations:                4
INFO (CarpetX):   total cells updated:             16384
INFO (CarpetX):   average iterations per second: 33.4207
INFO (CarpetX):   average cell updates per second: 136891
INFO (CarpetX): Simulation time: 0.0195312   Iterations per second: 33.6412   Simulation time per second: 0.131411
INFO (CarpetX): Grid cells: 4096   Grid cell updates per second: 137794
INFO (CarpetX): Performance:
INFO (CarpetX):   total evolution time:            0.148627 sec
INFO (CarpetX):   total evolution compute time:    0.148613 sec
INFO (CarpetX):   total evolution output time:     1.43051e-05 sec
INFO (CarpetX):   total iterations:                5
INFO (CarpetX):   total cells updated:             20480
INFO (CarpetX):   average iterations per second: 33.6412
INFO (CarpetX):   average cell updates per second: 137794
INFO (CarpetX): Simulation time: 0.0234375   Iterations per second: 33.7279   Simulation time per second: 0.13175
INFO (CarpetX): Grid cells: 4096   Grid cell updates per second: 138149
INFO (CarpetX): Performance:
INFO (CarpetX):   total evolution time:            0.177894 sec
INFO (CarpetX):   total evolution compute time:    0.177877 sec
INFO (CarpetX):   total evolution output time:     1.71661e-05 sec
INFO (CarpetX):   total iterations:                6
INFO (CarpetX):   total cells updated:             24576
INFO (CarpetX):   average iterations per second: 33.7279
INFO (CarpetX):   average cell updates per second: 138149
INFO (CarpetX): Simulation time: 0.0273438   Iterations per second: 33.7638   Simulation time per second: 0.13189
INFO (CarpetX): Grid cells: 4096   Grid cell updates per second: 138297
INFO (CarpetX): Performance:
INFO (CarpetX):   total evolution time:            0.207322 sec
INFO (CarpetX):   total evolution compute time:    0.207303 sec
INFO (CarpetX):   total evolution output time:     1.90735e-05 sec
INFO (CarpetX):   total iterations:                7
INFO (CarpetX):   total cells updated:             28672
INFO (CarpetX):   average iterations per second: 33.7638
INFO (CarpetX):   average cell updates per second: 138297
INFO (CarpetX): Simulation time: 0.03125   Iterations per second: 33.807   Simulation time per second: 0.132059
INFO (CarpetX): Grid cells: 4096   Grid cell updates per second: 138473
INFO (CarpetX): Performance:
INFO (CarpetX):   total evolution time:            0.236637 sec
INFO (CarpetX):   total evolution compute time:    0.236616 sec
INFO (CarpetX):   total evolution output time:     2.09808e-05 sec
INFO (CarpetX):   total iterations:                8
INFO (CarpetX):   total cells updated:             32768
INFO (CarpetX):   average iterations per second: 33.807
INFO (CarpetX):   average cell updates per second: 138473
INFO (CarpetX): Simulation time: 0.0351562   Iterations per second: 33.8568   Simulation time per second: 0.132253
INFO (CarpetX): Grid cells: 4096   Grid cell updates per second: 138677
INFO (CarpetX): Performance:
INFO (CarpetX):   total evolution time:            0.265826 sec
INFO (CarpetX):   total evolution compute time:    0.265802 sec
INFO (CarpetX):   total evolution output time:     2.38419e-05 sec
INFO (CarpetX):   total iterations:                9
INFO (CarpetX):   total cells updated:             36864
INFO (CarpetX):   average iterations per second: 33.8568
INFO (CarpetX):   average cell updates per second: 138677
INFO (CarpetX): Simulation time: 0.0390625   Iterations per second: 33.925   Simulation time per second: 0.13252
INFO (CarpetX): Grid cells: 4096   Grid cell updates per second: 138957
INFO (CarpetX): Performance:
INFO (CarpetX):   total evolution time:            0.294768 sec
INFO (CarpetX):   total evolution compute time:    0.294741 sec
INFO (CarpetX):   total evolution output time:     2.69413e-05 sec
INFO (CarpetX):   total iterations:                10
INFO (CarpetX):   total cells updated:             40960
INFO (CarpetX):   average iterations per second: 33.925
INFO (CarpetX):   average cell updates per second: 138957
INFO (CarpetX): Simulation time: 0.0429688   Iterations per second: 34.0136   Simulation time per second: 0.132866
INFO (CarpetX): Grid cells: 4096   Grid cell updates per second: 139320
INFO (CarpetX): Performance:
INFO (CarpetX):   total evolution time:            0.323477 sec
INFO (CarpetX):   total evolution compute time:    0.323448 sec
INFO (CarpetX):   total evolution output time:     2.88486e-05 sec
INFO (CarpetX):   total iterations:                11
INFO (CarpetX):   total cells updated:             45056
INFO (CarpetX):   average iterations per second: 34.0056
INFO (CarpetX):   average cell updates per second: 139287
INFO (CarpetX): Simulation time: 0.046875   Iterations per second: 34.0942   Simulation time per second: 0.133181
INFO (CarpetX): Grid cells: 4096   Grid cell updates per second: 139650
INFO (CarpetX): Performance:
INFO (CarpetX):   total evolution time:            0.352182 sec
INFO (CarpetX):   total evolution compute time:    0.35215 sec
INFO (CarpetX):   total evolution output time:     3.19481e-05 sec
INFO (CarpetX):   total iterations:                12
INFO (CarpetX):   total cells updated:             49152
INFO (CarpetX):   average iterations per second: 34.0733
INFO (CarpetX):   average cell updates per second: 139564
INFO (CarpetX): Simulation time: 0.0507812   Iterations per second: 34.1649   Simulation time per second: 0.133456
INFO (CarpetX): Grid cells: 4096   Grid cell updates per second: 139939
INFO (CarpetX): Performance:
INFO (CarpetX):   total evolution time:            0.380906 sec
INFO (CarpetX):   total evolution compute time:    0.380871 sec
INFO (CarpetX):   total evolution output time:     3.50475e-05 sec
INFO (CarpetX):   total iterations:                13
INFO (CarpetX):   total cells updated:             53248
INFO (CarpetX):   average iterations per second: 34.1292
INFO (CarpetX):   average cell updates per second: 139793
INFO (CarpetX): Simulation time: 0.0546875   Iterations per second: 34.2314   Simulation time per second: 0.133716
INFO (CarpetX): Grid cells: 4096   Grid cell updates per second: 140212
INFO (CarpetX): Performance:
INFO (CarpetX):   total evolution time:            0.409607 sec
INFO (CarpetX):   total evolution compute time:    0.409569 sec
INFO (CarpetX):   total evolution output time:     3.8147e-05 sec
INFO (CarpetX):   total iterations:                14
INFO (CarpetX):   total cells updated:             57344
INFO (CarpetX):   average iterations per second: 34.1791
INFO (CarpetX):   average cell updates per second: 139998
INFO (CarpetX): Simulation time: 0.0585938   Iterations per second: 34.288   Simulation time per second: 0.133938
INFO (CarpetX): Grid cells: 4096   Grid cell updates per second: 140444
INFO (CarpetX): Performance:
INFO (CarpetX):   total evolution time:            0.438337 sec
INFO (CarpetX):   total evolution compute time:    0.438297 sec
INFO (CarpetX):   total evolution output time:     4.00543e-05 sec
INFO (CarpetX):   total iterations:                15
INFO (CarpetX):   total cells updated:             61440
INFO (CarpetX):   average iterations per second: 34.2203
INFO (CarpetX):   average cell updates per second: 140166
INFO (CarpetX): Simulation time: 0.0625   Iterations per second: 34.3208   Simulation time per second: 0.134066
INFO (CarpetX): Grid cells: 4096   Grid cell updates per second: 140578
INFO (CarpetX): Performance:
INFO (CarpetX):   total evolution time:            0.467223 sec
INFO (CarpetX):   total evolution compute time:    0.467181 sec
INFO (CarpetX):   total evolution output time:     4.19617e-05 sec
INFO (CarpetX):   total iterations:                16
INFO (CarpetX):   total cells updated:             65536
INFO (CarpetX):   average iterations per second: 34.2449
INFO (CarpetX):   average cell updates per second: 140267
INFO (CarpetX): Simulation time: 0.0664062   Iterations per second: 34.3715   Simulation time per second: 0.134264
INFO (CarpetX): Grid cells: 4096   Grid cell updates per second: 140786
INFO (CarpetX): Performance:
INFO (CarpetX):   total evolution time:            0.49593 sec
INFO (CarpetX):   total evolution compute time:    0.495885 sec
INFO (CarpetX):   total evolution output time:     4.48227e-05 sec
INFO (CarpetX):   total iterations:                17
INFO (CarpetX):   total cells updated:             69632
INFO (CarpetX):   average iterations per second: 34.279
INFO (CarpetX):   average cell updates per second: 140407
INFO (CarpetX): Simulation time: 0.0703125   Iterations per second: 34.4096   Simulation time per second: 0.134413
INFO (CarpetX): Grid cells: 4096   Grid cell updates per second: 140942
INFO (CarpetX): Performance:
INFO (CarpetX):   total evolution time:            0.524702 sec
INFO (CarpetX):   total evolution compute time:    0.524655 sec
INFO (CarpetX):   total evolution output time:     4.69685e-05 sec
INFO (CarpetX):   total iterations:                18
INFO (CarpetX):   total cells updated:             73728
INFO (CarpetX):   average iterations per second: 34.3052
INFO (CarpetX):   average cell updates per second: 140514
INFO (CarpetX): Simulation time: 0.0742188   Iterations per second: 34.4645   Simulation time per second: 0.134627
INFO (CarpetX): Grid cells: 4096   Grid cell updates per second: 141166
INFO (CarpetX): Performance:
INFO (CarpetX):   total evolution time:            0.553301 sec
INFO (CarpetX):   total evolution compute time:    0.553251 sec
INFO (CarpetX):   total evolution output time:     5.00679e-05 sec
INFO (CarpetX):   total iterations:                19
INFO (CarpetX):   total cells updated:             77824
INFO (CarpetX):   average iterations per second: 34.3394
INFO (CarpetX):   average cell updates per second: 140654
INFO (CarpetX): Simulation time: 0.078125   Iterations per second: 34.503   Simulation time per second: 0.134778
INFO (CarpetX): Grid cells: 4096   Grid cell updates per second: 141324
INFO (CarpetX): Performance:
INFO (CarpetX):   total evolution time:            0.581992 sec
INFO (CarpetX):   total evolution compute time:    0.581935 sec
INFO (CarpetX):   total evolution output time:     5.72205e-05 sec
INFO (CarpetX):   total iterations:                20
INFO (CarpetX):   total cells updated:             81920
INFO (CarpetX):   average iterations per second: 34.3647
INFO (CarpetX):   average cell updates per second: 140758
INFO (CarpetX): Simulation time: 0.0820312   Iterations per second: 34.537   Simulation time per second: 0.13491
INFO (CarpetX): Grid cells: 4096   Grid cell updates per second: 141464
INFO (CarpetX): Performance:
INFO (CarpetX):   total evolution time:            0.61069 sec
INFO (CarpetX):   total evolution compute time:    0.61063 sec
INFO (CarpetX):   total evolution output time:     6.03199e-05 sec
INFO (CarpetX):   total iterations:                21
INFO (CarpetX):   total cells updated:             86016
INFO (CarpetX):   average iterations per second: 34.3873
INFO (CarpetX):   average cell updates per second: 140851
INFO (CarpetX): Simulation time: 0.0859375   Iterations per second: 34.5702   Simulation time per second: 0.13504
INFO (CarpetX): Grid cells: 4096   Grid cell updates per second: 141600
INFO (CarpetX): Performance:
INFO (CarpetX):   total evolution time:            0.639366 sec
INFO (CarpetX):   total evolution compute time:    0.639302 sec
INFO (CarpetX):   total evolution output time:     6.34193e-05 sec
INFO (CarpetX):   total iterations:                22
INFO (CarpetX):   total cells updated:             90112
INFO (CarpetX):   average iterations per second: 34.4091
INFO (CarpetX):   average cell updates per second: 140940
INFO (CarpetX): Simulation time: 0.0898438   Iterations per second: 34.5634   Simulation time per second: 0.135013
INFO (CarpetX): Grid cells: 4096   Grid cell updates per second: 141572
INFO (CarpetX): Performance:
INFO (CarpetX):   total evolution time:            0.66835 sec
INFO (CarpetX):   total evolution compute time:    0.668283 sec
INFO (CarpetX):   total evolution output time:     6.65188e-05 sec
INFO (CarpetX):   total iterations:                23
INFO (CarpetX):   total cells updated:             94208
INFO (CarpetX):   average iterations per second: 34.4131
INFO (CarpetX):   average cell updates per second: 140956
INFO (CarpetX): Simulation time: 0.09375   Iterations per second: 34.5822   Simulation time per second: 0.135087
INFO (CarpetX): Grid cells: 4096   Grid cell updates per second: 141649
INFO (CarpetX): Performance:
INFO (CarpetX):   total evolution time:            0.697125 sec
INFO (CarpetX):   total evolution compute time:    0.697056 sec
INFO (CarpetX):   total evolution output time:     6.86646e-05 sec
INFO (CarpetX):   total iterations:                24
INFO (CarpetX):   total cells updated:             98304
INFO (CarpetX):   average iterations per second: 34.4271
INFO (CarpetX):   average cell updates per second: 141014
INFO (CarpetX): Simulation time: 0.0976562   Iterations per second: 34.5983   Simulation time per second: 0.13515
INFO (CarpetX): Grid cells: 4096   Grid cell updates per second: 141715
INFO (CarpetX): Performance:
INFO (CarpetX):   total evolution time:            0.725907 sec
INFO (CarpetX):   total evolution compute time:    0.725836 sec
INFO (CarpetX):   total evolution output time:     7.05719e-05 sec
INFO (CarpetX):   total iterations:                25
INFO (CarpetX):   total cells updated:             102400
INFO (CarpetX):   average iterations per second: 34.4397
INFO (CarpetX):   average cell updates per second: 141065
INFO (CarpetX): Simulation time: 0.101562   Iterations per second: 34.6189   Simulation time per second: 0.13523
INFO (CarpetX): Grid cells: 4096   Grid cell updates per second: 141799
INFO (CarpetX): Performance:
INFO (CarpetX):   total evolution time:            0.754638 sec
INFO (CarpetX):   total evolution compute time:    0.754564 sec
INFO (CarpetX):   total evolution output time:     7.34329e-05 sec
INFO (CarpetX):   total iterations:                26
INFO (CarpetX):   total cells updated:             106496
INFO (CarpetX):   average iterations per second: 34.4536
INFO (CarpetX):   average cell updates per second: 141122
INFO (CarpetX): Simulation time: 0.105469   Iterations per second: 34.6363   Simulation time per second: 0.135298
INFO (CarpetX): Grid cells: 4096   Grid cell updates per second: 141870
INFO (CarpetX): Performance:
INFO (CarpetX):   total evolution time:            0.783379 sec
INFO (CarpetX):   total evolution compute time:    0.783303 sec
INFO (CarpetX):   total evolution output time:     7.55787e-05 sec
INFO (CarpetX):   total iterations:                27
INFO (CarpetX):   total cells updated:             110592
INFO (CarpetX):   average iterations per second: 34.4661
INFO (CarpetX):   average cell updates per second: 141173
INFO (CarpetX): Simulation time: 0.109375   Iterations per second: 34.634   Simulation time per second: 0.135289
INFO (CarpetX): Grid cells: 4096   Grid cell updates per second: 141861
INFO (CarpetX): Performance:
INFO (CarpetX):   total evolution time:            0.81227 sec
INFO (CarpetX):   total evolution compute time:    0.812191 sec
INFO (CarpetX):   total evolution output time:     7.84397e-05 sec
INFO (CarpetX):   total iterations:                28
INFO (CarpetX):   total cells updated:             114688
INFO (CarpetX):   average iterations per second: 34.4713
INFO (CarpetX):   average cell updates per second: 141194
INFO (CarpetX): Simulation time: 0.113281   Iterations per second: 34.6466   Simulation time per second: 0.135338
INFO (CarpetX): Grid cells: 4096   Grid cell updates per second: 141913
INFO (CarpetX): Performance:
INFO (CarpetX):   total evolution time:            0.841038 sec
INFO (CarpetX):   total evolution compute time:    0.840956 sec
INFO (CarpetX):   total evolution output time:     8.15392e-05 sec
INFO (CarpetX):   total iterations:                29
INFO (CarpetX):   total cells updated:             118784
INFO (CarpetX):   average iterations per second: 34.4812
INFO (CarpetX):   average cell updates per second: 141235
INFO (CarpetX): Simulation time: 0.117188   Iterations per second: 34.6574   Simulation time per second: 0.135381
INFO (CarpetX): Grid cells: 4096   Grid cell updates per second: 141957
INFO (CarpetX): Performance:
INFO (CarpetX):   total evolution time:            0.869811 sec
INFO (CarpetX):   total evolution compute time:    0.869727 sec
INFO (CarpetX):   total evolution output time:     8.36849e-05 sec
INFO (CarpetX):   total iterations:                30
INFO (CarpetX):   total cells updated:             122880
INFO (CarpetX):   average iterations per second: 34.4903
INFO (CarpetX):   average cell updates per second: 141272
INFO (CarpetX): Simulation time: 0.121094   Iterations per second: 34.6876   Simulation time per second: 0.135498
INFO (CarpetX): Grid cells: 4096   Grid cell updates per second: 142080
INFO (CarpetX): Performance:
INFO (CarpetX):   total evolution time:            0.898413 sec
INFO (CarpetX):   total evolution compute time:    0.898328 sec
INFO (CarpetX):   total evolution output time:     8.58307e-05 sec
INFO (CarpetX):   total iterations:                31
INFO (CarpetX):   total cells updated:             126976
INFO (CarpetX):   average iterations per second: 34.5053
INFO (CarpetX):   average cell updates per second: 141334
INFO (CarpetX): Simulation time: 0.125   Iterations per second: 34.7056   Simulation time per second: 0.135569
INFO (CarpetX): Grid cells: 4096   Grid cell updates per second: 142154
INFO (CarpetX): Performance:
INFO (CarpetX):   total evolution time:            0.927093 sec
INFO (CarpetX):   total evolution compute time:    0.927004 sec
INFO (CarpetX):   total evolution output time:     8.86917e-05 sec
INFO (CarpetX):   total iterations:                32
INFO (CarpetX):   total cells updated:             131072
INFO (CarpetX):   average iterations per second: 34.5165
INFO (CarpetX):   average cell updates per second: 141380
INFO (CarpetX): Simulation time: 0.128906   Iterations per second: 34.7245   Simulation time per second: 0.135643
INFO (CarpetX): Grid cells: 4096   Grid cell updates per second: 142232
INFO (CarpetX): Performance:
INFO (CarpetX):   total evolution time:            0.95575 sec
INFO (CarpetX):   total evolution compute time:    0.955658 sec
INFO (CarpetX):   total evolution output time:     9.17912e-05 sec
INFO (CarpetX):   total iterations:                33
INFO (CarpetX):   total cells updated:             135168
INFO (CarpetX):   average iterations per second: 34.5279
INFO (CarpetX):   average cell updates per second: 141426
INFO (CarpetX): Simulation time: 0.132812   Iterations per second: 34.7401   Simulation time per second: 0.135703
INFO (CarpetX): Grid cells: 4096   Grid cell updates per second: 142295
INFO (CarpetX): Performance:
INFO (CarpetX):   total evolution time:            0.984419 sec
INFO (CarpetX):   total evolution compute time:    0.984324 sec
INFO (CarpetX):   total evolution output time:     9.46522e-05 sec
INFO (CarpetX):   total iterations:                34
INFO (CarpetX):   total cells updated:             139264
INFO (CarpetX):   average iterations per second: 34.5382
INFO (CarpetX):   average cell updates per second: 141468
INFO (CarpetX): Simulation time: 0.136719   Iterations per second: 34.7296   Simulation time per second: 0.135662
INFO (CarpetX): Grid cells: 4096   Grid cell updates per second: 142252
INFO (CarpetX): Performance:
INFO (CarpetX):   total evolution time:            1.01329 sec
INFO (CarpetX):   total evolution compute time:    1.01319 sec
INFO (CarpetX):   total evolution output time:     9.77516e-05 sec
INFO (CarpetX):   total iterations:                35
INFO (CarpetX):   total cells updated:             143360
INFO (CarpetX):   average iterations per second: 34.5409
INFO (CarpetX):   average cell updates per second: 141480
INFO (CarpetX): Simulation time: 0.140625   Iterations per second: 34.7249   Simulation time per second: 0.135644
INFO (CarpetX): Grid cells: 4096   Grid cell updates per second: 142233
INFO (CarpetX): Performance:
INFO (CarpetX):   total evolution time:            1.04212 sec
INFO (CarpetX):   total evolution compute time:    1.04202 sec
INFO (CarpetX):   total evolution output time:     0.000100613 sec
INFO (CarpetX):   total iterations:                36
INFO (CarpetX):   total cells updated:             147456
INFO (CarpetX):   average iterations per second: 34.5448
INFO (CarpetX):   average cell updates per second: 141496
INFO (CarpetX): Simulation time: 0.144531   Iterations per second: 34.7117   Simulation time per second: 0.135593
INFO (CarpetX): Grid cells: 4096   Grid cell updates per second: 142179
INFO (CarpetX): Performance:
INFO (CarpetX):   total evolution time:            1.07103 sec
INFO (CarpetX):   total evolution compute time:    1.07093 sec
INFO (CarpetX):   total evolution output time:     0.00010252 sec
INFO (CarpetX):   total iterations:                37
INFO (CarpetX):   total cells updated:             151552
INFO (CarpetX):   average iterations per second: 34.5462
INFO (CarpetX):   average cell updates per second: 141501
INFO (CarpetX): Simulation time: 0.148438   Iterations per second: 34.6606   Simulation time per second: 0.135393
INFO (CarpetX): Grid cells: 4096   Grid cell updates per second: 141970
INFO (CarpetX): Performance:
INFO (CarpetX):   total evolution time:            1.10026 sec
INFO (CarpetX):   total evolution compute time:    1.10016 sec
INFO (CarpetX):   total evolution output time:     0.000104427 sec
INFO (CarpetX):   total iterations:                38
INFO (CarpetX):   total cells updated:             155648
INFO (CarpetX):   average iterations per second: 34.5372
INFO (CarpetX):   average cell updates per second: 141464
INFO (CarpetX): Simulation time: 0.152344   Iterations per second: 34.6317   Simulation time per second: 0.13528
INFO (CarpetX): Grid cells: 4096   Grid cell updates per second: 141852
INFO (CarpetX): Performance:
INFO (CarpetX):   total evolution time:            1.12936 sec
INFO (CarpetX):   total evolution compute time:    1.12925 sec
INFO (CarpetX):   total evolution output time:     0.000107527 sec
INFO (CarpetX):   total iterations:                39
INFO (CarpetX):   total cells updated:             159744
INFO (CarpetX):   average iterations per second: 34.533
INFO (CarpetX):   average cell updates per second: 141447
INFO (CarpetX): Simulation time: 0.15625   Iterations per second: 34.6209   Simulation time per second: 0.135238
INFO (CarpetX): Grid cells: 4096   Grid cell updates per second: 141807
INFO (CarpetX): Performance:
INFO (CarpetX):   total evolution time:            1.15832 sec
INFO (CarpetX):   total evolution compute time:    1.15821 sec
INFO (CarpetX):   total evolution output time:     0.000109434 sec
INFO (CarpetX):   total iterations:                40
INFO (CarpetX):   total cells updated:             163840
INFO (CarpetX):   average iterations per second: 34.5327
INFO (CarpetX):   average cell updates per second: 141446
INFO (CarpetX): Simulation time: 0.160156   Iterations per second: 34.599   Simulation time per second: 0.135152
INFO (CarpetX): Grid cells: 4096   Grid cell updates per second: 141717
INFO (CarpetX): Performance:
INFO (CarpetX):   total evolution time:            1.18739 sec
INFO (CarpetX):   total evolution compute time:    1.18728 sec
INFO (CarpetX):   total evolution output time:     0.000112534 sec
INFO (CarpetX):   total iterations:                41
INFO (CarpetX):   total cells updated:             167936
INFO (CarpetX):   average iterations per second: 34.5295
INFO (CarpetX):   average cell updates per second: 141433
INFO (CarpetX): Simulation time: 0.164062   Iterations per second: 34.5912   Simulation time per second: 0.135122
INFO (CarpetX): Grid cells: 4096   Grid cell updates per second: 141686
INFO (CarpetX): Performance:
INFO (CarpetX):   total evolution time:            1.21636 sec
INFO (CarpetX):   total evolution compute time:    1.21624 sec
INFO (CarpetX):   total evolution output time:     0.000115633 sec
INFO (CarpetX):   total iterations:                42
INFO (CarpetX):   total cells updated:             172032
INFO (CarpetX):   average iterations per second: 34.5294
INFO (CarpetX):   average cell updates per second: 141432
INFO (CarpetX): Simulation time: 0.167969   Iterations per second: 34.5709   Simulation time per second: 0.135043
INFO (CarpetX): Grid cells: 4096   Grid cell updates per second: 141603
INFO (CarpetX): Performance:
INFO (CarpetX):   total evolution time:            1.24543 sec
INFO (CarpetX):   total evolution compute time:    1.24532 sec
INFO (CarpetX):   total evolution output time:     0.000118494 sec
INFO (CarpetX):   total iterations:                43
INFO (CarpetX):   total cells updated:             176128
INFO (CarpetX):   average iterations per second: 34.5261
INFO (CarpetX):   average cell updates per second: 141419
INFO (CarpetX): Simulation time: 0.171875   Iterations per second: 34.5869   Simulation time per second: 0.135105
INFO (CarpetX): Grid cells: 4096   Grid cell updates per second: 141668
INFO (CarpetX): Performance:
INFO (CarpetX):   total evolution time:            1.27423 sec
INFO (CarpetX):   total evolution compute time:    1.27411 sec
INFO (CarpetX):   total evolution output time:     0.000121593 sec
INFO (CarpetX):   total iterations:                44
INFO (CarpetX):   total cells updated:             180224
INFO (CarpetX):   average iterations per second: 34.5307
INFO (CarpetX):   average cell updates per second: 141438
INFO (CarpetX): Simulation time: 0.175781   Iterations per second: 34.5952   Simulation time per second: 0.135137
INFO (CarpetX): Grid cells: 4096   Grid cell updates per second: 141702
INFO (CarpetX): Performance:
INFO (CarpetX):   total evolution time:            1.30307 sec
INFO (CarpetX):   total evolution compute time:    1.30295 sec
INFO (CarpetX):   total evolution output time:     0.000123501 sec
INFO (CarpetX):   total iterations:                45
INFO (CarpetX):   total cells updated:             184320
INFO (CarpetX):   average iterations per second: 34.5338
INFO (CarpetX):   average cell updates per second: 141450
INFO (CarpetX): Simulation time: 0.179688   Iterations per second: 34.6065   Simulation time per second: 0.135182
INFO (CarpetX): Grid cells: 4096   Grid cell updates per second: 141748
INFO (CarpetX): Performance:
INFO (CarpetX):   total evolution time:            1.33188 sec
INFO (CarpetX):   total evolution compute time:    1.33176 sec
INFO (CarpetX):   total evolution output time:     0.0001266 sec
INFO (CarpetX):   total iterations:                46
INFO (CarpetX):   total cells updated:             188416
INFO (CarpetX):   average iterations per second: 34.5376
INFO (CarpetX):   average cell updates per second: 141466
INFO (CarpetX): Simulation time: 0.183594   Iterations per second: 34.6279   Simulation time per second: 0.135265
INFO (CarpetX): Grid cells: 4096   Grid cell updates per second: 141836
INFO (CarpetX): Performance:
INFO (CarpetX):   total evolution time:            1.3606 sec
INFO (CarpetX):   total evolution compute time:    1.36047 sec
INFO (CarpetX):   total evolution output time:     0.0001297 sec
INFO (CarpetX):   total iterations:                47
INFO (CarpetX):   total cells updated:             192512
INFO (CarpetX):   average iterations per second: 34.5436
INFO (CarpetX):   average cell updates per second: 141491
INFO (CarpetX): Simulation time: 0.1875   Iterations per second: 34.6313   Simulation time per second: 0.135278
INFO (CarpetX): Grid cells: 4096   Grid cell updates per second: 141850
INFO (CarpetX): Performance:
INFO (CarpetX):   total evolution time:            1.38945 sec
INFO (CarpetX):   total evolution compute time:    1.38932 sec
INFO (CarpetX):   total evolution output time:     0.000131607 sec
INFO (CarpetX):   total iterations:                48
INFO (CarpetX):   total cells updated:             196608
INFO (CarpetX):   average iterations per second: 34.546
INFO (CarpetX):   average cell updates per second: 141501
INFO (CarpetX): Simulation time: 0.191406   Iterations per second: 34.631   Simulation time per second: 0.135277
INFO (CarpetX): Grid cells: 4096   Grid cell updates per second: 141849
INFO (CarpetX): Performance:
INFO (CarpetX):   total evolution time:            1.41833 sec
INFO (CarpetX):   total evolution compute time:    1.41819 sec
INFO (CarpetX):   total evolution output time:     0.000133753 sec
INFO (CarpetX):   total iterations:                49
INFO (CarpetX):   total cells updated:             200704
INFO (CarpetX):   average iterations per second: 34.5477
INFO (CarpetX):   average cell updates per second: 141507
INFO (CarpetX): Simulation time: 0.195312   Iterations per second: 34.6471   Simulation time per second: 0.13534
INFO (CarpetX): Grid cells: 4096   Grid cell updates per second: 141914
INFO (CarpetX): Performance:
INFO (CarpetX):   total evolution time:            1.44707 sec
INFO (CarpetX):   total evolution compute time:    1.44693 sec
INFO (CarpetX):   total evolution output time:     0.00013566 sec
INFO (CarpetX):   total iterations:                50
INFO (CarpetX):   total cells updated:             204800
INFO (CarpetX):   average iterations per second: 34.5526
INFO (CarpetX):   average cell updates per second: 141527
INFO (CarpetX): Simulation time: 0.199219   Iterations per second: 34.6529   Simulation time per second: 0.135363
INFO (CarpetX): Grid cells: 4096   Grid cell updates per second: 141938
INFO (CarpetX): Performance:
INFO (CarpetX):   total evolution time:            1.47588 sec
INFO (CarpetX):   total evolution compute time:    1.47575 sec
INFO (CarpetX):   total evolution output time:     0.000138521 sec
INFO (CarpetX):   total iterations:                51
INFO (CarpetX):   total cells updated:             208896
INFO (CarpetX):   average iterations per second: 34.5556
INFO (CarpetX):   average cell updates per second: 141540
INFO (CarpetX): Simulation time: 0.203125   Iterations per second: 34.655   Simulation time per second: 0.135371
INFO (CarpetX): Grid cells: 4096   Grid cell updates per second: 141947
INFO (CarpetX): Performance:
INFO (CarpetX):   total evolution time:            1.50472 sec
INFO (CarpetX):   total evolution compute time:    1.50458 sec
INFO (CarpetX):   total evolution output time:     0.000141621 sec
INFO (CarpetX):   total iterations:                52
INFO (CarpetX):   total cells updated:             212992
INFO (CarpetX):   average iterations per second: 34.5578
INFO (CarpetX):   average cell updates per second: 141549
INFO (CarpetX): Simulation time: 0.207031   Iterations per second: 34.6444   Simulation time per second: 0.13533
INFO (CarpetX): Grid cells: 4096   Grid cell updates per second: 141903
INFO (CarpetX): Performance:
INFO (CarpetX):   total evolution time:            1.53367 sec
INFO (CarpetX):   total evolution compute time:    1.53352 sec
INFO (CarpetX):   total evolution output time:     0.00014472 sec
INFO (CarpetX):   total iterations:                53
INFO (CarpetX):   total cells updated:             217088
INFO (CarpetX):   average iterations per second: 34.5577
INFO (CarpetX):   average cell updates per second: 141548
INFO (CarpetX): Simulation time: 0.210938   Iterations per second: 34.6386   Simulation time per second: 0.135307
INFO (CarpetX): Grid cells: 4096   Grid cell updates per second: 141880
INFO (CarpetX): Performance:
INFO (CarpetX):   total evolution time:            1.56258 sec
INFO (CarpetX):   total evolution compute time:    1.56243 sec
INFO (CarpetX):   total evolution output time:     0.000146627 sec
INFO (CarpetX):   total iterations:                54
INFO (CarpetX):   total cells updated:             221184
INFO (CarpetX):   average iterations per second: 34.5582
INFO (CarpetX):   average cell updates per second: 141550
INFO (CarpetX): Simulation time: 0.214844   Iterations per second: 34.6408   Simulation time per second: 0.135316
INFO (CarpetX): Grid cells: 4096   Grid cell updates per second: 141889
INFO (CarpetX): Performance:
INFO (CarpetX):   total evolution time:            1.59143 sec
INFO (CarpetX):   total evolution compute time:    1.59128 sec
INFO (CarpetX):   total evolution output time:     0.000149727 sec
INFO (CarpetX):   total iterations:                55
INFO (CarpetX):   total cells updated:             225280
INFO (CarpetX):   average iterations per second: 34.5601
INFO (CarpetX):   average cell updates per second: 141558
INFO (CarpetX): Simulation time: 0.21875   Iterations per second: 34.6252   Simulation time per second: 0.135255
INFO (CarpetX): Grid cells: 4096   Grid cell updates per second: 141825
INFO (CarpetX): Performance:
INFO (CarpetX):   total evolution time:            1.62043 sec
INFO (CarpetX):   total evolution compute time:    1.62028 sec
INFO (CarpetX):   total evolution output time:     0.000152826 sec
INFO (CarpetX):   total iterations:                56
INFO (CarpetX):   total cells updated:             229376
INFO (CarpetX):   average iterations per second: 34.5587
INFO (CarpetX):   average cell updates per second: 141553
INFO (CarpetX): Simulation time: 0.222656   Iterations per second: 34.6143   Simulation time per second: 0.135212
INFO (CarpetX): Grid cells: 4096   Grid cell updates per second: 141780
INFO (CarpetX): Performance:
INFO (CarpetX):   total evolution time:            1.6494 sec
INFO (CarpetX):   total evolution compute time:    1.64925 sec
INFO (CarpetX):   total evolution output time:     0.000154734 sec
INFO (CarpetX):   total iterations:                57
INFO (CarpetX):   total cells updated:             233472
INFO (CarpetX):   average iterations per second: 34.558
INFO (CarpetX):   average cell updates per second: 141549
INFO (CarpetX): Simulation time: 0.226562   Iterations per second: 34.586   Simulation time per second: 0.135102
INFO (CarpetX): Grid cells: 4096   Grid cell updates per second: 141664
INFO (CarpetX): Performance:
INFO (CarpetX):   total evolution time:            1.67853 sec
INFO (CarpetX):   total evolution compute time:    1.67837 sec
INFO (CarpetX):   total evolution output time:     0.000157833 sec
INFO (CarpetX):   total iterations:                58
INFO (CarpetX):   total cells updated:             237568
INFO (CarpetX):   average iterations per second: 34.5541
INFO (CarpetX):   average cell updates per second: 141534
INFO (CarpetX): Simulation time: 0.230469   Iterations per second: 34.5231   Simulation time per second: 0.134856
INFO (CarpetX): Grid cells: 4096   Grid cell updates per second: 141407
INFO (CarpetX): Performance:
INFO (CarpetX):   total evolution time:            1.70797 sec
INFO (CarpetX):   total evolution compute time:    1.70781 sec
INFO (CarpetX):   total evolution output time:     0.000160933 sec
INFO (CarpetX):   total iterations:                59
INFO (CarpetX):   total cells updated:             241664
INFO (CarpetX):   average iterations per second: 34.544
INFO (CarpetX):   average cell updates per second: 141492
INFO (CarpetX): Simulation time: 0.234375   Iterations per second: 34.5186   Simulation time per second: 0.134838
INFO (CarpetX): Grid cells: 4096   Grid cell updates per second: 141388
INFO (CarpetX): Performance:
INFO (CarpetX):   total evolution time:            1.73697 sec
INFO (CarpetX):   total evolution compute time:    1.73681 sec
INFO (CarpetX):   total evolution output time:     0.000163078 sec
INFO (CarpetX):   total iterations:                60
INFO (CarpetX):   total cells updated:             245760
INFO (CarpetX):   average iterations per second: 34.5429
INFO (CarpetX):   average cell updates per second: 141488
INFO (CarpetX): Simulation time: 0.238281   Iterations per second: 34.5539   Simulation time per second: 0.134976
INFO (CarpetX): Grid cells: 4096   Grid cell updates per second: 141533
INFO (CarpetX): Performance:
INFO (CarpetX):   total evolution time:            1.76565 sec
INFO (CarpetX):   total evolution compute time:    1.76548 sec
INFO (CarpetX):   total evolution output time:     0.000165224 sec
INFO (CarpetX):   total iterations:                61
INFO (CarpetX):   total cells updated:             249856
INFO (CarpetX):   average iterations per second: 34.5483
INFO (CarpetX):   average cell updates per second: 141510
INFO (CarpetX): Simulation time: 0.242188   Iterations per second: 34.5591   Simulation time per second: 0.134996
INFO (CarpetX): Grid cells: 4096   Grid cell updates per second: 141554
INFO (CarpetX): Performance:
INFO (CarpetX):   total evolution time:            1.79454 sec
INFO (CarpetX):   total evolution compute time:    1.79437 sec
INFO (CarpetX):   total evolution output time:     0.000168324 sec
INFO (CarpetX):   total iterations:                62
INFO (CarpetX):   total cells updated:             253952
INFO (CarpetX):   average iterations per second: 34.5492
INFO (CarpetX):   average cell updates per second: 141513
INFO (CarpetX): Simulation time: 0.246094   Iterations per second: 34.5747   Simulation time per second: 0.135058
INFO (CarpetX): Grid cells: 4096   Grid cell updates per second: 141618
INFO (CarpetX): Performance:
INFO (CarpetX):   total evolution time:            1.82335 sec
INFO (CarpetX):   total evolution compute time:    1.82318 sec
INFO (CarpetX):   total evolution output time:     0.000171423 sec
INFO (CarpetX):   total iterations:                63
INFO (CarpetX):   total cells updated:             258048
INFO (CarpetX):   average iterations per second: 34.5518
INFO (CarpetX):   average cell updates per second: 141524
INFO (CarpetX): Simulation time: 0.25   Iterations per second: 31.3138   Simulation time per second: 0.12232
INFO (CarpetX): Grid cells: 4096   Grid cell updates per second: 128261
INFO (CarpetX): Performance:
INFO (CarpetX):   total evolution time:            1.88239 sec
INFO (CarpetX):   total evolution compute time:    1.85445 sec
INFO (CarpetX):   total evolution output time:     0.0279434 sec
INFO (CarpetX):   total iterations:                64
INFO (CarpetX):   total cells updated:             262144
INFO (CarpetX):   average iterations per second: 33.9993
INFO (CarpetX):   average cell updates per second: 139261
INFO (CarpetX): Shutting down...
AMReX (25.11) finalized
--------------------------------------------------------------------------------
Done.

real	0m2.386s
user	0m3.888s
sys	0m0.381s
+ echo Stopping:
Stopping:
+ date
Thu Apr 16 03:42:47 AM UTC 2026
+ echo Done.
Done.
  Elapsed time: 2.4 s
