/__w/canudax-tests/workspace/simulations/TestJob01_temp_2/output-0000/TEST/sim/CanudaX_BSSNMoL
Preparing:
+ set -e
+ cd output-0000-active
+ echo Checking:
Checking:
+ pwd
/__w/canudax-tests/workspace/simulations/TestJob01_temp_2/output-0000/TEST/sim/CanudaX_BSSNMoL/output-0000-active
+ hostname
4fec47da4932
+ date
Mon Feb 16 10:29:25 PM UTC 2026
+ echo Environment:
Environment:
+ export SIMULATION_ID=simulation-TestJob01_temp_2-actions-cpu-real64-actions-root-2026.02.16-22.29.25-14236
+ SIMULATION_ID=simulation-TestJob01_temp_2-actions-cpu-real64-actions-root-2026.02.16-22.29.25-14236
+ export CACTUS_NUM_PROCS=2
+ CACTUS_NUM_PROCS=2
+ export CACTUS_NUM_THREADS=1
+ CACTUS_NUM_THREADS=1
+ export CACTUS_SET_THREAD_BINDINGS=0
+ CACTUS_SET_THREAD_BINDINGS=0
+ export GLIBCXX_FORCE_NEW=1
+ GLIBCXX_FORCE_NEW=1
+ export GMON_OUT_PREFIX=gmon.out
+ GMON_OUT_PREFIX=gmon.out
+ export OMP_DISPLAY_ENV=TRUE
+ OMP_DISPLAY_ENV=TRUE
+ export OMP_MAX_TASKS=100
+ OMP_MAX_TASKS=100
+ export OMP_NUM_THREADS=1
+ OMP_NUM_THREADS=1
+ export OMP_PLACES=cores
+ OMP_PLACES=cores
+ export OMP_PROC_BIND=FALSE
+ OMP_PROC_BIND=FALSE
+ export OMP_STACKSIZE=8192
+ OMP_STACKSIZE=8192
+ env
+ sort
+ echo Starting:
Starting:
++ date +%s
+ export CACTUS_STARTTIME=1771280965
+ CACTUS_STARTTIME=1771280965
+ mpiexec -n 2 /__w/canudax-tests/workspace/simulations/TestJob01_temp_2/SIMFACTORY/exe/cactus_sim -L 3 /__w/canudax-tests/workspace/simulations/TestJob01_temp_2/output-0000/arrangements/CanudaX_Lean/CanudaX_BSSNMoL/test/gaugewave.par

OPENMP DISPLAY ENVIRONMENT BEGIN
  _OPENMP = '201511'
  [host] OMP_DYNAMIC = 'FALSE'
  [host] OMP_NESTED = 'FALSE'
  [host] OMP_NUM_THREADS = '1'
  [host] OMP_SCHEDULE = 'DYNAMIC'
  [host] OMP_PROC_BIND = 'FALSE'
  [host] OMP_PLACES = ''
  [host] OMP_STACKSIZE = '8388608'
  [host] OMP_WAIT_POLICY = 'PASSIVE'
  [host] OMP_THREAD_LIMIT = '4294967295'
  [host] OMP_MAX_ACTIVE_LEVELS = '1'
  [host] OMP_NUM_TEAMS = '0'
  [host] OMP_TEAMS_THREAD_LIMIT = '0'
  [all] OMP_CANCELLATION = 'FALSE'
  [all] OMP_DEFAULT_DEVICE = '0'

OPENMP DISPLAY ENVIRONMENT BEGIN
  _OPENMP = '201511'
  [host] OMP_DYNAMIC = 'FALSE'
  [host] OMP_NESTED = 'FALSE'
  [host] OMP_NUM_THREADS = '1'
  [host] OMP_SCHEDULE = 'DYNAMIC'
  [host] OMP_PROC_BIND = 'FALSE'
  [host] OMP_PLACES = ''
  [host] OMP_STACKSIZE = '8388608'
  [host] OMP_WAIT_POLICY = 'PASSIVE'
  [host] OMP_THREAD_LIMIT = '4294967295'
  [host] OMP_MAX_ACTIVE_LEVELS = '1'
  [host] OMP_NUM_TEAMS = '0'
  [host] OMP_TEAMS_THREAD_LIMIT = '0'
  [all] OMP_CANCELLATION = 'FALSE'
  [all] OMP_DEFAULT_DEVICE = '0'
  [all] OMP_MAX_TASK_PRIORITY = '0'
  [all] OMP_DISPLAY_AFFINITY = 'FALSE'
  [host] OMP_AFFINITY_FORMAT = 'level %L thread %i affinity %A'
  [host] OMP_ALLOCATOR = 'omp_default_mem_alloc'
  [all] OMP_TARGET_OFFLOAD = 'DEFAULT  [all] OMP_MAX_TASK_PRIORITY = '0'
  [all] OMP_DISPLAY_AFFINITY = 'FALSE'
  [host] OMP_AFFINITY_FORMAT = 'level %L thread %i affinity %A'
  [host] OMP_ALLOCATOR = 'omp_default_mem_alloc'
  [all] OMP_TARGET_OFFLOAD = 'DEFAULT'
OPENMP DISPLAY ENVIRONMENT END
'
OPENMP DISPLAY ENVIRONMENT END
INFO (Cactus): Increased logging level from 0 to 3
--------------------------------------------------------------------------------

       10                                  
  1   0101       ************************  
  01  1010 10      The Cactus Code V4.18.0    
 1010 1101 011      www.cactuscode.org     
  1001 100101    ************************  
    00010101                               
     100011     (c) Copyright The Authors  
      0100      GNU Licensed. No Warranty  
      0101                                 
--------------------------------------------------------------------------------

Cactus version:    4.18.0
Compile date:      Feb 16 2026 (22:26:25)
Run date:          Feb 16 2026 (22:29:25+0000)
Run host:          4fec47da4932 (pid=14284)
Working directory: /__w/canudax-tests/workspace/simulations/TestJob01_temp_2/output-0000/TEST/sim/CanudaX_BSSNMoL
Executable:        /__w/canudax-tests/workspace/simulations/TestJob01_temp_2/SIMFACTORY/exe/cactus_sim
Parameter file:    /__w/canudax-tests/workspace/simulations/TestJob01_temp_2/output-0000/arrangements/CanudaX_Lean/CanudaX_BSSNMoL/test/gaugewave.par
--------------------------------------------------------------------------------

Activating thorn Cactus...Success -> active implementation Cactus
Activation requested for 
--->ADMBaseX CanudaX_BSSNMoL CanudaX_ExactID CarpetX ErrorEstimator IOUtil ODESolvers TmunuBaseX<---
Thorn ADMBaseX requests automatic activation of Loop
Thorn CanudaX_ExactID requests automatic activation of GSL
Thorn CarpetX requests automatic activation of AMReX
Thorn CarpetX requests automatic activation of MPI
Thorn CarpetX requests automatic activation of yaml_cpp
Thorn CarpetX requests automatic activation of zlib
Thorn CarpetX requests automatic activation of Arith
Thorn CarpetX requests automatic activation of CarpetXRegrid
Thorn CarpetX requests automatic activation of ADIOS2
Thorn CarpetX requests automatic activation of openPMD
Thorn CarpetX requests automatic activation of Silo
Thorn Arith requests automatic activation of NSIMD
Thorn MPI requests automatic activation of hwloc
Thorn openPMD requests automatic activation of HDF5
Activating thorn ADIOS2...Success -> active implementation ADIOS2
Activating thorn ADMBaseX...Success -> active implementation ADMBaseX
Activating thorn AMReX...Success -> active implementation AMReX
Activating thorn Arith...Success -> active implementation Arith
Activating thorn CanudaX_BSSNMoL...Success -> active implementation CanudaX_BSSNMoL
Activating thorn CanudaX_ExactID...Success -> active implementation CanudaX_ExactID
Activating thorn CarpetX...Success -> active implementation Driver
Activating thorn CarpetXRegrid...Success -> active implementation CarpetXRegrid
Activating thorn ErrorEstimator...Success -> active implementation ErrorEstimator
Activating thorn GSL...Success -> active implementation GSL
Activating thorn HDF5...Success -> active implementation HDF5
Activating thorn hwloc...Success -> active implementation hwloc
Activating thorn IOUtil...Success -> active implementation IO
Activating thorn Loop...Success -> active implementation Loop
Activating thorn MPI...Success -> active implementation MPI
Activating thorn NSIMD...Success -> active implementation NSIMD
Activating thorn ODESolvers...Success -> active implementation ODESolvers
Activating thorn openPMD...Success -> active implementation openPMD
Activating thorn Silo...Success -> active implementation Silo
Activating thorn TmunuBaseX...Success -> active implementation TmunuBaseX
Activating thorn yaml_cpp...Success -> active implementation yaml_cpp
Activating thorn zlib...Success -> active implementation zlib
--------------------------------------------------------------------------------
  if (recover initial data)
    Recover parameters
  endif

  Startup routines
    [CCTK_STARTUP]
      CarpetX::Driver_Startup: Start up the driver
      IOUtil::IOUtil_Startup: Startup routine
      GROUP hwloc_startup: hwloc startup group
        hwloc::hwloc_version: Output hwloc version

  Startup routines which need an existing grid hierarchy
    [CCTK_WRAGH]
      Arith::Test_smallvector: [meta] Test small vectors
      Arith::Test_spvect: [meta] Test sparse vectors
      ODESolvers::ODESolvers_InitConstants: [global] Set up dummy loop counters for schedule printout
  Parameter checking routines
    [CCTK_PARAMCHECK]
      CanudaX_BSSNMoL::CanudaX_BSSNMoL_paramcheck: Check CanudaX_BSSNMoL parameters for consistency

  Initialisation
    if (NOT (recover initial data AND recovery_mode is 'strict'))
      [CCTK_PREREGRIDINITIAL]
      Set up grid hierarchy
      [CCTK_POSTREGRIDINITIAL]
      [CCTK_BASEGRID]
        CarpetXRegrid::CarpetXRegrid_InitError: Initialize regridding error to zero
        GROUP ODESolvers_BaseGrid: Set up constants (e.g. coordinates) everywhere on the grid
      [CCTK_INITIAL]
        GROUP TmunuBaseX_SetTmunuVars: Schedule group for setting T_munu
          TmunuBaseX::TmunuBaseX_ZeroTmunu: Set T_munu to zero
          GROUP TmunuBaseX_AddToTmunu: Add to T_munu here
        GROUP ODESolvers_Initial: Set up initial conditions on interior of state vector
          GROUP ADMBaseX_InitialData: Schedule group for calculating ADM initial data
            GROUP ExactID_Group: ExactID initial data group
              CanudaX_ExactID::GaugeWave_ID: [local] Create gauge wave initial data
          GROUP ADMBaseX_InitialGauge: Schedule group for the ADM initial gauge condition
            ADMBaseX::ADMBaseX_initial_dtlapse: Set dtlapse to zero
            ADMBaseX::ADMBaseX_initial_dtshift: Set dtshift to zero
          GROUP ADMBaseX_PostInitial: Schedule group for modifying the ADM initial data, such as e.g. adding noise
        GROUP CanudaX_BSSNMoL_InitialGroup: CanudaX_BSSNMoL: initial bin
          CanudaX_BSSNMoL::CanudaX_BSSNMoL_adm2bssn: [local] Convert initial data into BSSN variables
          CanudaX_BSSNMoL::CanudaX_BSSNMoL_gammat: [local] Set Gammat initial data
      [CCTK_POSTINITIAL]
        ErrorEstimator::EstimateError: Estimate error
        GROUP ODESolvers_PostStep: Apply boundary conditions to state vector, and project if necessary
          GROUP CanudaX_BSSNMoL_PostStepGroup: CanudaX_BSSNMoL: post-step operations
            CanudaX_BSSNMoL::CanudaX_BSSNMoL_impose_conf_fac_floor: Make sure conformal factor does not drop below specified value
            CanudaX_BSSNMoL::CanudaX_BSSNMoL_reset_detmetric: reset dethh = 1
            CanudaX_BSSNMoL::CanudaX_BSSNMoL_remove_trA: Remove trace of A
            CanudaX_BSSNMoL::CanudaX_BSSNMoL_sync: [global] Sync state vector
            CanudaX_BSSNMoL::CanudaX_BSSNMoL_bssn2adm: [local] Convert variables back to the ADM ones
          GROUP ADMBaseX_SetADMRHS: Set ADM RHS variables in this group
          GROUP ADMBaseX_SetADMVars: Set ADM variables in this group
          GROUP TmunuBaseX_SetTmunuVars: Schedule group for setting T_munu
            TmunuBaseX::TmunuBaseX_ZeroTmunu: Set T_munu to zero
            GROUP TmunuBaseX_AddToTmunu: Add to T_munu here
        GROUP ODESolvers_EstimateError: Estimate discretization error (for regridding)
      Initialise finer grids recursively
      Restrict from finer grids
      [CCTK_POSTRESTRICTINITIAL]
      [CCTK_POSTPOSTINITIAL]
      [CCTK_POSTSTEP]
        ErrorEstimator::EstimateError: Estimate error
        GROUP ODESolvers_EstimateError: Estimate discretization error (for regridding)
    endif
    if (recover initial data)
      [CCTK_BASEGRID]
        CarpetXRegrid::CarpetXRegrid_InitError: Initialize regridding error to zero
        GROUP ODESolvers_BaseGrid: Set up constants (e.g. coordinates) everywhere on the grid
      [CCTK_RECOVER_VARIABLES]
      [CCTK_POST_RECOVER_VARIABLES]
        GROUP ODESolvers_PostStep: Apply boundary conditions to state vector, and project if necessary
          GROUP CanudaX_BSSNMoL_PostStepGroup: CanudaX_BSSNMoL: post-step operations
            CanudaX_BSSNMoL::CanudaX_BSSNMoL_impose_conf_fac_floor: Make sure conformal factor does not drop below specified value
            CanudaX_BSSNMoL::CanudaX_BSSNMoL_reset_detmetric: reset dethh = 1
            CanudaX_BSSNMoL::CanudaX_BSSNMoL_remove_trA: Remove trace of A
            CanudaX_BSSNMoL::CanudaX_BSSNMoL_sync: [global] Sync state vector
            CanudaX_BSSNMoL::CanudaX_BSSNMoL_bssn2adm: [local] Convert variables back to the ADM ones
          GROUP ADMBaseX_SetADMRHS: Set ADM RHS variables in this group
          GROUP ADMBaseX_SetADMVars: Set ADM variables in this group
          GROUP TmunuBaseX_SetTmunuVars: Schedule group for setting T_munu
            TmunuBaseX::TmunuBaseX_ZeroTmunu: Set T_munu to zero
            GROUP TmunuBaseX_AddToTmunu: Add to T_munu here
        GROUP ODESolvers_EstimateError: Estimate discretization error (for regridding)
    endif
    if (checkpoint initial data)
      [CCTK_CPINITIAL]
        CarpetX::CarpetX_CheckpointInitial: [meta] Checkpoint initial conditions
    endif
    if (analysis)
      [CCTK_ANALYSIS]
        CanudaX_BSSNMoL::CanudaX_BSSNMoL_bssn_constraints: Compute constraints
        GROUP ODESolvers_Analysis: Calculate analysis quantities everywhere
  endif
  Output grid variables

  do loop over timesteps
    [CCTK_PREREGRID]
    Change grid hierarchy
    [CCTK_POSTREGRID]
      GROUP ODESolvers_PostStep: Apply boundary conditions to state vector, and project if necessary
        GROUP CanudaX_BSSNMoL_PostStepGroup: CanudaX_BSSNMoL: post-step operations
          CanudaX_BSSNMoL::CanudaX_BSSNMoL_impose_conf_fac_floor: Make sure conformal factor does not drop below specified value
          CanudaX_BSSNMoL::CanudaX_BSSNMoL_reset_detmetric: reset dethh = 1
          CanudaX_BSSNMoL::CanudaX_BSSNMoL_remove_trA: Remove trace of A
          CanudaX_BSSNMoL::CanudaX_BSSNMoL_sync: [global] Sync state vector
          CanudaX_BSSNMoL::CanudaX_BSSNMoL_bssn2adm: [local] Convert variables back to the ADM ones
        GROUP ADMBaseX_SetADMRHS: Set ADM RHS variables in this group
        GROUP ADMBaseX_SetADMVars: Set ADM variables in this group
        GROUP TmunuBaseX_SetTmunuVars: Schedule group for setting T_munu
          TmunuBaseX::TmunuBaseX_ZeroTmunu: Set T_munu to zero
          GROUP TmunuBaseX_AddToTmunu: Add to T_munu here
    Rotate timelevels
    iteration = iteration+1
    t = t+dt
    [CCTK_PRESTEP]
    [CCTK_EVOL]
      ODESolvers::ODESolvers_Solve: [level] Solve ODEs
      while (ODESolvers::do_substeps)
        GROUP ODESolvers_CalledBySolve: Groups internally scheduled by ODESolvers_Solve
          GROUP ODESolvers_RHS: Evaluate the RHS for of state vector everywhere on the grid
            GROUP CanudaX_BSSNMoL_RHSGroup: CanudaX_BSSNMoL: calculate BSSN RHS
              CanudaX_BSSNMoL::CanudaX_BSSNMoL_calc_bssn_rhs: MoL RHS calculation
              CanudaX_BSSNMoL::CanudaX_BSSNMoL_apply_boundary_conditions: Apply radiative boundary conditions 
          GROUP ODESolvers_PostStep: Apply boundary conditions to state vector, and project if necessary
            GROUP CanudaX_BSSNMoL_PostStepGroup: CanudaX_BSSNMoL: post-step operations
              CanudaX_BSSNMoL::CanudaX_BSSNMoL_impose_conf_fac_floor: Make sure conformal factor does not drop below specified value
              CanudaX_BSSNMoL::CanudaX_BSSNMoL_reset_detmetric: reset dethh = 1
              CanudaX_BSSNMoL::CanudaX_BSSNMoL_remove_trA: Remove trace of A
              CanudaX_BSSNMoL::CanudaX_BSSNMoL_sync: [global] Sync state vector
              CanudaX_BSSNMoL::CanudaX_BSSNMoL_bssn2adm: [local] Convert variables back to the ADM ones
            GROUP ADMBaseX_SetADMRHS: Set ADM RHS variables in this group
            GROUP ADMBaseX_SetADMVars: Set ADM variables in this group
            GROUP TmunuBaseX_SetTmunuVars: Schedule group for setting T_munu
              TmunuBaseX::TmunuBaseX_ZeroTmunu: Set T_munu to zero
              GROUP TmunuBaseX_AddToTmunu: Add to T_munu here
      end while
    Evolve finer grids recursively
    Restrict from finer grids
    [CCTK_POSTRESTRICT]
      GROUP ODESolvers_PostStep: Apply boundary conditions to state vector, and project if necessary
        GROUP CanudaX_BSSNMoL_PostStepGroup: CanudaX_BSSNMoL: post-step operations
          CanudaX_BSSNMoL::CanudaX_BSSNMoL_impose_conf_fac_floor: Make sure conformal factor does not drop below specified value
          CanudaX_BSSNMoL::CanudaX_BSSNMoL_reset_detmetric: reset dethh = 1
          CanudaX_BSSNMoL::CanudaX_BSSNMoL_remove_trA: Remove trace of A
          CanudaX_BSSNMoL::CanudaX_BSSNMoL_sync: [global] Sync state vector
          CanudaX_BSSNMoL::CanudaX_BSSNMoL_bssn2adm: [local] Convert variables back to the ADM ones
        GROUP ADMBaseX_SetADMRHS: Set ADM RHS variables in this group
        GROUP ADMBaseX_SetADMVars: Set ADM variables in this group
        GROUP TmunuBaseX_SetTmunuVars: Schedule group for setting T_munu
          TmunuBaseX::TmunuBaseX_ZeroTmunu: Set T_munu to zero
          GROUP TmunuBaseX_AddToTmunu: Add to T_munu here
    [CCTK_POSTSTEP]
      ErrorEstimator::EstimateError: Estimate error
      GROUP ODESolvers_EstimateError: Estimate discretization error (for regridding)
    if (checkpoint)
      [CCTK_CHECKPOINT]
      CarpetX::CarpetX_Checkpoint: [meta] Checkpoint
    endif
    if (analysis)
      [CCTK_ANALYSIS]
      CanudaX_BSSNMoL::CanudaX_BSSNMoL_bssn_constraints: Compute constraints
      GROUP ODESolvers_Analysis: Calculate analysis quantities everywhere
    endif
    Output grid variables
    enddo

  Termination routines
    [CCTK_TERMINATE]
      CarpetX::CarpetX_CheckpointTerminate: [meta] Checkpoint before terminating

  Shutdown routines
    [CCTK_SHUTDOWN]
      CarpetX::Driver_Shutdown: [meta] Shut down the driver

  Routines run after changing the grid hierarchy:
    [CCTK_POSTREGRID]
      GROUP ODESolvers_PostStep: Apply boundary conditions to state vector, and project if necessary
        GROUP CanudaX_BSSNMoL_PostStepGroup: CanudaX_BSSNMoL: post-step operations
          CanudaX_BSSNMoL::CanudaX_BSSNMoL_impose_conf_fac_floor: Make sure conformal factor does not drop below specified value
          CanudaX_BSSNMoL::CanudaX_BSSNMoL_reset_detmetric: reset dethh = 1
          CanudaX_BSSNMoL::CanudaX_BSSNMoL_remove_trA: Remove trace of A
          CanudaX_BSSNMoL::CanudaX_BSSNMoL_sync: [global] Sync state vector
          CanudaX_BSSNMoL::CanudaX_BSSNMoL_bssn2adm: [local] Convert variables back to the ADM ones
        GROUP ADMBaseX_SetADMRHS: Set ADM RHS variables in this group
        GROUP ADMBaseX_SetADMVars: Set ADM variables in this group
        GROUP TmunuBaseX_SetTmunuVars: Schedule group for setting T_munu
          TmunuBaseX::TmunuBaseX_ZeroTmunu: Set T_munu to zero
          GROUP TmunuBaseX_AddToTmunu: Add to T_munu here
--------------------------------------------------------------------------------
INFO (hwloc): library version 2.10.0, API version 0x20800
--------------------------------------------------------------------------------

  [34m  ▕▏  [34m  ▕▏  [34m  ▕▏  [34m  ▕▏  [34m  ▕▏  [34m  ▕▏  [34m  ▕▏  [34m  ▕▏  [34m  ▕▏  [39m  
  [34m──██──[34m──██──[34m──██──[34m──██──[34m──██──[34m──██──[34m──██──[34m──██──[34m──██──[39m  
  [34m  ▕▏  [34m  ▕▏  [34m  ▕▏  [34m  ▕▏  [34m  ▕▏  [34m  ▕▏  [34m  ▕▏  [34m  ▕▏  [34m  ▕▏  [39m  
  [34m  ▕▏  [32m██████[34m  ▕▏  [34m  ▕▏  [32m██████[34m  ▕▏  [34m  ▕▏  [32m██████[34m  ▕▏  [39m  
  [34m──██──[32m██████[34m──██──[34m──██──[32m██████[34m──██──[34m──██──[32m██████[34m──██──[39m  
  [34m  ▕▏  [32m██████[34m  ▕▏  [34m  ▕▏  [32m██████[34m  ▕▏  [34m  ▕▏  [32m██████[34m  ▕▏  [39m  
  [34m  ▕▏  [34m  ▕▏  [34m  ▕▏  [34m  ▕▏  [34m  ▕▏  [34m  ▕▏  [34m  ▕▏  [34m  ▕▏  [34m  ▕▏  [39m  
  [34m──██──[34m──██──[34m──██──[34m──██──[34m──██──[34m──██──[34m──██──[34m──██──[34m──██──[39m  
  [34m  ▕▏  [34m  ▕▏  [34m  ▕▏  [34m  ▕▏  [34m  ▕▏  [34m  ▕▏  [34m  ▕▏  [34m  ▕▏  [34m  ▕▏  [39m  
  [34m  ▕▏  [34m  ▕▏  [34m  ▕▏  [31m██████[31m██████[31m██████[34m  ▕▏  [34m  ▕▏  [34m  ▕▏  [39m  
  [34m──██──[34m──██──[34m──██──[31m██████[31m██████[31m██████[34m──██──[34m──██──[34m──██──[39m  
  [34m  ▕▏  [34m  ▕▏  [34m  ▕▏  [31m██████[31m██████[31m██████[34m  ▕▏  [34m  ▕▏  [34m  ▕▏  [39m  
  [34m  ▕▏  [32m██████[34m  ▕▏  [31m██████[31m██████[31m██████[34m  ▕▏  [32m██████[34m  ▕▏  [39m  
  [34m──██──[32m██████[34m──██──[31m██████[31m██████[31m██████[34m──██──[32m██████[34m──██──[39m  
  [34m  ▕▏  [32m██████[34m  ▕▏  [31m██████[31m██████[31m██████[34m  ▕▏  [32m██████[34m  ▕▏  [39m  
  [34m  ▕▏  [34m  ▕▏  [34m  ▕▏  [31m██████[31m██████[31m██████[34m  ▕▏  [34m  ▕▏  [34m  ▕▏  [39m  
  [34m──██──[34m──██──[34m──██──[31m██████[31m██████[31m██████[34m──██──[34m──██──[34m──██──[39m  
  [34m  ▕▏  [34m  ▕▏  [34m  ▕▏  [31m██████[31m██████[31m██████[34m  ▕▏  [34m  ▕▏  [34m  ▕▏  [39m  
  [34m  ▕▏  [34m  ▕▏  [34m  ▕▏  [34m  ▕▏  [34m  ▕▏  [34m  ▕▏  [34m  ▕▏  [34m  ▕▏  [34m  ▕▏  [39m  
  [34m──██──[34m──██──[34m──██──[34m──██──[34m──██──[34m──██──[34m──██──[34m──██──[34m──██──[39m  
  [34m  ▕▏  [34m  ▕▏  [34m  ▕▏  [34m  ▕▏  [34m  ▕▏  [34m  ▕▏  [34m  ▕▏  [34m  ▕▏  [34m  ▕▏  [39m  
  [34m  ▕▏  [32m██████[34m  ▕▏  [34m  ▕▏  [32m██████[34m  ▕▏  [34m  ▕▏  [32m██████[34m  ▕▏  [39m  
  [34m──██──[32m██████[34m──██──[34m──██──[32m██████[34m──██──[34m──██──[32m██████[34m──██──[39m  
  [34m  ▕▏  [32m██████[34m  ▕▏  [34m  ▕▏  [32m██████[34m  ▕▏  [34m  ▕▏  [32m██████[34m  ▕▏  [39m  
  [34m  ▕▏  [34m  ▕▏  [34m  ▕▏  [34m  ▕▏  [34m  ▕▏  [34m  ▕▏  [34m  ▕▏  [34m  ▕▏  [34m  ▕▏  [39m  
  [34m──██──[34m──██──[34m──██──[34m──██──[34m──██──[34m──██──[34m──██──[34m──██──[34m──██──[39m  
  [34m  ▕▏  [34m  ▕▏  [34m  ▕▏  [34m  ▕▏  [34m  ▕▏  [34m  ▕▏  [34m  ▕▏  [34m  ▕▏  [34m  ▕▏  [39m  

AMR driver provided by CarpetX,
using AMReX 25.11 (MPI, OpenMP, no accelerators, optimized)
--------------------------------------------------------------------------------

Initializing AMReX (25.11)...
MPI initialized with 2 MPI processes
MPI initialized with thread support level 2
OMP initialized with 1 OMP threads
AMReX (25.11) initialized
INFO (CarpetX): 
Symmetries:
  lower x: periodic
  lower y: periodic
  lower z: periodic
  upper x: periodic
  upper y: periodic
  upper z: periodic
Default boundaries:
  lower x: symmetry_boundary
  lower y: symmetry_boundary
  lower z: symmetry_boundary
  upper x: symmetry_boundary
  upper y: symmetry_boundary
  upper z: symmetry_boundary
INFO (Arith): Test_smallvector
INFO (Arith): Test_spvect
INFO (CarpetX): Setting initial values for max_grid_size values for all levels
INFO (CarpetX): Setting up initial conditions...
INFO (CarpetX): Iteration: 0   time: 0   delta_time: 0.00390625
INFO (CarpetX): Patch 0:
INFO (CarpetX):   Grid extent:
INFO (CarpetX):     gsh=[71,15,15]
INFO (CarpetX):     blocking_factor=[8,8,8]
INFO (CarpetX):     max_grid_size=[10000000,10000000,10000000]
INFO (CarpetX):     max_tile_size=[1024000,16,32]
INFO (CarpetX):   Domain extent:
INFO (CarpetX):     xmin=[-0.5,-0.0625,-0.0625]
INFO (CarpetX):     xmax=[0.5,0.0625,0.0625]
INFO (CarpetX):     base dx=[0.015625,0.015625,0.015625]
INFO (CarpetX): Initializing level 0...
INFO (CanudaX_ExactID): Begin Gauge Wave initial data
INFO (CanudaX_ExactID): === End gauge wave initial data ===
INFO (CarpetX): Regridding...
INFO (CarpetX):   level 0: 2 boxes, 4096 cells (100%)
INFO (CarpetX): Initialized 1 levels
INFO (CarpetX): OutputGH: iteration 0, time 0.000000, run time 0 s
INFO (CarpetX): OutputGH done.
INFO (CarpetX): Starting evolution...
INFO (ODESolvers): ODE integrator is RK4
INFO (CarpetX): OutputGH: iteration 1, time 0.003906, run time 0 s
INFO (CarpetX): OutputGH done.
INFO (CarpetX): Simulation time: 0.00390625   Iterations per second: 38.8819   Simulation time per second: 0.151882
INFO (CarpetX): Grid cells: 4096   Grid cell updates per second: 159260
INFO (CarpetX): Performance:
INFO (CarpetX):   total evolution time:            0.0257189 sec
INFO (CarpetX):   total evolution compute time:    0.0256948 sec
INFO (CarpetX):   total evolution output time:     2.40803e-05 sec
INFO (CarpetX):   total iterations:                1
INFO (CarpetX):   total cells updated:             4096
INFO (CarpetX):   average iterations per second: 38.8819
INFO (CarpetX):   average cell updates per second: 159260
INFO (CarpetX): OutputGH: iteration 2, time 0.007812, run time 0 s
INFO (CarpetX): OutputGH done.
INFO (CarpetX): Simulation time: 0.0078125   Iterations per second: 40.6134   Simulation time per second: 0.158646
INFO (CarpetX): Grid cells: 4096   Grid cell updates per second: 166352
INFO (CarpetX): Performance:
INFO (CarpetX):   total evolution time:            0.0492449 sec
INFO (CarpetX):   total evolution compute time:    0.0491936 sec
INFO (CarpetX):   total evolution output time:     5.126e-05 sec
INFO (CarpetX):   total iterations:                2
INFO (CarpetX):   total cells updated:             8192
INFO (CarpetX):   average iterations per second: 40.6134
INFO (CarpetX):   average cell updates per second: 166352
INFO (CarpetX): OutputGH: iteration 3, time 0.011719, run time 0 s
INFO (CarpetX): OutputGH done.
INFO (CarpetX): Simulation time: 0.0117188   Iterations per second: 41.2456   Simulation time per second: 0.161116
INFO (CarpetX): Grid cells: 4096   Grid cell updates per second: 168942
INFO (CarpetX): Performance:
INFO (CarpetX):   total evolution time:            0.0727351 sec
INFO (CarpetX):   total evolution compute time:    0.072655 sec
INFO (CarpetX):   total evolution output time:     8.01086e-05 sec
INFO (CarpetX):   total iterations:                3
INFO (CarpetX):   total cells updated:             12288
INFO (CarpetX):   average iterations per second: 41.2456
INFO (CarpetX):   average cell updates per second: 168942
INFO (CarpetX): OutputGH: iteration 4, time 0.015625, run time 0 s
INFO (CarpetX): OutputGH done.
INFO (CarpetX): Simulation time: 0.015625   Iterations per second: 41.6636   Simulation time per second: 0.162748
INFO (CarpetX): Grid cells: 4096   Grid cell updates per second: 170654
INFO (CarpetX): Performance:
INFO (CarpetX):   total evolution time:            0.0960071 sec
INFO (CarpetX):   total evolution compute time:    0.095896 sec
INFO (CarpetX):   total evolution output time:     0.000111103 sec
INFO (CarpetX):   total iterations:                4
INFO (CarpetX):   total cells updated:             16384
INFO (CarpetX):   average iterations per second: 41.6636
INFO (CarpetX):   average cell updates per second: 170654
INFO (CarpetX): OutputGH: iteration 5, time 0.019531, run time 0 s
INFO (CarpetX): OutputGH done.
INFO (CarpetX): Simulation time: 0.0195312   Iterations per second: 41.7198   Simulation time per second: 0.162968
INFO (CarpetX): Grid cells: 4096   Grid cell updates per second: 170884
INFO (CarpetX): Performance:
INFO (CarpetX):   total evolution time:            0.119847 sec
INFO (CarpetX):   total evolution compute time:    0.119706 sec
INFO (CarpetX):   total evolution output time:     0.000140905 sec
INFO (CarpetX):   total iterations:                5
INFO (CarpetX):   total cells updated:             20480
INFO (CarpetX):   average iterations per second: 41.7198
INFO (CarpetX):   average cell updates per second: 170884
INFO (CarpetX): OutputGH: iteration 6, time 0.023438, run time 1 s
INFO (CarpetX): OutputGH done.
INFO (CarpetX): Simulation time: 0.0234375   Iterations per second: 41.8364   Simulation time per second: 0.163423
INFO (CarpetX): Grid cells: 4096   Grid cell updates per second: 171362
INFO (CarpetX): Performance:
INFO (CarpetX):   total evolution time:            0.143416 sec
INFO (CarpetX):   total evolution compute time:    0.143247 sec
INFO (CarpetX):   total evolution output time:     0.000169039 sec
INFO (CarpetX):   total iterations:                6
INFO (CarpetX):   total cells updated:             24576
INFO (CarpetX):   average iterations per second: 41.8364
INFO (CarpetX):   average cell updates per second: 171362
INFO (CarpetX): OutputGH: iteration 7, time 0.027344, run time 1 s
INFO (CarpetX): OutputGH done.
INFO (CarpetX): Simulation time: 0.0273438   Iterations per second: 41.9114   Simulation time per second: 0.163717
INFO (CarpetX): Grid cells: 4096   Grid cell updates per second: 171669
INFO (CarpetX): Performance:
INFO (CarpetX):   total evolution time:            0.167019 sec
INFO (CarpetX):   total evolution compute time:    0.166818 sec
INFO (CarpetX):   total evolution output time:     0.000201225 sec
INFO (CarpetX):   total iterations:                7
INFO (CarpetX):   total cells updated:             28672
INFO (CarpetX):   average iterations per second: 41.9114
INFO (CarpetX):   average cell updates per second: 171669
INFO (CarpetX): OutputGH: iteration 8, time 0.031250, run time 1 s
INFO (CarpetX): OutputGH done.
INFO (CarpetX): Simulation time: 0.03125   Iterations per second: 41.8649   Simulation time per second: 0.163535
INFO (CarpetX): Grid cells: 4096   Grid cell updates per second: 171479
INFO (CarpetX): Performance:
INFO (CarpetX):   total evolution time:            0.191091 sec
INFO (CarpetX):   total evolution compute time:    0.190862 sec
INFO (CarpetX):   total evolution output time:     0.00022912 sec
INFO (CarpetX):   total iterations:                8
INFO (CarpetX):   total cells updated:             32768
INFO (CarpetX):   average iterations per second: 41.8649
INFO (CarpetX):   average cell updates per second: 171479
INFO (CarpetX): OutputGH: iteration 9, time 0.035156, run time 1 s
INFO (CarpetX): OutputGH done.
INFO (CarpetX): Simulation time: 0.0351562   Iterations per second: 41.8888   Simulation time per second: 0.163628
INFO (CarpetX): Grid cells: 4096   Grid cell updates per second: 171576
INFO (CarpetX): Performance:
INFO (CarpetX):   total evolution time:            0.214855 sec
INFO (CarpetX):   total evolution compute time:    0.214598 sec
INFO (CarpetX):   total evolution output time:     0.000257015 sec
INFO (CarpetX):   total iterations:                9
INFO (CarpetX):   total cells updated:             36864
INFO (CarpetX):   average iterations per second: 41.8888
INFO (CarpetX):   average cell updates per second: 171576
INFO (CarpetX): OutputGH: iteration 10, time 0.039062, run time 1 s
INFO (CarpetX): OutputGH done.
INFO (CarpetX): Simulation time: 0.0390625   Iterations per second: 41.9476   Simulation time per second: 0.163858
INFO (CarpetX): Grid cells: 4096   Grid cell updates per second: 171817
INFO (CarpetX): Performance:
INFO (CarpetX):   total evolution time:            0.238393 sec
INFO (CarpetX):   total evolution compute time:    0.238109 sec
INFO (CarpetX):   total evolution output time:     0.000283957 sec
INFO (CarpetX):   total iterations:                10
INFO (CarpetX):   total cells updated:             40960
INFO (CarpetX):   average iterations per second: 41.9476
INFO (CarpetX):   average cell updates per second: 171817
INFO (CarpetX): OutputGH: iteration 11, time 0.042969, run time 1 s
INFO (CarpetX): OutputGH done.
INFO (CarpetX): Simulation time: 0.0429688   Iterations per second: 41.9991   Simulation time per second: 0.164059
INFO (CarpetX): Grid cells: 4096   Grid cell updates per second: 172028
INFO (CarpetX): Performance:
INFO (CarpetX):   total evolution time:            0.26194 sec
INFO (CarpetX):   total evolution compute time:    0.261627 sec
INFO (CarpetX):   total evolution output time:     0.00031209 sec
INFO (CarpetX):   total iterations:                11
INFO (CarpetX):   total cells updated:             45056
INFO (CarpetX):   average iterations per second: 41.9944
INFO (CarpetX):   average cell updates per second: 172009
INFO (CarpetX): OutputGH: iteration 12, time 0.046875, run time 1 s
INFO (CarpetX): OutputGH done.
INFO (CarpetX): Simulation time: 0.046875   Iterations per second: 42.064   Simulation time per second: 0.164312
INFO (CarpetX): Grid cells: 4096   Grid cell updates per second: 172294
INFO (CarpetX): Performance:
INFO (CarpetX):   total evolution time:            0.285383 sec
INFO (CarpetX):   total evolution compute time:    0.285043 sec
INFO (CarpetX):   total evolution output time:     0.000339985 sec
INFO (CarpetX):   total iterations:                12
INFO (CarpetX):   total cells updated:             49152
INFO (CarpetX):   average iterations per second: 42.0488
INFO (CarpetX):   average cell updates per second: 172232
INFO (CarpetX): OutputGH: iteration 13, time 0.050781, run time 1 s
INFO (CarpetX): OutputGH done.
INFO (CarpetX): Simulation time: 0.0507812   Iterations per second: 42.1372   Simulation time per second: 0.164598
INFO (CarpetX): Grid cells: 4096   Grid cell updates per second: 172594
INFO (CarpetX): Performance:
INFO (CarpetX):   total evolution time:            0.308743 sec
INFO (CarpetX):   total evolution compute time:    0.308373 sec
INFO (CarpetX):   total evolution output time:     0.000369072 sec
INFO (CarpetX):   total iterations:                13
INFO (CarpetX):   total cells updated:             53248
INFO (CarpetX):   average iterations per second: 42.1063
INFO (CarpetX):   average cell updates per second: 172467
INFO (CarpetX): OutputGH: iteration 14, time 0.054688, run time 1 s
INFO (CarpetX): OutputGH done.
INFO (CarpetX): Simulation time: 0.0546875   Iterations per second: 42.1982   Simulation time per second: 0.164837
INFO (CarpetX): Grid cells: 4096   Grid cell updates per second: 172844
INFO (CarpetX): Performance:
INFO (CarpetX):   total evolution time:            0.332132 sec
INFO (CarpetX):   total evolution compute time:    0.331738 sec
INFO (CarpetX):   total evolution output time:     0.000394106 sec
INFO (CarpetX):   total iterations:                14
INFO (CarpetX):   total cells updated:             57344
INFO (CarpetX):   average iterations per second: 42.152
INFO (CarpetX):   average cell updates per second: 172654
INFO (CarpetX): OutputGH: iteration 15, time 0.058594, run time 1 s
INFO (CarpetX): OutputGH done.
INFO (CarpetX): Simulation time: 0.0585938   Iterations per second: 42.2473   Simulation time per second: 0.165029
INFO (CarpetX): Grid cells: 4096   Grid cell updates per second: 173045
INFO (CarpetX): Performance:
INFO (CarpetX):   total evolution time:            0.355554 sec
INFO (CarpetX):   total evolution compute time:    0.355134 sec
INFO (CarpetX):   total evolution output time:     0.000420094 sec
INFO (CarpetX):   total iterations:                15
INFO (CarpetX):   total cells updated:             61440
INFO (CarpetX):   average iterations per second: 42.1877
INFO (CarpetX):   average cell updates per second: 172801
INFO (CarpetX): OutputGH: iteration 16, time 0.062500, run time 1 s
INFO (CarpetX): OutputGH done.
INFO (CarpetX): Simulation time: 0.0625   Iterations per second: 42.3192   Simulation time per second: 0.16531
INFO (CarpetX): Grid cells: 4096   Grid cell updates per second: 173340
INFO (CarpetX): Performance:
INFO (CarpetX):   total evolution time:            0.378822 sec
INFO (CarpetX):   total evolution compute time:    0.378381 sec
INFO (CarpetX):   total evolution output time:     0.000440121 sec
INFO (CarpetX):   total iterations:                16
INFO (CarpetX):   total cells updated:             65536
INFO (CarpetX):   average iterations per second: 42.2362
INFO (CarpetX):   average cell updates per second: 173000
INFO (CarpetX): OutputGH: iteration 17, time 0.066406, run time 1 s
INFO (CarpetX): OutputGH done.
INFO (CarpetX): Simulation time: 0.0664062   Iterations per second: 42.3752   Simulation time per second: 0.165528
INFO (CarpetX): Grid cells: 4096   Grid cell updates per second: 173569
INFO (CarpetX): Performance:
INFO (CarpetX):   total evolution time:            0.402139 sec
INFO (CarpetX):   total evolution compute time:    0.401678 sec
INFO (CarpetX):   total evolution output time:     0.000461102 sec
INFO (CarpetX):   total iterations:                17
INFO (CarpetX):   total cells updated:             69632
INFO (CarpetX):   average iterations per second: 42.2739
INFO (CarpetX):   average cell updates per second: 173154
INFO (CarpetX): OutputGH: iteration 18, time 0.070312, run time 1 s
INFO (CarpetX): OutputGH done.
INFO (CarpetX): Simulation time: 0.0703125   Iterations per second: 42.4156   Simulation time per second: 0.165686
INFO (CarpetX): Grid cells: 4096   Grid cell updates per second: 173734
INFO (CarpetX): Performance:
INFO (CarpetX):   total evolution time:            0.425514 sec
INFO (CarpetX):   total evolution compute time:    0.42503 sec
INFO (CarpetX):   total evolution output time:     0.00048399 sec
INFO (CarpetX):   total iterations:                18
INFO (CarpetX):   total cells updated:             73728
INFO (CarpetX):   average iterations per second: 42.3018
INFO (CarpetX):   average cell updates per second: 173268
INFO (CarpetX): OutputGH: iteration 19, time 0.074219, run time 1 s
INFO (CarpetX): OutputGH done.
INFO (CarpetX): Simulation time: 0.0742188   Iterations per second: 42.4779   Simulation time per second: 0.165929
INFO (CarpetX): Grid cells: 4096   Grid cell updates per second: 173990
INFO (CarpetX): Performance:
INFO (CarpetX):   total evolution time:            0.448744 sec
INFO (CarpetX):   total evolution compute time:    0.448239 sec
INFO (CarpetX):   total evolution output time:     0.000504971 sec
INFO (CarpetX):   total iterations:                19
INFO (CarpetX):   total cells updated:             77824
INFO (CarpetX):   average iterations per second: 42.3404
INFO (CarpetX):   average cell updates per second: 173426
INFO (CarpetX): OutputGH: iteration 20, time 0.078125, run time 1 s
INFO (CarpetX): OutputGH done.
INFO (CarpetX): Simulation time: 0.078125   Iterations per second: 42.503   Simulation time per second: 0.166027
INFO (CarpetX): Grid cells: 4096   Grid cell updates per second: 174092
INFO (CarpetX): Performance:
INFO (CarpetX):   total evolution time:            0.472147 sec
INFO (CarpetX):   total evolution compute time:    0.471618 sec
INFO (CarpetX):   total evolution output time:     0.000528097 sec
INFO (CarpetX):   total iterations:                20
INFO (CarpetX):   total cells updated:             81920
INFO (CarpetX):   average iterations per second: 42.3597
INFO (CarpetX):   average cell updates per second: 173505
INFO (CarpetX): OutputGH: iteration 21, time 0.082031, run time 1 s
INFO (CarpetX): OutputGH done.
INFO (CarpetX): Simulation time: 0.0820312   Iterations per second: 42.5212   Simulation time per second: 0.166098
INFO (CarpetX): Grid cells: 4096   Grid cell updates per second: 174167
INFO (CarpetX): Performance:
INFO (CarpetX):   total evolution time:            0.495574 sec
INFO (CarpetX):   total evolution compute time:    0.495018 sec
INFO (CarpetX):   total evolution output time:     0.000555277 sec
INFO (CarpetX):   total iterations:                21
INFO (CarpetX):   total cells updated:             86016
INFO (CarpetX):   average iterations per second: 42.3751
INFO (CarpetX):   average cell updates per second: 173569
INFO (CarpetX): OutputGH: iteration 22, time 0.085938, run time 1 s
INFO (CarpetX): OutputGH done.
INFO (CarpetX): Simulation time: 0.0859375   Iterations per second: 42.5635   Simulation time per second: 0.166264
INFO (CarpetX): Grid cells: 4096   Grid cell updates per second: 174340
INFO (CarpetX): Performance:
INFO (CarpetX):   total evolution time:            0.518857 sec
INFO (CarpetX):   total evolution compute time:    0.518282 sec
INFO (CarpetX):   total evolution output time:     0.000575304 sec
INFO (CarpetX):   total iterations:                22
INFO (CarpetX):   total cells updated:             90112
INFO (CarpetX):   average iterations per second: 42.4009
INFO (CarpetX):   average cell updates per second: 173674
INFO (CarpetX): OutputGH: iteration 23, time 0.089844, run time 1 s
INFO (CarpetX): OutputGH done.
INFO (CarpetX): Simulation time: 0.0898438   Iterations per second: 42.5721   Simulation time per second: 0.166297
INFO (CarpetX): Grid cells: 4096   Grid cell updates per second: 174375
INFO (CarpetX): Performance:
INFO (CarpetX):   total evolution time:            0.542304 sec
INFO (CarpetX):   total evolution compute time:    0.541707 sec
INFO (CarpetX):   total evolution output time:     0.000597477 sec
INFO (CarpetX):   total iterations:                23
INFO (CarpetX):   total cells updated:             94208
INFO (CarpetX):   average iterations per second: 42.4116
INFO (CarpetX):   average cell updates per second: 173718
INFO (CarpetX): OutputGH: iteration 24, time 0.093750, run time 1 s
INFO (CarpetX): OutputGH done.
INFO (CarpetX): Simulation time: 0.09375   Iterations per second: 42.6085   Simulation time per second: 0.166439
INFO (CarpetX): Grid cells: 4096   Grid cell updates per second: 174524
INFO (CarpetX): Performance:
INFO (CarpetX):   total evolution time:            0.565593 sec
INFO (CarpetX):   total evolution compute time:    0.564973 sec
INFO (CarpetX):   total evolution output time:     0.000620604 sec
INFO (CarpetX):   total iterations:                24
INFO (CarpetX):   total cells updated:             98304
INFO (CarpetX):   average iterations per second: 42.4333
INFO (CarpetX):   average cell updates per second: 173807
INFO (CarpetX): OutputGH: iteration 25, time 0.097656, run time 1 s
INFO (CarpetX): OutputGH done.
INFO (CarpetX): Simulation time: 0.0976562   Iterations per second: 42.6396   Simulation time per second: 0.166561
INFO (CarpetX): Grid cells: 4096   Grid cell updates per second: 174652
INFO (CarpetX): Performance:
INFO (CarpetX):   total evolution time:            0.588891 sec
INFO (CarpetX):   total evolution compute time:    0.58825 sec
INFO (CarpetX):   total evolution output time:     0.000641584 sec
INFO (CarpetX):   total iterations:                25
INFO (CarpetX):   total cells updated:             102400
INFO (CarpetX):   average iterations per second: 42.4527
INFO (CarpetX):   average cell updates per second: 173886
INFO (CarpetX): OutputGH: iteration 26, time 0.101562, run time 1 s
INFO (CarpetX): OutputGH done.
INFO (CarpetX): Simulation time: 0.101562   Iterations per second: 42.6466   Simulation time per second: 0.166588
INFO (CarpetX): Grid cells: 4096   Grid cell updates per second: 174680
INFO (CarpetX): Performance:
INFO (CarpetX):   total evolution time:            0.612305 sec
INFO (CarpetX):   total evolution compute time:    0.611641 sec
INFO (CarpetX):   total evolution output time:     0.000664473 sec
INFO (CarpetX):   total iterations:                26
INFO (CarpetX):   total cells updated:             106496
INFO (CarpetX):   average iterations per second: 42.4625
INFO (CarpetX):   average cell updates per second: 173926
INFO (CarpetX): OutputGH: iteration 27, time 0.105469, run time 1 s
INFO (CarpetX): OutputGH done.
INFO (CarpetX): Simulation time: 0.105469   Iterations per second: 42.6567   Simulation time per second: 0.166628
INFO (CarpetX): Grid cells: 4096   Grid cell updates per second: 174722
INFO (CarpetX): Performance:
INFO (CarpetX):   total evolution time:            0.635699 sec
INFO (CarpetX):   total evolution compute time:    0.635008 sec
INFO (CarpetX):   total evolution output time:     0.00069046 sec
INFO (CarpetX):   total iterations:                27
INFO (CarpetX):   total cells updated:             110592
INFO (CarpetX):   average iterations per second: 42.473
INFO (CarpetX):   average cell updates per second: 173969
INFO (CarpetX): OutputGH: iteration 28, time 0.109375, run time 1 s
INFO (CarpetX): OutputGH done.
INFO (CarpetX): Simulation time: 0.109375   Iterations per second: 42.6434   Simulation time per second: 0.166576
INFO (CarpetX): Grid cells: 4096   Grid cell updates per second: 174667
INFO (CarpetX): Performance:
INFO (CarpetX):   total evolution time:            0.659214 sec
INFO (CarpetX):   total evolution compute time:    0.658499 sec
INFO (CarpetX):   total evolution output time:     0.000715494 sec
INFO (CarpetX):   total iterations:                28
INFO (CarpetX):   total cells updated:             114688
INFO (CarpetX):   average iterations per second: 42.4748
INFO (CarpetX):   average cell updates per second: 173977
INFO (CarpetX): OutputGH: iteration 29, time 0.113281, run time 1 s
INFO (CarpetX): OutputGH done.
INFO (CarpetX): Simulation time: 0.113281   Iterations per second: 42.682   Simulation time per second: 0.166727
INFO (CarpetX): Grid cells: 4096   Grid cell updates per second: 174826
INFO (CarpetX): Performance:
INFO (CarpetX):   total evolution time:            0.682452 sec
INFO (CarpetX):   total evolution compute time:    0.681718 sec
INFO (CarpetX):   total evolution output time:     0.000734329 sec
INFO (CarpetX):   total iterations:                29
INFO (CarpetX):   total cells updated:             118784
INFO (CarpetX):   average iterations per second: 42.4938
INFO (CarpetX):   average cell updates per second: 174055
INFO (CarpetX): OutputGH: iteration 30, time 0.117188, run time 1 s
INFO (CarpetX): OutputGH done.
INFO (CarpetX): Simulation time: 0.117188   Iterations per second: 42.695   Simulation time per second: 0.166777
INFO (CarpetX): Grid cells: 4096   Grid cell updates per second: 174879
INFO (CarpetX): Performance:
INFO (CarpetX):   total evolution time:            0.70581 sec
INFO (CarpetX):   total evolution compute time:    0.705041 sec
INFO (CarpetX):   total evolution output time:     0.000769138 sec
INFO (CarpetX):   total iterations:                30
INFO (CarpetX):   total cells updated:             122880
INFO (CarpetX):   average iterations per second: 42.5043
INFO (CarpetX):   average cell updates per second: 174098
INFO (CarpetX): OutputGH: iteration 31, time 0.121094, run time 1 s
INFO (CarpetX): OutputGH done.
INFO (CarpetX): Simulation time: 0.121094   Iterations per second: 42.714   Simulation time per second: 0.166852
INFO (CarpetX): Grid cells: 4096   Grid cell updates per second: 174957
INFO (CarpetX): Performance:
INFO (CarpetX):   total evolution time:            0.729128 sec
INFO (CarpetX):   total evolution compute time:    0.728335 sec
INFO (CarpetX):   total evolution output time:     0.000793219 sec
INFO (CarpetX):   total iterations:                31
INFO (CarpetX):   total cells updated:             126976
INFO (CarpetX):   average iterations per second: 42.5165
INFO (CarpetX):   average cell updates per second: 174148
INFO (CarpetX): OutputGH: iteration 32, time 0.125000, run time 1 s
INFO (CarpetX): OutputGH done.
INFO (CarpetX): Simulation time: 0.125   Iterations per second: 42.7316   Simulation time per second: 0.16692
INFO (CarpetX): Grid cells: 4096   Grid cell updates per second: 175029
INFO (CarpetX): Performance:
INFO (CarpetX):   total evolution time:            0.752443 sec
INFO (CarpetX):   total evolution compute time:    0.751628 sec
INFO (CarpetX):   total evolution output time:     0.000815392 sec
INFO (CarpetX):   total iterations:                32
INFO (CarpetX):   total cells updated:             131072
INFO (CarpetX):   average iterations per second: 42.5281
INFO (CarpetX):   average cell updates per second: 174195
INFO (CarpetX): OutputGH: iteration 33, time 0.128906, run time 1 s
INFO (CarpetX): OutputGH done.
INFO (CarpetX): Simulation time: 0.128906   Iterations per second: 42.7579   Simulation time per second: 0.167023
INFO (CarpetX): Grid cells: 4096   Grid cell updates per second: 175136
INFO (CarpetX): Performance:
INFO (CarpetX):   total evolution time:            0.775701 sec
INFO (CarpetX):   total evolution compute time:    0.774866 sec
INFO (CarpetX):   total evolution output time:     0.000835419 sec
INFO (CarpetX):   total iterations:                33
INFO (CarpetX):   total cells updated:             135168
INFO (CarpetX):   average iterations per second: 42.5422
INFO (CarpetX):   average cell updates per second: 174253
INFO (CarpetX): OutputGH: iteration 34, time 0.132812, run time 1 s
INFO (CarpetX): OutputGH done.
INFO (CarpetX): Simulation time: 0.132812   Iterations per second: 42.7968   Simulation time per second: 0.167175
INFO (CarpetX): Grid cells: 4096   Grid cell updates per second: 175296
INFO (CarpetX): Performance:
INFO (CarpetX):   total evolution time:            0.798876 sec
INFO (CarpetX):   total evolution compute time:    0.798023 sec
INFO (CarpetX):   total evolution output time:     0.000853539 sec
INFO (CarpetX):   total iterations:                34
INFO (CarpetX):   total cells updated:             139264
INFO (CarpetX):   average iterations per second: 42.5598
INFO (CarpetX):   average cell updates per second: 174325
INFO (CarpetX): OutputGH: iteration 35, time 0.136719, run time 1 s
INFO (CarpetX): OutputGH done.
INFO (CarpetX): Simulation time: 0.136719   Iterations per second: 42.8165   Simulation time per second: 0.167252
INFO (CarpetX): Grid cells: 4096   Grid cell updates per second: 175376
INFO (CarpetX): Performance:
INFO (CarpetX):   total evolution time:            0.822135 sec
INFO (CarpetX):   total evolution compute time:    0.821264 sec
INFO (CarpetX):   total evolution output time:     0.00087142 sec
INFO (CarpetX):   total iterations:                35
INFO (CarpetX):   total cells updated:             143360
INFO (CarpetX):   average iterations per second: 42.5721
INFO (CarpetX):   average cell updates per second: 174375
INFO (CarpetX): OutputGH: iteration 36, time 0.140625, run time 1 s
INFO (CarpetX): OutputGH done.
INFO (CarpetX): Simulation time: 0.140625   Iterations per second: 42.8268   Simulation time per second: 0.167292
INFO (CarpetX): Grid cells: 4096   Grid cell updates per second: 175419
INFO (CarpetX): Performance:
INFO (CarpetX):   total evolution time:            0.845434 sec
INFO (CarpetX):   total evolution compute time:    0.844543 sec
INFO (CarpetX):   total evolution output time:     0.000890493 sec
INFO (CarpetX):   total iterations:                36
INFO (CarpetX):   total cells updated:             147456
INFO (CarpetX):   average iterations per second: 42.5817
INFO (CarpetX):   average cell updates per second: 174415
INFO (CarpetX): OutputGH: iteration 37, time 0.144531, run time 1 s
INFO (CarpetX): OutputGH done.
INFO (CarpetX): Simulation time: 0.144531   Iterations per second: 42.8417   Simulation time per second: 0.16735
INFO (CarpetX): Grid cells: 4096   Grid cell updates per second: 175480
INFO (CarpetX): Performance:
INFO (CarpetX):   total evolution time:            0.868703 sec
INFO (CarpetX):   total evolution compute time:    0.867793 sec
INFO (CarpetX):   total evolution output time:     0.000909567 sec
INFO (CarpetX):   total iterations:                37
INFO (CarpetX):   total cells updated:             151552
INFO (CarpetX):   average iterations per second: 42.5922
INFO (CarpetX):   average cell updates per second: 174458
INFO (CarpetX): OutputGH: iteration 38, time 0.148438, run time 1 s
INFO (CarpetX): OutputGH done.
INFO (CarpetX): Simulation time: 0.148438   Iterations per second: 42.8578   Simulation time per second: 0.167413
INFO (CarpetX): Grid cells: 4096   Grid cell updates per second: 175546
INFO (CarpetX): Performance:
INFO (CarpetX):   total evolution time:            0.891957 sec
INFO (CarpetX):   total evolution compute time:    0.891027 sec
INFO (CarpetX):   total evolution output time:     0.000929594 sec
INFO (CarpetX):   total iterations:                38
INFO (CarpetX):   total cells updated:             155648
INFO (CarpetX):   average iterations per second: 42.603
INFO (CarpetX):   average cell updates per second: 174502
INFO (CarpetX): OutputGH: iteration 39, time 0.152344, run time 1 s
INFO (CarpetX): OutputGH done.
INFO (CarpetX): Simulation time: 0.152344   Iterations per second: 42.8762   Simulation time per second: 0.167485
INFO (CarpetX): Grid cells: 4096   Grid cell updates per second: 175621
INFO (CarpetX): Performance:
INFO (CarpetX):   total evolution time:            0.91519 sec
INFO (CarpetX):   total evolution compute time:    0.914241 sec
INFO (CarpetX):   total evolution output time:     0.000948429 sec
INFO (CarpetX):   total iterations:                39
INFO (CarpetX):   total cells updated:             159744
INFO (CarpetX):   average iterations per second: 42.6141
INFO (CarpetX):   average cell updates per second: 174547
INFO (CarpetX): OutputGH: iteration 40, time 0.156250, run time 1 s
INFO (CarpetX): OutputGH done.
INFO (CarpetX): Simulation time: 0.15625   Iterations per second: 42.8858   Simulation time per second: 0.167523
INFO (CarpetX): Grid cells: 4096   Grid cell updates per second: 175660
INFO (CarpetX): Performance:
INFO (CarpetX):   total evolution time:            0.938461 sec
INFO (CarpetX):   total evolution compute time:    0.937493 sec
INFO (CarpetX):   total evolution output time:     0.000967264 sec
INFO (CarpetX):   total iterations:                40
INFO (CarpetX):   total cells updated:             163840
INFO (CarpetX):   average iterations per second: 42.623
INFO (CarpetX):   average cell updates per second: 174584
INFO (CarpetX): OutputGH: iteration 41, time 0.160156, run time 1 s
INFO (CarpetX): OutputGH done.
INFO (CarpetX): Simulation time: 0.160156   Iterations per second: 42.8948   Simulation time per second: 0.167558
INFO (CarpetX): Grid cells: 4096   Grid cell updates per second: 175697
INFO (CarpetX): Performance:
INFO (CarpetX):   total evolution time:            0.96173 sec
INFO (CarpetX):   total evolution compute time:    0.960742 sec
INFO (CarpetX):   total evolution output time:     0.000987291 sec
INFO (CarpetX):   total iterations:                41
INFO (CarpetX):   total cells updated:             167936
INFO (CarpetX):   average iterations per second: 42.6315
INFO (CarpetX):   average cell updates per second: 174619
INFO (CarpetX): OutputGH: iteration 42, time 0.164062, run time 1 s
INFO (CarpetX): OutputGH done.
INFO (CarpetX): Simulation time: 0.164062   Iterations per second: 42.8785   Simulation time per second: 0.167494
INFO (CarpetX): Grid cells: 4096   Grid cell updates per second: 175631
INFO (CarpetX): Performance:
INFO (CarpetX):   total evolution time:            0.985131 sec
INFO (CarpetX):   total evolution compute time:    0.984125 sec
INFO (CarpetX):   total evolution output time:     0.00100517 sec
INFO (CarpetX):   total iterations:                42
INFO (CarpetX):   total cells updated:             172032
INFO (CarpetX):   average iterations per second: 42.6339
INFO (CarpetX):   average cell updates per second: 174629
INFO (CarpetX): OutputGH: iteration 43, time 0.167969, run time 1 s
INFO (CarpetX): OutputGH done.
INFO (CarpetX): Simulation time: 0.167969   Iterations per second: 42.8801   Simulation time per second: 0.167501
INFO (CarpetX): Grid cells: 4096   Grid cell updates per second: 175637
INFO (CarpetX): Performance:
INFO (CarpetX):   total evolution time:            1.00844 sec
INFO (CarpetX):   total evolution compute time:    1.00741 sec
INFO (CarpetX):   total evolution output time:     0.00103116 sec
INFO (CarpetX):   total iterations:                43
INFO (CarpetX):   total cells updated:             176128
INFO (CarpetX):   average iterations per second: 42.64
INFO (CarpetX):   average cell updates per second: 174653
INFO (CarpetX): OutputGH: iteration 44, time 0.171875, run time 1 s
INFO (CarpetX): OutputGH done.
INFO (CarpetX): Simulation time: 0.171875   Iterations per second: 42.8779   Simulation time per second: 0.167492
INFO (CarpetX): Grid cells: 4096   Grid cell updates per second: 175628
INFO (CarpetX): Performance:
INFO (CarpetX):   total evolution time:            1.03178 sec
INFO (CarpetX):   total evolution compute time:    1.03072 sec
INFO (CarpetX):   total evolution output time:     0.0010581 sec
INFO (CarpetX):   total iterations:                44
INFO (CarpetX):   total cells updated:             180224
INFO (CarpetX):   average iterations per second: 42.6449
INFO (CarpetX):   average cell updates per second: 174673
INFO (CarpetX): OutputGH: iteration 45, time 0.175781, run time 1 s
INFO (CarpetX): OutputGH done.
INFO (CarpetX): Simulation time: 0.175781   Iterations per second: 42.8895   Simulation time per second: 0.167537
INFO (CarpetX): Grid cells: 4096   Grid cell updates per second: 175675
INFO (CarpetX): Performance:
INFO (CarpetX):   total evolution time:            1.05504 sec
INFO (CarpetX):   total evolution compute time:    1.05396 sec
INFO (CarpetX):   total evolution output time:     0.00108004 sec
INFO (CarpetX):   total iterations:                45
INFO (CarpetX):   total cells updated:             184320
INFO (CarpetX):   average iterations per second: 42.6526
INFO (CarpetX):   average cell updates per second: 174705
INFO (CarpetX): OutputGH: iteration 46, time 0.179688, run time 1 s
INFO (CarpetX): OutputGH done.
INFO (CarpetX): Simulation time: 0.179688   Iterations per second: 42.877   Simulation time per second: 0.167488
INFO (CarpetX): Grid cells: 4096   Grid cell updates per second: 175624
INFO (CarpetX): Performance:
INFO (CarpetX):   total evolution time:            1.07842 sec
INFO (CarpetX):   total evolution compute time:    1.07732 sec
INFO (CarpetX):   total evolution output time:     0.00110006 sec
INFO (CarpetX):   total iterations:                46
INFO (CarpetX):   total cells updated:             188416
INFO (CarpetX):   average iterations per second: 42.655
INFO (CarpetX):   average cell updates per second: 174715
INFO (CarpetX): OutputGH: iteration 47, time 0.183594, run time 1 s
INFO (CarpetX): OutputGH done.
INFO (CarpetX): Simulation time: 0.183594   Iterations per second: 42.8488   Simulation time per second: 0.167378
INFO (CarpetX): Grid cells: 4096   Grid cell updates per second: 175509
INFO (CarpetX): Performance:
INFO (CarpetX):   total evolution time:            1.1019 sec
INFO (CarpetX):   total evolution compute time:    1.10078 sec
INFO (CarpetX):   total evolution output time:     0.0011189 sec
INFO (CarpetX):   total iterations:                47
INFO (CarpetX):   total cells updated:             192512
INFO (CarpetX):   average iterations per second: 42.6538
INFO (CarpetX):   average cell updates per second: 174710
INFO (CarpetX): OutputGH: iteration 48, time 0.187500, run time 1 s
INFO (CarpetX): OutputGH done.
INFO (CarpetX): Simulation time: 0.1875   Iterations per second: 42.8493   Simulation time per second: 0.16738
INFO (CarpetX): Grid cells: 4096   Grid cell updates per second: 175511
INFO (CarpetX): Performance:
INFO (CarpetX):   total evolution time:            1.12523 sec
INFO (CarpetX):   total evolution compute time:    1.12409 sec
INFO (CarpetX):   total evolution output time:     0.00114489 sec
INFO (CarpetX):   total iterations:                48
INFO (CarpetX):   total cells updated:             196608
INFO (CarpetX):   average iterations per second: 42.6579
INFO (CarpetX):   average cell updates per second: 174727
INFO (CarpetX): OutputGH: iteration 49, time 0.191406, run time 2 s
INFO (CarpetX): OutputGH done.
INFO (CarpetX): Simulation time: 0.191406   Iterations per second: 42.8142   Simulation time per second: 0.167243
INFO (CarpetX): Grid cells: 4096   Grid cell updates per second: 175367
INFO (CarpetX): Performance:
INFO (CarpetX):   total evolution time:            1.14876 sec
INFO (CarpetX):   total evolution compute time:    1.14758 sec
INFO (CarpetX):   total evolution output time:     0.00118089 sec
INFO (CarpetX):   total iterations:                49
INFO (CarpetX):   total cells updated:             200704
INFO (CarpetX):   average iterations per second: 42.6547
INFO (CarpetX):   average cell updates per second: 174714
INFO (CarpetX): OutputGH: iteration 50, time 0.195312, run time 2 s
INFO (CarpetX): OutputGH done.
INFO (CarpetX): Simulation time: 0.195312   Iterations per second: 42.7984   Simulation time per second: 0.167181
INFO (CarpetX): Grid cells: 4096   Grid cell updates per second: 175302
INFO (CarpetX): Performance:
INFO (CarpetX):   total evolution time:            1.1722 sec
INFO (CarpetX):   total evolution compute time:    1.171 sec
INFO (CarpetX):   total evolution output time:     0.00120687 sec
INFO (CarpetX):   total iterations:                50
INFO (CarpetX):   total cells updated:             204800
INFO (CarpetX):   average iterations per second: 42.6547
INFO (CarpetX):   average cell updates per second: 174714
INFO (CarpetX): OutputGH: iteration 51, time 0.199219, run time 2 s
INFO (CarpetX): OutputGH done.
INFO (CarpetX): Simulation time: 0.199219   Iterations per second: 42.7792   Simulation time per second: 0.167106
INFO (CarpetX): Grid cells: 4096   Grid cell updates per second: 175223
INFO (CarpetX): Performance:
INFO (CarpetX):   total evolution time:            1.19567 sec
INFO (CarpetX):   total evolution compute time:    1.19444 sec
INFO (CarpetX):   total evolution output time:     0.00123286 sec
INFO (CarpetX):   total iterations:                51
INFO (CarpetX):   total cells updated:             208896
INFO (CarpetX):   average iterations per second: 42.6538
INFO (CarpetX):   average cell updates per second: 174710
INFO (CarpetX): OutputGH: iteration 52, time 0.203125, run time 2 s
INFO (CarpetX): OutputGH done.
INFO (CarpetX): Simulation time: 0.203125   Iterations per second: 42.7832   Simulation time per second: 0.167122
INFO (CarpetX): Grid cells: 4096   Grid cell updates per second: 175240
INFO (CarpetX): Performance:
INFO (CarpetX):   total evolution time:            1.21903 sec
INFO (CarpetX):   total evolution compute time:    1.21777 sec
INFO (CarpetX):   total evolution output time:     0.0012598 sec
INFO (CarpetX):   total iterations:                52
INFO (CarpetX):   total cells updated:             212992
INFO (CarpetX):   average iterations per second: 42.657
INFO (CarpetX):   average cell updates per second: 174723
INFO (CarpetX): OutputGH: iteration 53, time 0.207031, run time 2 s
INFO (CarpetX): OutputGH done.
INFO (CarpetX): Simulation time: 0.207031   Iterations per second: 42.7736   Simulation time per second: 0.167084
INFO (CarpetX): Grid cells: 4096   Grid cell updates per second: 175201
INFO (CarpetX): Performance:
INFO (CarpetX):   total evolution time:            1.24245 sec
INFO (CarpetX):   total evolution compute time:    1.24116 sec
INFO (CarpetX):   total evolution output time:     0.00128794 sec
INFO (CarpetX):   total iterations:                53
INFO (CarpetX):   total cells updated:             217088
INFO (CarpetX):   average iterations per second: 42.6576
INFO (CarpetX):   average cell updates per second: 174725
INFO (CarpetX): OutputGH: iteration 54, time 0.210938, run time 2 s
INFO (CarpetX): OutputGH done.
INFO (CarpetX): Simulation time: 0.210938   Iterations per second: 42.771   Simulation time per second: 0.167074
INFO (CarpetX): Grid cells: 4096   Grid cell updates per second: 175190
INFO (CarpetX): Performance:
INFO (CarpetX):   total evolution time:            1.26585 sec
INFO (CarpetX):   total evolution compute time:    1.26453 sec
INFO (CarpetX):   total evolution output time:     0.00131607 sec
INFO (CarpetX):   total iterations:                54
INFO (CarpetX):   total cells updated:             221184
INFO (CarpetX):   average iterations per second: 42.6592
INFO (CarpetX):   average cell updates per second: 174732
INFO (CarpetX): OutputGH: iteration 55, time 0.214844, run time 2 s
INFO (CarpetX): OutputGH done.
INFO (CarpetX): Simulation time: 0.214844   Iterations per second: 42.7603   Simulation time per second: 0.167032
INFO (CarpetX): Grid cells: 4096   Grid cell updates per second: 175146
INFO (CarpetX): Performance:
INFO (CarpetX):   total evolution time:            1.28928 sec
INFO (CarpetX):   total evolution compute time:    1.28794 sec
INFO (CarpetX):   total evolution output time:     0.00134301 sec
INFO (CarpetX):   total iterations:                55
INFO (CarpetX):   total cells updated:             225280
INFO (CarpetX):   average iterations per second: 42.6593
INFO (CarpetX):   average cell updates per second: 174733
INFO (CarpetX): OutputGH: iteration 56, time 0.218750, run time 2 s
INFO (CarpetX): OutputGH done.
INFO (CarpetX): Simulation time: 0.21875   Iterations per second: 42.7267   Simulation time per second: 0.166901
INFO (CarpetX): Grid cells: 4096   Grid cell updates per second: 175008
INFO (CarpetX): Performance:
INFO (CarpetX):   total evolution time:            1.31286 sec
INFO (CarpetX):   total evolution compute time:    1.31149 sec
INFO (CarpetX):   total evolution output time:     0.00136995 sec
INFO (CarpetX):   total iterations:                56
INFO (CarpetX):   total cells updated:             229376
INFO (CarpetX):   average iterations per second: 42.6551
INFO (CarpetX):   average cell updates per second: 174715
INFO (CarpetX): OutputGH: iteration 57, time 0.222656, run time 2 s
INFO (CarpetX): OutputGH done.
INFO (CarpetX): Simulation time: 0.222656   Iterations per second: 42.7033   Simulation time per second: 0.16681
INFO (CarpetX): Grid cells: 4096   Grid cell updates per second: 174913
INFO (CarpetX): Performance:
INFO (CarpetX):   total evolution time:            1.33639 sec
INFO (CarpetX):   total evolution compute time:    1.33499 sec
INFO (CarpetX):   total evolution output time:     0.00140095 sec
INFO (CarpetX):   total iterations:                57
INFO (CarpetX):   total cells updated:             233472
INFO (CarpetX):   average iterations per second: 42.6523
INFO (CarpetX):   average cell updates per second: 174704
INFO (CarpetX): OutputGH: iteration 58, time 0.226562, run time 2 s
INFO (CarpetX): OutputGH done.
INFO (CarpetX): Simulation time: 0.226562   Iterations per second: 42.6791   Simulation time per second: 0.166715
INFO (CarpetX): Grid cells: 4096   Grid cell updates per second: 174814
INFO (CarpetX): Performance:
INFO (CarpetX):   total evolution time:            1.35994 sec
INFO (CarpetX):   total evolution compute time:    1.35851 sec
INFO (CarpetX):   total evolution output time:     0.00142908 sec
INFO (CarpetX):   total iterations:                58
INFO (CarpetX):   total cells updated:             237568
INFO (CarpetX):   average iterations per second: 42.649
INFO (CarpetX):   average cell updates per second: 174690
INFO (CarpetX): OutputGH: iteration 59, time 0.230469, run time 2 s
INFO (CarpetX): OutputGH done.
INFO (CarpetX): Simulation time: 0.230469   Iterations per second: 42.6636   Simulation time per second: 0.166655
INFO (CarpetX): Grid cells: 4096   Grid cell updates per second: 174750
INFO (CarpetX): Performance:
INFO (CarpetX):   total evolution time:            1.38345 sec
INFO (CarpetX):   total evolution compute time:    1.382 sec
INFO (CarpetX):   total evolution output time:     0.00145698 sec
INFO (CarpetX):   total iterations:                59
INFO (CarpetX):   total cells updated:             241664
INFO (CarpetX):   average iterations per second: 42.6469
INFO (CarpetX):   average cell updates per second: 174682
INFO (CarpetX): OutputGH: iteration 60, time 0.234375, run time 2 s
INFO (CarpetX): OutputGH done.
INFO (CarpetX): Simulation time: 0.234375   Iterations per second: 42.6444   Simulation time per second: 0.16658
INFO (CarpetX): Grid cells: 4096   Grid cell updates per second: 174671
INFO (CarpetX): Performance:
INFO (CarpetX):   total evolution time:            1.407 sec
INFO (CarpetX):   total evolution compute time:    1.40551 sec
INFO (CarpetX):   total evolution output time:     0.00148988 sec
INFO (CarpetX):   total iterations:                60
INFO (CarpetX):   total cells updated:             245760
INFO (CarpetX):   average iterations per second: 42.644
INFO (CarpetX):   average cell updates per second: 174670
INFO (CarpetX): OutputGH: iteration 61, time 0.238281, run time 2 s
INFO (CarpetX): OutputGH done.
INFO (CarpetX): Simulation time: 0.238281   Iterations per second: 42.6552   Simulation time per second: 0.166622
INFO (CarpetX): Grid cells: 4096   Grid cell updates per second: 174716
INFO (CarpetX): Performance:
INFO (CarpetX):   total evolution time:            1.43039 sec
INFO (CarpetX):   total evolution compute time:    1.42888 sec
INFO (CarpetX):   total evolution output time:     0.0015099 sec
INFO (CarpetX):   total iterations:                61
INFO (CarpetX):   total cells updated:             249856
INFO (CarpetX):   average iterations per second: 42.6458
INFO (CarpetX):   average cell updates per second: 174677
INFO (CarpetX): OutputGH: iteration 62, time 0.242188, run time 2 s
INFO (CarpetX): OutputGH done.
INFO (CarpetX): Simulation time: 0.242188   Iterations per second: 42.6421   Simulation time per second: 0.166571
INFO (CarpetX): Grid cells: 4096   Grid cell updates per second: 174662
INFO (CarpetX): Performance:
INFO (CarpetX):   total evolution time:            1.4539 sec
INFO (CarpetX):   total evolution compute time:    1.45237 sec
INFO (CarpetX):   total evolution output time:     0.00153899 sec
INFO (CarpetX):   total iterations:                62
INFO (CarpetX):   total cells updated:             253952
INFO (CarpetX):   average iterations per second: 42.6438
INFO (CarpetX):   average cell updates per second: 174669
INFO (CarpetX): OutputGH: iteration 63, time 0.246094, run time 2 s
INFO (CarpetX): OutputGH done.
INFO (CarpetX): Simulation time: 0.246094   Iterations per second: 42.5994   Simulation time per second: 0.166404
INFO (CarpetX): Grid cells: 4096   Grid cell updates per second: 174487
INFO (CarpetX): Performance:
INFO (CarpetX):   total evolution time:            1.47759 sec
INFO (CarpetX):   total evolution compute time:    1.47602 sec
INFO (CarpetX):   total evolution output time:     0.00156808 sec
INFO (CarpetX):   total iterations:                63
INFO (CarpetX):   total cells updated:             258048
INFO (CarpetX):   average iterations per second: 42.637
INFO (CarpetX):   average cell updates per second: 174641
INFO (CarpetX): OutputGH: iteration 64, time 0.250000, run time 2 s
INFO (CarpetX): OutputGH done.
INFO (CarpetX): Simulation time: 0.25   Iterations per second: 40.154   Simulation time per second: 0.156851
INFO (CarpetX): Grid cells: 4096   Grid cell updates per second: 164471
INFO (CarpetX): Performance:
INFO (CarpetX):   total evolution time:            1.51536 sec
INFO (CarpetX):   total evolution compute time:    1.50236 sec
INFO (CarpetX):   total evolution output time:     0.0130012 sec
INFO (CarpetX):   total iterations:                64
INFO (CarpetX):   total cells updated:             262144
INFO (CarpetX):   average iterations per second: 42.2341
INFO (CarpetX):   average cell updates per second: 172991
INFO (CarpetX): Shutting down...
AMReX (25.11) finalized
--------------------------------------------------------------------------------
Done.

real	0m1.897s
user	0m3.101s
sys	0m0.195s
+ echo Stopping:
Stopping:
+ date
Mon Feb 16 10:29:27 PM UTC 2026
+ echo Done.
Done.
  Elapsed time: 1.9 s
