/__w/canudax-tests/workspace/simulations/TestJob01_temp_2/output-0000/TEST/sim/CanudaX_BSSNMoL
Preparing:
+ set -e
+ cd output-0000-active
+ echo Checking:
Checking:
+ pwd
/__w/canudax-tests/workspace/simulations/TestJob01_temp_2/output-0000/TEST/sim/CanudaX_BSSNMoL/output-0000-active
+ hostname
2579ef012050
+ date
Tue Apr 14 11:44:43 PM UTC 2026
+ echo Environment:
Environment:
+ export SIMULATION_ID=simulation-TestJob01_temp_2-actions-cpu-real64-actions-root-2026.04.14-23.44.43-16821
+ SIMULATION_ID=simulation-TestJob01_temp_2-actions-cpu-real64-actions-root-2026.04.14-23.44.43-16821
+ export CACTUS_NUM_PROCS=2
+ CACTUS_NUM_PROCS=2
+ export CACTUS_NUM_THREADS=1
+ CACTUS_NUM_THREADS=1
+ export CACTUS_SET_THREAD_BINDINGS=0
+ CACTUS_SET_THREAD_BINDINGS=0
+ export GLIBCXX_FORCE_NEW=1
+ GLIBCXX_FORCE_NEW=1
+ export GMON_OUT_PREFIX=gmon.out
+ GMON_OUT_PREFIX=gmon.out
+ export OMP_DISPLAY_ENV=TRUE
+ OMP_DISPLAY_ENV=TRUE
+ export OMP_MAX_TASKS=100
+ OMP_MAX_TASKS=100
+ export OMP_NUM_THREADS=1
+ OMP_NUM_THREADS=1
+ export OMP_PLACES=cores
+ OMP_PLACES=cores
+ export OMP_PROC_BIND=FALSE
+ OMP_PROC_BIND=FALSE
+ export OMP_STACKSIZE=8192
+ OMP_STACKSIZE=8192
+ env
+ sort
+ echo Starting:
Starting:
++ date +%s
+ export CACTUS_STARTTIME=1776210283
+ CACTUS_STARTTIME=1776210283
+ mpiexec -n 2 /__w/canudax-tests/workspace/simulations/TestJob01_temp_2/SIMFACTORY/exe/cactus_sim -L 3 /__w/canudax-tests/workspace/simulations/TestJob01_temp_2/output-0000/arrangements/CanudaX/CanudaX_BSSNMoL/test/gaugewave.par

OPENMP DISPLAY ENVIRONMENT BEGIN
  _OPENMP = '201511'
  [host] OMP_DYNAMIC = 'FALSE'
  [host] OMP_NESTED = 'FALSE'
  [host] OMP_NUM_THREADS = '1'
  [host] OMP_SCHEDULE = 'DYNAMIC'
  [host] OMP_PROC_BIND = 'FALSE'
  [host] OMP_PLACES = ''
  [host] OMP_STACKSIZE = '8388608'
  [host] OMP_WAIT_POLICY = 'PASSIVE'
  [host] OMP_THREAD_LIMIT = '4294967295'
  [host] OMP_MAX_ACTIVE_LEVELS = '1'
  [host] OMP_NUM_TEAMS = '0'
  [host] OMP_TEAMS_THREAD_LIMIT = '0'
  [all] OMP_CANCELLATION = 'FALSE'
  [all] OMP_DEFAULT_DEVICE = '0'
  [all] OMP_MAX_TASK_PRIORITY = '0'
  [all] OMP_DISPLAY_AFFINITY = 'FALSE'
  [host] OMP_AFFINITY_FORMAT = 'level %L thread %i affinity %A'
  [host] OMP_ALLOCATOR = 'omp_default_mem_alloc'
  [all] OMP_TARGET_OFFLOAD = 'DEFAULT'
OPENMP DISPLAY ENVIRONMENT END

OPENMP DISPLAY ENVIRONMENT BEGIN
  _OPENMP = '201511'
  [host] OMP_DYNAMIC = 'FALSE'
  [host] OMP_NESTED = 'FALSE'
  [host] OMP_NUM_THREADS = '1'
  [host] OMP_SCHEDULE = 'DYNAMIC'
  [host] OMP_PROC_BIND = 'FALSE'
  [host] OMP_PLACES = ''
  [host] OMP_STACKSIZE = '8388608'
  [host] OMP_WAIT_POLICY = 'PASSIVE'
  [host] OMP_THREAD_LIMIT = '4294967295'
  [host] OMP_MAX_ACTIVE_LEVELS = '1'
  [host] OMP_NUM_TEAMS = '0'
  [host] OMP_TEAMS_THREAD_LIMIT = '0'
  [all] OMP_CANCELLATION = 'FALSE'
  [all] OMP_DEFAULT_DEVICE = '0'
  [all] OMP_MAX_TASK_PRIORITY = '0'
  [all] OMP_DISPLAY_AFFINITY = 'FALSE'
  [host] OMP_AFFINITY_FORMAT = 'level %L thread %i affinity %A'
  [host] OMP_ALLOCATOR = 'omp_default_mem_alloc'
  [all] OMP_TARGET_OFFLOAD = 'DEFAULT'
OPENMP DISPLAY ENVIRONMENT END
INFO (Cactus): Increased logging level from 0 to 3
--------------------------------------------------------------------------------

       10                                  
  1   0101       ************************  
  01  1010 10      The Cactus Code V4.18.0    
 1010 1101 011      www.cactuscode.org     
  1001 100101    ************************  
    00010101                               
     100011     (c) Copyright The Authors  
      0100      GNU Licensed. No Warranty  
      0101                                 
--------------------------------------------------------------------------------

Cactus version:    4.18.0
Compile date:      Apr 14 2026 (23:42:23)
Run date:          Apr 14 2026 (23:44:44+0000)
Run host:          2579ef012050 (pid=16869)
Working directory: /__w/canudax-tests/workspace/simulations/TestJob01_temp_2/output-0000/TEST/sim/CanudaX_BSSNMoL
Executable:        /__w/canudax-tests/workspace/simulations/TestJob01_temp_2/SIMFACTORY/exe/cactus_sim
Parameter file:    /__w/canudax-tests/workspace/simulations/TestJob01_temp_2/output-0000/arrangements/CanudaX/CanudaX_BSSNMoL/test/gaugewave.par
--------------------------------------------------------------------------------

Activating thorn Cactus...Success -> active implementation Cactus
Activation requested for 
--->ADMBaseX CanudaX_BSSNMoL CanudaX_ExactID CarpetX IOUtil ODESolvers TmunuBaseX<---
Thorn ADMBaseX requests automatic activation of Loop
Thorn CarpetX requests automatic activation of AMReX
Thorn CarpetX requests automatic activation of MPI
Thorn CarpetX requests automatic activation of yaml_cpp
Thorn CarpetX requests automatic activation of zlib
Thorn CarpetX requests automatic activation of Arith
Thorn CarpetX requests automatic activation of CarpetXRegrid
Thorn CarpetX requests automatic activation of ADIOS2
Thorn CarpetX requests automatic activation of openPMD
Thorn CarpetX requests automatic activation of Silo
Thorn ODESolvers requests automatic activation of Subcycling
Thorn Arith requests automatic activation of NSIMD
Thorn MPI requests automatic activation of hwloc
Thorn openPMD requests automatic activation of HDF5
Activating thorn ADIOS2...Success -> active implementation ADIOS2
Activating thorn ADMBaseX...Success -> active implementation ADMBaseX
Activating thorn AMReX...Success -> active implementation AMReX
Activating thorn Arith...Success -> active implementation Arith
Activating thorn CanudaX_BSSNMoL...Success -> active implementation CanudaX_BSSNMoL
Activating thorn CanudaX_ExactID...Success -> active implementation CanudaX_ExactID
Activating thorn CarpetX...Success -> active implementation Driver
Activating thorn CarpetXRegrid...Success -> active implementation CarpetXRegrid
Activating thorn HDF5...Success -> active implementation HDF5
Activating thorn hwloc...Success -> active implementation hwloc
Activating thorn IOUtil...Success -> active implementation IO
Activating thorn Loop...Success -> active implementation Loop
Activating thorn MPI...Success -> active implementation MPI
Activating thorn NSIMD...Success -> active implementation NSIMD
Activating thorn ODESolvers...Success -> active implementation ODESolvers
Activating thorn openPMD...Success -> active implementation openPMD
Activating thorn Silo...Success -> active implementation Silo
Activating thorn Subcycling...Success -> active implementation Subcycling
Activating thorn TmunuBaseX...Success -> active implementation TmunuBaseX
Activating thorn yaml_cpp...Success -> active implementation yaml_cpp
Activating thorn zlib...Success -> active implementation zlib
--------------------------------------------------------------------------------
  if (recover initial data)
    Recover parameters
  endif

  Startup routines
    [CCTK_STARTUP]
      CarpetX::Driver_Startup: Start up the driver
      IOUtil::IOUtil_Startup: Startup routine
      GROUP hwloc_startup: hwloc startup group
        hwloc::hwloc_version: Output hwloc version

  Startup routines which need an existing grid hierarchy
    [CCTK_WRAGH]
      Arith::Test_smallvector: [meta] Test small vectors
      Arith::Test_spvect: [meta] Test sparse vectors
      ODESolvers::ODESolvers_InitConstants: [global] Set up dummy loop counters for schedule printout
  Parameter checking routines
    [CCTK_PARAMCHECK]
      CanudaX_BSSNMoL::CanudaX_BSSNMoL_paramcheck: Check CanudaX_BSSNMoL parameters for consistency

  Initialisation
    if (NOT (recover initial data AND recovery_mode is 'strict'))
      [CCTK_PREREGRIDINITIAL]
      Set up grid hierarchy
      [CCTK_POSTREGRIDINITIAL]
      [CCTK_BASEGRID]
        CarpetXRegrid::CarpetXRegrid_InitError: Initialize regridding error to zero
        GROUP ODESolvers_BaseGrid: Set up constants (e.g. coordinates) everywhere on the grid
      [CCTK_INITIAL]
        GROUP TmunuBaseX_SetTmunuVars: Schedule group for setting T_munu
          TmunuBaseX::TmunuBaseX_ZeroTmunu: Set T_munu to zero
          GROUP TmunuBaseX_AddToTmunu: Add to T_munu here
        GROUP ODESolvers_Initial: Set up initial conditions on interior of state vector
          GROUP ADMBaseX_InitialData: Schedule group for calculating ADM initial data
            GROUP CanudaX_ExactIDGroup: CanudaX_ExactID group for setting up initial data
              CanudaX_ExactID::CanudaX_ExactID_GaugeWave: [local] Create gauge wave initial data
          GROUP ADMBaseX_InitialGauge: Schedule group for the ADM initial gauge condition
            ADMBaseX::ADMBaseX_initial_dtlapse: Set dtlapse to zero
            ADMBaseX::ADMBaseX_initial_dtshift: Set dtshift to zero
          GROUP ADMBaseX_PostInitial: Schedule group for modifying the ADM initial data, such as e.g. adding noise
        GROUP Subcycling_RMBndryGroup: Check if the ghost points are at refinement boundary
          Subcycling::Subcycling_SetLevelNeighbor: Set isrmbndry
          Subcycling::Subcycling_SetIsRMBndry: Set isrmbndry
        GROUP CanudaX_BSSNMoL_InitialGroup: CanudaX_BSSNMoL: initial bin
          CanudaX_BSSNMoL::CanudaX_BSSNMoL_adm2bssn: [local] Convert initial data into BSSN variables
          CanudaX_BSSNMoL::CanudaX_BSSNMoL_gammat: [local] Set Gammat initial data
      [CCTK_POSTINITIAL]
        GROUP ODESolvers_PostStep: Apply boundary conditions to state vector, and project if necessary
          GROUP CanudaX_BSSNMoL_PostStepGroup: CanudaX_BSSNMoL: post-step operations
            CanudaX_BSSNMoL::CanudaX_BSSNMoL_impose_conf_fac_floor: Make sure conformal factor does not drop below specified value
            CanudaX_BSSNMoL::CanudaX_BSSNMoL_reset_detmetric: reset dethh = 1
            CanudaX_BSSNMoL::CanudaX_BSSNMoL_remove_trA: Remove trace of A
          GROUP ADMBaseX_SetADMRHS: Set ADM RHS variables in this group
          CanudaX_BSSNMoL::CanudaX_BSSNMoL_sync: [global] Sync state vector
          GROUP ADMBaseX_SetADMVars: Set ADM variables in this group
            CanudaX_BSSNMoL::CanudaX_BSSNMoL_bssn2adm: [local] Convert variables back to the ADM ones
          GROUP TmunuBaseX_SetTmunuVars: Schedule group for setting T_munu
            TmunuBaseX::TmunuBaseX_ZeroTmunu: Set T_munu to zero
            GROUP TmunuBaseX_AddToTmunu: Add to T_munu here
        GROUP ODESolvers_EstimateError: Estimate discretization error (for regridding)
      Initialise finer grids recursively
      Restrict from finer grids
      [CCTK_POSTRESTRICTINITIAL]
      [CCTK_POSTPOSTINITIAL]
      [CCTK_POSTSTEP]
        GROUP ODESolvers_EstimateError: Estimate discretization error (for regridding)
    endif
    if (recover initial data)
      [CCTK_BASEGRID]
        CarpetXRegrid::CarpetXRegrid_InitError: Initialize regridding error to zero
        GROUP ODESolvers_BaseGrid: Set up constants (e.g. coordinates) everywhere on the grid
      [CCTK_RECOVER_VARIABLES]
      [CCTK_POST_RECOVER_VARIABLES]
        GROUP ODESolvers_PostStep: Apply boundary conditions to state vector, and project if necessary
          GROUP CanudaX_BSSNMoL_PostStepGroup: CanudaX_BSSNMoL: post-step operations
            CanudaX_BSSNMoL::CanudaX_BSSNMoL_impose_conf_fac_floor: Make sure conformal factor does not drop below specified value
            CanudaX_BSSNMoL::CanudaX_BSSNMoL_reset_detmetric: reset dethh = 1
            CanudaX_BSSNMoL::CanudaX_BSSNMoL_remove_trA: Remove trace of A
          GROUP ADMBaseX_SetADMRHS: Set ADM RHS variables in this group
          CanudaX_BSSNMoL::CanudaX_BSSNMoL_sync: [global] Sync state vector
          GROUP ADMBaseX_SetADMVars: Set ADM variables in this group
            CanudaX_BSSNMoL::CanudaX_BSSNMoL_bssn2adm: [local] Convert variables back to the ADM ones
          GROUP TmunuBaseX_SetTmunuVars: Schedule group for setting T_munu
            TmunuBaseX::TmunuBaseX_ZeroTmunu: Set T_munu to zero
            GROUP TmunuBaseX_AddToTmunu: Add to T_munu here
        GROUP ODESolvers_EstimateError: Estimate discretization error (for regridding)
        GROUP Subcycling_RMBndryGroup: Check if the ghost points are at refinement boundary
          Subcycling::Subcycling_SetLevelNeighbor: Set isrmbndry
          Subcycling::Subcycling_SetIsRMBndry: Set isrmbndry
    endif
    if (checkpoint initial data)
      [CCTK_CPINITIAL]
        CarpetX::CarpetX_CheckpointInitial: [meta] Checkpoint initial conditions
    endif
    if (analysis)
      [CCTK_ANALYSIS]
        CanudaX_BSSNMoL::CanudaX_BSSNMoL_calc_ricci_for_constraints: MoL ricci tensor and scalar calculation
        CanudaX_BSSNMoL::CanudaX_BSSNMoL_bssn_constraints: Compute constraints
        GROUP ODESolvers_Analysis: Calculate analysis quantities everywhere
  endif
  Output grid variables

  do loop over timesteps
    [CCTK_PREREGRID]
    Change grid hierarchy
    [CCTK_POSTREGRID]
      GROUP ODESolvers_PostStep: Apply boundary conditions to state vector, and project if necessary
        GROUP CanudaX_BSSNMoL_PostStepGroup: CanudaX_BSSNMoL: post-step operations
          CanudaX_BSSNMoL::CanudaX_BSSNMoL_impose_conf_fac_floor: Make sure conformal factor does not drop below specified value
          CanudaX_BSSNMoL::CanudaX_BSSNMoL_reset_detmetric: reset dethh = 1
          CanudaX_BSSNMoL::CanudaX_BSSNMoL_remove_trA: Remove trace of A
        GROUP ADMBaseX_SetADMRHS: Set ADM RHS variables in this group
        CanudaX_BSSNMoL::CanudaX_BSSNMoL_sync: [global] Sync state vector
        GROUP ADMBaseX_SetADMVars: Set ADM variables in this group
          CanudaX_BSSNMoL::CanudaX_BSSNMoL_bssn2adm: [local] Convert variables back to the ADM ones
        GROUP TmunuBaseX_SetTmunuVars: Schedule group for setting T_munu
          TmunuBaseX::TmunuBaseX_ZeroTmunu: Set T_munu to zero
          GROUP TmunuBaseX_AddToTmunu: Add to T_munu here
      GROUP Subcycling_RMBndryGroup: Check if the ghost points are at refinement boundary
        Subcycling::Subcycling_SetLevelNeighbor: Set isrmbndry
        Subcycling::Subcycling_SetIsRMBndry: Set isrmbndry
    Rotate timelevels
    iteration = iteration+1
    t = t+dt
    [CCTK_PRESTEP]
    [CCTK_EVOL]
      ODESolvers::ODESolvers_Solve_Subcycling: [level] Solve ODEs using Subcycling
      while (ODESolvers::do_substeps)
        GROUP ODESolvers_CalledBySolve: Groups internally scheduled by ODESolvers_Solve
          GROUP ODESolvers_RHS: Evaluate the RHS for of state vector everywhere on the grid
            GROUP CanudaX_BSSNMoL_RHSGroup: CanudaX_BSSNMoL: calculate BSSN RHS
              CanudaX_BSSNMoL::CanudaX_BSSNMoL_calc_ricci: MoL ricci tensor and scalar calculation
              CanudaX_BSSNMoL::CanudaX_BSSNMoL_calc_bssn_rhs: MoL RHS calculation
              CanudaX_BSSNMoL::CanudaX_BSSNMoL_apply_boundary_conditions: Apply radiative boundary conditions 
          GROUP ODESolvers_PostStep: Apply boundary conditions to state vector, and project if necessary
            GROUP CanudaX_BSSNMoL_PostStepGroup: CanudaX_BSSNMoL: post-step operations
              CanudaX_BSSNMoL::CanudaX_BSSNMoL_impose_conf_fac_floor: Make sure conformal factor does not drop below specified value
              CanudaX_BSSNMoL::CanudaX_BSSNMoL_reset_detmetric: reset dethh = 1
              CanudaX_BSSNMoL::CanudaX_BSSNMoL_remove_trA: Remove trace of A
            GROUP ADMBaseX_SetADMRHS: Set ADM RHS variables in this group
            CanudaX_BSSNMoL::CanudaX_BSSNMoL_sync: [global] Sync state vector
            GROUP ADMBaseX_SetADMVars: Set ADM variables in this group
              CanudaX_BSSNMoL::CanudaX_BSSNMoL_bssn2adm: [local] Convert variables back to the ADM ones
            GROUP TmunuBaseX_SetTmunuVars: Schedule group for setting T_munu
              TmunuBaseX::TmunuBaseX_ZeroTmunu: Set T_munu to zero
              GROUP TmunuBaseX_AddToTmunu: Add to T_munu here
      end while
    Evolve finer grids recursively
    Restrict from finer grids
    [CCTK_POSTRESTRICT]
      GROUP ODESolvers_PostStep: Apply boundary conditions to state vector, and project if necessary
        GROUP CanudaX_BSSNMoL_PostStepGroup: CanudaX_BSSNMoL: post-step operations
          CanudaX_BSSNMoL::CanudaX_BSSNMoL_impose_conf_fac_floor: Make sure conformal factor does not drop below specified value
          CanudaX_BSSNMoL::CanudaX_BSSNMoL_reset_detmetric: reset dethh = 1
          CanudaX_BSSNMoL::CanudaX_BSSNMoL_remove_trA: Remove trace of A
        GROUP ADMBaseX_SetADMRHS: Set ADM RHS variables in this group
        CanudaX_BSSNMoL::CanudaX_BSSNMoL_sync: [global] Sync state vector
        GROUP ADMBaseX_SetADMVars: Set ADM variables in this group
          CanudaX_BSSNMoL::CanudaX_BSSNMoL_bssn2adm: [local] Convert variables back to the ADM ones
        GROUP TmunuBaseX_SetTmunuVars: Schedule group for setting T_munu
          TmunuBaseX::TmunuBaseX_ZeroTmunu: Set T_munu to zero
          GROUP TmunuBaseX_AddToTmunu: Add to T_munu here
    [CCTK_POSTSTEP]
      GROUP ODESolvers_EstimateError: Estimate discretization error (for regridding)
    if (checkpoint)
      [CCTK_CHECKPOINT]
      CarpetX::CarpetX_Checkpoint: [meta] Checkpoint
    endif
    if (analysis)
      [CCTK_ANALYSIS]
      CanudaX_BSSNMoL::CanudaX_BSSNMoL_calc_ricci_for_constraints: MoL ricci tensor and scalar calculation
      CanudaX_BSSNMoL::CanudaX_BSSNMoL_bssn_constraints: Compute constraints
      GROUP ODESolvers_Analysis: Calculate analysis quantities everywhere
    endif
    Output grid variables
    enddo

  Termination routines
    [CCTK_TERMINATE]
      CarpetX::CarpetX_CheckpointTerminate: [meta] Checkpoint before terminating

  Shutdown routines
    [CCTK_SHUTDOWN]
      CarpetX::Driver_Shutdown: [meta] Shut down the driver

  Routines run after changing the grid hierarchy:
    [CCTK_POSTREGRID]
      GROUP ODESolvers_PostStep: Apply boundary conditions to state vector, and project if necessary
        GROUP CanudaX_BSSNMoL_PostStepGroup: CanudaX_BSSNMoL: post-step operations
          CanudaX_BSSNMoL::CanudaX_BSSNMoL_impose_conf_fac_floor: Make sure conformal factor does not drop below specified value
          CanudaX_BSSNMoL::CanudaX_BSSNMoL_reset_detmetric: reset dethh = 1
          CanudaX_BSSNMoL::CanudaX_BSSNMoL_remove_trA: Remove trace of A
        GROUP ADMBaseX_SetADMRHS: Set ADM RHS variables in this group
        CanudaX_BSSNMoL::CanudaX_BSSNMoL_sync: [global] Sync state vector
        GROUP ADMBaseX_SetADMVars: Set ADM variables in this group
          CanudaX_BSSNMoL::CanudaX_BSSNMoL_bssn2adm: [local] Convert variables back to the ADM ones
        GROUP TmunuBaseX_SetTmunuVars: Schedule group for setting T_munu
          TmunuBaseX::TmunuBaseX_ZeroTmunu: Set T_munu to zero
          GROUP TmunuBaseX_AddToTmunu: Add to T_munu here
      GROUP Subcycling_RMBndryGroup: Check if the ghost points are at refinement boundary
        Subcycling::Subcycling_SetLevelNeighbor: Set isrmbndry
        Subcycling::Subcycling_SetIsRMBndry: Set isrmbndry
--------------------------------------------------------------------------------
INFO (hwloc): library version 2.10.0, API version 0x20800
--------------------------------------------------------------------------------
                                                            
   _______ _______  ______  _____  _______ _______ _     _  
   |       |_____| |_____/ |_____] |______    |     \___/   
   |_____  |     | |    \_ |       |______    |    _/   \_  
                                                            
AMR driver provided by CarpetX,
using AMReX 25.11 (MPI, OpenMP, no accelerators, optimized)
--------------------------------------------------------------------------------

Initializing AMReX (25.11)...
MPI initialized with 2 MPI processes
MPI initialized with thread support level 2
OMP initialized with 1 OMP threads
AMReX (25.11) initialized
INFO (CarpetX): 
Symmetries:
  lower x: periodic
  lower y: periodic
  lower z: periodic
  upper x: periodic
  upper y: periodic
  upper z: periodic
Default boundaries:
  lower x: symmetry_boundary
  lower y: symmetry_boundary
  lower z: symmetry_boundary
  upper x: symmetry_boundary
  upper y: symmetry_boundary
  upper z: symmetry_boundary
INFO (Arith): Test_smallvector
INFO (Arith): Test_spvect
INFO (CarpetX): Setting initial values for max_grid_size values for all levels
INFO (CarpetX): Setting up initial conditions...
INFO (CarpetX): Iteration: 0   time: 0   delta_time: 0.00390625
INFO (CarpetX): Patch 0:
INFO (CarpetX):   Grid extent:
INFO (CarpetX):     gsh=[71,15,15]
INFO (CarpetX):     blocking_factor=[8,8,8]
INFO (CarpetX):     max_grid_size=[10000000,10000000,10000000]
INFO (CarpetX):     max_tile_size=[1024000,16,32]
INFO (CarpetX):   Domain extent:
INFO (CarpetX):     xmin=[-0.5,-0.0625,-0.0625]
INFO (CarpetX):     xmax=[0.5,0.0625,0.0625]
INFO (CarpetX):     base dx=[0.015625,0.015625,0.015625]
INFO (CarpetX): Initializing level 0...
INFO (CanudaX_ExactID): Begin Gauge Wave initial data
INFO (CanudaX_ExactID): === End gauge wave initial data ===
INFO (CarpetX): Regridding...
INFO (CarpetX):   level 0: 2 boxes, 4096 cells (100%)
INFO (CarpetX): Initialized 1 levels
INFO (CarpetX): Starting evolution...
INFO (ODESolvers): Integrator is RK4
INFO (CarpetX): Simulation time: 0.00390625   Iterations per second: 31.7219   Simulation time per second: 0.123914
INFO (CarpetX): Grid cells: 4096   Grid cell updates per second: 129933
INFO (CarpetX): Performance:
INFO (CarpetX):   total evolution time:            0.0315239 sec
INFO (CarpetX):   total evolution compute time:    0.0315208 sec
INFO (CarpetX):   total evolution output time:     3.09944e-06 sec
INFO (CarpetX):   total iterations:                1
INFO (CarpetX):   total cells updated:             4096
INFO (CarpetX):   average iterations per second: 31.7219
INFO (CarpetX):   average cell updates per second: 129933
INFO (CarpetX): Simulation time: 0.0078125   Iterations per second: 33.5284   Simulation time per second: 0.13097
INFO (CarpetX): Grid cells: 4096   Grid cell updates per second: 137332
INFO (CarpetX): Performance:
INFO (CarpetX):   total evolution time:            0.0596509 sec
INFO (CarpetX):   total evolution compute time:    0.0596447 sec
INFO (CarpetX):   total evolution output time:     6.19888e-06 sec
INFO (CarpetX):   total iterations:                2
INFO (CarpetX):   total cells updated:             8192
INFO (CarpetX):   average iterations per second: 33.5284
INFO (CarpetX):   average cell updates per second: 137332
INFO (CarpetX): Simulation time: 0.0117188   Iterations per second: 34.1881   Simulation time per second: 0.133547
INFO (CarpetX): Grid cells: 4096   Grid cell updates per second: 140035
INFO (CarpetX): Performance:
INFO (CarpetX):   total evolution time:            0.0877497 sec
INFO (CarpetX):   total evolution compute time:    0.0877416 sec
INFO (CarpetX):   total evolution output time:     8.10623e-06 sec
INFO (CarpetX):   total iterations:                3
INFO (CarpetX):   total cells updated:             12288
INFO (CarpetX):   average iterations per second: 34.1881
INFO (CarpetX):   average cell updates per second: 140035
INFO (CarpetX): Simulation time: 0.015625   Iterations per second: 34.5168   Simulation time per second: 0.134831
INFO (CarpetX): Grid cells: 4096   Grid cell updates per second: 141381
INFO (CarpetX): Performance:
INFO (CarpetX):   total evolution time:            0.115886 sec
INFO (CarpetX):   total evolution compute time:    0.115875 sec
INFO (CarpetX):   total evolution output time:     1.09673e-05 sec
INFO (CarpetX):   total iterations:                4
INFO (CarpetX):   total cells updated:             16384
INFO (CarpetX):   average iterations per second: 34.5168
INFO (CarpetX):   average cell updates per second: 141381
INFO (CarpetX): Simulation time: 0.0195312   Iterations per second: 34.7006   Simulation time per second: 0.135549
INFO (CarpetX): Grid cells: 4096   Grid cell updates per second: 142134
INFO (CarpetX): Performance:
INFO (CarpetX):   total evolution time:            0.14409 sec
INFO (CarpetX):   total evolution compute time:    0.144077 sec
INFO (CarpetX):   total evolution output time:     1.3113e-05 sec
INFO (CarpetX):   total iterations:                5
INFO (CarpetX):   total cells updated:             20480
INFO (CarpetX):   average iterations per second: 34.7006
INFO (CarpetX):   average cell updates per second: 142134
INFO (CarpetX): Simulation time: 0.0234375   Iterations per second: 34.7861   Simulation time per second: 0.135883
INFO (CarpetX): Grid cells: 4096   Grid cell updates per second: 142484
INFO (CarpetX): Performance:
INFO (CarpetX):   total evolution time:            0.172483 sec
INFO (CarpetX):   total evolution compute time:    0.172467 sec
INFO (CarpetX):   total evolution output time:     1.62125e-05 sec
INFO (CarpetX):   total iterations:                6
INFO (CarpetX):   total cells updated:             24576
INFO (CarpetX):   average iterations per second: 34.7861
INFO (CarpetX):   average cell updates per second: 142484
INFO (CarpetX): Simulation time: 0.0273438   Iterations per second: 34.841   Simulation time per second: 0.136098
INFO (CarpetX): Grid cells: 4096   Grid cell updates per second: 142709
INFO (CarpetX): Performance:
INFO (CarpetX):   total evolution time:            0.200913 sec
INFO (CarpetX):   total evolution compute time:    0.200894 sec
INFO (CarpetX):   total evolution output time:     1.90735e-05 sec
INFO (CarpetX):   total iterations:                7
INFO (CarpetX):   total cells updated:             28672
INFO (CarpetX):   average iterations per second: 34.841
INFO (CarpetX):   average cell updates per second: 142709
INFO (CarpetX): Simulation time: 0.03125   Iterations per second: 34.9153   Simulation time per second: 0.136388
INFO (CarpetX): Grid cells: 4096   Grid cell updates per second: 143013
INFO (CarpetX): Performance:
INFO (CarpetX):   total evolution time:            0.229126 sec
INFO (CarpetX):   total evolution compute time:    0.229104 sec
INFO (CarpetX):   total evolution output time:     2.21729e-05 sec
INFO (CarpetX):   total iterations:                8
INFO (CarpetX):   total cells updated:             32768
INFO (CarpetX):   average iterations per second: 34.9153
INFO (CarpetX):   average cell updates per second: 143013
INFO (CarpetX): Simulation time: 0.0351562   Iterations per second: 34.9607   Simulation time per second: 0.136565
INFO (CarpetX): Grid cells: 4096   Grid cell updates per second: 143199
INFO (CarpetX): Performance:
INFO (CarpetX):   total evolution time:            0.257432 sec
INFO (CarpetX):   total evolution compute time:    0.257406 sec
INFO (CarpetX):   total evolution output time:     2.52724e-05 sec
INFO (CarpetX):   total iterations:                9
INFO (CarpetX):   total cells updated:             36864
INFO (CarpetX):   average iterations per second: 34.9607
INFO (CarpetX):   average cell updates per second: 143199
INFO (CarpetX): Simulation time: 0.0390625   Iterations per second: 34.8261   Simulation time per second: 0.13604
INFO (CarpetX): Grid cells: 4096   Grid cell updates per second: 142648
INFO (CarpetX): Performance:
INFO (CarpetX):   total evolution time:            0.287141 sec
INFO (CarpetX):   total evolution compute time:    0.287112 sec
INFO (CarpetX):   total evolution output time:     2.83718e-05 sec
INFO (CarpetX):   total iterations:                10
INFO (CarpetX):   total cells updated:             40960
INFO (CarpetX):   average iterations per second: 34.8261
INFO (CarpetX):   average cell updates per second: 142648
INFO (CarpetX): Simulation time: 0.0429688   Iterations per second: 34.8961   Simulation time per second: 0.136313
INFO (CarpetX): Grid cells: 4096   Grid cell updates per second: 142934
INFO (CarpetX): Performance:
INFO (CarpetX):   total evolution time:            0.315279 sec
INFO (CarpetX):   total evolution compute time:    0.315248 sec
INFO (CarpetX):   total evolution output time:     3.05176e-05 sec
INFO (CarpetX):   total iterations:                11
INFO (CarpetX):   total cells updated:             45056
INFO (CarpetX):   average iterations per second: 34.8897
INFO (CarpetX):   average cell updates per second: 142908
INFO (CarpetX): Simulation time: 0.046875   Iterations per second: 34.9694   Simulation time per second: 0.136599
INFO (CarpetX): Grid cells: 4096   Grid cell updates per second: 143235
INFO (CarpetX): Performance:
INFO (CarpetX):   total evolution time:            0.343335 sec
INFO (CarpetX):   total evolution compute time:    0.343302 sec
INFO (CarpetX):   total evolution output time:     3.33786e-05 sec
INFO (CarpetX):   total iterations:                12
INFO (CarpetX):   total cells updated:             49152
INFO (CarpetX):   average iterations per second: 34.9513
INFO (CarpetX):   average cell updates per second: 143160
INFO (CarpetX): Simulation time: 0.0507812   Iterations per second: 34.7338   Simulation time per second: 0.135679
INFO (CarpetX): Grid cells: 4096   Grid cell updates per second: 142270
INFO (CarpetX): Performance:
INFO (CarpetX):   total evolution time:            0.373871 sec
INFO (CarpetX):   total evolution compute time:    0.373835 sec
INFO (CarpetX):   total evolution output time:     3.62396e-05 sec
INFO (CarpetX):   total iterations:                13
INFO (CarpetX):   total cells updated:             53248
INFO (CarpetX):   average iterations per second: 34.7713
INFO (CarpetX):   average cell updates per second: 142423
INFO (CarpetX): Simulation time: 0.0546875   Iterations per second: 34.7929   Simulation time per second: 0.13591
INFO (CarpetX): Grid cells: 4096   Grid cell updates per second: 142512
INFO (CarpetX): Performance:
INFO (CarpetX):   total evolution time:            0.402172 sec
INFO (CarpetX):   total evolution compute time:    0.402133 sec
INFO (CarpetX):   total evolution output time:     3.93391e-05 sec
INFO (CarpetX):   total iterations:                14
INFO (CarpetX):   total cells updated:             57344
INFO (CarpetX):   average iterations per second: 34.811
INFO (CarpetX):   average cell updates per second: 142586
INFO (CarpetX): Simulation time: 0.0585938   Iterations per second: 34.868   Simulation time per second: 0.136203
INFO (CarpetX): Grid cells: 4096   Grid cell updates per second: 142819
INFO (CarpetX): Performance:
INFO (CarpetX):   total evolution time:            0.430295 sec
INFO (CarpetX):   total evolution compute time:    0.430253 sec
INFO (CarpetX):   total evolution output time:     4.24385e-05 sec
INFO (CarpetX):   total iterations:                15
INFO (CarpetX):   total cells updated:             61440
INFO (CarpetX):   average iterations per second: 34.8598
INFO (CarpetX):   average cell updates per second: 142786
INFO (CarpetX): Simulation time: 0.0625   Iterations per second: 34.9404   Simulation time per second: 0.136486
INFO (CarpetX): Grid cells: 4096   Grid cell updates per second: 143116
INFO (CarpetX): Performance:
INFO (CarpetX):   total evolution time:            0.45838 sec
INFO (CarpetX):   total evolution compute time:    0.458336 sec
INFO (CarpetX):   total evolution output time:     4.43459e-05 sec
INFO (CarpetX):   total iterations:                16
INFO (CarpetX):   total cells updated:             65536
INFO (CarpetX):   average iterations per second: 34.9055
INFO (CarpetX):   average cell updates per second: 142973
INFO (CarpetX): Simulation time: 0.0664062   Iterations per second: 34.7586   Simulation time per second: 0.135776
INFO (CarpetX): Grid cells: 4096   Grid cell updates per second: 142371
INFO (CarpetX): Performance:
INFO (CarpetX):   total evolution time:            0.488497 sec
INFO (CarpetX):   total evolution compute time:    0.488451 sec
INFO (CarpetX):   total evolution output time:     4.64916e-05 sec
INFO (CarpetX):   total iterations:                17
INFO (CarpetX):   total cells updated:             69632
INFO (CarpetX):   average iterations per second: 34.8006
INFO (CarpetX):   average cell updates per second: 142543
INFO (CarpetX): Simulation time: 0.0703125   Iterations per second: 34.8072   Simulation time per second: 0.135966
INFO (CarpetX): Grid cells: 4096   Grid cell updates per second: 142570
INFO (CarpetX): Performance:
INFO (CarpetX):   total evolution time:            0.516865 sec
INFO (CarpetX):   total evolution compute time:    0.516817 sec
INFO (CarpetX):   total evolution output time:     4.86374e-05 sec
INFO (CarpetX):   total iterations:                18
INFO (CarpetX):   total cells updated:             73728
INFO (CarpetX):   average iterations per second: 34.8253
INFO (CarpetX):   average cell updates per second: 142645
INFO (CarpetX): Simulation time: 0.0742188   Iterations per second: 34.8766   Simulation time per second: 0.136237
INFO (CarpetX): Grid cells: 4096   Grid cell updates per second: 142855
INFO (CarpetX): Performance:
INFO (CarpetX):   total evolution time:            0.545023 sec
INFO (CarpetX):   total evolution compute time:    0.544972 sec
INFO (CarpetX):   total evolution output time:     5.07832e-05 sec
INFO (CarpetX):   total iterations:                19
INFO (CarpetX):   total cells updated:             77824
INFO (CarpetX):   average iterations per second: 34.8609
INFO (CarpetX):   average cell updates per second: 142790
INFO (CarpetX): Simulation time: 0.078125   Iterations per second: 34.9238   Simulation time per second: 0.136421
INFO (CarpetX): Grid cells: 4096   Grid cell updates per second: 143048
INFO (CarpetX): Performance:
INFO (CarpetX):   total evolution time:            0.573308 sec
INFO (CarpetX):   total evolution compute time:    0.573256 sec
INFO (CarpetX):   total evolution output time:     5.26905e-05 sec
INFO (CarpetX):   total iterations:                20
INFO (CarpetX):   total cells updated:             81920
INFO (CarpetX):   average iterations per second: 34.8852
INFO (CarpetX):   average cell updates per second: 142890
INFO (CarpetX): Simulation time: 0.0820312   Iterations per second: 34.9775   Simulation time per second: 0.136631
INFO (CarpetX): Grid cells: 4096   Grid cell updates per second: 143268
INFO (CarpetX): Performance:
INFO (CarpetX):   total evolution time:            0.601502 sec
INFO (CarpetX):   total evolution compute time:    0.601448 sec
INFO (CarpetX):   total evolution output time:     5.45979e-05 sec
INFO (CarpetX):   total iterations:                21
INFO (CarpetX):   total cells updated:             86016
INFO (CarpetX):   average iterations per second: 34.9126
INFO (CarpetX):   average cell updates per second: 143002
INFO (CarpetX): Simulation time: 0.0859375   Iterations per second: 35.0239   Simulation time per second: 0.136812
INFO (CarpetX): Grid cells: 4096   Grid cell updates per second: 143458
INFO (CarpetX): Performance:
INFO (CarpetX):   total evolution time:            0.629713 sec
INFO (CarpetX):   total evolution compute time:    0.629657 sec
INFO (CarpetX):   total evolution output time:     5.65052e-05 sec
INFO (CarpetX):   total iterations:                22
INFO (CarpetX):   total cells updated:             90112
INFO (CarpetX):   average iterations per second: 34.9365
INFO (CarpetX):   average cell updates per second: 143100
INFO (CarpetX): Simulation time: 0.0898438   Iterations per second: 35.072   Simulation time per second: 0.137
INFO (CarpetX): Grid cells: 4096   Grid cell updates per second: 143655
INFO (CarpetX): Performance:
INFO (CarpetX):   total evolution time:            0.657874 sec
INFO (CarpetX):   total evolution compute time:    0.657815 sec
INFO (CarpetX):   total evolution output time:     5.96046e-05 sec
INFO (CarpetX):   total iterations:                23
INFO (CarpetX):   total cells updated:             94208
INFO (CarpetX):   average iterations per second: 34.9611
INFO (CarpetX):   average cell updates per second: 143201
INFO (CarpetX): Simulation time: 0.09375   Iterations per second: 35.1147   Simulation time per second: 0.137167
INFO (CarpetX): Grid cells: 4096   Grid cell updates per second: 143830
INFO (CarpetX): Performance:
INFO (CarpetX):   total evolution time:            0.68604 sec
INFO (CarpetX):   total evolution compute time:    0.685978 sec
INFO (CarpetX):   total evolution output time:     6.17504e-05 sec
INFO (CarpetX):   total iterations:                24
INFO (CarpetX):   total cells updated:             98304
INFO (CarpetX):   average iterations per second: 34.9834
INFO (CarpetX):   average cell updates per second: 143292
INFO (CarpetX): Simulation time: 0.0976562   Iterations per second: 35.1237   Simulation time per second: 0.137202
INFO (CarpetX): Grid cells: 4096   Grid cell updates per second: 143867
INFO (CarpetX): Performance:
INFO (CarpetX):   total evolution time:            0.714445 sec
INFO (CarpetX):   total evolution compute time:    0.714381 sec
INFO (CarpetX):   total evolution output time:     6.36578e-05 sec
INFO (CarpetX):   total iterations:                25
INFO (CarpetX):   total cells updated:             102400
INFO (CarpetX):   average iterations per second: 34.9922
INFO (CarpetX):   average cell updates per second: 143328
INFO (CarpetX): Simulation time: 0.101562   Iterations per second: 35.1554   Simulation time per second: 0.137326
INFO (CarpetX): Grid cells: 4096   Grid cell updates per second: 143997
INFO (CarpetX): Performance:
INFO (CarpetX):   total evolution time:            0.742659 sec
INFO (CarpetX):   total evolution compute time:    0.742594 sec
INFO (CarpetX):   total evolution output time:     6.55651e-05 sec
INFO (CarpetX):   total iterations:                26
INFO (CarpetX):   total cells updated:             106496
INFO (CarpetX):   average iterations per second: 35.0093
INFO (CarpetX):   average cell updates per second: 143398
INFO (CarpetX): Simulation time: 0.105469   Iterations per second: 35.1953   Simulation time per second: 0.137481
INFO (CarpetX): Grid cells: 4096   Grid cell updates per second: 144160
INFO (CarpetX): Performance:
INFO (CarpetX):   total evolution time:            0.770782 sec
INFO (CarpetX):   total evolution compute time:    0.770715 sec
INFO (CarpetX):   total evolution output time:     6.74725e-05 sec
INFO (CarpetX):   total iterations:                27
INFO (CarpetX):   total cells updated:             110592
INFO (CarpetX):   average iterations per second: 35.0293
INFO (CarpetX):   average cell updates per second: 143480
INFO (CarpetX): Simulation time: 0.109375   Iterations per second: 35.2141   Simulation time per second: 0.137555
INFO (CarpetX): Grid cells: 4096   Grid cell updates per second: 144237
INFO (CarpetX): Performance:
INFO (CarpetX):   total evolution time:            0.799043 sec
INFO (CarpetX):   total evolution compute time:    0.798974 sec
INFO (CarpetX):   total evolution output time:     6.93798e-05 sec
INFO (CarpetX):   total iterations:                28
INFO (CarpetX):   total cells updated:             114688
INFO (CarpetX):   average iterations per second: 35.0419
INFO (CarpetX):   average cell updates per second: 143532
INFO (CarpetX): Simulation time: 0.113281   Iterations per second: 35.2378   Simulation time per second: 0.137648
INFO (CarpetX): Grid cells: 4096   Grid cell updates per second: 144334
INFO (CarpetX): Performance:
INFO (CarpetX):   total evolution time:            0.82725 sec
INFO (CarpetX):   total evolution compute time:    0.827178 sec
INFO (CarpetX):   total evolution output time:     7.22408e-05 sec
INFO (CarpetX):   total iterations:                29
INFO (CarpetX):   total cells updated:             118784
INFO (CarpetX):   average iterations per second: 35.0559
INFO (CarpetX):   average cell updates per second: 143589
INFO (CarpetX): Simulation time: 0.117188   Iterations per second: 35.2652   Simulation time per second: 0.137755
INFO (CarpetX): Grid cells: 4096   Grid cell updates per second: 144446
INFO (CarpetX): Performance:
INFO (CarpetX):   total evolution time:            0.855408 sec
INFO (CarpetX):   total evolution compute time:    0.855333 sec
INFO (CarpetX):   total evolution output time:     7.51019e-05 sec
INFO (CarpetX):   total iterations:                30
INFO (CarpetX):   total cells updated:             122880
INFO (CarpetX):   average iterations per second: 35.071
INFO (CarpetX):   average cell updates per second: 143651
INFO (CarpetX): Simulation time: 0.121094   Iterations per second: 35.2939   Simulation time per second: 0.137867
INFO (CarpetX): Grid cells: 4096   Grid cell updates per second: 144564
INFO (CarpetX): Performance:
INFO (CarpetX):   total evolution time:            0.883534 sec
INFO (CarpetX):   total evolution compute time:    0.883457 sec
INFO (CarpetX):   total evolution output time:     7.72476e-05 sec
INFO (CarpetX):   total iterations:                31
INFO (CarpetX):   total cells updated:             126976
INFO (CarpetX):   average iterations per second: 35.0864
INFO (CarpetX):   average cell updates per second: 143714
INFO (CarpetX): Simulation time: 0.125   Iterations per second: 35.3169   Simulation time per second: 0.137957
INFO (CarpetX): Grid cells: 4096   Grid cell updates per second: 144658
INFO (CarpetX): Performance:
INFO (CarpetX):   total evolution time:            0.911683 sec
INFO (CarpetX):   total evolution compute time:    0.911603 sec
INFO (CarpetX):   total evolution output time:     7.93934e-05 sec
INFO (CarpetX):   total iterations:                32
INFO (CarpetX):   total cells updated:             131072
INFO (CarpetX):   average iterations per second: 35.0999
INFO (CarpetX):   average cell updates per second: 143769
INFO (CarpetX): Simulation time: 0.128906   Iterations per second: 35.3102   Simulation time per second: 0.13793
INFO (CarpetX): Grid cells: 4096   Grid cell updates per second: 144631
INFO (CarpetX): Performance:
INFO (CarpetX):   total evolution time:            0.940052 sec
INFO (CarpetX):   total evolution compute time:    0.939969 sec
INFO (CarpetX):   total evolution output time:     8.24928e-05 sec
INFO (CarpetX):   total iterations:                33
INFO (CarpetX):   total cells updated:             135168
INFO (CarpetX):   average iterations per second: 35.1044
INFO (CarpetX):   average cell updates per second: 143788
INFO (CarpetX): Simulation time: 0.132812   Iterations per second: 35.3355   Simulation time per second: 0.138029
INFO (CarpetX): Grid cells: 4096   Grid cell updates per second: 144734
INFO (CarpetX): Performance:
INFO (CarpetX):   total evolution time:            0.968169 sec
INFO (CarpetX):   total evolution compute time:    0.968084 sec
INFO (CarpetX):   total evolution output time:     8.46386e-05 sec
INFO (CarpetX):   total iterations:                34
INFO (CarpetX):   total cells updated:             139264
INFO (CarpetX):   average iterations per second: 35.1178
INFO (CarpetX):   average cell updates per second: 143843
INFO (CarpetX): Simulation time: 0.136719   Iterations per second: 35.3603   Simulation time per second: 0.138126
INFO (CarpetX): Grid cells: 4096   Grid cell updates per second: 144836
INFO (CarpetX): Performance:
INFO (CarpetX):   total evolution time:            0.996271 sec
INFO (CarpetX):   total evolution compute time:    0.996183 sec
INFO (CarpetX):   total evolution output time:     8.7738e-05 sec
INFO (CarpetX):   total iterations:                35
INFO (CarpetX):   total cells updated:             143360
INFO (CarpetX):   average iterations per second: 35.131
INFO (CarpetX):   average cell updates per second: 143897
INFO (CarpetX): Simulation time: 0.140625   Iterations per second: 35.3789   Simulation time per second: 0.138199
INFO (CarpetX): Grid cells: 4096   Grid cell updates per second: 144912
INFO (CarpetX): Performance:
INFO (CarpetX):   total evolution time:            1.0244 sec
INFO (CarpetX):   total evolution compute time:    1.02431 sec
INFO (CarpetX):   total evolution output time:     8.96454e-05 sec
INFO (CarpetX):   total iterations:                36
INFO (CarpetX):   total cells updated:             147456
INFO (CarpetX):   average iterations per second: 35.1424
INFO (CarpetX):   average cell updates per second: 143943
INFO (CarpetX): Simulation time: 0.144531   Iterations per second: 35.4016   Simulation time per second: 0.138287
INFO (CarpetX): Grid cells: 4096   Grid cell updates per second: 145005
INFO (CarpetX): Performance:
INFO (CarpetX):   total evolution time:            1.05249 sec
INFO (CarpetX):   total evolution compute time:    1.0524 sec
INFO (CarpetX):   total evolution output time:     9.15527e-05 sec
INFO (CarpetX):   total iterations:                37
INFO (CarpetX):   total cells updated:             151552
INFO (CarpetX):   average iterations per second: 35.1548
INFO (CarpetX):   average cell updates per second: 143994
INFO (CarpetX): Simulation time: 0.148438   Iterations per second: 35.4256   Simulation time per second: 0.138381
INFO (CarpetX): Grid cells: 4096   Grid cell updates per second: 145103
INFO (CarpetX): Performance:
INFO (CarpetX):   total evolution time:            1.08054 sec
INFO (CarpetX):   total evolution compute time:    1.08045 sec
INFO (CarpetX):   total evolution output time:     9.34601e-05 sec
INFO (CarpetX):   total iterations:                38
INFO (CarpetX):   total cells updated:             155648
INFO (CarpetX):   average iterations per second: 35.1675
INFO (CarpetX):   average cell updates per second: 144046
INFO (CarpetX): Simulation time: 0.152344   Iterations per second: 35.4161   Simulation time per second: 0.138344
INFO (CarpetX): Grid cells: 4096   Grid cell updates per second: 145064
INFO (CarpetX): Performance:
INFO (CarpetX):   total evolution time:            1.10885 sec
INFO (CarpetX):   total evolution compute time:    1.10875 sec
INFO (CarpetX):   total evolution output time:     9.63211e-05 sec
INFO (CarpetX):   total iterations:                39
INFO (CarpetX):   total cells updated:             159744
INFO (CarpetX):   average iterations per second: 35.1717
INFO (CarpetX):   average cell updates per second: 144063
INFO (CarpetX): Simulation time: 0.15625   Iterations per second: 35.4162   Simulation time per second: 0.138344
INFO (CarpetX): Grid cells: 4096   Grid cell updates per second: 145065
INFO (CarpetX): Performance:
INFO (CarpetX):   total evolution time:            1.13708 sec
INFO (CarpetX):   total evolution compute time:    1.13698 sec
INFO (CarpetX):   total evolution output time:     9.84669e-05 sec
INFO (CarpetX):   total iterations:                40
INFO (CarpetX):   total cells updated:             163840
INFO (CarpetX):   average iterations per second: 35.1778
INFO (CarpetX):   average cell updates per second: 144088
INFO (CarpetX): Simulation time: 0.160156   Iterations per second: 35.4254   Simulation time per second: 0.138381
INFO (CarpetX): Grid cells: 4096   Grid cell updates per second: 145103
INFO (CarpetX): Performance:
INFO (CarpetX):   total evolution time:            1.16524 sec
INFO (CarpetX):   total evolution compute time:    1.16514 sec
INFO (CarpetX):   total evolution output time:     0.000100613 sec
INFO (CarpetX):   total iterations:                41
INFO (CarpetX):   total cells updated:             167936
INFO (CarpetX):   average iterations per second: 35.1858
INFO (CarpetX):   average cell updates per second: 144121
INFO (CarpetX): Simulation time: 0.164062   Iterations per second: 35.4387   Simulation time per second: 0.138432
INFO (CarpetX): Grid cells: 4096   Grid cell updates per second: 145157
INFO (CarpetX): Performance:
INFO (CarpetX):   total evolution time:            1.19337 sec
INFO (CarpetX):   total evolution compute time:    1.19326 sec
INFO (CarpetX):   total evolution output time:     0.00010252 sec
INFO (CarpetX):   total iterations:                42
INFO (CarpetX):   total cells updated:             172032
INFO (CarpetX):   average iterations per second: 35.1945
INFO (CarpetX):   average cell updates per second: 144157
INFO (CarpetX): Simulation time: 0.167969   Iterations per second: 35.4504   Simulation time per second: 0.138478
INFO (CarpetX): Grid cells: 4096   Grid cell updates per second: 145205
INFO (CarpetX): Performance:
INFO (CarpetX):   total evolution time:            1.22149 sec
INFO (CarpetX):   total evolution compute time:    1.22139 sec
INFO (CarpetX):   total evolution output time:     0.000104666 sec
INFO (CarpetX):   total iterations:                43
INFO (CarpetX):   total cells updated:             176128
INFO (CarpetX):   average iterations per second: 35.2029
INFO (CarpetX):   average cell updates per second: 144191
INFO (CarpetX): Simulation time: 0.171875   Iterations per second: 35.4529   Simulation time per second: 0.138488
INFO (CarpetX): Grid cells: 4096   Grid cell updates per second: 145215
INFO (CarpetX): Performance:
INFO (CarpetX):   total evolution time:            1.24968 sec
INFO (CarpetX):   total evolution compute time:    1.24957 sec
INFO (CarpetX):   total evolution output time:     0.000107765 sec
INFO (CarpetX):   total iterations:                44
INFO (CarpetX):   total cells updated:             180224
INFO (CarpetX):   average iterations per second: 35.209
INFO (CarpetX):   average cell updates per second: 144216
INFO (CarpetX): Simulation time: 0.175781   Iterations per second: 35.4656   Simulation time per second: 0.138538
INFO (CarpetX): Grid cells: 4096   Grid cell updates per second: 145267
INFO (CarpetX): Performance:
INFO (CarpetX):   total evolution time:            1.27778 sec
INFO (CarpetX):   total evolution compute time:    1.27768 sec
INFO (CarpetX):   total evolution output time:     0.000109673 sec
INFO (CarpetX):   total iterations:                45
INFO (CarpetX):   total cells updated:             184320
INFO (CarpetX):   average iterations per second: 35.2172
INFO (CarpetX):   average cell updates per second: 144250
INFO (CarpetX): Simulation time: 0.179688   Iterations per second: 35.4762   Simulation time per second: 0.138579
INFO (CarpetX): Grid cells: 4096   Grid cell updates per second: 145311
INFO (CarpetX): Performance:
INFO (CarpetX):   total evolution time:            1.3059 sec
INFO (CarpetX):   total evolution compute time:    1.30579 sec
INFO (CarpetX):   total evolution output time:     0.00011158 sec
INFO (CarpetX):   total iterations:                46
INFO (CarpetX):   total cells updated:             188416
INFO (CarpetX):   average iterations per second: 35.2248
INFO (CarpetX):   average cell updates per second: 144281
INFO (CarpetX): Simulation time: 0.183594   Iterations per second: 35.4785   Simulation time per second: 0.138588
INFO (CarpetX): Grid cells: 4096   Grid cell updates per second: 145320
INFO (CarpetX): Performance:
INFO (CarpetX):   total evolution time:            1.33407 sec
INFO (CarpetX):   total evolution compute time:    1.33395 sec
INFO (CarpetX):   total evolution output time:     0.000114679 sec
INFO (CarpetX):   total iterations:                47
INFO (CarpetX):   total cells updated:             192512
INFO (CarpetX):   average iterations per second: 35.2306
INFO (CarpetX):   average cell updates per second: 144305
INFO (CarpetX): Simulation time: 0.1875   Iterations per second: 35.4647   Simulation time per second: 0.138534
INFO (CarpetX): Grid cells: 4096   Grid cell updates per second: 145263
INFO (CarpetX): Performance:
INFO (CarpetX):   total evolution time:            1.36236 sec
INFO (CarpetX):   total evolution compute time:    1.36225 sec
INFO (CarpetX):   total evolution output time:     0.000116587 sec
INFO (CarpetX):   total iterations:                48
INFO (CarpetX):   total cells updated:             196608
INFO (CarpetX):   average iterations per second: 35.2329
INFO (CarpetX):   average cell updates per second: 144314
INFO (CarpetX): Simulation time: 0.191406   Iterations per second: 35.4633   Simulation time per second: 0.138529
INFO (CarpetX): Grid cells: 4096   Grid cell updates per second: 145258
INFO (CarpetX): Performance:
INFO (CarpetX):   total evolution time:            1.39057 sec
INFO (CarpetX):   total evolution compute time:    1.39045 sec
INFO (CarpetX):   total evolution output time:     0.000118494 sec
INFO (CarpetX):   total iterations:                49
INFO (CarpetX):   total cells updated:             200704
INFO (CarpetX):   average iterations per second: 35.2373
INFO (CarpetX):   average cell updates per second: 144332
INFO (CarpetX): Simulation time: 0.195312   Iterations per second: 35.4599   Simulation time per second: 0.138515
INFO (CarpetX): Grid cells: 4096   Grid cell updates per second: 145244
INFO (CarpetX): Performance:
INFO (CarpetX):   total evolution time:            1.4188 sec
INFO (CarpetX):   total evolution compute time:    1.41868 sec
INFO (CarpetX):   total evolution output time:     0.000120401 sec
INFO (CarpetX):   total iterations:                50
INFO (CarpetX):   total cells updated:             204800
INFO (CarpetX):   average iterations per second: 35.2412
INFO (CarpetX):   average cell updates per second: 144348
INFO (CarpetX): Simulation time: 0.199219   Iterations per second: 35.4667   Simulation time per second: 0.138542
INFO (CarpetX): Grid cells: 4096   Grid cell updates per second: 145272
INFO (CarpetX): Performance:
INFO (CarpetX):   total evolution time:            1.44694 sec
INFO (CarpetX):   total evolution compute time:    1.44682 sec
INFO (CarpetX):   total evolution output time:     0.000122547 sec
INFO (CarpetX):   total iterations:                51
INFO (CarpetX):   total cells updated:             208896
INFO (CarpetX):   average iterations per second: 35.2467
INFO (CarpetX):   average cell updates per second: 144371
INFO (CarpetX): Simulation time: 0.203125   Iterations per second: 35.2928   Simulation time per second: 0.137862
INFO (CarpetX): Grid cells: 4096   Grid cell updates per second: 144559
INFO (CarpetX): Performance:
INFO (CarpetX):   total evolution time:            1.47653 sec
INFO (CarpetX):   total evolution compute time:    1.4764 sec
INFO (CarpetX):   total evolution output time:     0.000124454 sec
INFO (CarpetX):   total iterations:                52
INFO (CarpetX):   total cells updated:             212992
INFO (CarpetX):   average iterations per second: 35.2178
INFO (CarpetX):   average cell updates per second: 144252
INFO (CarpetX): Simulation time: 0.207031   Iterations per second: 35.2168   Simulation time per second: 0.137565
INFO (CarpetX): Grid cells: 4096   Grid cell updates per second: 144248
INFO (CarpetX): Performance:
INFO (CarpetX):   total evolution time:            1.50547 sec
INFO (CarpetX):   total evolution compute time:    1.50535 sec
INFO (CarpetX):   total evolution output time:     0.000127316 sec
INFO (CarpetX):   total iterations:                53
INFO (CarpetX):   total cells updated:             217088
INFO (CarpetX):   average iterations per second: 35.2049
INFO (CarpetX):   average cell updates per second: 144199
INFO (CarpetX): Simulation time: 0.210938   Iterations per second: 35.2438   Simulation time per second: 0.137671
INFO (CarpetX): Grid cells: 4096   Grid cell updates per second: 144358
INFO (CarpetX): Performance:
INFO (CarpetX):   total evolution time:            1.53365 sec
INFO (CarpetX):   total evolution compute time:    1.53352 sec
INFO (CarpetX):   total evolution output time:     0.000130415 sec
INFO (CarpetX):   total iterations:                54
INFO (CarpetX):   total cells updated:             221184
INFO (CarpetX):   average iterations per second: 35.2101
INFO (CarpetX):   average cell updates per second: 144221
INFO (CarpetX): Simulation time: 0.214844   Iterations per second: 35.2672   Simulation time per second: 0.137763
INFO (CarpetX): Grid cells: 4096   Grid cell updates per second: 144455
INFO (CarpetX): Performance:
INFO (CarpetX):   total evolution time:            1.56184 sec
INFO (CarpetX):   total evolution compute time:    1.5617 sec
INFO (CarpetX):   total evolution output time:     0.000133276 sec
INFO (CarpetX):   total iterations:                55
INFO (CarpetX):   total cells updated:             225280
INFO (CarpetX):   average iterations per second: 35.215
INFO (CarpetX):   average cell updates per second: 144240
INFO (CarpetX): Simulation time: 0.21875   Iterations per second: 35.2874   Simulation time per second: 0.137841
INFO (CarpetX): Grid cells: 4096   Grid cell updates per second: 144537
INFO (CarpetX): Performance:
INFO (CarpetX):   total evolution time:            1.59003 sec
INFO (CarpetX):   total evolution compute time:    1.58989 sec
INFO (CarpetX):   total evolution output time:     0.000135183 sec
INFO (CarpetX):   total iterations:                56
INFO (CarpetX):   total cells updated:             229376
INFO (CarpetX):   average iterations per second: 35.2195
INFO (CarpetX):   average cell updates per second: 144259
INFO (CarpetX): Simulation time: 0.222656   Iterations per second: 35.3099   Simulation time per second: 0.137929
INFO (CarpetX): Grid cells: 4096   Grid cell updates per second: 144629
INFO (CarpetX): Performance:
INFO (CarpetX):   total evolution time:            1.61819 sec
INFO (CarpetX):   total evolution compute time:    1.61805 sec
INFO (CarpetX):   total evolution output time:     0.000137329 sec
INFO (CarpetX):   total iterations:                57
INFO (CarpetX):   total cells updated:             233472
INFO (CarpetX):   average iterations per second: 35.2246
INFO (CarpetX):   average cell updates per second: 144280
INFO (CarpetX): Simulation time: 0.226562   Iterations per second: 35.3396   Simulation time per second: 0.138045
INFO (CarpetX): Grid cells: 4096   Grid cell updates per second: 144751
INFO (CarpetX): Performance:
INFO (CarpetX):   total evolution time:            1.64627 sec
INFO (CarpetX):   total evolution compute time:    1.64613 sec
INFO (CarpetX):   total evolution output time:     0.000139236 sec
INFO (CarpetX):   total iterations:                58
INFO (CarpetX):   total cells updated:             237568
INFO (CarpetX):   average iterations per second: 35.2311
INFO (CarpetX):   average cell updates per second: 144307
INFO (CarpetX): Simulation time: 0.230469   Iterations per second: 35.3584   Simulation time per second: 0.138119
INFO (CarpetX): Grid cells: 4096   Grid cell updates per second: 144828
INFO (CarpetX): Performance:
INFO (CarpetX):   total evolution time:            1.67442 sec
INFO (CarpetX):   total evolution compute time:    1.67428 sec
INFO (CarpetX):   total evolution output time:     0.000141144 sec
INFO (CarpetX):   total iterations:                59
INFO (CarpetX):   total cells updated:             241664
INFO (CarpetX):   average iterations per second: 35.2362
INFO (CarpetX):   average cell updates per second: 144327
INFO (CarpetX): Simulation time: 0.234375   Iterations per second: 35.376   Simulation time per second: 0.138188
INFO (CarpetX): Grid cells: 4096   Grid cell updates per second: 144900
INFO (CarpetX): Performance:
INFO (CarpetX):   total evolution time:            1.70256 sec
INFO (CarpetX):   total evolution compute time:    1.70241 sec
INFO (CarpetX):   total evolution output time:     0.00014329 sec
INFO (CarpetX):   total iterations:                60
INFO (CarpetX):   total cells updated:             245760
INFO (CarpetX):   average iterations per second: 35.2411
INFO (CarpetX):   average cell updates per second: 144348
INFO (CarpetX): Simulation time: 0.238281   Iterations per second: 35.3965   Simulation time per second: 0.138268
INFO (CarpetX): Grid cells: 4096   Grid cell updates per second: 144984
INFO (CarpetX): Performance:
INFO (CarpetX):   total evolution time:            1.73066 sec
INFO (CarpetX):   total evolution compute time:    1.73052 sec
INFO (CarpetX):   total evolution output time:     0.000146389 sec
INFO (CarpetX):   total iterations:                61
INFO (CarpetX):   total cells updated:             249856
INFO (CarpetX):   average iterations per second: 35.2466
INFO (CarpetX):   average cell updates per second: 144370
INFO (CarpetX): Simulation time: 0.242188   Iterations per second: 35.3669   Simulation time per second: 0.138152
INFO (CarpetX): Grid cells: 4096   Grid cell updates per second: 144863
INFO (CarpetX): Performance:
INFO (CarpetX):   total evolution time:            1.75915 sec
INFO (CarpetX):   total evolution compute time:    1.759 sec
INFO (CarpetX):   total evolution output time:     0.00014925 sec
INFO (CarpetX):   total iterations:                62
INFO (CarpetX):   total cells updated:             253952
INFO (CarpetX):   average iterations per second: 35.2443
INFO (CarpetX):   average cell updates per second: 144361
INFO (CarpetX): Simulation time: 0.246094   Iterations per second: 34.3817   Simulation time per second: 0.134304
INFO (CarpetX): Grid cells: 4096   Grid cell updates per second: 140828
INFO (CarpetX): Performance:
INFO (CarpetX):   total evolution time:            1.79553 sec
INFO (CarpetX):   total evolution compute time:    1.79537 sec
INFO (CarpetX):   total evolution output time:     0.000152111 sec
INFO (CarpetX):   total iterations:                63
INFO (CarpetX):   total cells updated:             258048
INFO (CarpetX):   average iterations per second: 35.0872
INFO (CarpetX):   average cell updates per second: 143717
INFO (CarpetX): Simulation time: 0.25   Iterations per second: 29.4943   Simulation time per second: 0.115212
INFO (CarpetX): Grid cells: 4096   Grid cell updates per second: 120808
INFO (CarpetX): Performance:
INFO (CarpetX):   total evolution time:            1.87281 sec
INFO (CarpetX):   total evolution compute time:    1.83964 sec
INFO (CarpetX):   total evolution output time:     0.033164 sec
INFO (CarpetX):   total iterations:                64
INFO (CarpetX):   total cells updated:             262144
INFO (CarpetX):   average iterations per second: 34.1733
INFO (CarpetX):   average cell updates per second: 139974
INFO (CarpetX): Shutting down...
AMReX (25.11) finalized
--------------------------------------------------------------------------------
Done.

real	0m2.369s
user	0m3.861s
sys	0m0.374s
+ echo Stopping:
Stopping:
+ date
Tue Apr 14 11:44:46 PM UTC 2026
+ echo Done.
Done.
  Elapsed time: 2.4 s
