/__w/canudax-tests/workspace/simulations/TestJob01_temp_1/output-0000/TEST/sim/CanudaX_BSSNMoL
Preparing:
+ set -e
+ cd output-0000-active
+ echo Checking:
Checking:
+ pwd
/__w/canudax-tests/workspace/simulations/TestJob01_temp_1/output-0000/TEST/sim/CanudaX_BSSNMoL/output-0000-active
+ hostname
0f5d797e1ccf
+ date
Thu Aug 27 10:40:03 PM UTC 2026
+ echo Environment:
Environment:
+ export SIMULATION_ID=simulation-TestJob01_temp_1-actions-cpu-real64-actions-root-2026.08.27-22.40.03-15640
+ SIMULATION_ID=simulation-TestJob01_temp_1-actions-cpu-real64-actions-root-2026.08.27-22.40.03-15640
+ export CACTUS_NUM_PROCS=1
+ CACTUS_NUM_PROCS=1
+ export CACTUS_NUM_THREADS=2
+ CACTUS_NUM_THREADS=2
+ export CACTUS_SET_THREAD_BINDINGS=0
+ CACTUS_SET_THREAD_BINDINGS=0
+ export GLIBCXX_FORCE_NEW=1
+ GLIBCXX_FORCE_NEW=1
+ export GMON_OUT_PREFIX=gmon.out
+ GMON_OUT_PREFIX=gmon.out
+ export OMP_DISPLAY_ENV=TRUE
+ OMP_DISPLAY_ENV=TRUE
+ export OMP_MAX_TASKS=100
+ OMP_MAX_TASKS=100
+ export OMP_NUM_THREADS=2
+ OMP_NUM_THREADS=2
+ export OMP_PLACES=cores
+ OMP_PLACES=cores
+ export OMP_PROC_BIND=FALSE
+ OMP_PROC_BIND=FALSE
+ export OMP_STACKSIZE=8192
+ OMP_STACKSIZE=8192
+ env
+ sort
+ echo Starting:
Starting:
++ date +%s
+ export CACTUS_STARTTIME=1787870403
+ CACTUS_STARTTIME=1787870403
+ mpiexec -n 1 /__w/canudax-tests/workspace/simulations/TestJob01_temp_1/SIMFACTORY/exe/cactus_sim -L 3 /__w/canudax-tests/workspace/simulations/TestJob01_temp_1/output-0000/arrangements/CanudaX/CanudaX_BSSNMoL/test/gaugewave.par

OPENMP DISPLAY ENVIRONMENT BEGIN
  _OPENMP = '201511'
  [host] OMP_DYNAMIC = 'FALSE'
  [host] OMP_NESTED = 'FALSE'
  [host] OMP_NUM_THREADS = '2'
  [host] OMP_SCHEDULE = 'DYNAMIC'
  [host] OMP_PROC_BIND = 'FALSE'
  [host] OMP_PLACES = ''
  [host] OMP_STACKSIZE = '8388608'
  [host] OMP_WAIT_POLICY = 'PASSIVE'
  [host] OMP_THREAD_LIMIT = '4294967295'
  [host] OMP_MAX_ACTIVE_LEVELS = '1'
  [host] OMP_NUM_TEAMS = '0'
  [host] OMP_TEAMS_THREAD_LIMIT = '0'
  [all] OMP_CANCELLATION = 'FALSE'
  [all] OMP_DEFAULT_DEVICE = '0'
  [all] OMP_MAX_TASK_PRIORITY = '0'
  [all] OMP_DISPLAY_AFFINITY = 'FALSE'
  [host] OMP_AFFINITY_FORMAT = 'level %L thread %i affinity %A'
  [host] OMP_ALLOCATOR = 'omp_default_mem_alloc'
  [all] OMP_TARGET_OFFLOAD = 'DEFAULT'
OPENMP DISPLAY ENVIRONMENT END
INFO (Cactus): Increased logging level from 0 to 3
--------------------------------------------------------------------------------

       10                                  
  1   0101       ************************  
  01  1010 10      The Cactus Code V4.20.0    
 1010 1101 011      www.cactuscode.org     
  1001 100101    ************************  
    00010101                               
     100011     (c) Copyright The Authors  
      0100      GNU Licensed. No Warranty  
      0101                                 
--------------------------------------------------------------------------------

Cactus version:    4.20.0
Compile date:      Aug 27 2026 (22:39:55)
Run date:          Aug 27 2026 (22:40:04+0000)
Run host:          0f5d797e1ccf (pid=15688)
Working directory: /__w/canudax-tests/workspace/simulations/TestJob01_temp_1/output-0000/TEST/sim/CanudaX_BSSNMoL
Executable:        /__w/canudax-tests/workspace/simulations/TestJob01_temp_1/SIMFACTORY/exe/cactus_sim
Parameter file:    /__w/canudax-tests/workspace/simulations/TestJob01_temp_1/output-0000/arrangements/CanudaX/CanudaX_BSSNMoL/test/gaugewave.par
--------------------------------------------------------------------------------

Activating thorn Cactus...Success -> active implementation Cactus
Activation requested for 
--->ADMBaseX CanudaX_BSSNMoL CanudaX_ExactID CarpetX IOUtil ODESolvers TmunuBaseX<---
Thorn ADMBaseX requests automatic activation of Loop
Thorn CarpetX requests automatic activation of AMReX
Thorn CarpetX requests automatic activation of MPI
Thorn CarpetX requests automatic activation of yaml_cpp
Thorn CarpetX requests automatic activation of zlib
Thorn CarpetX requests automatic activation of Arith
Thorn CarpetX requests automatic activation of CarpetXRegrid
Thorn CarpetX requests automatic activation of ADIOS2
Thorn CarpetX requests automatic activation of openPMD
Thorn CarpetX requests automatic activation of Silo
Thorn ODESolvers requests automatic activation of Subcycling
Thorn Arith requests automatic activation of NSIMD
Thorn MPI requests automatic activation of hwloc
Thorn openPMD requests automatic activation of HDF5
Activating thorn ADIOS2...Success -> active implementation ADIOS2
Activating thorn ADMBaseX...Success -> active implementation ADMBaseX
Activating thorn AMReX...Success -> active implementation AMReX
Activating thorn Arith...Success -> active implementation Arith
Activating thorn CanudaX_BSSNMoL...Success -> active implementation CanudaX_BSSNMoL
Activating thorn CanudaX_ExactID...Success -> active implementation CanudaX_ExactID
Activating thorn CarpetX...Success -> active implementation Driver
Activating thorn CarpetXRegrid...Success -> active implementation CarpetXRegrid
Activating thorn HDF5...Success -> active implementation HDF5
Activating thorn hwloc...Success -> active implementation hwloc
Activating thorn IOUtil...Success -> active implementation IO
Activating thorn Loop...Success -> active implementation Loop
Activating thorn MPI...Success -> active implementation MPI
Activating thorn NSIMD...Success -> active implementation NSIMD
Activating thorn ODESolvers...Success -> active implementation ODESolvers
Activating thorn openPMD...Success -> active implementation openPMD
Activating thorn Silo...Success -> active implementation Silo
Activating thorn Subcycling...Success -> active implementation Subcycling
Activating thorn TmunuBaseX...Success -> active implementation TmunuBaseX
Activating thorn yaml_cpp...Success -> active implementation yaml_cpp
Activating thorn zlib...Success -> active implementation zlib
--------------------------------------------------------------------------------
  if (recover initial data)
    Recover parameters
  endif

  Startup routines
    [CCTK_STARTUP]
      CarpetX::Driver_Startup: Start up the driver
      IOUtil::IOUtil_Startup: Startup routine
      GROUP hwloc_startup: hwloc startup group
        hwloc::hwloc_version: Output hwloc version

  Startup routines which need an existing grid hierarchy
    [CCTK_WRAGH]
      Arith::Test_smallvector: [meta] Test small vectors
      Arith::Test_spvect: [meta] Test sparse vectors
      ODESolvers::ODESolvers_InitConstants: [global] Set up dummy loop counters for schedule printout
  Parameter checking routines
    [CCTK_PARAMCHECK]
      CanudaX_BSSNMoL::CanudaX_BSSNMoL_paramcheck: Check CanudaX_BSSNMoL parameters for consistency
      ODESolvers::ODESolvers_CheckTimelevels: [global] Reject multiple timelevels for evolved groups under subcycling

  Initialisation
    if (NOT (recover initial data AND recovery_mode is 'strict'))
      [CCTK_PREREGRIDINITIAL]
      Set up grid hierarchy
      [CCTK_POSTREGRIDINITIAL]
      [CCTK_BASEGRID]
        CarpetXRegrid::CarpetXRegrid_InitError: Initialize regridding error to zero
        GROUP ODESolvers_BaseGrid: Set up constants (e.g. coordinates) everywhere on the grid
      [CCTK_INITIAL]
        GROUP TmunuBaseX_SetTmunuVars: Schedule group for setting T_munu
          TmunuBaseX::TmunuBaseX_ZeroTmunu: Set T_munu to zero
          GROUP TmunuBaseX_AddToTmunu: Add to T_munu here
        GROUP ODESolvers_Initial: Set up initial conditions on interior of state vector
          GROUP ADMBaseX_InitialData: Schedule group for calculating ADM initial data
            GROUP CanudaX_ExactIDGroup: CanudaX_ExactID group for setting up initial data
              CanudaX_ExactID::CanudaX_ExactID_GaugeWave: [local] Create gauge wave initial data
          GROUP ADMBaseX_InitialGauge: Schedule group for the ADM initial gauge condition
            ADMBaseX::ADMBaseX_initial_dtlapse: Set dtlapse to zero
            ADMBaseX::ADMBaseX_initial_dtshift: Set dtshift to zero
          GROUP ADMBaseX_PostInitial: Schedule group for modifying the ADM initial data, such as e.g. adding noise
        GROUP CanudaX_BSSNMoL_InitialGroup: CanudaX_BSSNMoL: initial bin
          CanudaX_BSSNMoL::CanudaX_BSSNMoL_adm2bssn: [local] Convert initial data into BSSN variables
          CanudaX_BSSNMoL::CanudaX_BSSNMoL_gammat: [local] Set Gammat initial data
      [CCTK_POSTINITIAL]
        GROUP ODESolvers_PostStep: Apply boundary conditions to state vector, and project if necessary
          GROUP CanudaX_BSSNMoL_PostStepGroup: CanudaX_BSSNMoL: post-step operations
            CanudaX_BSSNMoL::CanudaX_BSSNMoL_impose_conf_fac_floor: Make sure conformal factor does not drop below specified value
            CanudaX_BSSNMoL::CanudaX_BSSNMoL_reset_detmetric: reset dethh = 1
            CanudaX_BSSNMoL::CanudaX_BSSNMoL_remove_trA: Remove trace of A
          GROUP ADMBaseX_SetADMRHS: Set ADM RHS variables in this group
          CanudaX_BSSNMoL::CanudaX_BSSNMoL_sync: [global] Sync state vector
          GROUP ADMBaseX_SetADMVars: Set ADM variables in this group
            CanudaX_BSSNMoL::CanudaX_BSSNMoL_bssn2adm: [local] Convert variables back to the ADM ones
          GROUP TmunuBaseX_SetTmunuVars: Schedule group for setting T_munu
            TmunuBaseX::TmunuBaseX_ZeroTmunu: Set T_munu to zero
            GROUP TmunuBaseX_AddToTmunu: Add to T_munu here
        GROUP ODESolvers_EstimateError: Estimate discretization error (for regridding)
      Initialise finer grids recursively
      Restrict from finer grids
      [CCTK_POSTRESTRICTINITIAL]
      [CCTK_POSTPOSTINITIAL]
      [CCTK_POSTSTEP]
        GROUP ODESolvers_EstimateError: Estimate discretization error (for regridding)
    endif
    if (recover initial data)
      [CCTK_BASEGRID]
        CarpetXRegrid::CarpetXRegrid_InitError: Initialize regridding error to zero
        GROUP ODESolvers_BaseGrid: Set up constants (e.g. coordinates) everywhere on the grid
      [CCTK_RECOVER_VARIABLES]
      [CCTK_POST_RECOVER_VARIABLES]
        GROUP ODESolvers_PostStep: Apply boundary conditions to state vector, and project if necessary
          GROUP CanudaX_BSSNMoL_PostStepGroup: CanudaX_BSSNMoL: post-step operations
            CanudaX_BSSNMoL::CanudaX_BSSNMoL_impose_conf_fac_floor: Make sure conformal factor does not drop below specified value
            CanudaX_BSSNMoL::CanudaX_BSSNMoL_reset_detmetric: reset dethh = 1
            CanudaX_BSSNMoL::CanudaX_BSSNMoL_remove_trA: Remove trace of A
          GROUP ADMBaseX_SetADMRHS: Set ADM RHS variables in this group
          CanudaX_BSSNMoL::CanudaX_BSSNMoL_sync: [global] Sync state vector
          GROUP ADMBaseX_SetADMVars: Set ADM variables in this group
            CanudaX_BSSNMoL::CanudaX_BSSNMoL_bssn2adm: [local] Convert variables back to the ADM ones
          GROUP TmunuBaseX_SetTmunuVars: Schedule group for setting T_munu
            TmunuBaseX::TmunuBaseX_ZeroTmunu: Set T_munu to zero
            GROUP TmunuBaseX_AddToTmunu: Add to T_munu here
        GROUP ODESolvers_EstimateError: Estimate discretization error (for regridding)
    endif
    if (checkpoint initial data)
      [CCTK_CPINITIAL]
        CarpetX::CarpetX_CheckpointInitial: [meta] Checkpoint initial conditions
        ODESolvers::ODESolvers_Solve_Subcycling_Recovery: [level] Refill refinement-boundary ghosts of evolved state after checkpoint recovery
    endif
    if (analysis)
      [CCTK_ANALYSIS]
        CanudaX_BSSNMoL::CanudaX_BSSNMoL_calc_ricci_for_constraints: MoL ricci tensor and scalar calculation
        CanudaX_BSSNMoL::CanudaX_BSSNMoL_bssn_constraints: Compute constraints
        GROUP ODESolvers_Analysis: Calculate analysis quantities everywhere
  endif
  Output grid variables

  do loop over timesteps
    [CCTK_PREREGRID]
    Change grid hierarchy
    [CCTK_POSTREGRID]
      GROUP ODESolvers_PostStep: Apply boundary conditions to state vector, and project if necessary
        GROUP CanudaX_BSSNMoL_PostStepGroup: CanudaX_BSSNMoL: post-step operations
          CanudaX_BSSNMoL::CanudaX_BSSNMoL_impose_conf_fac_floor: Make sure conformal factor does not drop below specified value
          CanudaX_BSSNMoL::CanudaX_BSSNMoL_reset_detmetric: reset dethh = 1
          CanudaX_BSSNMoL::CanudaX_BSSNMoL_remove_trA: Remove trace of A
        GROUP ADMBaseX_SetADMRHS: Set ADM RHS variables in this group
        CanudaX_BSSNMoL::CanudaX_BSSNMoL_sync: [global] Sync state vector
        GROUP ADMBaseX_SetADMVars: Set ADM variables in this group
          CanudaX_BSSNMoL::CanudaX_BSSNMoL_bssn2adm: [local] Convert variables back to the ADM ones
        GROUP TmunuBaseX_SetTmunuVars: Schedule group for setting T_munu
          TmunuBaseX::TmunuBaseX_ZeroTmunu: Set T_munu to zero
          GROUP TmunuBaseX_AddToTmunu: Add to T_munu here
    Rotate timelevels
    iteration = iteration+1
    t = t+dt
    [CCTK_PRESTEP]
    [CCTK_EVOL]
      ODESolvers::ODESolvers_Solve_Subcycling: [level] Solve ODEs using Subcycling
      while (ODESolvers::do_substeps)
        GROUP ODESolvers_CalledBySolve: Groups internally scheduled by ODESolvers_Solve
          GROUP ODESolvers_RHS: Evaluate the RHS for of state vector everywhere on the grid
            GROUP CanudaX_BSSNMoL_RHSGroup: CanudaX_BSSNMoL: calculate BSSN RHS
              CanudaX_BSSNMoL::CanudaX_BSSNMoL_calc_ricci: MoL ricci tensor and scalar calculation
              CanudaX_BSSNMoL::CanudaX_BSSNMoL_calc_bssn_rhs: MoL RHS calculation
              CanudaX_BSSNMoL::CanudaX_BSSNMoL_apply_boundary_conditions: Apply radiative boundary conditions 
          GROUP ODESolvers_PostStep: Apply boundary conditions to state vector, and project if necessary
            GROUP CanudaX_BSSNMoL_PostStepGroup: CanudaX_BSSNMoL: post-step operations
              CanudaX_BSSNMoL::CanudaX_BSSNMoL_impose_conf_fac_floor: Make sure conformal factor does not drop below specified value
              CanudaX_BSSNMoL::CanudaX_BSSNMoL_reset_detmetric: reset dethh = 1
              CanudaX_BSSNMoL::CanudaX_BSSNMoL_remove_trA: Remove trace of A
            GROUP ADMBaseX_SetADMRHS: Set ADM RHS variables in this group
            CanudaX_BSSNMoL::CanudaX_BSSNMoL_sync: [global] Sync state vector
            GROUP ADMBaseX_SetADMVars: Set ADM variables in this group
              CanudaX_BSSNMoL::CanudaX_BSSNMoL_bssn2adm: [local] Convert variables back to the ADM ones
            GROUP TmunuBaseX_SetTmunuVars: Schedule group for setting T_munu
              TmunuBaseX::TmunuBaseX_ZeroTmunu: Set T_munu to zero
              GROUP TmunuBaseX_AddToTmunu: Add to T_munu here
      end while
    Evolve finer grids recursively
    Restrict from finer grids
    [CCTK_POSTRESTRICT]
      GROUP ODESolvers_PostStep: Apply boundary conditions to state vector, and project if necessary
        GROUP CanudaX_BSSNMoL_PostStepGroup: CanudaX_BSSNMoL: post-step operations
          CanudaX_BSSNMoL::CanudaX_BSSNMoL_impose_conf_fac_floor: Make sure conformal factor does not drop below specified value
          CanudaX_BSSNMoL::CanudaX_BSSNMoL_reset_detmetric: reset dethh = 1
          CanudaX_BSSNMoL::CanudaX_BSSNMoL_remove_trA: Remove trace of A
        GROUP ADMBaseX_SetADMRHS: Set ADM RHS variables in this group
        CanudaX_BSSNMoL::CanudaX_BSSNMoL_sync: [global] Sync state vector
        GROUP ADMBaseX_SetADMVars: Set ADM variables in this group
          CanudaX_BSSNMoL::CanudaX_BSSNMoL_bssn2adm: [local] Convert variables back to the ADM ones
        GROUP TmunuBaseX_SetTmunuVars: Schedule group for setting T_munu
          TmunuBaseX::TmunuBaseX_ZeroTmunu: Set T_munu to zero
          GROUP TmunuBaseX_AddToTmunu: Add to T_munu here
    [CCTK_POSTSTEP]
      GROUP ODESolvers_EstimateError: Estimate discretization error (for regridding)
    if (checkpoint)
      [CCTK_CHECKPOINT]
      CarpetX::CarpetX_Checkpoint: [meta] Checkpoint
    endif
    if (analysis)
      [CCTK_ANALYSIS]
      CanudaX_BSSNMoL::CanudaX_BSSNMoL_calc_ricci_for_constraints: MoL ricci tensor and scalar calculation
      CanudaX_BSSNMoL::CanudaX_BSSNMoL_bssn_constraints: Compute constraints
      GROUP ODESolvers_Analysis: Calculate analysis quantities everywhere
    endif
    Output grid variables
    enddo

  Termination routines
    [CCTK_TERMINATE]
      CarpetX::CarpetX_CheckpointTerminate: [meta] Checkpoint before terminating

  Shutdown routines
    [CCTK_SHUTDOWN]
      CarpetX::Driver_Shutdown: [meta] Shut down the driver

  Routines run after changing the grid hierarchy:
    [CCTK_POSTREGRID]
      GROUP ODESolvers_PostStep: Apply boundary conditions to state vector, and project if necessary
        GROUP CanudaX_BSSNMoL_PostStepGroup: CanudaX_BSSNMoL: post-step operations
          CanudaX_BSSNMoL::CanudaX_BSSNMoL_impose_conf_fac_floor: Make sure conformal factor does not drop below specified value
          CanudaX_BSSNMoL::CanudaX_BSSNMoL_reset_detmetric: reset dethh = 1
          CanudaX_BSSNMoL::CanudaX_BSSNMoL_remove_trA: Remove trace of A
        GROUP ADMBaseX_SetADMRHS: Set ADM RHS variables in this group
        CanudaX_BSSNMoL::CanudaX_BSSNMoL_sync: [global] Sync state vector
        GROUP ADMBaseX_SetADMVars: Set ADM variables in this group
          CanudaX_BSSNMoL::CanudaX_BSSNMoL_bssn2adm: [local] Convert variables back to the ADM ones
        GROUP TmunuBaseX_SetTmunuVars: Schedule group for setting T_munu
          TmunuBaseX::TmunuBaseX_ZeroTmunu: Set T_munu to zero
          GROUP TmunuBaseX_AddToTmunu: Add to T_munu here
--------------------------------------------------------------------------------
INFO (hwloc): library version 2.10.0, API version 0x20800
--------------------------------------------------------------------------------
                                                            
   _______ _______  ______  _____  _______ _______ _     _  
   |       |_____| |_____/ |_____] |______    |     \___/   
   |_____  |     | |    \_ |       |______    |    _/   \_  
                                                            
AMR driver provided by CarpetX,
using AMReX 25.11 (MPI, OpenMP, no accelerators, optimized)
--------------------------------------------------------------------------------

Initializing AMReX (25.11)...
MPI initialized with 1 MPI processes
MPI initialized with thread support level 2
OMP initialized with 2 OMP threads
AMReX (25.11) initialized
INFO (CarpetX): 
Symmetries:
  lower x: periodic
  lower y: periodic
  lower z: periodic
  upper x: periodic
  upper y: periodic
  upper z: periodic
Default boundaries:
  lower x: symmetry_boundary
  lower y: symmetry_boundary
  lower z: symmetry_boundary
  upper x: symmetry_boundary
  upper y: symmetry_boundary
  upper z: symmetry_boundary
INFO (Arith): Test_smallvector
INFO (Arith): Test_spvect
INFO (CarpetX): Setting initial values for max_grid_size values for all levels
INFO (CarpetX): Setting up initial conditions...
INFO (CarpetX): Iteration: 0   time: 0   delta_time: 0.00390625
INFO (CarpetX): Patch 0:
INFO (CarpetX):   Grid extent:
INFO (CarpetX):     gsh=[71,15,15]
INFO (CarpetX):     blocking_factor=[8,8,8]
INFO (CarpetX):     max_grid_size=[10000000,10000000,10000000]
INFO (CarpetX):     max_tile_size=[1024000,16,32]
INFO (CarpetX):   Domain extent:
INFO (CarpetX):     xmin=[-0.5,-0.0625,-0.0625]
INFO (CarpetX):     xmax=[0.5,0.0625,0.0625]
INFO (CarpetX):     base dx=[0.015625,0.015625,0.015625]
INFO (CarpetX): Initializing level 0...
INFO (CanudaX_ExactID): Begin Gauge Wave initial data
INFO (CanudaX_ExactID): === End gauge wave initial data ===
INFO (CarpetX): Regridding...
INFO (CarpetX):   level 0: 1 boxes, 4096 cells (100%)
INFO (CarpetX): Initialized 1 levels
INFO (CarpetX): Starting evolution...
INFO (ODESolvers): Integrator is RK4
INFO (CarpetX): Simulation time: 0.00390625   Iterations per second: 17.0658   Simulation time per second: 0.0666631
INFO (CarpetX): Grid cells: 4096   Grid cell updates per second: 69901.4
INFO (CarpetX): Performance:
INFO (CarpetX):   total evolution time:            0.0585968 sec
INFO (CarpetX):   total evolution compute time:    0.058594 sec
INFO (CarpetX):   total evolution output time:     2.86102e-06 sec
INFO (CarpetX):   total iterations:                1
INFO (CarpetX):   total cells updated:             4096
INFO (CarpetX):   average iterations per second: 17.0658
INFO (CarpetX):   average cell updates per second: 69901.4
INFO (CarpetX): Simulation time: 0.0078125   Iterations per second: 17.4466   Simulation time per second: 0.0681507
INFO (CarpetX): Grid cells: 4096   Grid cell updates per second: 71461.2
INFO (CarpetX): Performance:
INFO (CarpetX):   total evolution time:            0.114636 sec
INFO (CarpetX):   total evolution compute time:    0.114631 sec
INFO (CarpetX):   total evolution output time:     4.76837e-06 sec
INFO (CarpetX):   total iterations:                2
INFO (CarpetX):   total cells updated:             8192
INFO (CarpetX):   average iterations per second: 17.4466
INFO (CarpetX):   average cell updates per second: 71461.2
INFO (CarpetX): Simulation time: 0.0117188   Iterations per second: 17.5678   Simulation time per second: 0.0686244
INFO (CarpetX): Grid cells: 4096   Grid cell updates per second: 71957.9
INFO (CarpetX): Performance:
INFO (CarpetX):   total evolution time:            0.170767 sec
INFO (CarpetX):   total evolution compute time:    0.17076 sec
INFO (CarpetX):   total evolution output time:     6.67572e-06 sec
INFO (CarpetX):   total iterations:                3
INFO (CarpetX):   total cells updated:             12288
INFO (CarpetX):   average iterations per second: 17.5678
INFO (CarpetX):   average cell updates per second: 71957.9
INFO (CarpetX): Simulation time: 0.015625   Iterations per second: 17.6348   Simulation time per second: 0.0688858
INFO (CarpetX): Grid cells: 4096   Grid cell updates per second: 72232
INFO (CarpetX): Performance:
INFO (CarpetX):   total evolution time:            0.226825 sec
INFO (CarpetX):   total evolution compute time:    0.226816 sec
INFO (CarpetX):   total evolution output time:     8.58307e-06 sec
INFO (CarpetX):   total iterations:                4
INFO (CarpetX):   total cells updated:             16384
INFO (CarpetX):   average iterations per second: 17.6348
INFO (CarpetX):   average cell updates per second: 72232
INFO (CarpetX): Simulation time: 0.0195312   Iterations per second: 17.6756   Simulation time per second: 0.0690454
INFO (CarpetX): Grid cells: 4096   Grid cell updates per second: 72399.3
INFO (CarpetX): Performance:
INFO (CarpetX):   total evolution time:            0.282876 sec
INFO (CarpetX):   total evolution compute time:    0.282864 sec
INFO (CarpetX):   total evolution output time:     1.14441e-05 sec
INFO (CarpetX):   total iterations:                5
INFO (CarpetX):   total cells updated:             20480
INFO (CarpetX):   average iterations per second: 17.6756
INFO (CarpetX):   average cell updates per second: 72399.3
INFO (CarpetX): Simulation time: 0.0234375   Iterations per second: 17.702   Simulation time per second: 0.0691485
INFO (CarpetX): Grid cells: 4096   Grid cell updates per second: 72507.4
INFO (CarpetX): Performance:
INFO (CarpetX):   total evolution time:            0.338945 sec
INFO (CarpetX):   total evolution compute time:    0.338931 sec
INFO (CarpetX):   total evolution output time:     1.35899e-05 sec
INFO (CarpetX):   total iterations:                6
INFO (CarpetX):   total cells updated:             24576
INFO (CarpetX):   average iterations per second: 17.702
INFO (CarpetX):   average cell updates per second: 72507.4
INFO (CarpetX): Simulation time: 0.0273438   Iterations per second: 17.7192   Simulation time per second: 0.0692155
INFO (CarpetX): Grid cells: 4096   Grid cell updates per second: 72577.7
INFO (CarpetX): Performance:
INFO (CarpetX):   total evolution time:            0.395053 sec
INFO (CarpetX):   total evolution compute time:    0.395037 sec
INFO (CarpetX):   total evolution output time:     1.54972e-05 sec
INFO (CarpetX):   total iterations:                7
INFO (CarpetX):   total cells updated:             28672
INFO (CarpetX):   average iterations per second: 17.7192
INFO (CarpetX):   average cell updates per second: 72577.7
INFO (CarpetX): Simulation time: 0.03125   Iterations per second: 17.7352   Simulation time per second: 0.0692782
INFO (CarpetX): Grid cells: 4096   Grid cell updates per second: 72643.5
INFO (CarpetX): Performance:
INFO (CarpetX):   total evolution time:            0.45108 sec
INFO (CarpetX):   total evolution compute time:    0.451061 sec
INFO (CarpetX):   total evolution output time:     1.83582e-05 sec
INFO (CarpetX):   total iterations:                8
INFO (CarpetX):   total cells updated:             32768
INFO (CarpetX):   average iterations per second: 17.7352
INFO (CarpetX):   average cell updates per second: 72643.5
INFO (CarpetX): Simulation time: 0.0351562   Iterations per second: 17.7494   Simulation time per second: 0.0693334
INFO (CarpetX): Grid cells: 4096   Grid cell updates per second: 72701.4
INFO (CarpetX): Performance:
INFO (CarpetX):   total evolution time:            0.507061 sec
INFO (CarpetX):   total evolution compute time:    0.50704 sec
INFO (CarpetX):   total evolution output time:     2.02656e-05 sec
INFO (CarpetX):   total iterations:                9
INFO (CarpetX):   total cells updated:             36864
INFO (CarpetX):   average iterations per second: 17.7494
INFO (CarpetX):   average cell updates per second: 72701.4
INFO (CarpetX): Simulation time: 0.0390625   Iterations per second: 17.7591   Simulation time per second: 0.0693715
INFO (CarpetX): Grid cells: 4096   Grid cell updates per second: 72741.3
INFO (CarpetX): Performance:
INFO (CarpetX):   total evolution time:            0.563092 sec
INFO (CarpetX):   total evolution compute time:    0.563068 sec
INFO (CarpetX):   total evolution output time:     2.3365e-05 sec
INFO (CarpetX):   total iterations:                10
INFO (CarpetX):   total cells updated:             40960
INFO (CarpetX):   average iterations per second: 17.7591
INFO (CarpetX):   average cell updates per second: 72741.3
INFO (CarpetX): Simulation time: 0.0429688   Iterations per second: 17.7682   Simulation time per second: 0.0694071
INFO (CarpetX): Grid cells: 4096   Grid cell updates per second: 72778.7
INFO (CarpetX): Performance:
INFO (CarpetX):   total evolution time:            0.619112 sec
INFO (CarpetX):   total evolution compute time:    0.619086 sec
INFO (CarpetX):   total evolution output time:     2.52724e-05 sec
INFO (CarpetX):   total iterations:                11
INFO (CarpetX):   total cells updated:             45056
INFO (CarpetX):   average iterations per second: 17.7674
INFO (CarpetX):   average cell updates per second: 72775.3
INFO (CarpetX): Simulation time: 0.046875   Iterations per second: 17.7764   Simulation time per second: 0.069439
INFO (CarpetX): Grid cells: 4096   Grid cell updates per second: 72812.1
INFO (CarpetX): Performance:
INFO (CarpetX):   total evolution time:            0.675133 sec
INFO (CarpetX):   total evolution compute time:    0.675105 sec
INFO (CarpetX):   total evolution output time:     2.83718e-05 sec
INFO (CarpetX):   total iterations:                12
INFO (CarpetX):   total cells updated:             49152
INFO (CarpetX):   average iterations per second: 17.7743
INFO (CarpetX):   average cell updates per second: 72803.4
INFO (CarpetX): Simulation time: 0.0507812   Iterations per second: 17.7856   Simulation time per second: 0.0694751
INFO (CarpetX): Grid cells: 4096   Grid cell updates per second: 72850
INFO (CarpetX): Performance:
INFO (CarpetX):   total evolution time:            0.731095 sec
INFO (CarpetX):   total evolution compute time:    0.731065 sec
INFO (CarpetX):   total evolution output time:     3.02792e-05 sec
INFO (CarpetX):   total iterations:                13
INFO (CarpetX):   total cells updated:             53248
INFO (CarpetX):   average iterations per second: 17.7815
INFO (CarpetX):   average cell updates per second: 72833.2
INFO (CarpetX): Simulation time: 0.0546875   Iterations per second: 17.7922   Simulation time per second: 0.0695006
INFO (CarpetX): Grid cells: 4096   Grid cell updates per second: 72876.7
INFO (CarpetX): Performance:
INFO (CarpetX):   total evolution time:            0.787114 sec
INFO (CarpetX):   total evolution compute time:    0.787081 sec
INFO (CarpetX):   total evolution output time:     3.31402e-05 sec
INFO (CarpetX):   total iterations:                14
INFO (CarpetX):   total cells updated:             57344
INFO (CarpetX):   average iterations per second: 17.7865
INFO (CarpetX):   average cell updates per second: 72853.5
INFO (CarpetX): Simulation time: 0.0585938   Iterations per second: 17.7992   Simulation time per second: 0.0695281
INFO (CarpetX): Grid cells: 4096   Grid cell updates per second: 72905.5
INFO (CarpetX): Performance:
INFO (CarpetX):   total evolution time:            0.843096 sec
INFO (CarpetX):   total evolution compute time:    0.84306 sec
INFO (CarpetX):   total evolution output time:     3.62396e-05 sec
INFO (CarpetX):   total iterations:                15
INFO (CarpetX):   total cells updated:             61440
INFO (CarpetX):   average iterations per second: 17.7916
INFO (CarpetX):   average cell updates per second: 72874.2
INFO (CarpetX): Simulation time: 0.0625   Iterations per second: 17.802   Simulation time per second: 0.0695389
INFO (CarpetX): Grid cells: 4096   Grid cell updates per second: 72916.9
INFO (CarpetX): Performance:
INFO (CarpetX):   total evolution time:            0.899191 sec
INFO (CarpetX):   total evolution compute time:    0.899153 sec
INFO (CarpetX):   total evolution output time:     3.8147e-05 sec
INFO (CarpetX):   total iterations:                16
INFO (CarpetX):   total cells updated:             65536
INFO (CarpetX):   average iterations per second: 17.7938
INFO (CarpetX):   average cell updates per second: 72883.3
INFO (CarpetX): Simulation time: 0.0664062   Iterations per second: 17.8052   Simulation time per second: 0.0695515
INFO (CarpetX): Grid cells: 4096   Grid cell updates per second: 72930.1
INFO (CarpetX): Performance:
INFO (CarpetX):   total evolution time:            0.955263 sec
INFO (CarpetX):   total evolution compute time:    0.955222 sec
INFO (CarpetX):   total evolution output time:     4.1008e-05 sec
INFO (CarpetX):   total iterations:                17
INFO (CarpetX):   total cells updated:             69632
INFO (CarpetX):   average iterations per second: 17.7961
INFO (CarpetX):   average cell updates per second: 72893
INFO (CarpetX): Simulation time: 0.0703125   Iterations per second: 17.8088   Simulation time per second: 0.0695657
INFO (CarpetX): Grid cells: 4096   Grid cell updates per second: 72944.9
INFO (CarpetX): Performance:
INFO (CarpetX):   total evolution time:            1.01131 sec
INFO (CarpetX):   total evolution compute time:    1.01127 sec
INFO (CarpetX):   total evolution output time:     4.31538e-05 sec
INFO (CarpetX):   total iterations:                18
INFO (CarpetX):   total cells updated:             73728
INFO (CarpetX):   average iterations per second: 17.7987
INFO (CarpetX):   average cell updates per second: 72903.3
INFO (CarpetX): Simulation time: 0.0742188   Iterations per second: 17.8123   Simulation time per second: 0.0695792
INFO (CarpetX): Grid cells: 4096   Grid cell updates per second: 72959
INFO (CarpetX): Performance:
INFO (CarpetX):   total evolution time:            1.06736 sec
INFO (CarpetX):   total evolution compute time:    1.06731 sec
INFO (CarpetX):   total evolution output time:     4.52995e-05 sec
INFO (CarpetX):   total iterations:                19
INFO (CarpetX):   total cells updated:             77824
INFO (CarpetX):   average iterations per second: 17.801
INFO (CarpetX):   average cell updates per second: 72912.9
INFO (CarpetX): Simulation time: 0.078125   Iterations per second: 17.8158   Simulation time per second: 0.0695928
INFO (CarpetX): Grid cells: 4096   Grid cell updates per second: 72973.4
INFO (CarpetX): Performance:
INFO (CarpetX):   total evolution time:            1.12339 sec
INFO (CarpetX):   total evolution compute time:    1.12334 sec
INFO (CarpetX):   total evolution output time:     4.74453e-05 sec
INFO (CarpetX):   total iterations:                20
INFO (CarpetX):   total cells updated:             81920
INFO (CarpetX):   average iterations per second: 17.8033
INFO (CarpetX):   average cell updates per second: 72922.4
INFO (CarpetX): Simulation time: 0.0820312   Iterations per second: 17.8162   Simulation time per second: 0.0695947
INFO (CarpetX): Grid cells: 4096   Grid cell updates per second: 72975.3
INFO (CarpetX): Performance:
INFO (CarpetX):   total evolution time:            1.1795 sec
INFO (CarpetX):   total evolution compute time:    1.17945 sec
INFO (CarpetX):   total evolution output time:     5.05447e-05 sec
INFO (CarpetX):   total iterations:                21
INFO (CarpetX):   total cells updated:             86016
INFO (CarpetX):   average iterations per second: 17.8041
INFO (CarpetX):   average cell updates per second: 72925.7
INFO (CarpetX): Simulation time: 0.0859375   Iterations per second: 17.8192   Simulation time per second: 0.0696064
INFO (CarpetX): Grid cells: 4096   Grid cell updates per second: 72987.6
INFO (CarpetX): Performance:
INFO (CarpetX):   total evolution time:            1.23554 sec
INFO (CarpetX):   total evolution compute time:    1.23548 sec
INFO (CarpetX):   total evolution output time:     5.24521e-05 sec
INFO (CarpetX):   total iterations:                22
INFO (CarpetX):   total cells updated:             90112
INFO (CarpetX):   average iterations per second: 17.806
INFO (CarpetX):   average cell updates per second: 72933.6
INFO (CarpetX): Simulation time: 0.0898438   Iterations per second: 17.8209   Simulation time per second: 0.0696129
INFO (CarpetX): Grid cells: 4096   Grid cell updates per second: 72994.4
INFO (CarpetX): Performance:
INFO (CarpetX):   total evolution time:            1.2916 sec
INFO (CarpetX):   total evolution compute time:    1.29155 sec
INFO (CarpetX):   total evolution output time:     5.45979e-05 sec
INFO (CarpetX):   total iterations:                23
INFO (CarpetX):   total cells updated:             94208
INFO (CarpetX):   average iterations per second: 17.8073
INFO (CarpetX):   average cell updates per second: 72938.8
INFO (CarpetX): Simulation time: 0.09375   Iterations per second: 17.8233   Simulation time per second: 0.0696222
INFO (CarpetX): Grid cells: 4096   Grid cell updates per second: 73004.1
INFO (CarpetX): Performance:
INFO (CarpetX):   total evolution time:            1.34764 sec
INFO (CarpetX):   total evolution compute time:    1.34758 sec
INFO (CarpetX):   total evolution output time:     5.65052e-05 sec
INFO (CarpetX):   total iterations:                24
INFO (CarpetX):   total cells updated:             98304
INFO (CarpetX):   average iterations per second: 17.8089
INFO (CarpetX):   average cell updates per second: 72945.2
INFO (CarpetX): Simulation time: 0.0976562   Iterations per second: 17.8245   Simulation time per second: 0.0696271
INFO (CarpetX): Grid cells: 4096   Grid cell updates per second: 73009.3
INFO (CarpetX): Performance:
INFO (CarpetX):   total evolution time:            1.40371 sec
INFO (CarpetX):   total evolution compute time:    1.40365 sec
INFO (CarpetX):   total evolution output time:     5.84126e-05 sec
INFO (CarpetX):   total iterations:                25
INFO (CarpetX):   total cells updated:             102400
INFO (CarpetX):   average iterations per second: 17.81
INFO (CarpetX):   average cell updates per second: 72949.6
INFO (CarpetX): Simulation time: 0.101562   Iterations per second: 17.828   Simulation time per second: 0.0696407
INFO (CarpetX): Grid cells: 4096   Grid cell updates per second: 73023.5
INFO (CarpetX): Performance:
INFO (CarpetX):   total evolution time:            1.4597 sec
INFO (CarpetX):   total evolution compute time:    1.45964 sec
INFO (CarpetX):   total evolution output time:     6.12736e-05 sec
INFO (CarpetX):   total iterations:                26
INFO (CarpetX):   total cells updated:             106496
INFO (CarpetX):   average iterations per second: 17.8119
INFO (CarpetX):   average cell updates per second: 72957.4
INFO (CarpetX): Simulation time: 0.105469   Iterations per second: 17.8297   Simulation time per second: 0.0696472
INFO (CarpetX): Grid cells: 4096   Grid cell updates per second: 73030.4
INFO (CarpetX): Performance:
INFO (CarpetX):   total evolution time:            1.51574 sec
INFO (CarpetX):   total evolution compute time:    1.51568 sec
INFO (CarpetX):   total evolution output time:     6.31809e-05 sec
INFO (CarpetX):   total iterations:                27
INFO (CarpetX):   total cells updated:             110592
INFO (CarpetX):   average iterations per second: 17.8131
INFO (CarpetX):   average cell updates per second: 72962.4
INFO (CarpetX): Simulation time: 0.109375   Iterations per second: 17.8313   Simulation time per second: 0.0696535
INFO (CarpetX): Grid cells: 4096   Grid cell updates per second: 73037
INFO (CarpetX): Performance:
INFO (CarpetX):   total evolution time:            1.57178 sec
INFO (CarpetX):   total evolution compute time:    1.57171 sec
INFO (CarpetX):   total evolution output time:     6.62804e-05 sec
INFO (CarpetX):   total iterations:                28
INFO (CarpetX):   total cells updated:             114688
INFO (CarpetX):   average iterations per second: 17.8142
INFO (CarpetX):   average cell updates per second: 72967.2
INFO (CarpetX): Simulation time: 0.113281   Iterations per second: 17.8332   Simulation time per second: 0.069661
INFO (CarpetX): Grid cells: 4096   Grid cell updates per second: 73044.9
INFO (CarpetX): Performance:
INFO (CarpetX):   total evolution time:            1.6278 sec
INFO (CarpetX):   total evolution compute time:    1.62773 sec
INFO (CarpetX):   total evolution output time:     6.81877e-05 sec
INFO (CarpetX):   total iterations:                29
INFO (CarpetX):   total cells updated:             118784
INFO (CarpetX):   average iterations per second: 17.8155
INFO (CarpetX):   average cell updates per second: 72972.3
INFO (CarpetX): Simulation time: 0.117188   Iterations per second: 17.833   Simulation time per second: 0.0696603
INFO (CarpetX): Grid cells: 4096   Grid cell updates per second: 73044.1
INFO (CarpetX): Performance:
INFO (CarpetX):   total evolution time:            1.68388 sec
INFO (CarpetX):   total evolution compute time:    1.68381 sec
INFO (CarpetX):   total evolution output time:     7.12872e-05 sec
INFO (CarpetX):   total iterations:                30
INFO (CarpetX):   total cells updated:             122880
INFO (CarpetX):   average iterations per second: 17.816
INFO (CarpetX):   average cell updates per second: 72974.4
INFO (CarpetX): Simulation time: 0.121094   Iterations per second: 17.8346   Simulation time per second: 0.0696663
INFO (CarpetX): Grid cells: 4096   Grid cell updates per second: 73050.5
INFO (CarpetX): Performance:
INFO (CarpetX):   total evolution time:            1.7399 sec
INFO (CarpetX):   total evolution compute time:    1.73983 sec
INFO (CarpetX):   total evolution output time:     7.41482e-05 sec
INFO (CarpetX):   total iterations:                31
INFO (CarpetX):   total cells updated:             126976
INFO (CarpetX):   average iterations per second: 17.8171
INFO (CarpetX):   average cell updates per second: 72978.7
INFO (CarpetX): Simulation time: 0.125   Iterations per second: 17.8345   Simulation time per second: 0.069666
INFO (CarpetX): Grid cells: 4096   Grid cell updates per second: 73050.1
INFO (CarpetX): Performance:
INFO (CarpetX):   total evolution time:            1.79598 sec
INFO (CarpetX):   total evolution compute time:    1.7959 sec
INFO (CarpetX):   total evolution output time:     7.72476e-05 sec
INFO (CarpetX):   total iterations:                32
INFO (CarpetX):   total cells updated:             131072
INFO (CarpetX):   average iterations per second: 17.8176
INFO (CarpetX):   average cell updates per second: 72980.9
INFO (CarpetX): Simulation time: 0.128906   Iterations per second: 17.8338   Simulation time per second: 0.0696633
INFO (CarpetX): Grid cells: 4096   Grid cell updates per second: 73047.3
INFO (CarpetX): Performance:
INFO (CarpetX):   total evolution time:            1.85207 sec
INFO (CarpetX):   total evolution compute time:    1.85199 sec
INFO (CarpetX):   total evolution output time:     7.93934e-05 sec
INFO (CarpetX):   total iterations:                33
INFO (CarpetX):   total cells updated:             135168
INFO (CarpetX):   average iterations per second: 17.8179
INFO (CarpetX):   average cell updates per second: 72982.1
INFO (CarpetX): Simulation time: 0.132812   Iterations per second: 17.8302   Simulation time per second: 0.0696493
INFO (CarpetX): Grid cells: 4096   Grid cell updates per second: 73032.6
INFO (CarpetX): Performance:
INFO (CarpetX):   total evolution time:            1.90826 sec
INFO (CarpetX):   total evolution compute time:    1.90817 sec
INFO (CarpetX):   total evolution output time:     8.24928e-05 sec
INFO (CarpetX):   total iterations:                34
INFO (CarpetX):   total cells updated:             139264
INFO (CarpetX):   average iterations per second: 17.8173
INFO (CarpetX):   average cell updates per second: 72979.7
INFO (CarpetX): Simulation time: 0.136719   Iterations per second: 17.8296   Simulation time per second: 0.069647
INFO (CarpetX): Grid cells: 4096   Grid cell updates per second: 73030.2
INFO (CarpetX): Performance:
INFO (CarpetX):   total evolution time:            1.96436 sec
INFO (CarpetX):   total evolution compute time:    1.96427 sec
INFO (CarpetX):   total evolution output time:     8.53539e-05 sec
INFO (CarpetX):   total iterations:                35
INFO (CarpetX):   total cells updated:             143360
INFO (CarpetX):   average iterations per second: 17.8175
INFO (CarpetX):   average cell updates per second: 72980.5
INFO (CarpetX): Simulation time: 0.140625   Iterations per second: 17.8297   Simulation time per second: 0.0696472
INFO (CarpetX): Grid cells: 4096   Grid cell updates per second: 73030.4
INFO (CarpetX): Performance:
INFO (CarpetX):   total evolution time:            2.02044 sec
INFO (CarpetX):   total evolution compute time:    2.02036 sec
INFO (CarpetX):   total evolution output time:     8.72612e-05 sec
INFO (CarpetX):   total iterations:                36
INFO (CarpetX):   total cells updated:             147456
INFO (CarpetX):   average iterations per second: 17.8179
INFO (CarpetX):   average cell updates per second: 72982
INFO (CarpetX): Simulation time: 0.144531   Iterations per second: 17.8183   Simulation time per second: 0.0696028
INFO (CarpetX): Grid cells: 4096   Grid cell updates per second: 72983.8
INFO (CarpetX): Performance:
INFO (CarpetX):   total evolution time:            2.07689 sec
INFO (CarpetX):   total evolution compute time:    2.0768 sec
INFO (CarpetX):   total evolution output time:     8.9407e-05 sec
INFO (CarpetX):   total iterations:                37
INFO (CarpetX):   total cells updated:             151552
INFO (CarpetX):   average iterations per second: 17.8151
INFO (CarpetX):   average cell updates per second: 72970.7
INFO (CarpetX): Simulation time: 0.148438   Iterations per second: 17.8189   Simulation time per second: 0.0696052
INFO (CarpetX): Grid cells: 4096   Grid cell updates per second: 72986.3
INFO (CarpetX): Performance:
INFO (CarpetX):   total evolution time:            2.13299 sec
INFO (CarpetX):   total evolution compute time:    2.1329 sec
INFO (CarpetX):   total evolution output time:     9.13143e-05 sec
INFO (CarpetX):   total iterations:                38
INFO (CarpetX):   total cells updated:             155648
INFO (CarpetX):   average iterations per second: 17.8154
INFO (CarpetX):   average cell updates per second: 72971.7
INFO (CarpetX): Simulation time: 0.152344   Iterations per second: 17.8223   Simulation time per second: 0.0696184
INFO (CarpetX): Grid cells: 4096   Grid cell updates per second: 73000.2
INFO (CarpetX): Performance:
INFO (CarpetX):   total evolution time:            2.189 sec
INFO (CarpetX):   total evolution compute time:    2.18891 sec
INFO (CarpetX):   total evolution output time:     9.44138e-05 sec
INFO (CarpetX):   total iterations:                39
INFO (CarpetX):   total cells updated:             159744
INFO (CarpetX):   average iterations per second: 17.8163
INFO (CarpetX):   average cell updates per second: 72975.6
INFO (CarpetX): Simulation time: 0.15625   Iterations per second: 17.8266   Simulation time per second: 0.069635
INFO (CarpetX): Grid cells: 4096   Grid cell updates per second: 73017.6
INFO (CarpetX): Performance:
INFO (CarpetX):   total evolution time:            2.24498 sec
INFO (CarpetX):   total evolution compute time:    2.24488 sec
INFO (CarpetX):   total evolution output time:     9.72748e-05 sec
INFO (CarpetX):   total iterations:                40
INFO (CarpetX):   total cells updated:             163840
INFO (CarpetX):   average iterations per second: 17.8175
INFO (CarpetX):   average cell updates per second: 72980.6
INFO (CarpetX): Simulation time: 0.160156   Iterations per second: 17.831   Simulation time per second: 0.0696523
INFO (CarpetX): Grid cells: 4096   Grid cell updates per second: 73035.7
INFO (CarpetX): Performance:
INFO (CarpetX):   total evolution time:            2.30094 sec
INFO (CarpetX):   total evolution compute time:    2.30084 sec
INFO (CarpetX):   total evolution output time:     9.91821e-05 sec
INFO (CarpetX):   total iterations:                41
INFO (CarpetX):   total cells updated:             167936
INFO (CarpetX):   average iterations per second: 17.8188
INFO (CarpetX):   average cell updates per second: 72985.9
INFO (CarpetX): Simulation time: 0.164062   Iterations per second: 17.8344   Simulation time per second: 0.0696657
INFO (CarpetX): Grid cells: 4096   Grid cell updates per second: 73049.8
INFO (CarpetX): Performance:
INFO (CarpetX):   total evolution time:            2.35691 sec
INFO (CarpetX):   total evolution compute time:    2.35681 sec
INFO (CarpetX):   total evolution output time:     0.000101089 sec
INFO (CarpetX):   total iterations:                42
INFO (CarpetX):   total cells updated:             172032
INFO (CarpetX):   average iterations per second: 17.8199
INFO (CarpetX):   average cell updates per second: 72990.4
INFO (CarpetX): Simulation time: 0.167969   Iterations per second: 17.8359   Simulation time per second: 0.0696715
INFO (CarpetX): Grid cells: 4096   Grid cell updates per second: 73055.8
INFO (CarpetX): Performance:
INFO (CarpetX):   total evolution time:            2.41294 sec
INFO (CarpetX):   total evolution compute time:    2.41283 sec
INFO (CarpetX):   total evolution output time:     0.000104189 sec
INFO (CarpetX):   total iterations:                43
INFO (CarpetX):   total cells updated:             176128
INFO (CarpetX):   average iterations per second: 17.8206
INFO (CarpetX):   average cell updates per second: 72993.2
INFO (CarpetX): Simulation time: 0.171875   Iterations per second: 17.839   Simulation time per second: 0.0696835
INFO (CarpetX): Grid cells: 4096   Grid cell updates per second: 73068.5
INFO (CarpetX): Performance:
INFO (CarpetX):   total evolution time:            2.46891 sec
INFO (CarpetX):   total evolution compute time:    2.4688 sec
INFO (CarpetX):   total evolution output time:     0.000106335 sec
INFO (CarpetX):   total iterations:                44
INFO (CarpetX):   total cells updated:             180224
INFO (CarpetX):   average iterations per second: 17.8217
INFO (CarpetX):   average cell updates per second: 72997.5
INFO (CarpetX): Simulation time: 0.175781   Iterations per second: 17.8408   Simulation time per second: 0.0696907
INFO (CarpetX): Grid cells: 4096   Grid cell updates per second: 73076
INFO (CarpetX): Performance:
INFO (CarpetX):   total evolution time:            2.52491 sec
INFO (CarpetX):   total evolution compute time:    2.5248 sec
INFO (CarpetX):   total evolution output time:     0.00010848 sec
INFO (CarpetX):   total iterations:                45
INFO (CarpetX):   total cells updated:             184320
INFO (CarpetX):   average iterations per second: 17.8224
INFO (CarpetX):   average cell updates per second: 73000.8
INFO (CarpetX): Simulation time: 0.179688   Iterations per second: 17.8433   Simulation time per second: 0.0697003
INFO (CarpetX): Grid cells: 4096   Grid cell updates per second: 73086.1
INFO (CarpetX): Performance:
INFO (CarpetX):   total evolution time:            2.58088 sec
INFO (CarpetX):   total evolution compute time:    2.58077 sec
INFO (CarpetX):   total evolution output time:     0.000111341 sec
INFO (CarpetX):   total iterations:                46
INFO (CarpetX):   total cells updated:             188416
INFO (CarpetX):   average iterations per second: 17.8234
INFO (CarpetX):   average cell updates per second: 73004.6
INFO (CarpetX): Simulation time: 0.183594   Iterations per second: 17.845   Simulation time per second: 0.0697069
INFO (CarpetX): Grid cells: 4096   Grid cell updates per second: 73092.9
INFO (CarpetX): Performance:
INFO (CarpetX):   total evolution time:            2.63687 sec
INFO (CarpetX):   total evolution compute time:    2.63676 sec
INFO (CarpetX):   total evolution output time:     0.000113487 sec
INFO (CarpetX):   total iterations:                47
INFO (CarpetX):   total cells updated:             192512
INFO (CarpetX):   average iterations per second: 17.8242
INFO (CarpetX):   average cell updates per second: 73007.8
INFO (CarpetX): Simulation time: 0.1875   Iterations per second: 17.8468   Simulation time per second: 0.069714
INFO (CarpetX): Grid cells: 4096   Grid cell updates per second: 73100.4
INFO (CarpetX): Performance:
INFO (CarpetX):   total evolution time:            2.69285 sec
INFO (CarpetX):   total evolution compute time:    2.69273 sec
INFO (CarpetX):   total evolution output time:     0.000116587 sec
INFO (CarpetX):   total iterations:                48
INFO (CarpetX):   total cells updated:             196608
INFO (CarpetX):   average iterations per second: 17.825
INFO (CarpetX):   average cell updates per second: 73011.1
INFO (CarpetX): Simulation time: 0.191406   Iterations per second: 17.8485   Simulation time per second: 0.0697205
INFO (CarpetX): Grid cells: 4096   Grid cell updates per second: 73107.3
INFO (CarpetX): Performance:
INFO (CarpetX):   total evolution time:            2.74883 sec
INFO (CarpetX):   total evolution compute time:    2.74871 sec
INFO (CarpetX):   total evolution output time:     0.000119686 sec
INFO (CarpetX):   total iterations:                49
INFO (CarpetX):   total cells updated:             200704
INFO (CarpetX):   average iterations per second: 17.8258
INFO (CarpetX):   average cell updates per second: 73014.3
INFO (CarpetX): Simulation time: 0.195312   Iterations per second: 17.8499   Simulation time per second: 0.069726
INFO (CarpetX): Grid cells: 4096   Grid cell updates per second: 73113
INFO (CarpetX): Performance:
INFO (CarpetX):   total evolution time:            2.80481 sec
INFO (CarpetX):   total evolution compute time:    2.80469 sec
INFO (CarpetX):   total evolution output time:     0.000122786 sec
INFO (CarpetX):   total iterations:                50
INFO (CarpetX):   total cells updated:             204800
INFO (CarpetX):   average iterations per second: 17.8265
INFO (CarpetX):   average cell updates per second: 73017.3
INFO (CarpetX): Simulation time: 0.199219   Iterations per second: 17.8517   Simulation time per second: 0.0697332
INFO (CarpetX): Grid cells: 4096   Grid cell updates per second: 73120.6
INFO (CarpetX): Performance:
INFO (CarpetX):   total evolution time:            2.86078 sec
INFO (CarpetX):   total evolution compute time:    2.86065 sec
INFO (CarpetX):   total evolution output time:     0.000124931 sec
INFO (CarpetX):   total iterations:                51
INFO (CarpetX):   total cells updated:             208896
INFO (CarpetX):   average iterations per second: 17.8273
INFO (CarpetX):   average cell updates per second: 73020.7
INFO (CarpetX): Simulation time: 0.203125   Iterations per second: 17.8146   Simulation time per second: 0.0695881
INFO (CarpetX): Grid cells: 4096   Grid cell updates per second: 72968.4
INFO (CarpetX): Performance:
INFO (CarpetX):   total evolution time:            2.91796 sec
INFO (CarpetX):   total evolution compute time:    2.91784 sec
INFO (CarpetX):   total evolution output time:     0.000128031 sec
INFO (CarpetX):   total iterations:                52
INFO (CarpetX):   total cells updated:             212992
INFO (CarpetX):   average iterations per second: 17.8206
INFO (CarpetX):   average cell updates per second: 72993.3
INFO (CarpetX): Simulation time: 0.207031   Iterations per second: 17.8173   Simulation time per second: 0.0695989
INFO (CarpetX): Grid cells: 4096   Grid cell updates per second: 72979.7
INFO (CarpetX): Performance:
INFO (CarpetX):   total evolution time:            2.97401 sec
INFO (CarpetX):   total evolution compute time:    2.97388 sec
INFO (CarpetX):   total evolution output time:     0.000129938 sec
INFO (CarpetX):   total iterations:                53
INFO (CarpetX):   total cells updated:             217088
INFO (CarpetX):   average iterations per second: 17.821
INFO (CarpetX):   average cell updates per second: 72995
INFO (CarpetX): Simulation time: 0.210938   Iterations per second: 17.8222   Simulation time per second: 0.0696179
INFO (CarpetX): Grid cells: 4096   Grid cell updates per second: 72999.7
INFO (CarpetX): Performance:
INFO (CarpetX):   total evolution time:            3.02998 sec
INFO (CarpetX):   total evolution compute time:    3.02985 sec
INFO (CarpetX):   total evolution output time:     0.000132799 sec
INFO (CarpetX):   total iterations:                54
INFO (CarpetX):   total cells updated:             221184
INFO (CarpetX):   average iterations per second: 17.8219
INFO (CarpetX):   average cell updates per second: 72998.4
INFO (CarpetX): Simulation time: 0.214844   Iterations per second: 17.8269   Simulation time per second: 0.0696362
INFO (CarpetX): Grid cells: 4096   Grid cell updates per second: 73018.9
INFO (CarpetX): Performance:
INFO (CarpetX):   total evolution time:            3.08595 sec
INFO (CarpetX):   total evolution compute time:    3.08581 sec
INFO (CarpetX):   total evolution output time:     0.000135899 sec
INFO (CarpetX):   total iterations:                55
INFO (CarpetX):   total cells updated:             225280
INFO (CarpetX):   average iterations per second: 17.8227
INFO (CarpetX):   average cell updates per second: 73001.9
INFO (CarpetX): Simulation time: 0.21875   Iterations per second: 17.8212   Simulation time per second: 0.0696142
INFO (CarpetX): Grid cells: 4096   Grid cell updates per second: 72995.7
INFO (CarpetX): Performance:
INFO (CarpetX):   total evolution time:            3.14222 sec
INFO (CarpetX):   total evolution compute time:    3.14208 sec
INFO (CarpetX):   total evolution output time:     0.000138044 sec
INFO (CarpetX):   total iterations:                56
INFO (CarpetX):   total cells updated:             229376
INFO (CarpetX):   average iterations per second: 17.8218
INFO (CarpetX):   average cell updates per second: 72998.1
INFO (CarpetX): Simulation time: 0.222656   Iterations per second: 17.8212   Simulation time per second: 0.0696139
INFO (CarpetX): Grid cells: 4096   Grid cell updates per second: 72995.4
INFO (CarpetX): Performance:
INFO (CarpetX):   total evolution time:            3.19833 sec
INFO (CarpetX):   total evolution compute time:    3.19819 sec
INFO (CarpetX):   total evolution output time:     0.000141144 sec
INFO (CarpetX):   total iterations:                57
INFO (CarpetX):   total cells updated:             233472
INFO (CarpetX):   average iterations per second: 17.8218
INFO (CarpetX):   average cell updates per second: 72998
INFO (CarpetX): Simulation time: 0.226562   Iterations per second: 17.8221   Simulation time per second: 0.0696176
INFO (CarpetX): Grid cells: 4096   Grid cell updates per second: 72999.4
INFO (CarpetX): Performance:
INFO (CarpetX):   total evolution time:            3.25442 sec
INFO (CarpetX):   total evolution compute time:    3.25427 sec
INFO (CarpetX):   total evolution output time:     0.000144243 sec
INFO (CarpetX):   total iterations:                58
INFO (CarpetX):   total cells updated:             237568
INFO (CarpetX):   average iterations per second: 17.8219
INFO (CarpetX):   average cell updates per second: 72998.6
INFO (CarpetX): Simulation time: 0.230469   Iterations per second: 17.8266   Simulation time per second: 0.0696352
INFO (CarpetX): Grid cells: 4096   Grid cell updates per second: 73017.9
INFO (CarpetX): Performance:
INFO (CarpetX):   total evolution time:            3.31038 sec
INFO (CarpetX):   total evolution compute time:    3.31024 sec
INFO (CarpetX):   total evolution output time:     0.000146151 sec
INFO (CarpetX):   total iterations:                59
INFO (CarpetX):   total cells updated:             241664
INFO (CarpetX):   average iterations per second: 17.8227
INFO (CarpetX):   average cell updates per second: 73001.8
INFO (CarpetX): Simulation time: 0.234375   Iterations per second: 17.8285   Simulation time per second: 0.0696427
INFO (CarpetX): Grid cells: 4096   Grid cell updates per second: 73025.6
INFO (CarpetX): Performance:
INFO (CarpetX):   total evolution time:            3.36642 sec
INFO (CarpetX):   total evolution compute time:    3.36627 sec
INFO (CarpetX):   total evolution output time:     0.000151157 sec
INFO (CarpetX):   total iterations:                60
INFO (CarpetX):   total cells updated:             245760
INFO (CarpetX):   average iterations per second: 17.8231
INFO (CarpetX):   average cell updates per second: 73003.4
INFO (CarpetX): Simulation time: 0.238281   Iterations per second: 17.8306   Simulation time per second: 0.0696509
INFO (CarpetX): Grid cells: 4096   Grid cell updates per second: 73034.2
INFO (CarpetX): Performance:
INFO (CarpetX):   total evolution time:            3.42244 sec
INFO (CarpetX):   total evolution compute time:    3.42229 sec
INFO (CarpetX):   total evolution output time:     0.000153065 sec
INFO (CarpetX):   total iterations:                61
INFO (CarpetX):   total cells updated:             249856
INFO (CarpetX):   average iterations per second: 17.8235
INFO (CarpetX):   average cell updates per second: 73005.1
INFO (CarpetX): Simulation time: 0.242188   Iterations per second: 17.8344   Simulation time per second: 0.0696657
INFO (CarpetX): Grid cells: 4096   Grid cell updates per second: 73049.8
INFO (CarpetX): Performance:
INFO (CarpetX):   total evolution time:            3.47841 sec
INFO (CarpetX):   total evolution compute time:    3.47825 sec
INFO (CarpetX):   total evolution output time:     0.000156164 sec
INFO (CarpetX):   total iterations:                62
INFO (CarpetX):   total cells updated:             253952
INFO (CarpetX):   average iterations per second: 17.8242
INFO (CarpetX):   average cell updates per second: 73008.1
INFO (CarpetX): Simulation time: 0.246094   Iterations per second: 17.8361   Simulation time per second: 0.0696724
INFO (CarpetX): Grid cells: 4096   Grid cell updates per second: 73056.8
INFO (CarpetX): Performance:
INFO (CarpetX):   total evolution time:            3.53443 sec
INFO (CarpetX):   total evolution compute time:    3.53427 sec
INFO (CarpetX):   total evolution output time:     0.000158072 sec
INFO (CarpetX):   total iterations:                63
INFO (CarpetX):   total cells updated:             258048
INFO (CarpetX):   average iterations per second: 17.8247
INFO (CarpetX):   average cell updates per second: 73009.9
INFO (CarpetX): Simulation time: 0.25   Iterations per second: 16.8714   Simulation time per second: 0.0659037
INFO (CarpetX): Grid cells: 4096   Grid cell updates per second: 69105.1
INFO (CarpetX): Performance:
INFO (CarpetX):   total evolution time:            3.62255 sec
INFO (CarpetX):   total evolution compute time:    3.59725 sec
INFO (CarpetX):   total evolution output time:     0.0253031 sec
INFO (CarpetX):   total iterations:                64
INFO (CarpetX):   total cells updated:             262144
INFO (CarpetX):   average iterations per second: 17.6671
INFO (CarpetX):   average cell updates per second: 72364.4
INFO (CarpetX): Shutting down...
AMReX (25.11) finalized
--------------------------------------------------------------------------------
Done.

real	0m4.180s
user	0m7.526s
sys	0m0.183s
+ echo Stopping:
Stopping:
+ date
Thu Aug 27 10:40:07 PM UTC 2026
+ echo Done.
Done.
  Elapsed time: 4.2 s
