/__w/canudax-tests/workspace/simulations/TestJob01_temp_2/output-0000/TEST/sim/CanudaX_BSSNMoL
Preparing:
+ set -e
+ cd output-0000-active
+ echo Checking:
Checking:
+ pwd
/__w/canudax-tests/workspace/simulations/TestJob01_temp_2/output-0000/TEST/sim/CanudaX_BSSNMoL/output-0000-active
+ hostname
0c4a5bb80593
+ date
Mon Feb  9 04:16:23 AM UTC 2026
+ echo Environment:
Environment:
+ export SIMULATION_ID=simulation-TestJob01_temp_2-actions-cpu-real64-actions-root-2026.02.09-04.16.23-14233
+ SIMULATION_ID=simulation-TestJob01_temp_2-actions-cpu-real64-actions-root-2026.02.09-04.16.23-14233
+ export CACTUS_NUM_PROCS=2
+ CACTUS_NUM_PROCS=2
+ export CACTUS_NUM_THREADS=1
+ CACTUS_NUM_THREADS=1
+ export CACTUS_SET_THREAD_BINDINGS=0
+ CACTUS_SET_THREAD_BINDINGS=0
+ export GLIBCXX_FORCE_NEW=1
+ GLIBCXX_FORCE_NEW=1
+ export GMON_OUT_PREFIX=gmon.out
+ GMON_OUT_PREFIX=gmon.out
+ export OMP_DISPLAY_ENV=TRUE
+ OMP_DISPLAY_ENV=TRUE
+ export OMP_MAX_TASKS=100
+ OMP_MAX_TASKS=100
+ export OMP_NUM_THREADS=1
+ OMP_NUM_THREADS=1
+ export OMP_PLACES=cores
+ OMP_PLACES=cores
+ export OMP_PROC_BIND=FALSE
+ OMP_PROC_BIND=FALSE
+ export OMP_STACKSIZE=8192
+ OMP_STACKSIZE=8192
+ env
+ sort
+ echo Starting:
Starting:
++ date +%s
+ export CACTUS_STARTTIME=1770610583
+ CACTUS_STARTTIME=1770610583
+ mpiexec -n 2 /__w/canudax-tests/workspace/simulations/TestJob01_temp_2/SIMFACTORY/exe/cactus_sim -L 3 /__w/canudax-tests/workspace/simulations/TestJob01_temp_2/output-0000/arrangements/CanudaX_Lean/CanudaX_BSSNMoL/test/gaugewave.par

OPENMP DISPLAY ENVIRONMENT BEGIN
  _OPENMP = '201511'
  [host] OMP_DYNAMIC = 'FALSE'
  [host] OMP_NESTED = 'FALSE'
  [host] OMP_NUM_THREADS = '1'
  [host] OMP_SCHEDULE = 'DYNAMIC'
  [host] OMP_PROC_BIND = 'FALSE'
  [host] OMP_PLACES = ''
  [host] OMP_STACKSIZE = '8388608'
  [host] OMP_WAIT_POLICY = 'PASSIVE'
  [host] OMP_THREAD_LIMIT = '4294967295'
  [host] OMP_MAX_ACTIVE_LEVELS = '1'
  [host] OMP_NUM_TEAMS = '0'
  [host] OMP_TEAMS_THREAD_LIMIT = '0'
  [all] OMP_CANCELLATION = 'FALSE'
  [all] OMP_DEFAULT_DEVICE = '0'
  [all] OMP_MAX_TASK_PRIORITY = '0'
  [all] OMP_DISPLAY_AFFINITY = 'FALSE'
  [host] OMP_AFFINITY_FORMAT = 'level %L thread %i affinity %A'
  [host] OMP_ALLOCATOR = 'omp_default_mem_alloc'
  [all] OMP_TARGET_OFFLOAD = 'DEFAULT
OPENMP DISPLAY ENVIRONMENT BEGIN
  _OPENMP = '201511'
  [host] OMP_DYNAMIC = 'FALSE'
  [host] OMP_NESTED = 'FALSE'
  [host] OMP_NUM_THREADS = '1'
  [host] OMP_SCHEDULE = 'DYNAMIC'
  [host] OMP_PROC_BIND = 'FALSE'
  [host] OMP_PLACES = ''
  [host] OMP_STACKSIZE = '8388608'
  [host] OMP_WAIT_POLICY = 'PASSIVE'
  [host] OMP_THREAD_LIMIT = '4294967295'
  [host] OMP_MAX_ACTIVE_LEVELS = '1'
  [host] OMP_NUM_TEAMS = '0'
  [host] OMP_TEAMS_THREAD_LIMIT = '0'
  [all] OMP_CANCELLATION = 'FALSE'
  [all] OMP_DEFAULT_DEVICE = '0'
  [all] OMP_MAX_TASK_PRIORITY = '0'
  [all] OMP_DISPLAY_AFFINITY = 'FALSE'
  [host] OMP_AFFINITY_FORMAT = 'level %L thread %i affinity %A'
  [host] OMP_ALLOCATOR = 'omp_default_mem_alloc'
  [all] OMP_TARGET_OFFLOAD = 'DEFAULT'
OPENMP DISPLAY ENVIRONMENT END
'
OPENMP DISPLAY ENVIRONMENT END
INFO (Cactus): Increased logging level from 0 to 3
--------------------------------------------------------------------------------

       10                                  
  1   0101       ************************  
  01  1010 10      The Cactus Code V4.18.0    
 1010 1101 011      www.cactuscode.org     
  1001 100101    ************************  
    00010101                               
     100011     (c) Copyright The Authors  
      0100      GNU Licensed. No Warranty  
      0101                                 
--------------------------------------------------------------------------------

Cactus version:    4.18.0
Compile date:      Feb 09 2026 (04:13:25)
Run date:          Feb 09 2026 (04:16:23+0000)
Run host:          0c4a5bb80593 (pid=14281)
Working directory: /__w/canudax-tests/workspace/simulations/TestJob01_temp_2/output-0000/TEST/sim/CanudaX_BSSNMoL
Executable:        /__w/canudax-tests/workspace/simulations/TestJob01_temp_2/SIMFACTORY/exe/cactus_sim
Parameter file:    /__w/canudax-tests/workspace/simulations/TestJob01_temp_2/output-0000/arrangements/CanudaX_Lean/CanudaX_BSSNMoL/test/gaugewave.par
--------------------------------------------------------------------------------

Activating thorn Cactus...Success -> active implementation Cactus
Activation requested for 
--->ADMBaseX CanudaX_BSSNMoL CanudaX_ExactID CarpetX ErrorEstimator IOUtil ODESolvers TmunuBaseX<---
Thorn ADMBaseX requests automatic activation of Loop
Thorn CanudaX_ExactID requests automatic activation of GSL
Thorn CarpetX requests automatic activation of AMReX
Thorn CarpetX requests automatic activation of MPI
Thorn CarpetX requests automatic activation of yaml_cpp
Thorn CarpetX requests automatic activation of zlib
Thorn CarpetX requests automatic activation of Arith
Thorn CarpetX requests automatic activation of CarpetXRegrid
Thorn CarpetX requests automatic activation of ADIOS2
Thorn CarpetX requests automatic activation of openPMD
Thorn CarpetX requests automatic activation of Silo
Thorn Arith requests automatic activation of NSIMD
Thorn MPI requests automatic activation of hwloc
Thorn openPMD requests automatic activation of HDF5
Activating thorn ADIOS2...Success -> active implementation ADIOS2
Activating thorn ADMBaseX...Success -> active implementation ADMBaseX
Activating thorn AMReX...Success -> active implementation AMReX
Activating thorn Arith...Success -> active implementation Arith
Activating thorn CanudaX_BSSNMoL...Success -> active implementation CanudaX_BSSNMoL
Activating thorn CanudaX_ExactID...Success -> active implementation CanudaX_ExactID
Activating thorn CarpetX...Success -> active implementation Driver
Activating thorn CarpetXRegrid...Success -> active implementation CarpetXRegrid
Activating thorn ErrorEstimator...Success -> active implementation ErrorEstimator
Activating thorn GSL...Success -> active implementation GSL
Activating thorn HDF5...Success -> active implementation HDF5
Activating thorn hwloc...Success -> active implementation hwloc
Activating thorn IOUtil...Success -> active implementation IO
Activating thorn Loop...Success -> active implementation Loop
Activating thorn MPI...Success -> active implementation MPI
Activating thorn NSIMD...Success -> active implementation NSIMD
Activating thorn ODESolvers...Success -> active implementation ODESolvers
Activating thorn openPMD...Success -> active implementation openPMD
Activating thorn Silo...Success -> active implementation Silo
Activating thorn TmunuBaseX...Success -> active implementation TmunuBaseX
Activating thorn yaml_cpp...Success -> active implementation yaml_cpp
Activating thorn zlib...Success -> active implementation zlib
--------------------------------------------------------------------------------
  if (recover initial data)
    Recover parameters
  endif

  Startup routines
    [CCTK_STARTUP]
      CarpetX::Driver_Startup: Start up the driver
      IOUtil::IOUtil_Startup: Startup routine
      GROUP hwloc_startup: hwloc startup group
        hwloc::hwloc_version: Output hwloc version

  Startup routines which need an existing grid hierarchy
    [CCTK_WRAGH]
      Arith::Test_smallvector: [meta] Test small vectors
      Arith::Test_spvect: [meta] Test sparse vectors
      ODESolvers::ODESolvers_InitConstants: [global] Set up dummy loop counters for schedule printout
  Parameter checking routines
    [CCTK_PARAMCHECK]
      CanudaX_BSSNMoL::CanudaX_BSSNMoL_paramcheck: Check CanudaX_BSSNMoL parameters for consistency

  Initialisation
    if (NOT (recover initial data AND recovery_mode is 'strict'))
      [CCTK_PREREGRIDINITIAL]
      Set up grid hierarchy
      [CCTK_POSTREGRIDINITIAL]
      [CCTK_BASEGRID]
        CarpetXRegrid::CarpetXRegrid_InitError: Initialize regridding error to zero
        GROUP ODESolvers_BaseGrid: Set up constants (e.g. coordinates) everywhere on the grid
      [CCTK_INITIAL]
        GROUP ODESolvers_Initial: Set up initial conditions on interior of state vector
          GROUP ADMBaseX_InitialData: Schedule group for calculating ADM initial data
            GROUP ExactID_Group: ExactID initial data group
              CanudaX_ExactID::GaugeWave_ID: [local] Create gauge wave initial data
          GROUP ADMBaseX_InitialGauge: Schedule group for the ADM initial gauge condition
            ADMBaseX::ADMBaseX_initial_dtlapse: Set dtlapse to zero
            ADMBaseX::ADMBaseX_initial_dtshift: Set dtshift to zero
          GROUP ADMBaseX_PostInitial: Schedule group for modifying the ADM initial data, such as e.g. adding noise
          GROUP CanudaX_BSSNMoL_InitialGroup: CanudaX_BSSNMoL: initial bin
            CanudaX_BSSNMoL::CanudaX_BSSNMoL_adm2bssn: [local] Convert initial data into BSSN variables
            CanudaX_BSSNMoL::CanudaX_BSSNMoL_gammat: [local] Set Gammat initial data
        GROUP TmunuBaseX_SetTmunuVars: Schedule group for setting T_munu
          TmunuBaseX::TmunuBaseX_ZeroTmunu: Set T_munu to zero
          GROUP TmunuBaseX_AddToTmunu: Add to T_munu here
        GROUP CanudaX_BSSNMoL_PostStepGroup: CanudaX_BSSNMoL: post-step operations
          CanudaX_BSSNMoL::CanudaX_BSSNMoL_impose_conf_fac_floor: Make sure conformal factor does not drop below specified value
          CanudaX_BSSNMoL::CanudaX_BSSNMoL_reset_detmetric: reset dethh = 1
          CanudaX_BSSNMoL::CanudaX_BSSNMoL_remove_trA: Remove trace of A
          CanudaX_BSSNMoL::CanudaX_BSSNMoL_sync: [global] Sync state vector
          CanudaX_BSSNMoL::CanudaX_BSSNMoL_bssn2adm: [local] Convert variables back to the ADM ones
      [CCTK_POSTINITIAL]
        ErrorEstimator::EstimateError: Estimate error
        GROUP ODESolvers_PostStep: Apply boundary conditions to state vector, and project if necessary
          GROUP CanudaX_BSSNMoL_PostStepGroup: CanudaX_BSSNMoL: post-step operations
            CanudaX_BSSNMoL::CanudaX_BSSNMoL_impose_conf_fac_floor: Make sure conformal factor does not drop below specified value
            CanudaX_BSSNMoL::CanudaX_BSSNMoL_reset_detmetric: reset dethh = 1
            CanudaX_BSSNMoL::CanudaX_BSSNMoL_remove_trA: Remove trace of A
            CanudaX_BSSNMoL::CanudaX_BSSNMoL_sync: [global] Sync state vector
            CanudaX_BSSNMoL::CanudaX_BSSNMoL_bssn2adm: [local] Convert variables back to the ADM ones
          GROUP ADMBaseX_SetADMRHS: Set ADM RHS variables in this group
          GROUP ADMBaseX_SetADMVars: Set ADM variables in this group
          GROUP TmunuBaseX_SetTmunuVars: Schedule group for setting T_munu
            TmunuBaseX::TmunuBaseX_ZeroTmunu: Set T_munu to zero
            GROUP TmunuBaseX_AddToTmunu: Add to T_munu here
        GROUP ODESolvers_EstimateError: Estimate discretization error (for regridding)
      Initialise finer grids recursively
      Restrict from finer grids
      [CCTK_POSTRESTRICTINITIAL]
      [CCTK_POSTPOSTINITIAL]
      [CCTK_POSTSTEP]
        ErrorEstimator::EstimateError: Estimate error
        GROUP ODESolvers_EstimateError: Estimate discretization error (for regridding)
    endif
    if (recover initial data)
      [CCTK_BASEGRID]
        CarpetXRegrid::CarpetXRegrid_InitError: Initialize regridding error to zero
        GROUP ODESolvers_BaseGrid: Set up constants (e.g. coordinates) everywhere on the grid
      [CCTK_RECOVER_VARIABLES]
      [CCTK_POST_RECOVER_VARIABLES]
        GROUP ODESolvers_PostStep: Apply boundary conditions to state vector, and project if necessary
          GROUP CanudaX_BSSNMoL_PostStepGroup: CanudaX_BSSNMoL: post-step operations
            CanudaX_BSSNMoL::CanudaX_BSSNMoL_impose_conf_fac_floor: Make sure conformal factor does not drop below specified value
            CanudaX_BSSNMoL::CanudaX_BSSNMoL_reset_detmetric: reset dethh = 1
            CanudaX_BSSNMoL::CanudaX_BSSNMoL_remove_trA: Remove trace of A
            CanudaX_BSSNMoL::CanudaX_BSSNMoL_sync: [global] Sync state vector
            CanudaX_BSSNMoL::CanudaX_BSSNMoL_bssn2adm: [local] Convert variables back to the ADM ones
          GROUP ADMBaseX_SetADMRHS: Set ADM RHS variables in this group
          GROUP ADMBaseX_SetADMVars: Set ADM variables in this group
          GROUP TmunuBaseX_SetTmunuVars: Schedule group for setting T_munu
            TmunuBaseX::TmunuBaseX_ZeroTmunu: Set T_munu to zero
            GROUP TmunuBaseX_AddToTmunu: Add to T_munu here
        GROUP ODESolvers_EstimateError: Estimate discretization error (for regridding)
    endif
    if (checkpoint initial data)
      [CCTK_CPINITIAL]
        CarpetX::CarpetX_CheckpointInitial: [meta] Checkpoint initial conditions
    endif
    if (analysis)
      [CCTK_ANALYSIS]
        CanudaX_BSSNMoL::CanudaX_BSSNMoL_bssn_constraints: Compute constraints
        GROUP ODESolvers_Analysis: Calculate analysis quantities everywhere
  endif
  Output grid variables

  do loop over timesteps
    [CCTK_PREREGRID]
    Change grid hierarchy
    [CCTK_POSTREGRID]
      GROUP ODESolvers_PostStep: Apply boundary conditions to state vector, and project if necessary
        GROUP CanudaX_BSSNMoL_PostStepGroup: CanudaX_BSSNMoL: post-step operations
          CanudaX_BSSNMoL::CanudaX_BSSNMoL_impose_conf_fac_floor: Make sure conformal factor does not drop below specified value
          CanudaX_BSSNMoL::CanudaX_BSSNMoL_reset_detmetric: reset dethh = 1
          CanudaX_BSSNMoL::CanudaX_BSSNMoL_remove_trA: Remove trace of A
          CanudaX_BSSNMoL::CanudaX_BSSNMoL_sync: [global] Sync state vector
          CanudaX_BSSNMoL::CanudaX_BSSNMoL_bssn2adm: [local] Convert variables back to the ADM ones
        GROUP ADMBaseX_SetADMRHS: Set ADM RHS variables in this group
        GROUP ADMBaseX_SetADMVars: Set ADM variables in this group
        GROUP TmunuBaseX_SetTmunuVars: Schedule group for setting T_munu
          TmunuBaseX::TmunuBaseX_ZeroTmunu: Set T_munu to zero
          GROUP TmunuBaseX_AddToTmunu: Add to T_munu here
    Rotate timelevels
    iteration = iteration+1
    t = t+dt
    [CCTK_PRESTEP]
    [CCTK_EVOL]
      ODESolvers::ODESolvers_Solve: [level] Solve ODEs
      while (ODESolvers::do_substeps)
        GROUP ODESolvers_CalledBySolve: Groups internally scheduled by ODESolvers_Solve
          GROUP ODESolvers_RHS: Evaluate the RHS for of state vector everywhere on the grid
            GROUP CanudaX_BSSNMoL_RHSGroup: CanudaX_BSSNMoL: calculate BSSN RHS
              CanudaX_BSSNMoL::CanudaX_BSSNMoL_calc_bssn_rhs: MoL RHS calculation
              CanudaX_BSSNMoL::CanudaX_BSSNMoL_apply_boundary_conditions: Apply radiative boundary conditions 
          GROUP ODESolvers_PostStep: Apply boundary conditions to state vector, and project if necessary
            GROUP CanudaX_BSSNMoL_PostStepGroup: CanudaX_BSSNMoL: post-step operations
              CanudaX_BSSNMoL::CanudaX_BSSNMoL_impose_conf_fac_floor: Make sure conformal factor does not drop below specified value
              CanudaX_BSSNMoL::CanudaX_BSSNMoL_reset_detmetric: reset dethh = 1
              CanudaX_BSSNMoL::CanudaX_BSSNMoL_remove_trA: Remove trace of A
              CanudaX_BSSNMoL::CanudaX_BSSNMoL_sync: [global] Sync state vector
              CanudaX_BSSNMoL::CanudaX_BSSNMoL_bssn2adm: [local] Convert variables back to the ADM ones
            GROUP ADMBaseX_SetADMRHS: Set ADM RHS variables in this group
            GROUP ADMBaseX_SetADMVars: Set ADM variables in this group
            GROUP TmunuBaseX_SetTmunuVars: Schedule group for setting T_munu
              TmunuBaseX::TmunuBaseX_ZeroTmunu: Set T_munu to zero
              GROUP TmunuBaseX_AddToTmunu: Add to T_munu here
      end while
    Evolve finer grids recursively
    Restrict from finer grids
    [CCTK_POSTRESTRICT]
      GROUP ODESolvers_PostStep: Apply boundary conditions to state vector, and project if necessary
        GROUP CanudaX_BSSNMoL_PostStepGroup: CanudaX_BSSNMoL: post-step operations
          CanudaX_BSSNMoL::CanudaX_BSSNMoL_impose_conf_fac_floor: Make sure conformal factor does not drop below specified value
          CanudaX_BSSNMoL::CanudaX_BSSNMoL_reset_detmetric: reset dethh = 1
          CanudaX_BSSNMoL::CanudaX_BSSNMoL_remove_trA: Remove trace of A
          CanudaX_BSSNMoL::CanudaX_BSSNMoL_sync: [global] Sync state vector
          CanudaX_BSSNMoL::CanudaX_BSSNMoL_bssn2adm: [local] Convert variables back to the ADM ones
        GROUP ADMBaseX_SetADMRHS: Set ADM RHS variables in this group
        GROUP ADMBaseX_SetADMVars: Set ADM variables in this group
        GROUP TmunuBaseX_SetTmunuVars: Schedule group for setting T_munu
          TmunuBaseX::TmunuBaseX_ZeroTmunu: Set T_munu to zero
          GROUP TmunuBaseX_AddToTmunu: Add to T_munu here
    [CCTK_POSTSTEP]
      ErrorEstimator::EstimateError: Estimate error
      GROUP ODESolvers_EstimateError: Estimate discretization error (for regridding)
    if (checkpoint)
      [CCTK_CHECKPOINT]
      CarpetX::CarpetX_Checkpoint: [meta] Checkpoint
    endif
    if (analysis)
      [CCTK_ANALYSIS]
      CanudaX_BSSNMoL::CanudaX_BSSNMoL_bssn_constraints: Compute constraints
      GROUP ODESolvers_Analysis: Calculate analysis quantities everywhere
    endif
    Output grid variables
    enddo

  Termination routines
    [CCTK_TERMINATE]
      CarpetX::CarpetX_CheckpointTerminate: [meta] Checkpoint before terminating

  Shutdown routines
    [CCTK_SHUTDOWN]
      CarpetX::Driver_Shutdown: [meta] Shut down the driver

  Routines run after changing the grid hierarchy:
    [CCTK_POSTREGRID]
      GROUP ODESolvers_PostStep: Apply boundary conditions to state vector, and project if necessary
        GROUP CanudaX_BSSNMoL_PostStepGroup: CanudaX_BSSNMoL: post-step operations
          CanudaX_BSSNMoL::CanudaX_BSSNMoL_impose_conf_fac_floor: Make sure conformal factor does not drop below specified value
          CanudaX_BSSNMoL::CanudaX_BSSNMoL_reset_detmetric: reset dethh = 1
          CanudaX_BSSNMoL::CanudaX_BSSNMoL_remove_trA: Remove trace of A
          CanudaX_BSSNMoL::CanudaX_BSSNMoL_sync: [global] Sync state vector
          CanudaX_BSSNMoL::CanudaX_BSSNMoL_bssn2adm: [local] Convert variables back to the ADM ones
        GROUP ADMBaseX_SetADMRHS: Set ADM RHS variables in this group
        GROUP ADMBaseX_SetADMVars: Set ADM variables in this group
        GROUP TmunuBaseX_SetTmunuVars: Schedule group for setting T_munu
          TmunuBaseX::TmunuBaseX_ZeroTmunu: Set T_munu to zero
          GROUP TmunuBaseX_AddToTmunu: Add to T_munu here
--------------------------------------------------------------------------------
INFO (hwloc): library version 2.10.0, API version 0x20800
--------------------------------------------------------------------------------

  [34m  ▕▏  [34m  ▕▏  [34m  ▕▏  [34m  ▕▏  [34m  ▕▏  [34m  ▕▏  [34m  ▕▏  [34m  ▕▏  [34m  ▕▏  [39m  
  [34m──██──[34m──██──[34m──██──[34m──██──[34m──██──[34m──██──[34m──██──[34m──██──[34m──██──[39m  
  [34m  ▕▏  [34m  ▕▏  [34m  ▕▏  [34m  ▕▏  [34m  ▕▏  [34m  ▕▏  [34m  ▕▏  [34m  ▕▏  [34m  ▕▏  [39m  
  [34m  ▕▏  [32m██████[34m  ▕▏  [34m  ▕▏  [32m██████[34m  ▕▏  [34m  ▕▏  [32m██████[34m  ▕▏  [39m  
  [34m──██──[32m██████[34m──██──[34m──██──[32m██████[34m──██──[34m──██──[32m██████[34m──██──[39m  
  [34m  ▕▏  [32m██████[34m  ▕▏  [34m  ▕▏  [32m██████[34m  ▕▏  [34m  ▕▏  [32m██████[34m  ▕▏  [39m  
  [34m  ▕▏  [34m  ▕▏  [34m  ▕▏  [34m  ▕▏  [34m  ▕▏  [34m  ▕▏  [34m  ▕▏  [34m  ▕▏  [34m  ▕▏  [39m  
  [34m──██──[34m──██──[34m──██──[34m──██──[34m──██──[34m──██──[34m──██──[34m──██──[34m──██──[39m  
  [34m  ▕▏  [34m  ▕▏  [34m  ▕▏  [34m  ▕▏  [34m  ▕▏  [34m  ▕▏  [34m  ▕▏  [34m  ▕▏  [34m  ▕▏  [39m  
  [34m  ▕▏  [34m  ▕▏  [34m  ▕▏  [31m██████[31m██████[31m██████[34m  ▕▏  [34m  ▕▏  [34m  ▕▏  [39m  
  [34m──██──[34m──██──[34m──██──[31m██████[31m██████[31m██████[34m──██──[34m──██──[34m──██──[39m  
  [34m  ▕▏  [34m  ▕▏  [34m  ▕▏  [31m██████[31m██████[31m██████[34m  ▕▏  [34m  ▕▏  [34m  ▕▏  [39m  
  [34m  ▕▏  [32m██████[34m  ▕▏  [31m██████[31m██████[31m██████[34m  ▕▏  [32m██████[34m  ▕▏  [39m  
  [34m──██──[32m██████[34m──██──[31m██████[31m██████[31m██████[34m──██──[32m██████[34m──██──[39m  
  [34m  ▕▏  [32m██████[34m  ▕▏  [31m██████[31m██████[31m██████[34m  ▕▏  [32m██████[34m  ▕▏  [39m  
  [34m  ▕▏  [34m  ▕▏  [34m  ▕▏  [31m██████[31m██████[31m██████[34m  ▕▏  [34m  ▕▏  [34m  ▕▏  [39m  
  [34m──██──[34m──██──[34m──██──[31m██████[31m██████[31m██████[34m──██──[34m──██──[34m──██──[39m  
  [34m  ▕▏  [34m  ▕▏  [34m  ▕▏  [31m██████[31m██████[31m██████[34m  ▕▏  [34m  ▕▏  [34m  ▕▏  [39m  
  [34m  ▕▏  [34m  ▕▏  [34m  ▕▏  [34m  ▕▏  [34m  ▕▏  [34m  ▕▏  [34m  ▕▏  [34m  ▕▏  [34m  ▕▏  [39m  
  [34m──██──[34m──██──[34m──██──[34m──██──[34m──██──[34m──██──[34m──██──[34m──██──[34m──██──[39m  
  [34m  ▕▏  [34m  ▕▏  [34m  ▕▏  [34m  ▕▏  [34m  ▕▏  [34m  ▕▏  [34m  ▕▏  [34m  ▕▏  [34m  ▕▏  [39m  
  [34m  ▕▏  [32m██████[34m  ▕▏  [34m  ▕▏  [32m██████[34m  ▕▏  [34m  ▕▏  [32m██████[34m  ▕▏  [39m  
  [34m──██──[32m██████[34m──██──[34m──██──[32m██████[34m──██──[34m──██──[32m██████[34m──██──[39m  
  [34m  ▕▏  [32m██████[34m  ▕▏  [34m  ▕▏  [32m██████[34m  ▕▏  [34m  ▕▏  [32m██████[34m  ▕▏  [39m  
  [34m  ▕▏  [34m  ▕▏  [34m  ▕▏  [34m  ▕▏  [34m  ▕▏  [34m  ▕▏  [34m  ▕▏  [34m  ▕▏  [34m  ▕▏  [39m  
  [34m──██──[34m──██──[34m──██──[34m──██──[34m──██──[34m──██──[34m──██──[34m──██──[34m──██──[39m  
  [34m  ▕▏  [34m  ▕▏  [34m  ▕▏  [34m  ▕▏  [34m  ▕▏  [34m  ▕▏  [34m  ▕▏  [34m  ▕▏  [34m  ▕▏  [39m  

AMR driver provided by CarpetX,
using AMReX 25.11 (MPI, OpenMP, no accelerators, optimized)
--------------------------------------------------------------------------------

Initializing AMReX (25.11)...
MPI initialized with 2 MPI processes
MPI initialized with thread support level 2
OMP initialized with 1 OMP threads
AMReX (25.11) initialized
INFO (CarpetX): 
Symmetries:
  lower x: periodic
  lower y: periodic
  lower z: periodic
  upper x: periodic
  upper y: periodic
  upper z: periodic
Default boundaries:
  lower x: symmetry_boundary
  lower y: symmetry_boundary
  lower z: symmetry_boundary
  upper x: symmetry_boundary
  upper y: symmetry_boundary
  upper z: symmetry_boundary
INFO (Arith): Test_smallvector
INFO (Arith): Test_spvect
INFO (CarpetX): Setting initial values for max_grid_size values for all levels
INFO (CarpetX): Setting up initial conditions...
INFO (CarpetX): Iteration: 0   time: 0   delta_time: 0.00390625
INFO (CarpetX): Patch 0:
INFO (CarpetX):   Grid extent:
INFO (CarpetX):     gsh=[71,15,15]
INFO (CarpetX):     blocking_factor=[8,8,8]
INFO (CarpetX):     max_grid_size=[10000000,10000000,10000000]
INFO (CarpetX):     max_tile_size=[1024000,16,32]
INFO (CarpetX):   Domain extent:
INFO (CarpetX):     xmin=[-0.5,-0.0625,-0.0625]
INFO (CarpetX):     xmax=[0.5,0.0625,0.0625]
INFO (CarpetX):     base dx=[0.015625,0.015625,0.015625]
INFO (CarpetX): Initializing level 0...
INFO (CanudaX_ExactID): Begin Gauge Wave initial data
INFO (CanudaX_ExactID): === End gauge wave initial data ===
INFO (CarpetX): Regridding...
INFO (CarpetX):   level 0: 2 boxes, 4096 cells (100%)
INFO (CarpetX): Initialized 1 levels
INFO (CarpetX): OutputGH: iteration 0, time 0.000000, run time 0 s
INFO (CarpetX): OutputGH done.
INFO (CarpetX): Starting evolution...
INFO (ODESolvers): ODE integrator is RK4
INFO (CarpetX): OutputGH: iteration 1, time 0.003906, run time 0 s
INFO (CarpetX): OutputGH done.
INFO (CarpetX): Simulation time: 0.00390625   Iterations per second: 39.0382   Simulation time per second: 0.152493
INFO (CarpetX): Grid cells: 4096   Grid cell updates per second: 159900
INFO (CarpetX): Performance:
INFO (CarpetX):   total evolution time:            0.0256159 sec
INFO (CarpetX):   total evolution compute time:    0.025598 sec
INFO (CarpetX):   total evolution output time:     1.78814e-05 sec
INFO (CarpetX):   total iterations:                1
INFO (CarpetX):   total cells updated:             4096
INFO (CarpetX):   average iterations per second: 39.0382
INFO (CarpetX):   average cell updates per second: 159900
INFO (CarpetX): OutputGH: iteration 2, time 0.007812, run time 0 s
INFO (CarpetX): OutputGH done.
INFO (CarpetX): Simulation time: 0.0078125   Iterations per second: 40.4376   Simulation time per second: 0.157959
INFO (CarpetX): Grid cells: 4096   Grid cell updates per second: 165632
INFO (CarpetX): Performance:
INFO (CarpetX):   total evolution time:            0.049459 sec
INFO (CarpetX):   total evolution compute time:    0.0494232 sec
INFO (CarpetX):   total evolution output time:     3.57628e-05 sec
INFO (CarpetX):   total iterations:                2
INFO (CarpetX):   total cells updated:             8192
INFO (CarpetX):   average iterations per second: 40.4376
INFO (CarpetX):   average cell updates per second: 165632
INFO (CarpetX): OutputGH: iteration 3, time 0.011719, run time 0 s
INFO (CarpetX): OutputGH done.
INFO (CarpetX): Simulation time: 0.0117188   Iterations per second: 40.8219   Simulation time per second: 0.159461
INFO (CarpetX): Grid cells: 4096   Grid cell updates per second: 167207
INFO (CarpetX): Performance:
INFO (CarpetX):   total evolution time:            0.0734899 sec
INFO (CarpetX):   total evolution compute time:    0.0734372 sec
INFO (CarpetX):   total evolution output time:     5.26905e-05 sec
INFO (CarpetX):   total iterations:                3
INFO (CarpetX):   total cells updated:             12288
INFO (CarpetX):   average iterations per second: 40.8219
INFO (CarpetX):   average cell updates per second: 167207
INFO (CarpetX): OutputGH: iteration 4, time 0.015625, run time 0 s
INFO (CarpetX): OutputGH done.
INFO (CarpetX): Simulation time: 0.015625   Iterations per second: 41.1689   Simulation time per second: 0.160816
INFO (CarpetX): Grid cells: 4096   Grid cell updates per second: 168628
INFO (CarpetX): Performance:
INFO (CarpetX):   total evolution time:            0.0971608 sec
INFO (CarpetX):   total evolution compute time:    0.09709 sec
INFO (CarpetX):   total evolution output time:     7.08103e-05 sec
INFO (CarpetX):   total iterations:                4
INFO (CarpetX):   total cells updated:             16384
INFO (CarpetX):   average iterations per second: 41.1689
INFO (CarpetX):   average cell updates per second: 168628
INFO (CarpetX): OutputGH: iteration 5, time 0.019531, run time 0 s
INFO (CarpetX): OutputGH done.
INFO (CarpetX): Simulation time: 0.0195312   Iterations per second: 41.3579   Simulation time per second: 0.161554
INFO (CarpetX): Grid cells: 4096   Grid cell updates per second: 169402
INFO (CarpetX): Performance:
INFO (CarpetX):   total evolution time:            0.120896 sec
INFO (CarpetX):   total evolution compute time:    0.120808 sec
INFO (CarpetX):   total evolution output time:     8.7738e-05 sec
INFO (CarpetX):   total iterations:                5
INFO (CarpetX):   total cells updated:             20480
INFO (CarpetX):   average iterations per second: 41.3579
INFO (CarpetX):   average cell updates per second: 169402
INFO (CarpetX): OutputGH: iteration 6, time 0.023438, run time 0 s
INFO (CarpetX): OutputGH done.
INFO (CarpetX): Simulation time: 0.0234375   Iterations per second: 41.4801   Simulation time per second: 0.162031
INFO (CarpetX): Grid cells: 4096   Grid cell updates per second: 169902
INFO (CarpetX): Performance:
INFO (CarpetX):   total evolution time:            0.144648 sec
INFO (CarpetX):   total evolution compute time:    0.144543 sec
INFO (CarpetX):   total evolution output time:     0.000104666 sec
INFO (CarpetX):   total iterations:                6
INFO (CarpetX):   total cells updated:             24576
INFO (CarpetX):   average iterations per second: 41.4801
INFO (CarpetX):   average cell updates per second: 169902
INFO (CarpetX): OutputGH: iteration 7, time 0.027344, run time 0 s
INFO (CarpetX): OutputGH done.
INFO (CarpetX): Simulation time: 0.0273438   Iterations per second: 41.5828   Simulation time per second: 0.162433
INFO (CarpetX): Grid cells: 4096   Grid cell updates per second: 170323
INFO (CarpetX): Performance:
INFO (CarpetX):   total evolution time:            0.168339 sec
INFO (CarpetX):   total evolution compute time:    0.168218 sec
INFO (CarpetX):   total evolution output time:     0.00012064 sec
INFO (CarpetX):   total iterations:                7
INFO (CarpetX):   total cells updated:             28672
INFO (CarpetX):   average iterations per second: 41.5828
INFO (CarpetX):   average cell updates per second: 170323
INFO (CarpetX): OutputGH: iteration 8, time 0.031250, run time 0 s
INFO (CarpetX): OutputGH done.
INFO (CarpetX): Simulation time: 0.03125   Iterations per second: 41.658   Simulation time per second: 0.162727
INFO (CarpetX): Grid cells: 4096   Grid cell updates per second: 170631
INFO (CarpetX): Performance:
INFO (CarpetX):   total evolution time:            0.19204 sec
INFO (CarpetX):   total evolution compute time:    0.191902 sec
INFO (CarpetX):   total evolution output time:     0.000137568 sec
INFO (CarpetX):   total iterations:                8
INFO (CarpetX):   total cells updated:             32768
INFO (CarpetX):   average iterations per second: 41.658
INFO (CarpetX):   average cell updates per second: 170631
INFO (CarpetX): OutputGH: iteration 9, time 0.035156, run time 0 s
INFO (CarpetX): OutputGH done.
INFO (CarpetX): Simulation time: 0.0351562   Iterations per second: 41.7192   Simulation time per second: 0.162966
INFO (CarpetX): Grid cells: 4096   Grid cell updates per second: 170882
INFO (CarpetX): Performance:
INFO (CarpetX):   total evolution time:            0.215728 sec
INFO (CarpetX):   total evolution compute time:    0.215574 sec
INFO (CarpetX):   total evolution output time:     0.000154495 sec
INFO (CarpetX):   total iterations:                9
INFO (CarpetX):   total cells updated:             36864
INFO (CarpetX):   average iterations per second: 41.7192
INFO (CarpetX):   average cell updates per second: 170882
INFO (CarpetX): OutputGH: iteration 10, time 0.039062, run time 0 s
INFO (CarpetX): OutputGH done.
INFO (CarpetX): Simulation time: 0.0390625   Iterations per second: 41.7669   Simulation time per second: 0.163152
INFO (CarpetX): Grid cells: 4096   Grid cell updates per second: 171077
INFO (CarpetX): Performance:
INFO (CarpetX):   total evolution time:            0.239424 sec
INFO (CarpetX):   total evolution compute time:    0.239254 sec
INFO (CarpetX):   total evolution output time:     0.000170469 sec
INFO (CarpetX):   total iterations:                10
INFO (CarpetX):   total cells updated:             40960
INFO (CarpetX):   average iterations per second: 41.7669
INFO (CarpetX):   average cell updates per second: 171077
INFO (CarpetX): OutputGH: iteration 11, time 0.042969, run time 0 s
INFO (CarpetX): OutputGH done.
INFO (CarpetX): Simulation time: 0.0429688   Iterations per second: 41.8092   Simulation time per second: 0.163317
INFO (CarpetX): Grid cells: 4096   Grid cell updates per second: 171251
INFO (CarpetX): Performance:
INFO (CarpetX):   total evolution time:            0.263124 sec
INFO (CarpetX):   total evolution compute time:    0.262937 sec
INFO (CarpetX):   total evolution output time:     0.000187397 sec
INFO (CarpetX):   total iterations:                11
INFO (CarpetX):   total cells updated:             45056
INFO (CarpetX):   average iterations per second: 41.8054
INFO (CarpetX):   average cell updates per second: 171235
INFO (CarpetX): OutputGH: iteration 12, time 0.046875, run time 0 s
INFO (CarpetX): OutputGH done.
INFO (CarpetX): Simulation time: 0.046875   Iterations per second: 41.839   Simulation time per second: 0.163434
INFO (CarpetX): Grid cells: 4096   Grid cell updates per second: 171373
INFO (CarpetX): Performance:
INFO (CarpetX):   total evolution time:            0.286872 sec
INFO (CarpetX):   total evolution compute time:    0.286666 sec
INFO (CarpetX):   total evolution output time:     0.000205517 sec
INFO (CarpetX):   total iterations:                12
INFO (CarpetX):   total cells updated:             49152
INFO (CarpetX):   average iterations per second: 41.8305
INFO (CarpetX):   average cell updates per second: 171338
INFO (CarpetX): OutputGH: iteration 13, time 0.050781, run time 0 s
INFO (CarpetX): OutputGH done.
INFO (CarpetX): Simulation time: 0.0507812   Iterations per second: 41.8674   Simulation time per second: 0.163545
INFO (CarpetX): Grid cells: 4096   Grid cell updates per second: 171489
INFO (CarpetX): Performance:
INFO (CarpetX):   total evolution time:            0.310611 sec
INFO (CarpetX):   total evolution compute time:    0.310388 sec
INFO (CarpetX):   total evolution output time:     0.000223398 sec
INFO (CarpetX):   total iterations:                13
INFO (CarpetX):   total cells updated:             53248
INFO (CarpetX):   average iterations per second: 41.853
INFO (CarpetX):   average cell updates per second: 171430
INFO (CarpetX): OutputGH: iteration 14, time 0.054688, run time 0 s
INFO (CarpetX): OutputGH done.
INFO (CarpetX): Simulation time: 0.0546875   Iterations per second: 41.9031   Simulation time per second: 0.163684
INFO (CarpetX): Grid cells: 4096   Grid cell updates per second: 171635
INFO (CarpetX): Performance:
INFO (CarpetX):   total evolution time:            0.334292 sec
INFO (CarpetX):   total evolution compute time:    0.334052 sec
INFO (CarpetX):   total evolution output time:     0.000240326 sec
INFO (CarpetX):   total iterations:                14
INFO (CarpetX):   total cells updated:             57344
INFO (CarpetX):   average iterations per second: 41.8795
INFO (CarpetX):   average cell updates per second: 171539
INFO (CarpetX): OutputGH: iteration 15, time 0.058594, run time 1 s
INFO (CarpetX): OutputGH done.
INFO (CarpetX): Simulation time: 0.0585938   Iterations per second: 41.9166   Simulation time per second: 0.163737
INFO (CarpetX): Grid cells: 4096   Grid cell updates per second: 171690
INFO (CarpetX): Performance:
INFO (CarpetX):   total evolution time:            0.35808 sec
INFO (CarpetX):   total evolution compute time:    0.357822 sec
INFO (CarpetX):   total evolution output time:     0.000258207 sec
INFO (CarpetX):   total iterations:                15
INFO (CarpetX):   total cells updated:             61440
INFO (CarpetX):   average iterations per second: 41.8901
INFO (CarpetX):   average cell updates per second: 171582
INFO (CarpetX): OutputGH: iteration 16, time 0.062500, run time 1 s
INFO (CarpetX): OutputGH done.
INFO (CarpetX): Simulation time: 0.0625   Iterations per second: 41.9449   Simulation time per second: 0.163847
INFO (CarpetX): Grid cells: 4096   Grid cell updates per second: 171806
INFO (CarpetX): Performance:
INFO (CarpetX):   total evolution time:            0.381776 sec
INFO (CarpetX):   total evolution compute time:    0.3815 sec
INFO (CarpetX):   total evolution output time:     0.000276327 sec
INFO (CarpetX):   total iterations:                16
INFO (CarpetX):   total cells updated:             65536
INFO (CarpetX):   average iterations per second: 41.9094
INFO (CarpetX):   average cell updates per second: 171661
INFO (CarpetX): OutputGH: iteration 17, time 0.066406, run time 1 s
INFO (CarpetX): OutputGH done.
INFO (CarpetX): Simulation time: 0.0664062   Iterations per second: 41.9276   Simulation time per second: 0.16378
INFO (CarpetX): Grid cells: 4096   Grid cell updates per second: 171736
INFO (CarpetX): Performance:
INFO (CarpetX):   total evolution time:            0.405715 sec
INFO (CarpetX):   total evolution compute time:    0.40542 sec
INFO (CarpetX):   total evolution output time:     0.000295162 sec
INFO (CarpetX):   total iterations:                17
INFO (CarpetX):   total cells updated:             69632
INFO (CarpetX):   average iterations per second: 41.9013
INFO (CarpetX):   average cell updates per second: 171628
INFO (CarpetX): OutputGH: iteration 18, time 0.070312, run time 1 s
INFO (CarpetX): OutputGH done.
INFO (CarpetX): Simulation time: 0.0703125   Iterations per second: 41.9393   Simulation time per second: 0.163826
INFO (CarpetX): Grid cells: 4096   Grid cell updates per second: 171784
INFO (CarpetX): Performance:
INFO (CarpetX):   total evolution time:            0.429499 sec
INFO (CarpetX):   total evolution compute time:    0.429186 sec
INFO (CarpetX):   total evolution output time:     0.000313044 sec
INFO (CarpetX):   total iterations:                18
INFO (CarpetX):   total cells updated:             73728
INFO (CarpetX):   average iterations per second: 41.9093
INFO (CarpetX):   average cell updates per second: 171660
INFO (CarpetX): OutputGH: iteration 19, time 0.074219, run time 1 s
INFO (CarpetX): OutputGH done.
INFO (CarpetX): Simulation time: 0.0742188   Iterations per second: 41.9631   Simulation time per second: 0.163918
INFO (CarpetX): Grid cells: 4096   Grid cell updates per second: 171881
INFO (CarpetX): Performance:
INFO (CarpetX):   total evolution time:            0.453208 sec
INFO (CarpetX):   total evolution compute time:    0.452878 sec
INFO (CarpetX):   total evolution output time:     0.000329971 sec
INFO (CarpetX):   total iterations:                19
INFO (CarpetX):   total cells updated:             77824
INFO (CarpetX):   average iterations per second: 41.9233
INFO (CarpetX):   average cell updates per second: 171718
INFO (CarpetX): OutputGH: iteration 20, time 0.078125, run time 1 s
INFO (CarpetX): OutputGH done.
INFO (CarpetX): Simulation time: 0.078125   Iterations per second: 41.9802   Simulation time per second: 0.163985
INFO (CarpetX): Grid cells: 4096   Grid cell updates per second: 171951
INFO (CarpetX): Performance:
INFO (CarpetX):   total evolution time:            0.476941 sec
INFO (CarpetX):   total evolution compute time:    0.476594 sec
INFO (CarpetX):   total evolution output time:     0.000346899 sec
INFO (CarpetX):   total iterations:                20
INFO (CarpetX):   total cells updated:             81920
INFO (CarpetX):   average iterations per second: 41.9339
INFO (CarpetX):   average cell updates per second: 171761
INFO (CarpetX): OutputGH: iteration 21, time 0.082031, run time 1 s
INFO (CarpetX): OutputGH done.
INFO (CarpetX): Simulation time: 0.0820312   Iterations per second: 41.9959   Simulation time per second: 0.164046
INFO (CarpetX): Grid cells: 4096   Grid cell updates per second: 172015
INFO (CarpetX): Performance:
INFO (CarpetX):   total evolution time:            0.500673 sec
INFO (CarpetX):   total evolution compute time:    0.500309 sec
INFO (CarpetX):   total evolution output time:     0.000363827 sec
INFO (CarpetX):   total iterations:                21
INFO (CarpetX):   total cells updated:             86016
INFO (CarpetX):   average iterations per second: 41.9435
INFO (CarpetX):   average cell updates per second: 171801
INFO (CarpetX): OutputGH: iteration 22, time 0.085938, run time 1 s
INFO (CarpetX): OutputGH done.
INFO (CarpetX): Simulation time: 0.0859375   Iterations per second: 42.0115   Simulation time per second: 0.164108
INFO (CarpetX): Grid cells: 4096   Grid cell updates per second: 172079
INFO (CarpetX): Performance:
INFO (CarpetX):   total evolution time:            0.524396 sec
INFO (CarpetX):   total evolution compute time:    0.524016 sec
INFO (CarpetX):   total evolution output time:     0.000380754 sec
INFO (CarpetX):   total iterations:                22
INFO (CarpetX):   total cells updated:             90112
INFO (CarpetX):   average iterations per second: 41.953
INFO (CarpetX):   average cell updates per second: 171839
INFO (CarpetX): OutputGH: iteration 23, time 0.089844, run time 1 s
INFO (CarpetX): OutputGH done.
INFO (CarpetX): Simulation time: 0.0898438   Iterations per second: 42.0271   Simulation time per second: 0.164168
INFO (CarpetX): Grid cells: 4096   Grid cell updates per second: 172143
INFO (CarpetX): Performance:
INFO (CarpetX):   total evolution time:            0.548111 sec
INFO (CarpetX):   total evolution compute time:    0.547712 sec
INFO (CarpetX):   total evolution output time:     0.000398874 sec
INFO (CarpetX):   total iterations:                23
INFO (CarpetX):   total cells updated:             94208
INFO (CarpetX):   average iterations per second: 41.9623
INFO (CarpetX):   average cell updates per second: 171878
INFO (CarpetX): OutputGH: iteration 24, time 0.093750, run time 1 s
INFO (CarpetX): OutputGH done.
INFO (CarpetX): Simulation time: 0.09375   Iterations per second: 42.0634   Simulation time per second: 0.16431
INFO (CarpetX): Grid cells: 4096   Grid cell updates per second: 172292
INFO (CarpetX): Performance:
INFO (CarpetX):   total evolution time:            0.5717 sec
INFO (CarpetX):   total evolution compute time:    0.571284 sec
INFO (CarpetX):   total evolution output time:     0.00041604 sec
INFO (CarpetX):   total iterations:                24
INFO (CarpetX):   total cells updated:             98304
INFO (CarpetX):   average iterations per second: 41.9801
INFO (CarpetX):   average cell updates per second: 171950
INFO (CarpetX): OutputGH: iteration 25, time 0.097656, run time 1 s
INFO (CarpetX): OutputGH done.
INFO (CarpetX): Simulation time: 0.0976562   Iterations per second: 42.1282   Simulation time per second: 0.164563
INFO (CarpetX): Grid cells: 4096   Grid cell updates per second: 172557
INFO (CarpetX): Performance:
INFO (CarpetX):   total evolution time:            0.595108 sec
INFO (CarpetX):   total evolution compute time:    0.594677 sec
INFO (CarpetX):   total evolution output time:     0.000431061 sec
INFO (CarpetX):   total iterations:                25
INFO (CarpetX):   total cells updated:             102400
INFO (CarpetX):   average iterations per second: 42.0092
INFO (CarpetX):   average cell updates per second: 172070
INFO (CarpetX): OutputGH: iteration 26, time 0.101562, run time 1 s
INFO (CarpetX): OutputGH done.
INFO (CarpetX): Simulation time: 0.101562   Iterations per second: 42.1975   Simulation time per second: 0.164834
INFO (CarpetX): Grid cells: 4096   Grid cell updates per second: 172841
INFO (CarpetX): Performance:
INFO (CarpetX):   total evolution time:            0.618455 sec
INFO (CarpetX):   total evolution compute time:    0.618011 sec
INFO (CarpetX):   total evolution output time:     0.000443935 sec
INFO (CarpetX):   total iterations:                26
INFO (CarpetX):   total cells updated:             106496
INFO (CarpetX):   average iterations per second: 42.0402
INFO (CarpetX):   average cell updates per second: 172197
INFO (CarpetX): OutputGH: iteration 27, time 0.105469, run time 1 s
INFO (CarpetX): OutputGH done.
INFO (CarpetX): Simulation time: 0.105469   Iterations per second: 42.2596   Simulation time per second: 0.165077
INFO (CarpetX): Grid cells: 4096   Grid cell updates per second: 173095
INFO (CarpetX): Performance:
INFO (CarpetX):   total evolution time:            0.641805 sec
INFO (CarpetX):   total evolution compute time:    0.641345 sec
INFO (CarpetX):   total evolution output time:     0.000459909 sec
INFO (CarpetX):   total iterations:                27
INFO (CarpetX):   total cells updated:             110592
INFO (CarpetX):   average iterations per second: 42.0688
INFO (CarpetX):   average cell updates per second: 172314
INFO (CarpetX): OutputGH: iteration 28, time 0.109375, run time 1 s
INFO (CarpetX): OutputGH done.
INFO (CarpetX): Simulation time: 0.109375   Iterations per second: 42.3176   Simulation time per second: 0.165303
INFO (CarpetX): Grid cells: 4096   Grid cell updates per second: 173333
INFO (CarpetX): Performance:
INFO (CarpetX):   total evolution time:            0.665144 sec
INFO (CarpetX):   total evolution compute time:    0.664667 sec
INFO (CarpetX):   total evolution output time:     0.000477076 sec
INFO (CarpetX):   total iterations:                28
INFO (CarpetX):   total cells updated:             114688
INFO (CarpetX):   average iterations per second: 42.0961
INFO (CarpetX):   average cell updates per second: 172426
INFO (CarpetX): OutputGH: iteration 29, time 0.113281, run time 1 s
INFO (CarpetX): OutputGH done.
INFO (CarpetX): Simulation time: 0.113281   Iterations per second: 42.3285   Simulation time per second: 0.165346
INFO (CarpetX): Grid cells: 4096   Grid cell updates per second: 173377
INFO (CarpetX): Performance:
INFO (CarpetX):   total evolution time:            0.688714 sec
INFO (CarpetX):   total evolution compute time:    0.68822 sec
INFO (CarpetX):   total evolution output time:     0.000494003 sec
INFO (CarpetX):   total iterations:                29
INFO (CarpetX):   total cells updated:             118784
INFO (CarpetX):   average iterations per second: 42.1074
INFO (CarpetX):   average cell updates per second: 172472
INFO (CarpetX): OutputGH: iteration 30, time 0.117188, run time 1 s
INFO (CarpetX): OutputGH done.
INFO (CarpetX): Simulation time: 0.117188   Iterations per second: 42.3788   Simulation time per second: 0.165542
INFO (CarpetX): Grid cells: 4096   Grid cell updates per second: 173584
INFO (CarpetX): Performance:
INFO (CarpetX):   total evolution time:            0.712058 sec
INFO (CarpetX):   total evolution compute time:    0.711547 sec
INFO (CarpetX):   total evolution output time:     0.000510931 sec
INFO (CarpetX):   total iterations:                30
INFO (CarpetX):   total cells updated:             122880
INFO (CarpetX):   average iterations per second: 42.1314
INFO (CarpetX):   average cell updates per second: 172570
INFO (CarpetX): OutputGH: iteration 31, time 0.121094, run time 1 s
INFO (CarpetX): OutputGH done.
INFO (CarpetX): Simulation time: 0.121094   Iterations per second: 42.4156   Simulation time per second: 0.165686
INFO (CarpetX): Grid cells: 4096   Grid cell updates per second: 173734
INFO (CarpetX): Performance:
INFO (CarpetX):   total evolution time:            0.73545 sec
INFO (CarpetX):   total evolution compute time:    0.734924 sec
INFO (CarpetX):   total evolution output time:     0.000525951 sec
INFO (CarpetX):   total iterations:                31
INFO (CarpetX):   total cells updated:             126976
INFO (CarpetX):   average iterations per second: 42.151
INFO (CarpetX):   average cell updates per second: 172651
INFO (CarpetX): OutputGH: iteration 32, time 0.125000, run time 1 s
INFO (CarpetX): OutputGH done.
INFO (CarpetX): Simulation time: 0.125   Iterations per second: 42.4538   Simulation time per second: 0.165835
INFO (CarpetX): Grid cells: 4096   Grid cell updates per second: 173891
INFO (CarpetX): Performance:
INFO (CarpetX):   total evolution time:            0.758814 sec
INFO (CarpetX):   total evolution compute time:    0.758275 sec
INFO (CarpetX):   total evolution output time:     0.00053978 sec
INFO (CarpetX):   total iterations:                32
INFO (CarpetX):   total cells updated:             131072
INFO (CarpetX):   average iterations per second: 42.1711
INFO (CarpetX):   average cell updates per second: 172733
INFO (CarpetX): OutputGH: iteration 33, time 0.128906, run time 1 s
INFO (CarpetX): OutputGH done.
INFO (CarpetX): Simulation time: 0.128906   Iterations per second: 42.4776   Simulation time per second: 0.165928
INFO (CarpetX): Grid cells: 4096   Grid cell updates per second: 173988
INFO (CarpetX): Performance:
INFO (CarpetX):   total evolution time:            0.782237 sec
INFO (CarpetX):   total evolution compute time:    0.781684 sec
INFO (CarpetX):   total evolution output time:     0.000552893 sec
INFO (CarpetX):   total iterations:                33
INFO (CarpetX):   total cells updated:             135168
INFO (CarpetX):   average iterations per second: 42.1867
INFO (CarpetX):   average cell updates per second: 172797
INFO (CarpetX): OutputGH: iteration 34, time 0.132812, run time 1 s
INFO (CarpetX): OutputGH done.
INFO (CarpetX): Simulation time: 0.132812   Iterations per second: 42.5121   Simulation time per second: 0.166063
INFO (CarpetX): Grid cells: 4096   Grid cell updates per second: 174130
INFO (CarpetX): Performance:
INFO (CarpetX):   total evolution time:            0.805588 sec
INFO (CarpetX):   total evolution compute time:    0.805022 sec
INFO (CarpetX):   total evolution output time:     0.000566006 sec
INFO (CarpetX):   total iterations:                34
INFO (CarpetX):   total cells updated:             139264
INFO (CarpetX):   average iterations per second: 42.2052
INFO (CarpetX):   average cell updates per second: 172872
INFO (CarpetX): OutputGH: iteration 35, time 0.136719, run time 1 s
INFO (CarpetX): OutputGH done.
INFO (CarpetX): Simulation time: 0.136719   Iterations per second: 42.5403   Simulation time per second: 0.166173
INFO (CarpetX): Grid cells: 4096   Grid cell updates per second: 174245
INFO (CarpetX): Performance:
INFO (CarpetX):   total evolution time:            0.828955 sec
INFO (CarpetX):   total evolution compute time:    0.828375 sec
INFO (CarpetX):   total evolution output time:     0.000580072 sec
INFO (CarpetX):   total iterations:                35
INFO (CarpetX):   total cells updated:             143360
INFO (CarpetX):   average iterations per second: 42.2218
INFO (CarpetX):   average cell updates per second: 172941
INFO (CarpetX): OutputGH: iteration 36, time 0.140625, run time 1 s
INFO (CarpetX): OutputGH done.
INFO (CarpetX): Simulation time: 0.140625   Iterations per second: 42.5562   Simulation time per second: 0.166235
INFO (CarpetX): Grid cells: 4096   Grid cell updates per second: 174310
INFO (CarpetX): Performance:
INFO (CarpetX):   total evolution time:            0.852374 sec
INFO (CarpetX):   total evolution compute time:    0.85178 sec
INFO (CarpetX):   total evolution output time:     0.000593901 sec
INFO (CarpetX):   total iterations:                36
INFO (CarpetX):   total cells updated:             147456
INFO (CarpetX):   average iterations per second: 42.235
INFO (CarpetX):   average cell updates per second: 172994
INFO (CarpetX): OutputGH: iteration 37, time 0.144531, run time 1 s
INFO (CarpetX): OutputGH done.
INFO (CarpetX): Simulation time: 0.144531   Iterations per second: 42.5831   Simulation time per second: 0.16634
INFO (CarpetX): Grid cells: 4096   Grid cell updates per second: 174420
INFO (CarpetX): Performance:
INFO (CarpetX):   total evolution time:            0.875724 sec
INFO (CarpetX):   total evolution compute time:    0.875116 sec
INFO (CarpetX):   total evolution output time:     0.000607967 sec
INFO (CarpetX):   total iterations:                37
INFO (CarpetX):   total cells updated:             151552
INFO (CarpetX):   average iterations per second: 42.2507
INFO (CarpetX):   average cell updates per second: 173059
INFO (CarpetX): OutputGH: iteration 38, time 0.148438, run time 1 s
INFO (CarpetX): OutputGH done.
INFO (CarpetX): Simulation time: 0.148438   Iterations per second: 42.3317   Simulation time per second: 0.165358
INFO (CarpetX): Grid cells: 4096   Grid cell updates per second: 173391
INFO (CarpetX): Performance:
INFO (CarpetX):   total evolution time:            0.900602 sec
INFO (CarpetX):   total evolution compute time:    0.899979 sec
INFO (CarpetX):   total evolution output time:     0.000622988 sec
INFO (CarpetX):   total iterations:                38
INFO (CarpetX):   total cells updated:             155648
INFO (CarpetX):   average iterations per second: 42.194
INFO (CarpetX):   average cell updates per second: 172827
INFO (CarpetX): OutputGH: iteration 39, time 0.152344, run time 1 s
INFO (CarpetX): OutputGH done.
INFO (CarpetX): Simulation time: 0.152344   Iterations per second: 42.3708   Simulation time per second: 0.165511
INFO (CarpetX): Grid cells: 4096   Grid cell updates per second: 173551
INFO (CarpetX): Performance:
INFO (CarpetX):   total evolution time:            0.924007 sec
INFO (CarpetX):   total evolution compute time:    0.92337 sec
INFO (CarpetX):   total evolution output time:     0.000637054 sec
INFO (CarpetX):   total iterations:                39
INFO (CarpetX):   total cells updated:             159744
INFO (CarpetX):   average iterations per second: 42.2075
INFO (CarpetX):   average cell updates per second: 172882
INFO (CarpetX): OutputGH: iteration 40, time 0.156250, run time 1 s
INFO (CarpetX): OutputGH done.
INFO (CarpetX): Simulation time: 0.15625   Iterations per second: 42.4068   Simulation time per second: 0.165652
INFO (CarpetX): Grid cells: 4096   Grid cell updates per second: 173698
INFO (CarpetX): Performance:
INFO (CarpetX):   total evolution time:            0.947408 sec
INFO (CarpetX):   total evolution compute time:    0.946758 sec
INFO (CarpetX):   total evolution output time:     0.000649929 sec
INFO (CarpetX):   total iterations:                40
INFO (CarpetX):   total cells updated:             163840
INFO (CarpetX):   average iterations per second: 42.2204
INFO (CarpetX):   average cell updates per second: 172935
INFO (CarpetX): OutputGH: iteration 41, time 0.160156, run time 1 s
INFO (CarpetX): OutputGH done.
INFO (CarpetX): Simulation time: 0.160156   Iterations per second: 42.4471   Simulation time per second: 0.165809
INFO (CarpetX): Grid cells: 4096   Grid cell updates per second: 173864
INFO (CarpetX): Performance:
INFO (CarpetX):   total evolution time:            0.970765 sec
INFO (CarpetX):   total evolution compute time:    0.970101 sec
INFO (CarpetX):   total evolution output time:     0.000663996 sec
INFO (CarpetX):   total iterations:                41
INFO (CarpetX):   total cells updated:             167936
INFO (CarpetX):   average iterations per second: 42.2347
INFO (CarpetX):   average cell updates per second: 172993
INFO (CarpetX): OutputGH: iteration 42, time 0.164062, run time 1 s
INFO (CarpetX): OutputGH done.
INFO (CarpetX): Simulation time: 0.164062   Iterations per second: 42.4693   Simulation time per second: 0.165896
INFO (CarpetX): Grid cells: 4096   Grid cell updates per second: 173954
INFO (CarpetX): Performance:
INFO (CarpetX):   total evolution time:            0.994201 sec
INFO (CarpetX):   total evolution compute time:    0.993524 sec
INFO (CarpetX):   total evolution output time:     0.00067687 sec
INFO (CarpetX):   total iterations:                42
INFO (CarpetX):   total cells updated:             172032
INFO (CarpetX):   average iterations per second: 42.245
INFO (CarpetX):   average cell updates per second: 173035
INFO (CarpetX): OutputGH: iteration 43, time 0.167969, run time 1 s
INFO (CarpetX): OutputGH done.
INFO (CarpetX): Simulation time: 0.167969   Iterations per second: 42.4984   Simulation time per second: 0.166009
INFO (CarpetX): Grid cells: 4096   Grid cell updates per second: 174073
INFO (CarpetX): Performance:
INFO (CarpetX):   total evolution time:            1.01759 sec
INFO (CarpetX):   total evolution compute time:    1.0169 sec
INFO (CarpetX):   total evolution output time:     0.000690699 sec
INFO (CarpetX):   total iterations:                43
INFO (CarpetX):   total cells updated:             176128
INFO (CarpetX):   average iterations per second: 42.2569
INFO (CarpetX):   average cell updates per second: 173084
INFO (CarpetX): OutputGH: iteration 44, time 0.171875, run time 1 s
INFO (CarpetX): OutputGH done.
INFO (CarpetX): Simulation time: 0.171875   Iterations per second: 42.5214   Simulation time per second: 0.166099
INFO (CarpetX): Grid cells: 4096   Grid cell updates per second: 174167
INFO (CarpetX): Performance:
INFO (CarpetX):   total evolution time:            1.04099 sec
INFO (CarpetX):   total evolution compute time:    1.04028 sec
INFO (CarpetX):   total evolution output time:     0.000705719 sec
INFO (CarpetX):   total iterations:                44
INFO (CarpetX):   total cells updated:             180224
INFO (CarpetX):   average iterations per second: 42.2675
INFO (CarpetX):   average cell updates per second: 173128
INFO (CarpetX): OutputGH: iteration 45, time 0.175781, run time 1 s
INFO (CarpetX): OutputGH done.
INFO (CarpetX): Simulation time: 0.175781   Iterations per second: 42.543   Simulation time per second: 0.166183
INFO (CarpetX): Grid cells: 4096   Grid cell updates per second: 174256
INFO (CarpetX): Performance:
INFO (CarpetX):   total evolution time:            1.06439 sec
INFO (CarpetX):   total evolution compute time:    1.06367 sec
INFO (CarpetX):   total evolution output time:     0.000719786 sec
INFO (CarpetX):   total iterations:                45
INFO (CarpetX):   total cells updated:             184320
INFO (CarpetX):   average iterations per second: 42.2778
INFO (CarpetX):   average cell updates per second: 173170
INFO (CarpetX): OutputGH: iteration 46, time 0.179688, run time 1 s
INFO (CarpetX): OutputGH done.
INFO (CarpetX): Simulation time: 0.179688   Iterations per second: 42.5523   Simulation time per second: 0.16622
INFO (CarpetX): Grid cells: 4096   Grid cell updates per second: 174294
INFO (CarpetX): Performance:
INFO (CarpetX):   total evolution time:            1.08784 sec
INFO (CarpetX):   total evolution compute time:    1.08711 sec
INFO (CarpetX):   total evolution output time:     0.000733614 sec
INFO (CarpetX):   total iterations:                46
INFO (CarpetX):   total cells updated:             188416
INFO (CarpetX):   average iterations per second: 42.2856
INFO (CarpetX):   average cell updates per second: 173202
INFO (CarpetX): OutputGH: iteration 47, time 0.183594, run time 1 s
INFO (CarpetX): OutputGH done.
INFO (CarpetX): Simulation time: 0.183594   Iterations per second: 42.55   Simulation time per second: 0.166211
INFO (CarpetX): Grid cells: 4096   Grid cell updates per second: 174285
INFO (CarpetX): Performance:
INFO (CarpetX):   total evolution time:            1.11135 sec
INFO (CarpetX):   total evolution compute time:    1.11061 sec
INFO (CarpetX):   total evolution output time:     0.000748634 sec
INFO (CarpetX):   total iterations:                47
INFO (CarpetX):   total cells updated:             192512
INFO (CarpetX):   average iterations per second: 42.2907
INFO (CarpetX):   average cell updates per second: 173223
INFO (CarpetX): OutputGH: iteration 48, time 0.187500, run time 1 s
INFO (CarpetX): OutputGH done.
INFO (CarpetX): Simulation time: 0.1875   Iterations per second: 42.5695   Simulation time per second: 0.166287
INFO (CarpetX): Grid cells: 4096   Grid cell updates per second: 174365
INFO (CarpetX): Performance:
INFO (CarpetX):   total evolution time:            1.13475 sec
INFO (CarpetX):   total evolution compute time:    1.13399 sec
INFO (CarpetX):   total evolution output time:     0.000762701 sec
INFO (CarpetX):   total iterations:                48
INFO (CarpetX):   total cells updated:             196608
INFO (CarpetX):   average iterations per second: 42.3001
INFO (CarpetX):   average cell updates per second: 173261
INFO (CarpetX): OutputGH: iteration 49, time 0.191406, run time 1 s
INFO (CarpetX): OutputGH done.
INFO (CarpetX): Simulation time: 0.191406   Iterations per second: 42.5951   Simulation time per second: 0.166387
INFO (CarpetX): Grid cells: 4096   Grid cell updates per second: 174470
INFO (CarpetX): Performance:
INFO (CarpetX):   total evolution time:            1.1581 sec
INFO (CarpetX):   total evolution compute time:    1.15732 sec
INFO (CarpetX):   total evolution output time:     0.000776768 sec
INFO (CarpetX):   total iterations:                49
INFO (CarpetX):   total cells updated:             200704
INFO (CarpetX):   average iterations per second: 42.3107
INFO (CarpetX):   average cell updates per second: 173305
INFO (CarpetX): OutputGH: iteration 50, time 0.195312, run time 1 s
INFO (CarpetX): OutputGH done.
INFO (CarpetX): Simulation time: 0.195312   Iterations per second: 42.6118   Simulation time per second: 0.166452
INFO (CarpetX): Grid cells: 4096   Grid cell updates per second: 174538
INFO (CarpetX): Performance:
INFO (CarpetX):   total evolution time:            1.18148 sec
INFO (CarpetX):   total evolution compute time:    1.18069 sec
INFO (CarpetX):   total evolution output time:     0.000790834 sec
INFO (CarpetX):   total iterations:                50
INFO (CarpetX):   total cells updated:             204800
INFO (CarpetX):   average iterations per second: 42.3197
INFO (CarpetX):   average cell updates per second: 173341
INFO (CarpetX): OutputGH: iteration 51, time 0.199219, run time 1 s
INFO (CarpetX): OutputGH done.
INFO (CarpetX): Simulation time: 0.199219   Iterations per second: 42.6217   Simulation time per second: 0.166491
INFO (CarpetX): Grid cells: 4096   Grid cell updates per second: 174579
INFO (CarpetX): Performance:
INFO (CarpetX):   total evolution time:            1.2049 sec
INFO (CarpetX):   total evolution compute time:    1.20409 sec
INFO (CarpetX):   total evolution output time:     0.000806808 sec
INFO (CarpetX):   total iterations:                51
INFO (CarpetX):   total cells updated:             208896
INFO (CarpetX):   average iterations per second: 42.3273
INFO (CarpetX):   average cell updates per second: 173373
INFO (CarpetX): OutputGH: iteration 52, time 0.203125, run time 1 s
INFO (CarpetX): OutputGH done.
INFO (CarpetX): Simulation time: 0.203125   Iterations per second: 42.6286   Simulation time per second: 0.166518
INFO (CarpetX): Grid cells: 4096   Grid cell updates per second: 174607
INFO (CarpetX): Performance:
INFO (CarpetX):   total evolution time:            1.22832 sec
INFO (CarpetX):   total evolution compute time:    1.2275 sec
INFO (CarpetX):   total evolution output time:     0.000820875 sec
INFO (CarpetX):   total iterations:                52
INFO (CarpetX):   total cells updated:             212992
INFO (CarpetX):   average iterations per second: 42.3342
INFO (CarpetX):   average cell updates per second: 173401
INFO (CarpetX): OutputGH: iteration 53, time 0.207031, run time 1 s
INFO (CarpetX): OutputGH done.
INFO (CarpetX): Simulation time: 0.207031   Iterations per second: 42.6329   Simulation time per second: 0.166535
INFO (CarpetX): Grid cells: 4096   Grid cell updates per second: 174624
INFO (CarpetX): Performance:
INFO (CarpetX):   total evolution time:            1.25176 sec
INFO (CarpetX):   total evolution compute time:    1.25092 sec
INFO (CarpetX):   total evolution output time:     0.000837803 sec
INFO (CarpetX):   total iterations:                53
INFO (CarpetX):   total cells updated:             217088
INFO (CarpetX):   average iterations per second: 42.3405
INFO (CarpetX):   average cell updates per second: 173427
INFO (CarpetX): OutputGH: iteration 54, time 0.210938, run time 1 s
INFO (CarpetX): OutputGH done.
INFO (CarpetX): Simulation time: 0.210938   Iterations per second: 42.5792   Simulation time per second: 0.166325
INFO (CarpetX): Grid cells: 4096   Grid cell updates per second: 174404
INFO (CarpetX): Performance:
INFO (CarpetX):   total evolution time:            1.27551 sec
INFO (CarpetX):   total evolution compute time:    1.27465 sec
INFO (CarpetX):   total evolution output time:     0.000854731 sec
INFO (CarpetX):   total iterations:                54
INFO (CarpetX):   total cells updated:             221184
INFO (CarpetX):   average iterations per second: 42.3361
INFO (CarpetX):   average cell updates per second: 173409
INFO (CarpetX): OutputGH: iteration 55, time 0.214844, run time 1 s
INFO (CarpetX): OutputGH done.
INFO (CarpetX): Simulation time: 0.214844   Iterations per second: 42.5053   Simulation time per second: 0.166036
INFO (CarpetX): Grid cells: 4096   Grid cell updates per second: 174102
INFO (CarpetX): Performance:
INFO (CarpetX):   total evolution time:            1.2994 sec
INFO (CarpetX):   total evolution compute time:    1.29853 sec
INFO (CarpetX):   total evolution output time:     0.000871658 sec
INFO (CarpetX):   total iterations:                55
INFO (CarpetX):   total cells updated:             225280
INFO (CarpetX):   average iterations per second: 42.3272
INFO (CarpetX):   average cell updates per second: 173372
INFO (CarpetX): OutputGH: iteration 56, time 0.218750, run time 1 s
INFO (CarpetX): OutputGH done.
INFO (CarpetX): Simulation time: 0.21875   Iterations per second: 42.4469   Simulation time per second: 0.165808
INFO (CarpetX): Grid cells: 4096   Grid cell updates per second: 173863
INFO (CarpetX): Performance:
INFO (CarpetX):   total evolution time:            1.32325 sec
INFO (CarpetX):   total evolution compute time:    1.32235 sec
INFO (CarpetX):   total evolution output time:     0.000905752 sec
INFO (CarpetX):   total iterations:                56
INFO (CarpetX):   total cells updated:             229376
INFO (CarpetX):   average iterations per second: 42.32
INFO (CarpetX):   average cell updates per second: 173343
INFO (CarpetX): OutputGH: iteration 57, time 0.222656, run time 2 s
INFO (CarpetX): OutputGH done.
INFO (CarpetX): Simulation time: 0.222656   Iterations per second: 42.4783   Simulation time per second: 0.165931
INFO (CarpetX): Grid cells: 4096   Grid cell updates per second: 173991
INFO (CarpetX): Performance:
INFO (CarpetX):   total evolution time:            1.34664 sec
INFO (CarpetX):   total evolution compute time:    1.34572 sec
INFO (CarpetX):   total evolution output time:     0.000921726 sec
INFO (CarpetX):   total iterations:                57
INFO (CarpetX):   total cells updated:             233472
INFO (CarpetX):   average iterations per second: 42.3277
INFO (CarpetX):   average cell updates per second: 173374
INFO (CarpetX): OutputGH: iteration 58, time 0.226562, run time 2 s
INFO (CarpetX): OutputGH done.
INFO (CarpetX): Simulation time: 0.226562   Iterations per second: 42.5074   Simulation time per second: 0.166045
INFO (CarpetX): Grid cells: 4096   Grid cell updates per second: 174110
INFO (CarpetX): Performance:
INFO (CarpetX):   total evolution time:            1.37002 sec
INFO (CarpetX):   total evolution compute time:    1.36908 sec
INFO (CarpetX):   total evolution output time:     0.0009377 sec
INFO (CarpetX):   total iterations:                58
INFO (CarpetX):   total cells updated:             237568
INFO (CarpetX):   average iterations per second: 42.3352
INFO (CarpetX):   average cell updates per second: 173405
INFO (CarpetX): OutputGH: iteration 59, time 0.230469, run time 2 s
INFO (CarpetX): OutputGH done.
INFO (CarpetX): Simulation time: 0.230469   Iterations per second: 42.5201   Simulation time per second: 0.166094
INFO (CarpetX): Grid cells: 4096   Grid cell updates per second: 174162
INFO (CarpetX): Performance:
INFO (CarpetX):   total evolution time:            1.39347 sec
INFO (CarpetX):   total evolution compute time:    1.39252 sec
INFO (CarpetX):   total evolution output time:     0.00095582 sec
INFO (CarpetX):   total iterations:                59
INFO (CarpetX):   total cells updated:             241664
INFO (CarpetX):   average iterations per second: 42.3403
INFO (CarpetX):   average cell updates per second: 173426
INFO (CarpetX): OutputGH: iteration 60, time 0.234375, run time 2 s
INFO (CarpetX): OutputGH done.
INFO (CarpetX): Simulation time: 0.234375   Iterations per second: 42.5444   Simulation time per second: 0.166189
INFO (CarpetX): Grid cells: 4096   Grid cell updates per second: 174262
INFO (CarpetX): Performance:
INFO (CarpetX):   total evolution time:            1.41686 sec
INFO (CarpetX):   total evolution compute time:    1.41588 sec
INFO (CarpetX):   total evolution output time:     0.000972748 sec
INFO (CarpetX):   total iterations:                60
INFO (CarpetX):   total cells updated:             245760
INFO (CarpetX):   average iterations per second: 42.3473
INFO (CarpetX):   average cell updates per second: 173454
INFO (CarpetX): OutputGH: iteration 61, time 0.238281, run time 2 s
INFO (CarpetX): OutputGH done.
INFO (CarpetX): Simulation time: 0.238281   Iterations per second: 42.5708   Simulation time per second: 0.166292
INFO (CarpetX): Grid cells: 4096   Grid cell updates per second: 174370
INFO (CarpetX): Performance:
INFO (CarpetX):   total evolution time:            1.44022 sec
INFO (CarpetX):   total evolution compute time:    1.43923 sec
INFO (CarpetX):   total evolution output time:     0.000989676 sec
INFO (CarpetX):   total iterations:                61
INFO (CarpetX):   total cells updated:             249856
INFO (CarpetX):   average iterations per second: 42.3548
INFO (CarpetX):   average cell updates per second: 173485
INFO (CarpetX): OutputGH: iteration 62, time 0.242188, run time 2 s
INFO (CarpetX): OutputGH done.
INFO (CarpetX): Simulation time: 0.242188   Iterations per second: 42.5589   Simulation time per second: 0.166246
INFO (CarpetX): Grid cells: 4096   Grid cell updates per second: 174321
INFO (CarpetX): Performance:
INFO (CarpetX):   total evolution time:            1.46377 sec
INFO (CarpetX):   total evolution compute time:    1.46276 sec
INFO (CarpetX):   total evolution output time:     0.0010078 sec
INFO (CarpetX):   total iterations:                62
INFO (CarpetX):   total cells updated:             253952
INFO (CarpetX):   average iterations per second: 42.3563
INFO (CarpetX):   average cell updates per second: 173492
INFO (CarpetX): OutputGH: iteration 63, time 0.246094, run time 2 s
INFO (CarpetX): OutputGH done.
INFO (CarpetX): Simulation time: 0.246094   Iterations per second: 42.5821   Simulation time per second: 0.166336
INFO (CarpetX): Grid cells: 4096   Grid cell updates per second: 174416
INFO (CarpetX): Performance:
INFO (CarpetX):   total evolution time:            1.48714 sec
INFO (CarpetX):   total evolution compute time:    1.48612 sec
INFO (CarpetX):   total evolution output time:     0.00102377 sec
INFO (CarpetX):   total iterations:                63
INFO (CarpetX):   total cells updated:             258048
INFO (CarpetX):   average iterations per second: 42.3632
INFO (CarpetX):   average cell updates per second: 173520
INFO (CarpetX): OutputGH: iteration 64, time 0.250000, run time 2 s
INFO (CarpetX): OutputGH done.
INFO (CarpetX): Simulation time: 0.25   Iterations per second: 40.2939   Simulation time per second: 0.157398
INFO (CarpetX): Grid cells: 4096   Grid cell updates per second: 165044
INFO (CarpetX): Performance:
INFO (CarpetX):   total evolution time:            1.52396 sec
INFO (CarpetX):   total evolution compute time:    1.51205 sec
INFO (CarpetX):   total evolution output time:     0.0119059 sec
INFO (CarpetX):   total iterations:                64
INFO (CarpetX):   total cells updated:             262144
INFO (CarpetX):   average iterations per second: 41.9958
INFO (CarpetX):   average cell updates per second: 172015
INFO (CarpetX): Shutting down...
AMReX (25.11) finalized
--------------------------------------------------------------------------------
Done.

real	0m1.896s
user	0m3.095s
sys	0m0.201s
+ echo Stopping:
Stopping:
+ date
Mon Feb  9 04:16:25 AM UTC 2026
+ echo Done.
Done.
  Elapsed time: 1.9 s
