/__w/canudax-tests/workspace/simulations/TestJob01_temp_2/output-0000/TEST/sim/CanudaX_BSSNMoL
Preparing:
+ set -e
+ cd output-0000-active
+ echo Checking:
Checking:
+ pwd
/__w/canudax-tests/workspace/simulations/TestJob01_temp_2/output-0000/TEST/sim/CanudaX_BSSNMoL/output-0000-active
+ hostname
34c2c922cfbb
+ date
Fri Apr 17 04:55:48 PM UTC 2026
+ echo Environment:
Environment:
+ export SIMULATION_ID=simulation-TestJob01_temp_2-actions-cpu-real64-actions-root-2026.04.17-16.55.47-16820
+ SIMULATION_ID=simulation-TestJob01_temp_2-actions-cpu-real64-actions-root-2026.04.17-16.55.47-16820
+ export CACTUS_NUM_PROCS=2
+ CACTUS_NUM_PROCS=2
+ export CACTUS_NUM_THREADS=1
+ CACTUS_NUM_THREADS=1
+ export CACTUS_SET_THREAD_BINDINGS=0
+ CACTUS_SET_THREAD_BINDINGS=0
+ export GLIBCXX_FORCE_NEW=1
+ GLIBCXX_FORCE_NEW=1
+ export GMON_OUT_PREFIX=gmon.out
+ GMON_OUT_PREFIX=gmon.out
+ export OMP_DISPLAY_ENV=TRUE
+ OMP_DISPLAY_ENV=TRUE
+ export OMP_MAX_TASKS=100
+ OMP_MAX_TASKS=100
+ export OMP_NUM_THREADS=1
+ OMP_NUM_THREADS=1
+ export OMP_PLACES=cores
+ OMP_PLACES=cores
+ export OMP_PROC_BIND=FALSE
+ OMP_PROC_BIND=FALSE
+ export OMP_STACKSIZE=8192
+ OMP_STACKSIZE=8192
+ env
+ sort
+ echo Starting:
Starting:
++ date +%s
+ export CACTUS_STARTTIME=1776444948
+ CACTUS_STARTTIME=1776444948
+ mpiexec -n 2 /__w/canudax-tests/workspace/simulations/TestJob01_temp_2/SIMFACTORY/exe/cactus_sim -L 3 /__w/canudax-tests/workspace/simulations/TestJob01_temp_2/output-0000/arrangements/CanudaX/CanudaX_BSSNMoL/test/gaugewave.par

OPENMP DISPLAY ENVIRONMENT BEGIN
  _OPENMP = '201511'
  [host] OMP_DYNAMIC = 'FALSE'
  [host] OMP_NESTED = 'FALSE'
  [host] OMP_NUM_THREADS = '1'
  [host] OMP_SCHEDULE = 'DYNAMIC'
  [host] OMP_PROC_BIND = 'FALSE'
  [host] OMP_PLACES = ''
  [host] OMP_STACKSIZE = '8388608'
  [host] OMP_WAIT_POLICY = 'PASSIVE'
  [host] OMP_THREAD_LIMIT = '4294967295'
  [host] OMP_MAX_ACTIVE_LEVELS = '1'
  [host] OMP_NUM_TEAMS = '0'
  [host] OMP_TEAMS_THREAD_LIMIT = '0'
  [all] OMP_CANCELLATION = 'FALSE'
  [all] OMP_DEFAULT_DEVICE = '0'
  [all] OMP_MAX_TASK_PRIORITY = '0'
  [all] OMP_DISPLAY_AFFINITY = 'FALSE'
  [host] OMP_AFFINITY_FORMAT = 'level %L thread %i affinity %A'
  [host] OMP_ALLOCATOR = 'omp_default_mem_alloc'
  [all] OMP_TARGET_OFFLOAD = 'DEFAULT'
OPENMP DISPLAY ENVIRONMENT END

OPENMP DISPLAY ENVIRONMENT BEGIN
  _OPENMP = '201511'
  [host] OMP_DYNAMIC = 'FALSE'
  [host] OMP_NESTED = 'FALSE'
  [host] OMP_NUM_THREADS = '1'
  [host] OMP_SCHEDULE = 'DYNAMIC'
  [host] OMP_PROC_BIND = 'FALSE'
  [host] OMP_PLACES = ''
  [host] OMP_STACKSIZE = '8388608'
  [host] OMP_WAIT_POLICY = 'PASSIVE'
  [host] OMP_THREAD_LIMIT = '4294967295'
  [host] OMP_MAX_ACTIVE_LEVELS = '1'
  [host] OMP_NUM_TEAMS = '0'
  [host] OMP_TEAMS_THREAD_LIMIT = '0'
  [all] OMP_CANCELLATION = 'FALSE'
  [all] OMP_DEFAULT_DEVICE = '0'
  [all] OMP_MAX_TASK_PRIORITY = '0'
  [all] OMP_DISPLAY_AFFINITY = 'FALSE'
  [host] OMP_AFFINITY_FORMAT = 'level %L thread %i affinity %A'
  [host] OMP_ALLOCATOR = 'omp_default_mem_alloc'
  [all] OMP_TARGET_OFFLOAD = 'DEFAULT'
OPENMP DISPLAY ENVIRONMENT END
INFO (Cactus): Increased logging level from 0 to 3
--------------------------------------------------------------------------------

       10                                  
  1   0101       ************************  
  01  1010 10      The Cactus Code V4.18.0    
 1010 1101 011      www.cactuscode.org     
  1001 100101    ************************  
    00010101                               
     100011     (c) Copyright The Authors  
      0100      GNU Licensed. No Warranty  
      0101                                 
--------------------------------------------------------------------------------

Cactus version:    4.18.0
Compile date:      Apr 17 2026 (16:53:24)
Run date:          Apr 17 2026 (16:55:48+0000)
Run host:          34c2c922cfbb (pid=16868)
Working directory: /__w/canudax-tests/workspace/simulations/TestJob01_temp_2/output-0000/TEST/sim/CanudaX_BSSNMoL
Executable:        /__w/canudax-tests/workspace/simulations/TestJob01_temp_2/SIMFACTORY/exe/cactus_sim
Parameter file:    /__w/canudax-tests/workspace/simulations/TestJob01_temp_2/output-0000/arrangements/CanudaX/CanudaX_BSSNMoL/test/gaugewave.par
--------------------------------------------------------------------------------

Activating thorn Cactus...Success -> active implementation Cactus
Activation requested for 
--->ADMBaseX CanudaX_BSSNMoL CanudaX_ExactID CarpetX IOUtil ODESolvers TmunuBaseX<---
Thorn ADMBaseX requests automatic activation of Loop
Thorn CarpetX requests automatic activation of AMReX
Thorn CarpetX requests automatic activation of MPI
Thorn CarpetX requests automatic activation of yaml_cpp
Thorn CarpetX requests automatic activation of zlib
Thorn CarpetX requests automatic activation of Arith
Thorn CarpetX requests automatic activation of CarpetXRegrid
Thorn CarpetX requests automatic activation of ADIOS2
Thorn CarpetX requests automatic activation of openPMD
Thorn CarpetX requests automatic activation of Silo
Thorn ODESolvers requests automatic activation of Subcycling
Thorn Arith requests automatic activation of NSIMD
Thorn MPI requests automatic activation of hwloc
Thorn openPMD requests automatic activation of HDF5
Activating thorn ADIOS2...Success -> active implementation ADIOS2
Activating thorn ADMBaseX...Success -> active implementation ADMBaseX
Activating thorn AMReX...Success -> active implementation AMReX
Activating thorn Arith...Success -> active implementation Arith
Activating thorn CanudaX_BSSNMoL...Success -> active implementation CanudaX_BSSNMoL
Activating thorn CanudaX_ExactID...Success -> active implementation CanudaX_ExactID
Activating thorn CarpetX...Success -> active implementation Driver
Activating thorn CarpetXRegrid...Success -> active implementation CarpetXRegrid
Activating thorn HDF5...Success -> active implementation HDF5
Activating thorn hwloc...Success -> active implementation hwloc
Activating thorn IOUtil...Success -> active implementation IO
Activating thorn Loop...Success -> active implementation Loop
Activating thorn MPI...Success -> active implementation MPI
Activating thorn NSIMD...Success -> active implementation NSIMD
Activating thorn ODESolvers...Success -> active implementation ODESolvers
Activating thorn openPMD...Success -> active implementation openPMD
Activating thorn Silo...Success -> active implementation Silo
Activating thorn Subcycling...Success -> active implementation Subcycling
Activating thorn TmunuBaseX...Success -> active implementation TmunuBaseX
Activating thorn yaml_cpp...Success -> active implementation yaml_cpp
Activating thorn zlib...Success -> active implementation zlib
--------------------------------------------------------------------------------
  if (recover initial data)
    Recover parameters
  endif

  Startup routines
    [CCTK_STARTUP]
      CarpetX::Driver_Startup: Start up the driver
      IOUtil::IOUtil_Startup: Startup routine
      GROUP hwloc_startup: hwloc startup group
        hwloc::hwloc_version: Output hwloc version

  Startup routines which need an existing grid hierarchy
    [CCTK_WRAGH]
      Arith::Test_smallvector: [meta] Test small vectors
      Arith::Test_spvect: [meta] Test sparse vectors
      ODESolvers::ODESolvers_InitConstants: [global] Set up dummy loop counters for schedule printout
  Parameter checking routines
    [CCTK_PARAMCHECK]
      CanudaX_BSSNMoL::CanudaX_BSSNMoL_paramcheck: Check CanudaX_BSSNMoL parameters for consistency

  Initialisation
    if (NOT (recover initial data AND recovery_mode is 'strict'))
      [CCTK_PREREGRIDINITIAL]
      Set up grid hierarchy
      [CCTK_POSTREGRIDINITIAL]
      [CCTK_BASEGRID]
        CarpetXRegrid::CarpetXRegrid_InitError: Initialize regridding error to zero
        GROUP ODESolvers_BaseGrid: Set up constants (e.g. coordinates) everywhere on the grid
      [CCTK_INITIAL]
        GROUP TmunuBaseX_SetTmunuVars: Schedule group for setting T_munu
          TmunuBaseX::TmunuBaseX_ZeroTmunu: Set T_munu to zero
          GROUP TmunuBaseX_AddToTmunu: Add to T_munu here
        GROUP ODESolvers_Initial: Set up initial conditions on interior of state vector
          GROUP ADMBaseX_InitialData: Schedule group for calculating ADM initial data
            GROUP CanudaX_ExactIDGroup: CanudaX_ExactID group for setting up initial data
              CanudaX_ExactID::CanudaX_ExactID_GaugeWave: [local] Create gauge wave initial data
          GROUP ADMBaseX_InitialGauge: Schedule group for the ADM initial gauge condition
            ADMBaseX::ADMBaseX_initial_dtlapse: Set dtlapse to zero
            ADMBaseX::ADMBaseX_initial_dtshift: Set dtshift to zero
          GROUP ADMBaseX_PostInitial: Schedule group for modifying the ADM initial data, such as e.g. adding noise
        GROUP Subcycling_RMBndryGroup: Check if the ghost points are at refinement boundary
          Subcycling::Subcycling_SetLevelNeighbor: Set isrmbndry
          Subcycling::Subcycling_SetIsRMBndry: Set isrmbndry
        GROUP CanudaX_BSSNMoL_InitialGroup: CanudaX_BSSNMoL: initial bin
          CanudaX_BSSNMoL::CanudaX_BSSNMoL_adm2bssn: [local] Convert initial data into BSSN variables
          CanudaX_BSSNMoL::CanudaX_BSSNMoL_gammat: [local] Set Gammat initial data
      [CCTK_POSTINITIAL]
        GROUP ODESolvers_PostStep: Apply boundary conditions to state vector, and project if necessary
          GROUP CanudaX_BSSNMoL_PostStepGroup: CanudaX_BSSNMoL: post-step operations
            CanudaX_BSSNMoL::CanudaX_BSSNMoL_impose_conf_fac_floor: Make sure conformal factor does not drop below specified value
            CanudaX_BSSNMoL::CanudaX_BSSNMoL_reset_detmetric: reset dethh = 1
            CanudaX_BSSNMoL::CanudaX_BSSNMoL_remove_trA: Remove trace of A
          GROUP ADMBaseX_SetADMRHS: Set ADM RHS variables in this group
          CanudaX_BSSNMoL::CanudaX_BSSNMoL_sync: [global] Sync state vector
          GROUP ADMBaseX_SetADMVars: Set ADM variables in this group
            CanudaX_BSSNMoL::CanudaX_BSSNMoL_bssn2adm: [local] Convert variables back to the ADM ones
          GROUP TmunuBaseX_SetTmunuVars: Schedule group for setting T_munu
            TmunuBaseX::TmunuBaseX_ZeroTmunu: Set T_munu to zero
            GROUP TmunuBaseX_AddToTmunu: Add to T_munu here
        GROUP ODESolvers_EstimateError: Estimate discretization error (for regridding)
      Initialise finer grids recursively
      Restrict from finer grids
      [CCTK_POSTRESTRICTINITIAL]
      [CCTK_POSTPOSTINITIAL]
      [CCTK_POSTSTEP]
        GROUP ODESolvers_EstimateError: Estimate discretization error (for regridding)
    endif
    if (recover initial data)
      [CCTK_BASEGRID]
        CarpetXRegrid::CarpetXRegrid_InitError: Initialize regridding error to zero
        GROUP ODESolvers_BaseGrid: Set up constants (e.g. coordinates) everywhere on the grid
      [CCTK_RECOVER_VARIABLES]
      [CCTK_POST_RECOVER_VARIABLES]
        GROUP ODESolvers_PostStep: Apply boundary conditions to state vector, and project if necessary
          GROUP CanudaX_BSSNMoL_PostStepGroup: CanudaX_BSSNMoL: post-step operations
            CanudaX_BSSNMoL::CanudaX_BSSNMoL_impose_conf_fac_floor: Make sure conformal factor does not drop below specified value
            CanudaX_BSSNMoL::CanudaX_BSSNMoL_reset_detmetric: reset dethh = 1
            CanudaX_BSSNMoL::CanudaX_BSSNMoL_remove_trA: Remove trace of A
          GROUP ADMBaseX_SetADMRHS: Set ADM RHS variables in this group
          CanudaX_BSSNMoL::CanudaX_BSSNMoL_sync: [global] Sync state vector
          GROUP ADMBaseX_SetADMVars: Set ADM variables in this group
            CanudaX_BSSNMoL::CanudaX_BSSNMoL_bssn2adm: [local] Convert variables back to the ADM ones
          GROUP TmunuBaseX_SetTmunuVars: Schedule group for setting T_munu
            TmunuBaseX::TmunuBaseX_ZeroTmunu: Set T_munu to zero
            GROUP TmunuBaseX_AddToTmunu: Add to T_munu here
        GROUP ODESolvers_EstimateError: Estimate discretization error (for regridding)
        GROUP Subcycling_RMBndryGroup: Check if the ghost points are at refinement boundary
          Subcycling::Subcycling_SetLevelNeighbor: Set isrmbndry
          Subcycling::Subcycling_SetIsRMBndry: Set isrmbndry
    endif
    if (checkpoint initial data)
      [CCTK_CPINITIAL]
        CarpetX::CarpetX_CheckpointInitial: [meta] Checkpoint initial conditions
    endif
    if (analysis)
      [CCTK_ANALYSIS]
        CanudaX_BSSNMoL::CanudaX_BSSNMoL_calc_ricci_for_constraints: MoL ricci tensor and scalar calculation
        CanudaX_BSSNMoL::CanudaX_BSSNMoL_bssn_constraints: Compute constraints
        GROUP ODESolvers_Analysis: Calculate analysis quantities everywhere
  endif
  Output grid variables

  do loop over timesteps
    [CCTK_PREREGRID]
    Change grid hierarchy
    [CCTK_POSTREGRID]
      GROUP ODESolvers_PostStep: Apply boundary conditions to state vector, and project if necessary
        GROUP CanudaX_BSSNMoL_PostStepGroup: CanudaX_BSSNMoL: post-step operations
          CanudaX_BSSNMoL::CanudaX_BSSNMoL_impose_conf_fac_floor: Make sure conformal factor does not drop below specified value
          CanudaX_BSSNMoL::CanudaX_BSSNMoL_reset_detmetric: reset dethh = 1
          CanudaX_BSSNMoL::CanudaX_BSSNMoL_remove_trA: Remove trace of A
        GROUP ADMBaseX_SetADMRHS: Set ADM RHS variables in this group
        CanudaX_BSSNMoL::CanudaX_BSSNMoL_sync: [global] Sync state vector
        GROUP ADMBaseX_SetADMVars: Set ADM variables in this group
          CanudaX_BSSNMoL::CanudaX_BSSNMoL_bssn2adm: [local] Convert variables back to the ADM ones
        GROUP TmunuBaseX_SetTmunuVars: Schedule group for setting T_munu
          TmunuBaseX::TmunuBaseX_ZeroTmunu: Set T_munu to zero
          GROUP TmunuBaseX_AddToTmunu: Add to T_munu here
      GROUP Subcycling_RMBndryGroup: Check if the ghost points are at refinement boundary
        Subcycling::Subcycling_SetLevelNeighbor: Set isrmbndry
        Subcycling::Subcycling_SetIsRMBndry: Set isrmbndry
    Rotate timelevels
    iteration = iteration+1
    t = t+dt
    [CCTK_PRESTEP]
    [CCTK_EVOL]
      ODESolvers::ODESolvers_Solve_Subcycling: [level] Solve ODEs using Subcycling
      while (ODESolvers::do_substeps)
        GROUP ODESolvers_CalledBySolve: Groups internally scheduled by ODESolvers_Solve
          GROUP ODESolvers_RHS: Evaluate the RHS for of state vector everywhere on the grid
            GROUP CanudaX_BSSNMoL_RHSGroup: CanudaX_BSSNMoL: calculate BSSN RHS
              CanudaX_BSSNMoL::CanudaX_BSSNMoL_calc_ricci: MoL ricci tensor and scalar calculation
              CanudaX_BSSNMoL::CanudaX_BSSNMoL_calc_bssn_rhs: MoL RHS calculation
              CanudaX_BSSNMoL::CanudaX_BSSNMoL_apply_boundary_conditions: Apply radiative boundary conditions 
          GROUP ODESolvers_PostStep: Apply boundary conditions to state vector, and project if necessary
            GROUP CanudaX_BSSNMoL_PostStepGroup: CanudaX_BSSNMoL: post-step operations
              CanudaX_BSSNMoL::CanudaX_BSSNMoL_impose_conf_fac_floor: Make sure conformal factor does not drop below specified value
              CanudaX_BSSNMoL::CanudaX_BSSNMoL_reset_detmetric: reset dethh = 1
              CanudaX_BSSNMoL::CanudaX_BSSNMoL_remove_trA: Remove trace of A
            GROUP ADMBaseX_SetADMRHS: Set ADM RHS variables in this group
            CanudaX_BSSNMoL::CanudaX_BSSNMoL_sync: [global] Sync state vector
            GROUP ADMBaseX_SetADMVars: Set ADM variables in this group
              CanudaX_BSSNMoL::CanudaX_BSSNMoL_bssn2adm: [local] Convert variables back to the ADM ones
            GROUP TmunuBaseX_SetTmunuVars: Schedule group for setting T_munu
              TmunuBaseX::TmunuBaseX_ZeroTmunu: Set T_munu to zero
              GROUP TmunuBaseX_AddToTmunu: Add to T_munu here
      end while
    Evolve finer grids recursively
    Restrict from finer grids
    [CCTK_POSTRESTRICT]
      GROUP ODESolvers_PostStep: Apply boundary conditions to state vector, and project if necessary
        GROUP CanudaX_BSSNMoL_PostStepGroup: CanudaX_BSSNMoL: post-step operations
          CanudaX_BSSNMoL::CanudaX_BSSNMoL_impose_conf_fac_floor: Make sure conformal factor does not drop below specified value
          CanudaX_BSSNMoL::CanudaX_BSSNMoL_reset_detmetric: reset dethh = 1
          CanudaX_BSSNMoL::CanudaX_BSSNMoL_remove_trA: Remove trace of A
        GROUP ADMBaseX_SetADMRHS: Set ADM RHS variables in this group
        CanudaX_BSSNMoL::CanudaX_BSSNMoL_sync: [global] Sync state vector
        GROUP ADMBaseX_SetADMVars: Set ADM variables in this group
          CanudaX_BSSNMoL::CanudaX_BSSNMoL_bssn2adm: [local] Convert variables back to the ADM ones
        GROUP TmunuBaseX_SetTmunuVars: Schedule group for setting T_munu
          TmunuBaseX::TmunuBaseX_ZeroTmunu: Set T_munu to zero
          GROUP TmunuBaseX_AddToTmunu: Add to T_munu here
    [CCTK_POSTSTEP]
      GROUP ODESolvers_EstimateError: Estimate discretization error (for regridding)
    if (checkpoint)
      [CCTK_CHECKPOINT]
      CarpetX::CarpetX_Checkpoint: [meta] Checkpoint
    endif
    if (analysis)
      [CCTK_ANALYSIS]
      CanudaX_BSSNMoL::CanudaX_BSSNMoL_calc_ricci_for_constraints: MoL ricci tensor and scalar calculation
      CanudaX_BSSNMoL::CanudaX_BSSNMoL_bssn_constraints: Compute constraints
      GROUP ODESolvers_Analysis: Calculate analysis quantities everywhere
    endif
    Output grid variables
    enddo

  Termination routines
    [CCTK_TERMINATE]
      CarpetX::CarpetX_CheckpointTerminate: [meta] Checkpoint before terminating

  Shutdown routines
    [CCTK_SHUTDOWN]
      CarpetX::Driver_Shutdown: [meta] Shut down the driver

  Routines run after changing the grid hierarchy:
    [CCTK_POSTREGRID]
      GROUP ODESolvers_PostStep: Apply boundary conditions to state vector, and project if necessary
        GROUP CanudaX_BSSNMoL_PostStepGroup: CanudaX_BSSNMoL: post-step operations
          CanudaX_BSSNMoL::CanudaX_BSSNMoL_impose_conf_fac_floor: Make sure conformal factor does not drop below specified value
          CanudaX_BSSNMoL::CanudaX_BSSNMoL_reset_detmetric: reset dethh = 1
          CanudaX_BSSNMoL::CanudaX_BSSNMoL_remove_trA: Remove trace of A
        GROUP ADMBaseX_SetADMRHS: Set ADM RHS variables in this group
        CanudaX_BSSNMoL::CanudaX_BSSNMoL_sync: [global] Sync state vector
        GROUP ADMBaseX_SetADMVars: Set ADM variables in this group
          CanudaX_BSSNMoL::CanudaX_BSSNMoL_bssn2adm: [local] Convert variables back to the ADM ones
        GROUP TmunuBaseX_SetTmunuVars: Schedule group for setting T_munu
          TmunuBaseX::TmunuBaseX_ZeroTmunu: Set T_munu to zero
          GROUP TmunuBaseX_AddToTmunu: Add to T_munu here
      GROUP Subcycling_RMBndryGroup: Check if the ghost points are at refinement boundary
        Subcycling::Subcycling_SetLevelNeighbor: Set isrmbndry
        Subcycling::Subcycling_SetIsRMBndry: Set isrmbndry
--------------------------------------------------------------------------------
INFO (hwloc): library version 2.10.0, API version 0x20800
--------------------------------------------------------------------------------
                                                            
   _______ _______  ______  _____  _______ _______ _     _  
   |       |_____| |_____/ |_____] |______    |     \___/   
   |_____  |     | |    \_ |       |______    |    _/   \_  
                                                            
AMR driver provided by CarpetX,
using AMReX 25.11 (MPI, OpenMP, no accelerators, optimized)
--------------------------------------------------------------------------------

Initializing AMReX (25.11)...
MPI initialized with 2 MPI processes
MPI initialized with thread support level 2
OMP initialized with 1 OMP threads
AMReX (25.11) initialized
INFO (CarpetX): 
Symmetries:
  lower x: periodic
  lower y: periodic
  lower z: periodic
  upper x: periodic
  upper y: periodic
  upper z: periodic
Default boundaries:
  lower x: symmetry_boundary
  lower y: symmetry_boundary
  lower z: symmetry_boundary
  upper x: symmetry_boundary
  upper y: symmetry_boundary
  upper z: symmetry_boundary
INFO (Arith): Test_smallvector
INFO (Arith): Test_spvect
INFO (CarpetX): Setting initial values for max_grid_size values for all levels
INFO (CarpetX): Setting up initial conditions...
INFO (CarpetX): Iteration: 0   time: 0   delta_time: 0.00390625
INFO (CarpetX): Patch 0:
INFO (CarpetX):   Grid extent:
INFO (CarpetX):     gsh=[71,15,15]
INFO (CarpetX):     blocking_factor=[8,8,8]
INFO (CarpetX):     max_grid_size=[10000000,10000000,10000000]
INFO (CarpetX):     max_tile_size=[1024000,16,32]
INFO (CarpetX):   Domain extent:
INFO (CarpetX):     xmin=[-0.5,-0.0625,-0.0625]
INFO (CarpetX):     xmax=[0.5,0.0625,0.0625]
INFO (CarpetX):     base dx=[0.015625,0.015625,0.015625]
INFO (CarpetX): Initializing level 0...
INFO (CanudaX_ExactID): Begin Gauge Wave initial data
INFO (CanudaX_ExactID): === End gauge wave initial data ===
INFO (CarpetX): Regridding...
INFO (CarpetX):   level 0: 2 boxes, 4096 cells (100%)
INFO (CarpetX): Initialized 1 levels
INFO (CarpetX): Starting evolution...
INFO (ODESolvers): Integrator is RK4
INFO (CarpetX): Simulation time: 0.00390625   Iterations per second: 29.5682   Simulation time per second: 0.115501
INFO (CarpetX): Grid cells: 4096   Grid cell updates per second: 121111
INFO (CarpetX): Performance:
INFO (CarpetX):   total evolution time:            0.0338202 sec
INFO (CarpetX):   total evolution compute time:    0.0338173 sec
INFO (CarpetX):   total evolution output time:     2.86102e-06 sec
INFO (CarpetX):   total iterations:                1
INFO (CarpetX):   total cells updated:             4096
INFO (CarpetX):   average iterations per second: 29.5682
INFO (CarpetX):   average cell updates per second: 121111
INFO (CarpetX): Simulation time: 0.0078125   Iterations per second: 31.5521   Simulation time per second: 0.123251
INFO (CarpetX): Grid cells: 4096   Grid cell updates per second: 129238
INFO (CarpetX): Performance:
INFO (CarpetX):   total evolution time:            0.0633872 sec
INFO (CarpetX):   total evolution compute time:    0.0633812 sec
INFO (CarpetX):   total evolution output time:     5.96046e-06 sec
INFO (CarpetX):   total iterations:                2
INFO (CarpetX):   total cells updated:             8192
INFO (CarpetX):   average iterations per second: 31.5521
INFO (CarpetX):   average cell updates per second: 129238
INFO (CarpetX): Simulation time: 0.0117188   Iterations per second: 32.3147   Simulation time per second: 0.126229
INFO (CarpetX): Grid cells: 4096   Grid cell updates per second: 132361
INFO (CarpetX): Performance:
INFO (CarpetX):   total evolution time:            0.0928371 sec
INFO (CarpetX):   total evolution compute time:    0.0928273 sec
INFO (CarpetX):   total evolution output time:     9.77516e-06 sec
INFO (CarpetX):   total iterations:                3
INFO (CarpetX):   total cells updated:             12288
INFO (CarpetX):   average iterations per second: 32.3147
INFO (CarpetX):   average cell updates per second: 132361
INFO (CarpetX): Simulation time: 0.015625   Iterations per second: 32.6823   Simulation time per second: 0.127665
INFO (CarpetX): Grid cells: 4096   Grid cell updates per second: 133867
INFO (CarpetX): Performance:
INFO (CarpetX):   total evolution time:            0.12239 sec
INFO (CarpetX):   total evolution compute time:    0.122377 sec
INFO (CarpetX):   total evolution output time:     1.35899e-05 sec
INFO (CarpetX):   total iterations:                4
INFO (CarpetX):   total cells updated:             16384
INFO (CarpetX):   average iterations per second: 32.6823
INFO (CarpetX):   average cell updates per second: 133867
INFO (CarpetX): Simulation time: 0.0195312   Iterations per second: 32.9435   Simulation time per second: 0.128685
INFO (CarpetX): Grid cells: 4096   Grid cell updates per second: 134936
INFO (CarpetX): Performance:
INFO (CarpetX):   total evolution time:            0.151775 sec
INFO (CarpetX):   total evolution compute time:    0.151757 sec
INFO (CarpetX):   total evolution output time:     1.7643e-05 sec
INFO (CarpetX):   total iterations:                5
INFO (CarpetX):   total cells updated:             20480
INFO (CarpetX):   average iterations per second: 32.9435
INFO (CarpetX):   average cell updates per second: 134936
INFO (CarpetX): Simulation time: 0.0234375   Iterations per second: 33.0998   Simulation time per second: 0.129296
INFO (CarpetX): Grid cells: 4096   Grid cell updates per second: 135577
INFO (CarpetX): Performance:
INFO (CarpetX):   total evolution time:            0.18127 sec
INFO (CarpetX):   total evolution compute time:    0.181249 sec
INFO (CarpetX):   total evolution output time:     2.14577e-05 sec
INFO (CarpetX):   total iterations:                6
INFO (CarpetX):   total cells updated:             24576
INFO (CarpetX):   average iterations per second: 33.0998
INFO (CarpetX):   average cell updates per second: 135577
INFO (CarpetX): Simulation time: 0.0273438   Iterations per second: 33.1615   Simulation time per second: 0.129537
INFO (CarpetX): Grid cells: 4096   Grid cell updates per second: 135829
INFO (CarpetX): Performance:
INFO (CarpetX):   total evolution time:            0.211088 sec
INFO (CarpetX):   total evolution compute time:    0.211063 sec
INFO (CarpetX):   total evolution output time:     2.55108e-05 sec
INFO (CarpetX):   total iterations:                7
INFO (CarpetX):   total cells updated:             28672
INFO (CarpetX):   average iterations per second: 33.1615
INFO (CarpetX):   average cell updates per second: 135829
INFO (CarpetX): Simulation time: 0.03125   Iterations per second: 33.1914   Simulation time per second: 0.129654
INFO (CarpetX): Grid cells: 4096   Grid cell updates per second: 135952
INFO (CarpetX): Performance:
INFO (CarpetX):   total evolution time:            0.241026 sec
INFO (CarpetX):   total evolution compute time:    0.240998 sec
INFO (CarpetX):   total evolution output time:     2.86102e-05 sec
INFO (CarpetX):   total iterations:                8
INFO (CarpetX):   total cells updated:             32768
INFO (CarpetX):   average iterations per second: 33.1914
INFO (CarpetX):   average cell updates per second: 135952
INFO (CarpetX): Simulation time: 0.0351562   Iterations per second: 33.1982   Simulation time per second: 0.12968
INFO (CarpetX): Grid cells: 4096   Grid cell updates per second: 135980
INFO (CarpetX): Performance:
INFO (CarpetX):   total evolution time:            0.271099 sec
INFO (CarpetX):   total evolution compute time:    0.271066 sec
INFO (CarpetX):   total evolution output time:     3.26633e-05 sec
INFO (CarpetX):   total iterations:                9
INFO (CarpetX):   total cells updated:             36864
INFO (CarpetX):   average iterations per second: 33.1982
INFO (CarpetX):   average cell updates per second: 135980
INFO (CarpetX): Simulation time: 0.0390625   Iterations per second: 33.2425   Simulation time per second: 0.129853
INFO (CarpetX): Grid cells: 4096   Grid cell updates per second: 136161
INFO (CarpetX): Performance:
INFO (CarpetX):   total evolution time:            0.30082 sec
INFO (CarpetX):   total evolution compute time:    0.300783 sec
INFO (CarpetX):   total evolution output time:     3.67165e-05 sec
INFO (CarpetX):   total iterations:                10
INFO (CarpetX):   total cells updated:             40960
INFO (CarpetX):   average iterations per second: 33.2425
INFO (CarpetX):   average cell updates per second: 136161
INFO (CarpetX): Simulation time: 0.0429688   Iterations per second: 33.2376   Simulation time per second: 0.129834
INFO (CarpetX): Grid cells: 4096   Grid cell updates per second: 136141
INFO (CarpetX): Performance:
INFO (CarpetX):   total evolution time:            0.330946 sec
INFO (CarpetX):   total evolution compute time:    0.330905 sec
INFO (CarpetX):   total evolution output time:     4.07696e-05 sec
INFO (CarpetX):   total iterations:                11
INFO (CarpetX):   total cells updated:             45056
INFO (CarpetX):   average iterations per second: 33.238
INFO (CarpetX):   average cell updates per second: 136143
INFO (CarpetX): Simulation time: 0.046875   Iterations per second: 33.2861   Simulation time per second: 0.130024
INFO (CarpetX): Grid cells: 4096   Grid cell updates per second: 136340
INFO (CarpetX): Performance:
INFO (CarpetX):   total evolution time:            0.360594 sec
INFO (CarpetX):   total evolution compute time:    0.360551 sec
INFO (CarpetX):   total evolution output time:     4.36306e-05 sec
INFO (CarpetX):   total iterations:                12
INFO (CarpetX):   total cells updated:             49152
INFO (CarpetX):   average iterations per second: 33.2784
INFO (CarpetX):   average cell updates per second: 136308
INFO (CarpetX): Simulation time: 0.0507812   Iterations per second: 33.2684   Simulation time per second: 0.129955
INFO (CarpetX): Grid cells: 4096   Grid cell updates per second: 136268
INFO (CarpetX): Performance:
INFO (CarpetX):   total evolution time:            0.390796 sec
INFO (CarpetX):   total evolution compute time:    0.390749 sec
INFO (CarpetX):   total evolution output time:     4.673e-05 sec
INFO (CarpetX):   total iterations:                13
INFO (CarpetX):   total cells updated:             53248
INFO (CarpetX):   average iterations per second: 33.2654
INFO (CarpetX):   average cell updates per second: 136255
INFO (CarpetX): Simulation time: 0.0546875   Iterations per second: 33.2172   Simulation time per second: 0.129755
INFO (CarpetX): Grid cells: 4096   Grid cell updates per second: 136058
INFO (CarpetX): Performance:
INFO (CarpetX):   total evolution time:            0.421318 sec
INFO (CarpetX):   total evolution compute time:    0.421269 sec
INFO (CarpetX):   total evolution output time:     4.95911e-05 sec
INFO (CarpetX):   total iterations:                14
INFO (CarpetX):   total cells updated:             57344
INFO (CarpetX):   average iterations per second: 33.229
INFO (CarpetX):   average cell updates per second: 136106
INFO (CarpetX): Simulation time: 0.0585938   Iterations per second: 33.2122   Simulation time per second: 0.129735
INFO (CarpetX): Grid cells: 4096   Grid cell updates per second: 136037
INFO (CarpetX): Performance:
INFO (CarpetX):   total evolution time:            0.451468 sec
INFO (CarpetX):   total evolution compute time:    0.451415 sec
INFO (CarpetX):   total evolution output time:     5.36442e-05 sec
INFO (CarpetX):   total iterations:                15
INFO (CarpetX):   total cells updated:             61440
INFO (CarpetX):   average iterations per second: 33.2249
INFO (CarpetX):   average cell updates per second: 136089
INFO (CarpetX): Simulation time: 0.0625   Iterations per second: 33.2048   Simulation time per second: 0.129706
INFO (CarpetX): Grid cells: 4096   Grid cell updates per second: 136007
INFO (CarpetX): Performance:
INFO (CarpetX):   total evolution time:            0.481645 sec
INFO (CarpetX):   total evolution compute time:    0.481588 sec
INFO (CarpetX):   total evolution output time:     5.76973e-05 sec
INFO (CarpetX):   total iterations:                16
INFO (CarpetX):   total cells updated:             65536
INFO (CarpetX):   average iterations per second: 33.2195
INFO (CarpetX):   average cell updates per second: 136067
INFO (CarpetX): Simulation time: 0.0664062   Iterations per second: 33.2356   Simulation time per second: 0.129826
INFO (CarpetX): Grid cells: 4096   Grid cell updates per second: 136133
INFO (CarpetX): Performance:
INFO (CarpetX):   total evolution time:            0.511482 sec
INFO (CarpetX):   total evolution compute time:    0.511421 sec
INFO (CarpetX):   total evolution output time:     6.17504e-05 sec
INFO (CarpetX):   total iterations:                17
INFO (CarpetX):   total cells updated:             69632
INFO (CarpetX):   average iterations per second: 33.2367
INFO (CarpetX):   average cell updates per second: 136138
INFO (CarpetX): Simulation time: 0.0703125   Iterations per second: 33.2638   Simulation time per second: 0.129937
INFO (CarpetX): Grid cells: 4096   Grid cell updates per second: 136248
INFO (CarpetX): Performance:
INFO (CarpetX):   total evolution time:            0.541316 sec
INFO (CarpetX):   total evolution compute time:    0.54125 sec
INFO (CarpetX):   total evolution output time:     6.58035e-05 sec
INFO (CarpetX):   total iterations:                18
INFO (CarpetX):   total cells updated:             73728
INFO (CarpetX):   average iterations per second: 33.2523
INFO (CarpetX):   average cell updates per second: 136202
INFO (CarpetX): Simulation time: 0.0742188   Iterations per second: 33.3049   Simulation time per second: 0.130097
INFO (CarpetX): Grid cells: 4096   Grid cell updates per second: 136417
INFO (CarpetX): Performance:
INFO (CarpetX):   total evolution time:            0.571007 sec
INFO (CarpetX):   total evolution compute time:    0.570938 sec
INFO (CarpetX):   total evolution output time:     6.98566e-05 sec
INFO (CarpetX):   total iterations:                19
INFO (CarpetX):   total cells updated:             77824
INFO (CarpetX):   average iterations per second: 33.2745
INFO (CarpetX):   average cell updates per second: 136292
INFO (CarpetX): Simulation time: 0.078125   Iterations per second: 33.3205   Simulation time per second: 0.130158
INFO (CarpetX): Grid cells: 4096   Grid cell updates per second: 136481
INFO (CarpetX): Performance:
INFO (CarpetX):   total evolution time:            0.600893 sec
INFO (CarpetX):   total evolution compute time:    0.600819 sec
INFO (CarpetX):   total evolution output time:     7.39098e-05 sec
INFO (CarpetX):   total iterations:                20
INFO (CarpetX):   total cells updated:             81920
INFO (CarpetX):   average iterations per second: 33.2838
INFO (CarpetX):   average cell updates per second: 136331
INFO (CarpetX): Simulation time: 0.0820312   Iterations per second: 33.3613   Simulation time per second: 0.130318
INFO (CarpetX): Grid cells: 4096   Grid cell updates per second: 136648
INFO (CarpetX): Performance:
INFO (CarpetX):   total evolution time:            0.630537 sec
INFO (CarpetX):   total evolution compute time:    0.630459 sec
INFO (CarpetX):   total evolution output time:     7.77245e-05 sec
INFO (CarpetX):   total iterations:                21
INFO (CarpetX):   total cells updated:             86016
INFO (CarpetX):   average iterations per second: 33.305
INFO (CarpetX):   average cell updates per second: 136417
INFO (CarpetX): Simulation time: 0.0859375   Iterations per second: 33.3688   Simulation time per second: 0.130347
INFO (CarpetX): Grid cells: 4096   Grid cell updates per second: 136678
INFO (CarpetX): Performance:
INFO (CarpetX):   total evolution time:            0.660444 sec
INFO (CarpetX):   total evolution compute time:    0.660364 sec
INFO (CarpetX):   total evolution output time:     8.08239e-05 sec
INFO (CarpetX):   total iterations:                22
INFO (CarpetX):   total cells updated:             90112
INFO (CarpetX):   average iterations per second: 33.3109
INFO (CarpetX):   average cell updates per second: 136441
INFO (CarpetX): Simulation time: 0.0898438   Iterations per second: 33.3972   Simulation time per second: 0.130458
INFO (CarpetX): Grid cells: 4096   Grid cell updates per second: 136795
INFO (CarpetX): Performance:
INFO (CarpetX):   total evolution time:            0.690158 sec
INFO (CarpetX):   total evolution compute time:    0.690073 sec
INFO (CarpetX):   total evolution output time:     8.4877e-05 sec
INFO (CarpetX):   total iterations:                23
INFO (CarpetX):   total cells updated:             94208
INFO (CarpetX):   average iterations per second: 33.3257
INFO (CarpetX):   average cell updates per second: 136502
INFO (CarpetX): Simulation time: 0.09375   Iterations per second: 33.4183   Simulation time per second: 0.13054
INFO (CarpetX): Grid cells: 4096   Grid cell updates per second: 136882
INFO (CarpetX): Performance:
INFO (CarpetX):   total evolution time:            0.719911 sec
INFO (CarpetX):   total evolution compute time:    0.719823 sec
INFO (CarpetX):   total evolution output time:     8.79765e-05 sec
INFO (CarpetX):   total iterations:                24
INFO (CarpetX):   total cells updated:             98304
INFO (CarpetX):   average iterations per second: 33.3375
INFO (CarpetX):   average cell updates per second: 136550
INFO (CarpetX): Simulation time: 0.0976562   Iterations per second: 33.4388   Simulation time per second: 0.13062
INFO (CarpetX): Grid cells: 4096   Grid cell updates per second: 136965
INFO (CarpetX): Performance:
INFO (CarpetX):   total evolution time:            0.749652 sec
INFO (CarpetX):   total evolution compute time:    0.749561 sec
INFO (CarpetX):   total evolution output time:     9.08375e-05 sec
INFO (CarpetX):   total iterations:                25
INFO (CarpetX):   total cells updated:             102400
INFO (CarpetX):   average iterations per second: 33.3488
INFO (CarpetX):   average cell updates per second: 136597
INFO (CarpetX): Simulation time: 0.101562   Iterations per second: 33.488   Simulation time per second: 0.130812
INFO (CarpetX): Grid cells: 4096   Grid cell updates per second: 137167
INFO (CarpetX): Performance:
INFO (CarpetX):   total evolution time:            0.779118 sec
INFO (CarpetX):   total evolution compute time:    0.779023 sec
INFO (CarpetX):   total evolution output time:     9.48906e-05 sec
INFO (CarpetX):   total iterations:                26
INFO (CarpetX):   total cells updated:             106496
INFO (CarpetX):   average iterations per second: 33.3711
INFO (CarpetX):   average cell updates per second: 136688
INFO (CarpetX): Simulation time: 0.105469   Iterations per second: 33.5185   Simulation time per second: 0.130932
INFO (CarpetX): Grid cells: 4096   Grid cell updates per second: 137292
INFO (CarpetX): Performance:
INFO (CarpetX):   total evolution time:            0.808707 sec
INFO (CarpetX):   total evolution compute time:    0.808609 sec
INFO (CarpetX):   total evolution output time:     9.799e-05 sec
INFO (CarpetX):   total iterations:                27
INFO (CarpetX):   total cells updated:             110592
INFO (CarpetX):   average iterations per second: 33.3866
INFO (CarpetX):   average cell updates per second: 136752
INFO (CarpetX): Simulation time: 0.109375   Iterations per second: 33.2029   Simulation time per second: 0.129699
INFO (CarpetX): Grid cells: 4096   Grid cell updates per second: 135999
INFO (CarpetX): Performance:
INFO (CarpetX):   total evolution time:            0.841377 sec
INFO (CarpetX):   total evolution compute time:    0.841276 sec
INFO (CarpetX):   total evolution output time:     0.000101089 sec
INFO (CarpetX):   total iterations:                28
INFO (CarpetX):   total cells updated:             114688
INFO (CarpetX):   average iterations per second: 33.2788
INFO (CarpetX):   average cell updates per second: 136310
INFO (CarpetX): Simulation time: 0.113281   Iterations per second: 33.1962   Simulation time per second: 0.129673
INFO (CarpetX): Grid cells: 4096   Grid cell updates per second: 135972
INFO (CarpetX): Performance:
INFO (CarpetX):   total evolution time:            0.871556 sec
INFO (CarpetX):   total evolution compute time:    0.871452 sec
INFO (CarpetX):   total evolution output time:     0.000104189 sec
INFO (CarpetX):   total iterations:                29
INFO (CarpetX):   total cells updated:             118784
INFO (CarpetX):   average iterations per second: 33.2738
INFO (CarpetX):   average cell updates per second: 136290
INFO (CarpetX): Simulation time: 0.117188   Iterations per second: 33.1938   Simulation time per second: 0.129663
INFO (CarpetX): Grid cells: 4096   Grid cell updates per second: 135962
INFO (CarpetX): Performance:
INFO (CarpetX):   total evolution time:            0.901702 sec
INFO (CarpetX):   total evolution compute time:    0.901594 sec
INFO (CarpetX):   total evolution output time:     0.000107288 sec
INFO (CarpetX):   total iterations:                30
INFO (CarpetX):   total cells updated:             122880
INFO (CarpetX):   average iterations per second: 33.2704
INFO (CarpetX):   average cell updates per second: 136276
INFO (CarpetX): Simulation time: 0.121094   Iterations per second: 33.1752   Simulation time per second: 0.129591
INFO (CarpetX): Grid cells: 4096   Grid cell updates per second: 135886
INFO (CarpetX): Performance:
INFO (CarpetX):   total evolution time:            0.931997 sec
INFO (CarpetX):   total evolution compute time:    0.931886 sec
INFO (CarpetX):   total evolution output time:     0.000110149 sec
INFO (CarpetX):   total iterations:                31
INFO (CarpetX):   total cells updated:             126976
INFO (CarpetX):   average iterations per second: 33.2619
INFO (CarpetX):   average cell updates per second: 136241
INFO (CarpetX): Simulation time: 0.125   Iterations per second: 33.0676   Simulation time per second: 0.12917
INFO (CarpetX): Grid cells: 4096   Grid cell updates per second: 135445
INFO (CarpetX): Performance:
INFO (CarpetX):   total evolution time:            0.96312 sec
INFO (CarpetX):   total evolution compute time:    0.963006 sec
INFO (CarpetX):   total evolution output time:     0.000113964 sec
INFO (CarpetX):   total iterations:                32
INFO (CarpetX):   total cells updated:             131072
INFO (CarpetX):   average iterations per second: 33.2253
INFO (CarpetX):   average cell updates per second: 136091
INFO (CarpetX): Simulation time: 0.128906   Iterations per second: 33.0012   Simulation time per second: 0.128911
INFO (CarpetX): Grid cells: 4096   Grid cell updates per second: 135173
INFO (CarpetX): Performance:
INFO (CarpetX):   total evolution time:            0.993969 sec
INFO (CarpetX):   total evolution compute time:    0.993853 sec
INFO (CarpetX):   total evolution output time:     0.000116825 sec
INFO (CarpetX):   total iterations:                33
INFO (CarpetX):   total cells updated:             135168
INFO (CarpetX):   average iterations per second: 33.2002
INFO (CarpetX):   average cell updates per second: 135988
INFO (CarpetX): Simulation time: 0.132812   Iterations per second: 33.0562   Simulation time per second: 0.129126
INFO (CarpetX): Grid cells: 4096   Grid cell updates per second: 135398
INFO (CarpetX): Performance:
INFO (CarpetX):   total evolution time:            1.02377 sec
INFO (CarpetX):   total evolution compute time:    1.02365 sec
INFO (CarpetX):   total evolution output time:     0.000119925 sec
INFO (CarpetX):   total iterations:                34
INFO (CarpetX):   total cells updated:             139264
INFO (CarpetX):   average iterations per second: 33.2107
INFO (CarpetX):   average cell updates per second: 136031
INFO (CarpetX): Simulation time: 0.136719   Iterations per second: 33.0178   Simulation time per second: 0.128976
INFO (CarpetX): Grid cells: 4096   Grid cell updates per second: 135241
INFO (CarpetX): Performance:
INFO (CarpetX):   total evolution time:            1.05437 sec
INFO (CarpetX):   total evolution compute time:    1.05425 sec
INFO (CarpetX):   total evolution output time:     0.000123978 sec
INFO (CarpetX):   total iterations:                35
INFO (CarpetX):   total cells updated:             143360
INFO (CarpetX):   average iterations per second: 33.1952
INFO (CarpetX):   average cell updates per second: 135967
INFO (CarpetX): Simulation time: 0.140625   Iterations per second: 33.0524   Simulation time per second: 0.129111
INFO (CarpetX): Grid cells: 4096   Grid cell updates per second: 135383
INFO (CarpetX): Performance:
INFO (CarpetX):   total evolution time:            1.08434 sec
INFO (CarpetX):   total evolution compute time:    1.08421 sec
INFO (CarpetX):   total evolution output time:     0.000127077 sec
INFO (CarpetX):   total iterations:                36
INFO (CarpetX):   total cells updated:             147456
INFO (CarpetX):   average iterations per second: 33.1999
INFO (CarpetX):   average cell updates per second: 135987
INFO (CarpetX): Simulation time: 0.144531   Iterations per second: 33.1016   Simulation time per second: 0.129303
INFO (CarpetX): Grid cells: 4096   Grid cell updates per second: 135584
INFO (CarpetX): Performance:
INFO (CarpetX):   total evolution time:            1.11415 sec
INFO (CarpetX):   total evolution compute time:    1.11401 sec
INFO (CarpetX):   total evolution output time:     0.00013113 sec
INFO (CarpetX):   total iterations:                37
INFO (CarpetX):   total cells updated:             151552
INFO (CarpetX):   average iterations per second: 33.2093
INFO (CarpetX):   average cell updates per second: 136025
INFO (CarpetX): Simulation time: 0.148438   Iterations per second: 33.087   Simulation time per second: 0.129246
INFO (CarpetX): Grid cells: 4096   Grid cell updates per second: 135525
INFO (CarpetX): Performance:
INFO (CarpetX):   total evolution time:            1.14449 sec
INFO (CarpetX):   total evolution compute time:    1.14435 sec
INFO (CarpetX):   total evolution output time:     0.00013423 sec
INFO (CarpetX):   total iterations:                38
INFO (CarpetX):   total cells updated:             155648
INFO (CarpetX):   average iterations per second: 33.2026
INFO (CarpetX):   average cell updates per second: 135998
INFO (CarpetX): Simulation time: 0.152344   Iterations per second: 33.0857   Simulation time per second: 0.129241
INFO (CarpetX): Grid cells: 4096   Grid cell updates per second: 135519
INFO (CarpetX): Performance:
INFO (CarpetX):   total evolution time:            1.17472 sec
INFO (CarpetX):   total evolution compute time:    1.17459 sec
INFO (CarpetX):   total evolution output time:     0.000137091 sec
INFO (CarpetX):   total iterations:                39
INFO (CarpetX):   total cells updated:             159744
INFO (CarpetX):   average iterations per second: 33.1993
INFO (CarpetX):   average cell updates per second: 135984
INFO (CarpetX): Simulation time: 0.15625   Iterations per second: 33.0416   Simulation time per second: 0.129069
INFO (CarpetX): Grid cells: 4096   Grid cell updates per second: 135338
INFO (CarpetX): Performance:
INFO (CarpetX):   total evolution time:            1.20535 sec
INFO (CarpetX):   total evolution compute time:    1.20521 sec
INFO (CarpetX):   total evolution output time:     0.000141144 sec
INFO (CarpetX):   total iterations:                40
INFO (CarpetX):   total cells updated:             163840
INFO (CarpetX):   average iterations per second: 33.1853
INFO (CarpetX):   average cell updates per second: 135927
INFO (CarpetX): Simulation time: 0.160156   Iterations per second: 33.0925   Simulation time per second: 0.129268
INFO (CarpetX): Grid cells: 4096   Grid cell updates per second: 135547
INFO (CarpetX): Performance:
INFO (CarpetX):   total evolution time:            1.23515 sec
INFO (CarpetX):   total evolution compute time:    1.23501 sec
INFO (CarpetX):   total evolution output time:     0.000145197 sec
INFO (CarpetX):   total iterations:                41
INFO (CarpetX):   total cells updated:             167936
INFO (CarpetX):   average iterations per second: 33.1943
INFO (CarpetX):   average cell updates per second: 135964
INFO (CarpetX): Simulation time: 0.164062   Iterations per second: 33.0848   Simulation time per second: 0.129237
INFO (CarpetX): Grid cells: 4096   Grid cell updates per second: 135515
INFO (CarpetX): Performance:
INFO (CarpetX):   total evolution time:            1.26544 sec
INFO (CarpetX):   total evolution compute time:    1.26529 sec
INFO (CarpetX):   total evolution output time:     0.000149012 sec
INFO (CarpetX):   total iterations:                42
INFO (CarpetX):   total cells updated:             172032
INFO (CarpetX):   average iterations per second: 33.19
INFO (CarpetX):   average cell updates per second: 135946
INFO (CarpetX): Simulation time: 0.167969   Iterations per second: 33.0098   Simulation time per second: 0.128944
INFO (CarpetX): Grid cells: 4096   Grid cell updates per second: 135208
INFO (CarpetX): Performance:
INFO (CarpetX):   total evolution time:            1.29635 sec
INFO (CarpetX):   total evolution compute time:    1.2962 sec
INFO (CarpetX):   total evolution output time:     0.000151873 sec
INFO (CarpetX):   total iterations:                43
INFO (CarpetX):   total cells updated:             176128
INFO (CarpetX):   average iterations per second: 33.17
INFO (CarpetX):   average cell updates per second: 135864
INFO (CarpetX): Simulation time: 0.171875   Iterations per second: 32.9823   Simulation time per second: 0.128837
INFO (CarpetX): Grid cells: 4096   Grid cell updates per second: 135096
INFO (CarpetX): Performance:
INFO (CarpetX):   total evolution time:            1.3269 sec
INFO (CarpetX):   total evolution compute time:    1.32674 sec
INFO (CarpetX):   total evolution output time:     0.000155926 sec
INFO (CarpetX):   total iterations:                44
INFO (CarpetX):   total cells updated:             180224
INFO (CarpetX):   average iterations per second: 33.16
INFO (CarpetX):   average cell updates per second: 135823
INFO (CarpetX): Simulation time: 0.175781   Iterations per second: 33.0291   Simulation time per second: 0.12902
INFO (CarpetX): Grid cells: 4096   Grid cell updates per second: 135287
INFO (CarpetX): Performance:
INFO (CarpetX):   total evolution time:            1.35679 sec
INFO (CarpetX):   total evolution compute time:    1.35663 sec
INFO (CarpetX):   total evolution output time:     0.000159025 sec
INFO (CarpetX):   total iterations:                45
INFO (CarpetX):   total cells updated:             184320
INFO (CarpetX):   average iterations per second: 33.1665
INFO (CarpetX):   average cell updates per second: 135850
INFO (CarpetX): Simulation time: 0.179688   Iterations per second: 33.0914   Simulation time per second: 0.129263
INFO (CarpetX): Grid cells: 4096   Grid cell updates per second: 135543
INFO (CarpetX): Performance:
INFO (CarpetX):   total evolution time:            1.38649 sec
INFO (CarpetX):   total evolution compute time:    1.38633 sec
INFO (CarpetX):   total evolution output time:     0.000163078 sec
INFO (CarpetX):   total iterations:                46
INFO (CarpetX):   total cells updated:             188416
INFO (CarpetX):   average iterations per second: 33.1772
INFO (CarpetX):   average cell updates per second: 135894
INFO (CarpetX): Simulation time: 0.183594   Iterations per second: 33.1283   Simulation time per second: 0.129407
INFO (CarpetX): Grid cells: 4096   Grid cell updates per second: 135693
INFO (CarpetX): Performance:
INFO (CarpetX):   total evolution time:            1.41638 sec
INFO (CarpetX):   total evolution compute time:    1.41621 sec
INFO (CarpetX):   total evolution output time:     0.000167131 sec
INFO (CarpetX):   total iterations:                47
INFO (CarpetX):   total cells updated:             192512
INFO (CarpetX):   average iterations per second: 33.1832
INFO (CarpetX):   average cell updates per second: 135919
INFO (CarpetX): Simulation time: 0.1875   Iterations per second: 33.153   Simulation time per second: 0.129504
INFO (CarpetX): Grid cells: 4096   Grid cell updates per second: 135794
INFO (CarpetX): Performance:
INFO (CarpetX):   total evolution time:            1.44634 sec
INFO (CarpetX):   total evolution compute time:    1.44617 sec
INFO (CarpetX):   total evolution output time:     0.000171185 sec
INFO (CarpetX):   total iterations:                48
INFO (CarpetX):   total cells updated:             196608
INFO (CarpetX):   average iterations per second: 33.1872
INFO (CarpetX):   average cell updates per second: 135935
INFO (CarpetX): Simulation time: 0.191406   Iterations per second: 33.1765   Simulation time per second: 0.129596
INFO (CarpetX): Grid cells: 4096   Grid cell updates per second: 135891
INFO (CarpetX): Performance:
INFO (CarpetX):   total evolution time:            1.47629 sec
INFO (CarpetX):   total evolution compute time:    1.47611 sec
INFO (CarpetX):   total evolution output time:     0.000174046 sec
INFO (CarpetX):   total iterations:                49
INFO (CarpetX):   total cells updated:             200704
INFO (CarpetX):   average iterations per second: 33.1914
INFO (CarpetX):   average cell updates per second: 135952
INFO (CarpetX): Simulation time: 0.195312   Iterations per second: 33.201   Simulation time per second: 0.129691
INFO (CarpetX): Grid cells: 4096   Grid cell updates per second: 135991
INFO (CarpetX): Performance:
INFO (CarpetX):   total evolution time:            1.50621 sec
INFO (CarpetX):   total evolution compute time:    1.50603 sec
INFO (CarpetX):   total evolution output time:     0.000176907 sec
INFO (CarpetX):   total iterations:                50
INFO (CarpetX):   total cells updated:             204800
INFO (CarpetX):   average iterations per second: 33.1959
INFO (CarpetX):   average cell updates per second: 135971
INFO (CarpetX): Simulation time: 0.199219   Iterations per second: 33.2083   Simulation time per second: 0.12972
INFO (CarpetX): Grid cells: 4096   Grid cell updates per second: 136021
INFO (CarpetX): Performance:
INFO (CarpetX):   total evolution time:            1.53626 sec
INFO (CarpetX):   total evolution compute time:    1.53608 sec
INFO (CarpetX):   total evolution output time:     0.000180721 sec
INFO (CarpetX):   total iterations:                51
INFO (CarpetX):   total cells updated:             208896
INFO (CarpetX):   average iterations per second: 33.1975
INFO (CarpetX):   average cell updates per second: 135977
INFO (CarpetX): Simulation time: 0.203125   Iterations per second: 33.1116   Simulation time per second: 0.129342
INFO (CarpetX): Grid cells: 4096   Grid cell updates per second: 135625
INFO (CarpetX): Performance:
INFO (CarpetX):   total evolution time:            1.56725 sec
INFO (CarpetX):   total evolution compute time:    1.56707 sec
INFO (CarpetX):   total evolution output time:     0.000184774 sec
INFO (CarpetX):   total iterations:                52
INFO (CarpetX):   total cells updated:             212992
INFO (CarpetX):   average iterations per second: 33.1791
INFO (CarpetX):   average cell updates per second: 135901
INFO (CarpetX): Simulation time: 0.207031   Iterations per second: 33.1852   Simulation time per second: 0.12963
INFO (CarpetX): Grid cells: 4096   Grid cell updates per second: 135926
INFO (CarpetX): Performance:
INFO (CarpetX):   total evolution time:            1.59678 sec
INFO (CarpetX):   total evolution compute time:    1.5966 sec
INFO (CarpetX):   total evolution output time:     0.000187874 sec
INFO (CarpetX):   total iterations:                53
INFO (CarpetX):   total cells updated:             217088
INFO (CarpetX):   average iterations per second: 33.1917
INFO (CarpetX):   average cell updates per second: 135953
INFO (CarpetX): Simulation time: 0.210938   Iterations per second: 33.2167   Simulation time per second: 0.129753
INFO (CarpetX): Grid cells: 4096   Grid cell updates per second: 136056
INFO (CarpetX): Performance:
INFO (CarpetX):   total evolution time:            1.62663 sec
INFO (CarpetX):   total evolution compute time:    1.62644 sec
INFO (CarpetX):   total evolution output time:     0.000190973 sec
INFO (CarpetX):   total iterations:                54
INFO (CarpetX):   total cells updated:             221184
INFO (CarpetX):   average iterations per second: 33.1974
INFO (CarpetX):   average cell updates per second: 135977
INFO (CarpetX): Simulation time: 0.214844   Iterations per second: 33.2336   Simulation time per second: 0.129819
INFO (CarpetX): Grid cells: 4096   Grid cell updates per second: 136125
INFO (CarpetX): Performance:
INFO (CarpetX):   total evolution time:            1.65658 sec
INFO (CarpetX):   total evolution compute time:    1.65639 sec
INFO (CarpetX):   total evolution output time:     0.000193834 sec
INFO (CarpetX):   total iterations:                55
INFO (CarpetX):   total cells updated:             225280
INFO (CarpetX):   average iterations per second: 33.2008
INFO (CarpetX):   average cell updates per second: 135991
INFO (CarpetX): Simulation time: 0.21875   Iterations per second: 33.2511   Simulation time per second: 0.129887
INFO (CarpetX): Grid cells: 4096   Grid cell updates per second: 136196
INFO (CarpetX): Performance:
INFO (CarpetX):   total evolution time:            1.68652 sec
INFO (CarpetX):   total evolution compute time:    1.68632 sec
INFO (CarpetX):   total evolution output time:     0.000196934 sec
INFO (CarpetX):   total iterations:                56
INFO (CarpetX):   total cells updated:             229376
INFO (CarpetX):   average iterations per second: 33.2045
INFO (CarpetX):   average cell updates per second: 136006
INFO (CarpetX): Simulation time: 0.222656   Iterations per second: 33.2865   Simulation time per second: 0.130026
INFO (CarpetX): Grid cells: 4096   Grid cell updates per second: 136342
INFO (CarpetX): Performance:
INFO (CarpetX):   total evolution time:            1.71627 sec
INFO (CarpetX):   total evolution compute time:    1.71607 sec
INFO (CarpetX):   total evolution output time:     0.000200033 sec
INFO (CarpetX):   total iterations:                57
INFO (CarpetX):   total cells updated:             233472
INFO (CarpetX):   average iterations per second: 33.2115
INFO (CarpetX):   average cell updates per second: 136034
INFO (CarpetX): Simulation time: 0.226562   Iterations per second: 33.3008   Simulation time per second: 0.130081
INFO (CarpetX): Grid cells: 4096   Grid cell updates per second: 136400
INFO (CarpetX): Performance:
INFO (CarpetX):   total evolution time:            1.74618 sec
INFO (CarpetX):   total evolution compute time:    1.74598 sec
INFO (CarpetX):   total evolution output time:     0.000202894 sec
INFO (CarpetX):   total iterations:                58
INFO (CarpetX):   total cells updated:             237568
INFO (CarpetX):   average iterations per second: 33.2153
INFO (CarpetX):   average cell updates per second: 136050
INFO (CarpetX): Simulation time: 0.230469   Iterations per second: 33.3263   Simulation time per second: 0.130181
INFO (CarpetX): Grid cells: 4096   Grid cell updates per second: 136504
INFO (CarpetX): Performance:
INFO (CarpetX):   total evolution time:            1.77598 sec
INFO (CarpetX):   total evolution compute time:    1.77578 sec
INFO (CarpetX):   total evolution output time:     0.000205994 sec
INFO (CarpetX):   total iterations:                59
INFO (CarpetX):   total cells updated:             241664
INFO (CarpetX):   average iterations per second: 33.221
INFO (CarpetX):   average cell updates per second: 136073
INFO (CarpetX): Simulation time: 0.234375   Iterations per second: 33.3766   Simulation time per second: 0.130377
INFO (CarpetX): Grid cells: 4096   Grid cell updates per second: 136711
INFO (CarpetX): Performance:
INFO (CarpetX):   total evolution time:            1.80554 sec
INFO (CarpetX):   total evolution compute time:    1.80533 sec
INFO (CarpetX):   total evolution output time:     0.000209093 sec
INFO (CarpetX):   total iterations:                60
INFO (CarpetX):   total cells updated:             245760
INFO (CarpetX):   average iterations per second: 33.2311
INFO (CarpetX):   average cell updates per second: 136115
INFO (CarpetX): Simulation time: 0.238281   Iterations per second: 33.4102   Simulation time per second: 0.130509
INFO (CarpetX): Grid cells: 4096   Grid cell updates per second: 136848
INFO (CarpetX): Performance:
INFO (CarpetX):   total evolution time:            1.8352 sec
INFO (CarpetX):   total evolution compute time:    1.83499 sec
INFO (CarpetX):   total evolution output time:     0.000212193 sec
INFO (CarpetX):   total iterations:                61
INFO (CarpetX):   total cells updated:             249856
INFO (CarpetX):   average iterations per second: 33.2389
INFO (CarpetX):   average cell updates per second: 136147
INFO (CarpetX): Simulation time: 0.242188   Iterations per second: 33.4291   Simulation time per second: 0.130582
INFO (CarpetX): Grid cells: 4096   Grid cell updates per second: 136925
INFO (CarpetX): Performance:
INFO (CarpetX):   total evolution time:            1.86496 sec
INFO (CarpetX):   total evolution compute time:    1.86474 sec
INFO (CarpetX):   total evolution output time:     0.000216246 sec
INFO (CarpetX):   total iterations:                62
INFO (CarpetX):   total cells updated:             253952
INFO (CarpetX):   average iterations per second: 33.2447
INFO (CarpetX):   average cell updates per second: 136170
INFO (CarpetX): Simulation time: 0.246094   Iterations per second: 33.4413   Simulation time per second: 0.13063
INFO (CarpetX): Grid cells: 4096   Grid cell updates per second: 136975
INFO (CarpetX): Performance:
INFO (CarpetX):   total evolution time:            1.89476 sec
INFO (CarpetX):   total evolution compute time:    1.89454 sec
INFO (CarpetX):   total evolution output time:     0.000220299 sec
INFO (CarpetX):   total iterations:                63
INFO (CarpetX):   total cells updated:             258048
INFO (CarpetX):   average iterations per second: 33.2495
INFO (CarpetX):   average cell updates per second: 136190
INFO (CarpetX): Simulation time: 0.25   Iterations per second: 30.1267   Simulation time per second: 0.117682
INFO (CarpetX): Grid cells: 4096   Grid cell updates per second: 123399
INFO (CarpetX): Performance:
INFO (CarpetX):   total evolution time:            1.95757 sec
INFO (CarpetX):   total evolution compute time:    1.92693 sec
INFO (CarpetX):   total evolution output time:     0.0306342 sec
INFO (CarpetX):   total iterations:                64
INFO (CarpetX):   total cells updated:             262144
INFO (CarpetX):   average iterations per second: 32.6936
INFO (CarpetX):   average cell updates per second: 133913
INFO (CarpetX): Shutting down...
AMReX (25.11) finalized
--------------------------------------------------------------------------------
Done.

real	0m2.472s
user	0m4.077s
sys	0m0.364s
+ echo Stopping:
Stopping:
+ date
Fri Apr 17 04:55:50 PM UTC 2026
+ echo Done.
Done.
  Elapsed time: 2.5 s
